MCCCLI
MMMCMXCIX
DLXXVIII
669
MXI
2905
2895
MCMLXIII
MDCLXXXIII
MMMCXXXIII
MDCXXVIII
MMCCCLXXVI
MMMXCIX
3493
MMMDCCXCII
1776
2628
MDCCCLXXI
1379
765
MMCCCXLV
1597
372
MMIII
677
1040
2480
200
3802
MMCMIII
3916
MMMCCLXX
MMDCLV
1940
MDCCCLXIX
103
2281
MMCDLXII
450
3453
IV
2808
LVI
2264
MCCXLII
1028
1124
MMXLIX
3366
1360
3893
2881
CCCLXXXII
CMLXXV
1585
2142
164
MLXXIX
2853
MMMDCCLIV
MMMXXXIII
1884
1978
MMMCDLXXXVI
DXLVIII
383
MMMCMXLII
3540
MMMCCXCVI
3950
2707
2171
MMCMXXXIV
61
890
3302
1015
1879
3726
2654
2793
MMDCCXCVIII
3948
LX
MMMCCCLVI
MCCXXVIII
356
2171
169
2268
1864
975
DCCCXCII
2530
1319
MMMDCCCVIII
446
CCCLXI
MMDCLXXVIII
MMCCI
1205
2561
2790
DLXXVIII
MMMDCCCXIII
2191
3808
2081
MCDXXIII
2697
MLXVII
MMMDCCCXXXVIII
1111
2117
MMMCDXX
MDCLXXIV
2177
1911
MMMDCXXXV
LIII
MMMCDXIX
MMMCMXCVIII
MCCCXXI
92
2726
982
DXXXII
CDLXXIV
3308
351
MMCXCVII
CMXCIII
2773
239
MMMLVI
MCXII
MCDLXXIII
2116
MMMCMLXVI
MMCDXC
MMMDCCLXXXII
MDCXXVIII
DCCXCI
MMMCDLXX
2687
1410
3890
MMMCCXI
3769
MMMDCCXXXIII
2727
2051
2667
3691
MCDXCVIII
MMCCIII
2854
3069
MMCLXXVII
3742
CDLXIV
MMMDCCCLVIII
2962
3016
MMCMXLIV
1129
MMMCDXLIII
309
1486
CLXXVI
3352
1537
MMMCMLVI
3228
MDCCCLIV
MCIV
2211
3283
335
DCXCIV
MDCCCXVIII
3841
MDXXXII
1583
3505
296
3548
1048
1842
MDXXXIX
2062
1950
CCCLIII
3131
2714
637
MMCVII
3602
MMMCLXIII
MMCXVIII
MMDXLV
218
MDCCCLXXIX
DCI
2051
CDXXIV
1931
2819
CMLXI
185
2670
MMMDXXXVII
MDCCCLXXXVII
MCMXXXII
2025
896
3484
CDXVII
1538
MMMCMLXVII
DLXXVI
2245
MCMXII
MMCCLXVII
MMMDCCLXVIII
DCCLXXXIX
3052
2746
MMDCCLIV
CDLXXIX
CCCXCI
2396
MMDCCCXXI
MDXVII
1755
MMCDLIII
718
DCCXXXI
3353
MMMDCXIX
992
MCCCXVII
1477
MCCCIV
MMMCCXII
MMCCXXVII
837
MCMLXV
MMCMXCVI
256
CCCXXXI
CXLVII
MDXXII
MMCMXVIII
MCCCXLVII
53
1482
CDLVIII
3889
2851
76
1428
MMMCDXX
MMDLVIII
3896
MMDCCLXII
1425
3477
2191
MMDCCCXCVI
CDLXXVII
2148
384
2375
2706
MMCCCXXIII
MMCCLXXV
CCLXXXII
388
CDXCI
2833
MMMDCCXXI
MMDCLXXXVI
3175
1534
163
CDXXV
MDCCCIII
3717
3049
3737
859
2521
XXIV
406
CMLXII
627
2123
1589
3858
2429
33
782
3616
CCCXXIX
576
3152
CDLXXXVII
3488
2489
2800
1219
MMCMLXV
MDLXXV
MMCXXII
MMMCIX
DVI
3745
1387
2991
134
MMMXCIX
MMDCCXCIX
2250
1310
MCMIX
CCCV
3073
MMXLII
MMCMXLII
DXLIV
MMMCCXXXVIII
3995
1987
1777
MMDCCCIX
3278
2861
CCCLIV
1290
1724
MCCXCVI
DCXLIV
CLXXXIV
MCCCVIII
MMMCCLXXXVII
515
MMMCCLXXXI
2283
3803
1921
2170
MMMCCCLII
3747
3719
MMMLX
2191
3156
1909
3544
DCCCXXXI
MDCCCXXXI
MMDCCXV
DCCXLIII
1833
DLXXXVI
MMCDXXXVI
3358
MMCCXXXIX
MDCCCXLVI
MDCVI
3600
MMMDXLIV
CDVI
MDCCCLXVIII
3787
1843
1305
MMMCDXIX
538
MMMCMXCIII
MDLI
MCCCLXXX
3544
2336
MCMXLVII
DXV
1672
MDCIV
2614
415
2781
MMDXXV
2657
CMXCIII
MMMLXXIX
768
1114
2455
2933
403
2640
1491
DLIII
MMMDCCLXIII
1120
3825
MCDXCIII
CCCLIV
2110
MCDLII
XC
3347
3239
524
MMDCCCXV
1600
49
1222
CDLVIII
2881
1851
65
1635
MMCDLV
3316
2267
MMDLXIX
MMMDLXXV
3285
3137
CLXXVII
1299
3130
1854
MCDXCV
628
3185
MMMCCXXXVIII
MMMDCCCLVIII
188
3022
DCCXCII
MMMCCXXXVII
MCCLXXXIX
MMDLXXXIII
3282
2255
MMMCDXXVIII
CCXCIX
184
MMXLV
MDCCCV
1562
MDCCCLXXXII
1979
1701
MMDCCLXXVIII
MMCMXLI
MMMXCVI
DCXLI
367
MMXCII
MMXCVI
MDCCCL
MLXXVI
MMDCLVII
1130
DCCIV
65
MMXCVII
DXXXIV
3698
1818
3687
20
1199
MMCMLVIII
MXVII
3092
1598
777
MMCMXX
CMLXVII
DLXVII
2664
LXXX
92
DCLXXXV
2164
1357
945
MMCCXXIX
MDCCXII
MMDCLXX
686
218
MMMDCCCXLVI
181
1729
110
MDCCCXXXII
DCCCI
DCCCLXX
1786
199
1500
925
585
MCDXVIII
712
MMXII
2689
2078
1508
MMCLXXII
1538
73
MCDL
1899
1901
333
3288
CXXXIX
MCCLXI
MMDC
DCCCXLVIII
1476
2953
DCLXXVII
MCCXXXIII
MDCCXXXVI
1130
DCXXXIX
MMMCLXXVIII
729
787
2596
MDCCL
MLXXXV
3404
MDCCLXIII
CMXXX
MCCXXXVIII
2239
MCCCVIII
598
2973
MMCCLXXXIII
3135
MMDCXCVI
1590
MDCCCLXII
245
MMMDXLVI
XXXV
MMMDCCCLVI
1580
MCCIV
375
DXII
3751
CMXXIX
2601
1289
3270
2400
MCCCVIII
MMXXXV
2555
MLX
2465
MCM
2959
MMCCCXXXII
2560
MCCCXLII
1
184
MCCXXXVIII
CCLXXXII
MMMDCCXV
2382
MMMCMXLI
MLII
3045
MMMCMIV
3231
1990
MMMCCXXXVIII
MMCLXXIX
904
MMCDLXVII
CCCVII
MMMCCCLVI
3720
1228
MMCDLXVII
MMCLXIII
3132
CCCLII
1631
MMMDLXXII
3069
2394
MMXII
3455
373
1099
3517
MMMLXV
MCDXXXIX
MMMDLVII
2007
1985
1694
MLXII
866
1417
2186
MMDCCCLXXIV
3445
2452
3436
3261
3616
MMCDXCIV
1189
MCXXXIII
CCXL
3277
1149
MMMDCCLXXIX
MMMDXXXV
1015
MMMDXLI
MCCCXXIV
MMDCI
1381
MCCCXIX
2843
72
MMCDXVIII
CLVI
1217
MMDCCCLXIII
2108
3770
MMDCCXI
2264
192
CMLVI
MMMCLVII
CMLXVIII
MCMXVI
1180
CMVI
2897
CCCLXVIII
1569
2565
DCXXV
707
87
MMDCI
MMCCLXXXVIII
MMDXC
MDCXLI
MMDCCLXXIX
MDXCIV
CCLXVIII
3630
2835
3354
MCCXXXVI
3041
DXXXII
2472
396
1022
MMDCXCV
MMMCDXXIX
DCCCLXXI
MDCCXLIII
MMMCVI
MMMCCCLXXXIV
MCMLXV
MMDCCCXXI
MMMV
CDL
MCDXXXVII
421
CLXXXVI
MMMXXVII
MMMDCCXXIII
MMDCXCVIII
MMCLXXIII
1507
MDLIX
386
422
MMMD
MMMCVIII
2947
1651
MCCVI
2737
2470
MMMDCCXII
MMMDXLV
2412
1292
MMDCV
616
MMXLIV
2148
MMCCLXXII
3586
DCLXXI
1402
MMCMXCVI
MDCVII
1199
MMMDCCXXX
MMMCDXXXI
MMDCCLXXXI
2932
MDV
DXLVII
1006
MMMCCXCIV
MCCCLXXXVIII
MMDCCXIII
3066
398
MDCCXXXIX
2873
2640
2082
MCMLIII
MCCXXVIII
2361
MDCLXII
MMLXXXII
721
94
MMMCCCLIII
3154
MMDCLIV
CMXXIV
1231
2694
MMMDXLVI
946
MMMDCCLV
1159
3030
MDIX
MMCIV
DCXLVIII
MMMDLXII
532
CDIV
907
MMCLXXVIII
MXXXVII
1577
3880
219
3103
MDCCCXLII
41
112
3742
MMDXV
MCCXLV
3739
MMCCCLXXX
MMDCCXXXIX
3554
2
MCCCXLVIII
3697
1145
3917
3516
1518
1334
1021
1290
MCDXXXVII
MDLXXX
CCXXIII
MCLVIII
MMCCCXLIX
3988
DCXX
MMMCLI
230
MCLXXXV
3359
2499
MCCXXV
MMDLXXXVIII
MDCCCL
CXXIII
1925
MIV
MMMDCCCLIII
1864
980
DCCXIII
3200
717
2507
MMMCCCXLV
CLXXI
1031
2456
3088
1063
DCCCXCIII
MMMCDXC
1716
MMCDLXXXI
2285
MCMLVII
2893
2148
1269
2804
3405
811
MMMCCCLXXI
126
720
MMMDCCCXXX
MMCLXXXIV
MMMCDLXXXVI
LXVII
MMMDCCCLXVIII
978
3701
2701
DCCCXXXIII
MMDCCCXXVII
3989
DCVI
737
1596
CDXCI
2329
DCCCLXXXIV
2268
976
DCCCXXVIII
MMMDCLXI
CCXXXVII
MCLXXX
MDVIII
MMDCCXLVII
2643
3470
MMCDXLV
2819
MMDCXXVII
MMMDCCLXXV
2954
2300
1203
1219
CMLVI
1546
1299
MMMCMXV
MMLXVIII
MMMCMLX
2264
DCXL
MMMCXLIII
MCXLV
MMMCDXCV
MDXXXIV
3394
2038
MMMDLVIII
3027
3054
MMDLIII
MCCLXX
MMMDCCLXII
MMMCV
483
DCXXXIII
MMLXII
MMMCLXXVI
MMCCXLII
DCCLXVIII
405
2158
MDCCXXIX
308
DLI
45
MMMDCCXXIV
3153
MCMXLIV
DCLXVI
3633
2332
DLXV
CMXXV
MMMDCXCIII
MMCVIII
DXXVII
MCCXXVII
DCCCXVIII
3416
MMDCCXXXIV
CCLXXXIII
3301
2319
MMMDCCCLXXX
CXLII
MMCMLXXIV
1497
3360
409
3501
MMCDLX
2038
MMMCLXI
2956
1272
LXXV
348
MDCCCLXXXV
MMMCCCXII
MCCXXIV
2889
2508
DCXXXV
XXXVIII
916
MMMCMXCVIII
3497
MDCCCXXXII
37
MCCLI
MCDXIX
3170
MLX
3482
3521
MXXVII
MMMCLXXVI
MMMCCXLIII
MMMCCLV
1479
1204
1123
MMDCCLXXVII
1733
2765
MCCCXLVIII
1723
MMCMLXXII
MDCCXCIII
DCV
MMMCCCXLII
MMDLXIV
MMMDCCLXXIV
1734
DCCCXVII
DLXXVIII
296
LXXVI
817
MMC
3787
1601
3140
1603
MMCXX
1328
MDCCCXXXI
1850
MMDCXXVIII
MMDC
MDCCXLV
MCDXXXVIII
242
695
MMMCCCIII
2642
1878
MCCCLX
MMCMXXVII
66
CCXLV
MMDCCCLVII
289
1953
3465
1101
MMMXCIX
MCDLXXXIX
1868
3974
1831
MMDCXCVIII
CCLXVII
487
3195
DXXI
443
3846
MMMDCCCXXXIII
3787
LIII
CCCLXIX
1452
MMCMLXXIX
2700
3786
MMCCLXXV
MMMCMLXXXVII
MMMCMLXIV
MMDCLXXIX
MMCDLXXIX
MMMCDXCV
696
2846
MDCXLVIII
2904
MMMDCCLIX
MDXVI
MMCCXXV
2727
3957
MMMDLXXVII
LIV
XLII
MMMDCCCLXXIX
MMDCCLXXIX
3979
MMDCCXCII
3638
2396
744
3690
MMMXCIV
MMMDCCI
MMMCDLXVIII
MMLXXII
2911
MCCLXII
2264
MCMXXII
1451
CDXXIV
MDLXXIV
MMMCLXXXVIII
1018
1962
934
3656
CXXVII
2155
CDVII
1192
2952
1116
MDCXLVIII
2966
MMMCLXXXV
3314
MMMCCCVIII
1892
MDCCCXCIV
3580
MMCCLXXX
MCXLIII
142
3832
2421
2489
MMMCMLXXII
2551
DXVIII
MMMDXCI
579
MMCLXVII
1229
MDLXXIV
2683
MCDL
3063
MDCCCLXVIII
CMXC
MDCCCX
MMDVII
MMMCMLIII
1954
1222
2905
MCXCIX
3448
MMCDXXIX
MMDCLXXXIX
MMDCCCXXVIII
MMDLXXXVI
52
MLVII
3521
DCCCLXXV
MMCLXXXV
2487
MMCDXLVIII
CDXCVII
DCCLVI
CCVIII
MMMDCCCLI
MMMDCCLXXV
CCLXV
MDCXC
MMCCCLII
2693
MDCXV
2733
DCCCXXII
DCCLII
2689
MMDCCLXVI
DCXVI
3907
MDCCXCVII
558
MVIII
DCCXLVII
MMCLXXXII
MMMCDLXXXVIII
MCDXXXVII
830
1802
MMMCCXXVI
2533
MDXC
MMCCV
DCCCLV
MMMDCXCIII
MDCLXXII
2842
MMXXIX
MCCCXLVII
CLXVIII
3223
2259
2441
343
MMMDCXCVII
3735
CCXCVII
2244
MMDCLXXXIV
CCCXLIX
481
3010
1934
MMDXXXII
MMCDV
1132
2148
3172
3602
2349
MCXIII
1493
618
2827
MMMDCCCXVII
MMXL
LXXVII
669
2201
MMMDCCCXVIII
1036
198
3756
2232
MDCLXXXI
MMMCCLVII
MDCXC
1962
CCVI
1398
44
1755
MMMLVI
1732
MMCXLV
1177
MMMXXVIII
3238
1096
MMDCXCII
MMCCCLVIII
1675
770
1715
MMMDCCIII
956
MDCL
1878
3348
DCCCXVII
1281
MCLVI
CDLXXIII
MMMCCCX
2365
1428
MMDCLXVII
1777
1995
1532
MMDCCLVII
502
874
3745
MMCCCXLV
MMDCLVIII
MCXXXII
MCLVII
MCLIX
MDCCCLXVI
2323
1978
MMDXCVII
1815
MMDCXXVI
2624
CCI
1231
CCCII
CXXXVIII
MDCCCVIII
3061
MMMCCXXI
1346
3294
MMMDCCLXI
515
MCCLXXXIV
3025
1146
MMDCCCLVIII
CMLXVIII
3245
3596
MMMCCXVII
1763
CCXXVII
MMMCCXV
553
253
LXXXIII
MLIII
MMMCCCXL
1420
2455
2577
2779
613
210
CCXVII
CCXLIV
CMXXI
801
890
CCCXXIII
3210
2496
2240
905
1622
CDLXXX
1678
988
3610
MMMCXXXIII
DXV
47
MMMDCII
MMMDCXXXIV
MMMDCCCXIX
1170
MMMDCCCXXI
CCCLXXXV
CCXL
3944
821
MMMCCVII
3864
MMMCCCLXXXI
MLXXIV
2217
MMMCMLXXV
MMMDCCCXXXII
2607
MDCCLVIII
MMMDCCCXXX
3865
MMMCXLVII
MMCMLXV
MMMDCCLXXXI
1853
MMDCCVIII
789
MCMXLIX
CXCI
CCLXXIV
1627
3797
3228
MMMDCCCIII
1997
886
2045
MCCCXXXVII
1267
3319
2170
MDLXXVI
MCCXXXI
1865
1725
CMX
CCCXLVII
940
XCII
3953
3133
927
CCVI
205
1020
MMDCCCLXXXIII
DXCVI
MCCCLXXXIII
MMCCCLXVIII
CCLXII
3383
CCCXXIX
241
MCMLXXXII
1978
MMMCCX
2165
MDCCCLVIII
594
3021
2245
2034
CDLII
DCLXVIII
1916
MDCCLXXV
MMCDXLVII
1281
MMXV
2982
135
MMDCCXLIII
1224
388
361
1669
1018
874
CCCLXXIII
2391
1940
1753
XLIV
2117
3683
MCCCLXXVIII
2488
CMLXVII
MDLXIII
DCLXXXII
1255
2069
3622
2636
MMMCDIII
1154
4
1483
DCCCXCVII
DCCCXXXVII
1162
MMCCCXXVI
2774
MMMCCCLII
MMCXXV
MMCXL
MMDLXXXIII
MMCDXVI
3280
MMMCMLXXXIII
1180
MCDXCVIII
3931
MMMDCCCXVIII
1571
3182
MLXI
87
1965
3052
CMVIII
735
1762
XVIII
MMCMLXIV
2087
3068
45
1524
2378
MMCDXL
MXX
1832
MMMCDXXXVIII
1940
MMDCCCXIX
MMMCDLXXIV
817
3627
3724
DCCCXXXIX
3236
42
MMCXLV
2860
MMMDCCXXIII
3845
MMDCCLVIII
MMCMLVI
1695
CXL
MMCCII
MMCDXXXII
CDIII
CCLXXVI
838
1652
2664
968
2988
MMMCCCLXI
611
1472
3938
2525
2991
MMVI
MMMDCLVI
36
3776
3961
MCCLXXVI
MDCCXLVII
790
MDCCCXCIII
MCCXXXV
905
MX
MMMDXVII
DXCVIII
MMMDCCXIX
1646
395
MCMXXVII
MCCXLVIII
MMMDCXV
MCCCLXXI
MMDCCCXI
2351
MCDXCIX
MMMCCLXXXVI
3751
MMMCCLXXI
2691
1498
2467
2052
MMMCCCLXXXIV
DCCCXXXVI
1139
1373
MCXIV
MMMDCLIX
DCCCLVIII
3806
193
3646
CMXXXV
MMDLXXIII
CDXIII
565
MCCLXXXVIII
MCMXVI
777
2731
MMCMLXIII
1636
MMMCDXLIX
3697
MMMXLVI
3675
MMMDCCIII
394
DCCXXIX
MDCLXIII
2998
3637
842
DCCLXXVI
MMMCCCXLVII
1388
968
1954
1483
2629
DXV
MMCMLXV
MMML
3742
2386
1555
MMCLXXXVI
2268
DLXXII
408
CXLII
MMMCCLXXXIII
MMDCCLVII
II
CCCXCIV
439
MMCXLI
3735
3840
MDCCLXXXVI
CCCLXXXVI
471
MDCCCLII
3064
1428
1236
177
962
583
MMCXLVIII
1754
2522
MMDCCLX
2767
MVII
MMCCXV
2543
3331
MXXXIV
MMCLXXIII
1921
391
1232
2983
1241
MMDVIII
MCLXII
MDLXXII
2809
MMDCLV
CMVIII
MDLXII
MMMCCL
76
MMMCCCXXV
339
1133
MCCCLXXXII
3350
MMII
2501
MMDCCIV
MMXXIV
1211
2223
DXXIII
1811
357
3952
CXCI
2715
865
2052
MMDXC
MMDCXV
MMMCCCLIV
DCCLXIII
MMMDCLVII
CDXXIII
MMDCL
MMCCCLXXVII
CMLVII
DCCCXXXV
847
3578
MMMCML
MCMVIII
2595
409
1148
MMMCCCXXXIV
1606
3659
MMMCCCXXIX
3705
2852
XVIII
CLII
MMMCCXIV
2902
3092
2018
707
MMDCCCLXXXVI
MMMCCXXX
MDCXXXV
1451
883
3200
373
CDXXXIX
DCLXVIII
MMMXXVII
1387
789
3317
MCMLXVIII
MMMCCLXXXVII
MMMDCCCLXXII
903
2415
2336
2228
3990
CCC
543
2131
2320
2033
3075
MDCCCLV
883
3438
1199
MMMCMLXXVIII
3651
MMIII
2898
MMDCXXX
2322
MDCXXXVIII
MMDCCXIX
MMCMXL
MDCCCLXXXV
1444
746
3559
2662
2215
MCCLXIV
3642
2845
MMDCL
1509
MMMCCCXII
MDCCLXXX
2995
3812
CDXCVII
MMDCVII
3637
MMCCXLVII
CDXLIX
MCCL
1993
CCCXLII
831
3905
CMLXXXVIII
MMCDXXXIV
MMDCCLXXIX
3658
2838
28
MMXCVII
1551
300
1473
1892
MMMCMXCIX
3586
MMDCCCLXIV
MCCXXXIX
MMMDXII
MMMCDIII
MMDLIV
MMMDCXCIII
1443
2439
3175
CCXIII
2512
3024
CMLXVII
MCXXXI
MMDCCXXIII
2178
838
140
2129
112
2276
CMXIX
MMMCCLVI
3184
MMMCXXXIII
1258
3391
MMMCXVI
2202
MCMXIV
596
2206
3746
MMMDLXV
3671
76
MMCXCV
3312
669
MMMCCXXXV
MCXVI
2129
MMCDXXXII
918
MMMDCCXCVI
MMMCMXXXVII
798
1741
3393
686
3828
3211
CCXXI
MMDCX
3565
2102
MMDCCXV
CDLXVIII
DCXX
792
MMCXXIX
3207
2608
3045
DCXVII
1272
2055
DXCVIII
MMMDCLIII
MDCXLI
LXVI
DCCCLII
2269
3742
326
3445
MMMDCCXLVII
1380
MDCCCLXVI
MLV
CXLIX
668
2803
CDLXXXII
MCCCXXXV
2285
CMXXIV
MMDLXXXVII
2504
744
MMMDCCLXVII
MMMCCCXXX
MMMDCCCXVI
1986
2167
MMMV
3805
661
3051
DLXXXI
MXCV
MMMDCCXCI
226
MMDCCCXXVI
MMDCLXVII
2141
MMCCXIX
655
MCCXXVIII
CMLII
MDCCCXLV
2912
MMDCCLXXXVII
CXXIII
MMDCCL
CMXXXV
MMCCXIII
CMXLVI
3528
MMMCMLXII
67
1281
MDCXCVIII
MMCLXII
82
MMDCCXXII
1337
3373
2194
1051
3516
1023
DCCXXIII
924
2428
1396
DCCCLXXIV
DCCC
517
3261
2179
MCLXXVII
MMDCCXVI
MMMDCCXXXVII
MCDLXVI
XXVII
1232
901
3701
929
3855
MMDCCCLXVI
2950
MMMCCCXLVII
953
MMDV
CMXVIII
2806
616
431
MDCCCXV
MMMCDV
MDCCCLXXVIII
MMDXLI
3018
2263
MMXVIII
MCMXCV
541
846
3835
CCLX
602
MMMCCLXXIX
1374
DCCXXXIII
1161
MMMDCLXVII
MCDLV
MMCXC
DCXIV
CXXXI
3673
1190
1436
MMMDCCXXXIX
1088
296
CCVII
MMMDCCCLXI
970
2495
2688
2486
3163
2104
3894
3099
MMCLIII
987
MMMCXIII
MMCLXIV
MMCCXC
MCCCXXXIII
MDXV
MCDLXV
1365
MMMDLXII
1487
MMMCDXVII
697
183
1332
MMMDCCXIV
585
1608
3372
MMCLXIV
MCCXLVIII
MMMCLXXIX
3013
2711
2193
MMMCMVI
3792
MMCCCXIII
MDXCVI
MMCMLXXVII
DCCIX
MCCLXVI
MXLIII
CMLXXVI
MMMCCCXVII
MMCLXXXIX
MCDXXXVIII
74
3317
MMMCCXVIII
2590
128
MMCCXLII
MMMCCI
MMCDXLIX
587
MVIII
MMCDLXII
3298
945
CMXCI
MMMDLXVII
1961
2047
562
MDCXCIV
427
CCCXXXVIII
MCCCXC
MMCDXXXIV
63
1549
2071
MMCDLXV
3422
150
MCLXXXIII
3698
MMMDCXLIII
MMMDCLXXII
1787
3796
MCMLXXXIV
193
MMCMXXXVIII
CCCXXV
815
1152
1074
1467
2558
MCCXXVIII
3570
3974
MLXV
MDXVI
MMMLXXI
MCMLXX
3519
MMDXLI
3710
1871
MCCCXX
MMCCCLIX
744
1262
1072
MMMDLXXXII
2665
1647
MMXXX
MMCCXCVII
2791
2968
CCLVI
MMMLXXXI
CCCXXVI
MMCCLXIV
MMMDCCCXXXVII
1657
328
1461
3383
2180
1618
1415
MDXCVII
MMCDLXXXVIII
2989
MMCMLXI
MMMDCLXXXVII
MCCC
2261
MMD
3797
559
3370
2285
1588
MMMDCCXII
3599
1793
DLXX
576
2723
2671
380
MMDLXV
MCCLXX
MMMCCCVII
MMMCCLXXIX
2031
MCDXLVIII
2904
MMMCCLIX
2916
CMXCVI
410
3702
MMXLV
CLXXXV
2927
1723
MDCCXIX
1992
107
3020
1629
DCLXXVI
968
1837
CLXXXIX
3558
MMDCCLXXXVI
2176
MMMDCC
3184
MMMDCCCVI
2004
CXXVII
1303
269
1194
477
MCCCXXXII
418
474
3925
2235
MMDCCX
955
3945
MMXXIII
CCXCV
DLXXVII
2116
MLXXX
563
3979
MMDCLXXX
MCCLXXI
3305
MMDCXLIV
1075
3760
1058
MMCDIV
MMMDCCCLXXII
MMCDXCIV
1713
3776
2354
2897
CCCXCVI
2671
649
1604
MMCCCXLIV
544
MDCCCLXXVII
MMMDCXLIX
915
532
34
1976
803
3981
3034
1750
293
3103
2598
684
MMMCDXXII
3697
CLXX
MMCDLXXVI
DCCCLXXIV
1423
2782
MDCCX
1588
698
MDCLXXIX
868
554
438
3664
MDCI
1058
3700
66
2789
2130
3134
3507
1959
MMMDCCXLVI
MMMCLIII
1496
904
DXX
MMCCXCII
CDXCIII
3920
MMMDCCCXCVII
666
MMDCCLXXXIX
1328
MCMLVI
MMMCDLVIII
MMMDCLX
MMMDCXLIX
2784
3648
2763
MDCCIII
MMMCCLIII
69
994
635
MDV
359
MMDCCXLV
941
MMCCCXXIV
2434
3750
208
DCXLIV
3217
409
MDCXC
MMDCXLIV
MMMCCXXIV
DCCXXVIII
MMLXXIII
2868
MMDCXX
CCL
CCXC
2030
MMMDCCCLXXIX
MCCCII
3969
153
MDCCXCII
CLXXXII
MCDLXXXVII
MMMDCVI
DCXI
2547
MDCCCXIX
2377
MMCDLXXIV
DCCCXLV
1742
MCMLXXIX
MMDCLXXXII
MMDLXXII
MMDCXCIII
MCCCVII
139
MDCLXXXVIII
3270
MMMCMIX
MMMDLXXXVIII
1182
816
MMMDLXX
CCCXXIV
MMMCIV
MMXL
414
DCXC
461
MXLIX
1099
318
MMCCXXXIV
513
690
MMCCCLXVI
1043
MDLXVI
1252
MXCII
MCCCXXX
3233
MMMCDLXXI
3159
250
3591
2291
MCDLXXXVI
2348
2588
1324
577
MMCMXCII
MCXXXIV
1720
MDCCCLXXI
2716
1558
1332
MMCDLX
1329
MMMXLIX
CCLXXXIV
2960
MCCLXIV
MMCDLII
3366
MMDCCXXXV
DLXIV
3014
376
3046
MMMDCCXLVI
CDLXXXIII
227
MMDXCV
MMDLXXXII
509
3711
3056
MMDCCXC
MMMCDXL
1011
DCCLXXVI
1510
MCMLXXI
1348
3826
MDCXC
MDCCLXVIII
MMDCXCVII
MMDCCCLXI
577
MMMCCXXXVI
688
MMMDCCXXIX
MCXXXV
MMCDLIX
MMMDCCLXXXIX
MLXI
MDCCIII
CMLXIX
1452
1806
1363
CCXIV
2123
888
CDLXXII
DVIII
3958
MMDCCCLXII
746
1382
3680
2778
3632
MMMLXXXIV
2443
2020
MMCDLXXVII
MDXXVI
1750
2016
MMCI
1109
MMDCCCLXXVII
MMMCXXI
MMMCMLXXIII
572
MCCCLXVI
1765
2775
1647
326
3071
1489
MMXLVIII
2002
952
3324
2707
1432
MCCCXLVI
MMCDLXXIX
DXLIX
31
MCCCXLIV
2333
3629
346
MMCXLII
MMMDLXIX
3962
MMDXXI
MMMCCXLIV
3422
MMMXXV
1429
MMCMXXXIII
CMLVII
6
MMDCCCLIII
DCCXXVIII
MMMCMXVIII
2830
MMMDLXXIII
CCCXLV
2326
1035
MMMCXC
2415
MCM
MDLXXVIII
MMMCCCXXII
472
2941
3693
489
XXV
1185
2675
MMMCMXV
2409
MMLII
3122
488
DCXX
1116
702
CCLIX
3828
MMMDCCLXXXIII
3355
MMMCMXVII
1357
2787
3334
3319
MMMXIX
699
1969
1015
2306
3367
LXXXIII
754
246
512
MDCCLXXXIV
MMMCCII
3951
MMMDCCCLXXVIII
MMCDXLIX
3576
MDCCCXCV
CCLXXXIX
MCDXCIII
MDLXIV
293
DCCXLIV
XX
DCCCII
2924
MMDCLVI
1336
MMDCLXXXIX
1708
281
3280
103
88
1434
1861
MMMCCLXXI
DXXX
1381
LXIII
271
MCLXI
798
MCCXCVI
MCCC
2646
DCCCIII
MDCXXVI
430
868
103
1263
MDLVIII
MDCCCLXVI
500
MMMDCCCLXXXVII
MDCXLIX
1112
884
DCLIII
CCCLXVII
MMDCCVII
162
MLXXXIX
MMMC
1180
1640
MCXL
2574
3189
3610
MDCCCXC
2059
397
1568
MMCCCLIV
727
MCMLXIV
MDCCXXV
285
DCCCXCIV
MDCCXCIV
2724
CCLXXVIII
183
MMDCCCXII
CXLII
3584
MMDCCCXCV
MMMDCXXIV
MCMLXIII
2275
2258
CDLXXVII
2089
679
MMMCXXXI
MMMCCCLVIII
MMMCDLVII
MDCCXIX
2400
2886
MMCCCI
2612
MMCXLVII
3505
MMCDXXV
1671
249
3292
MMMDCLXXVII
1358
MMDXXXVI
2924
408
3237
MCCIII
MDCXXII
MMMCMXXVII
1030
MMDCCCLXVI
1632
1377
MMMCCLXXVII
MMMDCCLXX
2699
MLXXV
2107
1374
MDCCCXLII
MCDLXXV
2528
1539
1152
MCMXXXV
2307
CCLXIV
MMCMLXXX
MCCXXII
3573
CXLVI
MMMCMXXXV
MMCCCXV
3313
MMMCCCXXIII
MMCIV
DXXXVIII
3071
2140
2520
MMDCLXI
1266
MMDCCXCIII
MMCDXCIX
2715
569
2638
784
MDLIII
1059
385
534
MCXIII
CCXXXVI
MMMDXXI
MMCMLXIII
MDCXCVI
MMDCLVI
CMLXXII
MDCCCXII
1419
DXCI
CMLXXIV
MDCCXCIII
MMCCCXXIII
1262
MMCXXIII
827
MMCCCLXXXIII
2239
CXXXVIII
MDCLIV
CMXLVIII
3979
MMMDCV
710
1183
MMMCDXXV
MCLXXXI
CC
MMCDXCI
MDCCLXX
3284
CMLXXXII
MCMLXXV
DCCXXXVIII
517
MCLXIV
MCDXLVII
3425
MMXXX
436
MMCMXLVI
1653
717
MMDCLXXVI
3626
2436
2860
MMLII
2786
315
2163
MMCXCVII
MCCCXCVIII
MMMDCCXXXIV
MCMLIII
MDCCXXXV
MMMCXXV
MMDCC
3825
MMMDCCCXXXI
MMDXV
2176
MCXXXI
3759
1779
MXXI
632
3704
DCCII
2257
1258
3998
1919
MMDCCCXI
3
DCCCXXIII
8
604
591
157
319
1798
MMDCLXV
MCCXXIX
1423
CDXXXIV
3317
MMDCCXXIX
MDCIX
2246
3694
2467
401
1284
204
2141
3238
1130
1848
72
MMMDCCCXXXIV
1426
MMDCCCXXXIX
DCCCLXXVIII
1792
1068
CCXLIII
MDCIII
MMMXLII
MMMDCCLXXV
MMDCCXLIII
MMMCDXLVII
MMMCMXLI
3860
CCLXII
1172
67
2267
MMDCIV
CMLXXXV
2261
3548
CDI
21
MDXLVII
1912
2573
MCMVI
MMCLXXXVII
2048
768
MMMCDXCII
MCCCLXXVII
3141
MDCCLXXII
2993
MMMCDXXIV
MMCCXLIII
3332
1978
1616
1073
MMMCDXLIII
2197
MMCXL
DCCCXLV
2915
501
219
2127
2869
CMXLVIII
CCCXLVI
3370
1005
3845
3570
2330
MMMCMXL
DCCLX
35
MMCXXXIX
CCCXXXI
1971
2241
1949
MCCLIII
229
1287
167
3688
MMMCCCXXVIII
MMCCCLXXIV
2138
2966
MMXLI
1958
MCMLXXXIV
2730
1869
2990
2792
1986
LII
DCCV
1518
2670
651
2764
406
MMCMXXXIV
DLXXVIII
815
2752
MCDLXXXVI
MMCLXII
MMDXLI
503
DCCCLXIII
MMMCCCXXIV
MMXXI
2113
MCDLXV
MCDIV
MCLII
MMDLXXIX
3901
1971
DLXXII
CCXVI
3438
DCXLV
942
3285
3175
MMDLXV
DCCCLXVI
2205
754
MCMI
CCCXLI
501
MMMCCXXXIII
MMCXC
797
640
MMMCDXXXVI
CMI
146
MCVI
MMMDCCLXX
MLXVII
MMCCLXI
57
3474
MMDCCCXXII
MMMCCXCIX
2367
CDXVII
MDCCCXLIII
1468
5
MDCLXI
MMCDLV
186
MMMCCXXII
1004
MCCCLXIX
MMDLXXII
2285
DXXII
3036
CDXLIII
MMMDCXXI
MMMDCCCXL
3915
265
2481
1421
725
MCDXXI
MDCLXXXII
MMMDCC
MMMDXCIV
1964
3004
DLII
1903
MDLXXXVIII
DCLXX
MMMDCCLXXVIII
MCCVII
3641
MMCXI
1394
2285
MMDCI
105
2239
3677
2772
MDCCCXXI
3744
138
1495
MMMCXCIV
DCCCLXXIV
MMMDCX
890
MMMDCCXCVI
519
1875
DCCCXXVII
MMDCLXIII
MMCMXXXI
MMMCCXCI
MMMCXC
1518
CCCXLVII
CCIII
MMCLI
MMMDCLV
MMMDCXI
MMMCCCXXIX
MDCCCXCVII
2232
MCLXXVIII
3007
3383
MMMCDXLVII
MDXII
2862
3940
3395
MMDCCCLXXXII
706
MMDXXXV
3126
MMMCXIX
DCCXXXVIII
959
218
MMCDL
2032
MMDCCLXXI
MMDXLV
228
MCXXV
2293
CCCXXXIII
CLXXII
MMCCXXXVIII
CCCLXVI
MDCCXCVI
2403
1503
2954
1513
811
480
3908
MDXVIII
MCXVIII
MMDCCLXII
MMMDCCXCVI
309
2513
MCLIII
734
706
859
419
MMMCDXC
MCMLXXXIV
MMMCD
DCCVIII
2812
MMMDCCCXXXII
MCCXLIV
MCMXCII
288
1329
MMCMXXXVII
2209
2503
723
1674
1817
MMXLIII
MMDCCCXXXII
MMMDCIII
3313
MMCCCXLV
3647
MMMCDLXI
2798
MMMCMXX
2461
2083
MLXXI
1096
DCCCLXVII
3774
567
1253
DXVI
877
184
2909
1927
744
MMDCCCXXIX
MMDCCLXXXV
2211
1102
1815
MMCI
3451
304
CCCXLVII
1812
2034
2379
MMMDCCCXXVIII
DCIX
MMXCII
1239
MCCLXXIX
MMMDXXXIII
1953
MMDXXVIII
MMDXI
3503
236
CCCXCIX
MMDCLXXXV
CMXXIV
1703
3343
MMMXXXIX
3776
681
3180
MMCDXCI
MMMCMLXXVII
MDCCXVI
MMCMXXXII
MMMDCLVI
2084
2219
MMCDLXXXIV
2641
MMDCCCLIV
DLXXII
DCCCXXXIX
MMMDXLVI
CXV
1682
3001
3872
DCCLXV
MDXIV
MMCMLXXII
1898
792
3442
MMMCXVIII
MDCCCXXI
2799
42
MCMLII
360
MMDCCXXIII
2098
MMCCCXLIX
1759
MMMXIII
CCCLXVIII
1462
1531
3489
2932
3919
356
MCMLXXV
MDCCLXXXII
2522
1668
1730
CMXV
1615
CMLVI
3131
MMMCCL
1169
DCCXCV
MMCI
CCCLXXIX
MMDCCXCVI
2358
1847
MMMDCXCVI
1666
MMMDCCXVII
MDCCXCVII
466
1807
MMDCCCXV
3521
MMDCCXXII
1143
DCCLXI
MMMDXVII
MMDCXLI
MMMDCXCVIII
MCCLXXV
MCL
3881
985
MMMCDVIII
2856
3120
2251
MCCLVII
MCCCII
3007
2788
1121
989
MMMCDLXXIV
CMLV
144
553
DXII
2711
MMDCCXLII
1826
MMMCDXXIV
CMXIX
407
2842
351
MDCLXXVI
MDXXXVII
MDCCCLX
MMDCLXXXII
1350
MDCCLXXXV
1761
CLIX
MMMDCCLXXVII
MMMCLI
CMLXX
MMCDLXIII
1786
3105
MCXXXI
MMDCCV
MXXXVIII
MMMDCLXVI
MMMCDLXXVII
MMDCCLXXII
MLXXIII
3030
2553
DCCCLXII
1524
MMMCCXXI
MMDCCLXXIX
2967
MMMCDXC
1312
MCCXXVI
CDXLVII
2084
MMMCDXXXIII
3103
523
3643
MMMDCCCLXV
MDCCCXLIII
MCLX
MCDLXXVII
DCLXXI
3135
3959
2530
3994
2020
MCMXCVII
MMDCLXXXIII
MMCML
MMCMXCI
CDXXXIII
982
MMMDX
MCLXXIV
MMMDXCIV
2092
MMMCMXVIII
MXXVII
MDCCXXXVI
122
MMDCLXXV
MMDCCLVII
1271
MMDCLX
MDCXCIX
DCCCLXXXII
DII
MXCVIII
IX
MMMDCXLV
MMDCCXXXVII
MMMXVIII
MMCVIII
MCLXVI
MMMCMXXV
MMXXVIII
DCCCLVI
MDCXXVI
2884
2247
DCXXVII
1913
1812
1998
731
MMXXXIV
3926
1329
MMCMXXXIV
MCCCLXIII
3409
MMDCCCLXV
3124
MMDCCCLXXXIX
1491
237
MMCLXXXVII
MMDIX
MMDIX
DCCCXVIII
MMCXL
3028
MCXXI
DCLVI
MCCCLXXV
MMXC
2595
2471
352
3026
CMVI
1079
3753
2768
2487
MMMCCVII
MMMCDX
2792
MMMLXXV
DCCXL
1131
CMLXII
252
CCCLXXI
MMCDXCIII
832
76
MMMDCXLVIII
MMDCCXXXVIII
2818
MCCXXVIII
MMDCCCI
1157
XXXV
CXXXIII
CDLXXXIII
MMCCCLIV
CDXXXVI
CCVII
DLXXXVI
1351
MMMDCCXXXV
MMDLII
MCXIII
MCCX
3598
MMMCMXXIII
MMDCCXVIII
2939
MLXXVI
3566
1876
MMDCXVI
2129
1408
1862
101
MMDCLXXXVII
1268
1144
MMMCMXVII
1121
MLXXXIII
MMMDCCCLIX
MMCDXCIII
MMMXCVII
2908
MMCDLXX
MMMDCLXXX
2166
3558
MCCCXVI
DCCCXXIX
3440
1343
MCI
2238
MLVI
796
MMMDCCCLXIII
3422
3547
2603
DCLXXXIII
2739
2246
3576
2240
378
MMMDLVIII
MCMLXXXV
CDXI
2583
MCMLXXXVII
CXLVIII
MMCCCXXVIII
2029
CMXCIV
886
1656
860
1335
MCLXXVII
542
MMMCVIII
3307
3631
2392
MMII
526
492
MMMDCCCXLII
3592
1222
MCCXXXIV
3405
219
1738
MMMCMXXIV
MMMCXXIII
CCXXXVI
MCDXLIV
MMMCCCXLII
909
MCCXIII
DCCCXXI
CDXXXV
3865
CXIX
MDCCLX
MMMCCXXXII
MMMCD
2393
LXXX
3610
MMDCCLXXVIII
MMMCDXC
2460
MMMCMLXXXIX
3204
MMMDVIII
1531
MMDCCCVII
3741
MMCMLVII
1565
2445
3056
3807
MDCCLXIII
MMMCMXXI
2591
CCXIV
314
679
115
MMCMLXXXVIII
1674
CCCLXXVII
370
CXXXIV
MDCCCXXXVIII
218
2711
2705
MCDLXX
2651
3676
435
MMMCCCXXXVIII
MCCCXLIV
MMCCCV
LXXXV
MMDCCLXXXVI
MMCCXXVII
MCCCLXXII
289
2625
MMMLXIX
MMLXIV
MXXI
3389
1982
MXLIV
MDCXXVIII
947
MDCCCVI
785
MMLXXXVIII
3351
2835
3346
3005
2769
MMCDVI
3190
III
3852
MCDIV
MMCCCLXIX
MMCMLII
DCCXXX
MDCCCLXXVIII
3382
MMMDCV
2963
MMMCMXXXIX
2291
3604
2374
MMMCCCX
MCCCXXXIII
246
MCCCLXXII
MMMDCCLXXIV
DLXXI
1036
MMDCX
MCMXIV
D
MMDXL
MMMV
1258
3898
MMCDXXVII
MMDXVII
1645
MMMDCCCXXXVIII
CMLXX
MDXCIX
1565
2744
1440
MCLXXVI
MCMLV
3577
3728
241
2412
MCIX
1381
MCDXXXIII
2517
MDCCCLXXXII
MMCCCXCVI
3451
DCCCXLII
MMMVI
MMMDCCVI
MMMCCCXXVI
1162
963
MCCLXXXIV
1699
3457
470
2997
1598
MMDCIV
MMMDXVII
MMMCCXXX
MMMCL
766
MCMII
LXXII
MMMCCCLX
MMMDLXXI
1918
MDCCXII
3042
CDXII
845
DCXCIX
2548
1381
CLXXXVII
MMDCXIII
MMCLXXXVI
3462
3165
MMMCDXI
MCCLXXVI
3748
MLXVI
CIII
L
3485
3166
806
MMMDCCLXXXI
2342
2913
1022
MMMDCCCIV
3688
1877
CXCI
343
MMMCDXLVIII
MCCLXXXI
1609
2662
MMDIII
MMCXCI
MMCCLVIII
1451
2610
2992
CIV
2146
MMDCXXVII
CDXII
2612
3234
MMMDCLXXXVI
MMMDIII
1320
MMMCMLXX
MMCCCLXIX
3669
468
MLV
787
MDXXXII
37
3836
3836
2181
MMMDCCLXXV
MCCCLXXXIV
MCMIV
MCMXVII
3762
MMMCMLV
343
MMMDCCCI
1051
CMXIX
2959
869
MDCLXVII
889
3400
109
DCCCLXXVI
MMMDCCCLXXXIV
CMIX
MMCCCLXIII
DCLXX
MMMDCCCXXIII
MMMCCCXCI
MMMDCXCVI
3965
2492
MMCCLXXXVII
CCXXVIII
MMXXXVI
DCCLII
MMDCCIX
677
MMMCLXXXVI
MCDXCVII
MCCCXXXIX
3029
MCXLVII
811
MMCCCXCIX
3996
DCXXXII
2028
2204
CMXCV
MCCCXCVI
1728
MMCDXII
3786
2549
2508
MMDCCCV
MMCLXXVII
2212
2407
MMMDCCCXXXV
MDCXLI
MMCXXV
MMMCCLXVI
MMDXXXIII
CXLI
CMXXIII
656
1246
MDCCCLXXVII
3030
MMMCDXXV
MMDCCXL
2639
2036
MMCCLXXXI
MMMCDXCV
MMMDCCXXIII
58
MDXXIII
DCCCXXXIV
1424
3883
MDCCXXXVI
DCCCL
942
MMDCLXXV
MMCMXLI
264
3721
1370
674
DCCLXXII
MMMDLXXXVIII
DLXI
3563
MMCMLIX
2535
CMLX
1962
MMCCCLIX
MMCDXXIII
MMDVI
2035
MMCXXIX
MMCLII
MMMCCCXCV
3854
MXXVII
MMMCDLX
MMMCLXXXVIII
2995
126
CCXXXVI
2342
MMDCCV
CCLXXIV
854
MXVI
MDCCCLXXXII
3675
MDLXXVII
3266
MCXIV
MMDXLV
MDCCLXXVIII
743
MMMCMXCII
1352
1533
MMMDXCII
MMXV
2539
298
3059
MCMXI
CCCXXXV
DCCCX
3181
MMDCXVII
MDCCLXVI
1721
1123
MDCXL
DCLXVIII
CLXVI
MCDLXXI
DCCXXV
2808
3455
2787
2535
3681
3753
1264
2102
2214
MMDCCCLXXX
MMDCCCXXII
2889
1750
1504
3403
3392
1044
MMCLXII
DCCCXCVI
MCCCXXXIII
MMMCDXXIII
MCDXXXIX
3914
MMMCCXCIII
997
365
MMCMLXXX
MMCDX
2829
MCMLXXX
MMMCCXXIX
2519
MCCCLXXIV
1827
3006
MMMCCCLIV
1759
CDIII
DCCLXII
CCCXLIV
3472
MDXLVIII
686
1631
1082
MMCCCXCIX
MMXXI
CCVI
3120
684
3405
362
DCXIV
MDCCCLIX
MMDCCCLVIII
MDCCLXX
379
1987
404
MMMCCXXXIX
3960
188
1323
1931
MCVII
MMCMXXXVII
2136
1001
764
CCVI
1879
719
1285
2867
CDLIII
CMLXXX
3091
MMMXCV
DLXXXIV
MMDCLXXXIV
MCCLXXVI
236
892
MMMCMIII
3130
1268
DCCLV
MMMXCVII
2814
MMMCCLXIX
1917
962
MMMCXXIV
3926
1114
CCLXXXVI
3669
558
2856
2616
MMMDCCCLII
MMCDXX
1011
2183
MMMX
CDXIII
MCDXXII
CC
3679
46
3088
596
MMMDCXXIII
3826
1944
260
MDCCCI
2800
1040
MCMXCVIII
2648
DCCXCII
171
597
1377
XIV
3074
3436
MMCCCXLVIII
915
MMDCCXLVII
2720
MMCXV
3410
781
MXX
1662
MCDXXXII
MMCCCXCV
MCLXXXVI
2893
393
MCLXX
MMCCCLXII
MCMLXII
DCCXC
645
MMDCXLIV
MMCLVI
1192
MMMCCXXXIII
110
MMMCLXXXIX
CCXIX
2614
MXLIV
2003
2149
173
2368
DCCXXXII
MDCXXXIII
2574
DXXIV
3742
MMMDLXVI
1409
MMMCLXXI
3056
1316
MDCLXV
MMDCCLXXXV
2453
DCLXXXVII
MMCCXXX
2687
MMCDLXXXII
DLII
2224
MMDCCCLIV
849
MMMCLXXX
3477
2524
487
197
2870
DCCXVIII
368
1177
1642
1034
953
1818
1766
191
3340
3781
1141
2648
897
MMCCLXXXVIII
3801
1110
CCLXVI
VII
2781
DCVIII
3354
MMMLXII
3412
2459
MMMDCXXIX
320
1150
CCCXLVIII
MMCDLXXXIII
DLXXV
1018
MCCCXLIII
3267
3229
MMMCMLXI
1559
2222
1305
MMMDCCCXCVII
CCCLXIV
3766
DCCXIX
3527
2195
811
MMCCCLV
MMMDXXVIII
CDLXXXIV
MDCCXLV
MMCLX
1294
1595
CDLXIX
3459
MMMXLIX
MCCXCIX
MXCVII
MDCCXCII
MDCCIV
2098
1715
MMCMXXIX
MMDXLI
MMCDLXXXI
MMMDCXXXIII
MCCCXXI
MMMDCCXXVIII
XXXVII
65
MMMCCXCIII
2774
1788
1779
421
1658
1097
DLXXV
CLXXVIII
3729
2303
250
3040
MMMDCCCXCIX
1458
MMMCCCXCVI
1771
DCCXIV
2552
MMDXCIX
3921
MMMCMXLIII
MMMCCIX
MXCIV
CCCXLIII
MMDL
694
1585
1200
1669
273
2608
DCCCLXXXII
MMCXLII
CCCLXIX
1863
3144
CLVII
1852
3557
LVII
2519
MLXXXVII
CD
341
2256
3254
MMDCCCLXVIII
MCDXXXVIII
MCDLXXX
MMMCCXXIII
23
3400
MMCCCLXIX
MMMDCCLXXIII
MDCCCLI
MDCCI
MMDCLXXXIX
MCDXXII
MMDCXLVI
MMMDCCLV
2676
1241
DCCCXII
937
173
1633
2261
3861
MDCCLXIII
333
MCCCLXXVI
DCCCLXX
2061
707
MCCLXXVI
2402
MMMCCXLII
3011
CDXXX
2515
2782
DCCXXXII
1663
2525
463
CCLXV
274
MMMDCCXLI
MMMCDXCVIII
1826
2914
MDCCCXLIII
MMMCCXLII
C
MDCCLXXXII
MMML
MCMXCVIII
MMMDII
3703
765
1428
MMCMXXIV
773
1619
1073
MMCCLXXIII
DCCCXVII
MMMXCVIII
MMMDLXXVI
1527
MMLXI
DLVII
MMMCCLXXXIV
CDV
MMCMLXVI
2875
3227
LXXIX
1429
MCCCLXIX
MMMDXVI
1247
3080
CDLXIX
2061
710
MCMLXVIII
MMCMLXXVIII
971
2945
XIII
1425
MDCCCXXXI
MMMDXIII
2030
495
2726
MMMCLVIII
3300
CMXXIX
DCCCLI
2573
3823
1424
2886
2207
1466
MMCMLXXXI
CIV
MMMCXXIV
3112
MMMLXXI
2385
711
1674
3145
3780
64
806
CCXXVII
1361
156
3651
2667
MMCCXC
MCCLXXVII
MDCCXII
MMCLXXIV
MMMDXCIII
MMCMXXVI
DCLVII
3935
MCCCLXXXVI
CCXCII
MMCMXIX
1379
1321
MMDCLXIX
MMCXIII
3582
MCXXXVII
181
1390
1024
MCCXI
1463
3121
621
2636
MMCMLXI
MMCDVIII
2753
3921
MMDLXV
CLXVIII
2676
1806
2016
91
1072
MMDL
MMMDCCXVI
3727
3699
CXVII
3475
CCCLXXVII
2700
MMCLXIV
511
328
2158
MMMDXLV
MMCCLXXI
MCCXCIII
MMCCLXX
3199
1825
MMMCMXLIV
MMMCMLXXI
MDCXX
MMMCCX
3528
MMCDLXXI
MMCMXXII
MMDCCCXXXVII
MMMDCXXXIV
MDCCCI
3722
3838
3827
762
DCXIII
CCCLXXXIX
DCCLVIII
MDLVI
1979
MDLXXXV
1395
3888
3212
MMMCCCLXXXVIII
MCMV
450
MMMDCXVII
M
MMMCCCLXXVIII
3229
MMXC
2901
MMIII
15
954
MMXIII
MCXXVI
MDCCLXX
MMDCCCLXIII
835
1268
MMMCCCXCIV
MDCCXVIII
MCDLXXXVIII
MMCMXLII
MMVII
3713
2497
240
MMMDCXLVII
MCCLIX
3464
DCLXXXV
MCCLXXIV
MCMXCII
CDXXVII
MDCLXII
3580
3673
MDLXXVII
MMCDLII
MMMCXCI
1811
1072
41
MMCMXXXV
2208
MMCDLVII
MCDLXXX
CCCXCVII
MDII
3699
MMMCCXXIII
CMXLII
2097
1518
3655
817
DCCCIX
808
296
3196
MMMDCXXIV
MMMCCCXLIII
MMCMXXXVIII
3824
3228
2071
2209
MMMDCCLXXV
MMMDCXVIII
3331
MMCCCXVI
MCCXLI
326
2003
1927
MMDCCCLXII
3391
1641
3618
MCCCI
2051
3578
1418
MMCMLXVI
1219
MCCCXCV
3619
MCCCXL
3155
CMLXIX
2333
MDCCCXCIII
585
MMMCXLV
1982
MMMCCXCI
MMDL
2281
406
MDCCXXVIII
DCCXLI
MMCDXIV
MMMCMXIX
MMCMXX
1699
2438
MMCMXXVI
343
MMDCXXXVII
CCCLI
MMCDXLI
248
316
DCXLIV
DCCXXXII
1459
MDVI
MMCLIX
2618
CCCLXXV
896
DXXIV
57
1883
3727
3848
MMDCCLXVII
MMMDLXVIII
2007
3176
MDCCCLIV
MCCX
2219
944
MMMDCCLXVII
MDCCIII
348
CCCLXXVII
DCCXCVII
MCCXLV
584
MMCCCIX
3711
MCCLXXXI
MCLXV
3345
2966
MMCDXLIII
3561
MMLIV
MMDCCCXVII
3560
1885
MDCLXIV
2004
2340
MDCCII
2310
MMMCXV
3396
327
1657
MMMDLXIV
MMDXXX
1452
3107
1708
1128
MMMCLXIII
209
2851
MMDCVI
1538
MMCCXCIV
MMMCCXVIII
2193
MXCIV
2428
1834
1990
471
MMDCCXV
2894
957
1187
MCMVII
CD
MDLXVII
MMMDCCCL
DCLXXXVII
MMCDXCVIII
1783
MMMCMXVII
CDLXXXI
CDXXVII
MMMCML
MMDLV
2249
MDCCXCII
MMDCLXXV
2608
3255
CLXXX
MMMXLIV
MMMDCCXCV
MMMCCXCII
MDCCLXXIII
269
932
MDCCLXXII
DIII
MDCCCXLV
1722
748
3878
1854
MCCCXII
MDCLVI
3984
MCCXXXIX
1205
444
MCCCXLIX
DCCXLV
MMMCMXX
MMMXCIV
MMXXXIV
MMCDXLIV
DCXXVIII
1892
MMMCCCLXVII
MCDLXXIII
1453
CCXI
716
MCDLX
CXCII
2878
MMCXXI
MMMCCXLVI
2039
MDXCVI
CCCLII
2600
3785
MCMLXXXVIII
DCCLIX
MCCCXXXII
DCCXVI
1016
MMMDXCIII
2533
MMMCCLXXV
429
3628
MCXLIV
MMCCCV
498
MLXVII
3357
2607
3575
783
MMDXXV
MMMCXXV
1205
3555
3620
MDXCVII
MDXLII
DCCCXXX
1573
MMCMLXIV
MMMCCCXXVII
2831
MMDCCCLXXI
MDCLXXVIII
1434
MMCCXC
1
2828
MMLIX
3607
1998
CMXL
2053
2724
2375
CLIII
CXCI
MMDCXXX
CCIV
CMXXVIII
3597
3291
1308
2079
MMDLII
3985
MCMLIX
3115
3432
3045
MMCLVI
MMMDXXIII
3727
2607
480
MMMDLXXV
3306
2029
MMMLXXI
3171
MMXLVI
328
2460
1881
MMMDCCLXVII
3670
MMCMXLIII
1138
MDCCIV
1159
MMMDCCCXXXVIII
MMMCDXXXV
XLII
228
DXXXVIII
CDXV
MDCLXXVIII
243
MCLXXVIII
MDXIX
MDCCLIV
1077
MMMDXXIX
CCCXXXVI
MDLXXXV
MCXV
174
MDLXI
3472
3238
3873
MMDCCXLV
MMMCMXLVIII
MMCCXXXVII
612
3786
MDCCCXLII
3734
264
MMDXXXVI
MCDXLI
533
MMMDXCIV
1644
2457
2726
559
677
2464
MCCCXCII
2704
1069
MMMXIV
MMCLXXIX
991
CCIV
3550
MMMCCXXIX
1903
3828
CDLXIV
3034
3259
1411
1152
CMLXXII
MCCXXXII
2675
2842
3488
CXXII
1336
CDXLVII
MMMIII
CDLXVII
MCLXV
MMMDCCXLVI
DCLXXVI
MDCCXXXIX
1264
MMMCCII
MCMIV
1656
MMCCXCVI
2866
DCCLII
MMMCCC
MMDCCLVII
2678
2951
MMMCCCLXXIV
MMCDXXXV
836
MXLVIII
1062
DCCLII
CMLXIV
MMCDXII
2462
MCDLXXXI
3529
174
943
3736
161
3075
MMDCLV
2164
1929
MCCXCV
MMMCMXXI
MMCMXLI
MMDCXXV
1385
648
MMMDCIV
3024
3460
MMMDCXXXIX
836
2641
CVI
2265
MMMCCCLXXIX
1519
1516
642
2308
DLXIV
1861
MMMDIV
MMDCCLXXXVII
1792
MDCCCXXXVII
MMMCLVII
3169
2358
2799
MMDCLXXX
MMMII
MMMXII
514
1038
732
MMDCCCLII
1158
DL
MMMDCLVII
3110
3596
MMCMXXIII
2682
918
430
2983
MMMDCCXVII
MMMCDXVIII
200
2794
213
MDXII
3032
55
2429
CMXLVII
MMCCXCVI
CCXLIV
1696
315
131
DVI
2916
MDCCCLIII
227
DCXXXVI
1597
2011
DCXCV
622
3460
MMCDLXXII
MXVII
2838
1840
2479
420
3967
MMCCLXVII
415
MCMLXXXII
3176
MMCCCXXII
3250
2027
3442
MDCCLIII
47
MMMDCLXXV
MMDCLXXX
1467
170
3515
2819
MCXXII
3406
MDXXXIII
MMMCCC
MCLXV
CMLXVII
MDCCCXX
16
2440
2356
MMMXXIII
3189
MCMLVIII
2761
1434
MMDCXLV
1150
MXCVI
3602
955
MXCIV
MDCCCLXVIII
1220
2808
2573
MMMDCCLXXII
1102
MCDLXXXVIII
MMMCCLVIII
2725
2578
MMDCCCXXVI
MDCIII
MMCDLXXIX
522
429
MMMCCCLVI
MMMCDXCII
1331
210
MMMII
MCCCXXXII
MMDCLXI
3036
MMMCCCXXXII
2727
MMDCCCXXI
2848
2718
MDCCL
1316
3642
2303
3076
MDCLXXXIII
MMMXCVI
DCCCL
MMCMXC
MMDCLVII
MDCCXCVIII
MMMCLXV
891
DXXXIX
917
DCLXXXVIII
1036
3451
2661
3310
MCXL
2499
MMDCLXXXII
DCCLXXV
DCCCLI
3577
982
MMDXCIV
MMMDCXXXVI
MCDLXXVIII
1735
MCCLXXXVII
2294
3900
1507
1495
2577
DCCCLXI
CDXLII
845
2937
2137
MLXXVI
MCMXX
MMMCCCLXIV
MDCCLXXXII
MMDCCXXX
MCCLXIX
155
LIII
MMCCXXXVIII
1463
3811
2190
533
146
MMDCCCXVII
MDCCCXXI
CDXLVIII
MMCCLVIII
3939
MMMDCCCLXXXI
MMCLXXXIV
MCXLVII
194
2883
MMDCCXCIII
MXXXVIII
MDCLXXXIII
2063
1067
MMCXLIV
MMDXVII
MMMDCXXI
LXXX
1944
1326
263
MMDCCCLXI
3661
3977
2010
803
1949
MDXXXIII
DCLXXIX
MMMCCXLVII
MMCMXCIV
995
MDCLXXXVI
MMCCCXCIII
1896
2638
LXXXVII
30
MDLXXXIV
3387
297
3503
MMLXXXVII
658
3080
2029
MMMCLXXII
2523
MMMDCCCXCV
MMMDLXIX
2757
1846
DXCV
585
2946
CMXVI
CXCVIII
441
3313
3418
1317
1929
2083
3249
1814
1469
MMMDCCCLXXXVIII
MCCXXXI
MMMCV
657
528
2325
DXIV
3669
2559
3102
MMMDCXV
CDXLIII
212
2592
1744
DCCCXCIII
MMCCLX
MMMCMXCI
3020
MMMCMLIV
MMMCLXXXIII
MCCCLXVII
1858
999
MCCLII
CDXXXVI
2826
CMLXXX
CCCXLVI
3371
MMDCCCXXVII
MMDCXVII
MMMDCLXXXVII
3822
DXC
713
MMMCCXI
MMDCXXX
MMDCXLV
MDCCLIV
2371
MMMDCCLXXXVIII
149
1719
294
CCCLXIII
1740
CMLXXI
3965
MCCLXXXVIII
MMCDXL
MCCCLXXXI
MMDCLXXXVI
3478
MCDXXX
DCCCVIII
2282
MMCCLXVIII
3839
DLI
MMMCLXXXV
1206
DLXXIV
MXCV
960
1701
MMMCXXII
1058
MCLXXX
MMMCDLXXII
2753
MCCCLXXVII
MMCMXXXII
871
MMMDCCLIX
1097
3765
922
1127
MCDLXXIII
1779
1526
3882
707
3157
1450
2766
3231
MMDCXI
LXXIII
MMMDXVI
1948
MDCCCVII
MDCCXCII
2124
MMDXIV
CCCXCIII
1777
MMMCLXIII
772
2391
MMDCCXXIX
2659
935
1348
3902
DCCXIX
3561
CCCXXXIX
MXLVIII
MCDXXXVIII
184
85
430
MCMXXXV
MMDCLXXX
3518
MMMDCCCLIX
MMMCCCLI
756
3456
CCCX
MMMDXLV
1939
686
CCCLXXXI
CCCLXXXIX
591
1271
72
2121
2275
1933
1377
MCCLXXII
MMDCXXXII
DCLXXVIII
2894
3646
MDCXXIX
124
3116
MMDCXIII
DCXXXVII
1787
3903
1642
CDLXXV
MLXXIII
2474
1397
MMMDCCXXXVII
MMMCLXXX
MDCCVIII
275
MDCCLX
DXXIX
MMMDCCLXXX
717
DCCXV
MMMDCCXIV
CDII
1198
3824
MMMCCCIV
MCXII
1992
2533
CXLI
896
1335
DCCXXV
2525
MDCCCXVI
MMMCCCVIII
3647
MMMCCXCVII
CCLXXVIII
1611
CCCLIII
85
MMMCDLXXVII
CCLXXXII
MMMCCCLXVIII
194
2783
MMDXIII
367
MCMLXIII
CCXIII
3422
1353
MCLXVII
1300
CDXXXIX
MCXIV
MMXXIII
3346
MMDCCLXXXIX
XXXII
3226
1915
MDCXCV
677
158
523
2093
3168
MMMDCCLXXIII
MDXXIII
1685
MCDXC
MMMLXXXV
2224
MMCCCLXIII
1842
MMDCLXXXVII
1401
2860
MMMCMXLV
MMMCDXXVIII
MMMCLXXII
1693
1436
121
DCLXXXIV
CDXCIX
2149
DCIX
578
1000
MMMCCCV
MXLIX
482
MMCMLXXX
MMMCXLI
MMMDCCX
DVIII
MMMCCLVI
774
2274
2773
MMLXXIX
MMCDX
MMMDCCCLXII
MMDCXXXIII
833
2941
1489
MMMCCXXII
MMMLXIII
1891
MMCXLIV
569
MMDLXXV
MMDXCVII
MDCCCL
2214
DCCCXVII
3364
MCCCI
3645
2847
DCXLVI
542
96
3077
MCCCLXXXVII
MMXV
1299
MMMDLXIX
MMMCCXCIV
MMMXXVI
MMDCCCLVI
2225
3958
MDXXXII
MMDII
MMMCCXVI
MMCVIII
MDCXLII
MDLV
3017
MDLVIII
1838
78
MMMXXIII
3178
MMCC
CXLIV
CXLIV
1179
MMDXXXVII
MMCMXII
MCMLXXI
2428
3373
MMMCCCLVII
7
3417
3855
MMDCXXXII
3365
3336
MMMCCCLXXV
CMLIV
MCDLIV
2987
MMML
1309
MMMCCCLXVI
MCLXVIII
MCCLXXVIII
MMDCCLXXXVI
CCLVIII
3242
MMMCDLXV
MDCCCLXX
MMMCMXIX
MMCMLXXIX
MDCCCXCVI
2796
MMDLXXXVIII
2015
375
1040
MCXCVIII
2323
MMMDCLX
CMX
CCLXXII
MMCDXXVIII
1715
3145
MMDCCCLXXXII
406
1465
2046
1259
MMCDXXXVI
MMMDCCXCVII
3219
1335
MMDCCXCVIII
MMCCCLIII
2831
3804
MDCXXXIII
MMMCDLXXV
DCLXV
2328
457
MMMDCCCLXIV
MCCCXLI
MMMDCCXCII
MMMCXXXVIII
CMIV
MMMDCCX
MCCXCV
659
MMMCCCXII
2448
MMMCMXXXIX
MMDCCCXL
3831
MMCCCII
CLXIV
1787
3038
MDCLXIV
2319
MCMLIII
CCLI
2655
334
MMDCCCXL
DCCXXIII
MMDXXXVIII
2278
1632
1909
74
MCCCXI
3415
3586
MMMLXVI
DCCLIV
MMCXLIII
CCCLI
MDCCXLIX
502
1713
MCCCLVI
MMMCDXIII
DCLXXIV
1887
3742
MMLXXXII
MMMDXXII
19
3843
1564
1486
473
DCCLXX
3975
MCCCXLIII
2967
471
MMMDCCCVII
826
3667
MDCCLX
CMXLII
2284
MMDXVII
1222
1095
MMXVII
1359
3476
3122
1374
647
MCDX
MMMCLXIV
MMDCCCLXXXIX
MMDCCCLIII
MMMCXV
DCCXIV
3393
2398
CMVIII
MMMDCCVIII
MMCCI
2583
1386
MMMCDXVI
MMDXXXI
3442
321
MMMDXLVI
MLXXXIX
237
DIV
MCMLXXVIII
593
3416
3143
3236
1527
561
109
MMDCCXXXI
MMLXXVII
2919
2689
MMMDCCX
2620
932
MCCXXVII
DCCIX
1321
1649
1683
MMDCCLXVIII
MDXXXVIII
MMMCLXIII
MCCCLXVIII
MXXVI
MMMDCXLIV
2597
MMDCCLXII
407
678
MCMXLIV
MMMCMXIX
MMDCXCVII
1926
2220
3241
MMCI
MMCCXI
502
3565
3110
3848
985
MMDLXXXII
897
2686
MMDCCCLXXXIII
DXLIX
MCCLXXXVII
3645
MDCCXCIV
2051
MCCCXXVI
CCLXXV
MDCLXXVII
954
L
MMCDLXVIII
1531
MMCLXXXIII
2370
3610
2429
MCCII
1591
MMDCXII
MMMCXCIII
MMMCCCXLV
MDCCXCVI
365
2069
3362
MMCCIV
3514
648
MDXCVI
MDCCLXXXII
MMMX
CCCXCVI
2931
2086
MMCMXXI
2144
MMDCCCXX
2703
MCCCIX
3358
MMMCCCLII
2037
765
CCCXXXVI
MMCCLXXVIII
2821
782
2635
1004
2069
MMCXCIII
MMMCCCLIII
3317
3691
MMMCI
MMMCLXXVIII
MMMCCCLXXXVIII
3565
2811
3955
MMMCCCLXXVIII
3186
MMCMXXXVIII
MMMDCCCXXVI
MMDCCCLXII
MMMCCCXI
MCLXXV
LXXIV
MCCLXXXIV
MDCCLVII
798
MMDCXCIV
MMCIX
1019
MMCDXLI
854
MMDXVI
2272
MMMCLXXXVIII
3358
MMMCXXXIV
2071
MMMCDXIX
MMDCCXLV
712
3462
1768
2231
MMV
1861
MMCXXXVII
469
MDCCCLV
60
MMDCXXV
490
758
MMMDCCLXIII
3433
2208
75
3446
539
692
CXCIX
DCCLXIV
3615
MMCCCXIV
2837
1545
MMMDCCLXXIV
2247
3378
MCCX
MMCCVIII
MMLXXVI
MMCMLIX
767
MMMCMIII
MMCCCVI
MMDLVIII
709
CCCLXII
35
188
1545
1549
3916
CXLIV
MMMDCCCLVI
MDCCXI
3966
MDCLXXI
MDCCLXXXVI
MMDCCCLIII
MMMCCL
856
2429
2206
1995
1816
1695
1704
1075
2422
922
CMXCIII
2284
MMLXV
420
MCCLXVI
2768
3853
MMMDCCCLXXXIX
MMMDCLXXXII
MMMDCCCXLV
MDXIX
2506
2652
339
2930
3282
MMDXCII
1532
1271
234
MMCCCXIII
2712
DCLV
MCDLXXIX
MMMDCXLVIII
402
MMMDCCLXV
MDCCXCI
564
MCCCX
1385
MMMCXXVIII
2969
460
MMMDCCCXI
MMMCLXVII
MMMCDXX
655
2010
2174
MMCMXXXV
1210
MMMDCLVII
XXII
2707
MDCXLV
MMMCDXXXV
533
3221
961
2474
3146
38
1374
3874
2406
2086
MDCCCLVI
MDLXXVIII
MMMCXCIV
260
599
MMDCCCLVIII
181
DLXXIX
MMMDCXIII
2439
MMCCCLXXXVII
2571
1293
MMMVII
27
MMCXLI
MMCMLVI
2928
3366
3596
MMMCCXC
2349
MCDLXXXIII
MMDCXXXIV
MMCCXCIX
1545
MMDCCLXXVIII
1370
193
MMXVIII
CCLII
3803
1922
CCCV
2841
825
MMDCCXIX
130
372
3428
MMCCLXXXV
2323
2721
1001
3223
MMMCXCII
2256
MMMCLXI
402
499
LXXXV
2919
2805
MMDXXXIX
MMDCCCXLIV
1880
MMX
2046
3035
1090
1491
MMMCDXXXIII
2824
MMMDCCCXII
CMVIII
MCCCV
DCCCXXX
3087
MMDCCXIII
3077
2203
MMCDXCIII
1750
192
MCCCLX
1563
CMXXXIII
MCLV
MMMDCCLXXIV
3456
MMMDCXXX
MMCCCXCII
MMMCCLI
MDCCCXXXIII
MMCCCXXXIV
1049
3556
DCLXXIX
MMMIX
MCMXXXIII
MMMCMXCIX
MCCXXVII
MDCXCIII
2801
LXX
CCXX
DCCLXX
MDCCCXL
MMDCCCXXVI
MMCCXCVI
MMMDCLXX
303
2284
3924
2971
1826
1546
3640
2908
3554
2642
DXCIII
2479
3394
2804
MCC
MMCXX
MDCLXVIII
3483
3380
CMXCII
DCXXXIV
XIV
1589
2307
MMMDCCCXCVIII
3046
3123
CCXCV
1045
MCDLXXXV
MDCCCIX
344
3008
MCMXCI
LXXV
MMDXXV
1016
1579
3672
3049
2601
3312
MMMCC
2423
MMDCCCXI
MMDCCCXIX
1336
2694
MMCMXLIV
462
MCXXII
2185
2083
1894
653
MMMCMLVIII
3333
803
1832
MMMCCCXIV
MMMDCCXXXII
MMCCCLXXIII
986
2133
3543
376
MMMDCCXL
MMCCXXXIII
MMDLXXXVII
CXLIII
DVII
MMCCCX
2370
1134
MMDXXXVI
MDLXXXIII
MMCMLXIII
1948
201
MDCCXCIII
791
MMCXLIII
1703
1678
3025
1379
2641
506
3136
MMMDCCCLXXI
CMXC
2771
369
DCCCLVIII
3038
1948
1096
3155
3630
MMCDXVI
2183
154
262
578
MDCCCXCIII
1075
2271
163
I
MMMDCCXCV
2776
DCCLXXXVIII
MMMDCCXCIII
1020
MMMCCXXXIX
426
2083
MMMXCII
3030
3712
MMMCCXIX
2372
206
2170
2622
CLXVII
CCCLXXXIV
MCLXV
3175
MMMCCCLI
1789
CMXXIX
MMDCCXXVII
MMMDCXII
MMMCXL
MMMCDLI
495
MMDCL
2289
MDCCXXXIX
DLVII
MMMCCCLXVIII
3849
DCXXXIX
MCCXCVII
3452
3775
DCCCXLIII
1216
3288
3228
3935
3954
MMDCCVII
CDLVII
3083
MDVII
MDCCXXV
MMMCCCLXVI
406
1488
MMCCXXXI
157
2708
MMMDLXXXVII
LVI
1770
1013
3546
1907
DCCCLVIII
2026
MMCDLXXI
3617
MMCCCXLII
DCCCXCIX
MDCLXI
MCDXXVIII
CCX
1445
3691
MCCCLVI
3218
3921
MMCDLXIII
2494
2630
857
MCDXIII
276
MCCCLXXIX
MMDIII
2053
MMMCLXXXVIII
3929
743
DXIII
MMMDCCLXX
MDCCCXCVII
107
3155
CXXIX
MMCCXLV
2540
1965
2672
1899
2953
MMMDXXV
3280
CCLXXVI
1120
82
CMXC
1245
1457
3007
MCCCXXXIV
623
458
MCVI
MCDLXVI
MMMCDV
2095
MMLXI
1372
916
3252
MMCCXXXVII
1390
425
2056
MLXVIII
CIX
2821
MMLXXXIII
MCMXXXVIII
MMMCCXCV
1136
3008
CCXI
3006
MMMCCCXVI
229
3
1318
DCCCXXX
949
2871
MMMCDXCIV
2387
DCCXVIII
46
3768
3126
MMCCXXVII
MDCCLIII
2119
MCLXXXV
LIII
MMMCCCXCIV
1004
1886
166
MDLXV
2001
MCCCXXI
XLIII
1875
1775
3679
1305
414
MCLX
MMCMXCVI
MMCCXVI
MCC
MMDCXLIII
MMCMLXII
DCCXXV
2055
2993
MMMXXXIV
CDXXVII
1802
3970
MMMCCXXXIX
3725
3737
3546
2518
CCXXIX
CDLV
MMMCDLXV
MMMCMXCVII
1958
3458
MMMCCXLII
2584
1004
210
2814
2804
MCCCXCVIII
MCCCXXXIV
CMXCII
3853
3395
1009
MDCLXXI
MCCIV
DCXX
CXCVIII
3968
MMMDCCLXVIII
2719
1203
CLXXXI
2379
256
3323
MDCCCLIV
MMMDCCCXLVI
MMMDCXCVI
1410
725
MMDCXLI
MCCCLIV
DCCCLIV
2954
1797
DCCCLXXXII
MMMDCCLXX
MCCCLXXXVII
199
1982
2481
MCMXXXVII
MMMCCCXXVI
XXXI
2936
2991
MDCCCXXIX
3276
147
MMMCLXXXVI
MMCMXCVII
MMMDCCCV
2526
XCI
DLXII
99
MMXLIII
2213
1772
903
3140
MMMCCLXXI
3062
3674
2137
MCDXVIII
MCX
MDCCLIX
MDLIX
677
CCXLIII
DCCCXCVIII
CCLXXV
3926
DXXXV
MMMDXXXIX
MDCCCXCIX
2807
MMDXI
1803
1407
DCCCIX
2740
DLXIII
500
DLIII
DCLXV
1735
MMMCMLXVII
79
3965
3165
MMCCXXXI
MMMCMVII
2719
MMCMLXX
MMDCCCXI
3167
DCLV
MMXLII
3813
MMCXLVII
1890
864
844
MMDCCLXXXII
MMMCCCXCIX
1045
2154
696
MMDCCXX
1604
1551
1435
MMMCXLI
MCCXV
MCDXLIV
MCXLVII
9
MMMDIV
MCMXLIX
MDCCLXXV
149
2804
1805
1102
582
2911
88
CXCIX
2387
DCCCL
1792
3407
317
MDCLI
81
2257
2890
MXI
DCCCXXVIII
MMCMXCV
408
3327
1722
788
DCXX
MMMCCCLV
CMLXIV
MCDXCVII
MMMCMLXXXI
2452
227
MDCIX
CDXXI
MMCMLII
MMCCXVII
MMMCCLIX
MMMDLXI
MCCCXLII
LXVII
2920
3979
269
1936
MCDI
2124
MMCCXCIX
MMMCMV
MMDLVIII
MMLXVIII
1174
791
MMCMXXX
MXLIV
2301
2799
2220
MMMCDXXXII
CXI
3309
CCXXVIII
2339
MDXLII
774
3618
DCCXLIII
2216
2074
394
DCCLXXXVI
1182
DCCCXC
DLXX
MCMLXXXIII
254
MMMDCCCX
2556
DCCCX
MMMCLXII
MMMCCLIV
MCCLXXXII
3140
MMCCXIV
CMLXXXIII
1759
MCCCXCIV
MMMCLXXVII
3425
3394
MMDCCCXXIII
DCXII
3303
MMDLXXIII
682
551
3576
2565
403
MCCXVII
515
MMMDCCXCV
MDCCCXXII
3940
1609
MMMCV
MMCMLXXVII
2404
3467
MMCDLXXXVI
3538
MCIV
1364
1715
MMMCDXIX
767
MMDXXX
3960
MMMDCXXVIII
2503
2253
1981
MMMCMVIII
1124
MMDCCLIII
747
CLXXXIV
MDXLV
MDCCLXXXII
MMMDLXXXII
1054
571
57
MMCCXLVI
994
3287
MMMCMX
532
MMMDCCXXXIII
LVIII
3597
CDXCV
3377
1573
MMCMLIII
MLXVI
MMMCCCLXXV
3951
2577
1604
MDCCXV
MCCCLVIII
630
847
MMDLXXII
2876
MCDXLIV
CMLXXIII
MMMDCLXXII
2569
2488
1684
1131
X
MMDCCXLI
1329
MMMCDLIV
MDCCXXXII
2464
2888
1769
MMCLII
MCXXXV
3562
1229
MMMD
MCCCII
DLXXXII
CCLVIII
MMCCLXXXII
MMMDXX
MCXXXI
MCDXXII
MCCCLXVI
3232
DLXXXVII
2345
809
3939
MCDLXXI
2486
2893
3401
MMCMLVI
MMMCCXV
3894
190
1854
682
MCDVII
MMDCCLIII
MCMXLII
MDCCIII
XXIV
1123
665
MMMCCXXIX
CCLIX
MDXXXI
417
MMCDXVIII
MMMCCLXXV
MMCDLXV
1339
303
CDXXXI
CCCXXXVII
97
CDLXV
CCCLVII
MMMDCCXCIX
CMXIII
779
2018
CDLXVIII
2622
2665
1262
1443
1768
3550
DCCCXXIII
MMDCCXC
189
2802
MMMDLVI
DCCLXXIII
3504
MDCCCXVI
CCCVII
MMMDLXXVI
MMMLXXXVIII
3435
2752
MMMDCCXVIII
MCCC
1581
MMXXXIX
1579
MMMCXVI
3260
MMDCXXV
CCCIII
3995
MCCLV
CL
MMMCDLXXXIV
MDLXIII
MMMDCCLXXI
3379
1159
485
32
MMMCMXI
1833
MMMDCLVII
1883
1427
866
651
MMMLXXXVIII
MCDLXXI
556
MMCMLXXXVII
230
MMCCXXXIII
MDCCXXII
2049
MMMDCCIX
MCCCLXXIV
1321
MCDLXVII
610
MMMDCCCXL
XCVI
2553
3970
MDCCXLI
CMXXXVII
MMCCLXXXIII
MMMCLXXVII
XXVIII
MMMCDXXXVII
2279
MMMDCCCLXIV
MMMXXXVII
2330
3039
MMMCCXLIX
3305
MMCXCVIII
1576
891
2004
MDCCLXXX
3519
123
DCLXXVII
DXXI
1170
2749
455
MMMCCLXXIX
MMCDLIX
MMCLXIII
MMCDLXVII
2982
MMCCXCII
CLXXXIV
CCLXXXIX
MMCDXXIX
3488
MDCCCXVII
MDCCCXI
CXI
790
181
DCCCLII
2006
87
3132
3566
1897
2857
MMMDCLIII
MCDLXVIII
DCCCLXXIV
CMLXXXV
2208
640
DCXIV
1625
CDLXIX
2361
MMMCCXXXVIII
166
158
MMMDCCLXXXVIII
MMLXVII
3677
371
3570
DLX
XC
MMMCDXV
14
3023
MMMDCCCXXVIII
2179
MMCMXCIV
3748
2248
CCCLXXXII
MCCLX
857
MMDCLXIV
935
MMCDLVII
586
3377
2271
1146
MMMCMXCI
3728
MMMCDLXXIV
MMCCXC
2352
MMLXXXVIII
MMMIX
DCLXVII
3176
MMMDCCCXI
DCCCXXXII
3614
MMCDXLV
MDCXCV
MDCCCVI
MLXXXIV
401
3643
3624
CCCXXVIII
MMMCCCXXII
1836
DCCCLXXXVIII
MCMLI
MMCXLVII
MMDLXX
3961
1983
DCCXVII
CCCLXXII
MMMDCCCXLVI
3352
2804
2749
CMXCV
3536
MCDLXVI
3854
629
MMDCCCLXIV
1120
1244
CMXIV
2536
2729
MCCCLVI
3896
3997
X
2466
1188
MMCCCXXXV
MVI
2067
MDCCCXXIII
848
1218
MMCDXVIII
168
3613
41
1030
1674
372
2566
1087
1219
3016
2864
MDCXLV
MMLIV
1495
1791
MDCLXVII
MMCLIV
MCMII
1707
MMMCDXXXVII
1646
3281
MMCCLXXXIX
3141
MCCCLXXIX
2516
1372
CMXXXI
72
714
3246
MCV
1046
2185
2992
MDCCCLXXVII
1243
2030
DLXXXIX
3907
3592
2089
MMMCCXC
CCCXCV
MCCCLXXVIII
MDCXXXVIII
MCCLXXIII
DCCCLXXVI
865
2732
MMDCCLXXIX
MMDCLXXV
MCMXL
2631
MMMDXVII
1431
MCCCXVI
LXXXII
MDXXX
DCCCXV
MCCCLXXII
1378
MMDXCVIII
MMMCMLXXVIII
1849
MCCVII
CMIV
MDCXCIV
1275
196
MMMDCCXXII
MDCCCXC
MMMCMXXIX
185
MMMCDLXVII
956
618
2824
2059
MMLXIX
CCVI
MDLXIV
MMDCC
MCCI
MCMLXXVIII
621
1704
CCII
MDCLVIII
1924
MMMDXXIII
866
MMCDLXI
MCDXII
DLXXXII
1461
MMMCLXXIX
1770
MDCCXXXII
MMMCCCVIII
3780
2267
1959
MDCCCLXXXIV
3522
MDCL
CMLXIV
1489
2311
3603
1763
MMMDLXII
MMMCMLXXXI
3129
MMMDCCCLV
MCCXXXVI
MMCCCII
1649
MMDCCCLXXXIII
2558
144
MCMXXXVI
XIV
MCCLI
3334
MMMCMXXXII
1769
MMCDXXXIV
CMXC
MCCCXL
MMMDCCCXXIV
DCCCXXIX
2873
MCDXIV
LXX
MMMCDI
63
MMMCLXVIII
CXXVI
2514
2994
MMCCLV
2844
MMCXIV
MMDCCCXXV
1485
2134
376
DXXXI
MCDXLVIII
1963
XV
CDLXXVII
MDCCXXXVI
2654
3681
MDCCCXVI
MDCCCXVI
MDXCVI
1045
MMMDVIII
353
MDXXIII
3426
1009
581
1300
CMXLII
3503
2969
MDCLXV
2167
2261
1008
MMCCCLIX
1305
3531
MMMCDLXXXII
MDLXXX
CXIX
265
1285
398
MMMDXXXVII
DCCCLXXXVIII
MMCCCXXXI
2997
DCCCLXX
258
DCCXLVII
MMMDCLIX
716
MCCLXXXIV
MLXXX
MMDCCCXLVI
MMDLVIII
2365
MDVI
313
2370
CXLIX
3503
2873
2549
MDCCX
MMMCXXIX
MMDCLXXXI
1674
MMMCMLVIII
MMMDCCCLIII
CXXXIX
2276
MMCMLXII
2967
2040
MCDXXVIII
MDCCCXXV
1256
1986
1842
MDXXII
MMMDLXXIX
2258
LXXVI
LXXVII
1558
MMMCCCXCIX
MMDCCCX
MMMCMLIX
MMDCCCLXV
2383
MMMDIX
MCDXI
CCCV
1937
3502
1380
1087
3333
3489
MMDCCCLXXXIII
CCLXX
MDCCXXII
MMMDCCLXVIII
865
3371
CCX
1767
1978
MMXXXVI
MMMCMXXXIV
MMMCMLIX
3878
3287
MDXIV
MMDCCCVII
3727
MMDCLXXIII
3400
346
3513
MMMDCLXVI
MMMDCXI
1843
2478
3698
2649
MMMCMLVIII
2523
MCDXVI
967
MMMXXX
2970
MCCCXCI
2113
MDCCLXXVI
MMCCXVI
MCMLIX
844
436
MMDCCXXIII
2797
MMMCDXXXIII
MCCCLII
375
MCCCXXXVIII
CXIX
2812
18
2771
2860
CMXXXVIII
1426
MCCCXC
MMCMV
3167
456
MCIX
2642
2877
141
MMMCLXI
MMMCDXLIX
MMMDXVII
2826
3049
28
1275
CMLXIV
MMDCCLXXX
DCCCXXXV
DCCCXVI
1403
MMCMLXXXIV
2830
1892
MMDCCCLXXV
1791
1929
MMCCCXXV
3895
831
MMDCCCLXXV
2120
948
3570
MDCCCXXXIV
MDCCXXIV
2040
3355
CDXCIII
1547
2195
1168
678
CCCIX
MMCCX
MMDXXVII
MMCMLIV
1112
CCCLXXVIII
MDXXVII
2559
MMDXCIV
3324
MMMCMLXVI
1401
MCCLXVIII
1308
DCCXLIX
CDXXXIV
3215
1986
MDXXXII
MMMDCCLVI
2670
MMDLXXXIX
MMCLIII
2125
MDCLXXXVI
3587
MMMCCCLXXI
CMXXXIV
282
MMMLXVIII
MMMDCCLXVIII
3855
1323
CCXLII
3981
MMMCXVIII
MCCCIX
2678
MMMLXI
MCCCXXV
3892
57
2725
1557
CCCLXXI
MMMXCIII
1032
269
MMDCLXXXII
2258
MLXXXIII
2726
3482
DCXCIII
999
MDXCVIII
714
2789
1038
711
2578
MMMXCIX
MMCCXXIV
2745
2884
2815
CCCXLVII
MXLVIII
1617
3421
1831
MMLXVII
812
3704
MCXLVI
MDII
261
DCCLII
3913
1771
MCLVII
2033
CCX
MMDCCLXXVII
MMDCII
3653
2801
MMMCCXXXVII
3277
MDCCCXVIII
DCCXLV
428
2104
MCCLXXXI
463
CCCX
542
2246
DCLXXVIII
CCCLIII
3309
CCXVI
MMLII
3901
MDCCCLXXXV
3313
MMCCCLXXXI
2511
1676
3350
CDLXV
792
1022
2106
MDCCCLXXIX
MMDCXXIX
CMLXXII
MMDCCCIX
MMMDCCXLII
CCXXXIV
2740
MCDLXXXIII
MMMDCCCIII
3023
3064
MMMCDXIV
2596
MMCMXCII
MMDCXIX
2758
1532
1878
1816
3735
CCLXIII
MMMV
MCXVI
1810
2810
3844
MMCCXCVI
2363
55
3640
2148
MCDX
MMMCMLXXXI
MMCCCXXX
MMDCLXIII
MMDCCCLXXI
855
MMXLVII
1981
3100
MMMCDXLIII
3154
MCMLV
CMLVIII
3146
CXXXIX
3428
CCXVIII
3884
MMMDCLXXXIX
3635
MCCCLXXV
MMDCXXV
2513
MMMCXXXVII
1444
MMCDXIII
MMMDCCXXXIV
1103
609
DCCCLXXXV
3197
MDCCXXI
2493
MMCXCV
297
2130
MMXXVIII
MMMDCCLXXXVIII
CMV
1254
DCCCLXXIV
MLXVII
3087
2960
MMMCCXI
MDCLXXXVIII
1161
893
MDLXXXV
329
CMVII
324
2577
CMXVII
MCCXCIII
MMMCMXXXIII
3553
MMMLXXXVII
56
DCCCXIX
MXXVII
2480
MMMDCCXXIX
CCCLXII
CCCLXXVI
1196
2202
830
MCCCXXVI
3142
1296
MMMDXLVIII
MMMCDXXVI
DCCCXXXIII
MDCCCXCIII
39
MMMCLXXVIII
DCCCIV
MMCLXXXV
2362
3765
3875
1333
MMMCI
CMLXXI
2773
651
MMDLXXXI
MMMCDLVI
1166
MMMI
3782
3624
970
MCLXXXII
MMMDCCCLXXVIII
MDCLVI
3864
DCCXXXIV
CMXVI
MMCCCLXXXVI
1748
MMMLI
2517
931
1390
MMLXIV
LXXII
MMMXL
3886
375
CXXXII
1445
3485
275
1454
MMDCCCX
CLXXI
1459
MMCCCX
750
MCMXC
MCXXII
1959
MMCDXVIII
MMMDCCCXV
1408
MDCCXXIX
2965
MMMCLII
CMXXXI
3355
MMCCCXLIX
3647
DCCCX
CCXXXVI
DCCXIV
MMMCDLXXVI
CDLXVI
1123
1305
DCCVII
3006
481
1680
DCXLII
1537
1854
3600
MMCCXLVI
3995
MMMCLV
2779
XCIX
MDCLXXVII
1243
MMMDCCLXXXV
684
MCMXLIV
3580
1179
3780
893
3592
CCXXXII
3480
1161
LXI
881
CMLVI
3229
MDLXXVIII
DCLXXVII
MMCX
MDCLVII
3947
MMMDLI
2900
XXXVI
3235
2950
2827
MMMCCLXIX
2911
3995
2114
MMMCL
1366
MMCDXX
MMMDCCCVIII
101
137
1850
2706
MMMDCLVI
1032
2522
116
MCLXIII
MMMDCCVI
MMDCCLXIX
2487
MMCDXVIII
7
398
3632
2741
1288
MMDCLVII
MMMDCCCLXXXIV
MCLVII
DCXIV
2500
2063
CD
2082
DCCCLXVI
MMCDLXXXV
DCXCI
35
DCCCLVIII
MMDCCCXLIX
MMMCC
MMCCCLXXXII
3484
291
DCVII
3894
2496
2572
MMMDCCCLXX
MMMLV
723
1456
2056
CDXXXVII
2179
2252
2417
LIV
3154
990
3749
MMCLII
3498
793
2788
XXXIII
MCDXV
CCCXXXII
MMMCCCXXI
559
2534
2036
MMDCCLXII
2334
MMMDLXXXIV
2959
3883
DCCLXVIII
MCCCXXXIII
MCXLIX
MMCCXC
MMCMVI
CDII
MMCMXXV
164
3934
66
MCMXXXV
3949
DCXIX
DCXXXIV
MMDCCVI
MCCCLXVI
2546
MCCCVII
MMDLXV
MXVIII
MDCLXXXVII
MDCCCLXI
MMCCCLXVII
CXXV
3698
1995
1477
MCXCIV
1881
3187
MMMDXI
2499
MMCCCXX
XXVII
1718
MMMCMLXVIII
CCCX
934
MCCXLV
MMMDCCCLXXXV
1671
3887
3325
3663
800
MMMDXXXIX
MMDCCLXXIII
MMXIX
MMDCXXV
2724
MDCCCX
1953
127
MMDCCC
2150
696
MMCMXXIX
MMMDXXII
MMCDXXXII
3505
3657
2987
697
2435
MMCCXLIX
MMCXIX
XCI
MDXXIX
CLXXVII
MMMCCCLXXXVIII
2027
MDCVIII
MMMDCCL
MCMXCVII
DCLXXXIII
CCCLXVI
3989
3619
MMCDVII
2655
MMXXVII
MMMDLXXXI
DCLXXXVIII
MDCCXXIV
2833
3412
2967
2401
CCLXIX
1899
MMDCCII
2249
3412
MDCCCXXIX
2793
2656
3295
MDCVII
1397
1857
MCDLXVI
2847
MCMXCII
911
929
MMMDCIX
3172
MMMDCCLI
2679
2087
MMMDCCXIV
3579
CDLXXVI
3992
MMMCDXXXIV
MMDCXXXIX
MMMDXXXVII
1878
DCLXXXIX
2889
267
2508
1868
DLXXIX
MDCCXCVII
MDXCIII
MCCLXXXII
571
320
MMCDI
3479
CLXXXI
312
MDCCXXIV
CCCIX
MCMXLIII
MMMLXXVII
2558
CCXCII
MCCV
MMMDCCCI
251
DCCLXXXVI
3349
MCCCIII
241
3110
CXIX
276
DCCCLXXII
MDXCVIII
MMMXXXIX
149
MDXLIV
1161
CCCLXXVI
MCCXIX
2643
CMVII
XX
MDCCCIV
2731
2669
DCCCXLIII
2740
2728
278
2692
776
773
2523
1003
2465
2145
1805
709
MMMDCLI
283
3506
872
MMDLVIII
MMMCCXCII
3612
CCXVI
MDCCCXLIX
MDCCCLXV
59
891
MDCCCLI
897
1935
254
MMCCLXXXV
DCCCXXXIX
2562
MMMCLXXII
MMMDCII
2460
DCCLXIV
328
MXCIX
MMCLXXXVII
530
2738
DCCXXXII
1671
699
1963
1038
3764
3203
1523
3585
1726
MMMDCXLV
MDCCCLII
MMCCLXXVI
458
MMCMLXVI
CDLX
3017
MMDCXLVIII
1482
MDCX
3753
16
2630
2235
MMCCLXI
1630
1306
2546
MMDXCVI
CLXII
92
MMMDXLVII
1867
MMMDCCCLXXIV
MMDLXXVIII
MDCCLXXX
MMMCDLXXXVIII
326
MMMDCCXI
CDXI
MMXCII
CXXII
MMMCMXXXI
3103
1666
481
MMCCXXVII
1771
196
3908
1730
MMDCLXXIV
MCCCXXXI
CC
221
MMCDXCVI
2002
1670
MCXVI
MCCLIX
931
MMMCCCVII
CCLXXXVIII
2647
2683
520
1216
MMMDCCXCII
1892
MMLXXXIII
MMMCDLXVIII
136
MDCCII
MMDCCCLXXVII
CCCXCI
1984
MMCCXIX
3304
1901
1502
MMDLXXIV
MCDV
MDCXXXVII
MCMIII
70
1283
1640
DLXXXII
MMDLXXXIII
3253
MMMDCIV
3693
MMMDLVII
MMMCXXXII
MMMDCCXIX
1244
84
CLXXXIV
1003
1225
MMMCCCLXI
MCCCLVIII
2528
141
2658
3844
MMCCCXLIX
MDCCLIII
MMMDCCXLVIII
590
2350
CCXVII
695
1814
MMMDCCLXX
MMMCMXXXVII
1298
MDLI
2107
479
615
1228
3054
2942
CCI
3054
MMMCMX
1300
1259
2811
3340
MMMDLXX
3079
MDLXXX
2735
CCCXXXVII
3660
2
2607
2147
827
CCXVIII
MMMDCCCLXXVII
3246
2877
3409
1070
CCCLXXIV
MMCDXXII
VII
CCXLI
2694
DCCCXVII
MDXIII
142
2359
MCCCXXX
1667
3382
694
MCCCIX
CXXVII
1774
MMDCCCXXXIII
2555
1756
MMMCCCXIV
3851
XXIV
MMXXXIX
2811
1424
1494
MMMCD
462
MDLV
MDCCCXCIX
3652
MMLIII
3820
2348
337
3196
DCCXXXVI
MCCIX
MMMDCLXXXVIII
788
3081
2344
MXV
555
MMMDCCCXII
MMMCCCXXXIX
CLII
1904
MMCCLIV
MCMLXXXVII
MMMCCXLIX
3316
MDCCCXXXI
3464
MLXXXVII
MCCXXIV
MMMCDXXI
3564
MMDXCV
933
1821
DCLXXXVI
2589
DCXCII
1356
1668
MMMCMLXXII
MMMCXXXII
CMLXXV
CMII
MMMCCLXIV
CCLXXVIII
908
261
110
MMMCDLXX
1609
328
MMMLX
MMCMXXXI
MMDCCCXLV
MCCCLXV
MMMDCCLXXVIII
3811
3897
MMMDC
3578
3671
115
2511
397
MMV
CXXV
IX
MMCDXXIV
274
MCCCLXV
MCCXXVI
MMMCCCXCV
MCCCXCII
3321
115
401
MCDVII
471
2670
MMDCLXXXIV
2249
2980
MCCCVI
DCCXLVIII
2317
64
1213
2420
974
596
1287
MMMCMXLVIII
3807
MLXXX
3205
CCXXII
MMDLIV
533
LXXXII
3404
MCCCXXXII
MMCCLXXVIII
1355
884
DXCII
2111
MDCCCXII
MMDCCCXXX
MMCCCLXXXI
3672
MMDCCCL
MCCCXV
751
MMCCCLXX
1361
1117
3607
DCCCXLII
2282
MMCXXIII
MLXV
769
MMCCCXXII
2678
2798
1571
2432
DXLIX
3214
MMCCCXIX
1364
MMMDCCIII
MMMCVIII
CMXXIX
951
192
477
MMCCCLXIII
2159
87
MMCDLV
1591
1585
3308
DCLXXVII
1254
MMCDXXXVI
2741
MDLXXXV
1466
3810
818
827
MMDCCXIX
2607
MDCCCXVI
806
85
CLXIII
DCCCXIII
MMMCCCLIV
CMIII
MMMDCCLXXII
DCCCIX
3810
723
MDCCCLXXXVII
MMDLXX
MCCCLXXXIX
MCCCXXII
CCCLXXVIII
MDLXXXII
DXCVII
MCMXLVI
MMDLXIII
MMMCCCLVIII
1707
312
940
3967
3072
3095
MMCCLXXX
907
2460
DCCXVII
MMXVI
893
MMMCLIII
MDCXXXVIII
MMMDLXXI
1512
1086
3228
MDCCCI
3882
803
DCCCXC
MMCCVI
1005
1173
2092
MMCCXLVIII
2965
CXCIV
3880
MMCDI
MCDXXX
MMCCXXXIII
CMLXXXIX
MMCDLIX
2787
MMDCLVI
1772
MMCCCXX
MMCDXXXIX
3669
2234
MMMDCLIII
CCLVI
DCLIX
MMCXLI
MMCCCX
MDLXIV
1807
2434
MMCDLXXX
3705
MMCMLXXXVIII
3338
3375
1377
MXXXIV
1803
3824
1491
MMDCXXII
MCMLV
1825
2152
MCDLXVII
MMMCXC
MMCMLXXIV
MMCDLXXXIX
DCCX
3214
3249
2179
2303
1769
CMLXXVII
1406
MMMDCCCXIV
219
1976
2236
MMCCCLXVI
MMDCLXIX
1110
MMMCLXVII
960
2714
445
3425
2151
2682
MLXIX
MMDCLXVIII
MCMLXXXVII
MMCMXLI
DCLI
3563
MMCDXCVII
3563
173
DXXXIII
2048
MMCCC
793
MMMCCXXXI
MDCCXXXVI
MMMCDXXXIV
102
3306
2773
MMMCLII
2231
681
2313
CLXXXVIII
DCCCXXXVI
3957
CCVII
MMCLXXIV
MMMDCCLXXXIII
MMCX
MMCCCII
CMLII
CCLX
859
DCXXIV
MMDCCII
XCVII
MMCDLXXXII
CDLI
MCDXLV
2577
3061
2238
3366
XXI
1131
MCMLV
2563
MLXXII
327
219
184
MMMDCCLXIX
MMDCCXXXIX
251
709
MMMCDXCV
2295
MMDXCVII
MMMCDLI
CCLXXI
1879
MMDCXLI
MDLXIV
570
3956
MMCLXXXVIII
MMCDLXXXVI
3854
CCCLXVIII
MCDXCVIII
2723
MMCLXXVI
MMC
MMCCVIII
MMMDCXLVIII
780
MMMCCCXXXIX
CCCXXXIV
MVIII
894
1675
MDCCXLIII
332
2953
1760
3452
1153
MMDCCXXVIII
312
MMDCXIII
MMMLXX
MMMCMLXI
149
DLXXII
MMMCDXXIII
1842
3038
3229
MDCCCV
DXLVIII
MDXXVI
DCCCXIV
3431
MMMDLI
MMCCCXXIX
1260
2084
1981
516
MMDLXXXIII
1031
CMLXXVII
3254
641
2749
MMMCDXXXIV
1663
CXC
747
3818
2759
DCXXXIV
1458
MCDLXXXIV
MMCMVII
938
68
MMMDCCLXIX
3104
MMDCCIV
MCMLXXIV
CDXXVIII
MMMDCCCXXXIV
MMCMXXXVIII
MMDCLXIV
MMCCXCIII
MCXLIV
1196
MCDXLV
687
335
CCLXXXIV
CDXXXVIII
472
2442
MCLXXV
3244
MDCCCXXXII
XCIV
MMCCLIII
MDCXLIV
129
1773
1226
MMMCCXVI
CDLXXXII
2457
MMCMXI
3897
DXXIII
MMMCCCL
2204
813
2094
2655
MMCMXXIX
510
MMMDCCCXXXIII
3768
MMCMLIV
997
1564
1072
2076
652
MCLXXI
1298
2097
626
3061
2221
MDCCCLVIII
784
2870
3544
MMDCXXIII
2685
MCXXI
239
3888
1745
2734
287
3602
606
CDXLIV
MMMDCXXIX
2861
CMXC
3258
MMMCDXCIII
MMDCCCXXXV
MMMCDLX
MMMCCXCI
MMMCCXXII
336
DCCLIV
MMMCCXCVII
CCXCIV
MMMDCCLXXXIV
MMMCXL
2530
1963
MCCCLIV
149
CCXLII
1484
2503
MDXL
201
996
156
MMDCCLXIX
1388
MMMCCCXXIX
3165
3342
MMMCCI
2713
309
CXII
3831
1951
MDXCV
466
635
132
2906
935
2560
1040
MMMCLXX
MMMCCCXV
3811
MCMXLIX
MCLXXXVIII
581
MMMDCCCXXX
MMMCDXLII
MMCDXXVIII
MMCDXLI
CDXLIII
735
MMDCCCXV
MMDXXIX
LXX
868
3794
2570
2617
1383
3386
2082
MMMCLXXXII
3972
CLVI
1909
2603
1386
2480
MMMDCLIII
3358
MCLXXVI
2856
3519
DCXVI
1977
MCMVI
MMCDXXV
MMDCLIII
MMMCMXIII
MMMCCCXL
MMCCXLII
MDCCII
MMCLVI
MMMCVIII
MCMLXXXI
2160
3152
3430
MDCCCLXXXIX
MMMCLX
1861
1880
MMMDCCCXXIX
MMCDXCII
3499
2107
2237
2911
1332
2991
1867
2248
MMMDXIV
MMMCLXXXVIII
MMMCCXXIII
1852
MDLXVII
MMCDXLVI
2844
3037
CML
CMLXXX
CCCLVI
2672
DLVII
163
645
DCCLVI
MMCMXXIII
787
L
DCCLXXIX
MMDCCCXXII
565
MMCCCXLVI
1159
CCLXXXIV
1768
3595
MMCMLXXXVII
818
1442
1547
MMMCDLXXXI
2257
2188
3808
468
MDCCCXVIII
MMCXLIV
2786
MMCCCXXVI
3525
2152
MMDCCCXCVIII
576
3379
MCCCXCI
1060
MMMDCCCVI
MCXCII
1801
CXVII
1404
MDLXXX
969
3245
3181
1432
MCCCLV
2538
MMMDCCLXXV
CCCXCV
3413
CXIX
MMDCV
MMLVI
MCCLXII
MDLXXXV
MLXXXI
MCCCLXIX
MMDVII
MMCDXCVIII
3853
MMDCCCLXXII
MCMLI
MMMCLXXVII
DCCVIII
MMMCDXXXVI
MMMCLXXII
3702
1617
MMDCCLXIII
2414
MMMCMLXII
3893
MMMCCCXCIV
DCLXXVIII
MMCLXXXVI
MMMCXXIV
1288
MI
MMDL
2914
2841
DCCCX
744
MMCCCXXXI
MCDLXXVIII
656
3089
MCMLXIV
73
MCML
MMMDCCLVIII
3465
3992
CCLXX
MDCCCXXXIII
3951
MMMCMXCVII
503
MMMDLXXVII
2105
1576
MMDCCCL
CCCLXXXV
217
MMMDCXLVI
MCCIV
MMCMLXXIX
MCMLXXIV
MMMLXI
MMMDCCLXXIX
1348
1055
MMLVI
3533
308
DVIII
214
MMMDLXXVI
MMCDXXXVI
MMDCCXC
2103
MMMDCLX
272
MDCCLXXXIV
MMMCMXXXVII
499
MCDXVIII
898
MMMCDLIX
1385
3193
3251
MMCCCLIII
MMDCCXXXI
2200
2549
2922
MMMCCL
721
MMCCXCI
743
DCCCLXXXI
MCCXXXV
2430
767
3324
MCCCV
MDCCCLXVIII
MMCXXII
MCLXXI
MXLI
MMMDCXXIX
1733
MMCCXLVII
3064
MCMXI
MMLXXVIII
MMMCDXLVIII
1757
3931
3438
1343
MCDLXXXIII
1562
MCDXX
MDXC
2143
3831
109
MMMCDXVIII
MMCDLXVII
DCCCLXXV
1123
MDLXIII
MMMCMXXX
MMMDCCVII
MCXCII
3910
CDIV
MMCCCLXXI
1028
CDLX
860
1012
MCMLVII
MCCCLXX
2560
3822
MCLVI
2887
3399
MM
MMCCCLII
3153
MCDXLII
MMMCCXCVIII
1494
3764
MMLXXIX
DXXIV
208
MMCCXV
MMCX
MMCMLIV
2474
MMMCCXXXVI
2544
MMMDCCXIII
MMMCLII
MMLVI
MMMDCCCXCI
2817
1885
287
3326
MMDXLVII
444
3177
MMCDXLV
2317
MMMCCCXII
DCCLXXXVII
3116
MMMCMXVII
MCDXXIX
1528
MMDCCCXCIV
CCLXXXIII
MMMXXIX
3438
DXCVIII
MMDCCCLXXVI
CDV
CCCLVII
MMDCCCXXXVIII
MMCCCXXXIII
MCCXLII
MMDII
485
MMMDCIII
DCCCXI
DCCXXVII
MMMLVII
1941
MMMCCXXXV
1289
MMMLXXXV
DCCLXXV
3445
MMMDCCLXVII
MCCCIII
MXIII
988
MMCCCLXXV
3568
MMMCCLIV
DXCV
535
187
1634
3687
3728
CLXVII
MCXL
MMMCDXLIX
CCCXCII
MDCCCLXIII
2703
MCDXXXIX
2550
DCCCLIII
2772
702
DCCVI
MDLXXX
MC
CCXLVII
MMMCCLXXIX
3638
MLXXXIII
3395
3443
2763
MMDLXXXII
MMMCDXIII
260
MMCMLXI
2441
MXCVII
MMCDXXII
MMMDCCCXXV
417
MMCCXII
3813
2820
MMMLXXXV
934
MMMDXVII
MMMXII
MXCII
XXII
MCX
MMDXXXI
2444
3830
2869
533
1576
1817
795
MMMDCCCXCIII
MDCCC
MMMCM
MMMCDXXXVI
MMMXLVII
1717
MXXVI
1761
283
221
MMMCMLII
2449
DCLIV
3713
MMCDXXVII
MMMCCLXXXVI
3459
3364
3210
MMXXX
1600
MMDXII
2139
1919
DCLII
3162
MDCLXIX
3738
MMMDXC
CCLV
MDCIV
MCCCIII
3845
CMLXVIII
CXXXVIII
115
288
MMDXXXV
793
LV
939
MMMCMXLVI
MMCCLXXI
67
1740
3955
2466
1791
MMMDCCCLXXIX
2856
MMCXXXIX
LXIV
MMXXXII
MMMDLXXI
MMMCCXLIII
3145
3799
MMDLVIII
MMMCCCIX
3806
MMVIII
2992
MMMCXCIX
MMMDCIX
MMMDCCCLXXXVIII
MMCMXXIV
CCCXX
2078
CMLXXIII
MMDXLVIII
MMDX
124
MMCCCXII
1238
MMDCCX
1544
709
790
115
MMCLIV
2825
2886
DCLXXXIV
DCLXXIX
251
2734
CDXLIII
MMDCCXXXII
935
1020
MMDCXCIV
629
1216
3664
2132
MMCCCLXVIII
76
3347
1475
MMMCIII
2921
MMMCDXLI
3087
DCCCXCII
3366
1284
3184
3582
20
MMMDCXXXIX
209
808
901
2688
2379
2599
MMDI
MMDCLXII
1457
MDLXXXIX
MCMXXXII
3445
MMLXXVII
2839
2788
1967
MMCCLXXIII
2251
XIV
MMMDCCLXIV
DCVI
1808
1579
1404
MCCLXXXIII
MCCCXCIII
MMCMII
MMCCLXXVII
2902
1040
CXXXVIII
DC
MMCXLIX
DXVI
MMMDCLXIV
MMCXXXIII
3594
MMMCXXXV
1742
895
414
CMLXXXVI
3560
3865
669
MCCXCV
811
CCCXCIX
MMLXXV
MMLXXXVII
987
3310
1122
DCCCV
749
MMCIV
1513
MLXXXV
MMMDCCCXXXII
MCMXXXV
DCCXCIV
MMMDV
1492
CCLXXXVII
MDCLXII
MMMDCCCXXXIV
CMXC
2132
CCLXII
MMCCCLXXXIX
137
MMCMXXXV
2564
3591
MMDCXXXVIII
3993
DCCCXLIII
DCLVII
MMMCCCXCVII
MMMCMXCIX
MMMDCCXIV
1205
1488
MCCCXVIII
2760
547
DVIII
2152
992
CCCXCV
7
MDCCXCV
MCDLX
3040
2478
1523
1008
2076
138
MDCCCX
361
CCLXXXVII
DXLI
97
MCXI
CCCXIV
3934
MCXXIII
MMCLXII
354
3971
2325
66
2245
2728
278
585
MMMDCCXC
MMMCC
MMCMLV
1988
DCCCXV
1428
3282
273
CDLXXVIII
2251
MMDCCV
2176
1119
DCCCLXIV
338
MMMCLXXI
2751
742
3738
MDCCCXXII
MDCCLXI
3625
580
MCCCV
2853
620
MDCVIII
MLVIII
1188
761
1234
3676
MCDLXXXVII
1708
3567
MMCCCLXVII
MML
MMDCCCLVII
CC
CMLXXX
MMMCLXXVII
MMMCCCXCVII
MMMLVII
1425
XXXV
1970
3339
128
MCCLXIII
1990
MDIX
MMMCDLXXII
1734
MMMDLXXXIV
MDCLXV
MVI
DCCCLVIII
2989
DLVI
MMCCV
24
DCCXLV
MMXVI
MDCLXXXI
3663
1789
779
749
862
2046
DCCCLXVIII
MDCCLXXXV
MMCCXVII
MMDCCLXXII
1288
MMMCMXCVIII
3990
MDCCLXVII
3754
XXIII
2876
MMMCMIX
1222
MMCCLXIV
1782
DLXXII
1754
3650
MDCCCXCV
3362
DCXIII
DCCCXXXIX
23
MX
MCDXIV
2224
3299
882
2612
DCCI
MDCCCLV
MCCXCIV
CXXXIX
DCXC
MMMCCCLV
MMMDLXXIII
858
3720
264
MMMDCXXX
CXLII
LXXX
MCDXVII
3653
MLXXX
CCCXLV
CMX
MMMDCC
MMLXXXVIII
MMMXIII
MMMCDLXXVII
2011
2116
3552
2549
2949
784
2971
310
984
2753
969
119
2509
MMCDLXXIX
DCCCLXXXII
DCCXXXVII
DCCXLVIII
2340
MMMDCXXXII
MMMDCCCXV
MDXXVI
MXCII
MMMDCXXVI
MCCLXXXVII
2202
1329
1578
MCDVII
MCDLXXIX
MMDCCCVIII
MDLXXX
MCMXXVI
1363
MCDXLIV
1250
MMMCCXXXII
MMMCDVII
MMCCCXCI
MDCLXIV
3094
CXXXI
374
396
MMMDCLXIII
MMDCXI
MCXCVIII
205
2157
MMMCIV
MDXXXIX
MMMDCCCL
CMXLI
MMCCLXII
915
MMMDCCXIV
3829
MMCCLXI
MCCLII
856
1794
395
1855
MDCCLXXII
2829
MDCCCXLII
674
MMMDCXXXVII
988
MMMDCCVIII
MMDCCCXLIX
956
MMMCDXIX
MMMDCIII
1729
3988
2791
MMCCCLXIX
619
2857
96
MDCXXII
2591
MMCCCLXII
MMCCXXVII
1260
MMMXCI
1841
44
1083
480
3649
MMDCCCV
3309
1138
MMLXII
789
CIX
3605
3158
MMMDLXIX
DLX
1488
1591
MMMDLXXXVII
MCMXIV
MMCCVII
MMCDLXVII
MDCCCLXVII
3538
MDLIV
MMDCXI
MMMDCCCXLIX
MMMCMXLIV
1998
1186
CD
2929
3933
2201
MMMCMLXVII
LIX
CDLXXI
1022
1536
2335
MDCLVII
408
MDCCCXLVI
MCXV
CCXXIV
MMDLXXVIII
2157
MMMCLXXIV
CMXLV
CCXXIV
3764
DCCCLXXII
718
2503
3557
3479
1829
588
MMCDLXXXVI
MMCDXX
1665
1910
MMMCCXXXI
572
2073
CV
CCXI
567
3445
3041
3034
1572
3975
MCCCVII
MMDCCXXIX
DL
MMDXCII
988
MDCLXXII
CXXI
3809
MXXV
CMLXIV
DCCXCIV
MMCMIV
MDXII
3864
MCCV
724
798
CDVIII
1965
2640
2113
2049
DLXI
CCXXII
2801
1300
348
1872
MMCMXLIII
DCLXIV
MMCDLX
771
1994
396
3295
3111
900
MMMCCVI
MMMDCLXXXVII
2429
CDXLIV
3225
MMMCCXVIII
3288
CCCXXVI
CCCLXXX
MMMCMIV
MMMVIII
MMCCCIII
MMCMII
MDCXXV
1296
CXXIII
CCLVI
MDXCV
MMDCLIII
MMCCCXVII
3634
CMLXVI
MCLVII
MMMDCCCXIX
MMDCLXXXI
MMDCLXV
1210
MMXXVIII
3446
1822
MDXIV
3874
CX
1995
877
2876
3125
1376
2763
45
MMCMLXXIX
3707
MCCCLXXXIII
MMMCXCIII
MMCCLX
2078
310
3880
MDCXXV
MCMXLVIII
1763
1609
204
MMDLI
3588
2224
MCCLIV
DCCCLXXVII
MMCMLXXII
2260
358
1214
MMMCMXVI
MMDXVI
MMMXLVI
MXCV
MMMCCCLV
DCXXII
1990
MCDLXXXVII
3712
1006
335
1209
MMMDCCLXXXV
MMMDCCCLXXXIII
1923
MCDLXXI
3592
1170
3391
MDLXIX
MMDCCIII
3371
MMMCCCX
MMCMXII
MLVII
1498
MMDXXXIX
2203
MXVII
1539
MDCLXII
MMMCCXIX
836
CCXC
3692
MMCMXC
3000
MMCCLIX
MMMCCCXCVII
MMCXLV
3211
2012
2545
1825
MMMCCLIII
1845
CLXXIV
3618
MMDCCXLI
CCXCVII
537
DCCCLXX
MMXLV
MDCCCLXVIII
MMCMLXXI
MDCCLIII
MMDCCCLXXIII
MMMDCXIII
3524
MMCDXXII
1576
CXCII
MDCCLXXXVIII
MCMXLIV
MMMCCCXXIV
MMCCIX
207
2811
102
MMMCXC
MMCXLVI
MMDCCLXXXIX
2565
MMMDLIX
3107
CLXXII
MXCV
MMCCCLXXVII
681
3888
627
2253
3052
1226
646
MMCLXXIV
CDXV
3736
2021
MMMCMXCIX
2089
MCDLXXVIII
155
1355
1961
CXXXV
1389
MMMCCXXII
1795
3061
DCCXXXVI
DCCLXXXIII
MCCCLX
2673
DCCCXXVI
2273
3284
CLVI
MMCMXXXVII
MMDCXCVIII
MCLXXIII
2814
790
3028
MMDXLIX
MMDCLX
2625
MMCLXXXV
CCCLXV
1315
MCCCLXXIII
2927
MMDCCCLXXXIV
3553
2016
CMLXXXIII
2552
2673
959
MCCLXXXI
MMXCVIII
3237
2859
CCCV
3051
CCCLI
MMCMLXII
1679
1228
MCMLXXVII
MCMXLII
441
237
MMDCCCXLIV
MCCLXII
MCMLXV
2860
399
3161
2048
643
MMMCCXIV
3893
CCCLXXXV
DCCCVIII
1550
MMMDCCCLV
CMIII
DLXXIII
MMMDCCX
999
3179
3464
1351
170
MCCCLXX
3778
MMMCMLXX
2284
3285
CMXXXVII
3582
801
DCCLIII
2598
1106
MCMXCIII
3774
684
3652
LXVIII
2782
2853
CCLIX
MMMCMLXIV
13
DCCCXII
MMDVII
MCDLXIX
259
1992
1327
3456
137
MMCCCXX
MMMDCCCLXXXVII
3433
1439
MCMXCIX
MMDCCI
DCXL
1968
106
MMMDCCLXXVIII
3351
MMDLXI
MMMCCXCVIII
510
MDCLXXXVIII
488
3921
3064
MMMCCXXXIV
MMMDCXLVIII
1435
1933
3760
CDLXXIX
MMDLXXIV
2609
505
MCDXCV
3716
MMDCCCVI
924
2986
MMCCXCII
3121
MMCLV
MDCCCXXXVII
DCCXXII
2981
3560
3303
941
343
1361
MMDXLIV
MMMDCLVIII
1297
MMMDCCCVII
97
CMXXXIV
MCCLXXVI
663
CMXXVII
MMCXV
CMXVIII
MMMDCCXXXVIII
1943
MMMCXC
1534
MMLXV
796
MMXXXV
MMMCCXXV
MMMDCCLXXXII
2127
2395
MMDCLVI
1251
314
MMMCCCIII
1674
1383
3757
MMDCCXXXVI
608
2323
1515
1635
MDXLVII
MCDLXXIX
3105
2574
2165
1220
3416
MMDXVII
CCCXX
CCLXI
MDCCLXXXVIII
3217
2
703
1564
CCCXLI
MCCCLXXI
MMMDCCCIX
2279
CX
1351
2296
682
CCXX
893
1839
3868
1097
MMCDXX
3836
MMDCCXX
MMMCCCXL
MMMCCCXXXVII
MDCCCXXXVIII
MMMDCCLXXIV
MMDCCCVIII
MCMX
2790
MMDCCCXLI
MMCCCLXX
1137
723
994
3015
3512
3419
MMMDLXXXVII
617
3396
MCCLXXX
1539
MDVII
CLXI
LXXXIV
2330
MMXLVII
110
MMDIII
CDXXIX
MDCCCXCVIII
2650
MDCCCXCI
173
MMCXVIII
CCCIII
1297
MDXII
3153
3765
CXXXI
MMCII
MMMCMLXV
2961
1254
MCCI
978
MDCCII
2756
DCCLXXV
269
190
MDCCCV
MDCCCXCI
MMCVI
MMDX
3607
MMMDCCLXXXVI
1665
MMXXIX
MMMDCCCLXXXVI
MCXCVII
MCCXX
1250
MMDCVI
58
3559
3547
MDCCLIII
3362
MCCCXLVIII
376
965
2483
MMMCDLXXXVII
MMMCDXCVIII
2762
MMMDCCCXVIII
MMLXXIII
MMDCCII
656
2328
1364
764
XIX
MCDLV
333
MCLI
MMMDCCVII
CDXX
XLVII
3199
MDCXXVIII
345
MMMDCCLXXXIII
MMDCLXXIII
3494
DCC
MMMCMLXXVII
500
CCCLXI
MDII
1606
MCDLII
3465
CXXXVII
696
CXCIV
3831
2496
2247
CXC
2659
XLVIII
MDCXII
MMMDCCCLXIX
2157
MDXXIII
CLVI
MMMCDLXXII
MCDLXXXII
2026
1357
MMDLIV
DCCLXXXV
3813
CCCXXVI
MMCCCLXXXVII
MMCMXII
2604
2484
MMMDCCLXXIV
3896
CDLXXI
MMMCCXLVI
1883
3590
2302
877
MMMDCLXXIII
CLXXV
MMCCXXV
3560
3617
MMCCCLXXXVI
924
2333
DCXXXI
2352
MMDCCLX
MMDCCCLXXIII
3546
MCVIII
DCCCLXXI
CMLI
MMCMXV
2263
MMCDXCI
LXXX
MMMCCLXXIX
MCCCXLVIII
3701
3093
MMDCLXXI
1093
1304
1450
2681
MMDXXXIII
MCDXCIX
3608
1676
MMMCXVI
2357
3862
MMDCLIV
MMDCCLXXIX
501
LXXI
323
CCLXXII
MMDCXXIII
MMMCCCLXXXIX
MCMXCVIII
687
MXXI
587
MDCXCII
MDCCCXLI
DCXXIX
MMMDLXVII
MCDXX
3476
1425
3127
MD
MMMCMLXXXII
2608
3337
MDXCI
MDCCLXXXIX
CDLXXI
1616
MMMDCCCLXIV
MMMCCVII
MMMDVIII
CMII
1730
437
1518
3598
1410
MCMLVII
MDCLXV
2116
MMMCCCXLVI
2953
MMMDCXII
3368
MMMDCCLII
MMCDVIII
CM
MMCMLII
3441
1119
DCCXLI
1508
MDCXLIV
MDCXLIII
MMCDXLVI
MMDCXLIII
2945
1612
3968
1772
1451
MMMCCLXIII
498
MCCCXL
2661
MMMCMXX
3575
2246
MCDLXI
3878
2651
MMDCLXX
MMCCCXVIII
3156
MMMDCCCLXXVIII
1513
1823
MMMCDV
MXXVII
1466
DCCCXXX
MMCMXC
MMCXXVIII
DXXXV
2227
59
DCXXXI
952
303
879
2197
98
665
1682
MCCLXV
DCCLXIII
MMDCLVIII
595
MCXLVIII
2626
CMXXI
1457
CCCLXXXI
MMMCMXXIX
MMCCCXXXVIII
3472
DCLVIII
MCDXCVI
1601
2944
DCCCLIX
2316
891
3960
3177
3161
3029
CDLX
MCCLVI
593
CVII
3121
1848
3046
3326
CXLIV
MDCCLXXVI
CXVIII
3647
MMMDCCCLIX
3808
107
3945
87
LXVI
3474
CMLXIV
MCCLXXXV
1266
MMMDCXC
MMCCCLXXVII
MMMCCXLVII
2127
MMMDCCXLVIII
3496
MCCXX
MMDLXXXVII
1750
MDCCXXIII
MDCCLXXII
MMCLVII
MMMCDLXII
MMCCXXVI
CDXXXIII
MMCCCXL
3734
X
3051
3905
MMCDXCIX
MDCCCXLV
2017
MMMCCXXVIII
1343
MMCCLXXIII
CCCXLVI
1283
MMMDCCCXXIX
MDLXIX
1667
1764
1397
MMMDXXXII
2000
MMMDXVIII
232
3534
2474
MMMCCLXI
2561
2269
MMDCCCXCIX
70
3294
MMXXII
MCCLXXXVI
170
2892
3634
MMMCLXXXIV
533
MMDCCXXIII
1428
MCLVIII
1761
3855
921
MMDCCXCIII
MMMCCXVII
490
LV
1157
2269
MMMCCCVII
1271
1380
MMDCXXXIV
481
MMMCCXLVII
3663
DCLII
1658
MMCDLXX
1073
MCMXX
MMMCDXLVI
2126
3358
2283
210
3818
DCCCLXXVIII
3536
MCCXXXII
MMCDLX
3032
MDCXII
MMMDLIV
MMCXXXIV
2034
3752
MMDCCXLVI
MCCLXXV
CCLXXXVII
MMCCCVI
MMDCCCXVII
CCXXXIX
MMMDI
2298
564
MDCCLV
2321
MCMLXXIX
1350
MMMDCCXXIX
CLXXIV
MCCCLXXIV
3854
MXCV
3475
123
3439
MMMCCCII
705
2424
MMMDCCCLXXVI
3283
730
DCXXVII
1144
MXCVII
124
MMCCCLXIII
3835
998
2197
1824
MMMCCXCVI
MMDLXXXII
3171
3951
1786
DLXXXIX
MMCDXXXV
332
2102
393
1735
3546
MMMDXLV
DXCIII
DXLVI
1958
MMMCMLXX
MMCMXVI
MMLXVI
3637
MCLXXXV
3670
DXXVIII
695
3622
MMMCCCXXXIX
MMVI
730
2025
MMCCXXIV
3468
CLXX
MCDXCIII
1314
970
2558
1383
3810
MCCCXCVIII
MMMDCCCLXXIV
MMCIII
2178
3090
MMCMLXXX
3420
MCDLXXX
CCXCIV
2337
1319
MCCCLXXXIII
125
MMCMLXXXIII
3539
995
MMMDCCCIV
CXXXII
MMMDCII
1503
MMMDCCXXXIX
MMMDCCCLXX
MMDCCLV
2166
2386
MDCCXXV
2757
3344
808
MCMLXXXVI
2557
432
5
MMMDCLVI
475
3349
3257
MDCII
2739
MMDCCLXI
378
1448
2617
MCII
3735
MMMXXXIX
627
2544
MMDCCLXXVI
3487
MMMDCCCLI
DCCXXIV
1906
MCDLXXIV
MMMCCCLXXVII
1062
MCMXXVI
636
MCCCXLIX
DLXIII
1528
MMMCMXCIII
MCDLIII
1153
1169
2513
1025
MMDCVIII
MMMCDXXXIV
2664
MMCMXCVII
MCMLXIV
1443
MMMDLXIV
1670
1343
MMMCXXXII
CDX
VIII
3866
CXIV
3889
2234
3704
928
MMMCDLXIV
MDXXIX
MDCCXXVII
LXV
MMDLVI
207
DCXXXIX
3374
MMMDCCCXC
CXIII
3630
MMMDCLVII
2880
3327
1837
3146
MDCCXXXVI
2552
MMMDCCLXXXIV
1460
MMCDLX
2442
DCCV
1508
MCCXCVI
MV
MDCXI
MMMCCLXXXI
CCCLXXXVI
MMMDCCLV
MII
MMDCLII
CDLXXII
860
2026
XXIX
CDVII
3110
MMDCLXX
1917
246
MMMXXIII
CXXVII
MMMCXXXI
479
MDXXVI
MMCCXCIII
MCMLXXXVI
MMMCCI
MMDXXXV
2954
3653
MMCCCXVII
2836
2459
CCCLXIII
DCCCLXXXV
2892
MCDLIV
3308
MMMDCCXV
2467
MMMDXIX
MMMCCCLXII
1751
2596
MCXCII
1851
MMMCCXLII
2678
39
3425
2392
DLXVIII
MMMDCCLXXVIII
MDCCCLVII
MMCCXXIV
MCXXVII
104
392
MMLII
1431
1086
653
2112
2779
CMXXIII
599
1442
3138
MMMDCVI
MCCXCVI
3413
MMCLI
MMLXXXVI
MMDCLXXVI
MDCVIII
MMDLV
3033
544
MCDXLIV
2389
CCLXXXII
MDCCLXXVIII
3497
MCMLXXXVIII
3972
MMMLX
964
MLIII
2089
1653
3544
MMCDVII
1967
3172
1373
DCXCVIII
3794
MCXXIII
MMMCDLXIX
MDCCLXVI
3877
3411
DXCIV
MMMDCLXXX
DCCCXXIII
183
2234
CCCLXXI
482
1193
MMDCCVI
MDCCCVIII
109
1806
MDCXXI
2343
2153
MMMDCCVI
3882
CCXXXVI
3230
MMCCLXXIII
3395
MMMCCIX
CDLXXXVI
313
MMMCCXCV
MCCCLXIX
3551
2610
MDCCXII
2016
MDCCCXXXI
1570
MMDCXXX
3274
VI
MMDXXIII
DCLXV
CCLI
XIII
3971
3023
1211
MMCCCLXXIII
MCCLXXXV
MMXXXV
DXXXIV
1380
3930
MMMCCLXXVII
MMMDCXXXIX
2598
MMMDCCXCV
1793
1359
1094
MMMDCXXXVII
3499
962
109
3913
3360
2992
2679
MCCLXXXVIII
1901
MMDCCCLVI
754
505
2900
1571
MMDCXXXVIII
MDCCXXXIII
2721
MMCCLXXXIV
1237
MMCMXCIII
CMXCVI
MMCL
CDXXXV
MMMXX
MDCXCVII
379
2530
MDVI
1608
MMDCCLXV
2592
2582
3540
1523
3030
MMMDCLXIII
MMMCCCXCVI
DCLXVII
MMMDCLXIX
MDCCXXXVI
3988
MMMDCCLXIII
1793
MMMDCCCLXXXIX
MMMDCCLXXXVI
855
247
3261
MMMCMLXI
3032
CDXXXVII
2461
2349
2882
CCCXLIX
DCXIV
258
MMMDCXII
1821
CCCLXIX
2969
MDCCCXVII
MMDCVI
CIX
2458
2617
LIX
CCLX
3866
LXXXIV
3480
MCXC
MMMDCCLVII
MMMDCXLI
MMXCIII
DCCLXXII
1371
563
MCXLII
3647
3452
MMMCLXIX
MMMCDLXXVIII
1544
2757
CXVI
1158
MMMDCCCXLIII
3517
2758
MCMXLV
461
DCLX
536
MMDXLII
822
MDCCCLXVI
MDLXXXVI
2111
3867
1434
MMCXVIII
MMMCXLVII
CCLXXXV
MDCLXXVII
369
MMMXX
3520
MMMCCXCI
MMCCXII
2419
MDCCXXXVII
1673
2038
2335
MDCLXII
2708
2680
CMLXIV
722
1236
MMDCCCXXI
MMDLIV
2441
1949
3271
MMCLVI
MDCXLIX
890
MDCCCXCVIII
1288
MMCCCLXXXVIII
3988
1832
MMMCCC
2916
MMMDCCCV
1026
CDIV
3645
MMMCMLVII
MCML
2887
2339
MDCCVII
3943
CCCLIX
MLXXXV
3640
MMCXCV
2973
3971
MMDCIV
1344
1953
DLII
CDLXXXIV
2425
MMCMLXXXIV
MCCCXCII
1520
3999
MMMCCCLXVIII
DCCCLIX
MMMCCCLXXXIII
MCMXXIV
CMXLIX
MLIV
646
MMD
840
1312
2476
607
3342
MMDCLXXVI
MMMLXXVI
2148
MMMCXV
MMCCCLXIV
2157
1284
2808
CLXXIV
1541
CCLX
1397
MMCCCLXXX
MDCIV
MMMCLXXXVI
2835
DCXX
1676
MMMDCCCXXXVIII
MMCCCII
443
3200
3510
2249
2840
2418
MMMCLXII
2917
MMMCMLVI
3404
2015
2144
1389
MMXXIV
3875
667
3512
486
MMMDCXCI
1434
MMMCXXXII
3361
MMMCDLXXVIII
2579
2671
MMXIX
MCXLVII
MCCCXXXVII
MMCCCXVIII
1964
MMMDCCCXIV
MCCCLXXXIX
MMCMXV
MCCCXVIII
3691
MMCXCI
2456
MMMLXII
197
MMMV
2628
2349
2411
3256
1680
3393
861
MCMXCIV
3845
2363
DXV
2113
617
MMMCCCXLV
MMCCXXXIII
3730
2055
653
MMMCDXCV
MCCLXXII
MCXCV
MCMLIV
XLIII
1755
MMMDIX
MMXXXIII
3683
152
2203
MDCCCVII
CDLXVIII
1083
439
690
MMCCI
528
LXXII
181
MXXXVIII
1371
1876
MMDCXLVII
MMXLIII
MDCCLXIV
MMCCCXXXIX
MMMDCLXXIX
MMCMLXXVII
DCCCXXXI
DCCLVI
MCCXC
1520
MDCCCLXXX
MMCXL
22
3233
DCCCLXXX
MLVII
MMLXXIII
CCLXXXII
MMCDXVIII
MMDLXIV
MMMCCLXXXII
1266
DCCLXXVII
1201
2141
2073
MMMDCCXCIX
3682
MMMDCCXVI
MDCI
2507
3815
704
MMMDCCCLXXXVIII
MMMDCCCXXX
2993
MMMCMLXXII
1594
2622
2494
MMXCVI
MCDLXXVIII
2267
259
1705
1381
2731
537
924
MMMCLXXXVII
MMCXCII
MCCLXXVII
1118
3985
2947
MMMCDLVII
MMMDCCCLXX
MMCCCXXVI
MMDCCCIII
CMLXXXVIII
409
2253
MMMCCCXCV
MMMCDXXXVII
560
2102
3858
MMMCI
MCVII
CLXXXVII
MMMCMLXVIII
MML
MMCMLXXVIII
DCCLVIII
1800
2671
3988
994
2197
MMCXXXII
DCCLXXVI
3720
1279
809
3781
MMDCCCXIX
2022
100
MMDCCCXC
2024
622
1429
DXCIX
784
MCMXCVII
2013
MDCLXXIV
MDCCCVII
3294
2913
MMMCDLXVI
CMXXVIII
MDXLIV
90
1793
MMMDL
626
DLX
DXCVIII
1996
VI
MDCCCLX
1281
2990
546
LXII
MMMCMI
719
MCMLXVII
2822
3311
LXX
2993
307
MMMCCXIX
DCCCXXXIII
246
MDC
CXVI
MMDCCLXXXII
1081
DCCCXXI
MMCCCXLIII
MMMDXIV
119
2085
MDCCXLIII
2046
MMMCCXXIV
MCLXIV
MCMLXXIX
CCCLXXXIII
MMMCCCXCIII
3219
188
CXVIII
MCMXII
344
CDXCIV
DCCCLXVI
MCCLXXXIX
MMCDLXV
1854
MMMDCCLXX
MMLX
MCCXXVII
1574
3056
MMCXX
2092
1597
MMMDLXXII
3497
MMLXXX
3153
MCCCVII
1427
337
3436
2947
MMVIII
2726
MXXXIX
MMCDLXIX
MLV
2425
MMMCLXXXIX
1511
MCLXXII
MCCCLXXXII
322
MMDLXXVIII
2844
MCCXXX
2735
277
1901
399
796
1164
3212
11
MCC
MMMDCCCLXIII
2532
DXCVII
MMMCMLXXXVII
3615
MCCXXXIV
MMDXXIII
MMCCLXXXI
2702
1923
XCIX
2394
815
MMXXXII
1286
MMDCCCIX
MMMCCCLXXI
MMDCCXXXVI
266
2146
3775
MMMDCCCLXVIII
MMCCCXXV
881
MMCCCLXII
2474
CCLXV
MLI
826
MCDX
801
3656
MCCXLVI
2329
1659
2493
561
MCXXXIV
3583
CXXXVII
MMMCCLI
MMDCLXVIII
MMMCCCXVII
MMMCXXXIV
MMCCXXVII
DCLXIV
1106
MMCCCLXI
MMMDIX
DXXII
MMMCDLXII
1841
MCCCXL
334
MDCLXXV
1872
CXC
X
2589
498
2899
2520
2520
1631
1893
DCXC
CMXLVII
MMMCIII
2930
CCLXXXVII
CI
978
MMMCCXXX
2840
2011
MCMXCII
2876
730
CCXIII
2658
2745
2039
3358
MDCCXLVIII
CLII
MMCCIV
281
1773
MMDXIII
1595
MMMDCCLXVII
MMCCCXXXIX
MMCLXXXI
2847
DVIII
1666
MDCCLXXIV
CXCIII
1525
3395
MMDLXII
MMMXIV
2091
MMMDCCCXIII
2760
1919
1138
CDLVI
3948
XXVI
3698
MMCXXXIX
MMMDCCCXLVI
2259
3073
DCCXII
1574
MDXLVIII
138
3654
MMDLIX
3484
CCCXCV
MDCXLIV
MMMCDXXI
453
MCV
MMMCCLIII
MCXLIV
2663
2065
MMMCXI
CDXIX
MCCXXXVII
MMXX
MCCCXLV
MMCCXCV
MMMCMLXIX
1954
MXLIV
1759
MMDCCLXXXVII
2186
DCCLXXX
MMMDCCCXLII
755
3353
MDXXXII
MMXXIV
MMMCDXIV
2584
MDCCLXXXI
MMDCCCLXIX
260
MMCXCIII
2599
577
3886
1932
1410
2381
MMMDCCLXVI
MMDCI
M
CCXLVII
807
DXXXV
1303
DCXLVIII
3468
MMCVII
MMDXCII
366
1780
MMCCXVI
CCXXVIII
MMMCDXCVIII
MMMCMLV
691
MCML
DXC
3563
2595
1316
CDXXXIV
LXIII
MMDCCCXLIV
MCCCXIII
443
2996
MMMDCCLXV
858
DCCLXXXV
MMCL
1279
DCCCXLVI
900
MLXXXIX
2250
MCCCLVIII
CCXCIX
MMMCXIX
1859
DCCCLIV
MMMDCCCLXXXIX
3504
3487
CCCLXII
MCMXLIX
MCLVIII
MMMCMVI
905
2547
1126
CV
3096
3947
1081
444
MMMCMLII
1369
DLI
3034
MMDCCCLXXV
731
2159
MMDCCCLI
2822
2944
3895
841
2999
MMMCDLXV
CXCVII
MMMDCLXVII
MMMCCCL
MMMCCXCIV
MMDCXLII
2175
MMMDCLVIII
MMCDXLV
MMCXCII
CCXCIV
CMXXXIII
MMMCDXVIII
3785
CCXLIV
2788
MMMLXI
3300
MCCXIX
MMMCLXXXI
MCIII
MMCCV
MMMCMI
MDCCCXLII
297
2179
MLXXXIX
2347
2709
3321
MXXIII
MDCCLXIV
867
510
MMDCCXI
1157
1674
MMDXXXIV
DL
55
2604
CCXCVIII
DCXXXVII
47
3842
2357
MCMLXIII
MDLIX
MMMDXXI
2356
3085
1193
1598
2308
1229
2682
2227
996
MMMCMLXXXVII
MMMCMLIV
1928
MMMCDLXVIII
1660
MMMDCCXXXIII
CMI
2231
MMDXCVIII
522
612
CMXLIX
MMDCCLXXIII
3594
MMCLXXXI
2510
MCCLXXVII
MMMDCC
MMDCLI
2618
3497
MMMDCXI
1892
699
3942
129
2921
3044
3891
MMMCXXV
716
MMMCLXII
1656
MMLII
1249
MMMCXLIII
2463
1562
2629
1443
3031
MMMCDXVIII
2950
2294
2794
2478
MCMXXXIII
MMDCCLX
MDCCXXV
MMCXIX
MMMCMIX
2455
MDCCCIX
DCCXLVII
MMMCLXXX
MDXX
2919
3434
CDLXXXVI
2180
MMCDXIV
2896
MMMDCCLXX
501
MMMCMVII
MMMDVII
3675
2497
2935
2302
3624
1396
MMDCCXXIX
DCCCXC
3237
1012
MMMCDXLVI
CMLXXXII
DCCXCVIII
MMMDCCCLX
360
106
CCCVIII
MCCCLXXXI
3528
MDCCCLXVI
MMMCCXXXIV
1264
MMMCCLXI
3811
3921
3164
3119
1554
MDCXIV
MMMDXCVI
MMMLXV
MCLXXVII
1055
900
3940
3789
MXXXV
1439
812
MMDLVII
2708
3950
MCDLIII
1744
2560
1737
LXXIII
395
699
DLXXII
MMDCCXXV
354
MMCMVIII
3658
2298
CDXLIII
CDXCIII
2811
MMMDCCCLXXIV
3902
MMDCCCL
MMMCCCLXVIII
1174
MDCCCLXXX
221
MMMDCCCXLVI
3558
MMMXXXIX
3873
CDXLI
1354
MMMCDXXXIV
CCXCIV
124
2555
CMLX
2555
MMMCCXXXI
1889
2457
2116
515
2140
2808
MCCCXIII
52
3838
3131
2571
MMDCCLXIX
DCXI
MMCDLIV
DCXXXV
DCCC
1207
2360
2594
257
1767
DCCVIII
744
MMDCLXXXI
MMCMXXXI
MLXIV
2494
3039
MMDCLXXX
MCCXXVII
MMMCDLXXXVII
DLXXXIX
1458
317
949
3753
MMMCCCXXXIV
MMCMLXVII
MMDLXXXIV
MMXXXIII
1866
406
CCLVIII
MMDCCCLXVI
1271
2344
MMMCDL
1406
2522
MMCCLXI
881
2083
798
MMMCLXV
2753
1206
3637
1125
487
MDCCXIV
827
2026
3513
1242
MDCXCVI
3078
MCCLXXXVII
3539
CXCVI
795
2036
MMCVIII
MMMCDLXXIV
DCLXXXIV
DLXIII
3254
1723
DCVII
DCCCLXXXVI
1245
2471
828
2717
MMCCCLII
3954
MMCLIV
2393
2197
MMMCCXXV
MMDCCXLIV
MDCCCXXXIX
CCCLIV
3634
XIII
2546
CDLII
MMMCLI
MMMDCCCXCV
3853
MMMCMLX
MMCMLV
DCCLXXVI
1663
CCCXXVII
3398
MMCCXII
MMCMLXXXVII
429
3992
DCCXXVII
3635
MMMDCXCI
MMMCXIX
3265
CCCVIII
3364
MMDCCCXLVI
1404
2139
MCLI
CDLXXX
MCXIX
MMDCCVII
1825
CMXXXII
MCCCXXXII
MMMDCCCLXXX
314
753
MMMDCCCXLV
MDCCLXXXIV
MMDCCCXXX
CCXXXI
2730
MDCLXXI
MDCCCV
2532
3313
3887
MMMDCXXI
MMCCXXXVIII
MMCCCXXIX
852
2334
2911
MMMDCLXXXVIII
CMLIV
205
824
418
MMMCCLVI
2905
MMMDCCX
DCXLVI
489
MMLXXVI
DCCLXI
795
MMLIII
731
2348
MMCLXXXI
MMCCCXLIV
925
CMXXXIII
2514
2904
3503
1161
CCXXVI
MMDCCXCV
2229
MDCCLXXIV
3986
MMCCXIX
1753
MMMCCLXXXI
MDCCXXIII
MMMDCXCIII
2767
2668
638
1820
MMDCCXXI
2092
2623
589
2945
MMDCCLIX
1522
MMDCXXVI
87
DCCXCVI
3237
MMMCMVI
DCCLX
2974
3752
1647
MMDCCXCV
MCCCLXXIII
3669
2048
3854
CMLXIII
3658
1061
MMMDCXCIV
2559
147
3223
MMMCDIV
543
3761
2434
3849
MMDCLXVI
CCCXLVII
MMMXVI
MLXXXI
MMDCCLXXXIX
1952
MMCCCXCVII
MMMDCCCLXXXIV
3517
MMMCMLXXXI
2435
MDCCLXXXIII
2145
MMDCCCXXXI
16
273
3793
MMMDCCCXXVII
MDLXXI
MMMDCCCLXXVIII
MMMCCXXIX
MMCCCX
MMMCXX
XII
2684
DCLXXVII
MMXXIII
MMXCI
MCCCXXI
2572
113
2441
CDLXXXVIII
MCLVII
DXLVI
XLIX
CCXLVI
MDCLXII
MMXXX
1851
MMMCDLXXXIV
MCCXCIII
3020
2877
MDCCIX
DXVI
3242
1187
967
MCCLXXXI
MMDLXXXVII
MDXVIII
3665
MMDCCCXII
285
178
MMCMXXI
MMCXCVI
1662
1812
DCCCXVI
1157
3708
MCCCXLVII
MMCDXX
1003
2559
1791
MMMDII
2443
2274
DIII
MMDCCIX
2335
MMCCXCVIII
3441
MCIX
756
MMMDCCCLXVI
1706
MMDCLXXXIX
1074
1781
2018
2673
676
MDCCXLIX
458
303
192
1324
3561
MDCCLIX
2348
MCXVII
MDCCCXXXVII
2895
292
1629
CXCIII
2509
XVI
MCDXIX
1785
MMMCX
CDXXXI
CCCXLVI
MDCCLI
1836
2348
511
MDCXXII
MMCCCLXXI
3440
MMCCCXXXVII
3008
899
MMDCLXXXIX
CLX
139
251
MMMDCCLXXIII
CCLXXXII
1238
2403
3659
1873
MMMDCLXXX
3983
1824
MCCLXXXII
MMMDCLXIII
1999
2627
2958
987
3919
2254
700
CDVII
MMMDCCCLXXXVIII
2866
MMDCCCXCIX
LXXVI
1691
MMMDCCXII
DXCVII
DCCV
MMMDLXXIX
MMXXII
3105
1829
351
MCCCXXI
CDLXXXIV
CX
MMMDCCCXXIII
3278
MMCCXCII
1660
MMCLXXIV
MMCMIII
MMC
1060
2795
MMCDXCVIII
2842
617
CCCLXXXVII
MDCCCII
DCLXXIV
MMMDLX
452
702
MMMDLXXIV
MMMCCXL
3565
MMDCCCLXXXVI
DCCXX
MMDLXXXIII
937
MMCCCXXVIII
MMMCLXXXIV
MMMDCXLVII
2654
MMMDCXXXIX
1974
2724
1775
MMDXXXVII
CDXXIII
MMMDLXXVIII
3517
37
120
MMCLXXXVI
DCCCXLIII
CDLXXIV
MMMCCLXXXII
MCCXCVI
MMDLV
MMMCCCLXXVII
MMCXIII
1033
CCCXXII
XIX
2561
2293
MCCLXXXVI
3844
2827
MMMDCXIII
1103
2747
DCCXIV
2965
CCXXXIV
3166
MDCCXLVII
285
MCCCXIV
MMMDCCCXXV
MMCLXXXVII
1003
MCDLIX
3671
MMCDLXXVI
3420
MMMXV
MMDLIV
MMDCCLIII
MCCCLXVII
350
3678
1335
MMCXLIV
398
DCCXCVI
MMCDXCII
2770
2177
214
MCCXCV
MCDXLII
CCCXCIII
1949
MMMCMLXXV
MMMX
III
MMMCXXXIII
204
383
2087
MDXX
76
XLI
MMMDXXIX
1176
MMCMXIV
MCDLXXXVI
MMMCCLXIV
MCDLXXXI
500
MMMCIV
3228
3637
239
DV
2136
3602
MCCCLIX
MDCCXLVIII
3862
3854
MDIII
3110
MMDXII
2145
MMMCCCXCIV
MDCCLXXII
1230
1543
1209
1483
MMMDCXXVI
MMDCLXXXIX
3910
MMXXV
2196
1145
CMLXXXVIII
2880
DXCVII
MDCXX
1146
CCXXII
DXXX
MMMCMLXXXVII
2686
MMMDXCVII
MMMLVII
1361
1590
XXVI
2678
MMMCCXXIX
CDXXIX
3230
MMMDCLIX
MMCCCXXXVII
CDLXXXVIII
965
MMMDCCCV
2549
MMCCCXXIII
MMCMXCI
MDCVIII
3441
2543
MMMCCCXCVIII
CCXXVIII
MDCCX
MMMCXCII
MDCLXXXIII
428
DCCXCV
MMDXII
668
1379
MCDXLV
MMMCMLXXXI
MMCXX
MDCLXIII
3954
MDLI
CMXXII
808
2978
1899
789
MMMCMLXIV
708
28
MMMLXXIX
1470
1067
72
43
2106
MDCCXIX
588
MMCLXI
3365
3931
1038
725
CCXXIII
448
CCXCVII
MMCDXXIII
1848
DCXCIV
2775
MMMCLXX
MMMCMLXVIII
2980
1002
3896
MIV
MMDLIII
286
6
3641
2025
2648
MMMDCXXXVIII
3112
VII
MDCXXVIII
1442
3173
MDLXIV
1372
MCCCXX
2770
966
1812
MMMLXXXVIII
MMMCCCXXIV
MCXLIII
MDXXXIX
MCCCLXVII
MDX
CCCXLIII
MDVII
CCLXV
2668
2044
MDCCXCI
MMMCMXXXIX
MDCLIV
3330
MCCCXXIII
366
MDCXLIX
MCLXXXIV
3325
1014
MMMDCCCXXXVI
MMCLXVII
2373
2665
MMMCDLXXXVII
3629
2348
MLXXVIII
3252
2319
MMMCCXVII
MMDCXXXVII
MMDCCXXXIII
MDXXI
3916
2773
MCXLIX
MMCCCVI
MLXXX
3655
MDCCXI
1854
173
3535
3119
MMCMVI
MMMCCXLI
361
328
2261
3881
2723
MMCCCXXI
2406
2529
MMDCCCLXXXIX
MMXXX
CDXLI
CLIV
1718
3398
2957
MMMDCCCXXVII
MMMDLX
527
MMMCDLXXVII
CCCLXX
MMMDCCXXXI
DCLXXXVI
3169
MCMXCIV
MMCMXXI
2090
45
3707
436
MCCXLIX
MDCLXVII
CCCLXX
MMMCMXXV
3157
2564
3817
MMMLXXIX
1691
MCLXXXIV
CCCIII
MMMXCI
CCCXXXIII
MMMCDLXXXI
3152
599
3605
MMDCLXIII
3859
2071
2779
MMMDCCLXXXVIII
MDCVII
MMDCXIX
L
97
CMXLII
912
2714
DCCCXXVII
2411
CMLVI
MCCCXXIII
3228
2512
MMMDCCCXXVIII
2163
682
MMMDCCC
MCMXCIII
3125
2481
240
MMMDCCCLXX
MMDCCCXVI
MMCXXI
196
MMMDCCLXXVI
MMMDCCCXII
MMMDLXIX
380
285
MMMCCIII
748
MCDLI
MCXXI
2233
CCIX
3866
MMMCMIX
2051
3211
746
2228
MMMDCCLXXXVIII
MCCLVIII
MLXXXIV
MMMDCCLII
2952
MMCCLXIX
CMLXXX
MMDCCCXX
MDCLXXXIX
1740
323
1759
816
MCCVIII
MMDCXXI
3740
1484
387
CMLXXXIV
3384
1280
1611
MMCCCXVII
MMDCCXV
DCLXXXIX
VII
MMDLXXII
2110
MDCXXVII
MCCXXI
3619
MCXXXIII
MMCDLXXV
616
1591
2865
679
MCCXLIX
MMDCLXXXIX
MDCXIV
DVII
MCCXXVIII
MMMDCCLXXXIII
CMLXXII
651
1908
DCCLIII
MXLIII
MDXCVII
DCCCXCIV
3137
MMMDVI
3596
MMMCDXVIII
545
MMMCDXXXVII
420
3363
MMMLXXI
2275
3771
707
1779
MMMDCCXLVII
1137
3395
MCMXXV
MDCCLXXXII
MMDCXXVI
MMMCXVIII
2712
3708
2736
MMMCCCXXXVII
MMCDXXIII
1000
MDCXLIV
MMXLIV
1764
MDCCCXXXI
MMCMXLIII
3393
3049
MMCMXCIII
533
MCCXCIV
804
MMCMLXVIII
2208
2510
CCCXV
444
329
MMXC
369
CDLXXIII
MMMLXX
MDCCCXXXVI
MMDCCVIII
2457
2863
MMCCCIV
1574
MMMDCCLVI
DCCCXCVIII
1753
2643
2287
529
2539
351
3549
2469
2936
2770
2030
CDVI
MMDCXLIV
MMDXCVI
713
MMDCCLXXVIII
CMXLVIII
MLIX
MMMDCXLVI
MMMCMXXI
CDXXXVI
2494
MXVII
MDCLXIX
1324
MMM
MMMDLXII
MCLXV
1927
826
218
MMMCCCXCIV
3238
1832
1933
MMMCCXXVII
MLVI
MMDCCXVI
1972
MCCIV
CDLII
MMCMXCVIII
DCLXXIV
3466
3369
MDCCCXIX
MDCCCLXVI
MDCCCXXXII
1237
1429
262
MMCCCLII
MMMCMXXIV
3250
MMMCLVII
2490
CDL
MMXLVI
815
CLXX
MMCMVIII
1569
3012
CMXXXVIII
775
DLXXXVI
MMLXXXVIII
2717
MMCMXCIV
MMDCXCIV
3480
2451
3163
MMMDCIII
2329
1318
3060
2412
2707
CCCVI
MDCXXIV
MCDXLVII
574
3380
CCXXIX
MMCCXXXI
3640
MMCLXXV
CCCLXVIII
MMMDCCCXCIX
MMDCI
1305
MCCIV
CCXXXVI
MMMDXCVII
MMMCCLIII
1618
MMMCDXXIV
2313
MMCLXXIII
3520
MMCDLXXXVII
MMDXXXVI
MMDCCCLIV
1421
96
MCLXXXII
3154
3248
3245
1522
MMCDXCVIII
2726
305
MMDXII
572
261
2915
MMCCCLXXXVI
MMMDCCCXLVIII
MMCDVII
3650
1502
MMMDLXXVIII
MMLXXXVI
MMMCCLIII
3600
1818
1241
MMMCDXXXIII
1647
277
MMMXV
531
MMCMXIV
3068
3706
1112
120
MCMXV
MMDCX
1226
MMDCCCXCVI
2841
1104
MMMCCCLXIV
3534
MDCCCLXXXIII
1801
MCLXXXVI
2886
DCLXII
CCXXIV
MMDXCVI
3511
MMDCCXCIX
MMMCMLII
569
MDCCCXCII
3517
810
MCDXXVII
3538
MMCMLXXXIX
DCCCLXXIII
3526
2560
3298
1102
DCCXXXVIII
2400
2263
1245
DVII
MCMLXXXI
3230
1878
MMDCCII
2906
2411
CMLXIX
3691
2422
3704
MMDCCLXXVI
MDCLXVII
MMDCCLIX
MMMCD
2045
3681
3008
MCCCI
MMMCMLIX
CXLVIII
MMCMXXIX
MMMCLVIII
DVII
MMMXXXIII
1441
MXXV
MMDCCCXXXIV
1642
MCMXXV
3517
1225
DCCCXXIX
MMCCV
CLXVI
MMDCCLXXV
1706
1148
CLXXXII
MMMDCCCLXXXVII
MMMLXIV
439
2882
768
MMDCXXVIII
CXXIII
CCCXVIII
MMMDXCVI
2378
MMCCCXCII
1957
MMMDCCCXXVI
497
221
MMDCCCLXXXIV
917
1644
MCCCXV
1074
3172
2355
1135
MMCCLIX
2325
MCMLXXIII
2850
2188
DLXX
CXX
1453
2152
MMDCCLXXI
1360
MCCXCV
140
2205
1821
3797
MMCXL
3094
DCCCLXXIX
MCCCXXIII
MCDV
1077
3983
MMLIV
MMCDLXVIII
MMMCDLII
1295
2719
3260
3287
MDCCCXXXI
MCMXLV
MMXC
725
DCLXXIX
MCDXLVIII
MMCDLXVI
MDCCCXXIII
MDCCXCIV
LXXVI
988
1414
MMDCCLXI
MMMCXXXIX
XCI
3387
MMMLXXX
656
2199
2714
2844
MMMDCCIV
MMMDCCLXXXVIII
170
MMMX
MCCXCVIII
MDCLXXXIV
CCCXCI
3580
MMMDVIII
1753
MDCXXVIII
3680
MCCLXIX
1568
199
VI
MMMCMXXXIV
3056
769
3710
DCCCXVIII
2583
MMCCLVIII
MMCMLXXXIII
3159
XX
2521
CCLXII
MMMDCCCXXV
MMMDCCCLX
MMCMII
MCCCLXIX
1872
MDXCV
218
MMDXLV
MMMDCCCLXVII
LXXXVIII
3730
3962
3002
MDCCXI
MMMCLXXXVIII
MMMCDLXVI
1033
1677
3737
2568
2116
3003
MCMLXXX
CDXXIV
MMDCCLXVIII
629
MDLVIII
904
352
2757
1075
XL
927
MMMCCCXXXIII
CCLXVI
2394
1180
MCCLXIV
DCXCIX
1001
3931
MCLXIV
MMDCCXCI
3668
168
2697
XXI
3157
MMMCXXXVIII
2483
MMMCCLVIII
23
174
1448
MDCCCLV
3456
MMCCLXXVII
2840
MXCVI
MMCCCLV
2020
MDCCCX
2335
2670
CMXCIV
1393
1365
MMMDXLII
MCCCXXXIX
CDXLV
MCCLXXV
DXXIX
MMCXCIV
XCVII
1631
1686
642
MMMCCCXLI
1732
1866
MCDXLVI
XIV
MMCDLIII
MCMXIX
3662
MMCDXXI
1385
MMMCV
782
MCMXC
11
MCCCXXI
569
475
215
1271
DIII
3919
3711
3529
40
225
1690
191
2780
3210
2787
2548
328
74
483
MMMCMXXXVIII
3979
MMMDCCCX
CDXLVII
MMCCXLIV
MDCLXXXIII
MMMDCCCXL
CCLXXVII
MMMDCCCXLV
MMMDCCCLXVII
1690
3007
2558
MMMDCCCLXXVI
MCDLXXXIV
3599
3946
1225
883
3607
657
2726
LXXX
XLII
540
DCCCLIX
CDLXXII
84
255
MCDL
3266
660
MCCXXXIII
CCCXLVI
167
3989
2168
DLXXXVII
MCDXXXVIII
81
CXXX
2256
MDCCXCIX
800
DCCXXVI
1904
MMMCXVIII
CCXLV
MDI
2523
3658
CDXIX
MCCCLXVII
MMMCCCLXXIX
MMMCDLXXVI
CCXXVI
MDCCCLXVIII
MMCCCLXVIII
1893
MDCXCIX
L
1213
MMIII
CCCLXXXI
MCCXC
2103
CMXXXII
MDCXVII
MCXLIV
2639
MCDXII
3678
MCXLV
3864
MCCLXI
MDCCXXXIX
1350
MCVI
CLXXVII
1875
MMMXCIV
MMMDCCLXXVI
MMLXXXVII
2368
MMMCCCXXX
1770
1120
MMMCCCLXXIV
2645
3530
3817
MMMCMXVII
XLVIII
2078
MMXLIV
3848
3964
MDCCLXII
2202
3914
957
MCDXXXI
2963
2077
808
CCXII
MDLXXVIII
MMMLII
1322
CXXX
3708
3390
MDCCCXXIV
MDCCCXXV
1559
CCCXXII
MDCCCLIV
2976
MMMVIII
MMDLVIII
MMCCXXIX
DXCIX
3940
CLXXXIX
MMXXIII
CMXXXV
MCCLXXXIX
203
3020
MDXIV
1325
MMCCV
2576
LI
1321
2435
MMMDCCX
MDCCCIII
2080
MMMCCCLXVI
DCLXXXI
CDLXXIII
3961
CCLV
DCCCXCI
MMCCLXXXV
CDXLII
MMCXCII
2638
3482
MMMCMLV
MDCCCXLVII
MCXLVIII
CIV
604
2300
DCCLXXXIV
MMCDLXXXIV
3221
MMMCCCXIX
859
MMMDCCCLXXXIV
1935
3476
MMCCV
3227
3234
MXCII
2996
1087
3895
MCMXXI
3944
XCII
MCCCLV
1460
309
186
2774
860
MDXIII
1076
CCLXXIX
MMDCCCLXXIII
85
CCLXXV
1606
MMMCLXXXIX
235
MMMCCCLXXXVIII
MCDXCVIII
MMLXXXVII
MMDCCIX
3117
261
2493
840
3364
MMDCCCLXXXV
3287
MMCMLVIII
3884
2419
3952
MMDCCCXCVIII
CLXXXIX
MCCCLXV
MCXC
MMMCCII
MMMCDXLIII
1247
2850
2318
597
MMMCDXVII
2747
MCCXLVIII
MDCCLXXXIV
MMMDCXIX
CCCXXXI
CDVI
1278
MMCCCLI
MMMDCCCLXXXI
MMDCCCXVIII
2278
MCMXXXV
MMMDLV
143
1263
1593
1391
1095
DX
2235
MCLXXII
3483
1713
DCXXXIV
478
CXC
MDXCI
2113
739
MMCCCXX
MMCLXXVIII
MMMCCLXX
MMCCCLXIV
448
MMMDCCXXIX
3449
1737
1327
CXLVIII
252
2165
MMMCXX
2402
DCXXXIX
1694
2564
MMMCXCVIII
MMMDCCCXV
MMMCDI
114
LXXVII
495
DCCCXXIX
MDLVI
1854
820
MXVII
DCCLV
726
CCXXXIX
3399
3027
MMMDCCXCVI
MMMCMXXXIV
1989
104
3301
DCXIV
1069
MMDXLIII
MMDCCXLVII
2339
3100
2604
2953
1672
CMXXXII
1800
1080
435
1957
MMMDLXXXV
1865
MMDCCXIV
DCX
2485
MMMDCCLXVI
1157
MLXXXI
CCCLV
3689
672
725
MMDLXVII
80
3553
MDCXL
3574
1810
MCCXLIX
MMCCXXII
CDLVIII
CCCLXXIII
2620
3501
1871
DCCLXXXIII
CCCXV
MMMCMXIII
110
3620
788
DCCLVIII
MCLXXXIV
MMMDCCCLIV
MMDCCCVI
MDLXXXI
MMMDCV
676
MMDCLXXXIII
MMMCDLXXIII
MCCCLXIX
CLXXXVII
421
1104
2368
MDCLXX
2770
CMII
2198
1
MCDLVIII
3677
MMCCXVII
MMDCIV
MMLXXII
MCCLXXIII
2683
MMMCCCXXII
MMCXXXIX
MCMLXIII
420
784
MMDXCV
2949
2630
1796
3976
3
DLXXXIV
MCCCLXVII
643
CDXXXV
3086
CLXXII
MMDLXXXV
2215
2871
1213
DCLII
MMMDCCLXXXIII
DCCCLXXI
MMMDXCII
DCCXXVIII
MMML
MDCCXLI
MMMDCXLII
2279
MMDIX
1718
1422
DCCCXLIV
MDCCCLXXI
3
MMMCXCIV
3200
MMMDCCLXVI
MMCCCXCVIII
241
MMMCCXVI
CCCXXVII
2373
MMCCCLXXIX
1870
33
1140
MCDXCI
2863
MMDCCCLXIII
3505
479
CMXCVI
MMDCCLXXII
3648
1729
MMCLXII
MCCXXXIII
3539
MMMCDXXXV
2632
1505
1379
1172
MDCLXXIX
LXXV
MDCXCII
MCDLXXIII
1096
MMCXII
MMMCCCXXV
DCCCLIV
3201
2343
CIX
MMMXXV
1472
2085
MMMDCXXXII
MMCCXXIII
CXCV
1202
MCDLXVI
3206
MMMDCXI
2801
MMMLXXXVI
DCCCXXXIX
1377
MCMLXIII
162
1417
1831
MMMCLXXVIII
1156
3493
1340
MMDXCIX
2340
3100
484
2286
3269
MMCII
796
2356
450
746
MMMDCXXIII
LXI
MMDCXXIX
LVIII
2791
2207
2197
MMMDCXVII
MMMLXVIII
3121
2579
CXXXVI
678
MMMCMXXIII
XCVII
2152
3963
2858
1739
MCDLXXVI
CCCXXVI
3635
MDCLXVII
441
MDIV
MCCX
MDCXI
MMMDCCCXLVIII
255
453
MMCLVIII
2809
1136
899
498
3058
DLXXI
2100
MMMDCCCXCIII
MDCI
2045
992
MDCCXCI
MMDCCCXLVII
MCCXCIV
CDXLIX
488
MMXLIII
2072
MMXIV
MLXIX
MCMXXIX
MLIV
MXXXII
MMMIII
3204
1918
MMMDLXI
2679
MCXVII
784
744
84
CCXXV
MMMCDXIV
MMDI
24
MMMDCLXIX
DVII
302
MMCMXLIII
1418
3304
MMDCCXLVIII
1745
519
833
2473
MCCCXXXVI
MCDXXV
2236
CLI
MMDCXCIX
2400
MMMLXXXV
853
MCMXV
MMMCCXXXVIII
MMCCLXX
MMDCCLXXVI
MMDCCLXXXV
MDLXX
MMCXXIX
MMMCCCLXXIII
151
MMCMLXXVII
MMMCCVII
2639
1689
MMDCCCXCI
1016
545
MDCLXV
1251
3866
1883
1330
3712
MMMDCCCXXIII
790
445
1091
MDLVIII
2440
338
MDCXXXV
MLXXXIX
MMMCLXXVII
3667
MDXXII
1040
DCCCXVI
3938
3466
3671
MMMCCIV
MLIV
MMMDCCCXV
DCCLXXXIII
3064
2011
1879
CCLXXXI
881
MCCCXLVI
MMCCLVIII
MDLXXXIV
MCXCII
2442
3787
MMLXXV
MDCCXLI
MMMCCCXC
MMCDLXXVIII
MXXXVII
3217
MLVIII
96
1788
940
MMDCCCXIII
1872
MCCLXVII
MDCCCXC
MMCMXXXVII
2550
CCXXIX
2619
MMMCXLVII
2405
XCI
3593
MMDCCCIII
MDCCLX
1065
2310
CLXI
CCCLXXIII
1863
MCCCIV
3526
1956
2746
MDCCLV
MMLX
MMMCMLXXIII
1318
3311
CDXCVII
930
1093
MMCCLXXXV
3187
MCDLXXVIII
1785
3032
MMMDCCCVIII
MDCCL
3086
2721
807
1118
405
MMMCDXXII
DCCXV
MMDLXIV
MMMDCCXXXIX
2196
1483
2131
MMMDXLIII
MMMCCCXXXII
241
3995
MMMCXIII
MDXXXI
3864
CMLXXXIX
3073
MDCCIV
736
187
1777
3722
MMMCCCXXXIV
3244
548
687
MDXCVII
DCXCVII
MMMDXXXV
2460
3537
709
MCCCXCIV
713
2750
3556
MCCCXLII
MMMDCLXXX
MXLIII
MDCCXIX
CCXCIV
1386
CDXXVI
426
MMMCDXXIII
869
MMMDCCCIII
MMMCMXXXV
MMDCXXIII
3627
MMCMI
MMDCXXXVII
MCXLVI
3882
MMDCCXII
1529
MDCXCIV
433
MMMCCLII
CDLI
MMDCXXXIV
2499
MMCLXXXVIII
MDII
752
1360
MDXXVIII
1538
2686
MMMDCCL
MMMDCCCXXXV
1836
1552
236
MMMCLXXVIII
MCCXLI
MMDCCLXXXIX
894
DCXXXVII
MMMDCXI
CCXCVIII
3335
DCCCXVII
3632
73
2691
MMCCCLXXIX
1650
DCI
1857
MMMCDXXIV
2918
2820
592
2660
3633
MMMCCLXXVI
3794
MMDCLXXVIII
151
MDCCLXXIV
MMMCXXII
2866
MMCMXXXVIII
785
MCMLXVII
MMMDCCXXXII
771
MMMCCL
CDXI
650
MMCCCXXV
2933
1594
MMDCCXLIII
MMMLII
1783
3841
MMMLXXXVIII
2122
2146
MCCIV
MDCCCXXIX
2186
393
MMXCV
685
DCCXVIII
2136
MDCLXVI
MVIII
33
3496
DCCCXLI
MMCMLXVI
1999
3436
CCLV
MCLXVIII
646
MDCCCXCIII
1881
542
23
1053
2250
3529
3373
3935
DCXL
MMMCMXLVII
2949
MMMCCLXXXVI
MMMCCCXLI
CDLIV
DLXXII
941
MVII
MDCLXV
MXXXI
1757
MV
MDXVI
MDIV
3470
MMCMII
2887
CCLIII
MMDCCCLXIII
MCCCXCIV
2576
2202
137
DLXII
CX
1765
MDCCCXXXIII
MMCCCVI
MCC
1167
MMMCCCLXIV
MMCXXXI
1593
3906
MMMDCCXIV
2965
MMCMLXIV
CXCII
3264
MMMDCCCXCVII
3197
DCLXX
1518
213
932
3685
MCDL
148
MMMDCX
MMMCMXCVII
7
MMMDCXXXIX
MXIII
MCMXXXVIII
DCCCLXXXVII
2779
3342
MLXXVIII
MMDLXIX
MMMCDXXVIII
MCCXXX
MCCCLXXIII
3008
DXLIII
MCCLXXIII
1258
MMDXCI
2346
MMMCCCXXXIII
3285
MDLXII
1064
DCLXI
MMMCVII
DCCCLXXVIII
3113
2266
MDCXC
3772
116
492
1635
2706
MCDXXXVII
1217
DCCCLXXXVI
MMDCCCLVIII
MMCDXLVI
MMMCCLXIII
3108
1066
3978
MMDCCCXXIV
CCCXXXI
758
1111
3145
616
CMXLII
3713
1591
3013
MMCCLVII
1101
2767
CCXLI
MCDLXVI
1784
MMMCCCXXVI
CCXCIII
DXVIII
MMCMXXIV
MMMCXLII
MMMCDXLVI
1497
280
1333
3413
MCCXII
MMMXXX
MMCCXXIII
MMCMLXV
CCCLIX
2277
3448
MMDCCXXIII
DCCXLVII
3114
CLXXXVII
MMMDCXXIX
676
3566
1589
3701
2777
DXVI
1821
1343
1147
MMCCCXXXIX
1519
609
2695
3371
2415
2515
1920
400
2565
2302
2652
MMMCLXVI
3203
2112
2254
1679
3672
2629
3352
MDCCXCI
CXVIII
2498
MMDCLXXX
MMMDCXCVI
2308
MMMCXVII
2708
DCV
MMDCCCXL
MMCVII
MMDCXCIV
1800
DCCXXXV
XXVI
209
2571
3185
MMMXCVIII
CLXXXIV
3167
MMMDCLXXVIII
3005
2351
MMDXC
547
MCCCXXXIII
2564
MMMCDLXXIV
MMCCCLXXVIII
500
DXI
2961
MMCCCXXXII
230
1864
2114
1294
320
470
1286
MDXXII
MMMCCCLXXXIX
1711
MDCCXXXII
3842
377
3509
634
108
2237
2710
MDCLXXXIX
DCL
991
1357
3740
216
604
3233
2892
MMMCDXL
1887
474
MCMLXII
531
1227
3340
MMMCMLXX
MMCCXI
461
1798
3932
3331
1425
1415
MMMDCCXLIV
MMDCXVII
MMCMLXXXIX
MMMDCCXVII
DXXVII
1884
2610
1586
2558
1058
901
MMCCXXXI
MLXXXIX
2269
1347
961
2347
3192
MMMDCXXXIX
MMMCXCII
MMDXCIV
MMMDCCLXXIII
MDXCI
1796
72
1713
2052
1155
DXXXIII
DCCXII
3948
3680
3761
1112
2893
463
VI
MCMLXXXVII
MMLXVII
1366
LXXXIII
MCCCXXII
2393
1115
3450
2407
1258
MCMLXXXVIII
MMDXI
CDLXXII
MMCCCLXVI
MMLXXXV
MCCCXIII
1074
MLXXII
MMMDCCXCVII
MMCMLXXVIII
MMMCMLXXXVIII
1452
MCMVII
DXIII
CDXXXIX
2746
MDCCXLIII
1757
MMMCXXXVII
3035
MMMDCCXXXVII
CCLXXIII
CXLVII
CCXCVI
MMCCXLV
DCLVI
3966
3375
MMMDCLXVIII
CCXLII
2079
MDCXXIII
MMMDCCXIV
92
MMDCCCLXI
CXXI
MMMCMXXXIX
MMMCXV
1725
1229
1852
366
1745
MCCCLVI
CMLXXIV
MMCDLXXXVIII
295
MMMCMLXXVI
MMMCMXCII
MMDCCXVI
846
3871
MMCLXXXIII
2917
2534
MCMLXXXVII
2229
MMDCXXIII
596
LXVIII
MDXL
3127
MCCCXVI
CMXXV
3098
285
182
3895
MMDCXIV
DCCLIII
730
3447
CMXLVII
MDCCCV
CCLI
MMMCCCXLIX
CDVII
2413
CXLVII
MDCCCXCIV
491
2249
MMVI
3239
MDCCLXX
MDCXXVII
1529
MMCDLXXVII
LX
MLXXIX
MVII
60
1915
1533
2330
MMDLXIII
DCCCLXI
105
3655
2285
MMXXIV
DCCCLIII
MMLI
MCCLXVII
MCLXIV
MMMDCCLX
MMMLXXI
3179
MMMCCXIII
564
1782
837
1154
MMMXVII
MMMXXXII
MDCCLXXXIII
MCMXX
MMCXXXI
MMMDCCLIV
CDLIX
MMMCDXXX
MCCCXXXVII
CXXIII
2142
1064
2938
MDCLXXVIII
3180
MDCCCLXI
DCCLVIII
2057
1990
MCDXXVII
1082
2153
45
MMMCCXLIV
1649
MMMLXXVIII
2777
783
MMCCCXCVII
MCCCLXI
MMDCCCXIV
2130
2103
3887
1825
MMMCMLXIV
MMCMXXII
2951
1283
CCII
1203
2055
MMCCCLXVI
3619
MMMCDXXXIX
1467
1057
MMMDCCLXXIII
MCCXXIII
1181
2915
MCCCXCI
2588
MMMDLIV
MMMDXCIV
2940
MCDIII
2012
MDCCCLXIII
CXLV
MCDXVI
1855
2903
2623
496
2383
MMMDXXXVII
1182
MMMCCLXIX
2530
813
MCCLXXXI
3389
DCCCLIX
MMMVI
1409
541
225
2037
2378
MMCCCLXXIX
3838
MMMDXV
MCDLXXVI
2006
MMCDIV
2579
MCCXLI
692
3684
MMMCCCXXXI
MMMCCCLVII
MMCCCV
2881
2589
1693
3472
CCCXXXVII
MDXLIX
MMDCCXVIII
DXL
CC
2984
DCCCXCI
MMMCMLXV
1056
2820
MDCCCL
828
MMCXCIX
CMLXVII
1714
3336
2645
MMCXLI
MDCXXXIX
MDCCLXI
MDCCXXIII
MMCCCXX
MDCCLII
2882
MMDXXXVI
MCCCLXXXI
3280
3787
DLIV
MMMCCLXXV
2393
1395
3968
1645
974
MMDCCXX
MMMCDLXIX
982
3505
2670
MCCV
MMCCCXC
XXX
1435
94
MMMDCCCXXX
805
1811
MMMCXLVI
3942
MMMDCCCLXXXVI
3422
MLXXX
MDX
MMLXXXI
MMMDLXIII
MMMDV
MCMXCVI
2945
1026
2533
2605
354
MMCCLXXXVI
CCCLX
3083
MDCCCIV
MMCDXXI
MMDCCCXCV
MMCCLXIII
3549
2644
212
MDCCXCVI
1265
MMMCCXCI
564
DCXXXI
2474
3776
3225
3796
1143
MMMCMXXVI
MMMDCXXIV
MMMCDXXXI
CCLII
DCXLV
1335
MMCDXXIV
2104
1221
XLV
MDCCCXCV
3639
MDCXXXIX
2126
2833
2604
1374
3812
MMMLXIII
3104
402
MMCCCXXXVI
3672
2968
2570
MXXXVIII
MMMDCCCLXXXVII
MCCLV
2411
MMMCDLXX
MMMCCLXXX
DCLXVII
MMDX
3805
DCCLXXXVII
808
3500
2633
3294
MMDXXII
2959
3228
MMDCCCXXXII
484
MMCCXLVII
3221
XLIX
MCDXXIX
MMMCMXLIII
MMMDCCCXXXVIII
3855
MDVII
3132
MMMCLXXXVI
MMDCXCI
MDIII
MMCDXV
420
1343
XXXIV
3785
MMDCCXCVI
DCCCLI
MDCLXXXVII
1997
3612
32
MMMCCLXXI
361
3797
MMCMXLVI
MMCMXXXIV
MMCDXXIX
DXXXIX
2999
MMDCCCLXXXVI
3806
1140
844
MMMDCLXVII
1670
667
MDCCCX
217
3594
2741
2686
MMMLXXXII
3458
2160
1472
MMCCCXCIV
1600
3282
1080
MMMCLXVIII
MLXXIV
MMCCLXXIII
MCC
3385
2717
1999
907
921
MMMDCXLVI
1181
1071
MCXXVI
MDCCCXL
MDCCCLXXIII
MMMLXXXII
465
1338
3867
MMCCCXXV
MXXI
MMMDCLXXXVIII
3613
MDCXXXIV
MCCLXI
MMCMLIX
MM
MCCLXXVIII
MMMCCCXXXI
766
MMMDCCCXV
780
319
1339
2093
2044
MMLVII
2695
MMMCLIV
DCCVII
1060
MMMLXXXIII
510
2980
604
2652
MMDCCXXII
2809
MMDCCCXIII
MMCMXXXIII
3622
647
3772
CCCLXXXVI
MXLIV
1394
2596
1907
866
MMMDCCXXXV
LXVI
MMCDI
MDCCXL
2806
3923
242
DCXXXII
MMMDXXXV
MDXCV
1466
601
3213
MCMXI
476
2555
2302
2205
MMMDCCCXLVIII
DCLXXIX
3359
MMCCLXXII
MMMDCLXXV
3970
MMMDCCCXXVI
MCCCXXI
LXIX
2341
MMMDCCC
MMMDCCI
MMCIII
2723
MMMDLXXXVII
MMCLIV
1082
3631
CCXVI
MMDCCCLXX
2120
MMCDLXII
MDLXXXIX
MMDCXIV
3520
MDLXXXVII
MCV
3275
MMXCVI
2037
2577
DLXXVI
1923
CCXXIX
1716
2177
MDCCLV
600
1521
3870
1634
2452
2951
MMCCXXXVIII
MXXXVIII
MMMCDLXXIV
1906
2906
3357
2199
MCCCXXV
3929
MIII
1510
921
MMDCCXCIX
3214
1164
2549
MDCCCLVI
MCCXXXV
MCCCXLII
122
2439
XXXIII
DCCCLVII
350
1039
2770
232
MMDCCLXXXII
3450
MDCXXX
2838
1707
3078
1924
3002
MDCCLXXIX
2104
MMMCDIII
1093
MDCCXXXIII
DCCLXVIII
938
3903
MMXCIX
204
CCCXXXVII
312
MDCLXVIII
2225
MMMDLXIX
524
MMMCCCXLIX
2429
2434
2265
108
2078
2815
2346
553
3657
MCMXCII
2265
3219
MMMCMLXIX
1313
627
DCXLIV
MDCCCXXIX
MDCCCXXXIX
XXXI
CMVIII
MMMCCXXVI
MMMCVII
DLXXXIII
1833
MMMCDLXIV
DCXIX
DLXXVI
3432
896
DCCXL
MDCCLXXIX
3633
1398
1328
1717
MMMDLXXXIV
2162
CLXX
1974
DCII
3013
CXXIV
3133
1983
MMMXXXV
2850
2334
CDXXVI
489
MMMCDIII
MCCIX
MMCMXCIV
MCDXXI
MMMCXL
MCXLIX
783
MCDXIX
2325
1735
988
1055
MMCMXCII
CCCVII
3891
MCMXLI
1580
DIX
MMMDCCCVII
MMMLXXXIV
3672
2344
MCCIX
MCXLIII
MMDCCCXLIX
MMDCCCLV
MMMDLXIV
1887
3216
3074
MMCMLXXVII
MMMCDXLVI
MMDXLII
696
2450
CLXXVII
3229
DCCCXIV
MMDCCCLXXV
2613
DXVIII
3940
2991
2969
MCCXXVI
LIV
3672
536
DCCCIII
2598
MMMXLVI
MMMCDXXXII
3657
3479
2672
1909
MMCCLXIX
3814
CDLXXV
MCMLXXXII
MDCCCXXXIII
MCMXLVI
DCCLXXXII
MMDCXL
CXX
3152
1171
XXXIV
1777
MMMDCCCXXVIII
MDCXIX
MCXLVIII
452
940
374
DCXVII
CDXLII
MDCXVIII
MCXC
MMMDCX
1605
MMCCCXLVII
3033
MMLXXXIV
MMMCDLXXI
1000
849
MMCCCXX
MMMDCXCII
MMCDI
411
MMMCMLXXVIII
MCLXXIII
2772
MMMDXIX
1378
MMMLXXXIX
374
MCCCLXXIV
2180
808
2788
3544
MMCCXXXIV
DCCCLXXXVIII
1818
2463
CCCLXXXVI
MMMCXXVIII
3922
1748
MMMDCCLXXX
2948
2813
3302
1817
2166
2515
1752
MCXXXI
MMDCCXCII
2367
1414
740
1061
3960
CXCVI
MCXXXVI
MMDCLXXVII
3548
MMMCCXX
1479
2972
MMCCVI
MDCCCXXVIII
843
DCCCVIII
625
1932
3646
3590
3419
MMMCDLXVI
MD
1261
3462
MDCCCXLV
888
796
2816
MDCLXXIX
1502
1395
3290
3337
1644
2780
608
1027
MMCXXVI
1345
MDCCLXXVIII
3935
1987
MDXVII
MMDXXIV
MCCCLXII
MCCIII
1218
2107
MMCXIX
1292
XXXIII
1947
MMIV
2211
635
MMLXXII
3565
3086
XVIII
CMXXXVII
3374
DCCCLVI
MDLXVII
3058
1405
MMMDCLXX
MMMCXCI
MMMCMXCVIII
1918
MMCDLXXXIII
1424
525
461
MMCMLXI
1077
1403
2586
3243
MMDCCXVII
MMDCCLXXXIX
3727
MMMLXXVII
MCXX
1199
117
MMCDXVI
2307
DXI
MDCXXXVII
MMDCXIX
668
2008
MMLXXXVIII
MMCDXLVIII
3004
CMXII
1867
CMLXIV
723
2914
MMMCLXI
2784
MCDXXXVIII
MMCMXLIX
MXCVI
MDCXXX
MCII
1132
1233
MMCMXXXIII
MMCXXVIII
MCDLXIII
MMMCDIII
MCLXIV
IX
1166
MCDXVI
MMMCCCXXX
1262
MCDLXXXI
DLXXII
MMDCCCXI
MMMCCLII
1040
MMMCMXXXII
MMMCCIX
MCCCXCIX
CMXX
MMMDXXX
2151
2625
MLXXXIII
MMCMLXII
1807
MMMCCLXI
MMMDLVIII
MMCCXXX
MCCLXVII
3172
MMMCMLIII
MMMCCCLXXIV
CDLVIII
3840
1983
2469
2949
721
252
1768
MMMDCCCVII
MMMDLXIX
MMMCDXCVII
MMDCCXXXI
CCXXXVI
MCMXCVIII
CCCXXVI
2007
638
MMLXXXII
MDC
MMDCIII
MMDCXXXIII
MMMCCXXXVI
MMCXXXIX
MDCLVII
3209
27
CDXXX
1740
1486
2570
1060
757
799
3996
3644
2167
2424
1922
MLXIII
MMCDLXXIII
1455
CDIII
MCDLXXIV
60
MDLXVI
CDXCIII
123
MCCCXXV
3189
1379
1337
2551
MMCCLXIX
2497
426
2350
1436
MMMCCLVIII
CDIII
CMXI
DCCCXLIII
3431
2548
MCXCVIII
2828
3143
377
MMLXXI
MMCCCXCIX
MMMCCXXXII
930
MXLI
3025
MDCCCLXXXII
DXX
MDCCCXL
MMDIV
154
2373
MCDLXIV
2373
MMCDLXII
MMMXCVI
MCXC
30
MMMCCLXXIX
MCCVII
MMLXXXIII
MLXXVII
2135
DCXXXII
MMDCXCV
MDCLXXVII
DLII
407
2449
330
2569
2525
3565
DCVIII
1447
3406
1956
3443
MDLXXXIX
CCLXXXVIII
2716
MMDCCIII
MDCII
CCXLIX
1141
MMMDXCII
3515
3728
1122
MCCLXXXVIII
MLV
2339
1521
2296
2708
2182
MXXXIV
1813
MMCCCXXXVIII
1825
MCCCLXXXVI
1476
1280
2318
CDLXV
DCLXXIX
MCXCII
297
MMCMXL
1988
252
MMCMXXXIX
787
1240
3874
3819
2361
69
3964
1551
1612
DCCVI
736
1694
425
MMMCMVII
3547
292
2473
MMDCLXXIX
MDCCXLI
2039
MMMLXXXI
451
MMCCXIII
CLVI
MMMCMLVIII
MCLXV
1478
3053
2905
2553
MMMCXVIII
222
MDCCXL
3469
MDCCLXXIX
3483
MMMCCCLXVI
DCXXXVIII
2033
MMMDCXXVIII
1688
784
2788
538
3538
534
MMXLIX
MDCXC
2008
350
MMCDLVII
3849
856
3686
1616
1823
1567
MMMCCXIX
1683
355
MMMCCXCVII
2773
MMMCCLXXXII
MMCLXXVIII
MMMDCLXXVI
464
771
MMMDLXI
434
MMMCLXV
1206
MCLXV
MDCCXXII
CII
MMCCXII
3227
1986
3331
MMMCCCLXXXII
MMCCCLXVIII
MMMDCCCXXXIV
MCLIV
MDCCCLXXXII
MMMXLIII
3112
2159
MMCDXXIV
MMMCMXXVII
MMMDCCXXVI
DCCLXXXIX
MMVIII
231
657
2155
CXXXIV
DCCLV
3436
CLXXVI
MDXXXV
2811
3548
MMCDXXXVI
1161
3402
MDCCLXIII
1456
2211
598
1992
442
556
2989
2542
MMMDCLXIII
3984
2495
MMCXCIX
CDXI
3615
1075
2840
CCLXIII
MMMCDXCIII
1101
230
3520
2790
386
MMXCII
2778
2638
3900
MMMDCLXXV
CMVII
MMDCCLXXI
MMCL
MMMCMXC
MMCMXVI
3651
581
2706
CCCXII
3832
MMMDCCCXI
958
MMCDLXXXIV
1195
1046
CCXX
3888
1969
MMMDCCLII
MCCI
MMDCCXCV
DCCLVIII
1210
MLXXVIII
2665
695
2839
19
MMMDCXCI
MMMDLV
2589
2673
MMCMXLVII
MMDCCCXXIX
DLVII
MCDXLV
2471
DIII
MMMDCCCLXXXVI
3995
CCXL
MMCDLV
MDCCCXC
MCXXVII
2096
304
MMMCXX
MMXXXIX
287
CCCLXXXI
MCMLX
235
1664
MMCLXIII
3756
MCCXXX
580
MMMXCVII
2100
2256
CCXCII
2689
MCMVI
1981
1644
1507
CMLXXX
MMMDCCLXI
2382
3187
DCCCXLIII
1618
84
645
MMDCXII
2570
2854
2931
2860
CCXL
MMDCCXIX
2081
MCDIII
476
2449
1247
1610
CCXLVI
2788
MDCCCXCV
MMCLXVIII
2924
MMCCCLX
MDCXCI
MDCCLXXVII
1641
MCCCI
49
1193
DLV
1074
1565
MDCCCXII
2453
MMCCLXV
VI
1730
2896
MMMXVI
2832
3431
1179
2356
1611
2891
3216
MDXCV
MMDCCXCIV
2464
MCCCLXXXV
MMMCDXCIII
MMMDCCXCVI
MMMDCXXI
2892
1624
CDXL
MCMXXXII
930
816
1607
802
1421
3645
MMMDCCCXXXV
CM
3903
1979
MMMDCCXL
MMXX
CCLXXI
MMCMXXXI
DCCLXXIII
1671
2437
943
1918
CDVI
IX
MMMDLXV
MCDXIV
1107
2760
1998
MMDCCCXLIII
DCCCXLVI
MMMDCCCXLVII
2669
MMXXIX
2759
DCCXXXVII
228
1966
MCCXXX
MMCDXC
370
281
LVIII
MDCCCXCIII
MMMDCXXII
1454
2258
666
MCCLIX
2310
2304
3816
2719
394
DCXLI
1424
3469
264
MMMDXXIX
2486
MMMDCCCLVIII
MDCLXXXIX
3829
1834
3963
748
3918
MMMDCCCXCVIII
MMCCXIV
2042
MMDCCLXIII
3196
DCCCXCIII
876
1004
MMMCDXL
CVI
CXLII
MMCDXXII
MCD
MCDXL
3448
MCLVII
DCCCXCV
2353
1427
MCCCXCIX
DCCLXXXIII
2280
1928
3531
3468
MMDCCXCVI
MMCCL
MMMDCLIV
CXCI
3809
523
487
302
1080
148
MDCCCLXXXVIII
828
3113
205
CDX
CVII
1353
MMMCCLXII
CCCXIX
MMMCDIV
571
MMMDCCCXVII
MCCLIII
MCCCXVII
MMLXX
2594
CCXXIII
3934
1343
MMCCXXIV
MMMDCCII
3479
2731
MMLXV
MDCCCLXXI
3336
MMDCCCXXVIII
1929
DCXIV
MDCI
1267
3925
2822
3933
3282
MMMCCLXIII
3547
MDCLXXXIX
MMCX
DCCLXIV
CDXCIII
MMDLXV
3925
DCCXVI
DLXXIII
MCDXVII
1418
MMCDXXVI
2771
MDCCCXLIX
2100
MMDLXVI
CDLXXVIII
MLXXVII
CCCXLVI
1817
3394
930
MDCCIV
2285
1510
1427
MMCCXC
3562
1868
1869
2185
3130
MDCCCXLIX
570
MMCDXLVI
1964
670
DCCXLIX
MDLXII
3771
MDXXXIII
MCCCXXXVI
MMMDCCCXLIII
MMMLIX
1362
574
3943
MMMCDXV
MMDCCCXIII
3522
776
162
MMMDLIX
DCXCII
MCCCLXXIII
1591
MMXXV
MMDCCLXXX
1671
1429
MMDCCIV
CCCXXXII
MMDXC
1907
MMXC
247
MMMCCLXIV
3385
MMDCCCLVII
MCDXCVII
983
2181
MMMDCCCLXXXIX
2304
DCXXXI
1029
3409
MMDCCCLXVII
1544
3118
918
401
MMMDVII
XCIV
MMCMXLIX
3784
772
3702
MDCLXIII
2959
2989
3821
1800
MMCDXXV
MMMDCCCLVII
MMXXVI
3475
3553
CCCXCV
DCCLXXII
DCLX
1607
MMDCXLVIII
212
MCMXXXII
2090
2901
MMDCXLVII
MMDXCV
MCDXXIII
2661
MMDCCCLXXXVI
1907
MCMLXXV
1401
12
2845
MMDCCCX
MCDVIII
2057
MCDXXXI
1980
MMCXCIV
2360
3834
LXXI
3338
1200
2962
MMMDCCCXXII
MLXIX
2640
1365
MCDXCII
MDCXLIX
761
432
MDCCCXCVI
MDXXX
2102
2605
1965
MLXXVII
1729
CDXXIII
DXCI
MMMXLII
2671
793
832
1481
181
796
MMCCXXXIX
MCCCLXXXIII
489
MMDCCCXXXIV
508
2520
CLXXII
1717
3694
MDXLVII
MMDL
3936
MMCCXCVII
1865
2165
MCXX
MCCCXII
MCCCXXIX
MMMXVIII
3161
1312
3975
3834
1720
CCXV
MMMCCCLXXXIII
1625
3872
3461
MMCCXCIX
279
MDCCXXXVII
MMDXLVIII
460
MMMDVII
MMDXXIV
MMMDCXXXIV
1539
CDLXVI
MMMDCCXXXIV
1169
DXIV
DCCCLXV
MMDCCCXXXVIII
1874
CCCLXXVIII
2751
2226
MDXXVIII
1947
MMMCDVIII
MLXV
1076
3837
2296
2694
MCDVIII
MCXLVII
3700
1848
CDLII
MMMLII
MMMCMLVIII
1768
MMMCDLXX
1302
MDCCLXXXVII
3623
1878
MCXXXVI
CCCXCVI
MLX
2866
MMMDCCIII
MMDCXLV
MCMXLVI
MDXLIX
MDCLXXIX
742
3398
MMDLIX
MMMCDXXIX
MMMDCXXIII
2292
2606
MMMLXIII
MMMDCCCLXXVI
MDCI
1745
XXXVII
MMCMI
MMMCLVI
2570
1189
MMMDLXXII
1614
CMXXXIX
1383
2251
DLIV
392
XXIX
MDXXI
3560
DCV
MMMCCCXV
MMMDXXV
1274
MCCCI
MCDXXX
MCMLVII
MMMDLV
DCCXVII
MMCCI
MMDCCCLXII
CDXV
CCCXXXV
CDLV
367
MMMDCCCLXXXI
MMMDCXXXIX
XXXV
3119
MMDCCLXXVI
2248
DCCCLV
3182
3651
2803
MMMCDXXIV
28
MMMCCCXXXIV
9
MMMCCXL
1607
2909
3002
MCDXVII
MDCCLI
MMCIII
1531
998
2133
3311
MMMCDLXIX
DCX
MMCDXXXIV
MMCLXXXVII
1858
DLIII
2953
1396
473
1979
CCCXVI
MMDCCXXXII
MCCCXXIX
3717
MMMDCCLXXIX
18
CDXXX
425
MMMCDXLIV
2949
DCCXLV
MMLIV
MDCXCI
CCLV
296
3150
3286
MDCCCLXI
2844
MMCDXXII
DCCCXXXVII
MMMCCCXXXIV
DCCCIX
930
MMDLXXVII
2646
1043
928
416
1371
MMCCLXXXV
MMDCCLII
1412
MMCCCLXXXII
MMCDXCII
1125
588
3153
MDCCXLIX
MMMCDLXXXI
2464
2186
2241
MMMCDLX
MCLXX
MMCXXVII
2643
MDCLXXIV
MMDCXCII
898
MDCLVII
MMDCCXXXVI
761
MMDCXCII
MMDCLIII
1194
782
2685
DCCCXXIV
1152
MMLXIV
MMLVI
2397
MMMDCCCLXXXIX
MMDCCCLXXXIV
CMXXVI
3225
546
CDLXXII
2533
3537
MCXCVII
CCCXXII
DCXXIV
MMDCXCIX
1443
MMCCXLIV
MCMLXIX
1996
512
MCMLXXXV
MMMCCLXVI
323
MMMDCXXXIV
2104
MMMCXLVIII
1606
MMVI
1703
514
3331
MDCXXV
333
MMMLXIV
MMCDXXX
3612
1995
3812
MMLXIX
684
1758
MMMDCCCXXIII
MMCCXLVIII
MMMDCLXXXV
MMDLI
MDLXXXIX
882
MMMCDIII
3417
2281
2437
MMCCCLXI
3973
3101
MMMDCLXIV
MDCCLI
2027
MCDI
MMMDCCCLVIII
MMMCDLVII
495
144
435
MMMCCCXXVI
3257
1333
MLX
3271
MMMDCCXIII
MMCCCLXXXIII
234
MCLX
3111
2069
3845
MCXIII
2555
706
2244
2016
1263
2405
308
MMMDCCCLXXXIII
255
MMDXCIV
MMMDCCCXLVII
2172
1209
3186
66
CCXXXVI
323
270
3156
1870
1350
3613
80
1282
1550
MDCCCXXIX
MMLIII
LXII
1307
2350
2324
3528
3316
MCCLXXXVI
MMCDLXXVII
MMMCCCLXV
MMMCCLXI
MMCCCL
MDCLI
MMMCCXXVIII
MMXXXV
727
MMDCCCXLI
1323
1514
DCCCXCVII
MMMDCLXI
428
MMCDLXXX
138
MMMCCCXL
3288
3091
434
1169
MDCCCXIX
3669
MMMCIV
3735
CDXXXI
3570
771
MMMDCXII
MMCM
1130
1745
50
534
2035
DCCLI
2861
230
2449
MCCXXI
MMCLXXII
3059
2130
MCCCXCVII
2898
MCCCXXXVII
719
2717
CCXXVIII
3768
MCMXXXIV
3837
3998
1459
2632
1727
CMXCI
163
MDXCII
3120
MMDCCLXXXV
2486
DCCCLXXXIII
272
1167
MMCDXXI
CMXCII
3305
3617
3169
2406
418
MCMLXXXV
3958
2137
CCLXIV
CMLXXXV
2526
785
MMCXLI
2081
MCDLXIII
CCCLXXV
72
3442
213
3534
MMMCCXC
MMMDCCCLXXXIV
MMMCCCXLVI
MMCCXIII
1638
2209
3551
MMCCCXCIV
940
MCDLXIX
461
1162
3574
MCX
MCDLXXIX
MCCCIX
1508
MDCXLVI
2708
3247
604
1136
3688
CCCXXIV
MMMCCCXXIII
3304
2455
MMMCDXXVIII
1906
MMXXII
MMMCCVIII
1075
MMMDCCXL
1535
3846
MMMCMXXIV
2599
MMMD
332
910
2660
496
MMCCCXXIV
1571
MCCLIX
MMMDCLXXXIII
DCCCLXXII
3914
DIV
CDXXV
2743
330
MDCCXIX
MDCCLXXVIII
988
MCXI
MDXCVII
MDLIV
82
DCCCXCI
3713
CMLXIII
2556
MCMLXII
MDLX
1072
MMMCCLXIX
MMMDCCCLXXIX
MMXXXVIII
MMXXXII
DCCLXX
CXXXVIII
MMMCCCXXV
1743
1839
DLXXIV
CCXCVIII
MMMDC
2254
DCCCLVI
MMCDLXXXV
1015
MMDLXVI
2950
DCCLXXXVII
MDXLIII
3656
1156
3182
2497
2831
2659
MMCCXXX
1200
2307
590
960
3634
MMCCXLVII
III
2609
CXXV
2982
3510
DCCXXXIV
656
MMMCXXXVII
702
MCXLIV
1590
1611
DXXV
MMMLXXI
1974
2305
1659
3153
MMXXII
DCCXXVII
2363
MMMCCCXXVII
3022
2493
MMXXV
MCMVI
3507
MDXXI
MMDVII
MMCDXLIII
1537
MMDCCLX
1073
67
89
3339
2048
2568
2531
CCXIV
MMDCCLXX
2310
760
2690
MMMCMLXXXIII
DXXXV
DLXXXVIII
MMMDCCCLXXXV
MMMCDXLII
MMDCVII
MCCXXIX
1751
DCCII
717
MCCCXLIII
MMMCCLXXVI
MDLI
MMMCDLXXXIII
1517
88
CXCVIII
MMMCCCXLIV
MMMDXLIII
VIII
MDCCLXXII
266
CCLXXVI
DXXIII
MMXCIX
MMMDCCLXXVII
DCCCLIII
CCCIV
CMLXXIII
MMMCMXXIX
MMDIV
1587
MDLXXIV
MMCCCXLII
2810
3330
MXX
MMMDCXXII
2037
MMCDLXXXVI
2559
2662
MMMDCCXXI
3025
1815
3378
433
MMMDCCCII
1469
MDXXXIV
704
MMCCCLXVII
1671
1425
MMMCLXXXIV
CMVI
967
2830
3354
CDIV
1480
MMMDXXVII
3594
1154
MMMXX
MCDXIV
1939
DCCCXXIV
1571
MMMCCX
DCCLXXV
3579
MCMII
MMDCLIII
2711
CDXIX
473
3953
MDCCLXXVIII
3497
3091
MMMCCCLVI
MDLXII
MMMDCCCXXII
3482
2150
3044
2122
2669
MMDCLXXIII
1120
MMMDCLXIX
1233
MMCDX
MCMXCIV
DCC
1095
284
MMMXXXII
MCDXV
830
MCCVIII
MMCCCXI
3858
MMMDXXII
3577
982
CXXI
MMCXII
MCCCI
MDCLXXIV
2025
CXLVIII
CMXCV
CLXXV
2434
29
MMCCCXII
DCXXVII
MMMCCCLI
986
CXC
MMMDCCCXXIV
MDCCII
3504
MCLXXIX
MMCXCVIII
MMMCMXLII
3894
3613
3010
CX
2074
MMCCCXLII
3598
1492
MLVIII
3516
MDL
3211
MCCCLIX
MMMDLIII
1946
2754
MMMLXIX
CCCLV
CMLXXXII
635
MDCCXXVI
1244
MMCLXXV
1633
2912
MMLI
3922
MMDCCCLXXXVIII
1876
1306
MMMCDXXIX
MMCXLI
1685
2490
MMLXVII
1913
511
2895
MCCVII
MDCXVIII
1959
MXXXIX
MCXCVIII
IX
3595
MMMCDLII
235
2403
2758
MXLVII
1310
519
2649
DXIII
MMMDCCVII
281
1116
1842
MMMXXXIII
CMLXIX
MDCCXXXI
2949
1277
MMMCLXXXIII
2242
MMMDCLXXIX
MMDXXXVI
2241
MMCXC
3373
2997
3383
MMCLXXXVIII
3041
DCCCVII
2314
MDLI
2169
221
MDCXXXIV
DCXXXIX
CCCLXXXIX
2401
1865
829
CMII
MMMDCCLI
3751
114
2052
3103
2682
2876
791
1861
2538
MMMDCCLXXV
MMDCLXXXVI
3503
MMMDCCCLXXXIX
2192
DCLXXXII
2673
3878
CLIV
CXCII
MDLXVII
XXVI
MCXLV
MMMLXII
MMCXXIV
MCDLXXXII
378
375
MMMCMXCI
847
MMDXXX
2474
MMDCCCX
MMMCDLXXXIV
MMCDLXXII
CMLVI
1611
MMMCCXC
2851
1327
788
1169
47
2497
2394
MMCCCLXXXII
1589
117
MMDLV
2676
2715
MMMDLXXXV
3894
556
DLXXIV
2370
2261
3351
XCVIII
CDXCIII
1507
MDV
316
3790
MMMCCLIII
MMMCCCXVIII
CCXIV
151
MMDXXIII
CMLXII
910
2250
CDXXIX
MMMCMVIII
MMII
MCCCXXVII
MDCCLXV
MDCCXXXIII
2640
MCDLXXXVIII
413
MDCCCXV
2191
MDCCCXXII
1714
MMMCMXIX
MMCCCIV
2765
MMDCXL
1972
MDLXX
MCCCXCIII
MMMCMXCV
176
MMMCCCLXXX
MCMXXXVI
1809
1658
MMMDCCLII
MMCCXXXVIII
3179
VI
2396
917
MDCV
DCCCXXXIII
851
3083
611
1084
1247
MMCCLXXX
1075
MMCCLIII
183
MMDXVI
MMMDCCCLXXIV
1021
DCCXXII
1563
MMCLXXXIII
2925
MMMXLIX
MMMDCCCXXXV
MLV
928
1712
2588
2394
3221
MMDCLXXXII
1162
MMMVI
MMMCLXXIX
MMCMX
1683
CXCIV
MMXLIX
MCMXV
MMDCCCXCIV
MMCXXIX
MMCMLXXXVIII
1436
MMMCCLXVI
CCCXCII
1344
2384
MMDCCXCIII
MDCLXXVIII
3868
MCCCLXXXVIII
MMDXXI
915
MCCV
782
840
MMCMLXXXVIII
855
43
3942
MMDCXXVIII
MMCMXXI
MMMCLXVI
MCDXXXIX
CDLX
2726
2307
MMCCLXVII
MMCCXLII
3026
1044
3463
MCDVI
1978
501
DCLXVIII
3176
CDXX
MDCXXV
635
XCIV
41
MCCIII
370
MMDCCXXXIX
DXCVI
MXXVI
MMCCCXII
MDIX
CLXXXVII
3867
CCXIX
1974
1150
DXCI
MMLV
3648
2050
2680
MMMCMXXIII
3759
MDCCXXXVIII
DCCLXV
3911
MDLIX
MMMCMLVIII
3071
645
MMMCCLXIV
CCCXIII
MMMCCLXXX
3976
DCXXXI
898
MDCLXI
2784
149
1632
677
MMDCCXXXVII
MMMCLXXXIX
MLXXV
MCLXXIX
2411
MMCXXIV
646
1228
752
CCXXXVII
MMMDCCXLII
128
1284
MMCLXXVI
MMCXXVIII
MMMDCCLXXVII
MMMDCCLXXV
MCCXCIX
69
1819
MMCX
1879
459
788
DCLXV
DCCCLXXXVI
MLXXI
MMMDCCLXXII
3321
1746
945
1251
MDCXCVII
3689
300
XX
1061
2246
MMMCLXIX
MMCMXLII
MMMDCXCVI
2772
MMMDCCLXVI
MMMDCCCXXI
MCMLXI
492
MMMXLVII
MMMCDXXV
75
MMMCCCLXXVIII
MMCCCLVI
612
MMMCCCXLVII
1618
2752
MMCMLXIV
MCCLXXVIII
MMMCCLXVIII
MMMDCCCXLVII
CCCXLV
3626
617
MCDLXXVI
MDLV
2622
DCCCXLIX
2108
3869
3634
2090
MMMCI
3713
MLXXII
DCLXXIV
1022
685
344
MXIX
1327
CMXCVI
143
MMMDLXXVI
2217
3063
1652
2508
MMMDXLII
DXXXI
2100
2904
MDCXCVIII
MMMDCCI
XL
3072
763
MCCXXIX
3461
710
MCCCXCVIII
MMMDCCCXII
520
3478
MMXXXII
1978
MXXXV
548
3272
MMMCCLXXVII
1236
DLII
2939
DCLI
CCXCII
MCMXLVIII
MMMCCCLXXXVIII
MCCCXXXVI
MDCCXLIV
MMCCCXLIV
1059
MDLXXIX
3462
2766
MMXCVII
CCXXXV
MMMDCCCXXXVII
CDXXXIII
MMDCCCXLII
1752
MMCCCXXXIX
279
MMMDCLXXXV
MMDCXLIII
MCMXXXV
MMMDCXXI
178
1409
2796
2568
MCCLXXXVI
967
491
2996
69
CMXLIV
389
MMMDXC
725
1493
819
1639
MMMCDLXXVII
CCXCIV
MMCXLV
DCCCLXXXIX
MCDXXXII
MCCCLXXXII
DCCXLVIII
MDCCCLX
3744
MDCCCXVIII
DCXCIII
1560
MMDI
2898
MDLXXXVII
2460
874
MDCLXXXI
2300
MXXXVI
589
MMMCDXXXIV
CCXXVIII
2420
3634
MMCCXXXVIII
CCCXXVI
MDLXXXI
1980
124
MDCCLXXXIV
505
MMMCMXL
2993
1173
2904
3937
MCMLXI
968
MDCLXVI
151
3900
3633
3524
MMDXCII
MMMDCCCXLI
MMMCIX
3419
553
MLXI
CXVII
MCLXX
1573
MDCCLIII
LVII
278
MMCCCLXXVII
2883
1928
MMDCCXXVIII
MMMCL
MMMDCLXVI
64
3180
MMCCXXXIII
MMDLVII
MMLXXXI
3233
1309
MMMDCCXVIII
2859
MMMCCCLIII
CCXXXIX
846
3176
399
2430
781
MMLXXVIII
2524
1878
MMDCCCXLII
MCCLXIII
1181
326
MDCCLXVIII
MMMLXIV
MCCCXXXIV
291
3716
CMXL
MMCCLVII
1753
2999
3761
MMMDCCXXXVIII
MMMLXIX
2030
576
85
MCLXVI
1950
MMCCCLXVI
1862
487
MMMXLIII
3637
MMCDXV
2943
MMMDCCCX
MMM
MDCCXCIV
CCVIII
MMMDCCCLXIV
3390
MMMCMLXXVIII
MMMCCLXXIII
495
2893
MDCLXXIII
MDCCLIV
DXCII
978
2931
MMCMLXXXIX
MMMDCCXLIII
2874
761
MCCCLVII
1466
778
2632
MMCXIV
1757
1668
MMDLXXVI
MDLXVII
503
MDCCCXL
3504
CCLXXXV
3367
3778
1405
2536
1214
MCDLIV
MDCCXLII
MCMLXIX
CCCXVIII
1169
MMMDCLXXI
MMCLXXVIII
MMCCCXXVI
MMCCCXLVII
MMMCLXXXIX
II
XIX
305
3336
MDCVIII
3934
2868
MDLXVIII
1723
973
3036
2195
1283
2395
MDLI
MMMDCLXXXIII
2016
DCCCLXXXI
MMMCMX
1300
MMMCCXXX
MMMDCCCLXVI
1003
58
MMCCLII
3005
DCCLXXI
1795
MM
CDLXIII
1534
DCCXCIX
DLVIII
493
1230
MMMDLXIV
DXCV
MMDCCLII
MDXXXI
CMXCVI
MMCXXVII
MMMDXV
1224
CLVIII
MMMCMVII
1372
MMMCDXXXV
2110
3382
3279
DCCXLIX
MCDXLVI
3005
1704
1254
DCCLVI
3780
DCCCXIX
MMMCCCXCVIII
MMCCLXI
MMMCXCVIII
DCLXXXIX
MMDCCXXXIII
MMDCLVIII
1020
1991
DXXVI
2568
3330
MDCCLVI
1525
2195
3738
712
MMMDCLXXXVIII
MMMCLXXXVI
1049
MCDXIII
MMDCCLXXIX
DCCCX
2771
1101
MMMDCCLXXI
XXIII
267
2540
1548
MMMDXCIV
MMMDX
MDCCCIX
471
1265
CDLIV
3528
DCCCLXVIII
MMMDCCCXLI
MCCXXXVIII
1213
MDCCCII
MMMCCCXL
MCXXIII
3043
1207
3010
870
3456
MMLVIII
XXXI
MMMDCLXXXV
MMCDXCIX
MMMCXII
MMMDCXCIII
1924
990
MMMLXIV
3212
1607
2223
LXXX
MDC
2622
1979
1135
LXIII
1776
978
MMDXXXVI
MMMDCLXXII
2252
MMMCMXII
1837
3103
MMDLXX
2290
871
MMMDCIX
959
DCCCXXX
DCXXXIV
1688
MCCLVIII
MDCCXCIII
3686
136
1731
3239
MCMII
MCXCIV
736
1437
MXV
CCXLIV
MXL
MDCCXIII
138
2479
MMCCXXXIX
MDLI
182
MMCLXXIV
2475
MDCCXCVII
MMMDCCCXXXVII
DCCCLXXXV
MMMDCVII
3159
1628
DCLIV
CXXXIV
DCLIX
1864
3825
MMMCCLV
MMDCLXIX
MMDXIV
MMDCXLVIII
MMCDLXXV
16
496
585
MDLXXII
DCCCXVIII
1074
CCXIII
MMMDCCLV
MCCCLXXVI
720
MMLXXIV
MIV
MCCXXXV
3100
MMMDCCCLXIX
1060
MMMCCXCIX
3085
MMCCXLV
1712
2936
2783
CCLXXXVII
1494
3678
1372
864
XLVII
MMMDCCXXXVIII
MMMXXXIII
3970
377
2849
DCCCLVIII
MMCLXVI
DCLXXIX
CLXXXVII
3184
MMCLXVI
2134
MMDCCXXXIII
DCCCLXXV
1769
MMDCCXXXIV
3298
MDLII
548
3580
3891
2659
2526
3029
MMLXXI
2988
3970
379
1184
MCMXXX
3471
MCCXLIII
MMMCMLXXIX
2817
3314
142
CCLXVII
3810
DL
3582
CMXXVII
1514
411
899
MDCCCLVII
1334
2451
LV
2685
1710
3154
2878
26
2496
MMMDCXXVII
MCMXVII
1664
MDCCLXXXIII
2733
MDXCIV
MMMDCCCXLI
MMDCXLVI
MMMCLXIX
MDXXVIII
MMMDCCCXCI
CCLXIX
1717
3454
3783
MDXCIX
MMCXL
CI
MMDCLIX
MMMCCCXLIX
DCCCLI
3680
2520
2086
1108
2721
3938
MMCCXIX
MCCCLXXXV
MMMCDLVII
378
MMDCCXXXVII
79
502
MDCIV
MMMDCLV
2140
MMMCCLIV
3010
MMCCCXXXII
2706
876
747
744
291
2225
3141
CDVIII
XXII
3063
XV
MMCCCXXXIV
2058
2674
859
MCXLVIII
MMCCCLXXXV
CCCLVII
CMXXIII
MCDII
3897
968
MCLXX
MMMCCCXCVI
MDCCLX
MCDXXXIII
MMMCCLXXXVIII
920
MCLXXXIII
2614
930
1881
MMCXXXIII
254
3101
1605
MMMCCCXXXIX
1602
MMMDCLXXVII
MMCIX
MLXVI
MCCLVII
MMDCCXIII
MDCXVIII
646
2274
998
MXLIV
MDXCVI
1363
MCDXCIII
CMIII
3855
MDCXLIV
1957
MMMCCCXVIII
2231
DCCCXII
2923
MCLX
2952
MMCLXXX
MDCLXXXIV
MMMCXCIV
1650
1211
3168
DCCCV
75
MMCDLXVI
MMMDCCCXCII
1498
CDXLIII
MDCCXCV
3104
MCDIV
2102
2258
2840
MMCCLV
584
MDLXXV
DCXCV
MMMDCIX
2480
59
MMMCXV
MMLXXVII
DXXII
MII
2358
1717
457
MMDLXI
MMMCDXXIII
227
3075
1107
CDXCVI
33
1534
MMMDXXXV
864
179
1783
CMLII
MMMCCCXCI
1576
MCMLXXIII
MMMLIV
CCCLXXX
158
3047
MMMXXXIX
2242
MMCXCVI
2532
MMMDCCCXXXVIII
MCCCLXXXIV
3203
2966
1840
3447
2842
590
356
3285
MMDCLXIII
MMMCMLII
1966
MMMCCCXXXVII
1493
MMCXCVII
2937
MCCLXXXVII
1146
434
CLXXVI
522
1442
1405
615
MMMCDXX
2463
MDCLXV
MMMCCCXV
1571
3218
3695
262
MMMDCCCLXXXIV
DCCII
2074
1816
MLX
DCXLI
MCMXIV
CLX
3846
1115
1391
MMMDCCLXXXI
110
3534
28
MMMCXCIV
56
337
MDCCCLXXXVIII
MCCLXXX
3420
MMMLXXVII
1676
2790
MXLII
MMCLXXXVIII
2730
MMMCMLXIX
MCMLIV
CDLXXX
3936
1916
3458
3491
3645
MMMXXXI
253
MCCCLXXVIII
MDXXXI
945
DCC
3244
MMCDXXXI
3037
128
2821
DCCCLVII
132
3626
1293
68
1216
166
MMMCMXCII
CCLXXVI
3729
MLXXXVII
3178
MCCXXXV
2981
MMDCCV
828
3795
CMLXIX
MCCXCIII
2113
2056
132
3870
3277
DCCLXIII
MMMCMLX
MCLXXXI
673
MMDCLXXIV
3390
MMXXVII
150
MMLIX
3730
MMMCDXC
3890
MMDCCCX
MMMDCCCLXXVIII
CCXXIX
2326
2513
3546
309
MDCCCLXXVII
3784
3315
3276
1687
267
DCLXX
3344
3277
MMMDIV
MCDLXXX
2267
309
2670
2245
2504
3081
3734
3860
MLXIX
MMMCMLXVI
MMMCCCXXV
1219
2945
DCCCXXXIII
3787
MCCLVI
1631
2948
1903
3059
MDCCCLVII
2089
MCDXIX
CDXCVI
CDXXXI
MDCCCIII
546
1651
MDLV
231
2270
CCCXXIX
250
2946
MCMVII
MMMIV
MDCCLXVII
906
3143
3538
MDXL
3288
322
MMMCXLVI
MMCXXII
MMDCXXIX
MMCI
MMMCCCXCVIII
2082
MMMDCLXI
958
476
MMMCCXXXIX
2622
MMCCCLXXVI
MMIII
MDCXXXVI
MDCXXXVIII
MLXXX
CMLVI
1679
3849
2345
MMCMXLVII
MCMXXXVI
MCMXI
1111
MDCCCLVI
762
3433
MMMCMLXV
2826
3971
328
2697
2443
945
3235
MMMDCCCXV
468
MCXVI
DCVI
2090
791
MDCCLVI
3307
3978
3416
MMMDCCXXIX
MDCCCXCIII
3556
1532
MMMDCCXVII
MDLXXX
MMCCCI
MMCCXCVI
3774
MCDXVII
2721
DCCC
1227
3160
CCCLXVI
3292
CMXLIII
MMMDLXXVIII
849
MDCCXXXVIII
1294
1011
3533
305
482
485
CDVIII
1260
MMDXXXVII
1198
MCDLXII
MMCMXLIII
3698
MCCCXLIII
781
MMMDCXLVIII
MMMCCVII
3635
XCVIII
2316
3984
MCLXXXIX
MCDLII
DCCXLVII
352
CCXXVII
MDCCCLXIII
199
MMMCDII
MCDXXX
3781
CMLXX
MMMDXXXVIII
417
MMMDCCXXVII
758
CXI
LIX
MMMDCXIII
MMCCCLXIX
1215
MMMDXVIII
MMDCCCXLI
MMDCCCLVII
2627
DXCVIII
MMDCCXXVII
CCLIV
3621
MMDLXXIV
MCCCXXVI
3457
3044
MXXV
2227
275
DCXXXVI
MMCDXLVIII
1348
1782
2333
3802
MDXXXIX
MMMDCCCXII
MMMXLV
MDCCCXX
DCLXVIII
CDLIX
MCCCXCII
MMDCXXXIII
1468
88
CCCLII
3721
2710
MMMCLXXXI
1767
CM
6
MMMXIV
MMMCCV
3181
3956
500
MMMCDI
3384
MMCXIX
1022
MXLV
1773
MMMCCLXX
1608
CCCVII
MMDCCCV
MMDLXV
MDCCXV
1947
1620
3722
2685
3450
392
MCDLIV
MDCCCLXXXII
1212
1627
1138
MMMCMLI
CMLVI
3295
MMMC
MMDLXXXIX
677
2801
MMMDCCLV
18
1550
1187
MMMDCCLXXXVII
MMDCCCXIV
1504
MDXLII
MMCMLI
1064
CCLVII
MMCCXLIII
MCDI
642
1489
MMDCCLII
3473
3694
CCLXVI
3398
MCCCLXXXV
MMMCDIII
MMMDXIX
DC
514
1057
MMMDCXVII
MMMCXXIX
MMDCLXXXV
MMDCXVII
214
3892
MMMCDLXXXIII
MMDCCLXXXV
800
3886
3084
MDLXXV
MMDCXLV
MMMDI
MDCLXII
MMDCCCLXX
1876
1326
MCMLIII
512
247
CCCXCVIII
569
MMD
542
MCCCLIV
2895
877
MMMCXIX
1974
MDLXVIII
MMMDLV
3625
435
DCCLVIII
MDCCCXLVI
2833
540
MMMCDXXXVIII
1661
3519
343
MDCCXX
1769
MXXI
MCLXXIX
MLII
CCXXI
MMMDCLXXX
CDIV
544
987
3836
MMMLX
2634
MMCLXXV
467
553
880
MMMDCLVIII
MCXCVII
LXXI
DCCXII
CLXIII
1202
395
1471
DCCLVI
MMMCXXIX
MDCCXLI
3961
CMLXXX
2730
CMXXI
MMDCCCXXVIII
3635
470
MMCMXXXVI
2661
3007
1013
MMMDCCI
2317
813
MMMDCCLXXXI
2074
84
MDCCCXXXV
MCCXX
MMMDCCCXXV
MCCXXXVIII
MMMCLXXVII
MDCLXXV
MMLXI
1300
MCCCXLIV
2876
1524
MMMLXIX
MMCCXX
2606
2335
MMML
680
MMMCCXVIII
2045
CCCXCVI
1235
509
2315
1623
70
2330
3763
2737
MMMDCCCLXXXIV
3274
MMMCDXCIII
3418
2465
MCCCXXIII
DLXVIII
3274
MMDCCCLXXXII
3215
1577
CCCXLVI
364
2959
2074
3593
MLI
MDCXCIV
CCCXLVII
MCDL
MDXLI
MMDCCLXXXIX
3106
CCCLXXXV
CMXCIX
1776
1312
MMMCMLXVI
1872
1863
MMMCDLXIV
CMLXXX
115
MDCLXXVII
CMXXXVI
3004
MDCCXCV
MMCCXLII
2689
530
MMCXXV
MMDCCXXVI
MCDXCV
3560
92
2682
MMMCCCLIX
1619
MMMLXXIX
926
MXL
2332
MMLXXXVIII
MMCCXXVI
1967
1199
3395
DLV
3520
MMCLXXXIX
MDXLI
MCCCXCIII
MMMCDLIX
MMMDCLXV
692
2762
1433
MMDCCCLXII
MMCCCXXXVI
1958
3021
MMCCXVI
MDCLXXVII
CMLXVIII
CCXLVII
3158
DCCXLVIII
896
MDCLXIV
MCXLII
21
2500
2827
944
3316
1760
MMMDCCII
631
MMCMLXIV
DCCCXLV
MMCCLXXVI
MMMCMXLV
MMMLXXI
MMCMLXXXVI
MMMDCCLXVI
3038
636
1533
MMMDXCII
DCLXXXVI
MMDCCLV
3650
MMMDCCLI
2905
1091
MMDCCXCVIII
MMMLII
1261
3849
1987
MCL
MMMCCLXVIII
MMMDCCCLXXXVIII
1644
MMCXXXI
2961
MMMCCCXVI
1418
3890
MCCVIII
MMMCCLVIII
2316
MMDCCCXXXIX
MCCLXV
MMMDCCCIII
MMMCX
MMMDCXCIV
2005
1548
MMMCMLXXVI
740
2868
185
103
MMMCI
DCCLIII
MMMCDXLII
MMMXXX
645
2404
MMCDLXXIII
MMDCCCXXXIV
1875
DXII
MMMCCXXXI
3847
2678
1580
MMMDCCCIX
2605
2942
3279
3736
MMMCDLXXIX
MMCXVIII
2239
MMCLV
1630
MMCCCXV
3729
MCDIV
DXXVI
1152
2194
MCDIV
MMDXLVIII
MMDIX
MMMCXLVIII
2168
3469
896
MMDCCCLXXXIV
3148
439
1694
1763
MMCDLXVI
3057
3738
1416
1879
2946
CDXXXV
645
DCXLIX
2491
3811
MMMCCLXXIV
MCMXXX
3151
MCLXVI
MMCDXLVII
CCCXLI
1941
CCCXCIII
MMCCCXIX
3774
545
3143
LII
1434
2275
2386
MMMCXXXI
1988
MCCCXXXIII
MCCCXCII
100
713
96
956
MMMCXCIV
148
MLVI
DXCIII
941
632
MMDCCCLXVIII
MMCIX
1958
3846
3598
3078
MMCDLIX
MDCCCXVI
MMLXXXVII
MMDCCCLVIII
MDCLXXXV
MMCDII
1090
XXII
3970
MDCLVII
1555
CDXCIX
3104
DCXXVII
MMDVI
95
1998
2681
DCCCLXXIX
MMCCCXXVII
954
CCCXXIX
827
2856
MMMCXXXVIII
2041
691
MMCCLXXVII
MCCCXC
929
MMMDCCXCIX
709
1210
1777
MDCCXVII
3961
3554
MDCXLVII
123
1671
MXIII
CMXXVI
2463
2482
1083
3403
DCCC
1646
MDCXCVII
MCLXI
MCCCXLV
592
MMMDCLXVII
879
MCLXXV
CCLXXXV
MCLXXIX
1764
1367
DCCCXCIX
314
DCCXXVIII
1903
3319
2784
MCDLXVII
CC
DCCXCIX
MDCCLXVIII
2177
252
MMMDCCCLVII
MMMLXVII
2405
3385
MCLXVII
3706
3235
MMMCDXXXVII
694
CCLVI
264
2447
278
3991
1749
670
2717
MMMXIX
DXXXVI
2002
1755
2916
77
CDLXV
665
838
MDCCCIII
MMMDCXXXIX
899
MCCXL
MMMCCLI
3726
CDXXVIII
CCCXXII
3846
MMCDLXX
MMCMXXVI
MMMDCXLV
MMMCCXCII
1923
MMMLXIV
3605
1905
1796
MXCIX
1759
969
752
MMMXLI
MDCCCXXII
1107
DCCCXXXV
942
1194
1486
MMDXCIX
MMDCCXXIII
658
1647
1613
MMMCXC
838
MMCCXLV
DXXXV
812
MMCCCLVIII
2500
1575
LVI
3163
995
XCVIII
CCCLIV
3807
MDCCCXIX
MMMCDXXVI
3249
3585
1324
MCDLXV
3684
3324
2513
MMDCCCLXXX
MDCCLIV
3779
581
2929
DCCXCII
3897
DCCCLXXVI
MCMLXIX
3058
2979
MMCCLXXIX
CDXXI
2276
CMXXXVIII
MMDLXVIII
MDCXXI
3769
222
1974
2294
2962
MMMCCCXCVII
2734
MDCCCL
MDXXVIII
MDCLXV
2017
3373
MMDII
3837
MLX
DCCLI
1184
MMMCDXLVIII
3519
655
3955
2879
2070
3915
MMCCCXVII
MDL
2479
MMCCXXI
3486
3046
MDCLXI
MXXVIII
MCCCXXXIV
MMCLXX
MMMCCXCI
3544
MCDXXVII
MCLXXXIV
MMMCCLXXVII
1898
MCCCLXXXIII
DCCCXLI
1214
1450
XXXIV
3905
MMMDIV
MMMCMLIX
817
474
MMDCCCXXVII
DCLXXXII
1371
3215
MMMDCLXIX
MMMDCVIII
791
MMCDLXXX
1493
2129
1443
171
MMMCCCXXII
MMDXXXIV
MMCMLIII
862
763
1523
2529
2592
MMMCLVII
MLXVI
MMDCCXLVI
CCCLXXXIV
DCCCLXXXVIII
919
DXCVII
MDCCXLI
343
CDLXXIX
1832
168
1885
327
MMDCCXXXVII
3465
72
3126
3854
MDCCXXXVI
3343
2640
1321
3570
MCXXIV
412
1100
MMCI
3414
MDCCLXXVI
LXXII
1313
MMDLXI
2015
2634
2048
MMDCCXCVI
CMXXIII
1695
1169
2809
2871
3701
3051
2873
CCXXIII
3223
CCCLXXXIX
MMCMLXXXVIII
1207
3937
DCCXLIV
228
MDCCXXI
MMDXXVII
2155
MMMCXLVI
DCCCXLIX
MMMCCCLXXIII
CCXCIII
CMXXI
MMVII
1044
1233
MMDCCXLIX
290
3236
3011
110
XXXV
779
3791
2415
LXI
2384
MCLXVI
MMMDCCCXI
MMCMXXXVI
3536
3561
3511
DCCXIX
MMCDXCI
MMDCXXI
MMMDXII
1026
1461
635
CI
2692
MMXXXVII
DCCXL
MMMCCCXVIII
320
MMMCCCXXXVII
MMMDXLII
2757
MMMCCLII
MDCCLXV
MDCCCLIX
DCLXXI
2293
CCCXC
1594
2264
726
DCCLXXXI
MMMCDLXXV
MCMXXXVI
CCCVIII
3722
MMMCDXCVI
MCLXXIX
MCCCLXXXIV
2918
MMMDCCIII
892
687
3525
2224
1657
1432
2167
2393
MMMCDLXXXVIII
3755
MDCC
2023
MMMDCCCXXIII
2625
2619
MCML
3438
1923
MMMDCCCXCI
2249
CCXXX
2922
CCCLXIV
192
1759
1168
3677
3764
MCMXXIX
MMCCXCIV
MDLV
LVI
3861
MMMCXXXII
MMMCMXXIV
608
3343
1464
MCLXXXVIII
MMDCCI
649
2987
2537
DCCCLXXXVI
335
451
MCCLIV
MDXXI
CMLXVII
CCLXXVI
DXCVI
DCCCLXV
MMMCCCXXVII
89
MV
2263
3003
MCCXXVI
CCLIV
CDXLIV
MDCCLX
MMCCCXCIX
MCMXXXV
MMMLVI
250
MMCLXVII
MCMXXIX
MMMCCXLII
CLXVI
2682
2564
36
2947
MDCLI
CMLIII
MCLXXXIX
MDLXXI
3654
MCCXLII
MCDXCV
MCDXLII
2847
3071
3777
MMMCXXXV
800
1783
MMMCDLXXXVIII
2706
LI
MMMCMXLIX
1643
3658
MCXXXIV
3457
291
2010
MMMCMX
CCIII
CLVI
MCDXLIX
155
MMMDCCXXVI
1963
1153
2005
MMXII
2317
MCCCLXXXIV
CDXCIV
3185
1814
3986
2098
1577
MMXCIX
2473
CCXC
MMCCCXXXIX
3540
MMMDLXVI
MMCDXXXIII
212
2094
DCLXXV
2193
1488
MMMDCCCLXXVI
MML
723
MCM
MMMDCCCLV
185
MMMCXCIII
2269
CCXXXI
CDXXXV
MMMCMLXVII
114
MMCCXXII
1789
3224
MMMCCLXVII
2908
LXXIV
MMXXX
DCCCVII
788
MMMCCCLI
661
MMCXXV
MMMDCC
DCLV
XII
MMDCXIX
3628
3910
197
287
MCCXXXIX
2089
MMMDCCLXXXII
MMMDCCCXLIII
MMCCLII
544
2533
2640
MCMLXXXVI
3918
MMMDCCCLXXXV
940
3504
2651
3026
DX
134
3604
MMDCCLXXIV
3700
MMMCMLXXXV
MMDCLXXXIV
MMMCCXII
MDCC
407
3320
1744
2956
MMDCLXXVII
MMCDXCIV
433
2794
MCCXLVI
DCCXXXIII
1130
1591
2441
2809
208
MMCXXIX
MMCCLXXXIX
MMDCCCI
MMCCLI
XCI
MMDCCXVIII
MCCXCVII
MDXLV
MMMCXXXIII
116
3589
MMDCCCXLIV
MMCMIX
973
1788
784
1015
VIII
3988
1633
CMXXIV
1823
228
MMMCLV
1444
2706
DXX
1900
MMDI
3614
2283
MDCXC
2413
MMDCCCLVII
MMMDCCCLXXXI
DCCCXCVII
3883
304
MMCC
506
1794
2579
MMMV
1935
2500
MMCMXLI
MMDCCCLXXX
MMMDCCCXIV
1015
1283
2139
MMMCMLI
2354
MMCCXCII
MMXXXI
1322
2515
3353
MMMDXVIII
2292
DCCCLIX
MCCXIII
2091
MMCMX
144
720
2910
3025
3872
801
MMDCCLXVIII
1363
3130
MMMCDI
3319
1892
3817
3844
3051
1138
2637
3567
MCDXLI
MDXXIX
CCCXVIII
3227
MMMDCCLV
610
542
1432
1684
1423
2698
CDLXI
3178
1800
1696
MMMCMLXXVII
DCCLX
MMCXCII
MMMDCCLXXVI
MMMCCCLXXXIII
849
99
3535
3743
1055
MCCCLIX
604
DCCL
2129
XCVI
MMMDXIX
DCCCXXI
MMXXVII
1203
MMCMLXXIX
MMMDCCLXVII
DXCIII
2191
111
2263
3255
MCXVIII
MMCXLIX
2807
MCCXLII
CLXIII
MCCCLIX
150
MMMCDXXV
MCDLXXXIII
MCCXXXVIII
MMMCMLI
MXXII
2409
MCLII
2601
3830
CDXI
MDIII
1230
MMCLXXXVII
CMLXI
MMDXXXIV
2659
MDCCXXIV
1774
MMMDCCC
MMCDLXXVII
431
CXXIII
1893
MMXXVII
MDCCXXI
MDCCXXXI
MDXLI
3815
1577
2926
MMMDCCVI
2438
MDCCXXXIX
207
MXXXIX
3786
MMCV
1061
MMMXVII
MMCCXXX
960
1939
3001
MMCDLVII
1458
CCCXXVII
CMXXXII
1141
MMDXXXVII
MMDCCCXXXVIII
772
MMDXIV
MMCMLXXXI
2246
3289
DCCLXVI
MCCVII
CCCLX
280
3200
MMDCCCLXXXII
CMLXXXI
DCLV
MMLVII
MMLXII
1269
MMDCCLXI
3048
MMMCDXLII
1246
MMCCCXVII
CMXII
1525
2908
MMMDCL
1291
MMMCCCXXXVII
225
3285
MMDCCCLXV
3170
MMCDVI
MMCMLIII
CCCXLVIII
CCXXI
CDLXXI
MXXXIV
1261
MMCXCI
DCXI
MMLVII
MMMDLIX
2926
MMMDLXXII
2463
MMMCXCVI
MMMLV
LXVII
MII
1130
3059
2758
3541
3771
3838
MMMDCCXXXII
MMCCVIII
2374
MLXXXIX
MMCCCLXXXIII
MMMCCXVI
DCLI
DCXLI
MMMDCCXCIV
MCCCXVIII
MCMXX
3546
3103
CCLXXVII
MDIX
2093
MCCXLVI
1212
MMCIII
MLXVI
2139
CXXXVI
485
MMMCCCLXI
MMMDCXXXV
3949
1582
MXC
MMMDCII
957
928
MMCXXVI
3136
3163
2902
MDCCXCIX
MMXCVIII
MMMCDXXXI
332
MMCDXLIII
3910
2161
MDCCCXXXV
DII
MMDCCIV
933
906
421
2709
2235
MMMXXXII
CCXCII
MMMCDLXX
3814
MMCMLVII
CCCXXXI
1473
2575
MMMDCCLXXXVII
MMDCLXXXIX
3918
MMCMLII
MMCDLI
MMMCCLII
CMXXV
388
2419
MMLXXXIII
1691
MMCCXXXV
433
MDCCCLXXIII
1671
765
MMXXXIII
3328
CDVII
MMMXIII
2440
CCCLXXXIV
MCCCLVI
29
MDCCCLXVIII
MMMCCXXIX
MMMDCXIV
1336
2594
MMCCCXX
MMMCCCXXVII
3559
1924
MMMCXXX
3279
MMMDCLXXXIV
3001
1852
2623
3182
2204
MCLIV
2285
2846
2146
3576
MMMCMLXXVII
1943
MMCCCXLI
1401
3050
XLVIII
2538
LII
MDXCVII
3787
CDXLIV
2408
2019
CCCII
1864
1002
MMMDCVIII
MMMCMXXVII
MMCDXXXVII
1005
2343
MMMCCCLIII
DCCXCV
MMMCMXLV
2487
MMDCCCXLVI
2480
MMDCCXIX
475
3371
XXII
LXXXIV
CCCLXXXIV
MDCCCXXI
MDCXXXVIII
3967
MMLXXXV
2745
MCLVII
1248
3809
MMMDCCCIV
1796
CDXCIII
MDCCCLXXXI
MMDCV
MMMCXCVI
1648
MCCLXXVIII
MMMXLIII
MMMCCLVII
MDCXXIII
MMDCCCXLIX
1263
2688
MMMCXCIII
DCXCVI
CXX
643
3180
MMDLIX
2786
1646
MDCCCXXXIX
3521
MMMLVIII
909
1177
1468
1750
3997
1034
3438
MMMCXXXIX
2062
1668
762
MMCCCVIII
MMMVI
1103
546
858
CCXV
MDCCCXXII
DCXXXVI
MMCMXIX
MCCCLXXXI
MMMDCLXXX
MMDXXXVII
MMDXCII
3700
3887
MMDCXXI
59
2383
CCXXXIII
2941
MMMDCCCXLV
CCXLI
1475
3840
MDCXVI
MDCCLXVIII
DXXXVI
3098
596
CXXXII
927
MMCCXXVI
MCCCLXVIII
3847
2044
MMMCMLXIX
1432
MDCXXIV
MMI
MMCCCLXXXV
DCCLXXIX
1200
803
CMI
MMDXCVI
MMMCDLXIX
MMDCCXLVIII
MMMCXIII
XXVII
MMMDCXXIV
3740
DXXXVII
3272
MCMLXVI
3424
2232
CXXI
3229
MMCCCLXXI
1981
MCDXCI
MMDII
941
MCCCLXXII
1827
2048
3173
128
2419
MMDCCCXXI
CDLV
MMDCCXLIII
MLXXXV
3017
2572
MCXCII
930
3050
MXXXVIII
3510
MMDCCCLXIII
2224
739
858
MMCCVIII
322
3461
666
657
2811
3040
MMMDCLVI
CCLXVIII
1807
MMMCDLII
2740
1803
258
MMDLXIII
444
MCCXLVI
DCCXXIII
2355
2484
MMMDCCXXXI
1255
2094
CIII
1075
DLIII
691
3208
697
3330
MCCXXXVII
761
1679
MCLXXXIV
MMMDCCCXXII
MMCDLXXII
DXXII
379
3889
1555
MDXLIII
2411
MDCXL
1028
MMDXXX
MMCCLXXXIII
2072
3948
1516
3691
1231
MMDXXXII
MXLIV
301
MMDCXLIX
1601
3279
MMDXLIV
VII
MCDXLII
725
1480
1057
MMMCMXLVIII
DLX
2906
MDCCCXCVI
643
2535
CMXLI
1522
DCXXIII
3295
CMXCVI
MMCLXV
CDXXIII
MMCCCLII
2378
2811
2994
DXCII
3827
3155
2970
MCXLIV
1439
2675
3301
3971
MMMDCLXXII
97
2903
DCCXXII
3947
945
2271
1063
3215
MDCCCLIV
MDXXV
3489
MMDLXXXIX
MDCCVIII
2502
MMXXXIV
MMMDCCCXXVI
MMDCCLXXXVIII
MMDCCXCIX
3713
2453
2728
MMMCDLXV
2859
MDCCCLXXVIII
3205
546
MDCXI
2451
MMMCMXXXVIII
437
MMDCCX
2789
MCLXII
504
MMDCXXXVIII
MCXCIII
MCVII
MMMDLXXXI
2324
2422
MMMDCCCXXXVIII
MMDCCXLIII
3256
MCXXVII
1459
2660
MMMCMLXIII
2337
DCCXL
MCXXXI
693
3357
CMIV
CXCIII
MMCMLXII
3125
MDCCCXCI
MCCI
2415
1245
MCCCXX
CCII
MXV
3571
MMMDXXIX
1188
MMCCCLXX
MMCCCXCII
1462
2019
MDCCCLV
1437
MMCCCV
492
DCXCIX
MMDCLVI
2501
3303
3240
MCDLXXXI
2387
MCCXXXVI
MMCCLV
MMCMV
2798
1508
121
2021
CMLXXVIII
MMMCCCLXII
MMMDCCCXCIV
2025
MCCXI
203
1220
MCDXXX
3964
677
1261
3933
99
652
MXV
2816
CMLXXX
MLXXXVII
1118
MCCCLXXIX
473
MCXXXIII
2710
DCXL
1435
2319
MMMXIV
MMDCCCXCIV
CIX
MMMCDLIII
DV
222
404
2313
MCMXXVIII
MMMDCXCV
2774
2145
1580
MMMDXCVIII
224
2915
1564
MMCMII
MCXXXIII
MDCLXIV
1154
MMDCCXCVI
3030
761
MDCCCLIV
MMDCLXXXV
CMXLII
3006
MDCXVIII
3485
MMDXCIX
3264
3885
MMDCCXCV
CCLXXXIX
381
MMMCDLII
MCDXVIII
3145
2144
MMMCML
2835
MMDCLII
MDXV
3084
MCCCXLII
MMMCCXII
CMVI
MMMCCLXIII
MMCDLXIX
3093
169
1269
1060
2912
MCLXX
1032
MMCDLXXXIV
MDCVI
MMMCDXLVIII
1894
3929
3015
MMCMXXXVI
899
1705
MMMCCCXXXIV
DCCCLXXXII
3385
2204
DXLVIII
2998
MMMCCIV
539
739
3371
MDCCXLI
MMMDCLXXXVIII
2843
203
2421
3315
MMCLIX
MLXXXV
564
1686
MMXLII
951
1151
MCCCIII
2516
MCLXXIX
2341
MDCCCXC
441
403
MMDCCXXXVII
MDCCCXXI
MMCLXVII
1096
1782
2493
3117
2857
2940
2645
MDCCXLIV
MMCDLXXXVIII
2903
MMDCLXIX
MMDLXIX
1373
886
MMMDCXCV
2061
MDV
MCCCXXXVIII
CMLIX
2056
3030
2482
3219
2891
3695
MDCCXIII
MCCCXLIII
962
MMMCCXII
2918
MCMXXX
3534
3604
1412
3107
MMDCCCXXXVIII
CDXCVIII
MMCMLVI
171
MMMCDXXIX
3323
3904
2634
MMMCLI
3462
2868
MMMDCLXXXVI
246
MDCCXC
1131
1224
MMDCCCLXXIII
MMMDXIII
MCCCIII
3442
2729
MMMCXII
3143
3898
MMCMXC
2747
2637
2836
DCLXX
2706
MDIII
MCXII
MMCCXVII
MMCMXLIV
1363
2541
MMMCDVII
954
3100
MCXLVIII
1927
615
MDLXXIII
2599
983
1908
502
3473
2884
MMMCML
DCCXVII
MMMLXXXIII
DCXV
2524
3725
CMXLIII
MMMCXXXI
194
DCCXI
3273
898
1275
3692
MCCCLXXXVIII
1274
1685
2986
3219
MDLXXVIII
MCDLXXII
1346
2280
MCDI
2407
MXXXII
CMXLIV
MCCCXXXVIII
MMMCCCXIII
2118
1677
996
CCXXVII
DCLXXII
MCMXXVI
MMMDCXII
631
2722
MMMDCCXCIII
MMCMLVII
2899
MCCCXXXVIII
CDXLVIII
3658
421
XII
MCDLXXXVIII
564
MMMXIX
MMMCCXCIX
3813
MCDXLVII
MMMCDL
1876
1921
3798
1973
MMMCMLIV
MMMXXII
DCCCXCIX
CXXIX
3065
561
MDCCCI
3672
2757
MDCCCLXIII
2962
2163
3686
27
DXXXIX
MMDCCVII
MCCLX
1516
3983
411
MDLVIII
3557
DCIX
DCCXXIII
DLXXXV
MMCDXXXIX
MMMDV
MMMDCCXV
CCCXLI
MMDCCCXVI
MMCMLXX
3481
3964
CXVI
MCDLXX
MMCCCLXII
1901
MMDCCCLXXXIV
3284
MMMCCCXLIX
MMCDLXX
CCXX
2132
MMDXV
DCCLXIV
DXXXVII
2451
2533
33
115
DCCCLV
CMLIX
1136
2632
122
DCCCIII
DCI
2701
409
3947
918
2731
2695
MMMCDXCVII
MMMCMXVII
1573
XLVI
2006
MMDCCCLII
533
1319
1570
MMCXXI
187
MDCCCLI
3737
281
CCCXL
MDCCCXCVII
756
495
35
DCXCII
CMLXXII
MDCCLX
1377
2502
878
DXCIII
2317
414
MMCCCLIV
2047
CDXXXIII
901
3152
MMCCCLXIV
MMCDXLVIII
CLV
66
2437
MMMLIII
442
DCCXXI
CCCLXXI
MMMCMXLIX
MCCXVIII
MCMXXII
3673
MCCV
58
MCCCLVI
MMMDCCL
MCLXXII
2979
91
MXXXVII
MMCXIII
588
1562
1768
MCMXXX
DXXXVI
MMMCXVI
DCXCIX
MMCDXLV
719
DCCXVII
MMMDCCXIV
MMCXXXII
MMDCLXXVIII
CLXXIV
662
MCLXXVI
MCMXXVI
602
20
DCCCLXXIX
3276
357
3522
MMMDXCIII
1315
MMCDXVII
2439
CDLIII
2441
MMMDCXCVII
2286
2993
CCXXXVI
3263
MMMDCCXXXV
MMDIII
MMMCDXXXV
3997
1206
MDLII
MMMDCCCLXXV
66
248
MMMXIV
1539
1712
MMCCXXXVI
1862
3534
DCCLXVII
CXXXIII
3079
1784
MMXLIX
MMMDCLXXIX
MDCCLXXIX
297
MMCMXV
3051
MMCMXCV
CMXXXVI
MMMDCCCXXXVI
MMMDX
MDCCLVII
3371
2699
2
1115
451
MMMDCXXXIII
596
CLXXIV
1044
2540
1106
MCMLXXXVIII
MCXCI
229
MCCCXIII
MMCCXX
3266
MMMCCLXVII
DCCLV
MMCCCXLII
CCLXVI
CMXVIII
2788
MMMCCVI
144
1886
DLXVII
544
MMMCXX
882
XXX
MMCCXX
CXLV
DLXIV
2966
3977
MMCMIII
MCCLXXXIV
MMCCCXXIX
MMMCDLXXII
MMDXII
CDXLIX
MMCCLXXXIII
612
MMMDCCCLXXXI
MMCXXXIV
1920
MMMCLXVIII
1182
725
MMMDCCCLII
MMDLIII
MDCCXV
MMMCLXXX
1969
3410
1817
MMCCCL
3329
183
XCVI
MMCLX
MMMCCCXLIV
MLIV
2187
DCXLVIII
3844
2445
2928
3815
1486
1661
MMMXV
DCCXLIX
628
3049
MMMCDXXIV
MMMDCCXLIII
1639
MCMLXV
MMMCDLIX
MMDCCCXCVIII
MMCMLXXX
1438
CM
MMCCLXX
MMMDLXVII
1918
1315
770
MMMCV
MMDXLIV
3151
2938
MMMCDLXX
MCCLXXXIII
3046
237
MCCLXXXV
1141
3625
MDCCXCV
2899
MMMDCCXLVII
3032
1204
MMDCCXXXII
MMDXLVI
MXCIII
2346
1947
3876
CMIII
MMMXC
MMMDXXIII
1466
2837
3192
MCCLXXXIII
MCM
MMIX
MMMCCCLXXVII
3466
1914
CMXXIII
1566
MCLX
MCLV
1581
2520
MMMCMLXXIII
1328
MDCCXXIX
MMDCCXXXIII
2598
MCLXXVI
1847
2470
MDCCXXXI
CXXXII
MCCCXVIII
3229
1709
DCCCXXXIX
3547
MCLXX
MCL
LXX
MMDCCCLIII
MIX
2071
31
MMCCCXC
MMMDCCCXCIV
DCXIV
2983
MMCDXXXI
3729
723
1279
3642
3469
MMMCCCXXIII
2557
DLXXXI
MMDCCCLVIII
MLVI
MCLI
87
1106
CDLXVI
MMMCDLIX
3012
MCXII
3531
2518
MCCCXVI
2865
237
MDCCCLVI
703
802
MMMCXXI
MMCCLXIV
2476
3365
CDXX
MMDLIV
3301
MCCXCV
2702
MCDVII
MMCCLXVI
CXCIX
2982
944
MCDXXIII
MMMDCXXXIX
952
937
DCCXCIV
3432
2773
309
2738
21
MCDI
2157
MMMDCCXCII
XC
MMCDXVI
821
1740
MMMDCCXLIX
142
3464
CMLVI
1125
CCXXXVIII
2250
CXCI
1074
3568
1103
MMDCXLVI
LII
2904
MDCCVI
57
448
MMMCXLIX
3917
MMMCXXVIII
MMCLXX
MMCXI
1126
MMDCCCXCI
3047
MMCDLXXVII
2733
MMCCCLXXII
3094
MMCCCLXXVI
MMDCLX
2127
MCXCIII
CCLXVIII
3271
CCCLXXXII
709
MMMDCCLXXXIII
MMMDCXXXIII
2813
126
979
3470
MMDCCXCIX
MCCXVI
1052
2765
368
MCMLXXVIII
2703
MDCXII
CDXIV
103
CDXVIII
MDCCXXXVIII
MMCDLIII
3865
CLXI
584
904
1328
622
3606
2221
MDCCXXXIX
1720
320
MCCCII
MMMCCLIII
MMCCXLVII
MMMCLXXXVIII
834
3911
2097
MMDXCVII
1787
1879
MMCXXVII
MMCCCLI
MMDCCCXIX
MMCLIV
MCCCXLIV
MMMDCCLXXXIII
1622
CMLXXIII
MMCDXCI
DII
3270
MDCCCXCIV
1925
MMCCI
MCCCXLIV
2803
DLXV
MCCCIV
MMMCMLXII
MMDCXXXVI
350
895
MDXXII
MMDCCCVIII
MCCXXVII
MMCMXVIII
MDIV
1361
3708
MMMDII
2035
MMCMLXIV
3337
3307
MCXIII
MMMII
MMCDLXVIII
3281
MDCXLVII
1278
MMMCCXXXII
2422
MMMCDI
2498
DXLIII
304
2720
MMVI
2662
3036
1995
MCCXXVI
DCCCVI
DCLXXXII
2282
2269
3443
3577
MMCLXXX
MMMCMXXVIII
1500
DLI
CMXCI
DCCLXI
MMMCCCXCIX
94
MDCCCLXXIV
2267
627
MDCCLXXIV
XVIII
MMMCMXCII
MMDLXV
MMDXCI
MMMXXXVII
MCXVIII
438
3754
1399
MDLXXX
MMMDCXXVI
MMMXII
DCCCXX
MCCCVII
MMDLXXV
MDLIX
2855
DXLVI
DXXXV
MMCMV
3294
MMCCLIX
MMCLI
729
MMCXLVI
3862
619
CMLXXXVIII
1964
6
MMMDCV
DCII
3274
3493
CCLXXXI
766
MMMCCCXCII
2196
643
3165
MMCCCV
MMCXLIX
1053
1570
DCCXXXIII
3892
MMCDLXIV
2233
MMMCCLXXXVIII
50
MMMCMXCIV
MDCCXIX
MXL
MMMDCCCLXIX
2241
27
MCCXXXII
2490
587
685
MDCLXI
CDXLVIII
1734
MMXIII
MDXIX
3834
DCLXXXVII
3901
1530
XI
1706
918
MMMDLXXX
MMMCCCLXXXVII
2590
MCCXCII
CCXXXIV
2205
1825
2870
3882
MCMII
DCCCXCVII
2662
3001
389
MCCCLXXXV
MMCLXXVII
MCCCXXIX
MMDCCCXCVIII
DLXV
CCLXXI
340
MDCCCXCVII
3974
MMDCCCL
3985
2747
MMMCMXXXIV
86
MMCDX
3779
MMMDLXVII
3005
1200
3577
1175
DCCLXXIV
MMDCXI
XLI
2763
1660
370
3719
MCDLXIII
MMMDVIII
304
2282
1812
2453
2149
MMMCCLXX
3769
3442
MMCDXIII
776
MMCCCXCV
CCCLXXXIV
MMMDCCCLXIV
MMMDCCCLXXXVI
MCCXVIII
2577
CMLXXXVI
3678
3909
2853
MMMDCCCLXXXIV
869
1715
MMMCCLIX
2250
MLXX
MCM
CMXCIX
MMMXXXIX
1697
864
MMMCDLXIV
2329
1881
MMMCDI
DCCLXVIII
2303
MMCCLXXIII
MXXX
MMCXXII
CCXVII
367
337
MMMCMLXXIV
MMMCXXI
907
3222
MDCCCXLII
367
MMCLXXVIII
DCCXL
900
MMLXIII
77
3742
MMMDLII
2716
MCMXLIII
MMMCCXCIII
2605
MCDLXXVI
56
2972
MCCXVII
MMMCDLXXXVI
1277
MMDCLXXXIV
2493
MMMCXC
CMLXXXV
MDCCCVIII
MMMDCCC
MCCCVII
1718
3939
MMMCCCXXXV
MDCCCLVI
MMDCCCLXXXI
1664
1238
MMMLXIV
CXXIII
408
1293
MCDXCVII
MMDXLII
1809
MDXXI
2808
MMCCCLXXXV
MMMDCCLXXXII
MMMCCLXVI
3036
2733
2586
MMMCXV
3676
1277
3333
MDCII
1619
MMMCCLXIII
2551
2212
943
1212
2722
1543
MMMCLXXXVII
3494
MCMLXXXIII
2278
MMDLXXXV
1621
MMDCCLVI
549
DCCXXI
3119
3992
2747
3785
1201
2371
MDLXIII
MDCLXXXII
2420
MMCDLV
MMMCCIX
1530
CMLXXXIV
MM
CCCIV
CDLXIV
MMMCCXIV
700
1901
MMMCCLXXXV
3739
XLIV
MMCCCLVIII
3594
MMMCDIV
3266
MDCCCXIX
1114
CMXXVII
MMDCXLII
2641
1243
2392
256
1957
MMMLXVI
MDXLVI
MMMCCIV
CMXLVI
MDCCXXXIV
2105
257
MMCMLXXVIII
2512
MCCCXLII
2625
MMDCCCXXXI
27
24
DCCXLI
2894
168
MCMXXXVI
1805
CCCXXVIII
2169
2611
1684
39
370
MMCMLVI
MMCMXXXVII
3384
3257
MMMDCCLXII
1475
MXII
3876
564
MCCCLII
CCCXXIV
DCCCLVIII
MMMCCXCII
MMMDCCCXC
MMXII
MCXL
MMMCMLXIX
MMMDCXXVII
279
MMDCCCLIX
1009
MMCLX
1674
MMMCLXXXVI
1445
CCCXLI
MCCCXLIV
2277
3250
MMMXLVIII
MMCLXXXVI
1705
2747
1468
1462
XXIV
924
732
MMCMXCIV
286
2665
MMMDCCCLXVIII
358
MMDCLXXXIV
1046
1657
540
MMMCCLXIII
2425
MMLXXII
3039
MMMCMLXIX
MDCCXVII
DCCCXIX
MMCMXI
MMLXXXI
2340
CMXXXVII
MMDCCXLIII
1526
MCCXCV
2349
1687
CMLVII
1947
MMCC
2286
2653
2888
LXXXVI
3561
CMXLII
MMDCCLXXXVI
738
869
MMMCMXCVIII
2277
CX
368
2931
MMDXXVIII
2034
CMLI
2064
3681
DCCCLXXII
MCCVII
1107
MCCLXXXIX
2914
3944
MCDXXXIX
MDCCLXXV
MMCDLVII
3619
MMMDCCXVIII
DCLXXXI
DXLVI
1947
3291
670
904
3935
MMCCCXLVII
MMCMXLVIII
MMCMXLII
300
2958
MMMDCCLV
859
MDCCLXXXI
849
MDCCLVIII
1516
3180
MMDCCCXXXIX
3264
MCDLIV
MCDLXV
CLVI
3018
CDXCVIII
MMMLXXII
2024
MMMCDXCVII
3483
3946
2374
3040
MCDLIV
1025
MMCXCI
CMI
509
2716
MMMDCLIII
MCMLVII
3593
3636
982
2388
1185
2058
1487
1361
2144
MMXCIX
MCCLVI
368
MMMDCCXLIII
MMMDCXXX
3424
DCCLXXXIX
3958
207
570
1284
MXC
3816
2464
3031
MMCXLII
266
MCCXXXIII
MXI
339
719
MMCDXCIII
2522
1482
3661
MXL
MMDCXX
2333
MDCCCL
2490
MMMDCCXLV
MDCCC
3544
201
2127
3446
1192
1434
3426
248
264
MCVII
2512
MCXXXIII
1769
MMMCMLI
2195
MDLXIV
3476
MDCLXII
320
3576
2160
3092
LIV
3979
MCMXCIV
2921
MDCXCIII
MMMCMXCII
MMMDXCVII
3573
3415
1665
CDLXXIII
MCXCII
MCXXII
MMMCCCLXXI
1382
2157
MMDXXVII
3464
1972
DCCCXXXVII
850
2182
1284
MMDCCCLIX
MMCXLII
2181
DLXXII
MMMCCCXXIII
DLXXXII
MMCLXII
MMMDCLVII
MMMCCCLXII
3633
MLXXXIX
3379
MMCMLVI
3721
893
2355
950
627
MMLXXXVIII
3967
MXXIX
41
CDXXIII
MMMCDLXXVIII
2260
1321
2705
MCDIX
MMCMXCVIII
MMMCDLXXXI
MCLXXIV
MMMCDXXXV
MMDCCCXV
461
3196
62
79
2139
390
MMMDLXXI
DCXXXVI
MMMCDXXIX
2487
1841
2125
1645
932
MMCCXLVII
MMMXXIX
MMCCCXXXVII
LXXXVII
MDCLXV
MMMDCCCLVII
1482
1632
MMMDCXXXIII
2117
1634
172
DCXXII
MDVIII
CDV
CLV
2636
CCCXXVIII
MMMDCLXXVII
3782
2589
2860
MDCCII
DL
MCDXIV
MMMCDXVIII
MMXCIII
1516
MCLXVI
1283
MMDCXIII
MMDCCXLIV
443
MLV
3816
MMMCMLXII
MMDXCII
MMMDCCCXX
MMCXXXIX
MDCLI
CCCLXI
MCMLXXXIX
3700
MMMLXXXIV
MMMXLII
3518
711
2555
MDCCXLIII
1087
1660
2629
MMLXXXII
322
3213
MMMDVIII
MMDCI
1593
525
2133
MMDCLIX
2420
3982
3929
CLXXIX
2221
577
MMMCCCIII
1197
MMMCDLXII
2522
MMCCCX
473
DCLIV
687
MDCLIII
3165
715
408
MMMCCCXXIX
MMMDCCXIII
3462
DCXCVII
MMDCIV
DCCXXXIV
CXLIII
MDCCCXX
3623
MMMCDXLVIII
3141
1185
3038
1087
2522
MMCXXIV
MMMDCCVIII
MMLXIV
MMMCLXXXII
202
MCCCLV
2859
CXLV
3608
MLXXXI
MDLXXII
MMCMXLV
XCVIII
MDCXXXVI
MMMDCCCLXXXII
MMMCLXXXVI
MMCXC
MCII
MMDCCCXIV
DCXXI
MCIX
3863
440
2498
MCCCLXXIV
MMMCCXI
MCCCXIX
1647
3789
MMCLVI
718
CDIII
MMMXI
MMMDCCLII
2994
1040
2063
3812
MMMCMXX
MMDCXCIII
1968
MMCDLXXVI
I
516
3354
1900
2847
3995
MMMCXLII
3902
1628
2272
3939
2404
383
MDCXXIII
31
MMDLXXXV
DCXLIV
MMMDIII
245
MDCXCVI
MCLXXXIX
856
564
1181
MMMCCXXXVII
MMMCMLXXVII
752
MDCCXCI
3217
3222
MMMCMLXXX
3526
3434
CDXXXV
3604
MMDCIII
MCCLXXXIX
3952
CXV
3842
3672
328
MDCCLXXIV
1320
DCCCXCIX
MMDCXLIV
MMCCLXXXIII
CMXL
MCCCLXII
MDXLVII
1285
MDCCCXXVII
CL
111
MCMLXXXV
1859
2705
MMMCCXCVI
MCCCXXIII
DCXXII
1469
3019
940
949
627
3533
3816
MMMDXXXVI
LXIX
2972
MLXVIII
2316
CMIII
1170
2229
929
MDCCXXIII
CCIV
241
MMMCDLXXVII
2701
CM
MMMCMXCIV
1030
MMMCCCXXI
MI
20
2168
783
MMMCCVIII
2306
2540
MDCCLXXI
1122
3964
MDCCCLXIII
MMCCXVI
398
705
MCCCLXXXVIII
MMIII
3255
MMMDCCCXXXIV
2234
MMMDXII
2389
MMMLXXXII
MDCCXIV
3976
MMMCMLVIII
549
1415
1309
3700
3173
1107
463
MCLXXXI
MMCCCXC
MCCLVIII
MXLVII
MMLXVI
XCIV
MCDIV
MMMCMXI
MCXXVIII
3370
MMCCCXXII
DCCLXXXIV
1893
1718
DLXX
DCCCLXXXIX
946
220
2258
1686
2315
2598
MMMDCXVII
MMMCXXXIV
MMDCCCVII
MMMDXLVII
MMCMII
701
845
MMMDLXXXVI
1069
3890
3219
MCLXIX
2421
596
52
MMCCLXXXVIII
MMMDCCCLXIV
2407
2246
1777
MMCDLXXVI
XXXVIII
MMMCXXVIII
CCLXXI
MCCXXV
MMDCCXCIII
MDCCIII
2596
DCLXXV
MCDXXXI
MMMDCCXLVIII
CCCXXXVIII
MMMCDXCIII
272
1098
1058
MMMDCCXV
3487
MCCLXII
MXCIV
2612
MMMLXII
686
MDCCXXXVII
MMMXLIX
MMMDCCLXXVI
MDCCXVI
MMDXV
CMLVII
590
MCDXLIX
MDCLVI
2294
2554
2385
MMDVIII
MMMDCLXXVI
1111
MDCCCXLII
MCXV
MDCCXXXI
3991
1118
CMXVIII
MMMDXXXVI
CMXXXIV
MDCCLVIII
291
765
3911
3981
3103
MMDCCXI
1983
2489
1569
MCCXIII
CDXXI
146
163
MDII
MMMCLXIII
3473
MDXXXIV
MMCDXCI
MMMDCCXCIII
824
3849
MMCCCIII
MCDL
MMCCCLXXXII
1913
3181
MDCLV
1051
3145
DCCCV
MCDXIX
MMCCCLII
MMCMLXXI
1387
3877
MMDXXI
1150
MMDCCXLIII
748
MMMCXLVIII
MMMCC
1055
1522
MMXXX
323
485
2149
DLXIII
3692
MMMCMXCI
MMMXIII
MMCXLVII
418
635
719
3350
MMDCXXIV
1797
CMLI
2811
2897
1168
3720
1447
1733
932
965
1985
MMMCCLXXX
DCCXCIII
MCCLI
MMDCCXLVI
884
MMDXCII
2504
426
67
289
MMMCLXXIV
CDLXXXIV
2753
CDLVI
MXL
2453
MDCLXVI
MMCCXXI
2309
247
2138
CCXLVII
1209
MMDCCLXXXVII
1521
3040
1720
2154
MCDXLIII
MMCDXXVI
DXIV
2334
MDCCLXXXI
DI
2327
2233
2705
2839
1450
MMMDCCXLII
2323
3735
MCCVI
MCCCXL
3240
3993
359
1661
1225
MCXV
2518
2874
502
3306
MMDCLV
1589
MDCCLXX
3223
317
2729
538
1103
MMMCMLXI
1761
2306
MDCCXXIV
DCCCXL
1703
MMCCCXXII
CCCXXXVII
MCDLXXXVII
MMCCCLXXXII
682
3439
MMMDXLIV
2738
MXCII
MCCCXCIV
3925
1667
MMCCL
XXIV
1168
MCCLXVII
1690
MMMCDXXXIX
622
3030
538
3136
MMMCCCXCVI
893
MDCLX
CMVI
MCMVI
CLVIII
1184
MMMCCXXX
3528
MMDCCXXVI
938
3092
3028
MMMDCXXXVI
MMMCVII
2801
CCLIV
990
2751
2381
MDCLX
386
251
131
MDCCCLXIX
MMMDLXXIX
DXXXI
MMMCCCLVII
DXLIII
MMMDCII
2798
2951
MCMXXXI
436
MCCCIX
MMMCDLII
1009
171
XLIV
89
DCCL
CMLXVII
886
985
MMDCCLXXXVI
3460
MCMLXXXVIII
MCCXCVI
MMCMXXXVII
DCCLXXI
2783
MMCMXL
2190
2226
2475
MMCLXXIV
3620
MMDCCCXXXII
2567
MMMCCCLXVII
MMMCMIV
2138
2335
MCMXCII
2788
MMMDCCCXCV
DCCCLXIII
MMMCXXIV
DCCXXIII
1221
MMCLXXXI
1391
1620
2193
MMDCCCLXXXV
MDLXV
MDCLXXIII
MDXXVIII
MXCV
3480
CDLXXXII
3526
1735
3486
1273
CCXCIX
1151
MMCCCXLVII
MMCCCXCVI
2465
70
MMDLXXXII
MMMCCLXXXVI
MMMCCLXXXIX
MMCCCVIII
878
3227
MMMCCL
MCDLXXIII
682
MMDXLIII
MXLV
438
MMMCDXXXI
231
3214
2372
MMDCCIV
1058
2007
MMCCCXXXVIII
1129
2305
MMCCLXV
MCMLIV
1296
MMMLXXX
MCDII
74
MMDCXLIX
DXLVII
1382
467
2596
2468
MMCLXXVI
3120
MCCCXXXIX
DCCCXLIII
1250
2695
MMMDCCLXXIX
2800
2290
MCMLXXXVI
701
CCCLXX
3331
150
1772
III
2353
MCCXXVII
677
2983
445
3798
1175
DCXLVIII
MMDCXII
MMCMXIII
MDCCXXIV
DCLXXV
DLXIII
1861
MMMDLXXXVIII
861
LXXXV
MDCCCLII
MMMDXXVIII
534
MDI
MDXXXVIII
MCCI
547
1508
1039
1006
MDCCCXXXIV
MDCCLXXVI
MMDLXXVIII
3929
2370
MDCCCLXXVIII
65
MCCCLXV
MMLXXIII
2934
3521
MMLXXI
MMMCCXI
MMCXXVI
2638
492
1213
MMMCXCIV
MMCIX
MMC
2981
MMMCCCLXIII
886
CCXIV
9
DCCCLXXVIII
2728
667
MMMVIII
3556
MDCXC
3498
3757
2317
MLXII
MCII
MXXXIII
MCIII
224
MMMCMXXXVII
MXXXII
279
2292
384
MDXCVIII
CMXCVII
2770
1542
MMMDCCCXXV
2170
2099
DXXIII
3789
2062
3144
MLXXXVII
861
3713
MMMLXXVIII
MMMLXXII
731
2022
1090
204
3067
3435
1723
MCLXXXVII
1867
MMCCCXII
MDCCVII
2041
1959
MDCLXXV
IX
2097
MMMCL
MDCCLXXXVII
129
MMCXLVIII
MXLVI
2919
1056
1537
2617
1041
3380
MMDXXXV
MMDCCXII
MDVIII
MMCXXII
MMMCXXII
1541
1354
MMLXXVI
2800
1001
MMDCCCLXIX
726
3376
3522
2343
DXIX
1435
MMMXV
DCCCX
512
541
3216
MDCCCXCVII
MMCMXIX
CCCXXXVI
DCCCLVIII
997
2050
MCMLXXXIX
MMMDCCCXLVIII
2268
2344
1176
MMDCCXCI
2275
1588
MMMDCCCX
MMMCCCLII
2572
2490
2159
MMMDXII
CDXIX
1933
MMDCCCL
MMMCDLXXXII
MDCXCIII
1499
CCLXXVII
CDXXI
3766
2893
3620
MCMLXVI
2646
278
642
574
MCDXLIV
1953
3257
2838
127
CMVIII
1868
MMCCCXIV
681
MMDCCLXX
43
CLXV
2146
2522
MLXXXIV
MMMDCCCXV
1347
CCCXXV
MMMDCCLXXIV
MDCXL
MDCCLXXXIII
MMMDXLVII
MMMCMLXXIII
2094
2232
DXLI
3807
MDCCXCII
1577
2095
MMMCCCXX
879
MMMDC
17
MDCLII
3340
1144
1921
CLXXVIII
CDXLIII
MMCMXLVI
CCLXIX
MCCXLVII
MCCCLXXIV
2364
920
893
MMDCCCLXIX
MCDLXXV
3030
2743
75
MMMCCXXIII
DCCLIX
XC
MMDXLVIII
DCCIX
MMIV
MDXXXIII
3793
3866
MMMDCCCXX
IV
3044
212
MMMDCCCL
CLXXXIX
1130
1147
DCCCXXXIII
MMMDCCXX
1836
3870
MMCDXIV
2459
2098
MMDCCCLXII
2723
DCCVI
2116
MMMCCCLXX
DIV
DCLXXI
MMMCCCV
3291
1539
585
LXIII
3907
MMCCXXIV
MMMCCLXXXVIII
MMDCXXXVI
3798
3423
759
MMDXCII
MMMDCCLXXXII
3226
XLIV
MMMCDXXII
MCCCXCV
3622
2373
MMDCCCLXXXVIII
MMDLIV
MMMDCCXXXIV
MCDXII
DCLXXXII
867
CXCVI
2164
MMMCMLXXXI
DCLXXIX
CXLV
MMMCCCXVII
MMMCDLIV
MMDCXXXVI
MMMDCCLXXV
MMDCXL
1247
2810
MCLXVI
MMDCCLXXXIX
MDCCLXI
2919
627
MMMDLII
2199
MDCCXLVI
IX
MMMCMLXIX
2622
MMDCCCXCVII
3118
327
MDCXIV
424
MCDLXXXVIII
946
3270
MCDXIV
77
2947
MMCMLXXXVIII
CCCXVII
MMDCCLXXIII
MMDCCXCIX
1856
3198
MDCXLI
2868
MMMCCCXCI
MMMDCCXLI
1445
2818
3639
3683
MMCCCLXXXII
MMDCLXXXII
CDLXXXI
DXLIV
DCCLIII
1199
3649
3307
DLXXIV
1895
DLXX
MMCMI
1968
787
1766
MCMLXXIII
469
MMMCCXLII
1069
3156
1574
2555
1679
2642
1237
3682
MCCCXXV
MMDCCCLXXXIX
MMDCCLXVIII
MCCCLXXVI
1971
MMMDCLXVIII
DCXXXII
1050
3223
529
MMMLXVIII
1419
CDXCVI
MMDCCLXXVI
647
MMMD
937
728
2642
987
410
MMMCDIX
MMMLXXXIX
MMMDXIV
MDVIII
MCMXLI
MDCCCLVI
MCDLXXXIV
1332
DCCCIV
MDCCCX
MMMDCXX
165
MMMCCCXLI
1900
MDCLXXXI
DCXCVI
CIX
MMMDCLXXXI
MMCVI
2796
1175
MDLXXVII
1423
MDCI
3331
MMCCCXVI
1820
MDCXXX
MMDLVIII
MMMCDLXV
DLXXXVI
DCCCXXVIII
1658
2760
MMMCMLIX
453
1944
XXXII
MDCLXXVI
MDXXII
MMDLXVI
MMDC
2440
MCDXXIII
DXCIV
897
3715
3243
1500
2746
MCDLXXVII
3420
1037
MMMDLXI
MMMCCCLXXIX
MMDCCLVIII
CCCXXX
3254
DLXII
3064
MMCDXI
1291
41
3079
MCCCLXXVI
MMCMXLVII
DCCCX
MMMCLII
CLXX
XXVI
1663
2559
1181
1069
961
3690
MDCCXLIII
MMMCCXV
1336
MMDLXXI
2790
MCCCXXXI
108
2195
1449
MMDLXXIII
826
MDCXV
777
3528
1083
2550
30
2114
30
1183
DCLXXXVII
3498
MMCDXVI
2861
DCLXV
243
3941
2063
MMCCXXIX
MMDCLXXVII
MDXCV
2142
MMDLXX
MMMCMLII
MMDCLXXXV
3450
MMCDXCV
436
CML
MMXXIII
CLXVIII
MMMCDV
2866
MMMXXIX
2436
DLXXXVIII
MMMDCLXXIV
MLXXX
82
148
MMDCXLIII
CCCXXI
1247
1326
CCLXXIX
MMDCCLIII
700
2164
MMDXLV
MMMCCCXIX
1836
593
MMCCCLIX
MDCLXXIII
MMMDCCCXVI
920
3174
671
MMMDCCLXXIV
3609
MMDLXX
MMCXI
LXXXVI
MMMCMXVIII
MDCLXXXI
MCMXXIV
797
3647
LII
3068
MMMDCCIX
2898
3195
MMCXXVII
3586
DCCXV
MMCDXXXIII
2644
MMDCIV
CMLVIII
3828
727
1711
MMXIII
3566
2756
2564
803
MMCDXLII
MMMCCXXI
2715
2043
MCCLXIII
2345
MMCCXXV
776
626
MMCCLXVIII
MCDXXI
167
769
CXVIII
3806
MDCLXXXIII
DCCLXIX
MMMCCCLXXXII
1679
348
XCI
621
2227
3808
1814
3249
MMCCLXX
581
1471
MMDLXXI
770
2195
3211
DCCXIX
MDXIV
3988
2796
514
2881
1071
1030
2411
838
MMMCCXLVIII
1997
1427
MMMDXXVIII
971
3294
MMCCXXI
3807
1746
MMMCCXL
979
1302
1601
MMXLVII
MDCCXXIX
3398
2998
652
732
MMMIV
MMMCDLXII
3788
3012
351
2894
3815
MCMXXXIII
MDCCCXXXIX
1186
MDVIII
78
3523
MMMCXX
3734
DXVI
1023
3810
MCCXXII
2694
2459
MMMCDLXVII
3436
MCXCIV
MMDCXCIV
MCDXXXI
MLVIII
1669
MCLXX
548
3036
MMMDCXXXVIII
MMMLXXVI
LXIII
MMMCCLVIII
3033
2566
327
CCCL
1076
MMMDCCXIV
DCCCXIII
MMDCLV
MMMDCCCXLII
2194
2407
630
MMMDCXXIX
MMDCCCLXXIV
MXLIX
17
DCXXIII
DCCCXV
1442
MCXII
982
761
CMLXXVII
2853
273
CCCXXIII
XXXIV
2226
MMDCCLXXXIV
1269
MDCCCXLIX
DCCXX
956
CCCXXII
MMIV
2599
45
MMMDCXXXIII
MMMCXVIII
2694
2496
MCDLXXXVII
CCCXX
3394
MMCCLXXXVIII
MMMDCCIV
3937
1250
CCXC
MDCVI
MMMDCXXXVII
MMCCVIII
MMMCDXIII
MMCCXXXVIII
2288
2331
888
3523
2632
3869
895
121
MCMXL
1530
2552
MMMCDLXXX
MCLXXVII
MMDCCXCII
MCLXXXII
3771
465
MCDVI
2396
MCMXIX
MMDCCII
3553
2906
2217
MCXCII
3053
CCVIII
CMXVI
2893
MMMCCXLVIII
CIII
3031
MMMDCV
MCMLVI
MMCII
1546
2299
MCDXCI
MMDLXXII
478
CCXXIV
3361
MLXXIV
XXXII
288
3980
MMDCCXCIII
MMDCXLIII
DCCCLXXX
2379
DCCCLXI
2297
MCMLXXVIII
2999
MDCCXLV
MMMCXLIX
280
25
MMCDXXVII
CXCII
2004
MML
MMDCCCXLVIII
1591
3145
1098
MMMCCXCII
MCMLXXX
2032
3971
DCLIX
2861
CL
MDCCCXLVII
1228
MMDCCCXXIII
902
MMMCLI
23
MMCCCXLIII
2132
442
MMCMXLII
MMMXXVII
MCCXCVIII
3220
MMMDCLXVIII
MDLVII
1416
1160
218
MXXXI
CMXLVII
MCCCXLII
DCCCXXVII
1258
MMMCLXXVI
3864
MMMDCCCII
2081
1639
CLXIX
MDCCXXVI
MMMCCXLVI
2453
1724
MMCDLXI
DCXIX
2568
1097
MDXLV
433
280
MDCCCXXVI
MMVI
MI
2602
MMCCCIII
494
MMCMXXVII
MMCCCLXVIII
1070
MCCCLXXIII
2752
2864
265
1431
2214
MMMDII
MMMCCXLVIII
877
2500
MLXXXVII
MMCMXXVII
CMXXIII
MMMCMLXXXVI
MMDCCCXLIII
MMCDLXVIII
3263
3686
MMDCIX
MCDLIX
MMCCCXCVI
1876
MMMDCCCXLVIII
MMMCCCXLVII
MMMDCCCLXXXIX
MMDCLXXXVII
3402
1311
MMDCCXVII
2308
MMMCXXXVIII
CDLXVIII
1011
MCCXCII
2248
2080
DXXIV
2788
MLXIV
MCCCLXIX
3326
3416
MMMCCCLXVII
1337
MMMXLIX
MMMDLIX
CDXV
MMDXXI
MXLVIII
MCCCXCV
3155
MMMDCLXXXVI
LIX
3303
3392
MMDLI
MMCDLXXXVII
2787
MMMCDXLI
1915
2102
MCMXLIII
2259
2453
MMMCMVII
MDCCCLXXVI
2402
3014
MMDLXXVIII
MDCCCXI
2509
1539
1643
2560
290
352
MM
DCXLVIII
468
MDCCLXVII
DCCCLXXXI
MMMCCCXX
1828
2424
825
2243
MDXXI
322
2393
318
DCCXCVII
CDLXXX
MMCMXCII
642
MMMCCXIX
MMMDLII
1000
410
1090
3304
1507
833
98
MMMCCIX
3681
CLXIX
MMMDCCCLXIV
3485
3236
MMMLXXXI
2757
3559
MDCLXXV
MMDCCLVIII
2982
2578
MCXCII
1665
2976
3229
2096
3289
MMMDCCXXXV
MDLI
1773
DCCCLXXII
CMXXXVI
2632
2204
MMMCMXC
MMDLXXXVII
MMDXLIX
MMCCLXXVII
3034
DCCLXVIII
MMMDCCCLIX
DCCCLXVI
1037
CMXIX
CMLXV
MMCCLIX
XXXVIII
MDCXXIII
DXXXII
DCCLXXXIII
MMDLVII
CCXIX
MXVII
MCCLXXVIII
1576
CCLXV
3818
MMMDCLXIX
2675
651
MCCCXVII
864
MMMDCCCLII
CMLVI
MCDXXVI
DCCLXXIX
1955
DLXXIX
1055
MMMCXLIV
706
DCCXXIX
LX
2195
MDCCCXXVII
2525
2897
DLVII
1997
MMDIII
298
2998
MMMCMXCVIII
2474
833
MCCXC
DCCCLXXIV
1156
2074
MDCXXXI
2633
54
2389
MMDCIX
653
CDLXXIII
2895
246
MMDCCLVIII
2131
2265
783
3668
1008
MDCX
MCDXXV
MMMCLXXXII
DXL
474
MMCCCV
1879
MMDCLXXXI
2581
2867
MCDXLV
318
815
3176
1335
MMMCDXVII
MMMDXL
2698
3367
3070
961
CDXXIII
MMMDCCXXXII
1370
2013
MMCLXVIII
2299
MDCCXXI
3253
CLIV
MDCCCIV
LXIII
MDCCXXVII
1823
2420
3566
3970
MMCCXLV
MMDXCV
3859
1203
MMMCCCXLI
MMMCDIV
LXXIII
569
1470
MCCCLXII
MMDCCCXXXV
MMMCMXXXIII
MCMXXVIII
MMCDXXIX
2458
MMDXLVI
MMDCCXLIV
DCCLII
MMCCXXXIV
1344
2288
968
3500
MCDLXXV
2846
CCLXV
724
2504
946
3454
3128
1652
MMCMXLVI
760
2684
3648
1228
2543
1510
3843
MMCCLVI
MMDCCCXXXV
DCCXXXIII
3655
MMCLXIV
MMMCCXXXVIII
3564
MMCCCXVII
CCXXXVI
MMMCCCIX
MDCCXX
MDCXIX
702
MMMCMLX
MXLIX
100
MMCDLXXX
1982
MMCMXXXIII
MMMDCCLX
2696
3171
3739
XLIII
MDCXL
3101
1254
346
MMMCMLVI
1509
MDXIX
2335
3628
MMDCXXI
MMMDII
1279
MMMDLXXXVI
MDLXXVI
MCCXVI
960
CLXXXI
2371
3619
MCD
1955
2861
1131
247
MCDXLI
MMMCMIII
MCDLV
MMCCIV
MCDXXXII
280
MCLXXI
3985
1623
MMMXLVI
MCCCLXXXVII
1329
3574
3300
MMMCMXLV
MMDCCCXXII
468
DCCXXX
3136
MMMDCCLIV
MMMCCLXI
MMLXX
2142
MCCLX
290
CMXXX
MMCDLXI
1879
MDCCCXCII
1566
3136
2835
MMCMLXXXIX
MMCDXLII
MMCLXXVIII
687
3165
2598
45
210
CCVI
3397
MMMLXIV
MCCXVI
3804
827
MMCCLXX
MMCCCXIV
MCDXX
1934
1461
CLXI
MCIII
MCCLIII
2519
MMDCCLVIII
MMCCCLXXII
DCXXXIV
MMMCMXXIX
MDCIX
MCCCX
2395
2699
MMMDCCXI
MMMDCCXV
1197
MMCMXLVII
CV
CCLXXII
1789
MMMLXVIII
CMXXXI
1083
409
1023
3360
1719
CCCLIII
3678
1941
364
MCMXXIII
MMMCCCXLIX
MMMLVII
3463
CLXXVI
2270
1280
CCCXXIII
3791
3048
MMMCXLI
MCMXLV
CCCLXVII
3964
DXCII
2559
MMDCCCXLIII
MMMCCCLXXXI
MMMII
983
MMMDCCLVI
2219
CCLXVI
1179
MXCVIII
3589
MMMCMXXXVIII
MMCMXVII
156
MMMCDIV
DCCCLX
1607
MMMCCLXI
MDCIV
765
3930
MVIII
607
MMDCXLV
MDCXXVI
2065
3936
3651
2034
1504
3139
882
DCCCXX
584
1799
MMDCXXXIX
831
3235
LXIV
3776
1761
2953
MCCLX
161
3327
3321
3076
CMX
MMCCCLI
706
DCCXC
MCLXXXVIII
CCCXLIII
2422
MDCCCLXI
920
MCCL
MCDIII
2159
2696
MMMDCXVI
3629
MMCLXV
3040
MMMCCCV
MDXXXI
MMMCXXVII
2953
MMCI
MCLXXVI
3264
507
MXLIV
CCLIV
MMDCXXXI
3711
2331
3439
2294
CXII
3225
2316
3347
2411
3371
MMMCCIII
3799
2196
MMMCXXIII
2203
MMDCCCLXX
2512
3721
XL
446
MMMCCXXIX
1163
MXII
382
1908
MLXXIII
MDCCCLXXIV
MCCCXIII
MMCCCXX
1094
MMMCCCXLI
2246
DCXCI
DCCXXXI
986
92
201
1588
1519
MMLXXIX
1840
603
411
3085
MXIX
XXXVIII
MCCCLXIII
MMDCCCXLIII
MDCCVI
CCLXIII
MCCXXXV
2512
MMCCXCVI
MDCCCXXIV
MMMCDXLII
MDCCCXCIV
1199
1368
116
MMDCXLVII
2855
MDCLXII
CMXXVIII
MMDCCCXXXVI
DCCXII
MMDCCXXX
CDXXXV
220
877
305
MMCCXCVII
480
3669
1747
CCCXXXIV
1615
MDCCCXXII
1356
3608
2944
177
MMMCCCLXXIX
2348
MMMDXXVIII
347
DLXXVII
2161
MCDII
3486
1879
1767
1746
CMIX
551
DXXIX
DV
MMDLXIII
2205
1195
1207
MCDLXXIX
610
2122
2597
MMCDXXXIII
3355
3915
MMMCCLXXI
3547
MCLXVII
3323
MMCXVII
1158
DXCVI
MDCCCLXXIX
1125
3594
1699
MMCLXVI
MMCLVIII
2587
MMCDIV
1460
3168
1079
DCCCXXV
XXXI
1166
MCLXIII
DCCCXCVII
2522
MCMLXXXIX
3826
2327
2572
3172
MDCCXXVI
DCLVIII
2376
MMMCLXXXIX
1026
MDLIII
MMCLXXX
505
1876
MMXC
1709
MMMCCLXVII
MMCLXVI
CDXLIX
313
MXL
1543
3679
1594
MMMCMLVII
MCCI
MMCCXCVII
DLXVI
3962
3521
MMCDXCI
3295
1621
MMCMXXV
DCCVII
MDCLXXV
3711
909
2383
3883
1878
1075
CMXIX
MDCCXCII
213
2208
MMCMXXXIV
DCCXV
MMMDCCXCIV
600
3845
DCCCXII
MMMDCCCLX
1876
MMDLVI
MMMCMLXXVI
MMMCXXXVIII
948
2381
3075
933
MCDXVI
DCCXLIII
502
MMMCLXIV
372
2709
765
XXXI
3638
3796
2557
MMDCCLIII
MCXCV
DXI
1128
MMMDCCCLXX
648
CCCLXV
MMDCCLXXVIII
287
XLIX
2615
MCMXIX
2439
MMCCXLV
3288
1368
420
MMCCCLXXIII
2053
3351
MXXX
MMMCDXII
3370
1575
DCCLXXVI
MCVI
1446
2129
MMDLII
1266
MMCII
MMCDLXVII
DCLXXXIV
MDLXXIII
363
169
280
MMDLXIV
950
MMMCDXI
MMDLXXV
MMMDCXVII
1620
369
1364
MMMDCCCLXXVIII
DCLIII
1728
1492
566
MMMDCLXVII
3931
797
MDCLXXXIII
1989
MMMCDXLV
MMMDCCCXLVII
1226
3295
1615
MMXCIV
MCDLXXXIII
989
2397
2772
CDXXVII
3319
LXXVI
MMDCLXXII
805
MDCLXXII
626
392
1274
1444
2450
MMCCLXXIX
242
117
MMCXXXIV
MCCLXVIII
2033
MDCCII
3152
MMDCCCLXXIV
DCCXXVII
MMCCXLIII
MMCXXX
3504
3882
MMXXV
MMMCDXXXVIII
CCXXVIII
CMXVII
2323
DLI
CCCXXXIX
MDCCXIV
DCCCLXXX
CCVI
CMLXXXVII
MMMCLII
DCLXX
MCCXVI
MCCXXXIII
MMMCDXXXIX
3049
1454
2557
CDXCV
MMCCIII
MMDCCCLXII
294
MMMDCCCXIX
3627
1923
CCLXIII
MCMVII
1076
1857
MMMDCCCLXXXI
3609
MMMCXI
MCMLXXVI
1770
1641
MMMDCLVI
754
MMMCMLXVI
CDXVII
3866
MMMCCCXC
1564
3974
415
3325
CCXIII
DCXLIV
DCXLVI
DCCCLXXX
3599
965
896
1850
2645
3670
MCDXC
629
MMCCCXXI
3542
222
3220
MMCCCXLVI
585
MCMXCVIII
2947
1171
3371
1384
CDLXXXIII
2297
MMMCXCVIII
774
499
MMMCDLXXV
876
MMDCXXXVIII
3132
3557
1775
MMCCCXX
MCI
951
MMCMLIV
MMDCCXLIX
MMMDCLXIII
3649
XIII
DCLVIII
3662
2112
LVII
MMMDCXCII
MMMDCCLXI
DIII
2539
MMDCCCXXVII
2759
CMLXXXVIII
DCXXVII
599
1749
2441
3749
2184
1524
2996
3876
470
3763
MMMDCCCXV
MMCCCXLVIII
MCCXXVI
MMMCCCLXXI
465
1413
DII
3656
621
CCLVIII
CDVII
168
1250
MCCCXVI
1934
468
591
MMMLXXII
MMMXCVIII
458
1561
MMMDXCIII
1027
769
MMMCMLXI
MMMCMXLII
MMCDLXV
MMMDXCVII
MMCCCXLIV
MMMDCLXIV
MCX
DCCCLVIII
3930
MMMDCXXXIV
2612
3998
CLII
MMMDCCCLXXXVII
MCCCLXXVI
1399
DLXVIII
CDXIII
3001
1150
2351
3448
MDCLXVII
3938
MMXIII
VII
MMMCMLV
799
1041
CLXXXVII
102
3979
639
3273
78
MDCCIX
2650
2231
MMMCCXXXVI
3845
MMCDLVII
794
MMMCXXXII
3886
2588
CMXLV
DCCCXXVIII
235
MMMDCLXXXVII
935
DCXXXI
CCXXXVII
DCLXXVI
1338
1873
MMCCCII
1817
674
MDLXXIV
MMMCLVI
1927
DCXXX
1497
221
3482
3169
757
MMMCLX
CML
MMCXVI
1038
CDXLVIII
3678
1098
MMMCMLXXXVIII
MMCMXLI
403
782
MMCMXIII
3143
3325
3463
2639
MCLI
MCXCIII
2378
MDLXVI
MMDXIV
MDXV
3158
MMMCLII
892
1440
MMDCCLXXXI
2276
MCCXXXVII
1283
1562
CMLXXXI
DCCCXXXI
MDCCXLVII
MMXXXI
2956
146
2426
3224
CLXXXII
495
MMMDCCCXI
570
2667
1662
1974
MMCDXVIII
320
1343
MMMCCCXXI
MCMXLVI
148
MCLXXXII
3133
MCDXXXI
CMXIII
3801
3390
22
MMDCCLXV
MMMDCLXXXI
CLXXVIII
2860
2386
2926
2205
2743
LXXX
1569
MDCCCXII
403
MMDCCLXXIX
MMMDCCCVI
912
3438
6
DCXIII
2990
1621
CDXXXI
1008
MCMLV
MMDCCXXVIII
1614
1914
2763
3714
1371
3428
434
2059
MDCCCXCIV
3153
MMMDCCXXVII
MCCXLVII
MCDX
3496
2555
2275
MDCCCXXII
2884
3099
MMMCCCXLVI
MMCCXI
MDCXCIX
MMDXXXIII
MMDCXXVIII
2741
1771
MMMDCCCLXXXI
DCCCLXIV
1025
MDCCXLVIII
1290
1426
695
3412
CMXXVI
LXXXIII
1918
MMDCCCLV
745
MMMCMXXIX
MMMDCCXVI
1799
2650
2556
3351
MCXXI
MMMCCCLXVIII
1902
MMCCCXXVII
2065
1802
MMXXXVII
2953
CLXXVII
DCCCXL
DCCIX
1050
CLXVII
3994
1118
1312
558
1274
1358
MDLVIII
1503
CLXIX
957
588
DCXIV
MMCCIII
CXVI
2087
505
1224
2643
CCXXIX
1213
MMCCCXCIX
989
MMCCXCVIII
MCDXCI
MCCCXCIII
DCCXXXV
MDCCIII
MMMLXXXIV
2588
DCXXXVII
2283
3467
652
MMDCXLV
MMMDCCXLVIII
MMDCCXXIII
2141
2773
379
2284
MMMCCLIII
MCCXLV
MMMDCCXV
543
750
3860
2211
MMMCCXLVII
DCCCXV
MMMCCCXC
2541
CCCXXXV
MMMCCCXIV
MMCCCXLIII
983
133
MMMCLXVI
MMMCDXXI
2842
CDLXVIII
1516
MMMDCCXXIX
3934
CDXXXV
CXLV
MMCCIV
MMMCDLXVIII
MMMDLX
MMCXXVIII
701
MCMLXXXVIII
MMDCCLXXXVI
637
1267
2349
1756
MMCDVIII
CCCLXXXIX
639
MDLXXX
DCLIV
3460
MMMDLV
716
MCDLIV
143
286
DLXI
MMDCCXXXIV
MCCCXXXIX
1176
3500
279
3811
MMMCDXCI
DCCCLVI
MMMDCLXXXV
3228
MMMLXX
MMCCLXIII
CDLXXI
MCDLXXXIII
MMMDCXII
2782
1006
MMCMXI
MDIII
2897
1987
1830
1329
2349
MMCMLIII
CMXLIII
MMMLXIV
1770
616
MMMLXXXVI
MMDCCLVII
1742
2009
MMMCLXVI
2817
DCCXVI
1394
DCCXCVI
MDCCCXCIV
3732
MDCLXVI
MMMCXXIV
DCXXVIII
3439
MDCCXXXIX
3198
1036
1576
DCCCXCV
3791
421
3971
MMCMLXXIII
1573
2675
CXIV
2666
628
1935
2636
MMMCCCIX
2580
1238
MDCCXXXV
3162
1742
MMMDCCLXXIX
DCCXVI
DCCCLXXXV
2682
MMCDL
3773
MMMDCCXCII
MMCDXCIII
MMMCCI
MMDXVIII
2877
148
MCCCXCIX
2267
2077
CCCLIII
3417
CCCXIII
3283
1589
MMMDCXVI
CCXLIV
2916
3987
2544
MMMCCCXC
3576
MCDIII
1403
982
DCCCXXXI
MCCCXCIX
MMMDCCCXCVI
203
1729
454
2143
MDLI
CCCXCV
3278
3448
809
2547
1849
657
MCDIX
MMMDXXX
MMCCCLXII
MMMDCCCXXI
MMDCL
1631
MDCCLXIII
2841
DCCCLXXXII
3288
DCXLII
MCXLVIII
2259
MMMCLXXXIV
1876
1197
3366
3069
1653
CCXC
1036
DCCCLXXXIX
2465
1274
1609
CIX
MMMCCXIX
3130
2383
3582
1309
1796
595
MMCCCXIII
MDCCCLVIII
2580
2779
1280
2465
591
1869
312
3055
3096
859
3629
3880
1636
1349
333
2031
2946
1365
MMDCCXLIV
MMCXLVII
3703
946
MMDCXXI
1365
2088
2251
MMCXXVIII
MMMCLIII
MMMDCCXX
MMDCCXXI
CDXCVII
MMMCCCXXI
3701
MDCCXIV
MMMCLXVII
2117
XIII
MMCMXIII
MMMCCXXXIII
3647
2146
CDLIII
MCCLXXIV
MDXC
MMDXCIX
226
DXXXI
MCXXVIII
CCCXXXI
3540
2004
3645
D
MMCCCXVII
MMDCLXXXVII
3100
MMMLXXXIX
1992
MMMDCCXLVII
MMMXXXI
3856
DCCLXXII
DCCXL
CCCXXVIII
1468
2424
945
MMMDCCLI
CCXLIV
3738
2683
412
1594
MMMCCCXCI
DCXXV
CCLXXV
MDCXLVI
914
1443
2642
3117
590
2783
2324
MCXII
2349
241
2592
CCCLXV
DCCCLXIII
MMCCXXXII
DCCII
MMMCLIV
2223
3103
3279
MDCCCXIII
2581
MCCLIV
2612
CCCII
MMMCXLIX
39
MCCCXXV
DCCXL
MCCCXXIX
1518
1483
MMCCXXXIV
3661
3380
3188
CCXLI
2677
140
3864
MMMDCCCLV
MMMLVIII
716
CDLVI
MMCCCXLVII
1091
CCLVII
2263
894
MCDLV
2931
MMMDCCXXXIX
1104
1462
MMMXX
765
MMMCCXXI
MDCCLIV
MMMCXXV
VIII
3018
2372
3409
MMMCDLXI
2519
MDCCXXVII
2510
MCCXVII
2716
MMDXXXII
MCMXXXIV
865
MDCXIV
XXIII
3586
MMMDXXII
3513
1602
MCCXXIV
1354
MMCCCLVI
DXCIX
2367
679
395
DXCIII
767
MMDCCXXXIII
MDCLXV
MMMDCCCV
MMDXLV
1693
3162
CCCII
MMCCCXXVII
1394
MMMCDLXXI
2401
MMCMIX
1472
MMCDXXIX
MCCXXIX
3850
355
1420
DCCCL
CDXLIII
1090
3195
MMMCMLXXXVI
2919
3453
1193
2135
2742
779
1226
1279
1108
223
2901
3386
3192
MMCXII
MMCCLXVII
DCLIX
MMCDLIV
MMMCXXIX
3243
3734
3034
570
2261
MMLXXXVI
3542
725
LV
3576
3236
MCMXLI
MMDCLXXX
MDCCCLXXIII
3633
DCCXCVIII
2059
CCXLIX
3374
3294
DLIII
2795
3436
CCCXXX
CDIII
MMMCXXXVI
2425
MMMCCCLXXXIX
3655
3235
3126
1732
MMCMXCIII
MDCCLXXXVIII
CDXV
MMMDCCCLXXXIII
MDCCCXVII
2168
25
MDCLXIV
MDCLXXI
287
121
3496
1330
3983
1256
3549
1934
MMCLVII
2833
MDCLXVIII
3868
MMCLXXI
MMMCCXC
884
2260
MCLXIV
1468
2067
MMCDL
2548
MMMV
1326
545
MMMCCLXVI
MMCDXIII
MMDCCCXCVIII
MMDCLXXXIX
3492
MCCCLXXX
1548
MMMCMLI
2707
36
3370
CCCVII
1540
3009
CDLXIX
CMLXXVIII
2348
CMXXIX
87
2773
2908
1
CMLXXVIII
3108
3849
2610
3054
MMCDLXXIV
CDLXXVII
MCXCVI
1834
MMXXVIII
1157
MMDCCI
CDXXXVI
1562
MMMDCLIX
MMMCCXCII
MMDLXXXVI
MMMDCCLXXIV
1249
762
2460
MMLXXVIII
836
3339
811
MCDXC
3857
142
ML
MMDCCXIV
MCMLXI
MMLXVII
2077
1255
455
MMMCCCVIII
1631
442
MXIV
MMCXLII
MCCXLI
MCCCXXIII
MMMCDLXII
CLV
2085
2197
3188
3723
2610
MDCCCLIII
MMCCLXXXIX
CMLV
MMDCCXXXVIII
CMXXI
1103
MMMDCCCXCIII
3022
MMMCCCXLVII
MDCII
567
MLXXIV
MMMDXXIV
MMMDCCL
2251
MCMXXX
2669
MXXXI
780
MMMCCXC
DCCCXI
MMMXCII
MMMXLVI
MDCXXXVII
MCCCLII
3049
1197
3043
MMCCXCVIII
XLVI
MMCDXXXIV
MMDCLXII
2278
CVII
3158
2755
MMMCCCLXX
MMMCDLXXXII
MMMCCCXCVII
MMDCLIII
MMDCXXVIII
MXCIX
3655
DCCXCI
2441
288
3481
1185
MCCLXVI
1204
DCCX
CMXLV
2544
MDCCCLVI
1523
DCCCXII
1525
MMMDCLXV
93
MMMCCCXXXI
1405
DCCXCVIII
MCCXXIII
2219
MXLVI
3065
MMMCMXXXIX
MMMCLVII
C
XI
MMXXXIII
MMCCCLXV
MMMCXXXVII
1121
CMXIV
MCLXXXV
933
MMLXV
CDXIX
MMMCCLXXXI
MMCMLXXVI
MDCCCXCVII
3541
685
MDXLI
MMMDCXXIV
MMXI
3102
MMCCXXV
2587
2542
MMMCXXXV
MMDCCCVI
1194
MMMCMXCII
MMML
MCCCXXXIX
3375
CXX
MDCCCLIX
2563
3023
CCXCIV
1799
3616
1591
MCXIX
3909
MMDCCLXXXVI
1783
XII
MCMLXI
3181
3589
2509
CDLXXI
3159
3875
1710
MMCCXXIV
MMMDCXCI
MMMDCLVIII
MMMDCXLIII
184
MMMCCLXXIX
MCMXCV
1243
MMDCII
338
DV
MMMCMXLI
DC
3989
MMMCCCXLIII
3974
438
3889
3162
2787
MMCCLXXXVI
84
2964
MCXCIV
2685
LXX
1555
1032
MM
MMMDCCXXXIII
3152
CCLXXV
2315
MMDIX
CXIII
3498
MDCCXX
MMMCDLI
1288
MMDXXXII
MMCCCXCV
MMMCCCXXVII
MDCLI
226
3683
1968
MCVII
3882
MMCDXXXVI
DCCXI
2482
2655
MMMDLXV
1919
CCCLXIV
2826
DXXI
3664
3688
1742
3939
540
3500
2039
MMMCM
DCCCIII
2466
MDCLXX
MCXVIII
2650
94
2250
2035
MCDXC
CCXLII
3394
DCLI
1284
1991
2474
1243
1279
3815
MDCLXIX
MMMDCXXXIX
91
DCCCXXVII
CMLXXI
2607
DCXCII
MXLIX
3314
MDCCLXIII
MDCXXXII
3635
MMDXXV
MMCXVI
MCCLIV
2945
MMCMLXIV
315
3213
MDCLX
3168
DCCCXXXIII
DLXXIII
2403
1545
1693
CCCLXXXII
3974
MMMCXLIV
653
MMCCCXCV
2273
1244
DCCXCI
669
1301
307
3474
1215
1355
2957
MXLV
MMDCLXXXI
867
MCIII
MCCCLXXIV
2914
CXLVIII
3399
3614
MMDCCXXIV
2496
MMMLXXIV
MMCDXXXIV
609
1603
2193
2968
MMMDCLXX
3129
MMMCDLXXV
MCMLXV
1375
MMMLXIX
3806
3318
MDXXXVIII
2056
3874
MMXVI
1437
1167
DCLVIII
MCMLXII
MCCCXCII
MMDCCCLI
1371
DLXXIX
DXC
237
MMMDCCCLXXXIV
2215
MMDCXCI
CCCXCI
2745
2153
3358
3768
939
DCCLII
MDCCCLXXXVI
MMMCXLI
DXC
CXIII
CCCLXXII
MMMCCCXXIV
MMCXVI
MCMXXXI
2465
2913
1304
MMMDCCCXLVII
448
895
MMCXIII
1212
MMDXCVI
DCCLXXXVIII
MMCVIII
512
341
308
2082
2929
3413
2530
3747
MMDLXVIII
MMCCCXLI
MCCLV
3417
MCDLXXIV
MMLXXXII
MMDCLXXIV
MCMXCI
DCLXXXIV
MMCDLXV
DCCCXXXV
497
97
MCDLXIV
3719
2796
DCXLVI
CMLXIII
2225
1505
3706
MMXI
MMMDCCCXLV
MMMLXIII
2844
MMDIII
MMCCCXXX
MMMDCCXCIX
1991
2849
MMMDLIV
MMMCCCLVII
DCXC
937
MXXXIX
MCCCXIV
MMCCCXXIV
1284
MMMCCLXXIV
CDLXXV
2119
57
MMDCLX
2305
MDLXXXIX
1308
MMMCCCLIII
3272
2142
1008
MMMDCXCIX
MMMDCXXXIX
CCCXCVI
1910
838
MCCLXIII
MMMDCCXLI
MMDXLVIII
MMMDCI
MMLXII
MDCCCLIV
1608
815
459
2204
177
574
3640
MMMCCCXIV
MLIX
CLXX
MDCCCXX
MDCCL
1967
MMCXXV
MMCCXXXI
MMDXLVIII
MMDCXXXIII
MMMDCCCXXIV
MMMDCXCIV
1144
CXXX
MCDXCI
3482
XCIX
1057
1697
MMDCCCXXXI
1974
MMMCMLXII
1640
MMCDXIX
3691
3551
659
MMCCCVI
2299
1461
382
716
3437
CCCLXXXIV
1577
2193
219
1216
CCXCI
MCDLXXXVIII
2900
CMLXXVII
CCXLIX
MMMCXIV
MMCXLVI
2265
DXXXVII
MIV
MDLXIII
2303
MMMCCCXXIX
834
MCMXLVII
MCCLXXVIII
MCXCI
106
3715
2369
1179
CDXXXI
MDXXXII
MMLXXXI
1100
3683
MMMDCCXCII
310
584
MCCXXII
2034
1926
1803
913
2467
MMMCCCLXXIV
1871
499
681
2322
1165
2446
1597
1431
MDLXXIV
MMDCCCII
MCML
MMMVI
857
MMMCCXLIV
MMCDXXXII
2516
CDXXX
MMCDLXXXVIII
DCLXXIX
MMMXXXVIII
453
1948
2529
CCCXXI
MMCDXXVIII
CCCXII
2705
2531
MCCCXVIII
3129
1479
MMMCDXXXIX
MMMCCCLXXIV
MMMDCXVII
MMMCLVII
241
244
700
2874
3088
MDCCCXXVIII
215
3848
CXXIX
1027
2347
DLXXII
MMDXX
MMCCCLXXXIII
3590
1531
MMMCCCXXXVII
MDCCLVI
MMMDCCCLXII
3328
DCCCLXXXIII
3957
702
MMMCCCLXXIX
2493
MMMCMLXXII
2525
MMMLXXIX
MMMCXXXIII
CCXCIII
3562
316
589
2626
3118
MMMCDVI
3319
CCXXXI
CDXXIX
CCCXLI
MDCCXXXIII
MDLII
MDLVII
MMDCXLIII
1794
MMMDCCXLI
534
575
1406
MMDXXXV
1466
2717
2108
CDLXXVII
817
MMMXXXVII
2481
MMMDCCCLXXXI
1105
2737
MCCXVIII
MMMCCXXII
CCXXVI
MCLVII
MMCCCLVI
2515
2474
MDCCLV
2807
3557
3645
3950
3317
3575
3431
1656
1433
MMMDCXII
MMXLVIII
MMMCMLVI
3794
869
MMMXXIX
MCLXXIX
1337
3233
MMMDCLXVI
MMDCCCL
MMMDCXXXI
LXIX
MMCCCXXVIII
MMCCCXCVII
MMMDCCXV
3770
549
3048
CCLVIII
MMMCCXCIII
1102
1660
106
3543
MMCDXXIII
805
MCCXLI
MCDXVII
MMCCXL
751
MMMCCCLXXVIII
304
694
MDCLXXXIX
MCCXXVII
276
MDCCCXLIII
MMCCXCII
MCMI
1389
3627
MMDCXXXIV
1076
46
CMLI
MMXIV
1179
1910
MMMLIII
1488
MMMCCLXXXVII
612
2241
2070
DCXXXV
MCCLXXVI
198
CDLXXVII
2453
1747
MCDLXIV
MMMDCCCXXIV
1169
12
DCCCLXXXV
895
MMMCCLXIV
3305
CCXCI
MDVIII
1814
MMDCCCXXXVI
DXIV
2331
MMMXXXIX
3050
MMMCXI
1287
1372
DCCLXXVI
1294
711
MDCCXVII
3739
MMMCDXCII
3375
3124
1826
3789
MMDCCCLXXXIII
MDCCXXXIII
MMMDCCLXV
2721
DCCCLXI
1108
MCCLXVII
1609
3793
MMDCLXXXVI
MMCXXV
MMDCCCIX
MCXIII
MMDCXXIV
415
1100
702
MMMDCLXI
1519
2678
553
1217
MCDXI
498
2659
MMDLI
125
2835
2514
3890
CMLV
MMCMXXX
2348
MCCCLXXX
3798
DCCCLVII
882
MMDCCXIII
MMMLXIX
MDCCCXXV
MMMDCCLXII
MMMCCXCIII
2214
MMDCCLXXIX
MCCLXIII
1782
MDCCIII
2147
3764
MCDII
2507
MCXXXV
MMMDCLVIII
2991
614
2629
1425
329
2098
2651
2968
2670
127
1451
2784
MMMCCXXXVIII
2403
CCCXXXV
383
2351
857
1215
MMDCCCLII
1958
MMDCXXI
MMMCDXXII
2727
MDCCLXXXIV
127
2652
1730
2091
2266
3592
MMMCDXXII
3054
657
MDCCCIV
MMDV
MMDCXXII
MMMCCXXXV
3261
3667
3828
MMCXXIX
MMCCXVI
MMMDLXXXIV
DLXXXI
MCXLIX
1912
1298
CCLI
MMMDCCXXXIII
3490
MDLXXIX
2441
MMMCCLXIII
1866
MMMCXLV
MMXVIII
2263
1758
3976
CCCXCV
1094
MCIII
MXXXII
2197
CCXLVIII
MMLXVIII
2833
DCCCXVIII
2371
MCMXXXII
MMMDCXXI
MDCCXIX
3052
CDXCI
792
2538
MMMCCLVII
2162
3519
2985
MXXX
MMMCCXXXVI
3063
DCCXLVIII
MMCDXLI
CDLXIII
1093
MCCXCII
MCCXXVI
1603
3990
1970
1706
MMCCCXXXVII
MCCCXLV
51
1734
3714
246
18
1161
DCXCII
3041
3967
MMMDCCCVIII
DLXXVII
347
MMMCLXXIII
MMMCDLX
MMXXIII
DXLV
735
2520
MMCCXLVII
DCXLI
MMDXXXVII
MMMCCII
3569
2513
MMMCCXIII
953
MMMCDLXXXVI
MXXXII
XXII
CDLV
MMCMXX
1756
2726
562
306
3513
MMMCDXLVIII
3288
3454
CMXXIX
MMMCLXXVI
3253
DCCLXVII
1703
3949
3065
MMMCCCXCI
1155
3785
2276
MMMCDVII
3201
MMMCCLXXXII
3828
3130
2201
1541
DCXXI
3109
MMMCLXXII
1910
CLXV
MMCCLIV
MMMDCXCVII
2933
CDLXXXII
3848
2090
1689
MMCCCXCIX
1347
MXIX
1710
2578
3669
MMCMXI
DCCCXXXVIII
MDCXXXI
3005
DX
3456
3913
2001
1965
304
MDLXXXII
MCDV
MDCCCLXX
3673
1631
2281
415
3483
MMMDCXCVII
3868
3689
3510
MMDCXXXVII
MMDXXXVI
MMMDCCC
MMDCCXCII
339
2526
951
534
MCMLIV
2609
MMMD
MMDCLIX
2517
2199
MMMCMXLVII
1230
1098
MCDLVII
CDLXXX
MDCLXXVIII
MDXIII
MXXIV
MMCDLXXV
2370
MMMDCCXXXVIII
2018
MDCCVIII
MMMCMXLI
MDCCCXLVII
MMDXC
288
MCCCLXXIII
MMCLXII
DCLXXXI
MMDCCCXL
MDCLXI
MDIX
MMCCCVIII
2338
1827
MMMCDXX
MMDCCCLXXXIII
XLII
3580
151
CCXLIII
CCXLVI
DXCVI
MMMDCCXXII
3442
1307
246
MMDCXX
MVI
MMXLIV
1023
3169
MMMXXVI
LXVII
MMMDCCXXXVIII
DCCCXLVII
CDXXXVI
MCMXLIX
MMDLXXXVII
DCCXXVII
2332
DCCLXII
2804
245
CLXVII
MMMCCCXXXIX
MMCXXII
MCCXCIII
MXXVI
MCCCLXXXI
1743
1178
1915
2426
CMXCIV
2298
907
MMMDCCLXXVIII
MCCLXVIII
3960
MMDCCCIV
110
DCCCLXXX
2699
2102
2598
MMLXXII
XLV
DCCCLXXXII
137
2541
MMMDCXVIII
3849
924
2113
MMMCDLXXVI
3879
MMDCLXI
3328
1893
3457
3848
1824
1010
DI
1510
2939
MDCCCXCIII
CMVII
CMLXXXI
2116
326
1617
2787
2140
MCLXV
CDXLVI
1466
1311
2933
MMMDCXIV
CMXXI
MCXLIX
28
MCMV
MMCCCL
3481
1435
3598
1324
562
MMMCDLIII
MMDCCCXLVII
3942
1493
MCCCXXXII
MCMXI
3476
DCLX
3793
3328
3719
MDLI
432
2531
376
2954
MMXCVIII
MMMCL
MMMCXCVI
2085
CCCLXV
1752
MMDV
3376
1358
MDCCLXXXVII
MCCCLIV
600
MMCMLXXIII
MMDCVIII
1287
MMDLXIX
883
1941
MMMDCCC
2555
MMMCLXXXI
MDCCLXIII
MXCII
972
1559
1183
2763
774
1702
MMCDLX
MCMVII
MMCMXCI
MMMDCCCLI
CCCXXII
3686
3005
MMCLXXIX
2509
842
2824
CCCXVIII
3090
MMCMLXXXVIII
MMDCCCLXX
1682
2316
132
MMMDCCCLXI
MXXVI
2284
MMMCCLXXIII
281
MMDCCXIII
1785
3729
DCXLIII
XC
3428
3272
MCL
MCCLVII
MXXV
631
MCCCXXI
DCCCLXIX
3934
674
MMMCXX
587
MMMDCCCLXIX
MMDCCCLXXIII
2066
MCLIX
795
MLIV
2078
MMMXLVI
MMMDCCCXCII
MDCCXXIV
2292
MMMXLIII
3780
MMMCDXIII
883
MMCCLXIX
1348
687
MMDXCIV
CCCLXXXV
9
491
DLXXXI
DLXXXV
MMDCXXV
MXXVIII
1830
1977
MMMDCCXXXVII
MCXXV
318
1053
1043
1133
MMCCCLXII
3352
MMMDC
3932
2896
1869
DCLVI
MMMCCLXIII
MMCMVII
MMCCIII
MDCCCX
CXXVII
MMMCCCXVII
3060
1785
3562
1594
2960
1971
3735
3003
1619
MCMXCV
CMLXIX
334
CCCXXXII
3295
CCXL
CLXIX
MLXXVI
166
MDCXIV
2976
MMCCXXV
MMCDXVI
MMDCCVI
DCCCLXVIII
DLX
CCCLXXXVI
MDCLXXVI
2018
1459
LXXXIII
MMDCLXX
MMDCCXXVIII
MMCDXXIV
474
2649
MDCCLXI
MMXLII
1634
717
89
2778
3822
665
2477
1639
MMMCCXXXV
2004
1397
66
1201
CXCVII
223
2147
3565
MDCXI
2960
CDXXVII
MMMDCCXLIV
MMXXXIX
2948
LIX
3909
CMXI
1733
MMCCLXV
1280
94
3974
3509
3658
MMMCLXI
1847
MDXXXVIII
DCCXXXVII
MMMDCLXII
2992
3712
1223
794
MCCLXXXVIII
DCCCXCIV
MMMDCCCXXIV
MMMDCCXCI
MMCCXV
2094
173
MMDCCXCVIII
CMLXX
2129
L
3493
MMMDXLII
3421
MMMDLVIII
3398
812
3533
MMMCCCLXXXI
MCCCLXXVI
2611
1303
3745
MCLXIII
890
2817
2714
3380
3123
1540
2670
DCCCLII
3171
3644
MMMCMXCV
MMMCXCI
MCDXXI
CCLXXXIV
CCCVI
3479
515
MCMXL
CMIV
2102
MCDLXI
600
615
261
MMMCCCXXII
MMCCCLXXXVI
MMMDCCLVII
CCCXCVI
1394
CDXVII
LVII
390
1317
3825
3675
MMMDCCLIX
1449
MDLI
MMDLXXIII
MMMCLXXI
2104
721
3046
MDCCL
MCCCLXXXVI
2887
3720
1630
MMMCCLIII
MMMDCCXXVIII
MMDLVIII
3050
MMMDCCCXL
CMVIII
3845
MDCLXXXV
1257
XLI
1248
3771
MMMCXCVIII
MMCMXXXI
LXV
3008
2689
3555
1014
MXXVIII
MMMCXCV
MMDCCCIII
1227
CCCXXV
2368
3075
776
1265
MCDXXXI
2046
1148
MMCCLIII
XXIV
3346
2983
LXII
2437
2928
1487
CDXXX
MMCMII
MMCCCLIV
2006
3632
1555
MMMCXLV
2412
MCDLXXXIII
133
CMLXXV
31
2006
3985
DXXIX
MMDCCXCIX
414
837
209
MMMDCCLXXV
2030
81
2946
MMDCCCXLIX
MMCLXXIII
MMMCCCXXXVI
MDCLIV
3001
2629
MCDLII
3266
1342
MDCCXVII
3791
1987
3114
3105
1287
DCXCIV
865
1934
2071
CCCXXXVII
MDXCIV
DCCXLVI
89
MDCCCI
1201
MMCCCXXI
258
CDXL
1271
3407
CCXXXIII
700
DCCLXI
MDCCCLI
1444
MMDCLXXVIII
1801
LIII
MMMCMLXVIII
853
456
DCCCXXXIX
MCMLXXXIX
3868
MMDXXV
MMMDLXIII
MMDCCCXC
3436
MDCLXXXV
MMCDVI
1063
2091
245
2178
3376
MCL
2054
538
MMCCX
MCXCIV
MMMDLXXV
1668
MDCCLXXXIV
3592
MDXLVIII
3162
1330
3161
587
940
MMMDCCCLXX
MMDLXXXVI
3373
DCXXXV
332
873
CCLXXXIV
2186
2266
MMMCMV
2462
MMCCC
MDCLXXVIII
1966
MMMDCLXXIX
3503
3849
3266
3781
MMMCV
800
194
3932
MMCDXXXVII
1834
MMMDLIX
1247
2265
DCLXIX
121
MMDCCXXIV
CLII
951
3737
1025
1154
MDCCV
MMMDLXX
1815
2667
3382
MMDLXXXVI
CXIV
MMMCMLXV
3782
2476
3681
MMIX
2516
CMLXIV
MDXLV
3509
1006
MMCCXCIII
2769
MMMDXLVII
2717
DCCCXCIV
1553
DCCXCVII
MMMDCCCLXXXII
CCCXLV
MMMDCCXXX
2846
MCMIII
MDCCI
MMDCCI
900
1867
3254
CCCXIX
CLXXI
DCCXIX
MMCCXIV
MMMXLI
1814
2026
988
630
MMDCXVII
2597
MDCXXVI
DLXIX
2273
CDLXIX
2736
MMCCCXVI
501
MMMDCLXI
2383
MMDCCL
MDCCLXXXVI
MCMXIV
MMMDCCXVIII
3157
MDCCXXIV
CCLXXXVIII
MMMDCCCIX
MMMCCCXXXIV
MMMDCCIII
DXXXVII
MCCXXIX
MCMXVI
2560
DCLXXIV
MMCDXLVII
2347
3589
2231
CXXIII
2546
3797
CCXXIII
MMMCDXL
2128
MMMCMLXXIX
XIV
1709
MMMCXCVIII
2485
MMMCLX
1668
1101
DCXX
3035
1267
842
849
MMDXLIII
3558
3779
2486
3739
MCCCVII
MMMXIX
MVI
MMMIII
MMCDXXI
MCXXIII
1023
DCCLVI
MMMCXIX
MCCCXIII
1720
1739
MMDCCLIV
1601
MMCXLII
MMMDXXIV
MMCCVIII
60
MMMCCCXL
MCXXXIII
MMMCCLIV
CDXLVI
MMDCCLXI
MMMDXXXI
2577
1702
CCXXI
CCXXV
DCLXXV
MCCCXLIV
410
3645
MMCDLIX
MMMCMXXXIII
1569
MMDXV
3502
MCCCX
3677
MMCXVIII
MMMDCCLXXXIX
VIII
MMMDCLXXIV
MMMCMXII
2557
DCCLIV
MCXXVI
2187
MMMCDLXXXV
MDCCLXVII
MMCDXV
1165
MMMCMVII
CCXLIX
MMMDCCCLXXXIV
MDCCCXLII
3665
MMDVI
MCCCLXIX
1971
3200
MMMCMXCIII
CCXLVIII
351
MMMCDLXXVIII
3482
MMXXIX
MMCMXXXIII
3259
DLXXXVIII
MMDCXII
MDCXXVII
914
3046
173
1004
DCLXXXIII
898
CCCXIV
481
MDCXLV
MCCCXXXV
DCCXXIX
2321
MCCCLXVII
1606
931
2951
2591
1068
799
3652
MMMCCIX
1458
DCCXIX
2606
MCMLXXIV
MMDLXXI
MDCCXCV
3404
CCCXXI
MCCCLXVIII
2906
1589
XVII
2980
CCVI
MDCCCXLI
MMCLVII
CXXVI
353
2578
2683
1735
3971
3557
1776
2808
2575
MDXXXIII
2579
3865
CCXLIV
MMCMLIX
3760
MDCLXXIII
1745
630
2692
1268
MMMCMLIX
1922
3068
DCCXLIII
449
3731
MMCCXXIX
MDCLIV
CCCLXIV
CLXI
DCCCLXVIII
1018
1504
1195
1465
MMMDLXXII
MMXIII
MCCCXXXVIII
DCCXLI
478
MMDCLX
DCCCXLIII
MMMCCCXCII
556
2181
1486
DCCCXXIX
MMMCCXXVIII
209
935
MMCDXXI
CCCXVIII
1896
MMCMXLIX
1429
MDCCLXXIII
MCMXCVIII
MMMCMXLIX
229
MMMDCCLXXXVII
1442
3470
MCLXXXIV
3864
MMDCCXCI
3887
CMXVIII
1290
CCXLI
MMX
2259
MMMCDXCI
1396
MMMDXXXIX
3125
478
MDCCCLIV
584
957
1394
MMDCCCLXX
3662
2334
MMCLXIII
MMMDCVIII
MCLXXXI
1606
2253
CMXLIX
1821
MMCLXXXI
MDCCCXLVIII
MDCCLXXXIV
MMCDLXIII
CCLXXXIV
DXV
2313
3524
MMDX
MCCCLXXIV
CMLVI
DCCLXXV
MDCCLXVI
CDXXII
DCCCLXX
CMLVIII
MMDCLXXIV
534
XCIV
3023
2877
2430
MCMIV
944
3612
MMMLXXVIII
549
1107
MMDCCCXXXI
860
CXXIX
MMLII
1968
2629
2464
523
XCII
3302
MCCXX
MCCCXLII
1778
CMXXXI
MC
357
XXVII
2959
1502
MCDLXXXVI
3888
1267
2022
3659
MMCDLXXIX
MCCXXXVIII
820
1987
MDCXCIV
1672
MMMCDXXI
266
2394
MMCXXVIII
CMXC
CCXLVIII
MMMCCLXI
2700
2446
846
2436
MDCXXIX
MCDXLVII
MDCCCXC
3997
MDXX
1932
383
MDCCXCVIII
CCLXV
2771
3523
MCCCI
MDXXV
3195
MMCCCLXXX
2348
3288
MMMDCCL
LXII
2779
MMMCDXXII
MMCCV
CCCXLII
CMLVIII
CMXLVII
MMMDCCXVIII
MMMCCV
1462
2357
1623
2776
3008
MMMLXXI
MDXV
2672
MMDCCLXXIV
2026
2958
2977
74
3924
647
DCXXI
MCXCII
1873
2653
2041
3792
MMMLXXXVIII
2559
2550
1717
MDCIX
941
3473
CCCXLI
2445
1295
MMMCDLXXIII
516
3971
MMDCCXCVI
DCCCXXXI
3938
MMMCMLXXXI
MCDLXIII
1875
3255
3973
1241
MMMDXIII
2025
MMDCCCXVII
CLXXV
3994
1012
CDIII
DCCCXXXI
9
MCDLXIV
3270
CXVI
MCDXLIV
MMMXCIV
MMXXXV
2347
1202
MMDCCLXXIV
1745
2154
220
2911
MCCCXXXVIII
2977
1847
MMDCC
2426
MDCCXXXVIII
1188
1433
2517
DCLXXV
CXXXVI
MMMCDLXXVI
CLXXXIX
1827
MMMCDXXI
MMDCCCXII
MMMDCCCXXXV
CMLX
1830
LVI
2680
145
MMMLXXXI
150
MDII
544
3131
2052
1709
1030
98
DCXXVII
CXX
MMDCXXXVIII
2806
2060
3428
CDLXXXVIII
MMMLIII
2634
MCDXXXIII
261
MMMCCVIII
2543
3808
1479
3540
MMMCMXV
2305
CCCXLIV
MMMCMLI
1209
823
MMMDCXVII
3976
CMXXXIV
MMCMXVII
1861
170
MDCCLIV
3526
3991
1934
2730
2313
2334
552
2883
MMDCCXV
MDXVIII
MMMCLXXXVIII
MCCCLXIII
MMMCXC
MMCDXIII
MDCCLXXXVI
MMMDCCCLXXVII
1689
MMMDLXVI
CMLVIII
2355
MMDCCCLXXI
MMMCXCVIII
DCCCV
MMMCDXCVI
MMMDCLXXIX
MMMCCCIX
MMMCMV
MCCCV
LXV
DCCCXCV
720
902
CCCLXXIV
1547
MMMLXXII
133
MMDCCCLV
MCCI
739
CCCXCI
1510
MCDIV
MMDCLIX
LXXXVI
493
MMMCLVIII
3937
3506
2711
MMMCXXXIII
1921
MMDCXXIX
DXXVI
1821
MMMCCCX
MLXI
2645
2908
1727
MMCMXC
MDCXLIV
MCLXXI
DCLIX
DIII
894
722
MMDCXXVI
MMMCCCXLV
MCMV
MCDLXXXVIII
MCCXXVIII
MMCDLXIII
2096
MMMDCCXCI
MDCCCXCVI
3102
CXXXIV
1072
2641
MMDCLXXXVIII
777
2522
2461
MDCLXXXI
2297
LV
MMVII
987
MMMCCCXXXVII
MMMCXC
LXVIII
667
2091
1951
3024
3567
MMLXVII
137
2138
3443
993
MMDCCLIII
3707
MMCDXLI
560
MMDCXV
2852
1250
1015
CCCLXXXVI
MMMCCCXIV
3747
MCM
426
3174
MMMCCXXXV
1482
III
3948
CXXXV
MCMLXXIX
DCCIV
MMMDCXXI
MDXXII
DCCCXIV
MCDV
2208
MMDIII
676
MDCCXXXIII
MMMCDXCIV
1524
29
DCCCXIV
MDXCVI
3601
MMXXVI
2453
DCCXLI
764
MMVIII
MCXXVI
MMMDCC
MCLXXV
1539
2037
139
1704
DCCCXLII
MDCXLIII
MDCLIII
MCCLXXIX
162
3734
MMMCDLXX
730
MMMDCCXVI
CMLIV
2363
2741
MDXVIII
MMCCLXXX
171
1135
MMXLVI
540
XIII
1939
MMCCCXIII
770
2070
1024
MMMCCXXX
3416
MMCCXLVIII
CCLXXII
1371
3506
3385
CXXXIII
MMCMLXIII
MMDCXLIV
MMDXXXIX
MMCCCVI
2072
MDXXII
242
988
MMIII
1363
3961
3433
CC
374
1590
1996
394
MMXXII
83
CMLXXVIII
3128
CLXXIX
MCCLXI
1175
MMMCCXLIV
MMDXII
CCLIX
2264
CCXXVI
DCLXVII
1744
676
MCXLV
DCXLI
3486
823
MMMDCCXCIV
3077
282
942
CCXVIII
3367
MMMCLXXXIX
MMDCCLXXII
2114
MMMDCCCXXXIII
MDCC
DCCCLXX
392
848
MMMCDXXXI
2506
3191
MCDLIV
2406
2821
2180
1579
MMCCCXCII
MMCDLXXX
2477
3763
MMMCCXL
3490
CCXXV
3012
2723
1909
MLVIII
CCCLXIX
MLXV
MMCMLXVIII
MMMDCXXXI
3821
CDXX
2638
MMCDXXXII
2999
3404
2201
2468
MMDCIV
MMCCXCIX
66
MMMCXCVI
MDCLIV
MMMXCIII
MMCMXCV
3671
151
LXXXIX
238
1221
3736
MDCXLIX
MCDXXXVIII
MMMDCCXI
2180
1803
MCDXCVII
MMCCCLXIV
MMCCLIII
3520
2418
MMDCCLXVIII
XLI
514
1738
2933
1274
894
MMDCCLVIII
MMDCCCXCVIII
2019
1986
1333
2720
MMCDXCII
554
2059
CLXXVIII
DCCIII
MMMDCXXX
MCCXII
2363
MMMCDXXIII
2427
MDCCCXXXIV
MMDCCXXXVII
2015
MMCC
MDCCXLII
881
MCCLIII
MMMDLXI
MCDXXXVIII
829
584
MLXIX
MMCCCXXVII
MDCCCLXXXIV
MCDXLVIII
2214
3101
3193
1247
MMMCDXVI
1887
1135
2885
886
MMMDCCXXIII
MMMCCCIX
CDXV
MMCXCIV
3609
MMMCIX
MMMCMLII
2790
MMMDCXXXIX
MMDCXV
MMCMLII
MDCXXV
MMLXXVIII
1231
DXXVIII
1579
357
1634
802
3766
MCCXL
3400
MMMDCIX
CCCLXXX
3308
MMMCCCXIX
MMMDCXCI
DCCCIII
MMCCXV
2573
MDCCCXCVIII
1511
DCX
3737
350
1312
3196
CCCXXIX
CCCXI
2377
MMMCCCLXVIII
1647
2715
3349
825
1448
1264
1464
MMMCCLII
886
MMDCCCLXXXVIII
1811
MMMDCCCL
MMMCCCXXII
MMLXXXVIII
1045
3096
MMMDCCLI
MMMCCL
2590
MMMCCLIV
MDCCXLVIII
MCDLXVIII
MCCCXXV
MMMDCXXIX
1761
MCCCVI
MMMCCLXXIX
2356
MMMCCCI
MDCCCLXII
1128
MMCCCLXIII
MMMCCCLXI
364
2948
MMMCDXXV
CMXLIII
MMDXC
DCCCLXXXII
504
3452
2606
MMDCCCXLVII
MMDCCXXXVII
959
2356
1081
2870
D
MXXXII
1146
1410
CDXCV
3423
3049
1709
MMMCMXXXV
172
3202
MMDCCXXV
2137
MMCCLXXXVI
CDXVII
DCLXXXIX
DLIX
1758
MMDXXI
MDCCCLXXXVII
MMMCLXXIV
2144
152
MCDV
MCIX
2632
CDLII
2036
MCCCLXXI
3653
MMCDXI
CMXI
MMMDCCLXXII
772
2284
3687
2816
1038
1551
366
MMCDLX
350
MDCCLXVII
DCXXX
MMMDCCCXXII
907
MDXCIV
1522
35
3429
3778
643
3634
CMXLV
2208
3308
212
MMDCCXLIX
DCCCXCVI
554
181
422
404
DCCLXXXIX
MMXCV
DCCCXLIV
MMMLXXV
2358
951
3198
3600
MMMDCI
DXXIV
MMMCCLXXIX
690
2886
MMDXXIII
2972
3607
MMDCCXLVII
3075
971
730
3444
1988
DCCCXXVIII
MMCIV
MMCCLIII
3940
CMVII
MMMCVIII
2883
3465
MMMCMLXXXIV
MMCCC
MMMCCLXXIII
1143
CCCXLI
1308
3481
18
2763
MDLI
MCMLXXIX
2669
2522
2820
MMMDXXI
MMMCCXIX
CCLXXXIV
MMDCXLIII
MMCCXX
1546
MMDCCCLXXX
2580
3143
CMXCI
DCCCXLIX
877
3741
109
DCXXXIII
3211
MDCCLXXIX
2542
MMDXVIII
3536
MMMCXXI
CCXLI
2977
MDCVI
3106
3596
MMLI
MMMXLV
1257
193
MMDCCXXII
MLXXVI
CCCXXXVI
3371
CXLVIII
CLVI
MMMCCCXCIX
1790
MMLXXXIV
MMCCIV
MDCCCXCIII
MMMDCXL
MMCDXXX
484
MMMDCCCXII
959
3774
MMDCCLVI
2518
CCXXXVIII
3816
MMCMV
MMCDLXXIX
DLX
3662
3122
1923
3119
2406
1432
2950
1380
1793
892
1303
MMCCCXXVII
MDCCIV
52
MMMCCLXXVI
1081
2724
MDCCCXIX
1740
2517
MMMCCCXX
CCCXCVI
DCXIII
2860
3564
CCXCII
MMMCMLXVIII
1697
988
2808
262
3720
CDLXXXI
204
1666
CCXIII
81
MMMCMXXXII
MDCCXXV
2997
MMCDXXXVI
MCMVIII
MMXXII
DCLXXIX
MXXIX
1892
293
2598
2467
MMMDLXXV
MMMDXVI
CCCXII
MMDCCCXCIV
3359
MCCLI
MMDCCCXXVI
MMCCCXLII
MCDXV
MMDCCXCIII
2948
1046
DCCXCVI
MMCDXXV
MMCCLXXXIII
MMMCXXIII
MCDLXIX
2893
MMXCVI
MDCCL
1127
410
LV
939
3852
CMXXV
MMMCMLXVII
MMMCCXCII
MCCXLIII
MMDCLXXXIX
1351
MDLX
MCCLXVII
MMCCCLXX
2146
228
486
1443
1965
LXXIX
MMCMXVI
1469
1407
3785
DCCCXXIII
1026
3310
MMCCXII
273
3256
461
CCXCVIII
397
CLXXXVI
MMMCMX
2684
2764
MCMLIII
2027
850
DCXCVII
2023
110
3094
MMMCXCVIII
3429
MCCLXXIII
2392
3341
MMMCCCLX
3582
2556
2545
MMMDLXXXII
MCDLXXXIX
1628
3233
2838
MMCMXLIV
MMDCXXIV
3873
MMLXIII
226
MMMCMXCVI
MLX
1248
3366
3142
2479
MDXXX
1495
487
1371
MMMDCCLXXII
2121
MCMIX
1369
1591
MDCXXXVI
1659
784
347
3974
MCCXCIX
II
732
MMCCXXVI
3375
2327
MMCLXXV
MMMDCCLVI
132
MCDV
CMXLVII
MCMXV
MMMXV
CDLXXXVII
576
905
CCLXXIX
MMCCXI
LXXIII
739
3913
MMMCMXLVI
2851
MMMDCCCLXIX
MMCLXXIV
CCCVIII
3020
MMCDLXXV
MDCCXV
524
1938
3452
MMMDCCCXCVII
XC
423
2634
MCLV
1848
MMMDCCCLXIV
CCCLXXVI
MMMCXXVI
MMCMLXI
2574
2416
DCCLII
MCCCL
1325
MMDCXXXV
819
1176
3720
2926
DVIII
MLXIII
MCCCXLIX
624
CDLXXV
969
1699
1671
2284
MMMCCCLX
280
2751
MMCDLXI
MMMCCCVII
DCCCLIX
MXIII
2966
MMMLXVI
MMMCCXCII
661
MCCCXLVII
648
1412
DXCIII
MMMCCXXVI
3173
3939
1184
998
MDCCLII
116
2203
2333
1260
MMCCLXXXVII
2082
324
402
MMXCVII
1297
MMCMXXXIX
1275
CLXIV
1870
1354
412
1940
2722
MCCLXXX
853
268
MMCDLXXVI
2625
1979
DLXXIV
MMCMXCIV
3570
3454
98
1038
2161
MMMCCLV
MMMLXVII
MMDCCLXI
MCDXIV
CXLVII
3930
CXC
1627
2486
1481
971
MDCXXXIII
MMMDCLXXII
MMCLXIX
1421
1304
MMCLXIII
3641
695
DCCCLXXIII
MDCLXXXIX
3955
MLXX
1177
MMMLXXIV
CXCVI
1548
MCDIII
1307
2521
MLXXV
MCCXLV
1466
MMMCDXCI
1026
MMMCCLXXXI
3411
174
MMMCMXII
MMMCCCLXXX
MMMCCLXXXI
MMMDCCLXXXIV
MCCLX
638
746
3723
421
MCMLXI
2938
1797
MMMCCCLVII
1756
MMDCCCLXXIII
MMMCCCXXX
1839
LVI
1979
1503
3166
DCXXXIII
1776
844
531
MMLVI
1971
LXXXII
MDCCXLVI
MMCCCXXIII
MMCCLXXI
757
MMMDXII
CLXXXI
999
MMMCCLXXXVI
196
CCII
MMMCCXII
1320
2906
MMMCCLV
2405
MMMDCXXXVII
2253
3547
MMMXLV
MCCLXXXI
MDXXVI
356
437
3921
228
DCXII
MCMVII
MDCCCLXVII
2589
MMMDXXX
CCCVI
MMCCLIV
870
MCDXXXV
MDLXXX
CCXXIX
1961
1159
845
MMCXVIII
MCDVII
3884
MMMDCCLXXXIII
501
CMXLV
MMDLXXIII
MMCLXVIII
1666
DLVI
1649
1034
CDLV
MMDCCCXVIII
1932
MMMDCCXX
MMMCIII
MMMCDXCIX
1063
3878
3059
MDCII
MDCCLXXXVIII
273
MDCCCIII
29
MMDCXVI
MMMIX
1459
MMMDCXVI
2213
1032
2242
3919
705
CCXXVI
2546
MCCXLIII
3418
XCIV
MCMXXXIX
MCDXCVII
MMDCCCXL
MMDXVII
MCDXLIV
MMMCXCVI
MMMDCCXCIII
MDCIII
MMMXX
MCCXXXV
1532
2759
CMXXXVI
208
MLXXXVII
DCCXCII
MMDLXXXII
2609
MMDIX
2003
3585
MMMCDLIII
MMMCMXXV
1295
2174
1075
DCXVI
228
1686
MDLII
429
MMDLXV
CCCLX
421
3749
MMMCXLVII
2626
MMMDVIII
1724
CCI
1660
MMMDCCII
MCLXVIII
1065
CCXCI
3816
1657
MMMCDXCIV
2875
DCXV
3111
MMMCCXX
MDCXLIX
CDLVI
1298
1942
LXXXII
3367
3795
DLIV
2551
CCCLXIII
3734
MMCMLXII
MMMDCCCXCII
3606
MMDCLXXVI
MMMDCLXXII
3724
32
MMMCCLXXXV
3649
MMCCXXXVI
2740
MMMDLXXVII
1485
2143
942
MMCDLXXII
MMCCCL
MMMDCLXIV
2823
MMMCMXXVI
2020
3026
458
MMCVIII
908
1246
MMMDXX
631
MMDCCCXLV
2246
1092
1043
3991
MCDXLI
MMMDCXXII
MMMCCCXLIV
3677
DCX
MMXIV
MMMCCCXIV
MMMDCCXCIII
2936
3113
1325
DCCCXXVIII
MMCDLXXI
MMMDCCCXLVI
3057
DCCLII
CCCIII
MMMLIV
DCXCIV
785
2429
2529
MMMCMLXVI
MMMDCCXXXII
3482
DL
3855
844
MDCIII
CLXXXI
1223
MMDC
1380
DCCLIV
1702
451
DCCCXCIII
MMCMLV
MDCLX
MLX
MMMDLXIII
CDXXIII
2222
MMCCLVIII
DCCXXXVI
MMMCDLXX
MMMCDLXXXVIII
2438
MDCXXXVIII
DCCII
CMIX
554
993
MDCXXXI
MMCLXXXVI
2399
3385
3136
2324
MMCDLXIV
3817
1677
2662
2596
MXXI
MDCCCXL
3489
1229
MMDCLXXXV
2481
MMMXXXIX
MMMDCCLXXVIII
2513
1439
MMCXXVII
2754
759
MMMCLX
3332
CDLII
CCLVII
1435
3019
DCCCXXXIX
204
548
MMMCMXXXVII
2463
MMLXXII
MMMDLIII
MMCCXI
MMMDCCLXXVI
128
2823
CXLVIII
MMMCCCXXIV
2351
MMCCCXCIX
1624
MCCXXIX
2184
DCCLVII
392
2326
3419
3238
333
CCV
704
MMMLXXXIV
1006
495
1812
64
MMMDCCLXXXI
349
CXIV
MMMDXXXI
MMMDCCCXLIV
MMDCLIII
MCCCVI
2878
MMCCLXXXVII
833
MMDXCVIII
1926
MCXXIV
2989
1411
DCCCLXIII
2792
3656
2625
MMMCMXC
655
MMMCDVI
MMCMLXXXII
547
MMDCCXII
242
MMDCCC
DLVII
82
MMCCXXXVIII
3922
1919
MMMXCIV
951
3686
MCCCLXVIII
3882
3295
1545
MDCCCXCIII
MMMCCCXXIV
MMLXX
3934
MMCMI
3894
MMMCCCLVI
MCCCXVIII
DI
MMMDLXXIV
CCXXVI
DCCXVIII
591
3402
3876
121
DCLXVIII
2165
MMMDXII
2841
785
MMCCCXCV
1967
MMMCCXLIII
MCLIII
69
MMDCCXCII
DLVIII
MMDCXLVII
MMMCDLXXIII
1065
756
MMCCCLXIII
3601
MXLIII
MMLV
MCDXCVII
2505
1237
MMMCCLXXXI
MMMCMXXXIV
822
2279
CMXX
DCCCXIX
3976
MMMDCCLXXXV
1214
DCXCII
DCVIII
165
MMDCLXXXIII
2853
2632
MMMDCCCLXXIV
165
2919
MCCXCVII
828
MDCCXCV
714
DLXX
DLXXVII
MMMDCCLXXVII
MMCCLXIII
579
3723
CDLXXXIV
LXIII
3228
MMCCCLXV
MMDXLIX
1669
MMDCCCXXVIII
2725
2172
DCXLV
MMMCLXXVII
CIX
3099
DCLXXIII
3081
745
MMXL
DCLXXV
CCXC
772
MMMCMIX
3659
MMDCCLXXVII
2034
1564
MDCCCXXII
1369
LXXXIV
MDCXCII
3795
MCXLII
2603
MMMCDLVIII
MMMCCXXXVIII
3463
1233
1478
2111
MMMCDXCVII
1214
MDLXXVI
3653
MMCMLXXVI
161
DLVII
CCXXIV
1571
3160
MMMDXLII
2925
MMCCXCVI
MMMDCCX
2077
MDLXXVII
480
437
2902
3909
MMMLXXXIV
MMDCXXVII
MMCCL
68
3062
326
CC
497
MMDLXXIII
912
2109
MMMCXXII
688
MDCLXXI
2175
1442
MLXXV
3733
MMCLXV
1466
2248
587
3244
1409
MMMDXCVII
1778
MMMDXC
MMDCCCXCI
DCLXXVIII
MMDCCXI
MDCLIX
441
2059
DCLXVII
3694
191
MMMDCCLVI
MDCII
3913
MMMCMXL
DCLXXXI
589
MMCCLXXVIII
2650
MMMDCCXV
DXL
3599
3439
3296
MCXLIV
MCCCXXVI
2541
MMMXXIV
605
MMDXLV
2560
MMMDCCXIV
711
3936
1457
24
1323
CDVI
MMDCCLXXXIX
MMCCCLXXIX
394
MMCXCIV
482
3986
DCCCXVI
1755
1695
2518
MMCDLV
400
1191
MMDCCCLXII
2147
3745
DLXVI
MDL
DCLXXIX
2796
MDCXXIV
1104
1978
MMCCLXXVI
2551
2049
MMMDCXXXIV
2184
CDXXX
595
MCDXCII
64
MCCLVI
MDCCLIV
586
CCXCII
MDCXXXIII
CCXXIX
MMMDCCXXXI
696
MDCCLXXVI
MMMCCLXXV
1135
CMLX
MMDCCL
210
LXXXI
1350
671
MMLIX
1903
2481
MMMXIII
3225
MMCCLII
MMCV
MMMDCLXXXIV
387
2151
DCCXXI
MDXXXI
MMMXXX
1925
MMMCCXVIII
DXXII
2831
MMMDXXXVII
3457
3583
2448
CCCLXIV
MMMDCXLV
70
94
78
1190
MMMDCCCLXXXVII
2780
2366
3573
1033
XCIX
982
MMMCCLXXXVII
1216
2932
MMCLXXXI
2822
MCCCXIII
1187
3127
2853
MDLXII
1884
MCMLVIII
3683
1944
DCC
MMDCCI
MCCCXXXVII
MMLXXXIII
3458
MCCXLII
620
2853
XCVIII
MDCCCLX
190
776
DCCCLXXXIII
671
3923
1218
271
3293
86
MDCCCLI
MMXXVI
MMCCCXXXV
3195
DVII
DCCLXXV
1468
1637
MCCCLXXXVIII
MMCCLVIII
MMCCLXXXVIII
2739
CMLXXXIII
2086
MLXII
3419
MDCCCXLVII
MMLII
2554
3951
MCMLXVI
2739
MMMCCCXLVII
2976
DXCVIII
3026
DCCL
992
3262
MMCXLVI
CLXI
3379
MM
DCLXXVIII
1205
19
258
3381
2235
MMLXXII
DCCLXII
2098
DCLXXXVII
MMDCCCIII
1848
1290
MMDXXVIII
MMMDXXXI
3499
MDCCXCVI
3120
327
3288
1624
3436
CDLXIX
3687
164
CDXLIII
3357
MMMDV
MMCCLIV
114
766
996
CDLXVIII
MCLVI
3902
3512
DCCXL
MMDXI
MMMCDXXVIII
MMCMLXVII
MMMDCCXCVI
MMMDCCCIX
3008
1582
3165
MXXIII
2944
2451
990
2098
MMDCCXLI
2656
2687
2093
3988
967
MMCCCIX
CXCIII
MMMVII
MMMDCCCLXXXII
1887
MMXLV
MMDCCLX
MMMCCII
1281
XXXIII
3266
582
MMCMXXXIII
63
MMMDLXXVIII
MMCX
MDLVIII
2337
DCLVI
MMMCXXXVI
MMMLXIX
1773
3923
MMLXXXVIII
MMMCDXL
941
2048
MMMDCCCXXXII
529
MMDLXXVII
3662
MCMXI
1461
672
1091
1021
MMCDXXIX
46
MXXX
392
MMLXXV
1417
MCLXXXIX
1602
2494
2163
CCCLVI
2946
3757
DCCCLXXXIV
1938
1570
MMDCXXVII
2113
MMMCDLII
3418
160
MCMXXXI
1234
MMMDCLXXII
MCMIII
3046
1881
2146
MMDCX
MMMDXLV
MMCXLV
553
2080
MMMXCIV
1753
MMDCCCXCIII
2917
2144
MDCCXCIV
3138
MDCXXXIX
1962
MMMDXXXII
2775
CMXXIII
606
MDCLXXXVIII
452
3800
MCLXXVII
MMMDCCCLX
MXLVI
20
2244
203
MMMDLI
MCCLVI
MMMCDLXXVI
MMMDCCLXXV
CCCXLV
668
MDCXLI
MMMCCXXI
2367
DCCCXXXVIII
401
3194
MDCCIX
MMMDCCXXXVI
MMDCLXXVII
3613
345
MDCLXXX
CLV
MMMLXII
MMMDCCCLXXIII
3608
3064
MMMDXCII
3931
MCLXXXIII
DCCXXXVI
529
MMMCLXXVII
CCCLXVIII
MMMDCXXXVII
MMCMXLI
MXCVII
1840
1110
MMCDXXXVI
MXXXI
DCCCXX
MMMDXCVIII
MDCCCLIX
MMCDV
MMMDCXXVII
47
MMMCVI
MCCCXXVII
MMMXIII
128
MDCCIV
MDXCIX
MMMDCLVII
461
964
CMXIX
3793
MMMXLV
DXXI
MMCCCLXXIII
CCLXXVI
2382
MMMCMV
MMDCCCLXVII
MMCDXXX
3615
1696
3371
3060
MIX
MIX
DCCXL
957
MMXXV
2454
1362
MMMCMXLVIII
MMCCLXXXII
DCLVI
MMDCCXII
MMMDCLXXXVI
1763
1075
MCCLV
3501
478
3290
3429
3282
1443
3502
MCXC
3210
MCCLXIV
MMMDCCLXXX
2376
MCCLXII
MDCXVI
MDXC
1668
MMXX
3567
MD
3739
MMMCMXXXIII
CDXLII
MMMDXXXVI
MDCXCIII
MDCLIX
2917
1033
MMCCXLIV
1425
1420
3763
MMXVIII
MMMCCII
3840
MMDCCXCVIII
MCDXLIII
1142
3843
1322
MCDII
MMMCDLVIII
1501
MMMDCCCXCIX
2487
MMCLXXV
MDCCCXXXI
2794
2598
MMCCI
MMMCCCLXXXVI
MDCCXIX
MDCCCXCII
MMMCCXXXII
MMCCCI
MMMDCLXXIV
3359
2323
MDCCXLVIII
DCI
2659
716
MMMDCCCLXIII
1325
MCCXXXI
CLI
838
1914
1302
3287
MMDCXL
2186
MCCCXLII
DCCCLXXXVII
479
3767
CMXXXII
MMMCMLXX
CCCVIII
MCDLV
MDCCXXXIV
1683
MCVI
MMMCDIX
632
92
MCCCXLIX
MDCLIX
2772
3895
2474
MDCCLXX
2895
184
715
903
2185
CXVIII
MMXLVII
MMCCCLXXIV
CLXVII
MMXC
414
MCCCXXVI
1007
1266
MMDCCCXXX
DCCLIV
1766
MCDLXXVII
2222
3634
MMDCCLXXVIII
2
832
MMMCDXXXIX
MMDCCCXX
2034
CXL
347
57
CLXXVI
3397
MMMCXXVI
MMCXXVII
DCXLI
3412
2454
120
329
3952
XXI
788
MXLVIII
MMMDCCXCII
MMCCCXXVII
1222
MMDCXXXI
CDLI
MCIII
MMMDLVI
944
851
CCLVI
1425
MMMDCCXXXVIII
2771
3724
114
DCCCLXXI
MMDCXLI
CCXXIII
2115
LXXXVIII
MMMCCCLXXVII
MXIV
3543
2655
MCCXLI
2531
889
1216
1691
317
MCCLXXX
2364
MMMCXXXVI
MMMCMXXXIII
219
MDCCXV
587
MMCMLIV
III
DCCCXXXI
DCCCXCVI
2925
3466
MMMCDLXVIII
2517
MMMCXXXVII
MMDCCXXVIII
2171
MMCCCXXXIX
DIII
2069
2936
2847
3864
MMMDXCIX
701
MMCDLVIII
1099
2298
1025
MCDLXXIV
174
1221
MMMDLXI
DCVII
DLV
MMMLXXI
MMCCXLIX
3766
1040
96
MCXV
DCLXXIII
2019
MMMCCCLXI
1544
1392
403
CCCX
MMMCCXC
1580
3774
MMDCXCVIII
3796
DCCCXXV
MMMCCCLXXXIII
1512
MCCCXLV
MCX
939
CLV
113
3925
114
MMCCCXXX
DCCCXCII
MMMCLXIV
1966
1703
1630
1559
MMXXXIII
565
MMDCXI
MMCCCXLVII
151
101
2066
27
1630
2122
2222
715
MMMDXL
MMMDCCXXI
MLXVII
MXL
2184
1791
2648
360
1573
MMMCCXXV
CCXLVIII
2077
343
MMCCCLXVIII
MMMCCCXXII
XXV
MXLIX
MDLXXX
CDXXIV
3417
2937
MDXLII
3127
MCCCXCI
2440
MMDXIII
1323
MMMCCLI
MDCCLXV
2566
MMMCDVII
MMCLXXXIV
MMMDCCCXX
3583
3504
2437
1487
1699
MMMLXXIII
3187
MXXXI
3774
MCDLXXI
MMMDCCXCI
MDCCCLVIII
MMDVI
181
3948
1100
DCCLXV
DCCXXIX
MMDCCCLXXXI
1053
MMMDLV
3080
MCDXLVII
2955
2149
2023
CXLII
3232
DCCCLXIII
XLVIII
3651
2953
1291
MCLXXXI
MMCCXCVI
3781
2129
1127
MMM
1465
MCCCV
MMMDCCLXXV
3145
3639
MMMDCCCVIII
CCXCIX
MMMCCCLXXXVII
MMMDCCCLXXX
MMCDXVII
3010
3549
MMMDCLXXIV
895
MMMCCCXXVII
MCMLX
1785
MMCCCLXII
CCCXLIX
3372
203
MMMDCCXLVI
3859
350
1019
MMMCCCXXI
CCCLI
MMCCLX
MCXLIII
2323
MMMCMLXXXV
MCXI
MDCCCV
MMCCCXII
MMDCCLXII
1970
MDCCCV
1664
858
MMCDXX
138
MMMCCLXXVI
646
3761
CCLXIV
3694
3351
2529
2563
2131
MMDCCCXCIII
MMCXCIII
MMMCCXC
DCXIV
DCLXIII
MMMDCXCI
MMMCCII
577
2408
MMMCCCV
291
3224
2998
MMCDLXXXVIII
1370
3137
3610
MCMXLIII
MMCCCLXXVIII
3317
2456
2325
1742
2503
3522
MMMDLXXXVII
DCCXCIV
46
781
MMLXXIX
3632
42
MCDXXIX
MMMDXLVI
1992
1160
2868
MMCCLXX
434
MDCCCIX
MDCLXIV
2423
3217
DXXIV
3866
3889
3398
XCII
MMLXX
MMCCLXXXVIII
2886
3107
1854
MMCCCLXXXIX
298
2804
1714
DCVI
987
2512
1505
MMMDXCII
3770
MDCCVII
LXXIV
1599
CLXIV
3013
3842
MMDCXXXI
3928
2709
MMMCDXCVIII
XIII
CDXXXIII
CDLXXI
70
MMDLXXXV
MMCCXLIV
CDIX
MMCDXLIV
2228
266
MDCCCLXXXIX
9
MCCCIX
CCCLXXV
3040
2170
1410
2546
CCCLXVII
3084
MCMLXXI
2876
956
751
DCCLIV
MCDXXIII
MMMDCCXC
3018
MCCLXXXII
MMMCDVI
MMDXXXII
MMCCCXCIII
1005
2523
MMMCCII
1873
2263
3074
MMCCCXXXII
2065
437
MMDCLXXX
CCXIV
CCL
MMDCCXXV
2019
DCCCXVI
MCXVII
CCCLXXXVII
MDCCC
1106
MMMCCCVI
MDCXLIX
DCCXXV
3502
357
1381
MCCCXXII
MCCCXXXVIII
856
MXLI
DCXII
CCXLI
2903
3048
3898
2827
MDLXXI
MLXXVI
MCCLXXVI
MMCLXXXVII
2185
MCDLXXVII
3015
1489
734
12
MMCMLXXV
1359
517
CXCV
784
3317
CDXXXVIII
340
38
1155
3802
MMMDIX
MCDXXXIV
818
MMDCLV
43
620
MMXXX
149
CXCI
1144
MMMDCCXC
MDXIV
MCCCXCVI
MMMCDLXXXII
DCCVI
MDCCCLXXVIII
2422
CMXLIX
DCCXXX
MMCDLXXV
879
MMMCCXLVII
MCLXVI
1111
DCCCLXIII
MMDXVII
DLXXVII
1326
3941
3144
MCCCLXII
519
437
MMMCCCVI
3095
3281
2039
MMDXCIX
MMMDCCCLXXVIII
MDCCLXX
MDCCIV
MMMXVII
MMMCLXXXV
MCDLXXVI
MMCCXXV
MMCXCVI
MMMDCCCXXIV
570
1613
MMMCMLII
2132
332
3
2112
MMCMXCIV
3444
2566
MMDXLIX
698
MMDLXI
MMMCXXXI
CDXLIII
MMMDLXIII
2334
MDCCXLIII
MCMXLIII
XXI
MMDCLXXXIII
2833
3214
MMCXLVII
MMCCXLVIII
DCLXXVII
1087
MMMCMXXXII
518
328
MCCLXXIV
MDCCCXXX
2335
1238
267
2437
2355
1918
1631
MDLXX
1789
DXXI
2023
CDXX
DCCCXCVIII
3153
3678
MDCCXL
1333
2727
756
927
2271
1260
3440
1860
1588
MMCMLXXXIV
1755
2497
2339
2693
2638
MMMV
3333
CDLII
MDCLXXXI
2000
MMMDVIII
3743
1366
962
1382
MCMXXII
400
MMCXCVIII
1750
3766
XCIX
DCCVI
MMMCCLX
3101
588
763
2863
MMDCCCXCVI
3129
MDXXXV
814
DVII
MDCCCXLV
3654
2907
1178
MCDXXII
1324
MMMCCCXL
MCXXV
CCCXXX
CDLIX
MMMXVII
XI
132
MCCCL
227
MCCXV
MMDLIII
DCCCLXXIV
MMMDCI
MXLIV
1163
MCXLVII
1768
MMCLI
574
2049
2025
3457
MMMDCCCXXXVIII
MMMDCCCXLIII
1158
3585
1691
3814
2476
3036
DLXXI
3954
1809
MMMCLXXVII
MMMCII
MMCCCXVII
3623
1374
2504
1465
MMMCCXXXVII
MMCCCXVII
934
2433
3468
2263
DCCX
1034
MMMCDXLIII
MDCCCXLIV
861
169
MCML
2449
666
CCLXXV
MMMCCCXLVIII
39
1486
1711
912
MMMC
MMDCCV
236
LVI
873
MMDCXXVII
232
2204
MCCXXXII
DCCXIV
1821
DXXVIII
886
1982
916
3893
117
1357
2168
3848
3113
3558
2114
CLXI
XLIV
MMMDCCXXV
797
CLXVIII
MMCLXXXVIII
761
933
3689
MXLVI
117
MMMCCXXXV
1960
2247
MMMCMLXI
3054
409
MMMDXXXI
3942
CMLXXVIII
123
CDLI
2662
1146
MDCCLXXII
585
MMMCCCLXI
MMDLXIII
MMCMXCV
MMMCDLVI
DXXXV
2901
MCDXC
1536
DCXLV
MCMIII
DCLIV
1680
MDCCLXXVII
2144
922
3804
1516
MMMLXIII
2887
MCCXLVII
DCCLXXXIV
CCCXXII
3528
XXIX
MMXLVIII
DXXXVIII
334
DCCXVI
3255
3685
3469
MCCLVIII
MMMDCCLXIX
1962
MCLXVI
MMMCCLXXVI
1008
947
DCCXCVIII
MMCCCXLV
803
1517
2654
MMMCXXV
DCCCXLII
MMDCCX
2237
2066
DLXXXI
MMMDVIII
MMMII
2222
3975
MCDXLIX
MMCDII
3635
MMMDCXX
MMMCMX
MCMXCV
3698
185
MMMVIII
755
CDLXXXVII
MMMCDLIII
2278
1746
326
MMMCCXXXVII
MMMCDLXXV
DCXXV
MMDCCXCII
MMCLXIV
3690
MMDCCCLVIII
613
869
MCV
84
DCLXVII
MCMXXVII
MMDCCCXCIII
MMMCCCLIII
MDLXXV
MMMXVI
MCCCLXXI
696
MMCCL
MMMCMLV
MMMCCCLXIX
MMMLXXIX
3546
3052
1137
CDXXV
MLXXXI
3812
1725
3722
MCCCLXXXI
MMCCLVIII
MCMXCI
2411
4
MDCCXXXVI
MMMXXXV
98
MMCDXXI
MCCLXIII
2161
MCXXVI
DCCXXIII
3725
DCCX
MMCXCVI
2980
MMCXXXV
1647
3472
MCCXCIII
2880
MDCXIII
MMMCCLXXVIII
MMCMLV
CDXC
2840
MMMDLVII
MMDCCCLXXXII
MMMCDXLIII
3823
986
CMX
1588
CDLXXIX
MLI
329
394
MMDCCCXLIV
MCVII
2227
3428
506
3310
MCMXXXVII
114
2195
1072
CDXXXV
CMXCVI
1647
MMDCLXXXIX
MMDCCCI
MMMDCXIV
2218
411
3708
DCCCLXXXVIII
2178
3366
2858
3323
3325
MCCXXII
3389
1441
355
3957
2358
CCCLXV
1548
710
MMCMXLII
2296
MMDCCCXLII
MMMCMXLIII
MDCXLVIII
3299
MMCCXXXV
DCCLIX
2926
CXXXVIII
MMMDCCXCI
MDXIV
603
1945
1883
2680
MMDCCCXXXIV
2673
2532
1076
2260
2744
3170
993
MMDCCLXIV
1782
CMLVI
MDCLXXXVIII
2359
MDCLIII
3391
3422
MMCCXVI
MCMXCV
MLXI
MMMXXXIII
1978
3169
3224
763
1491
3460
MMDCCCXCVII
MMMCCXCVI
2096
2329
DCCXX
DLXVIII
CXLI
MMCMXLII
CCXLVII
MMCCIV
2790
CDXLII
787
MMCCCLXXXVII
2326
MMLXIX
3655
3878
1993
1831
946
MMMDCCXXXIII
1831
3971
3829
MMMCCLXXVII
3407
MMMXVIII
CDXCI
MMDXCIX
3616
CCLXXXI
3102
240
MMCXCV
MMII
1545
1844
MMCLIX
633
MDXCVI
DCCCLVIII
2674
2969
3790
MMMCVI
MMLXXIV
MMMCDXCVII
567
3133
MMMXCIV
MMDCCXCVI
3485
MMCCCXCII
1456
CMX
1730
2653
2029
3327
MMMCLXXX
2760
2847
2339
1841
MMMCCLXXXV
3079
501
MMDCCCLII
3299
MMMCCXXVII
1053
2452
3796
1542
MMDCXX
MMXLIII
DXCVIII
MCX
MMMCXXV
MMDCCCLVIII
MMDXIV
3338
MLXV
MDCLXX
DCCXL
CDLXIX
MMMDCXXX
226
MMMCDLXVIII
DCCCXLVII
1666
2947
1224
MCCLIV
MMMDCCCLXXIX
MMMDCCCXCVII
MMCCLVIII
MMCMXCVII
MMCMXXIX
CCCLVI
3348
CXXXI
MMMDCCXXXV
62
3815
499
MCDXCIV
MCMXXXIV
2239
175
2008
965
2494
2179
CCXI
MDVI
MMDLXIV
MMDCLXXX
MDCCXXVII
2925
2498
MDXCV
3403
2853
3299
3050
MMDCLXXXIV
MCCCLXI
MMMCCCIX
MMCCCLIX
MMMDXIII
MDCCCLXXXVI
CDXC
3570
2188
520
MCMLXV
3639
MMMDCCLXII
CCLIV
3978
1553
MMMDCXCVII
447
CCCXXII
836
2034
322
1424
MMMCCXVIII
3513
1148
DCCL
MMCCXL
3533
3844
MMDCCCLXVII
MCCCLXXXIV
MMCMXLIV
1297
MMMCDXLVII
3088
DXVI
3329
MMMDCCCLXX
1380
MMXL
2761
2118
MMCDXXV
1671
2100
566
CLXIII
1995
68
2244
MDCCXLVII
2022
3908
MDCCXLIV
MCDLXIII
MMLXI
2656
3783
1335
MMMCCCXLVI
2883
MMMCCLIII
MDCLXI
MMCXL
MMMCC
MMMXXXII
MMMCCCXCVIII
2879
2272
3085
MMCDXII
MMMCCCXI
MCXXXIV
2608
LIX
MMMCCVIII
329
2399
MMCXCVIII
473
DCCCLIX
1197
MMMCMLXXXVII
CDLX
MMMLXXXVI
MDCXXXVII
2672
MCMI
CCCXVI
3472
1593
1981
LXXXIX
MMMCIX
1085
MMDCIV
CCCXIX
DCXXI
MMMCCC
MMCXXIX
MMMDXLIX
3208
CLXXIII
3473
MMDXCIX
DCCCXLIII
2597
1289
MCXLVIII
MMMDVII
MCCCLV
901
1092
3012
256
MMCXXVIII
DXXX
1490
MMMLXXI
2614
MCXXV
MMLXIII
770
1472
1267
MLXXVII
1632
MMCLI
3874
MMMDXVI
MCLXIV
2823
67
171
2681
3222
274
1488
MMMLVI
3955
MMDCCCXVIII
MDCCLXXI
MCCLXIV
1029
MMMCMXLVI
MMMDLII
MDCCXIX
796
1635
CMLXXIV
1499
1732
CMXCII
2333
DCCCLXX
MMCCCIII
2775
MDXLI
398
2257
MMDXXXVIII
CXC
MMCCXIII
2547
MMDXI
3524
MCCVIII
MMCCXXXVIII
CXXXIV
3925
MCCLXXXII
MMDCCCXLIV
1787
2730
MCLXXV
MCMXXII
MDCCCLXIII
DLXXVII
MVIII
1622
XXXIII
1366
1596
427
2474
MCCLIV
2714
MCCXCVI
2406
2771
3617
DCCLVII
MCDLXI
2695
MMMDCXLVII
MMDCXLI
MMMDCCVI
MMMDCCCXII
2635
MMDCCCLXV
CMLXXXIII
MXLI
MCDXIV
524
MMMCXIII
CLXXIV
MDCCVI
MMMCCLIV
MDCLXI
MLII
MMCXLI
138
MMLXXXVII
3681
MCCCLIX
1948
MCCCLXXXVII
2348
MMMCXII
2878
CLIV
MMMDLXXXV
743
2911
MMMCDXLVIII
2866
MCMLXXVII
MMLXXXVI
LXI
MCCXCV
MMMDCCLXII
2678
MLXXXV
MMMCDLVII
984
303
MMDXXV
3213
932
MXXXV
1589
MMDCXLIII
3346
2588
MDCCCII
3115
861
MMMDCCXXI
2060
199
1367
1566
3030
1515
MMMDCCXXIV
3537
2451
1834
MMMCMIX
2211
MMCXLIII
582
MMCMXXXVIII
MMMXXIV
2205
MCCCLXXX
429
MMCDVI
2717
MMCCCII
3504
MCCCXXXIII
3264
CCXXX
1851
1685
MMMXIV
606
MCCCXCVI
MMCCLXXVII
2368
MMMDCCXVII
MMMDCLXIV
1482
MMMDCCCXXXVII
1023
DCLXXXIV
CCLVIII
CCXXX
2639
MCDLIII
DCXCI
1268
2127
209
76
2911
3212
CDLXXXVII
MMMCLXXIV
CDXXVIII
MCXCIII
2419
MCLXXII
MMCMLXII
CDXCII
CMIV
MDCLXV
3356
MDCXXX
CMLXIX
3358
DIII
89
MCMXCIII
2036
1048
MMMCLVIII
1778
MMMDCLXXXV
MMDCXC
MMMLXXXII
2880
1417
3152
745
3944
2412
MMMDXXXVI
MDCXXXVIII
2322
2134
3284
3924
1350
MMMCMVIII
MMMCXXXIII
3245
3737
2920
2747
202
MMMCCCLXXXII
DXVII
962
1390
3974
100
CXXXVIII
3823
MMMCCCLXIX
2436
MMCDXXXVI
1001
MMXLIV
2241
MMDXLI
MDCXLII
3467
425
MMDCCLXIX
MCCX
3820
2138
MMCDLXXVIII
278
CCXXXIX
740
DCII
MMDCCXV
521
520
MMMDCLXXX
CCCVII
3294
MMMCCLXXXIV
3594
MMCDXXI
MCCCXXVIII
1627
MCCXIV
DCCLVIII
CDXLI
99
3328
2366
MMDXXII
MMMDCCXLVIII
MMCVIII
2517
MCMIV
2080
MMDCCXI
1929
MMDCCIV
1806
2187
MCX
1672
2211
MMMDCCXXXII
LXXII
CCCXLVI
MMMDLVIII
3552
3294
2731
MMCCXLVIII
MMMCDXXXVI
MMMCLVII
3453
2882
MDXCVIII
1933
1354
MMMCDXXXIV
LXXVII
MMMDXLVII
MMDCCCXXXI
134
2133
MMDCCCLXIX
649
370
1459
MMDCCLXX
MMMXL
2136
474
CMI
MDXXX
1563
MMDCLIV
MMMDVII
MMCXVII
MMMDXXXVIII
MMCCLVII
MMMCCCXXXIX
1113
MCCCXLIII
MMMDXVI
MC
2083
MLVI
3490
MCCXLIV
MXXXVIII
MCCCIV
2036
MMMCCLXXXIV
1842
CCLXV
1861
1351
718
MMCCCII
3356
2377
1704
MCCCXXX
2580
MCCLXI
CCCXXIII
MMCCCIII
54
CCXC
MMCMXC
MMMDCCXXXIII
457
MMXCV
3264
3897
710
DXXIV
DCCCXXVII
MXXII
3061
MDCCLIV
3648
2990
731
3121
186
MDCCCXIX
3239
3328
MMMDCCCLXXI
MMCMLXXXVIII
3586
1170
775
1694
3083
MMMDLI
970
3436
MMDCCCXCIV
MDCCCXVIII
1992
CMLXVI
XXIX
2442
2122
1776
2553
MMCMLXXVII
1495
MMCMXLIX
675
MCCXX
237
1911
762
CDXCII
385
252
2974
1230
2258
3819
MMDCCII
3729
3176
CCCXVII
3582
CCCLVI
CMXLVI
MCCXXIV
MCMXXXVII
1118
1040
MMCCXII
DCLXXXIV
MMDCXLVII
341
MMLII
MLXIII
MMMCXLVII
1070
1476
2678
2457
MMDCCCLXXXIII
MMDCCCLXXVI
2093
423
MMMCLXXXV
1562
443
MCDLXIII
2681
1650
MMMDCCLX
CLXXXII
373
LXXX
CCCXC
MMMCCXLII
MMCXXXIX
MMMDCXCII
MMDCCCXXXIX
MDII
911
MMMCCXCIII
3709
2367
3750
MMMDCCIX
1666
1882
2074
DLXIV
MMMCCCXLIII
1661
MMMDLXX
MMMCMXXIII
MDXXII
678
552
MMDXXXI
1474
CCCIV
MMXXIV
MMDCCCLXXXIV
MMCCCXLVI
MMCCXXXIII
MMCDXX
CMXLV
2057
MMMLXXXIX
MMCCXVI
253
MMLXXVIII
1282
MCDI
432
MDCCXCI
3504
MDCIV
2478
22
MMCXLVIII
MMMDCCCLIV
CXXV
3872
1536
MCCLIII
MCMXXVI
MLXXXV
1739
MDCCXIX
2426
XVII
613
MMCCCXXXV
DCCLXIV
3133
MMDCCCXII
3238
1198
237
MMDCCLX
LXX
MMMCXCVII
124
MMMDCCCLIII
CDXXIX
MMMDCCCLIII
DCCCXXVI
MMMCDXVIII
2940
MMDCXXII
922
CDLXXIII
CMXCV
MMMCDLXIV
2655
MMDLXXIX
503
MCCCXXXVII
452
MMDLIX
CMVI
2473
510
1141
MMMDCLXXXIV
3807
2180
MDCCXXXVI
2140
MMMCCXX
1570
MMDLII
MCMLIX
MDCIV
788
MDLXVI
MMLXXXVI
227
451
MMMCLXXI
1795
1775
3188
3881
MMMCDLXXVII
CI
DCCVIII
MMMCMXXVII
565
3643
MMMDLXXV
MMCMLXXXVIII
1351
MMMDCCCLI
1346
30
550
874
3459
MMDCCCLXXXIII
DCCLI
3677
MMCCCXLIV
MDCLVIII
DIX
MMMCCLXVIII
MMCCCLII
2241
3017
MMCMXVIII
1931
XXXIV
3536
1451
3974
MCDLXXXIII
3846
DCXXVI
1988
2374
MCXCI
1306
1756
MMCMLXXIII
DCCCXXXII
322
MMMDCXVIII
CMXLIX
MDCCI
3679
3895
2836
MMCDXLIX
MMCCLXXXVIII
MMDLXXV
2292
1484
3770
MMMXLIII
1233
MCCCXXIX
690
2902
2279
3975
DCLXI
2909
100
MMMCMLXIX
2966
XCVI
1536
MCLXV
MMMDCCXXXIV
261
MMDLXXXI
MMMDXL
3805
1138
1620
1038
3510
MCCCLXIII
3446
MCCXCVII
1685
MDLXXI
DCCXCI
MCMXCII
3163
1280
MMMDCLXXXIX
3412
795
2161
MMDCXXXVII
MXCIX
886
MMMCDXCIX
MDCCCXXXIV
2917
MCCXVIII
3393
618
1391
MMMDXXXV
2071
1318
MCLXXXII
2697
3497
2112
353
3202
303
MDXCV
CMXXXVII
CV
1206
589
MMMDCXLVII
708
1444
CCLXXX
1601
MMMCCCLXXIX
MDCXXXIII
1188
MMMDXIII
CCCLIV
1973
MMCDLXXV
2597
MMDXXXIV
MMMCCCXCVIII
DCCXIII
2227
3804
3537
2537
MMMCCXCIII
MDCCCXXVIII
MDCCCIX
2401
MMMDCCCXL
CDLXXI
MMMDCCXXIV
MMMCDLXXV
MCCCXXXVII
3879
3229
3318
3644
1231
MMCLXIX
MMMLXIX
MMDXVII
MDCXIII
2818
2098
3334
1714
MMDLXVI
453
MMMDCCXXXII
MMMCDXLII
3566
MDLXXXIV
DII
3433
3824
2001
MCDLXXXII
DCLXXI
146
207
CDXXXVII
1204
MLXII
3168
MMDCCLXIV
409
1120
MDCCCXCIV
MMMCMLXXVII
MDLXVII
DXXXII
946
MCMXXXVII
1871
MCCCXCIV
MXLVII
DCCCXLIV
3046
MMLVIII
MCXXIX
881
3120
MCCCXLIX
3277
1131
2498
543
1624
MMCMLXXXVII
MMMCMXXIX
2986
LXXXIX
MMCCCXXIV
2134
DCCCXLI
1484
MMCMXC
DCCCXCIII
MDCXXXIII
MMCDLVI
MMCVI
CMLIX
1534
414
1782
MMMDCCCXLIX
MMMCMXC
DCCIII
MCCLXXXVI
MCCCXXII
1727
3907
203
DXVIII
MXXXI
MMMCMXLVII
MCCCXLI
MMMCXCVII
MCXLI
68
MMMDLXIX
3366
CXCII
3825
2673
MMCCCXCVII
MMMCMLXVII
MMMCDIX
542
3039
2609
2584
CCLXVII
MDCCLV
MMMDII
MMMDXCV
MMMDCCCXCVII
235
DXXXVIII
728
DCCCXC
2823
269
MMMCXXXVIII
2081
1686
46
MMCCCXCI
MMMDCXXXVII
CXLIII
MMCCCXXX
97
1700
MDCCXLIII
MI
MMCCCXXVII
3798
MCDXII
MMMDCCCLXII
1168
MMMDCXLV
2932
2833
1857
3883
MCIV
MMCCCXXIV
MMLXXXVII
MMMCDXXXIX
927
CMXI
MDCLXXIII
MMDII
MMMDCXCI
3407
MMMDXXX
2774
2469
MDCCXXX
1672
1946
MDCCXCVII
MMMCDXVIII
MLXXI
DCLXXIII
MCMXXVI
MMCLVIII
1847
MMCCCXXII
1970
2871
MMCCCXII
CMLXXIX
MMMCCLXXX
732
MMMDCXCIX
1039
MCXXI
MDCLXVII
1006
MDCCXLVI
MMDCCLXVII
519
MMCMX
3871
DCCCXXVII
MCMXVIII
2186
MMXX
3404
MMCDLXXVII
599
1908
MDCXLIV
3569
MMMLXI
1586
MMMDXCVII
3354
DCCXCIV
2171
MDCLXXXIII
XCV
758
MMMCCCLXXXII
1502
2579
2711
MCDXXXIII
MMXXI
MMMCDLXIX
1978
MDCCCXVII
2122
MCDLXII
MCDXXXIV
1902
MMCCCXCIII
MMCI
MMMDCCLXXXV
DCCIII
CXCIV
MCCCLII
3393
3272
424
2431
1783
2165
MMDCCLXXIX
MMMDCCCXLI
DCLXXIX
DCCLXXII
3977
2121
MMDCCCX
CDIII
1298
MMMDCLXXXVI
3255
1780
MMMCCLXI
MCDLXXIV
489
71
MMCXX
MMCCLXV
MMMDVII
CCCLXXXVIII
210
3745
3752
440
MMLXI
MCCXXX
MMDCCXCVI
3835
MMMDCXXII
MMMDXC
CMXXX
1611
DCXXXVI
1799
2179
MMCCLXVI
3249
MMMCMXXXIII
CDLII
CDVIII
3106
MDL
2945
433
2706
MXXV
499
MDCCCXII
717
1979
DLXXIV
MMMDCLXXII
2684
334
MMCCLXVII
MMCCCXIV
3740
3074
1418
MMMDCCCLII
MMDCCLI
MMCMV
MMDCXXI
1482
800
MDXII
DCCL
228
MDCXXIII
3954
MMCDLXXXIV
872
3808
2624
MMMCCXXII
MDCCCXCIV
2463
3002
35
MMCDXXXIX
1583
XIX
MMMCMLXXVIII
CXVIII
MMMCCXCVI
MMCCXIV
3099
2861
MMXXVII
3852
410
DCCXXIV
2081
MMCCCXLIX
MMDCCCXXVIII
1622
MCLXXXII
XXXII
MCCXCIII
MCCCXCIII
2409
MMCMLXXXVII
2118
1272
MMMCCLX
1448
MMMCXII
DXL
2886
MMCCXXIV
MMDXCIII
822
3534
MMCCCLXII
VI
MMDCCCXII
DCCCXV
CD
3567
MMLX
2681
MDCCXL
815
LXXXII
MDCCVII
1984
MMDCCLXIII
465
2150
MMMDLXXIV
345
2191
MDCCCLXXXI
MMCLXXIV
MMDLXXIX
1162
742
MCDL
MMMCCXCVIII
MDCCIII
726
MMCMXX
3779
MMMCCCXXIX
484
1944
DCCCXIV
DCCXXV
MMMCCCLXXVII
DCCLIII
MMCMXLVII
2919
MMMCXXXIII
570
MXXXII
MMMDCCCXXXVI
MMCMXCVI
1459
3922
DXXII
3466
DCVIII
DCXLIX
MMCLVII
MMCCLXXXII
3145
MMDXXXVI
MMCII
MCMXXXVI
1035
MDCCLXXXVIII
1842
MMMCMLXXXVIII
2058
439
DCCCXLIV
779
DCLXV
219
2411
3994
MDCXXXVII
MLXXV
572
MMDXL
168
13
MCCCXIX
975
2073
MMLXXXVII
CCXLVIII
239
409
MCDLXXVII
MMMDCCXLVII
MCMXCVII
MMMDCCXCIV
468
1502
1809
MDCXXIX
MCXIII
MCDLI
2959
3166
MMCCCLXVII
390
976
MMCCLII
3491
3321
1887
1366
2416
265
DCCLXI
MMCCII
282
906
1973
1199
MMDCCCLXXXII
MMMDCCXXXV
2149
2152
MMMCCXX
2932
MCCXXX
2977
MMCCXXV
MMDCCCXXVIII
3349
2966
2101
MMLVI
MCDIII
MMMCLXXXV
1660
MMDCCCXXVIII
3815
1197
MMCCLXIII
MMMCCL
1115
MMDCCLXIX
DLXXXIII
MDCXCVI
3063
353
MMCXCVII
MMMDLXIX
2546
MMDCCCXCVIII
MMMCCCLI
MMMCCLXXXV
MMMDCCCXLV
CDLXXX
3447
MMMDXIX
818
1863
MCDLXII
2560
1499
1721
MDIX
3679
MMCCCLXXI
DCLXXVII
3973
MDCCXLI
MMMDCL
MMIV
DLXXVIII
233
DCCXLV
MMMDCLI
MMCDLXXXIV
MCDXCI
2318
DCCXCV
MMMDCCCVI
CDXCII
CMLXVI
MCMXVIII
MLVIII
1459
3814
XCI
1491
567
MCLXIV
MMMXCVII
MMMCLXIV
MCXIII
MMMCCLXV
MDCCCIV
2324
3957
CLXXXI
MMMCCCLXVIII
DCCXLVII
MMMDCLXV
173
2172
3882
746
293
2694
MDCCCXXXIV
CCCLXXVI
MDCCXIX
MMDCLXXXI
2712
MMMDCCXLIII
MMDCXXXVIII
CIV
MMMDLXII
MDCCXCV
1844
MMMDCCLXIX
758
3287
MMMXLIII
1662
3943
MMMCMIX
MMMCDXXXI
3740
3320
DLXXIV
2912
2508
2439
CCXCIII
MMLXXVII
1684
808
3935
MCMXCVIII
3927
MCDLX
MCDXIX
MDCCXXVI
919
86
3410
3206
MMMXX
3501
1745
562
497
MMMDLVI
1536
CCXIX
459
2279
MMMDCCXCVI
3097
MDXII
3013
2151
2168
CCXXXVI
MCCCXLVII
MMCMXXXIII
121
826
MMCDXXX
3247
MMMCCCV
3142
MMMCDXXXIX
MXLVI
MMMCLXIV
MMMCDLXV
MCDXXXV
3124
1125
MMCCCLXXXI
DCCXXXVII
CXXVI
MMMDCXII
CCLXI
MMMDLV
MMCMXL
MMCCXXVI
686
MMDXLVI
818
CCCXIX
3871
MDCCCLXVI
1828
1003
386
303
CMLIX
2499
DCCLXXXI
1351
3969
CCXXXV
MDCXL
2152
2122
349
2879
1459
MMIX
674
MDXLVIII
MMCXXXIX
MMMCCXXXVII
587
MMMCCCLI
CXV
MMMXLV
3317
2759
1528
3451
MMDCLXXI
MMMDCVI
2893
MMXCVIII
MMCCLIII
MLXXXIX
83
2403
MMDCXIV
1622
2137
62
DXCVII
MMMDCLII
3869
2752
MMMDCCLII
2708
MMMCMLXV
3224
MDCCXXX
376
MMCDLXVIII
3440
417
3497
973
MMMLIII
MLXXXI
CCCXXX
MDCCLXXI
2031
2623
LXIV
83
MMMCMLXIX
2519
1812
1995
CCCLXXI
MMMLXXVI
MDCLXXXV
MMMDCXCI
1833
MMLXXVI
287
MMXLVI
MMCCCXXXVI
3388
506
3263
2264
1389
CCCIV
MMMCMXIII
3071
542
2172
459
MCXIII
2266
19
MDCCLVI
3047
CDLXXXII
MCDLXXXVIII
MDCLXXIV
3355
3861
CLXVI
MDCXCVI
MMCXII
MMDCXC
MMCXLVIII
1569
MCDLXXVI
MCMXX
670
MMCDXVIII
MMDCCLVIII
MMDCCXCIII
1935
3832
1995
DCCCXLII
LII
2536
CCLVII
MCCLXXXVII
368
MMDCLXXXIX
MMMCCII
3952
305
MMMDCCCXXXI
MMMXXXII
1583
3588
MMCCCLXXVIII
934
MMDCXIII
CMLXXVI
904
MCCCLXXVI
MDCCXLIII
MDCCXV
2978
MMDCCCLXVIII
204
DCCCXCVII
MMDI
672
MMCCLV
2625
1722
DCCXIV
1270
3327
CLIV
3340
2037
1091
MMDLIII
MMMDCXCIII
276
CCCLXXVII
MMCMXCI
MMMLII
3641
3724
1662
MMMCCCLIV
939
CDXXXII
MMMDCCLXXXI
564
3169
MMMCCXXXIII
3615
MMCMXLII
616
1425
MXCI
1240
2056
MCCL
MMMCDXLVIII
CCCLXXIII
MMLXXIX
XV
MMMCDXXXVII
294
154
1474
MMMLXXVIII
MLXXXV
MCCXXI
MMDCLXXXIV
MMDCCCI
MMMDCCCXXII
DCCLXV
MMMCMXXXIX
DCCCLXI
MMMCCXLIII
MMCLXXX
MDCCCLXXIII
CCLVII
3483
CXXXIX
DLXII
MDCCLX
CMLXV
162
MMMCCCLXXI
3065
MCCCXCVII
1895
833
MXXXIX
MMMCXCVIII
1355
MDLXXXVIII
2959
1394
MMCLXXXV
3010
1876
MCCLIX
3080
MCXLII
MMXXVII
635
2773
1812
MMMCCXXV
3069
DCXXV
1487
MDCXXVIII
1155
LXIII
MMCMLXXIV
42
MDLXXXIX
MMCMXII
692
1839
2264
2336
3979
MMMCDLXXXVI
DCCCVIII
MMCDXLV
MMMCCCLXXXI
1469
691
LXXXVI
3797
MMDCXXXIX
MDCCCII
MCMLIV
MLII
336
2278
CLXIV
MMMCMLXXVI
MDCCCXCVII
MMCLXIX
MCMI
2064
MMDCCXCVI
MMCXXXV
3592
MMCCCXLIV
MMDCCCVI
3546
3794
3247
2116
2917
MMMDCCCXXXIV
826
1042
1210
2609
3574
MMMCLXXXVII
MDCLXXXI
MCMLXXI
MMCMLXXXVI
DCCCL
MMCLXX
2557
3466
1537
3498
DIX
CCXX
2136
3053
2355
2529
DCCCXXII
MMMCDLXXXIV
2978
3896
MMMCCCXXXVI
MMMXX
1258
1203
1623
MMCMLXXXIII
1025
MMML
MMMDCCCXXXVII
3670
MDXXX
1184
CDXCIV
2663
MMCDXVII
MMCCCXXXIV
MCLXXXIX
1384
MMMCCCLXIV
830
236
MMMCCXLV
3704
MCDXXXIV
1860
3257
MCLXIII
MCCCXXXI
2426
CMIV
3298
1276
MMMCMLXXX
CCXLVII
MCCCXLII
XCVII
2076
MDCCCLXXXVIII
10
1460
DCXXXVII
3786
1762
MMII
MMCCLIX
214
3982
MMMCXVIII
3333
204
2795
MMDCXLI
136
1579
1996
644
1114
MMLXXVI
MDLI
1564
818
1074
3510
MMCCCXLIV
626
CMLXV
MDCCCXL
MCCXXVIII
CLXII
MMMCMLXXII
MCDXXXIII
2322
753
3958
2742
MMDLXXXV
1069
MDCCXLIII
1771
LXIV
534
54
MMDCCCLXXXIV
DCXCIV
1853
1803
MMMCCXCVII
3013
MDCCXCVIII
MMDCCLII
183
2541
2372
MMLXXX
659
MDCXLVI
CCLXXVIII
256
MMCDXXXII
DLIII
2414
MMMCDLXI
LVIII
31
3207
2000
36
1342
2985
590
1137
MMDCXLV
MMMDLXXI
3711
3039
2157
MMMDCXCIX
1557
MMCCXXXV
1734
131
CMXIII
MMMCMLXXXII
MMXIII
MMCCLXXXII
DCXL
MMCLXIV
MML
MMMCCCXXXI
MMCCLXXXIX
1291
MMMCMXI
CXII
MMDCCCLXXIII
1028
MMCCI
DCXCVII
323
MMCMXCVII
MMDCCXVII
MMDCXLVIII
1171
MMM
483
1726
DCCCLXX
MMDCLXXVII
CCXCIX
MDXII
345
MMMCDLXVIII
MMMD
807
DI
3928
MCCCLXXXIX
MDCCCLXXXIII
1038
1894
MMMDCXXXII
424
174
1824
MMMDCCCXLVII
DCCLXXIX
DCCLXIV
MMMCCCXCVII
MMMDCCCXLIV
2852
MCCIV
MCLXVI
3571
2473
CCXXXVI
1494
3683
MMDCCCVIII
MDCCCXCI
197
CCCLXVI
MMCCXLIII
2396
3005
2188
MDCCCLXXXIV
2591
MMDCCXCVI
703
DCXI
DCCLXIX
MMDLXI
3406
1469
LXII
MCL
MMMLVI
MMCMXXXIII
MMMDCCLVIII
MMDCCCXXX
770
MDCXXV
776
DCLX
63
MDCCCLXXVII
3872
1452
MMCMLXXV
MMCCXCIII
3729
CDXLII
ML
1302
DCCCXLV
1530
MMDCCLXVII
CCVI
180
MDCCCI
862
1970
CDLXXI
MMCCCXXXVIII
3769
2012
MMMCXXIV
3391
MMMCCCLXXX
MMCIV
3694
1649
2995
MMMCCXCIV
MMMCCXX
1106
MMMCMIII
1004
MCCC
MMMCCCXLI
2155
906
2210
VII
2815
MCDLVI
1572
856
MMDCCXXXII
3614
416
DCCCLIII
3123
1725
2212
DCCCLXIX
MMMCCXLVI
1261
MMDXL
1368
CCXIX
MMCLXI
MMMCCCLI
3583
MDCCLXII
1491
MCCXXXI
MCMXCI
3600
104
770
1781
MMCMLX
2518
1682
402
MMCIII
3904
1568
MMLXII
3614
MMDCCCXCVII
3300
MCCCVII
MMMDCCCLX
2457
1785
MMMCXIII
DCLXXIV
1538
351
1641
2478
2988
MMCXCVII
1350
MMCLX
MMMDCL
MMDCCLVI
CDXXII
3485
425
3204
MDCLVI
MMMDCXCIV
3852
CCLXXIII
MMMX
885
MMMCXIX
MDLXXXVII
MMDCLXXXIV
3788
MMMCCCLXXXVII
DVIII
XLIX
455
DCXXIII
MCMLXXI
MMDLXXXIX
2445
MMDCCCXXXVI
MMMCCLIV
MMMDCCXXXVIII
3893
3915
CMXCI
MMMCDLXXXI
291
2153
1338
D
MMCCCLXXIX
2823
1334
MMDCCXVIII
1506
3451
3431
MDCCLI
MMMDXCII
MCLXIII
MMMLXXIII
DXLIX
1719
3530
CCCXXVIII
CCCLXII
1536
MCCCXCIV
MCCVI
MMXIV
1963
MCXCI
MDLXVI
2888
MCM
1938
DXII
2727
1974
DCCCXX
MMMCCXXI
MMDCCXXV
670
MMDCLXIII
802
MMMXVII
CCLXVIII
MDLXVI
CLXXXV
3337
DCCLIV
LXIV
MMCLXXVII
MMMCXCIII
MMDCCCXXX
2388
561
1694
MMLXV
CXV
CCXLIV
MMCMXIII
MMMCCCLXXXII
1325
CMLV
MMMXCII
1554
37
3028
325
MMMDCLXXIV
MMDCIII
888
1950
MMCCXXXI
3625
1613
2581
CMXIV
1732
MMMDCCCXIV
MMMCIX
CMVIII
2809
MMMDCCLXXXIX
3005
294
MMCDLXV
MMXXV
CLXXIII
2731
MMMDCCCL
3755
2967
MMMCCCXLV
3859
MMMDCCLIV
2070
401
2328
1338
2070
1677
3830
CCCXCII
MCMXXII
160
618
MMDLXXXVIII
MMDCCCXI
3548
MMCDXVII
3779
MMMDXCVIII
3349
1287
DCCXIV
2084
MMCCCLXXVII
3453
MMDCCCXII
1615
MMCDLXV
MMCL
CDXCV
1186
1031
2530
DCCLXXVII
1972
126
1064
1949
MCCCXII
DCXXI
MMMCLVI
2040
MMMDCCXVIII
3680
CXXV
2773
79
MCCXIX
MMDLXXXVII
3027
1676
428
532
MLXXX
185
MMLXXVI
991
CCCLXVII
MCLIII
MMMDCCXVII
714
1511
MMCMXXII
2492
952
1922
MDCXCIX
1466
399
932
3851
MMMDCLV
CDXXXIX
MMMDCCXLIII
2558
1769
MMCDXLIV
MMCCLXVIII
2889
2673
1302
MLXXI
2806
3062
923
MCMV
2535
2608
MCDLVII
MMMCMXIII
3591
MMMDCCLXXXIV
2988
MMMIX
1112
MMCMXCII
MMDLXXXVII
833
1277
2005
3660
3724
MMCLXXII
CLXXXII
CCLXXXI
MMMCMXIX
DLXXI
MMDCIII
2322
3
MCDXXXIII
1278
1024
MMMDCCXCIX
405
1725
1938
1383
MMCCLXII
MMDXXXVIII
188
2012
460
MMMCMXXI
MMMCCXXXIII
MMCCLXXIX
XVIII
CXLVI
1882
DCXV
2420
CMLXXVII
MLXXIX
MMMDCXCV
MDCCCX
CMXCV
MMLXXVII
2064
MMDL
241
MDCCXIV
3626
XXXIX
3640
308
MDXXXII
2528
51
2876
MMMXVIII
2935
2585
MCCCXXXIV
1900
2023
3981
MMCCLXXVI
2776
MMDLXXIV
3621
MMMDCXXXIV
MMCCCLI
MMCLXXX
MMMCDLXXX
3017
MDCCCLIII
3458
CDLXII
521
MMDXXVII
MDCXI
3714
2630
3617
MDCXCVIII
2217
3253
MDCCXIV
2343
DCCXXIV
3200
618
492
569
CMVI
3113
MDCCXXVII
MMMCMXCV
MDCLXIII
MMMDCXXXVIII
3831
1547
1347
3724
DCXXVII
MCCXXIII
288
1827
82
MCMLXXXII
3845
DLXXXVI
1575
190
MMMDCCXLIII
DCCXXXI
1518
1119
MMMDLXXI
MDCVI
MMMDCCCXIII
1990
MCMXLIII
MMMCMX
MLXXIV
MCDXXXVI
DCXI
779
DCCXXVIII
MMMLXXX
CDLXVI
MMCCXXIX
MLXV
3213
MMCDXXXI
MMMCCLXXXVI
3696
MDCCCXXXVII
MDCXXIV
3269
MXVIII
3157
918
XXI
2770
2271
MCDL
3725
1380
292
MDLXIV
MMMDCCLXIII
155
MMMDCCLXIX
2960
MMCCI
141
987
MMMDCXXVIII
MMMCDLXXXVII
3973
1482
MMMCXXXIX
MCMXXVIII
2026
3704
3309
MCDXCIX
MMMCCCLXI
MMCDXIII
DCCXL
2988
MMMDXCV
358
1190
MMMCXX
MDCCXCIII
MMCDXXXVI
332
3976
3187
DCCLXIX
1671
MMDCCLII
XLII
MMMCXX
MMDCXLIII
CMLXIX
1017
MCCCXLII
MMMDCCXXVIII
MMDCXII
DCCCXXXI
MCCCLXXVIII
MDC
IX
1501
2373
MMMDCCXLII
1065
DCXC
DCCCXXVIII
DCCXCV
1246
2189
MDLIX
MCXCIX
DLXXVI
752
CMLXXV
MMCMLV
2805
2745
MCCXLVI
2139
3028
3882
MMMDCLXXVII
MLXXV
3537
2215
2647
1101
MMMDII
MCMLXXII
614
MDCCCXIII
MMDCCLXXIV
1579
1581
CCCXXXI
3982
DCCCXXVIII
1345
MMCCLXXXI
672
CXI
3936
MMMCCCLIV
1997
MMCDXCIII
MMDXCVIII
2350
3107
1383
MDCCCXIII
128
MMMCCCXCII
MMMCDXXII
3949
MDLXXI
2895
452
3453
MCDXLIX
CCCLXVII
3999
MCDLV
3852
2897
1223
2074
DCCCLXXVII
MMMDCCCXXVI
3514
15
257
2042
3529
MMMCDLXXXIV
1422
CCVIII
MMXXI
MLXXXV
85
CMLXXXIII
1542
DCCXI
MMCMXIV
914
3500
MMMDCCXXI
3245
MCDXCIII
MMMCLXXIII
DCCXCI
794
MMDCCLXII
2114
694
XIV
DCCLXIX
MDCCCLVI
2860
MDCVII
2161
DCCXCII
MMMCDLXIV
MMMLII
MMCCXLIX
219
3204
225
MCCCVI
MMMCMXL
DLXXI
DCCCLXX
MMMDCLXVI
3899
2653
CCCXXII
784
MMDCCXCVIII
2898
818
1445
3913
CDXLVII
MMCDXVIII
2271
2504
MMDCXXXVI
MMMCCCLXXIII
CXIII
1315
MMDCCXLV
2395
353
2230
3536
MLXXXVI
618
3796
3336
3752
2069
MCCXXI
3609
MMDCLXXII
MMMDCCCV
MMCM
MMMDLXIX
DLXIII
CMXV
MMMXIV
MDCCXVIII
MMCMLXXXVI
DCLXXXII
MCXLI
3772
719
MDCCXCVII
23
3432
2379
CMLXXXIV
3176
MMLXII
3099
DCCCLXXXIV
MMCCXXX
MMMCCCXXXIV
3638
2356
MDCCCXLIII
XLII
103
MMMCXIII
MMLXXVI
CCXXV
1924
MMMCCXCVII
2185
MCDLXVIII
3879
MMMDXVIII
1294
MMDXLII
XXVIII
MMMDCCXLV
MMMCCCLXXXIX
3405
MCLXVIII
2397
511
DCCCLXXIX
MMXLVI
MCCLXXXIII
1362
MMCXVII
2324
2546
1797
2014
CCCIX
2464
MDCCLXXXI
2543
MCCLXXXIII
DCCXXXIII
XCVI
2813
606
158
729
3030
1217
CCCLXXXVI
MMDCCCXXXII
CCCXXV
DCLIII
3367
MMMDXXXIV
MMDCCXXXVIII
MMMCL
2279
2932
MCMXXIII
262
1577
MMCMXCVII
MMLI
1133
DCCLXVII
2840
2748
2667
MMCLXXIV
CCXXV
3119
MMDIV
3835
3888
DXCIII
MDCVI
MCXCI
CCCXXXVI
1887
51
1019
2096
XXIX
MMMXXXVIII
MMMCIV
MMMDLXXII
DCCLXVIII
MMMLXXIV
CXCII
708
782
MMCDLXIV
1414
354
MMDLX
3388
MDCLII
CLXV
3631
1666
530
3303
1058
MMCMLXXXVI
MLXXXIX
MDCLXXV
MMCDXC
2112
1968
234
MMMCLXXIX
MDCLXXXVIII
1468
MMDCCCXVI
1422
MMCCLXVII
MMMXIX
1276
MMMCXCIV
MMMCCCLXXXI
3827
MMMDV
691
DCCCXV
MMMDCCXLIV
465
MMVIII
3065
MMMDCVI
MMMDCCCXIV
2052
3170
227
MMDCCXXXVIII
3461
2518
2866
MCLXXV
2334
MMDCXXVII
452
CDLIX
MMDCCXXXIV
3803
MMDXVII
3131
1173
3685
MMDCXLI
MMMLXXVII
MMMDCCCV
3062
MMDCLII
MMMCDXI
MMMCMXXXVI
874
3439
1385
MMMLII
MMMCDLXXII
MMC
3829
MMDXII
3814
47
MCLXXXV
CCXXIX
MXV
3755
1361
MMMDCCCLXVIII
865
MDCXCIV
1616
2957
3442
MMMDCCXLIII
3842
MDCCLI
2953
MMDCCLIX
1716
3580
MMDCLXXVI
MCCCXI
DCLXXX
1154
306
MMMDCCCIII
1506
2635
MDXV
1754
MMMXXXIV
3194
MMCDLXVII
CCXII
MMMLVI
3395
MMCXIV
MDCCCXXV
MDCCXCVII
3435
782
DCCXIV
50
XXVII
1384
CDV
MCCCXCIII
314
3894
MLXXXI
CDVII
2644
MDLII
826
MDXLV
MMCXI
CDLXX
MMCCCXXXIX
MMMDIII
1368
3475
2068
2662
1822
MMMDCCCXLVIII
MMMCMLXXXI
1697
CCCXXIII
MMCCCLVII
MMDCXCII
MMMCCXXVII
1638
MMDLXVIII
MDCLV
538
MMMDCCCLXXXIII
430
CDXXV
MCXCIV
315
MMCLXXXII
2446
MMDCCCXX
MDXVIII
411
MCCCI
MMMCXIV
1987
MDCLV
3762
MMMDCCXI
MMMDCLXXXII
2006
2096
1234
MMMLXXVIII
DCXCVI
MMCCLXXII
MMMDCCCL
886
2297
MMDCCIX
2847
LXVII
3417
1317
MMDIII
1080
2407
MMMCDXVIII
169
3447
MCCCXVII
1853
2411
1148
2114
MCMLVII
156
3077
2458
1862
419
MMMDCXXVI
1779
2759
2831
MCMLXX
MCXLVI
CMXXXVI
MMMCLXXXVI
MCMXCI
MMCXXXII
2867
236
2536
3085
3933
CVIII
921
353
MMDCCLXIII
3605
1231
DCCXCVII
878
MCDXLIX
DCCCXXV
DXVIII
MDCCLXV
MCCCLXXXIX
CCLXIII
MCCXXXII
1587
406
619
DCCXXXIV
3191
1425
MMCCXXIV
1175
MCMXIX
1344
MDCXL
MCMXLII
MMDCXCVIII
3071
MMMCMXCVI
MMMCXXX
1209
3678
3802
2127
550
MMCDXCVIII
1516
385
633
MMMDCXCI
LXXXVI
2969
MDXXXIV
1055
MMCLXXXI
MMCMII
MMMCDXIX
1013
1452
MMMDLXXVII
890
1203
CVII
MMMCDXCII
MMMCDLXIV
MMCDLXXXIV
3745
2813
MMCMXXXIV
MCDXIX
439
MCCXXIII
949
3094
1248
MMMCCCLII
MMMDLXVI
MMMCMLXXVIII
1078
MCCLXXXIII
3272
DCCXXVIII
MXCVIII
MMCDXIX
2813
2847
DCCCXXXIV
MMCCXCII
MMDCXIV
2932
MCCCIV
1826
291
3269
MXIV
MCMLXXIII
2768
MMMCMXXXIX
MMLXIII
MLIX
MMCMXXVIII
3804
447
2997
204
CLXXXIII
2578
2154
MMCMXL
2755
CCCXLIV
2135
3480
3758
3947
MCLXIV
2094
2611
418
708
MMMIII
1832
MCCLI
2075
2828
4
MLIII
MMCDLXII
3831
3456
MMMCCXX
DCCXL
706
3588
CDXV
231
MMCCIV
3798
686
1883
MMX
DLII
3627
7
DLXXXIV
CMLXXXVIII
DCCLXII
CXIX
MMXCIX
841
MCCCLVIII
MMCCCXXXI
2547
MCCCXCI
1669
2287
1157
154
2554
2451
CMLXIX
MMDCLXXXIV
2048
MMMDCCLXXIV
MMMDCCIII
MMMCCLXXII
CCCXX
MMMCCCXLVI
2681
2712
MMXCIX
1963
MMDCCXVI
MMMCCCIII
LXVII
3173
1725
DCLXXIV
MMMCDXXXIX
3532
2134
318
MMMCCLXVI
1432
MMDCCCXCVII
1752
1565
2080
MCCCX
827
MMMCCCIX
1023
2391
CLXXXV
MMMDCCV
2518
MMMXCII
2332
472
MMMCXIV
2977
MMMCCCXVIII
MMMDXVIII
MDCCLXXVI
MMCDXLIX
MMMCCXIV
1841
MMMDCCCLXI
MCCCXXXV
385
3582
1029
3547
MMMLIV
961
3131
1283
MMDLIV
DCCXXIV
DCCLXXXV
MMMDCCCLXXII
MMMDXXXII
2213
1401
398
358
MCXLIX
MMCDLXXXVI
MDCCCXX
2054
MMDCCCIII
MCXLI
3231
2445
3082
MMDCXXXV
3907
940
2848
MCLXXIX
1314
909
MMMDCCCLXIX
617
3476
CDXL
MMCMLXXV
MMMCMLXIII
816
3728
3271
MMMDCCXXII
3348
DCCLV
3112
173
1985
2302
429
MDCCXL
2697
MCCLXVI
MCMXXXII
3170
598
425
MDCCLXXVII
DCCCXX
1634
564
1888
MMXLIX
MDCCCLXXXII
DLXXXIV
CDXLIII
3774
MMCCLXIII
MMMDCXVI
MDCXCIV
941
753
2962
476
3172
2399
3788
DCLIII
MMMCLXIV
MMDCCCLXXXVI
3349
3206
MCMLX
2870
MMMCMXCVIII
1533
3943
1739
558
MMCDXXXVIII
MMDCCCXXVI
DCLXIV
1532
3915
MMCCCLXII
3153
MCXLIV
3755
3573
41
MMMCMLIX
3398
DCLXXXV
DVI
DCCCXC
CMXXVI
26
MMMCDXXVII
639
MMMCMVI
960
1412
1164
587
MMMXV
MMMDCLXXI
3175
DLXXXIX
322
CCXXXVIII
2993
MMMCCCLXXIII
1291
590
CMLXVI
MMMCMLXXXIV
3502
MMCLXVI
711
MCLXIX
DLXXXII
CLXIX
MMMCLXIV
MCCXXXVIII
DLXI
3599
2220
2147
2088
MMMCCIX
2407
MMDCCCXII
MMMCLXVII
1392
MMCMXIV
MDCCXLVII
2882
32
MLXXX
MMCXXXVII
3232
MMCMXXXIX
MMDCCCIII
MLIII
2989
MMMDCCCLXXIV
DXCVI
1448
3824
MMMCCLXXXIX
MMMLIII
3384
MMCMXLV
860
MMDCCCXL
466
MMMCDL
MDCCXXXVI
MMMLXIV
686
DCLXXVI
DCCCLXXV
LIX
3556
MMMCXCIX
2566
MMMDCCXXXIII
CMLVI
3579
3337
1488
MCCLV
CCLXIII
1653
1647
1488
3472
MCCLXXI
MMMDCCXXII
DCCCLXII
MMDCV
3769
MDLXVIII
CCCXLV
MMDXVIII
DCCXIX
MMMCXXXVI
MCCLXVII
1260
2349
MCCCVIII
3666
MCVI
MMCXVI
579
MDCCLIII
MMMXXVIII
2549
2911
MCDXXI
722
117
1470
762
440
CCXCI
833
1484
DXLV
2814
MMCDLIII
1565
2105
MDIV
MCLXI
2265
MMCCLVI
2809
1679
1814
3069
MMMDCCXXVI
MMMXXVIII
MCCXCIX
442
MMDCCCXXXVI
776
MMCCXVI
1821
MMMDCXCI
LVIII
1989
1293
CCCV
XXXIII
MMCMXVIII
1188
MD
364
1981
MMMCDXLVI
MCCCXLIII
128
MMCDXXVI
1432
2064
3077
MMMDCCLXIII
1501
2410
CDLXXVIII
2964
MMMDCCCXC
1513
DCCII
MMDXCV
2670
1029
3893
MMCXXII
MCLXVII
3032
1977
MMMDXXIII
1223
CLXXXVIII
1009
MDCCXXVI
1927
1420
1516
MMDCXV
568
MMI
MMDXIX
MMMDCLXXXVI
2587
MMMDCLXXXIX
258
2095
499
MDCCLVIII
979
2743
1888
MMMDXXXVII
179
CXX
DCI
3417
2048
1121
MMCLXX
2633
3232
1432
3455
1893
1583
CCLX
MMDCCCXCI
MMMDCCXLI
645
3037
CCCLXIX
2601
2819
1812
3887
2581
609
MDCCCLXXXVII
997
867
3769
769
CCCXL
MCDLXXXI
DCCCVII
128
DCCCXXVII
MMMDCCCLV
2160
MMMDCXLIV
MLXIV
MMDCCCXIV
1511
DCXLV
3969
DCX
28
MCMLXI
CCCLXXVIII
2257
3864
MMMCDLXVII
XCI
DCCLXII
CCLXXXVIII
CCCXXVI
2850
497
MMCCCLXXXIX
MMCDLXXXV
MMMCCXCI
MMCCCXIII
MCCLXXXVII
3291
CXLVII
MMMDCCCXXXIV
MCDXCVI
MCXXII
2494
MCCLI
1851
1560
MDXXXVII
3255
MMLIII
MMDLXVIII
800
2435
MMMCXXXIII
3814
1829
245
3990
MMCDLXXIII
635
2734
2536
3693
MDCCCLXXXIX
3548
1290
3370
MDCCCXXXI
199
MMMDCCII
2917
CCCXXXI
660
2037
3370
MMXXII
MMMCDLXXXVI
DCLVIII
DCCLXXXIII
2165
2431
XCV
28
842
MMDCCLVII
MMMDCL
1768
3052
3250
MMCCLXXI
2678
226
1138
2648
483
MMDCCXVIII
2169
MMMDCCCLXVII
537
MCXXIII
314
CXXVI
MMMDXIV
1635
CMLIX
1472
1366
MCXX
3257
CCXX
MMDCCCLXXI
MMDLXIII
MMCCLXXVIII
1221
MMCCLXXV
MDCCCXIX
DCXCVIII
MMMCDLXVIII
2129
784
MMMCMLXXXIV
3486
3259
165
MCVII
CDXLII
121
MMMXLVII
MCMLXVI
MMCDXXVI
3921
2643
CLXXXVI
MMMCCCLXXXI
MMCCXVI
375
1605
MDCCCLXVI
MMCCXXIII
MMMCMLXXXIX
3859
2809
MMMX
3411
MMCCCXVII
7
548
1977
2951
3832
CCCLXXXII
MCDLXX
MMDCLXII
MCCCXXII
2993
832
MCCCXXXIX
2735
2247
MCMXCV
MDCCCLXXVIII
3130
DCCCXXVI
108
MMCXLII
1796
1303
3405
CXXXI
MMCMXCVI
MMXXXV
MMDCCCXXIX
3018
3211
MDCCXCII
2607
1167
2446
1056
MCMXVII
MDCCLXXXII
2016
1636
2952
683
1671
CMLXXXI
MMMDCXLV
877
1804
3462
3669
2873
MMCMXX
MCMLVI
VI
MCXV
19
MMCMXIII
807
3800
2170
MCDLXXII
MMDXXXIX
MCDXXIV
MMCCXCV
274
MDCCXXXVIII
DCCCXCI
1320
MDXXXV
MMMDCXIII
MDLIX
475
CCXIV
2543
1338
3533
MMMCMLXIII
388
MDLVII
MMMDCCXI
3601
CCCXXIII
2871
2033
114
MMMCMXCI
MMMDCCCLII
2606
38
MMCCCXIII
CCXLVI
MMMXCIII
28
MMCCLIV
MMDCCCLXIV
2554
MMCMXLVIII
3245
2186
MDXLVI
DCCLXI
3104
1312
3977
3044
15
MMMC
3068
541
MMII
DCLXXXIV
MDCCCXIII
2084
MLVI
3014
1980
3612
1697
3155
MMCCCLXXVIII
MMMCDLXXIV
MMMCLIII
359
258
2624
MMDLXXXVIII
2905
MCMLIV
DCCCLXXIII
979
CCXLVII
MCCXLI
MDXCVII
MMDCCCLXXIII
CDXL
3940
MMXCIX
MMDLXXX
DCCI
MDCCXCVIII
DXCIV
DCCCXVII
MDXVII
3762
DCCCXXXVI
MDCLXXVII
MMMCCCXCVIII
MLXXVII
915
2982
1160
2394
MDCXXXIII
MMCDLXXXIX
DXXVII
237
2152
MMMCMLXXIX
MDCXXXV
6
458
MDCCCXCV
DCCLX
1253
3133
MMMCMXLVII
639
MMMCCCXCVIII
1569
CDXCIX
18
MMMCCCLVI
2903
CCCIV
CDXXVI
3819
MDLXXXVIII
1131
MDLXII
151
CMXXIII
MMMCCCXXVII
MMCDLXXIII
42
2250
1485
1719
1579
2196
MCXXIII
MD
MM
1487
1771
MCCLXXXII
CMLX
MCCI
MMCCCXCIV
MCXLV
3313
56
2852
664
MMMCMXXI
MMMDCXXVIII
3098
2342
1934
3237
MDCCCXCIII
3447
CXXXV
MMMXC
1183
MMVIII
MMMCMLXXXVII
103
2692
225
MMMCCCXXVIII
1505
1396
2425
3285
CLVII
3887
2452
107
CXX
3751
2932
719
MDCCCLXXXV
MMMDCCCLII
MMMCDXCV
MMCVIII
617
MMMDCCCLXV
3454
2357
1322
350
3092
MMXXXV
CDIII
MMMDCXCIII
MCCLXXV
DCCCII
DXXIX
820
CMXXXIV
MMD
65
MCCCIV
MMMCCLXVI
MMCDXL
2567
3360
16
2543
3091
MCLXXVIII
2549
2026
MMMDCCCXII
CII
281
3072
2300
DLXVI
3447
MMMCLVIII
MCXL
3128
MCMLXXXVII
371
MMMCMXL
3561
3264
2111
2813
1163
3014
299
3008
MDCCXXIII
MMMDLXXXVIII
187
1123
MMMDCCCXXIV
MMCCCLXX
1257
CMXXXIX
595
1112
2813
929
MDLXXI
2262
3338
692
MMCMLXXXIII
MMMDLXVI
271
2218
MMMCMXXXVIII
2353
2534
MMMCCXLVIII
MDXXXV
CCCLXXXIV
437
MMMCDLVI
3521
MCDXCIV
3767
1415
MMCCXVII
1259
2166
712
1957
CDXXXVIII
3354
166
1675
1154
2872
1937
CMXII
1051
2511
3650
3230
MMMDCCXXX
DCCLV
MCMLXXXVI
DXXXIV
3206
633
1394
MMCDLIV
CDXXVIII
659
1519
2441
MMCMLXXIX
MDCCXVIII
1228
MMMCDXLII
CCCLXXXI
1517
3870
1385
MMDCXLII
MMMCXXXII
CCLXVII
DCXXXI
MMCMXVII
DLXII
3202
2604
XXIX
MMDCCCXI
2945
MMCDLIX
3333
CXL
MMMDCL
1799
3308
2835
MMCCCLIV
2140
2885
MMMCCCXXII
2377
3581
CCCXXXIV
MCCCXLVI
3161
CDXLVIII
1882
MMDCCCXXXVI
MCCCXLVIII
DCXXII
360
MMDCCCLXXXVII
1048
1423
113
DXXXII
CCCLI
MMDXII
MMMDCCXCI
MMDLV
53
2503
DCCXIII
192
CDX
MCMLXVII
140
1509
MMMDCLIII
2853
1397
CDLVI
70
DLXII
MMMCDI
MIII
2531
2156
MMMCCXLV
MMMXXVIII
MMMCCCLXXXIX
1100
DCLXXI
774
MDCCXXIX
MCXXIV
MMMDCL
862
XXIX
200
2536
DXCIV
2208
524
3204
1175
MMMCXC
2811
DCXCIII
LXVIII
2378
CXIV
DCXLIX
XXVIII
3146
1147
MMCDIII
MMDCCXLIX
MMDCCXX
MXVII
MDCCLXX
MCCLXXIX
2558
CCLIII
1192
MMCCLXXXVIII
2012
MMMCDXLII
122
DXXXI
MCMXXXIX
MMMCDXXI
1762
MCCCXII
MMMDLXXIV
MMMDCXVIII
MMCCXXIII
MMCLVIII
MMDCCCXIII
MCCCLXVI
1300
MCLXXXI
MMMDXXV
MMCDLV
2846
302
MMMCIII
1256
CMLXXXVII
3104
MDCCCXLIV
MCCCLXXVIII
1345
46
DXXIII
1091
1586
MMMCCCXCIX
1382
289
MMMDVI
MDCCXLIII
2747
MMDCCCL
MMMCDXCV
3267
2300
1531
DLXXIII
3227
1827
MMDCLXXXII
1022
MMCCLI
2328
3006
CCCLXXXII
DXCVI
804
DCCLXXVI
MCLXXXII
1314
CCXXIII
3621
1840
MMMDXXVIII
826
1865
MCXXV
167
MCDLX
MDCXXXVIII
MCDII
MMCDLV
3156
2726
MMDCCXLV
MCDXCIX
3131
MMDCCLXXXVI
1000
CCCLIV
MDLXXXV
1818
3220
3967
3811
408
3948
CMXXIV
CMXXVII
1084
1998
3908
1522
MMMCDXXII
DCCXLVI
MMCMXXIII
MDCXXXIV
CMLXVII
3312
MCCXL
1577
MMMCMLXIV
3567
1609
3565
MMMDXCV
92
MMDXLII
3223
MMMCCXXXIV
639
1390
DCCXXXVII
MMMDCXLV
1703
1920
3063
MCCCXXXVII
DCLXII
3559
490
MMDCXIX
MMCMLXXXI
3043
MMDCXXIII
MMXXXIX
MMDCCLXI
3925
2828
MMMLVIII
832
900
MDXIV
MMMDXXXIX
3507
1092
3574
MCCCLIX
273
782
3846
1566
CLXV
MMCCXXXIX
1556
2017
3821
MMMCCLX
3867
366
MMDLXXX
2068
CMLV
3801
MMMLVII
MMCLXIV
LXXVIII
CCXIV
MMMCMXXXVII
MDCLXV
MMCCCLXXXII
469
3131
MCCCLXII
184
MMDCCLXXXIII
CMVI
3782
CXLVIII
783
734
1109
MDCCLV
305
MCDI
MMMDCLIII
MLXXVII
MMDCLXXXVII
2310
633
2386
MMMDCCCXIX
MDCCCLXXVIII
2993
MMDCLX
CMLVII
2524
2315
MMMDCXXI
MMCLIII
3634
1893
MDCCCLIV
MMCDXIV
MDCXXXVIII
3966
MCXXXI
571
MMMDCCXXXVI
MDCCCXLV
2146
2253
MMCLXXXV
CDLXXI
MMMDXXXVII
2733
3412
1805
856
3461
2767
581
MMMXXII
3974
3478
141
MCCCXLII
MCCCXXIII
CCXVIII
DCXV
2913
DCCCLXXX
MMCDXCII
MMCCXVII
2772
MMDLXXIV
643
MDCLVIII
XL
CCXLI
MDCLVI
MCCLII
1324
MDCCXCVI
2337
1436
MMLXXVI
2969
3110
3517
1640
1053
MCMLXXXIX
MCCXXXVIII
MMDCCLX
944
MDXV
CDXXXI
MMCDL
3621
MMCXCVI
MMCCCXXVI
MMMCD
2188
MMMCCIII
2833
2710
CCXLV
3340
DCCCXXV
74
MCXCVIII
3459
1506
494
DCXLVII
DCCCLXIX
DLXXX
3454
1936
843
1678
MMMCCXXI
MMDCCXL
CCCLXXXIV
MMMCCXV
MMMDLXVII
3944
CMXLII
MMDCCLII
MMCMI
2485
270
3296
1899
1813
3716
MMMLXVI
MMCCLXXVI
MDCCCLIX
MCMXLVIII
CCCLXIX
1048
DCXIV
2658
3363
1440
3177
CCLXXII
797
MMMCCCXL
415
MMMDCLXXI
MMDCXXXV
3998
MMCCXCVII
3435
MMCCCXI
3914
CLXXXVIII
2341
MMCMXXXI
2186
312
MCXCIII
1900
1772
MMDCCXXX
XVII
CCL
3126
MDCCCXL
3056
MCMXLII
DLXVIII
3314
3109
728
MMMCCCXCIII
MMCMVII
2245
1471
MDCCCLXXXVI
3336
288
MMCDLXXIII
3331
MCXXIX
DXCVII
MMMCCXV
MMDCCXVI
2239
MMDCLXXVII
1964
3055
MCXXXIX
MMDCCCXLVIII
MCLIX
549
MMDXXXIII
CDLXXX
2232
MMCCCXXII
MMXXXVIII
968
MMMC
CMXVI
MDCCCLXXI
MMMLXXX
1257
448
MMCXXX
1746
CCCLXXVII
2439
MMDXXXI
3784
CCLVIII
MCLXXXVII
515
MMMDXIX
1685
3322
MMCDL
2562
MMMDCCCLXXXII
MDCXX
883
MMCDXXX
MMCCCLXV
MMDCCC
1394
MCDXV
1024
CDXI
1927
3899
3716
3671
3397
1682
944
3447
214
128
MIV
1209
3329
MMCDLVII
922
321
1764
MMMCMLXXVI
1203
1737
490
2004
2044
2384
MCLXIII
MMDCCCXCV
2835
MMLII
MCMV
MMMCMXXXVII
444
3045
MMCCVI
CDXIII
MMMCXCVII
MCMLXVI
2593
MMDCXXXII
LXVI
MMMCMXXXIV
78
2845
3176
2180
MMMCCLXXXVIII
MMMDCLXII
567
714
MMMDXXXIII
1320
MMCDLXXXIV
31
MMDXLV
MCCLXXVII
MCCLIII
452
CCCXXXIV
3394
MCII
CMLXXXVIII
2366
1189
MCXVI
1840
2082
23
231
MMMDCCCLXXIX
CCCLXXI
3066
MLXXVI
MDCCCV
MMMCCCLIII
3938
1969
2558
LXXXIV
1197
1655
3206
3972
MMMCCCXXIV
1748
3825
275
DCCCLIII
MMMDCCCLX
MDXXXV
720
DIX
3190
MMCMLI
MDCXLVI
439
1068
3736
3610
1027
MXXVII
261
2017
1920
MMMCXI
MMCXXXII
MX
276
3847
MDLXX
224
MMMCLII
2183
CCXXX
CCCXXXI
MDXXXV
MMMCDLX
2332
1138
MMLIII
2039
140
MMCCXXV
MDCCCXCVIII
1336
MLXXXV
MMDXX
DCCXLVI
1096
MDXCIX
3951
2592
2019
VII
MCLXXVIII
2203
1048
MMCCCVII
MMDCCXCI
LV
3775
MMDLXV
MCMLXV
2516
MXVIII
2801
DCCCLXIII
DCCCLXXXV
1380
2065
MMMDXXXIX
MMDCXXII
MMMCCXCV
MMMCXCIV
MMDCXCV
2947
3983
3975
3425
174
3673
2831
CMXLI
MDXXXVIII
2443
2250
DCCCXII
MMMCCCLXVII
2897
157
1825
3312
MMDCCXXI
MMCCLXXIX
MMDCLXXX
MMDL
MMLIII
1901
1107
1567
587
CCXXIV
3496
3260
MMMDLXIII
MMCCXXXVIII
2864
2913
CLXVIII
MMDCCCXCVIII
MDL
339
672
3851
553
3877
1087
3611
MMMDCCLVI
1015
MMDCCCLXXXV
MMMDCXCIV
CLXVIII
1156
2120
MMDCCCXXXI
488
MCCLXX
MMCCXXIII
MDLXXXVII
MMCXXXII
3679
1819
XCIX
3534
2880
MMMI
MMMCMIII
MMCDXVIII
2457
3991
2495
MMCCCXLV
169
2911
643
1118
CMLXXIV
837
1402
2274
3990
3701
2289
MMDXLVI
3280
1072
2149
73
3719
3319
2462
MMMDLXXXV
2246
642
2959
DCXXXVIII
1382
MMDXXI
CCCLXVIII
1530
2009
MMMDCLXV
MLI
DXIV
MML
MXCIV
MMMCCLXXXVIII
2242
MMCMXI
172
XXI
MCDXCVIII
218
1014
MCMXXV
MMMCCCLIII
1143
MDCCXLIX
1582
MDCXCII
607
MDCCCXLVIII
2598
1518
294
MMMCCXLIV
3121
MDLII
DCCCLXXXVII
MMCCLXVI
830
2535
3928
MMDXVIII
803
3025
MMCCCLXIX
MDCCXXXII
DCCXCIII
3666
3320
MIV
2237
2916
MMCCLXX
2351
CCCXVI
MMMDCXCIX
MMMCCLXVI
1131
MMMCMLXXIV
MMCXXXVI
2832
MMVII
CCXLV
MMMCLXXX
MMCMXCV
MCLXXXII
MCCCXLII
DCVII
2893
3161
1382
2449
963
MMCDXVIII
DCCCXVII
MDCXXXII
MMMCIII
MMDCCXIII
1569
CCCXXXVI
MMMDCCLXXXIII
3243
DCLXXXVIII
MCCCXCVI
1529
MMMCMLXXXVII
MMMCDLXXXII
MMCCCXC
584
2162
328
MMMCMXV
DCXCIV
1920
938
432
1913
1125
105
3377
DCCCLI
2464
2282
MMMDCCXXXIII
MMDXXVI
2611
MMMCDXC
1658
DCCCXI
MMMCCXXVIII
2311
MMLXXVIII
3075
1671
MMCDXLV
MMMCLXXXIX
1816
536
MMDCXXXI
MMCCCLVII
MMMDXLIX
LXXV
1643
MCMLX
1478
MMMDCCCXCVI
3309
MMDCCXLV
3313
CMLXVI
2702
MCCCLVI
DXXII
1646
1851
CMLXI
MCCXCII
CLXXXII
1635
CCCXXI
1373
2238
MCLXXVII
CXXX
CDXCVI
MMDXXVI
MMDCXXXV
CDXLVIII
2439
3884
2351
MMCDLXXX
1907
MMMDCLXXXVI
3800
MMCMLIX
803
LII
DXXXVIII
MMXCVI
3710
3752
MMCCXXIII
1357
293
115
3193
MMMXLVI
MMMDLXXXVIII
3958
MMMDCCLXXXIV
1869
3322
MCDLXXIX
MMMCCLXII
3752
CXLII
MDCCCLXXVIII
61
313
3617
1528
3828
1637
399
2814
MXXXIX
2507
MMMCMLXVI
3214
MXCIII
MMDCCXXVI
CCXXXII
MMCCXLIV
2274
CXXVIII
2068
MMDCCCLXII
MMMCMXXV
2898
1819
3355
MMMCXL
323
3707
CCXXIII
LXVII
3246
MMMXIX
1536
MMMDCCXXXIX
DLXXXIX
MMDCCCXIX
2900
1010
MMDCCCLIX
3396
2399
MMMDLX
MMCLXII
MMCCLXIV
MMMCMLXIX
MMCCCXXVII
3500
CCLXXIII
MMMLXXXVII
919
825
419
1670
1010
1721
2201
565
MCMV
MMMCCLXX
LXXIII
MMMDLXXVI
CCCLV
CMXL
CCXCI
DCLXXXIII
MMDCCCLVIII
DCCCLXXV
MCDXCVI
MDCCCXCV
CCCLXVI
3641
831
MDCCCLXIV
1569
329
DCCCIV
1784
3309
526
2704
497
827
DCCLXXIII
1062
78
MDCCXIII
XXXII
MMMCLXXVII
MMMCCXXIII
190
413
2763
1675
2885
MXXIII
720
MCCXXIV
MCMXLVIII
MMDCLV
MMCCCXC
MCLXXXVII
910
MMMCCCXVIII
896
MMDLXXVIII
2845
MMMCCCXCVIII
MMDCLXVI
1064
3575
2417
MMDCLXXXIV
MCCL
3925
MMMXXXII
CMXXVIII
MCMXXXVIII
720
589
MMCDXXXIII
MCMLVIII
DCCIV
850
1483
MMMVI
1136
MCDLXXX
2470
867
2960
2372
3707
MMMDCCXVII
1601
1199
1045
174
MMDLXXXVIII
MDLXXVII
MDXXXIX
MDCCLXXV
1715
MMMDXCVIII
MMMCXCV
MMDCCCXLIX
2246
DCXXXI
664
MCCXLIX
MMMCDLXXXV
MDCCCLXXII
DCXXXIV
1422
2794
MMMCCLXXXV
MCCXXXVI
DXL
CCLXI
1206
CLXXXV
2068
2050
MMMCDXCV
2057
1395
2439
MDCCCLXXIII
MMCLXXXVIII
2490
CXXXVII
CDLXXXII
MMCDXXXVIII
3554
2532
1206
3205
3303
208
2664
MMMDCCCXXXI
1292
LVII
MCCCLXVI
CCLXVII
MMDCXCII
MMDXC
1059
MMMCLXXIV
MMDCCCXLIV
3091
808
2303
1945
MDCVI
3426
516
DCCCLXXIII
711
MMMDCCLXXXII
1435
MMMDLXXVII
275
3104
MMLXVI
1529
CLXI
495
DCLXXX
MMCCCXXIII
3713
CDLXXXI
1583
MMMCCCLXXI
MCDXXXIV
MMCLXV
MDCLXIII
MDCCCXXXVI
MMMCMXXVII
MMMDXIV
907
1454
2651
MMMDXCV
3381
299
MMMCXIX
MMDCCLXXXIX
MCMLXXII
MMDCCLXXIX
MMMCMLXXXVII
MCDXXXVIII
952
MMMCMLXXXIII
72
807
MMDCXIX
DCCCXLIII
1651
2580
2054
DCLXXXV
549
MMMDCXLII
2789
MMDLXXI
CCLXXXIII
3491
3655
2732
MCMXL
216
CXIX
2608
MMCXCVIII
3449
MMCCCVI
722
1337
2502
2410
MMDCCLXXXIII
MMMCCCXIV
MMDX
2480
3882
MMMCLXIV
MMDCIII
MMDCLXV
DCCLXXVII
3947
DCCCLXXXIII
MDXXV
2931
MMMDCCCXIII
2619
MMMDCXXV
3854
MMMCCXXIV
2550
3202
1415
1187
MMMDCCCLXVII
2156
MMMCMXXXII
1655
CDLIV
MMMDCLXXX
2860
MDCCCLVI
DCXXVI
MCMLI
502
2809
MCDLVIII
MMMCCCXLVII
CCXIV
891
3874
2231
MCCCI
MMMLXXXIII
2861
DCXCIX
3952
MMMCXLIII
MMMDCCCLXII
CCXLV
2139
MDCCCXXI
3523
CXV
MMMCCCLXVIII
1979
2481
MCDLXXXI
MCDIV
2436
CDLIV
1543
MMMDCCXCVI
MMDCCLXV
1516
3418
DXVIII
3410
DCCLVIII
2029
3103
CMXIV
3610
MMMCDXLVII
1709
CDLXIV
MDLXXIX
1846
MMMDCCCIII
3081
MMMDCII
2029
3571
2909
390
1160
MMMCCLVI
2197
MMMCLXII
2770
MMMCDLXIII
MCLVI
867
CCCXCVI
2294
3417
MDXCI
MMDLXXX
MMMDCLX
DL
DCCXXXV
CDLXXXVIII
3363
MMDCCCLXIII
3970
1389
3452
3509
1862
3638
1629
886
MMMDCCCLXII
MXVI
1817
MMXLVIII
3375
2120
1939
MDLXXXV
3957
114
MMDCCXXVII
MMDXXV
DCCCXXXV
MMXXX
2951
MMDCCCLXXXI
MCCCLXXX
CDXXXVIII
1271
1355
MMDLXXIII
2426
2315
3369
1104
MMCLXVIII
1832
MDCXVI
3068
2349
1821
520
MDCCCX
2804
MMCDIX
2176
1715
3909
MMDCCCLVI
293
2927
1405
1118
1024
1735
MMDCL
MMCDXVI
MCCXXII
MDCCCXLV
DV
MDLXV
MMDXXXVII
MXXVI
CCCXXV
MMMDCCLXI
MCM
112
1884
MDCCCXIV
MMMDXXVII
1951
30
2998
MMMDCCV
1388
MDCXIII
1151
MCCCXII
MMDCCLXVI
3597
CCCXXVII
CCLXXVIII
1414
2507
MDCII
MMLII
3398
1800
CXIV
2336
473
1713
MCCLXXIV
1876
1154
MMCXIII
MMCCCLVII
2791
1536
660
CMI
3208
MMDCXVI
2357
3800
2436
2077
3457
MMDCXXXVI
MDCCCLXXXV
MDCCLVI
DCCCLXII
3842
2412
MMMCCXC
1330
2492
MMDLXXVIII
MMMDCLXXIII
MMDCCCXV
2441
3839
MCCV
MDCCLXXIV
MMCXVIII
924
MMMCMLXXXIV
MDCCLXI
1595
MDXCIV
3952
3321
MDCCLV
MMMCMXXXIII
3277
MDCCCXCII
1568
MMMDCXLVI
1758
MDCCCXLV
216
1816
MMDVIII
423
MMMDCCCXCIV
CCCXVI
3431
2408
MCDXXIII
1608
1922
MDXCVII
1008
MMMXXXV
2863
3741
3209
1907
2367
MMDCCLXXXVI
536
CCCLII
1448
CMXXXVI
MMDCCCXII
2165
944
MMDCXXXVIII
1281
2552
DCLVII
MCXXII
3686
3730
MMDLXXXVI
1341
1533
MCMIII
MCMLIV
MDLXXXVIII
CDLXIX
MCDXXXIV
2525
2362
MMXXX
3049
117
MDCCXCVII
2313
2619
2969
III
MMMCMLXXX
1669
3618
2210
MDCCXXVIII
2943
1583
MDCLXXIX
2324
3884
2271
MDCLXXX
1865
MDCLXII
DLIII
1070
3709
2877
XIX
MMDLIX
DCCXVI
3589
MMCCXVII
MCCLXXXVIII
MMCLXXXVI
550
MCLXXIV
VIII
MLXVIII
3565
3653
MMMDCXV
2645
2352
574
MMDCCCXLII
MMMDCCVII
685
MMDCCLXXXVIII
3398
MCMLXXIII
3489
MDCCX
58
MMX
3159
MXLIX
MMCXLIX
1699
MMDCXCII
2218
1421
CCLXXVII
MMCMXIX
1656
CMXV
2999
MMCDVII
1989
MMMCXXV
3391
DCCXXX
2470
1851
3384
MDCXXII
3115
3576
721
799
2847
171
3061
MCCIX
2209
1130
MMLXXXVIII
3011
301
MMCCXXIII
M
MMCCXXXVII
MMMDXC
2930
DXVI
3644
979
MCCLXVIII
MMDCV
MDCXCVIII
MCLXXXIII
MCMLX
MDCCCXL
1024
MDCCCLXXXVI
MMMDCCXXXV
MMMCX
MMDCCCLXIX
1998
MMMDLXXV
2536
2933
1278
MMCMXXVIII
2216
MMMDCXLV
251
MMCIX
3642
CLXVI
DXLVIII
3949
3492
CMXI
CMXVI
MMCMVIII
MMMCDLXXXVI
CXCIV
3047
1780
2841
MMMCCXXXV
1046
82
903
113
1180
3056
1852
DCCCXXXVI
MMCDXCIX
MMDCLXXVII
MMLII
1738
MCCCLXXI
1353
LXVI
76
385
964
2082
869
MMMDCCLXXXIII
3823
1235
2625
MVII
3592
MMCXVIII
1132
1232
MMCCCXCII
MMMDCCLXXXIX
CMII
MMCCCLXXXVIII
3374
CDXCIV
MMMDCCCLXXII
CCXXII
MMMCMXCVIII
2327
MMMCCCLXXXVII
2510
3659
3632
MMDCCXL
605
MDCCXCVIII
948
1680
517
2764
2520
MCDXXI
MMMCCCLXIX
MMMCDLXXI
MMMCCCXL
MDCCXVI
2693
DCX
3968
621
MDCCXXXIX
342
MMMLXXXI
MMMDCXCVII
CCXXIII
506
MCMXXI
MDCCLVII
MMXXXVI
2889
3661
MCMXLI
MMMCLXXXIII
MMMCLXXIV
MDCCXX
1506
MMMC
453
MMMCCXLIV
MMXXVII
MMMDLXVII
3318
528
937
1311
MDCCXLVIII
MCLXVI
MMDCCXXI
714
DCCLXII
DCXXVIII
2
MCCCXC
533
880
CDXX
3410
CIX
111
MMDCLXX
MMMCCCLIX
2421
2964
MMCVI
3799
MMDLXIII
MMMDXXIX
MMMCDXXXIV
272
2962
MCDLXIII
MMMDCXXI
MCXLIII
3461
MMCMLXXV
2891
MMMDXXIV
MMMCCXCIII
MMCCCLXXXVIII
MMMDCCCXCVII
2852
MCMLXXV
CDXIII
MMCMIX
MMDCCCXXVI
974
1919
MMMCMXXII
3985
MMCXXIV
MMCMLXVIII
CMX
MMMDLXXXIV
2506
MMDCCLV
2942
3321
838
DXLII
1718
2789
MCCXLVII
MDCXIV
1791
MMCCCIV
2210
MMCDLXI
3516
MMDCCLXXV
3710
DCCLXVII
2566
MDXLV
XIX
MMCXCIV
675
3043
MMMCMXXXVIII
3576
3855
1194
MMMCXXXIX
80
3734
231
1980
MMCMXXIX
MDCCLXXXVI
MCCCLXXVII
MDCCXXXI
MMMDCCCXLI
103
3
MCCCXCIV
MMMDCCLXXXIII
3300
88
2070
2614
210
1069
MCCCLXIII
3065
CCLXXII
MCXXXIII
MMCDVII
859
1763
1827
MMMCDXIX
MDCCCLIV
MMMCDXVIII
386
669
1705
1167
MMCIX
MDCCCLXXXIII
1929
MCCXXX
3849
1093
1300
2946
MMMDLVIII
MMDCCCLII
CLXXVII
2159
MMDLXXIII
MDXXXVI
MMCCCXCI
MMCLXXIV
MCCCLXXVIII
MMMCCCXCIV
1655
852
2224
MMMDCCCLIII
MCDXLVII
3351
MMMCDVIII
1544
343
CCV
MMMDCLXXXV
2011
MMMDX
MMCXXXII
MCCCLXXIV
1003
MMCDLXVII
MMCDLXXVIII
MMMV
MMD
MCMXXII
2009
2281
MMCDLXIV
CMI
3923
MDCCXIII
2796
MCMXXXIV
MCMXXIV
2743
MMMXLIV
MCCCXCVI
MML
391
2345
MMMDCCCIII
MMMDCCCLXXXVIII
MMMDCLVII
DLXIV
MMMCXXXVII
2953
MCDXIV
MMCMLXVI
CMXVI
2676
207
229
134
1416
MDCCLXIX
CDLXXVII
MMMCMXXXIX
MMDCCVII
MCDXXIII
3310
3716
2911
MCMVII
1956
MCXCIX
MMMCXLII
3911
358
MMCCXXIX
2565
CCLXXVIII
1262
3416
472
3856
MMCDIX
3326
743
3133
MMMCCCXXX
MMMCCXXXII
1117
2810
2484
MCCXLIII
MMMCDXLV
MMC
3331
3608
MXLV
MMCCLXXXI
572
CCXXX
2929
2004
808
82
MMMCDXLVIII
702
MMMDCCXCVII
MMCCCIX
MCMX
DCCXLVI
MMMLXXV
2117
2018
3497
181
MMMCCXXXI
150
1370
MMMCDII
MMMLXVII
MXX
DCLXXIV
782
2432
390
3950
28
2676
MDCCLXXXIX
MMMCMXXV
3511
1096
MMXIV
447
1298
1557
MDCXXI
2917
1470
MMCMXXXV
MMMDCXVIII
1755
MMMDLXXXVII
3456
MMMLII
MCMLIX
MDCCCXXVII
3610
338
MDLXXXIV
MMCCCLXXII
1264
3400
2760
386
2872
DXLVI
862
CMXCV
2900
MMMDCXCII
2568
229
CCCLVIII
1219
2609
126
MCCLI
1712
MMCLIII
MMMCMLXXVII
MMMDCCCLXIX
MDVII
2120
3353
CXX
MMMDCLXXII
3625
2100
CMXXXIII
MMDCCCXLII
1471
MMDCCCLXVIII
390
DCCCXCV
2062
DCCVII
2290
996
DCXXVI
1890
3310
2395
MMMCCIII
CCCLXXXII
CMXCIX
3577
743
1022
MLXIII
MMDCLXXXIII
3830
1471
1880
DLXXVII
3696
MMDLXIII
MMCDLVII
MDIV
2590
DCCII
3343
MMDCCCLXXVII
MDCLII
3680
3269
MMCDXII
MCMXXVII
1972
2705
2669
MMMCCXVIII
1157
470
MMMLVIII
2352
MMMCMVI
103
61
LXXX
704
MMMDCCVIII
MDCLXX
MCCCLXIX
3983
MLXIV
MMCDXLV
3783
DCXLIX
2297
2583
456
MMMDCCCII
MDCXCII
MMCXXII
2727
CMXCIX
MXX
3904
3663
CCX
MMDCCXX
XLIV
MMMCDLXXIII
1513
591
DCXI
MMCMLXIII
MMMCMLXXI
1013
DCCCLXIX
674
1105
147
1744
3194
214
MDCCCXXXIV
MMDLXXXIV
1112
MCCCXIX
1009
2606
872
MMDCVII
MMDCCXLIV
3458
2518
3498
DLXXVIII
670
MMDCCCLXXVIII
MDCCLXXXIV
MMMDCXCIV
MDLXIX
112
152
CMXXX
2282
MMMDCLXV
3352
MMMDCCLXVIII
3925
1380
MDCCCXII
1526
3372
MMDXVI
3368
MMMCDXII
MMMDCCII
MCDXXXIX
MMMDCCCLII
DCXLIII
MMCML
DLVI
MDCXLIII
MMMCMVI
89
1696
MCCLXXVI
MDCCXIII
3234
MDCLXXXVII
MMMCVIII
CCCLXIV
DCCLXXVIII
855
MMMCMXLVII
MMMCMVI
1648
XCVIII
512
2754
1966
2636
1993
MMMCCXXVI
1740
MMDXLV
MMMCDLXXVI
MMMLIII
2209
MMDLXXXII
3308
399
MCCXLVII
3823
2246
2896
1196
3024
DLXXVIII
DCXLVIII
2011
408
MDCXX
2138
353
547
2565
73
3343
MDLXII
3373
MMCDXLIII
2134
586
MCCV
MCCIX
MMMCXXXVIII
1222
933
MMCCCVI
MMMCMLXVI
MMDXXXVII
DCXLII
1645
MDCCCLII
2885
MMMDCCCLXXXVI
MMLXVIII
2293
CCXI
MMMDCLXXI
825
2171
2581
377
MMVII
MMMDCXXVIII
733
2800
1319
MLVI
3173
46
3300
MMMCCXLV
1569
MDCLV
3380
CLX
CDLXXXVIII
MMMDCLXX
2077
MMMDCLI
MMCMXXVI
3528
2424
MCXXX
439
1069
MCCCXVIII
XXIX
XL
MMDCXXXII
3081
554
3836
279
1469
2436
1796
MMMDXX
1408
CCXXIX
MCDXLII
MMCMLXXVII
280
CDXXV
MMMCCLXVIII
2144
2143
MMCLII
MMCMXIX
MMDCCLXXXIII
DLXXXVI
2696
MDCCVI
955
3931
MMDCX
3553
477
702
DCCLXXVI
1404
1752
1341
2412
MCCLIV
1911
CDXCVII
3874
CXCVII
1445
DCCLXXIII
2249
XLIX
1977
MMCCLXXXVII
3465
2102
724
1065
1761
MMMDCXCVII
429
MMCDL
MDCCLXXXI
2065
1562
MMDCCCLXV
957
MCCLXXVII
3557
CXL
2205
26
2914
CCXXXVII
3341
MMMCXXXII
1875
2306
MMDLXXVI
2526
MMDCCCII
MMCDXLIV
CDLXXX
MMCDXXXVIII
MCCCXVII
MMCCXLVIII
118
MMMDCCXVIII
2527
594
MMMDCCIII
DCCXCII
2582
2750
658
3988
2419
2588
2196
MCLVI
841
DLIX
196
CCCLII
3600
MMMCMLXXXVII
1452
CCCX
1280
3151
1429
MMMCXXXIV
MCCCLIV
1023
MMMCCXVI
988
MMMDCCC
MMCXVIII
3235
MDCCCXXXIV
MMCCXLII
2639
MMDCCCXLVI
MCMLI
963
1209
MMDLXXVIII
607
MCDLIII
MCLXXVII
3889
800
166
MMMDCCXLVI
1364
3270
CCCXXXVII
CDXI
2091
1653
1433
CCLXIII
1704
MMCCLXII
DXXXIX
DCCCLXXXII
MMCCLXVII
MMCDLXXII
DCLX
850
MMMDCXIV
MMMCCLXVI
232
MDCCXXXVIII
541
MMCCCXXXVI
1442
1002
DCCCXXXIX
MMCCL
1108
2041
949
MMCDXXXVIII
MMCLIII
3953
3558
3998
MMMCDLXXVIII
1128
MMCCCXCIV
MMLXVI
644
2109
3833
3474
MMCMLXXII
2864
1832
DLXXXVI
215
MMDCCCLXXXVI
MCMLXXVI
1319
1444
3357
473
CLXXXI
MMMCCCVI
3659
CLI
MMDCCCXXXVIII
1705
MMCCIII
1943
MMCMLXII
MMMDCXIX
2948
3963
MMIV
MMMDCCCXLV
2567
3089
1751
MMCCCXXXI
2306
MMMCCXXVII
CD
DCCCLXXIII
880
DCCCXXVIII
575
1518
MMMDCXIV
3728
MMMDCCLIX
1858
3284
1417
105
3341
748
2746
MMMCMLIX
MMMDCCXXXIII
3614
DCCCXXII
3186
3252
MMCMXXXI
2881
CDXXVII
13
1945
MDCCXXII
3770
3637
MCCCXXXV
2317
2455
579
DLXXIX
MDLXXI
MMML
DCXV
3510
3385
2627
3005
3547
888
CCXXXVIII
2578
DLXIII
2844
111
DCCXIX
MMCCCXVI
3618
DCCCXLVIII
3703
MDCCXXX
2084
CXXXI
MCCXXXV
MDCCCLXXXVIII
MDCXXXIII
2022
3236
3197
1866
MMMDCXCIX
3207
2315
3570
3287
1364
MMCMXXXVIII
MMMDCLII
3233
MCMXXXIII
MCMLII
3275
2806
416
3518
MMMDCCC
580
MCCXC
2770
2152
1890
CCCXXX
DCCLXXXII
3671
MDCLVIII
MMDCXXIX
MMDCCCLXXIII
MMMDCCLXXII
MCCCXLI
2158
MMCMX
2952
DCCCLXIX
CCLII
3806
3062
MMDXCVIII
MLX
DCLXXVI
MMDCCCLXVI
1059
MMCDXLIV
2389
MMCLXXVIII
1415
MMCMXXX
CXCVII
1884
266
MCMLVI
MCMXXXIII
MDLVIII
3606
MMMCMXXIX
921
2565
LXXIV
2178
3212
CDIV
524
341
MMDCXXXVII
MCDXC
2674
MDCXXIII
MMMCLXXXIII
MMDCCLXXXIX
MMMCCXCI
MMMCXXXII
CCXLIX
1576
3662
1663
MMCMLV
CDXXXV
1964
2471
MMCDI
MMMCDLXVII
176
1891
2513
MMMVIII
1777
3913
217
MCMLXI
V
266
MCCXCI
MCLVI
MDCCCXXV
301
MMMDCXXII
3744
3535
1970
592
3618
CDVII
1437
2960
DCXII
MLXXXIV
1691
3478
813
3366
CMX
MCDLXXI
MMMCXL
DXXXIV
MMMDCCCLIII
404
MMCCCLXXXVIII
MDCLXIV
3878
MCDXXXV
MCXII
3704
MMMDCXVIII
CDXIX
1696
DCCLXXXIX
1210
1458
MCMLXIX
CMV
MMMDCXII
MMCCLXXVI
305
MMXVI
DCCXLVII
1189
IV
115
MLXXXVII
3327
MMMCDXVI
1414
MMMCI
1288
MMCMLXXIX
MMVI
MMCCXIV
1906
3735
3517
LV
MMCDXXXVII
924
2943
242
MMMXXX
2936
1081
3792
2839
MCVI
MMDCCXVI
MCCCXXXIV
2085
476
2091
MCCCXV
1820
CCCLXI
112
MCDXXX
MMMCMLIV
MMMCXCVII
89
3604
1025
MMMDCX
DCCCXCIV
2303
MMMCV
1885
II
MMMCMXXIII
MCCCXCII
2920
815
MCMLXIV
3574
591
1463
CCCXXVI
3149
CCIX
MMCMLXXXVII
MMMCDXXXVI
1986
MMMCCCLVII
1170
MCCCXXIII
2349
MDCCCXLVII
MMCDLXXXIII
1344
DCCLII
MCCXLVIII
2557
3839
3461
MLXXVIII
3645
MMDXC
MMCMXLIII
2824
1316
2095
1125
CCLXXI
3676
MCCLII
MCXXXVII
VII
2006
2997
MMMCXLVII
DLIX
MDCLX
MMMCV
MMMDCCCIX
3282
545
2500
552
2300
1630
2618
3018
376
MMCDXXXIII
1803
MMCXXVII
2753
2777
MLI
MMMDCCCVIII
3085
2528
MMDCCCXLII
CCCLXXIV
1241
2674
MDCXLVI
MMXCIX
122
1090
2081
2191
MMMCMIX
MMDCXLII
CMLXXXVIII
MMCCLVI
2044
3028
784
MMMCDIV
MMMCCCL
3386
2245
2511
2696
1993
MCDL
MDCCLXXXII
MCXII
CCXXII
2342
MMDXLVII
3639
MCMLXXX
2099
1325
1154
MMMCCXIII
2505
MCDLXII
MMMCCCXLII
2351
MCMXLV
3995
1937
DCCXXIX
2564
354
2691
CXCI
3680
MMMCCCLXXV
1543
1284
MCMXII
MCDLI
3997
MMCMLXXV
MMMCMXVI
MCCCXCIV
3843
DCLXXI
1557
1981
MMMCCLXIII
MMMLIX
MMCMLXXXIX
CCCLXI
5
2904
MMMDCCCXVII
3399
MMMCCLXXXVI
CDVI
1528
1450
MMCDXLI
MMMCDLXV
1965
1555
3434
3297
MDXXXII
1616
MMMCLXII
357
LII
MMMDCCLXXXIII
629
960
316
MMMCDLVIII
3718
509
CCLXII
2616
1782
D
MXXX
MMDCCXVIII
CDLXVI
MMCCCLXXIX
MMMDCCCXLIX
MMMDCCCLIV
3081
MMCCLXXI
776
DCCCXLVII
1778
MMMDLXXIV
3347
3009
1128
1327
LXIII
1564
3239
2735
2086
2940
3510
2381
2859
1414
DCCCXXI
2504
318
1458
2821
MDCCCV
1201
3144
MMCCXCII
MCMLXXXIX
3558
311
MMCCLXII
MCCIX
1850
DCCCI
MMLXXII
MMMCDLXVII
2614
CMXIII
1265
2349
315
MLXV
DLXVII
MCCXLV
1896
2102
DLXIV
CCXXII
2458
MMMDCLX
2952
2431
2033
2187
CXCIV
MMMDCCCXC
LXIV
1784
MMMDCCCIII
2399
1581
3187
3949
MMMCMVIII
DXIII
924
1887
MMMDCCLXIX
MCCCXCIV
1196
MCMXXXIV
MMMCCCXCIX
3594
MMMCLXVI
1659
MCMVI
2437
DCCCXV
1058
2
MMCDXLVIII
MCCXIV
3797
MDCCLIII
1253
DCLXXXIV
2689
347
3887
1642
MMCDXXXIV
MMDCCCVIII
1070
MMMXXXIV
MMDCCCXLIX
3460
MCDLXXXI
MCMXL
MMCXLIV
MMMDLIII
MCCCLXVII
3227
1315
1033
2263
635
MMMVII
697
MMMDCCXXV
DCCLXXIV
MDXCII
DLXVII
439
MDXLVIII
714
MDCIX
MMMDCCLXXI
MDCXXXVII
I
814
CCLXXIV
1117
MMCXXXVIII
3051
1181
503
CDXLVII
MMDCCXLVI
MMCCCLVII
CCVIII
MMDCLXII
MMMCCCXCVII
CXXX
3581
35
1973
3803
MMMDCXLIII
2040
CDLXIX
1000
2885
148
MDCXCIII
2870
MDCCCXXXII
1350
1301
3993
MMDLXXVII
MCLV
CDXXII
2685
DCXLVI
MCMLXXIX
MDLXXX
XLVII
MMCCCXLVII
3031
547
MCDXL
MMMCMXXIX
2946
MMDCCCLXXVII
1812
MMCCLXV
MCCLVIII
1898
3395
918
LXXX
161
MMMCMXIV
2316
MMDCCCXXII
2943
2475
MXXV
MCDIX
MMMDCCCLXXVI
MMCXC
MMMCCCXLI
MMCMLXX
MXXXIII
CCII
MMMDCCCLII
CMVI
MCDXIX
1673
MMCCCLXXIX
2481
MMMXXIX
MMXIII
MDCXCII
2138
MMDCXXXV
779
MMMDXXXIV
3968
408
MDCXLII
1015
CCXLVI
2320
2331
1540
MMDCXLV
DCCCLVIII
1383
MLXV
2192
MMMDCLXVII
MDCXXIV
MDCLVIII
2077
MMCDXCIII
2629
278
MMMDCCLXVIII
572
3319
804
3317
MMCDLI
MDCXL
MDCXLII
274
CXVI
MCMXI
MMDLXXXIV
CDLII
3308
1513
227
1451
MMCCCLXXXVI
1015
507
3027
1927
3849
3096
2291
1653
3960
3310
1932
MMMDCCXVII
3736
1808
2614
MCXL
DCCCLXXIV
154
MMCLXV
1910
MMCDLXII
3483
MDLXI
MMMCDXC
730
MCLXXI
MMMCCXLII
542
81
MCXCII
MDCXXXI
2525
MMDCCCLXVI
1882
DCCXCIII
MCMLIII
96
XXX
40
CLXXX
2909
3728
MMCMXCII
MMDLXXXII
MDXCVIII
3892
3393
MMMDCCCLXXXVIII
MMCCCXXI
MMMDCXXIV
DCXC
436
1671
CXXI
MDCI
1921
MCCXLIV
12
3437
2282
MMMDCCCXXIV
MMMCCLXXXV
XXXI
3687
3563
MMCCLXXXIX
MMMDLXII
1769
1753
MMMDCCXXX
2946
2071
MMMDLXXXII
MMCDXVI
1608
MMMDCCCXXX
MMLXIV
MCDLXXXII
DXXXIV
MCCXIII
2283
3377
MCLXXIII
204
965
312
MMMCCLIV
MCCLX
CMLXIV
MDCCXIV
3128
3538
CDXCI
MDXLVIII
MMMDCCXXXVII
MMCCXCVIII
DCCCXXXV
DCCLXXXVIII
1704
3445
DCLXXXIX
CDXLIX
3661
MMMCDXLII
MMXC
MDCL
MMCCCXCVII
3627
MMMDCCCLXV
3997
DCCCXXVII
MMMCLXXXII
MMMCCCIX
2027
1778
MCCCLXXXIX
MMCDLXXVIII
MMDCXL
MCMXXVIII
MMI
2990
MMDCXCVIII
2538
2806
CCCLXXXV
2782
MDCCCXLVII
MMCDLXXIV
2574
1427
CDLXXXIX
439
1402
MMMDCCLXVII
MMCLXIX
952
MMCMLXXII
MMMCLXXX
206
MDCXLIII
MMMCCCLXXXI
MCDLXV
DCCXLVI
DCCLXIV
7
DXCV
CCXXXII
CMLV
MDCCLXXV
331
MCDX
MDCCCIII
XXXV
MMDCLXXXIV
2820
MMMDLVIII
MCCC
MMCCCXV
MCMXVI
3457
627
DIV
MMMCCCLXXIX
1941
CXXI
2692
MDX
CDXXV
MDCCLII
MMMDLXVI
MCCCXLIV
2027
3250
DCIII
MDCCCL
3350
DCCCXCVII
MMDCLIX
MDCCXXXII
MMMDLXXIII
137
MDLIII
764
1727
MDCCLXXIII
MMMCVII
MMXXXI
DCCCXL
MMCCXLVIII
MMMXXIV
2851
798
MCCXVIII
MMMDCLXXXV
MMMDCCLXXX
V
1469
1466
2684
1682
213
3724
CDXLVII
MMCCCLXXVI
MCCCXCV
942
3886
747
1405
MDCIX
XXXV
1020
MDXCIII
1091
481
MMLXXXVII
MMCCLXXV
3901
CCCXLVIII
MCCCXCI
CDLIX
MMDCCX
MMDCXXXIV
MCCCXCVII
MCDXXXIX
MMDCLXXXVIII
MMMDCCCLXXVI
DCCCV
3928
1220
3264
MCDLXXXVII
3210
1371
MMDCCXXXIX
MCCCXCVII
MCCLVI
MDCCXCVIII
MMMCIV
CCCXXX
MMMLXV
124
DCCCLXIII
2366
MCLVIII
557
2336
3265
MDXV
1803
1899
2406
MDCXLII
1309
531
MMDCC
DCCCLXXXIII
MCCCXL
MMDCCVIII
MMDCCCLIII
601
3297
1935
MDLXIV
3372
2674
3239
3483
MMMDCCCXI
2351
MDCCCXCVI
2846
CDLXI
3385
2239
3025
3860
MCDXI
3371
MMMCMXXVIII
828
3179
3726
12
MCMLVI
MM
DCCCLXX
3349
MMMDIV
MMDCCLXII
1074
3079
DCCL
MMCDLXXVIII
2418
MMDCXV
MCDLXXIX
659
MDLV
MDCI
524
2029
MXLII
MCCCXC
MDCVI
2964
2526
780
MMMXVIII
2846
3021
268
2888
DCCCLXXVI
1059
2872
MMMCMLVIII
2040
MMDCCCLXXXVI
1904
MMMLXIX
2234
DCCXIII
MMMCMXX
MDCXIV
MMCCCII
570
CCCLXXXVII
MMCCCXVI
MMMDCIV
MMMVIII
1326
256
3405
3026
800
441
995
2080
3039
MMMCMXLVIII
MCCCV
MMCDXLVI
MMMDCXXXI
3824
MMMI
2583
MMMCI
MMCCCXVII
DCCCLIII
730
3030
1933
3021
1347
MMDCCCXII
MMMDXXIX
MCXVII
3417
MMDCCLXXVI
2753
1079
175
1791
MMXII
DCLXXII
1537
MCDXCIV
2182
2041
MMCXXIII
858
3193
CCLIV
DCCCI
46
1557
1871
2581
2147
MDCLXXV
MMMCV
727
3786
3550
MCX
1954
2453
3493
3739
2683
2180
CCLX
2025
MMMDXLIX
MMCCLXXIII
MDCCLXXXVI
CMXII
MMMCCXI
3150
3840
2818
888
3088
3544
MMDCCXCVIII
CDLXXXI
MCCLI
MMCLXXXIV
3788
MXXXVII
2698
337
CCCLIV
MMDLXXXIV
CDLXI
MDCLXXXIX
3726
CCLXI
2014
MMCCCXXVII
3112
MMMCLXXXIII
2466
1646
2374
1560
CLII
MCLXI
3725
3324
304
2736
MLXXIX
MMMDCCLXXIV
960
DCCXCV
1117
1219
2136
2007
MMMDCCXXVIII
MMMXIX
3965
MMCMLXXIV
MMLXXXV
3939
DXXXIV
MMCMXXXVIII
MMMCXXV
DLXXIII
532
MDCCC
430
3641
XII
MMMCLXVII
DCXII
2520
1003
1049
MCMII
1720
MMCXLVIII
2279
2480
MMMDCCCXXXIII
3298
MDCCLXXXIX
MMCDXLVIII
MXXV
2441
3075
MMMDXX
MMCMLIX
MCDLXXIX
MCCCLXVIII
2402
CCCXIV
CDXXXVII
524
425
DCCCLXVI
MDCXXXIV
MMDCCCX
1050
MDCXXII
MCMLXXXIV
993
344
2864
MMMDCCXXXVI
2567
1010
2662
3828
3100
MCDX
2773
22
2430
1140
2176
467
MDCLIII
MCCXXXVI
1368
989
2462
1912
1805
MMMCMLIII
3068
3888
MMCDLXXXV
MDXXX
MCXVI
240
36
3163
CV
MMMCCCIII
CMXXXV
MDCCLIX
DXCIII
3108
MCCXXVI
1294
MMLXXIV
MMMDLXXVIII
MMCCLXIV
MMCDLXII
MDCCLXVI
MMMCCCLXVIII
698
MMMCDXCIV
MMMDCLIX
205
MMDCCCII
MCCLXII
MMMCCCXX
MDLXXVII
DCLXXXIV
DCXXXIII
3979
MMMCCCLXIII
MMDCCCLXXVI
2993
372
2229
MLI
MLXXXIV
1506
MMMCCXLVI
1567
2626
273
268
1910
MMMDCCLIV
280
DCXXIV
DCLXVIII
MMMDCCC
DCXLVI
2929
MCDXXXIII
MCCCXXII
MDCLXIII
DCCXLVI
CDLXXVI
MMCDXIII
2275
3694
3126
1354
1536
1166
DCCCXXVIII
MDCCII
90
3260
MMMDCCCXXXVI
128
DCCCLV
51
3183
MMCCL
3010
1332
841
1617
3548
1851
363
2893
DCXXXVI
LIV
3619
CMIX
1532
2011
2840
2322
MMMDCXLIII
MDCCCXXXVI
MCDLIII
500
3852
DCCCXLIV
MCXCVI
2012
MCCCLVI
1613
MDCXXXIII
1630
1882
DCXIX
630
2461
1949
MMCCCLVI
MDCCCLXVI
MLXXXIX
3243
2494
MMMCMLXXV
33
CMLXIX
MCXIX
MMCMXLV
MMXXXI
MMCMXLII
2160
3999
MDXLV
1955
MMMCCCV
2780
MCLXXIV
MMMCCCLXI
2927
3161
CCCIX
3023
3055
DCCIII
1330
3628
3009
3164
363
CCVII
1539
284
3380
3140
MMMXXVI
MMMCMLVIII
1725
MMDCCLIV
MMMCMVII
MMDCXXIV
350
3505
800
CMXXXIX
1175
417
3774
CXXV
MMMCCCXCVII
2317
3903
MMDXCV
2088
3982
DCCCXLVIII
DCCCXLIV
498
DCCXXII
MMDCCCLXVIII
1269
MMCDLXXX
3538
400
LXXXVIII
1711
MDCLXX
MDCCLX
959
3108
3857
1344
1260
2695
39
DCCCLXXII
207
596
3195
3779
1791
MMMDCCCLXXIV
MMCXLIII
MMDLVI
MCDXXVI
2494
1914
MMMDCCCLXXXIX
MMCCCLXXXVII
3117
LII
MCCXXXV
MCCCXIII
1817
3251
MCCCXX
1027
409
1993
1223
CCLXXV
MMCDLVI
MMDXVII
MMMXLVIII
2800
MMMDCLXXII
312
3783
MMMCDXXV
367
MDCLVIII
2950
508
MML
DCXVII
MMMCCXXI
2515
2911
MMMCCXCVI
1707
MMDCXVI
3690
1290
638
2050
LXXIX
2311
2499
2819
1762
CMXXXIV
2216
DCLXXIX
85
544
2730
MMDCCCLXXXVI
MXCI
MMDCCXLIX
MMDCLXXXII
MMCCXII
2112
2155
MDCCLXI
DCCII
603
MMCCCLXXVII
3442
1062
MMMCCCLXXXVII
357
MMCMXXI
2529
296
2460
MMMDCCCLXVI
2797
3239
MCCCLXXXII
3114
DCCCLXIV
1070
1456
1454
CDLXXVI
MCLXXXIX
1606
MMMXLII
2333
MDCLX
MMDXCVII
MMMDCCCXIV
DXXXIII
2644
CDII
1704
MDCCLXXXV
1081
1491
2028
1042
2576
MMCCCXXXV
MMDXCIX
MMCCXXII
3783
MMCLXX
CCCXC
2103
MMMDCCLXV
2171
DCCCXXXIII
MXXXII
MMMCCXIII
MMMCDLXII
MMMDCCLXXXIII
1824
MDLXXIV
3029
MMCDLVIII
MMCXXIV
3449
169
175
2559
731
MCMXXIX
DCCCLV
DLIV
MMMCXCIV
MMMVI
2700
MMMCVII
2300
3807
3636
700
MMDCCI
2057
MMMCCCXXVIII
151
MLXXIX
MCMLXIV
MMMDCIII
MMMDXXXVI
2415
XLIX
MMDCCCL
2055
1238
1463
MMCCCLI
MMDCCCXXIX
MMCXXV
3237
MMMCLIV
760
580
590
MMDVII
MMMXXVIII
779
CXXIV
MCCLXXV
II
MCCCL
MDCCXXXV
MCXVII
680
MCCCIV
1657
MMMCCCLXXXI
2046
MII
MMCCXXIII
3351
2916
1337
MMMCIV
MMMCLXXXVI
MMMCDLXXXVI
1331
MMMCLXXXVIII
1689
MDXV
2928
2599
MCLXXVIII
1406
MMDCCCLXXII
MMCMLXXXIII
481
MMDCCXXXIII
2913
MMCCCXXXV
2963
MMDCCCXLVIII
2956
2513
MDCCCXL
MDCXLI
MMMCMLXXIV
XXXVII
1529
MMMCMXII
MMMCXLII
3612
2257
3936
2231
MMMCLXVII
MCCXXXVIII
1080
MDCCCXLII
MMCXXVIII
LXXXV
MMMCDLXIII
1437
MDCCLXI
1494
804
862
MMCDLV
DCCCXCI
DCCXXIX
250
MCCLXII
152
MMCDVIII
1242
MMDCCCXXIX
DCCXLVII
3947
DXXXVI
MMCDXC
2479
17
2530
2888
MCDXI
3908
1647
MMXLIX
MMMDCCLXXI
2154
MDXLIX
MMDCCCXCII
MMMCMXCVI
MMMDCXXVIII
MMCDLX
1
MCDLXXXIV
MCMLXVII
CCCXCIV
MDCXIV
MMMCCLVIII
2596
2680
170
2022
MDCCLXXI
MMMCCCLXXVI
MMDCCCXLIX
MMMDCCXXX
CXLIV
2349
MCL
MCMVI
2418
CXLVIII
CCCLVII
MCDXXXIV
2681
270
MMLXIV
MCCXXXIX
DCCCLXIX
MMMCLXXXIX
CCCXV
1091
155
MMMCMLXIII
DCCCXXXII
MMDCCXCIV
3201
MMCMVI
2501
DCCXII
MMMDCLXXX
2217
301
MMMDCCLXXXVI
2018
MDLXXXII
1947
3729
MMCCLXXXII
990
3054
MMMDCCLXXXVI
MMDCCXLIII
3153
379
CLXIII
MDCLXVII
MMMCCCXXXI
MCCXXVII
2349
2881
MMXCVII
2531
MMMDCCCLXX
MDCCXCIV
CCCIV
DCCLXII
MMCCXII
375
MDCCCVI
CCXLIV
MVII
XCIII
MDCCCXCIX
MMMXXII
3912
MMDCCCXXVIII
2438
3786
2727
2321
2183
1847
1928
MDCCLXXVII
MDCXLVIII
L
996
MDLXVII
LXXXIV
1229
3750
1304
2763
DXCIV
625
3803
DCCCLXXVII
3654
CCCXCIV
MMMCMXC
700
MMMDLII
1525
MDCCXXXVI
2525
3016
MMMCDX
MMMDCCXV
MMMLXIX
2726
MMDCCLV
3600
CCCXCIX
1480
MMMDXI
2343
MMCDLXXXI
MMMDCLXXXIV
3446
1122
MMCDLVII
MIV
1608
CMLXXIV
MMDLI
DLXIV
2104
MCMXXXVI
2550
MMCDXV
407
MMDCCCLXXVI
MMMLV
445
MMMCDLXVII
DCCLXXXVI
MMCCXVIII
463
MMMCXLI
MMMDCCLVIII
3249
XIX
837
1386
CXII
MXCII
2025
MMCCXCII
MDCXLVII
MMDCCLIX
MMMDCCCLXXIX
1753
1403
MMMCDXXXVI
2621
MMDLXXXIV
MMCCCXLII
3606
MMMDCCXXXIX
CDXXII
MCCCXVIII
467
MMMCCCLXI
161
CCCLXVI
2298
3730
3993
1772
3728
1998
MMMCCCLXXIII
MMMCCCXIV
MMDCXIV
1576
XXVIII
MCXXIV
MDCXXXIII
MMDXCVII
1501
LIV
MMMDVI
MMDCCCXCVI
MMDCCCLI
2836
1668
MDCCCXXXVI
2423
1196
75
3428
CDXXVI
2593
3391
2199
3038
MMDLIII
CCCXXXV
MMDCCXXVI
275
1004
2631
MLXXIX
2750
2226
LXXIII
420
3628
3024
MMMCLXXVII
MCCCLVI
DCCCLIV
CDXLII
2785
2695
481
MMMDCCXXVII
2806
301
230
MMDCCCXXII
3611
108
916
MMCLI
MMCDI
3779
MMDCCLXXVI
1012
MDCLXXXIV
1589
MMCMLIII
1287
3763
CMXXVI
2390
MDV
MMDLXXVI
300
MMMCDLXVII
514
MMLIII
3899
MMMDXXXIX
2610
510
1561
MMDXXXIV
2081
MCDXXII
2809
2537
40
33
MCCCXLIII
1230
MMMCCCIX
3146
CCCLXXII
MDLXXVI
1848
3928
2607
2648
717
2488
1069
623
MMMDCCLXII
MMMDLXXVIII
MLXXXVII
2177
MDCCCXCV
DCLXXVI
DCCLXVI
CLVIII
MMCCLIX
1515
2601
2967
1461
MMDCXCVII
887
MDCCCLXI
531
2313
MLXXXIV
2745
2283
3887
CCXXI
2683
MDCLXXI
MMMDXXXVIII
1339
DCLXXXI
245
MDII
MMMCCIX
DII
MMCCLXXXII
MMCCVIII
MDCCXCI
1069
2631
MMCCCXXIV
2105
1876
365
1052
546
1776
MMCLXXI
MMMCCLXXIII
2804
MMDCCCLXXXIX
2905
MCIX
DLIII
2255
MMMCCCXXXVI
MMDCXCII
MMCLXXI
MMMXC
1592
3715
1087
553
866
MMMLXXXVIII
MMDLXXXI
CXXVI
1876
2260
1096
2013
528
1301
3473
MMMDCXCIV
2898
2374
2651
2098
997
2749
MMCCXXXV
MMMDCLXXXV
DCX
MMDCCCLII
MMCDXLVI
2821
MMMDXCVII
2846
279
MDCCCLXXI
2504
MMMDCCLXXXIII
1197
2402
MCMXII
MMMDLXXII
CMXLIV
538
CCX
795
MMDCCCLXXXIV
1551
MMMCDLXI
1175
1525
MDLXII
13
MMMCCCXXXV
1778
3502
1681
DCCCLXXIV
606
CMXCIX
660
MMCCLVIII
2069
MMMDCV
MDCXXI
2093
3339
MCDLVI
MMMDCLXXXVII
2517
MMDCCLXXX
119
2085
MMCXCII
MMCXXXII
MMDLXVIII
DLXXXVI
893
3311
MMCCCXL
844
1470
2758
3827
1489
3010
MMMCDLXXXV
1116
3959
1944
DCCCII
843
1935
1149
2811
1048
MMMDCCCLXXVI
2798
MCCXIX
XLVIII
MMMCXXIII
MDCCXCVIII
2500
1845
MDCCCXV
2379
2670
MDCCXLIII
MDLX
DCCCXVII
2407
450
3861
DCLII
3300
MMMCXCVIII
1717
2991
352
DCCXXXVIII
1725
MMDCCLXXXIX
3374
2447
438
3693
MCCCXVI
1730
MMDXXIII
3285
234
MCDXLV
2611
596
1148
232
3708
1655
MDLXXXIV
881
3539
MMMCCXXXVI
MMDXVI
3720
MMMCCXXVI
694
MCDXCII
MMMCCXLII
2481
544
MDXLVI
2766
MMCCCLXIX
MMMCCCXCII
2385
1310
MMDCCVIII
MMCMXVII
2125
1939
MMMDCCCXIX
MMMDCCXII
DCCCXIX
MMCCCXLII
MMMLXV
MMCCXXXI
MMMIV
1978
1413
254
1977
MCDLXXIX
2153
1409
MMDCXIII
2875
MMMDCXCIV
2315
MDCLXVIII
720
MDCLIX
1299
MMDCLXXX
MMDCCC
2640
DCCCLXXIII
2382
MMDCCCXLVI
MMMCDXIX
2547
1160
MCCCLVIII
1018
CCCIX
269
3257
MMDCLXV
MMMXIII
3988
1742
1062
MMDCCLXVII
MMMCMXLV
DCCCLVIII
2601
MMDCCCXCVII
MMMDCCCVII
3451
3755
MCDLXX
2138
598
1584
75
1179
CDXXXIII
DCLXXXVII
521
1987
3564
3388
3696
3335
CXLIV
3801
1206
2530
2623
971
3993
1639
1038
MCMVII
793
3205
399
333
2495
2316
1801
MMMDCCVII
MXXVI
CMVI
3361
MMMDCLXXXI
3905
MMCLXXIV
MDCXCVI
2824
MCMXVIII
MMCCCXXVIII
DXCII
DXII
CDLVII
3007
MMMCCCLXX
3040
MMDCLIII
963
MMLXIX
MMMDXL
3567
465
MMMDCCCVIII
128
LXXXI
534
880
MLI
MMMCCCIII
CDLXVIII
MMMCDXXXIII
MMMCMXXXII
CMXLI
MCDLVI
MMMDCCXXXIV
MMMCDXCIX
MMDCX
278
MMMCCXXX
3353
269
2047
CXCIII
1712
1803
CDXCIX
MMMLXXXVIII
1183
CCCXLII
DXLIX
2751
2927
MDCXVI
MMCCXXVI
CMXXIV
MMCDXXXVIII
563
1655
MMCCCXXXIII
LI
3872
MMDCLVIII
3714
CCCLXX
2350
3568
MCDXIV
MMCMXCV
2539
3585
2225
953
MMMCLXXXI
MCXXXV
MDCCCLIX
MMMCCLXXI
CCLXXX
CLIX
3606
MMMDXLVI
3759
2438
2550
3504
3659
MDCCXCVI
DLXXIII
1477
MDCXII
809
2516
MDCCCXXIX
2651
3467
2173
3011
MMMDCLXXXIX
MMCDXXVI
MXLVI
MCXXII
MCDXXXII
3148
MDXXXVIII
MMMII
1181
1393
251
MMMCDX
MLXXXV
550
MCCXVIII
1451
MMCXXXII
DXXXI
MMMCCCXVI
937
1745
MCCCLXXI
CDL
3267
MMDCL
MMCCCXCVII
3224
2309
1573
2091
MCDLI
CMXXXVIII
MMMDII
MMDCCLXXXVIII
DCCCIII
MDCCLXXXVIII
2486
1209
DCIII
CMXV
MMMCDLXX
2656
DCCCIX
MCDXXXV
513
MMDCCCXXI
MMMCDVII
876
CMLXXXIII
1577
919
2960
1173
718
1652
MCLXXII
MMMDCXXVIII
MMMDCCXXVIII
3499
LXXVI
2134
MMDCCLXXXIII
68
MDCLXXVII
2046
CCCLXVIII
MMMCCLXXIII
DXCVII
MDCCCXXIX
MMDCCCLXI
3165
CMXLVIII
761
3001
MMMDLXXXVI
CDXXXIV
MMMDCCXII
3547
MCVI
3317
105
MMCXIX
MMMDCXCVII
MXXIII
MDCCXCVIII
CCCXVIII
3768
MDCXXIV
MMMCXCIX
MMCMLXX
MMCVI
2243
MMDCCCXCVII
MMMCCXVI
MMMCXXII
ML
MCXXIV
DCCXXIV
2905
892
3402
MDCCCLXIII
2756
CMXXVIII
2585
CCCLXXX
1638
MCCCXLVIII
MCLXXXVI
3088
3375
MCXXVII
250
MCMXIX
DCCIII
1683
453
1221
DCI
3256
MMMCMLI
DCCCLV
1174
416
1749
LXXVII
326
1860
2911
MMCCCLXVII
774
2968
MMMDCCCLXVII
3606
1648
DCXIX
MMCDXX
2069
MCLXXII
2282
1804
3774
MMCCCXCVIII
MMDCCCXXXVIII
MCMLXVIII
3229
CCCXCII
MMCLXXX
1099
1445
CXXVII
MMCCLXXIX
MMMCCCLXXXI
1651
444
DCCCLXXII
2695
MDCLXII
3694
MMMDXLIX
MMMCDLXIX
3946
MMMCDLXVII
MDXXXVIII
1658
MDXIII
CMLVIII
MMDCCLX
1466
MDXCI
2099
MMDCLXVII
1735
3901
MMMCXCII
1089
MMMDCCCXLI
MMMCCLVIII
2966
3543
MMMDLXXXVII
3276
2962
MMMCDLXXXII
MMDXC
1055
MMCCXXXVI
2051
2920
MMMCCVIII
MMDLXXXIV
3488
MMMDCCXCIV
MCCLXIX
3015
MMMCDXLV
1222
MCCXXII
MCCXXXII
3815
1333
3925
MMMCCXCIV
3672
407
MMCDLXXV
190
2111
3390
1898
429
1010
3828
1144
MMD
MDCCCLXIV
MDCCCXIV
MMDCCCXLVIII
MMCDIII
1412
DCCXIII
536
124
3294
MMMXLVIII
MCDXLIX
849
MMMDCXXXVIII
1297
MCCXLII
DCCLI
1533
MMCCLXXXI
2782
591
660
2130
MCDIX
MMCLXXIV
MMCCLXVIII
2326
1263
CXLIV
2719
617
MMMCIX
MMDXLIX
MMMCXXIX
DCIII
XXXVII
MCDXIII
1124
MMCXI
MDCCV
959
697
1857
MDCCLXXIII
207
3625
MMMCDXCI
627
DCXI
2085
MCCXCIV
1322
3846
MCCCLXXXVI
2507
MMMDCCXCIV
MMMDCCXLII
1603
2650
1421
2169
CCCXLIX
MLXXII
DLXIII
MII
2301
DCXXXI
MMMCLXVII
MMMDCCXCIV
MMMCCCL
MCCCXXXIX
1820
MMMCCLVI
MDCLXXVII
MMLXXXIV
MMCCXL
MMMDLII
MMMCMXIX
2434
2919
512
CDII
532
MCI
3693
MMMCDXL
2738
MMMDCXLI
LV
CLVI
101
236
XCIII
1027
MDCCXXVI
MMMLXXIII
MCCCLXXXVII
XIV
MMMCDXIX
MCMLXXXVI
MMXC
1535
MMCLXXXVII
211
3600
MMCCXLIV
MDCCXIII
MMDCCC
1390
MMMXCVII
3921
MMMCXXVI
MMMDXIV
MCDXCVII
MMMCXXIV
DXVI
MMMXLVII
CCXCIII
MMMDCLI
MMMDCCCLXXVI
3260
1525
2169
1756
2511
145
CCLVIII
946
DCXVII
3666
1380
1747
MMDCCXCIII
MMMDLIX
2062
3869
MMMCMXLII
2221
DLXXX
CDXXIII
DCCXCVIII
MMMDCXXIX
3754
MMMDCCXXXII
MMLXVI
3861
MMMDCLXXXII
MCMVII
1176
736
1083
600
MMMDCCXII
1105
668
MMDCCLXXXVII
MCLXX
1001
1262
19
2480
3126
3806
1041
XVI
466
983
983
CVII
2436
MLXXXVIII
MMMDCCXXXIX
MDCCVI
CDLVII
MMMDCCLIV
MMDVII
DXXXVIII
MXXIX
MMMDXXII
MMMDVII
1091
MMMDCCCLXXVII
DCLIII
MMXLI
68
MDCCXIV
MCMXLVIII
1517
1203
596
MMCCCXXI
3596
MMDCXI
MXVII
MCCCXLV
2173
1291
MCDXXX
DCCCLV
385
2914
CDXLVII
MMMDCCCXCIII
MMCCLXXXIV
1149
434
2084
MDCXIX
3262
3865
DCCCLXXXIII
MMMCDXXIV
MCCCXLVII
MMMDCCCLV
CMLXXVII
MDCCCXXXI
645
2870
MMMCCLXXXI
2933
1436
2578
253
CMLVI
1238
MMCMXXXVII
3039
3110
3972
3739
580
3881
2746
MMDXXI
1434
CDXXII
DV
MMCDXXII
DCCCXXIV
MMCLIII
1885
CCCLXXIII
2668
CXXXII
1586
CCCLXXXIII
3647
257
1588
CMLXXV
1464
3279
3008
MVI
MMMCMV
MMCXLII
MMMCLVII
2628
1651
1138
DCCCXLI
MMCDLXXIX
2232
MMDCCLXXXV
1398
3268
MMDCXXV
1868
3955
3970
MMMDCLXXXIX
2087
739
MMMCCC
1212
1877
DCXV
2393
MMMXLIII
1492
MCIX
CMXXI
MMCDXXXIV
3478
1964
MCMLII
3333
CCLX
3159
MMDCCXIV
843
1293
MCCCLX
2237
CDXIX
MCXLIII
2162
387
2723
398
1396
3181
DCCXXXIV
MDCXLVI
MMDCCLXX
MMMDCCCLXX
MMMDV
927
2435
1744
DCCVIII
MCCCXLVIII
MMMDXXXIII
1834
1255
MCCLXXXVIII
2682
3398
MXXXIV
CCLXI
MCXXXIV
2426
1800
MMMDCXLVIII
1480
MXLII
MMMDCCCXXII
3638
207
MCCXXXV
2079
DCCXXXIX
2780
MMMDCCCLXXXIII
CMLXVIII
557
MMMDLIX
1146
2995
MMCMLXXXI
MMLXXI
320
1990
395
MMXCVIII
MMCLI
MMMCXXXVIII
MMCMXXXVIII
MMMDCCLXVI
MMDCCLXXXII
3826
MDCXV
MMCMXXII
MMDCCLXXV
MMMDCCCLXX
175
MMDCCCXV
1303
MDCXXXIII
DCXIV
2316
MLXXIX
3143
3389
CMXCIX
MMCCLVII
MDCCCLXVI
MMDLXXXIV
3868
2263
MCCXXVI
2237
118
MCCL
CCCXV
MMCDLII
MMCLXX
3240
MCLXVIII
1344
MMMLXXI
2516
MMDCCLXXVI
MCMXLVIII
2914
612
3142
2372
MDXII
MMDCCLXXXVI
2135
MMDCXLVIII
3629
MMDCLVIII
MMCCXCVIII
XXVIII
3192
MCDXXXV
MMMCCCLXVIII
MMDCCCIV
MDCCXCVII
MMMDCCCLV
1183
MMDCXXIV
1032
MDCXXVIII
MDCX
3131
2784
854
3706
MDCLII
MMCLXXXVI
MMCCCLXXIII
3630
2660
2738
3228
1417
DLXVII
MMMCMVII
1071
MMMCDLXXIV
3979
3298
1117
MXVI
MMDCLVI
D
2009
2052
565
MMMCXLVII
611
1811
2702
MMMCMXC
XXXIX
3952
MMDCXCVII
563
3505
CCXL
895
3241
2499
CCCLXIV
MMMDCCLXXVI
336
CLXXVI
CMXCIX
MDCCCIII
1247
1018
MCCLXXIV
2727
1729
2498
MMMDXXXV
MMMDXVI
MMCDXIX
MLXXXVIII
3928
2321
1783
DCCXL
CMXXVIII
2949
MMMDCCCLXXIII
704
CCXCV
3309
MMMDCLXVIII
MCCCIII
1893
1125
2428
3615
778
MXCIII
MMMLXVIII
3611
383
1554
MMMDCCXLIII
MMCCCXXVII
670
2485
2818
CCCLV
MCXLI
806
DCCLXXI
3881
MMMDCCXXXI
MMMCDLXXII
MMCCCLXXIII
CCCXLVII
1127
MMMDXLII
139
MDCCLXXVII
MMDCCLXXVI
459
2908
CCL
MCLXXIII
DCCCIII
MMD
MCXXXIX
MMDCCCXV
1654
3803
296
MCCCLXII
2482
258
3183
MMCMLXXIV
286
MMCCLIV
MCDXVII
MXLVIII
XXXVIII
MCCXLII
3693
MDXXX
MCMXXI
947
210
3802
DCCCLXX
CLXXXIV
CCCXXIV
MMCMXCIX
MDXLII
MMDCCXXXI
CLXXVII
1679
CMLXXXVIII
1105
1136
MMDCCXXXVII
617
2732
MMCCCXLVI
3601
MMMCDVIII
1112
DCCCXXXIV
MCDXLIV
CDXXVIII
MLXII
2681
MMMCCCXCI
MCIX
3201
MMCDXXIII
MDCCLXX
303
2651
2491
2738
2083
MX
801
MMMCMLXXVI
2318
3285
3719
2530
MMMCMLXXVI
CCCLXXIII
2217
2552
MLXVII
100
2740
1500
236
381
MCMXXXVIII
MCDXXXII
38
3613
745
2307
MMDCLXXXV
3292
1502
MCMIII
1972
854
CX
3116
MDXLII
1613
3075
MDCLXXXIII
3506
MMMDLX
2853
1387
MMCDXLVII
2135
CCCXXIV
4
MMLXXVIII
MMDCLXXIV
MCCXVII
1389
1191
CDLXV
MMLVII
MCMLXXII
DCCCLXXXII
CIX
CXCIII
MMMDCCXCVIII
DCCLXXIX
2563
124
MMDLXXVIII
3119
1907
DCXXXVIII
3969
DCXL
3282
MMCMXLI
62
1498
3916
MCLXIV
MMDCXCVIII
DXXXVI
955
MMMCCLXXXIII
2175
DLVII
MMMCCCL
1084
3304
2290
MCCXCI
MMCDXCI
MMMDCCCLXIII
544
1062
3527
663
MMCCXVIII
DCCLX
MMXXXVIII
MMMXIX
MCMXXVI
MMMLXII
3037
2464
765
MMCMLXXX
457
CDXXXVII
1027
352
MMMDCCCLVIII
3070
MMMCCCLXVIII
DCXLI
MMMCMLXXVI
MDCCXV
2464
MDCCVII
MMLXXXVIII
MMDCLXII
MMMVI
2861
2228
MDCXCVII
1874
MMMDXXXI
MDCCXXVI
3421
2068
MMCMLIX
MMLXVII
3654
DII
586
492
MDXXXVII
2866
2356
MMDLXXXIV
MMMDXXVII
MMCCCIX
MMDCCLXXXI
3668
MCDV
CCCXVIII
MMDCLXV
317
1518
2502
MMMCMXXII
MDCII
3354
1407
778
2723
2296
812
MCCCXCVIII
MXLIX
MMMCCXCVI
MMCXCVIII
758
3711
MMDCIV
3517
MCCLXXX
780
637
MMDCCCXIV
MMDCCI
MMCDLXXX
MMMCDXVII
MMCMLXXXIV
MMIII
2706
MMMLXIX
641
966
MMMCDXV
1970
MMCCCXVII
MMMCCCXLIII
MMMLXXXVIII
785
MCXLI
3759
1664
422
1202
CCLXXIV
3334
1936
2610
2348
3459
3365
MMLXXVII
MDCCCXC
MMDCCCVII
1918
2815
1698
MXVI
2193
799
CMVIII
MMLVII
2581
MMDCXLIII
CXXIII
3584
DCXCVI
MCMLXVII
DXCVI
1565
MMDCXII
3234
3124
MMMDCXXXIV
3887
3300
CCCLXXXIII
3130
MMCLXVI
2041
2898
3426
DIX
1749
DCCLIX
DCCLXXXII
1714
MMMCCCLXXVIII
MMDCCLXXXI
MCCXLIII
MDCX
MMMCXLV
MMMXII
MMCCLXIX
2311
MMMDCCCX
CXLI
XLII
MMMDCCXXX
117
MMMDCCCV
MCCCXIX
MMMCMLXXXVII
648
3185
2587
MMMCMLXVII
MMMDCCCII
2961
3038
1730
506
1795
CCVII
2799
2871
DCCLXXIII
2868
MMMDCCLXXXIV
MMMCXCIII
MMCLXXXIII
MMMCCCXXXVIII
3877
MMCVII
MMDXLI
MMCCXCIX
MMMCCCXXXI
1834
CMLXXIX
2817
3461
1168
MMCDLVII
1815
MMDCCCLXXV
348
802
DLXXXIII
1512
MMMDCCCLXVI
1406
MDCCXLIX
153
CMLXXXIII
137
MMMLIX
602
MDCCCXVII
MMMCLXXXIX
MMMDCCCLXXV
MCDLVIII
3283
2401
495
3700
LXXVIII
2005
3851
306
MMCXXXV
MMDCCCLXXX
MMMDCCCXXVII
406
2653
DLXXXVII
168
1957
2580
3549
3379
1675
CXXII
2803
392
MMCDVI
1375
1897
MMMCMLXXV
MCLXVI
MMCCCL
1235
MMMCLXXXIX
3990
MMMDCCCLXXVIII
2811
MMLXXVI
66
MMXL
1234
961
MCMXXVIII
MMCXXXVIII
MDCCLVI
2798
XXVIII
3976
XL
MCCCLI
3753
CXLI
667
MMMCCLXXII
MMCCXXIII
MCMIV
MDCXXVI
2890
3662
1414
MMMDCCCXLVI
3204
2997
620
1542
919
1456
2757
MMMCMLVI
2348
3023
3729
MDV
496
1838
MMCXCI
MMCMLXXVIII
1484
CDLXV
MCXCII
1910
1370
2653
DCXLIX
MCCLXVII
MMMDCXIII
MMCMLXVII
2558
833
1949
2092
1578
MMCCXIII
1048
MMMDXLII
MMMCCLI
764
177
749
3382
585
761
1892
79
3964
770
MCDXCIII
2188
968
1155
MCDLXXI
255
1369
3403
DVIII
1039
MMCMXV
2004
MDCCCXII
MMMDCCXI
2384
3449
2723
I
MCCCXXIX
3423
MMMDCCCXCVII
3668
510
MCCCXVII
431
MCMXXX
DLXXXV
DLXIII
MMCDXLIX
2683
MMMCC
3370
MII
MMMXLIII
1467
1974
LXXXIII
892
2304
2739
MMMCLXXXIX
MMCDLX
472
MMMCCXXXIX
1559
MMMDCCCLXXVIII
3484
MMDCCLXXIX
394
957
363
1167
228
55
MCCCLVI
MMMDCCLXXIII
MMMDCCLXXXIX
3903
1860
1696
2628
DCCCLXXV
1497
3830
2118
MMCMXCV
MMCMVI
MMDCCLI
3057
3765
MMDXLII
MMDCXXXIX
MDCCCVI
1480
3599
DCCLXIX
178
MCXVII
1570
3102
2997
2506
MML
MMMCCLXXXV
MMDCIII
XXVIII
3917
1312
2420
MMCDXV
153
2663
485
2008
MDCCX
DCXXX
MMMDCCCXLVIII
MLXXXIX
MMDCCXXXV
2921
1787
416
2035
MMMDCCCLXXXIX
MMMCDLXIX
462
DCC
MDCCXCI
674
CMXLV
MDCLVII
660
MMDCCXXXIX
2701
DCXXV
3649
CDLXXVIII
903
MMMDCCCIX
MMCXLVII
2922
3845
3772
226
2299
2672
3921
1128
MCMLXXXIV
1943
2837
2035
MDCCXCIV
MMLXXVIII
MMMCDLXXXIV
1569
2941
MMCCXCV
MCCCXXXVI
3196
487
3776
MCCCXII
2085
MMCC
XXXIII
MMMCCCLXXVI
1963
2009
MMMDCCLXXXV
MMMDXXIV
587
1629
207
MMDCCCXVII
1528
XXXIV
MDCXLIII
768
MMDCXCIV
MDCCCIX
DCCCLXXV
2987
MMMCCLIX
2214
MMCDLVII
MMMCCXXI
MMMDCXII
2200
2264
CCCLXXXIV
3679
MMCDLXV
MDCXXXI
3437
2822
1387
MMDCLVII
104
1380
MMDXV
DCCLXXIX
MMMCMLXXXIII
MCCLII
MMCXXXVIII
MDCCXXV
MMMCXCII
3264
2607
3764
3046
2012
MMMCDXLIV
MMMCCCXXIX
MCCCLX
MLIV
MMMDCLVIII
MMDCLXXV
1611
872
MMCMLXXXIII
MMMDCCLXXII
3970
1848
MMMXXXIV
1206
MMCDXXI
3190
MMDCLXV
MMCDLXXXIX
MDCCXCI
13
MDCCLXIV
CDLIX
DXXXIV
CCCLII
MMC
MDCXIII
3593
MMMXX
961
1186
3583
MMCCCIII
DCCXIV
936
MMDXXXII
MMMCDXLI
3531
MMDCXLVIII
2849
172
MMCLXXVIII
MCCXLIX
LXXXV
1184
1205
MMDCCCLVII
MMCLXXXI
MMCDXXIX
2100
MDIII
812
MMMCMXXIV
781
3097
2015
2882
369
2281
MDV
CCVIII
MMDCCCXVII
MDLXI
2955
1929
750
3532
1337
MXLV
2266
CMXXIX
101
2340
2445
1239
CDXV
MMMCDXLIX
MCDXCV
638
MMMDCCCI
1664
3578
MCMXLVII
631
CCLIV
968
DCXXXVI
MMCCCLXXXIII
631
MMCCXCIX
CCXXVI
3759
CCCLXIV
MMDCXCIX
2617
2630
MCCXXXII
CCCVI
CCXCVIII
MCDLXXI
MMDXXVII
3038
MMMCDXXXII
1976
2634
MMMDCXLV
MMMDX
MCLXIV
CCCXIX
315
241
MMMCCL
2746
3735
MMMDCCCLXXXIX
3493
3043
DCLXXV
2419
CDIII
1797
568
MMMDCXLII
MDCCCXXVIII
MMDCLXIV
MCCCXXII
MMDCCLVI
907
MMCXLVII
282
MCV
1156
3711
MCDLXXX
2442
MMCCCLXXXIII
MCLXIX
491
MMCDLXXXVII
MMXLVI
945
757
DXXXVII
3220
1703
2598
MDCCCLII
1034
3966
MDXXVI
1623
3139
1824
296
2724
1671
529
2334
MMMLXXX
MMCDL
MCXCIII
MMMXCIV
216
CCLXXII
2559
MMCCLXXXII
DCCCXL
3172
MCLXXXI
MMCLXXXVI
MMMXV
MMMDCCLV
2625
DCCXXXIX
MMDXLVII
419
MMCCLXXIV
MMCDXXVI
2511
MMMDCCCII
MMDCCCV
MMCMLXVI
3807
MMMDCXCIV
2049
279
3604
MMCMLXI
3253
MDXLV
MMDCL
2435
MMMCCCLXXXIX
2486
8
CMXXXIV
DCCLXXVI
CDLXXI
2474
CDXCVI
MMMCXIV
3808
1775
CMLXXIX
1727
MMMDCCCXLIX
3995
1676
357
MCMXCIX
219
1412
2023
MMXCIX
1739
MMDLXVI
968
MMCDLXXXIX
2273
970
DXV
CMLXXX
1306
MMDCCXXXIV
3693
MMMLVIII
2174
MMMDCXXVI
1950
MMMCDLXXXIV
MDCCCXXVI
3233
MMCCCLII
MMMDCCCLXXXI
2489
MMMCDXCV
MMMDCCLVIII
DCCCXCII
909
MMMDCLXXI
MMMCXXXVII
884
2003
3433
MMMXXXIII
MCLXXIX
1390
880
156
819
246
MDCLXXIV
MMDLXXXIII
MCCCLXXIV
MMCMXXXIX
1771
3826
MMMDCCCLVI
1171
2742
1176
MMCMLXXV
MMMDCCCXLVIII
708
MMMDCXCIII
MDCXXI
3522
MMCMLXXV
1850
MMCDXXXVIII
MMMCCCLXI
MMDCXI
2817
3868
MMMCCLXXXVI
MMMDCLXXIV
3983
225
CDLV
825
MMMVII
DCCCLXXXVI
MDXC
CCCLII
MMMCMXI
389
MMMDCCCLVIII
2382
MMDCCCXV
2599
61
MMMCDXV
MCCCLXXVIII
3898
CMLIII
DCCXI
MMDCCCLXI
MMMCLXXVI
MMMCLXXXV
MDCCLVII
904
DCCLVII
CMLXXX
MMCDXXXVIII
MDCLXXXIII
DCXXVI
CDXIV
3063
MMMDCXXXV
MCXX
2727
3338
MCMLXXIX
1631
3940
597
2148
MCCCLXXXVIII
610
MMDXXXVI
CXCIX
MMCCCLXI
MMCDLX
2458
MCCLXI
658
1966
MMMCLXXXV
MCCCXXIX
1972
MMDXLII
3046
2634
1918
MCDXVII
3286
1648
CCXXI
MMCMXLIII
MMMDXIII
3909
123
CDLXXXII
3424
1168
MCLIX
MMMXXX
3107
437
3498
487
482
MCLXII
MMDCCLXVI
1906
CDXCIII
CLXXVI
56
710
2976
3271
2095
MCMXLVIII
3468
558
2673
2812
1767
2681
MMCCCLXXIV
328
MCXXII
MMMCDXXX
MDCCV
MMMCMXVIII
DCXLII
MMMDLXXXV
1686
CCCXLVII
2172
91
598
MMDCCCII
MCXXXV
2336
1236
250
CCCXCV
3858
MMCCCLXXXIX
MCLXXIV
MMMDCCCXIII
DCXC
3954
MMMCMLXXVI
991
DCCLXXII
MMCCXCV
693
MCCLXXXV
2343
3441
MMMDCXXIX
MMCDXLV
MMMCDXXXVII
MMCDLXXXVII
1709
MMCDXCIX
2300
MMMDCCLXXII
1142
MCCCL
3562
MMDVIII
DCCCXXVI
1088
MMCLXXXIX
MCDV
3610
MMCDXIX
MDXIII
2914
DCCCV
MCCCLXXVI
3360
MMXCI
94
MMX
2398
MMDCLXIV
DCLXXIII
MCMLXXI
MMCCCXLIV
MMMDXLII
MCLXI
MMDCCXVIII
1031
CCLVI
MMMDCCXXXV
MCMLII
1108
2381
MD
MMMDCCCI
1080
430
MCCXC
MMCDXLIV
3251
MMDCCLXXXVI
MMCDXXXIII
75
DCLXXXIII
2569
3037
3313
CMLXXXIV
2338
3573
MMMCMLI
MMMDCCXV
2378
1700
1833
DCXXIX
1567
MDCCCLXXXVII
CMLXV
MCDLXXIX
3897
1904
MDCCCXXXIII
1985
3190
MCCXXXVIII
3850
2186
MMMDCCCVII
343
804
DCCLXXXVII
3497
66
MMMCM
MCMLXVIII
DCCCXLVI
CCXIII
3389
3844
MMCMXXII
CCCXXXII
MCXCVIII
MMMCCCXLIII
3766
1121
MCCCXCVIII
2674
MMMCCCLXV
1508
MMMCMLXIII
MMMCCXXXIII
MXCVII
1195
3738
1225
1640
MDLXXXI
1991
1880
3562
MMCXI
DCCCXLI
MMMDCCCLXXX
MMMCDLXXXVIII
2821
MMMDCCCLXXXVI
1774
MMMCMI
2670
3551
XXXIII
2571
641
3299
MDCII
997
221
MMMLXXIV
MMMDCLXXXII
CCLXIV
MMDCLXII
MCCLXXXVIII
MMIX
CDXII
3394
2256
MMDLXVIII
3885
3312
MMMCDXXII
1258
332
CCXI
2218
MMIV
CCCLXII
158
1183
MMDCCCXV
MMDCCCXVII
3941
MDCCXLV
MCCLXXV
MDCCVIII
2705
3578
2591
MMCMXLIII
MMCCLXXXVI
MMMDCCCX
1273
1338
2145
CMLXXVIII
171
MCCCXXVII
3948
3253
2286
CMLXV
MMCXV
1573
DCCCXIII
MMMCMLIX
MMDLIX
MMDCCXCVIII
MMDXI
MMMDXXII
3790
421
MMCM
1143
MMMCDXXXVIII
2945
MCCXLV
3378
MLI
40
3533
1745
1690
1465
3303
MMCMLXXXIII
MDCXVI
MMDXX
MMMDCL
MDXLI
3174
1010
CXI
209
307
XII
MMDXXXVI
MMCLXXV
MMDCCLIX
DCCXXIV
1775
CCXIV
788
52
MMCCLXXVIII
2325
MCCLXXXIX
1545
148
482
2059
69
MCCCLXXV
1291
3116
3107
33
3075
MMCIV
259
CMLXXIV
DCCCXLVII
MDXXIV
MMMCCCXXXV
394
MCDXXXVII
1745
2858
1959
2634
11
1545
114
MMDCCXXXIII
3811
MCDXXXIV
MMCDLXVII
CCLXXXVIII
DCXLV
1783
408
3122
2224
MMXXIX
MDXXX
DCCCXCI
MMMDXXII
MMDXXXIV
3143
MMCLXXXVIII
3890
3577
917
1845
MDXIV
DLXX
MMMDXLIX
2837
2369
1206
MCCXXV
1584
CX
1447
MCXLI
296
MMCMLXXXVII
MDLVII
864
3859
MMMCCCLXXIII
2466
1459
3074
2343
MCCXI
1206
2414
MDCLXVIII
MMCMXLVIII
MMMI
CCXXXIX
MMMDCCLIII
3502
2741
CDLXXXII
MMM
MMDLIII
2315
3264
MMCCCXXVI
MDCCCXLIV
2252
1766
107
CMV
2637
2842
MMMCMLXXI
1570
MMDCCLIV
XCIII
3481
MMMCCCLIX
1528
MCXV
2083
2116
101
2804
MMMDCCCLXXXVI
2579
3767
3453
66
MMLX
MMDCCXXXI
MCLXVI
MCMXCVII
3481
MXCIX
MMDCXLIII
LXXXIV
MXLIII
MDCXVII
1473
381
MCDXVII
CMLXIII
MMXCIX
3495
MMCCLXXII
MCMXXXVIII
1039
3519
DCVII
MMDXVII
MMMCDXCIV
2953
LXVII
2359
1882
2613
2451
2581
1301
MMDCLXXVII
121
1549
150
CCXC
1994
MCCLXXXVIII
MMMCCCIV
MDCLXXII
MMCMLXV
1216
MMDCXIV
2656
424
CMXXVII
1262
MMDCCXXXI
MMCMXXIV
MMMCCXCIII
299
MDXLV
CXXVII
1664
MMMLVIII
3552
MMMCCCXLV
MMMDCCCXV
DCCCVIII
CMXXII
3603
3311
118
CCCLIII
MCXLVI
MMDCCCXL
CLVII
225
1968
2910
MMMLIV
281
238
DLXXII
MDXCVI
3336
MMMCCXLV
2811
1369
2192
MDXCII
1728
MMDCCCXCIX
2208
3397
CDXCV
1715
2388
MCCXC
3929
MMMCXLI
MMCCCLXI
MMDCCIV
101
MCXCII
MMCDXII
CDLIV
MXLIII
940
MMMDCCIV
3708
CMLXXX
3753
2755
MMDCLXXXVIII
2859
1026
MDCCLXXXV
CMV
1103
607
965
MMCCLV
DI
MMDIX
2526
MDCL
MMMDCCXX
MMDCVI
MCCXCVIII
2973
CLXXXIII
MMMCXIX
2457
MMDCXXI
3731
3941
3156
MDCCCXCVI
MMMDCCLXXVII
1988
1651
694
MCDIII
MMMCMLXXII
2480
957
MMMDCXCIX
1879
CCCLXXV
MMMDCCCXCVIII
2503
1677
1971
MMLVII
2122
MMMXLI
1242
13
MCMV
DCCXLIV
1128
MCCLXXVIII
1034
2993
MMCCCLI
226
MMMCCLXXV
CDXXVI
2705
MMCCXXXIX
1290
1477
MMDLXXV
2125
MCCCLXXXVIII
MMCCCLXXXIV
265
MMMDVIII
1257
XXXII
2821
CCXLVIII
DCCVIII
3844
708
MMLXXXV
CCCXXIII
2890
MIII
MDCCLXXXVII
702
MMDCXXVII
MLXIV
2572
MMDCLVIII
661
2994
MDCCCI
CMXXXIV
MMCMLXIV
2347
3543
2343
3378
MMMCMXIII
MMCDLXXV
MMMLXVIII
471
MMCMXXXI
MMMDXXXIX
176
C
MMCCXCV
MMCMXLVI
1958
2054
374
1972
2854
MMMDCCCXLII
MCCLXXV
MMMDCCXII
540
CCCI
MCXIX
1197
1395
1377
1476
2932
MMMCLII
3182
MMCCCXCVII
MMMCMLXXXIX
MCXXX
1285
MMCDXXII
3319
CLXXXVIII
463
MCCCXXII
CDLXXXIX
MCCCXXIV
3180
MMCLXXXVII
660
MDCXXIII
2588
MMMCLXXVIII
MMMDCCXXIII
MCCCXCII
MCDLXXXIV
1991
2406
2735
344
MMMCCIV
MMMDXXXIV
3347
3049
MMMCLXV
MMMCCXLIII
3429
848
MMDCCXXXI
2228
3440
135
MMMCLXV
1980
3073
3183
2785
MMMDXLVI
MDCXVI
352
1301
MMCMXI
1216
MMCMLXXV
MMMCCLXII
MMCCCLXXVII
2563
MMMCCXXIII
292
3183
1561
CDLXXXV
DCCCXX
MMMDCCCXI
1572
1143
1782
MMMCCLIII
2074
MMMXXIII
MMMDCCCXXXIX
CLXXXIX
CLVIII
3630
MMMDCCCLXXX
MMMDCXCII
MCCCXCVII
MMMCDLXXIII
855
2242
3391
CMLXXXIX
MMMCCCLXXII
2439
2059
MMCLXXX
3763
858
797
MCDXLVII
MMMDXXXIV
1600
MMCCIII
MCCCXIX
MMMDCCXXIX
679
375
1969
650
MMMDCLXXII
1816
MDCCCXCV
MCXLII
772
MCVI
2719
3328
MCCCLXIII
M
3187
MDCCLXXIV
DXCVII
383
MMCCCLXX
976
MDXLVIII
1343
MMCXII
2549
CMLXXIII
2330
MMMIX
MMDCLXXXII
3333
2697
2640
2876
711
MMCDXXIV
2814
2436
2762
DXCIX
MMMDCCXIV
778
MCMLXXIV
MCLI
CCCXLVIII
2447
CCLXIX
MCCCLXXXVII
MMCMXLIV
3997
980
MMMDCXXXV
MMCCCLXXXI
3257
MDLXXXIII
CCLXIII
CMLXXIX
2431
MDCLII
MCCCXVII
2647
1872
MDCCXXVI
MMDCCLXVIII
MMDCLVIII
1317
143
2461
111
CCLVII
2650
DCLXXXVII
CMXLI
MMCMLVIII
MMCLI
MDCCXLIX
1905
3366
2351
MMMLIX
DCXCVI
3903
MMMDCLXXXIX
111
MLXIX
202
MMCMXVII
MDLXX
MCCXI
CCXXII
2866
DCXCIX
MMCCXXXVI
1897
MMMLXIX
MMCCCXCII
MMDCCLXXIX
MMMDLXXXVI
MMCLVI
MCCCLXXXIII
MCLXXII
151
MMCCCXXIX
3733
CMXIX
MMMCCCXLVIII
3718
2938
MDCCCXXXIX
3080
3503
MMDCCCLIV
987
1495
2502
2078
2369
546
MCCCXXXIX
MMMDXLIV
3506
MMMCMXXXVII
1071
MCCCXI
3488
2565
MMMCCLI
MCMLXXII
MMMCLXXXIII
2969
MMCCCLXIV
3984
3935
1206
CCLXXIV
2238
MMDCCLXXI
DVIII
2768
2681
3005
MMMDCCLXV
MDXCV
MMDCCLXXXIX
3207
2349
MMMCCCXXXVII
MMCLXXXI
3918
MMDCCLXXI
3110
MDCCCLXXV
DCCCLXXXVIII
CLXXVIII
MMDXXXI
1273
MMMCCLXXII
MMDCCXVI
MXCIX
332
MMCCXLII
3546
291
MMCCV
3112
MDCCXV
LXV
2449
LVIII
839
MMCCXX
3201
1874
2532
MMDCCCLXXXIX
MMDCLXXI
3998
951
MCCXC
CCXXVII
3473
3451
MLXV
858
MMMCMXXXVI
1308
CMXCV
2197
DCCLXIII
MMMDXXX
XXV
CDXXIV
MMCCCL
2545
MDLXIII
2588
1820
MMMCMLVII
XXII
MXCVI
MMMCCXLVIII
1800
MMMDCCCLXXV
1496
MCXXXII
MMMCCLXVII
MMCCCXCV
MMCMLXXVII
CCXXXIV
2164
CDLXXXVII
1934
3351
MMMDCCCXIII
MMCXCI
1707
68
912
729
1144
MCCCLIII
MMDCLXXIX
MMXLVIII
2346
MMCMXCIV
1413
MLXXXIV
3040
MMMDCCLXII
1470
3635
MMMCDXVIII
934
2535
MMCDXXVIII
MMDLXXXV
3603
CCXLVIII
239
514
710
MDXL
MMXLII
3768
583
MLXXXIII
2362
290
MMCMI
1211
2800
2999
1713
MDXLVI
812
551
1870
MDCLXX
MMMDCCC
MCMXLII
MMDCCCL
MMMCDXXI
DCCCXCVII
DLXVII
XVIII
2622
1298
MMMCMV
3138
MMMCDXXX
MMDXXXII
113
3867
3328
3802
1704
3992
1811
1563
MMCDXXXI
2410
1545
MCCLXIX
DCXLIII
1673
MMMXCVII
MMDCCCLIX
MMDCCXXVIII
3771
MMLXXXIII
2680
1264
MMMDCXXVIII
MMLXVII
MCCVIII
MMMCLXXXVII
1889
463
1664
MCCCV
CXCVIII
MDCCCXLIV
CMLXXXVIII
CDXLIX
MMMDCCCXLV
1513
DLXXV
MMMCCCXXX
3115
MMMCMLXVII
DCXXXV
3195
MMMCDV
230
MMMCMXCIV
MMDXXXVI
MXIX
3803
MDLXXXVIII
MXXIII
CMI
MMDXLI
MMMCCCLXX
1173
MMCDXXV
DIII
127
MDCCXCIX
2187
MMCDLXXVI
MMCDII
MMMDCXLIV
MMDCCII
3952
MMCDIII
MMMCXVII
1942
MMDCCCXC
991
1641
2236
48
806
CCCLVI
MMMDCCXXXI
MMLIV
MMCMLI
2920
MMMDCCLXXIV
1398
88
1641
3039
575
2043
446
659
MMMDCCCXLIX
MMCM
1817
207
MCCCXXIV
MMMCDLXXII
MMDCCXC
672
1404
654
MCMLXVIII
MMCCCLIII
120
2375
3140
MMXLVI
MDCXLVI
676
3926
3573
364
MCCLX
MMMDCCXXIII
DCCXLVII
1773
DLXVII
1580
2669
49
1652
1621
MCDXXV
MMMDXXVI
MMDCLXI
548
3811
MMXII
3865
MDLXXV
482
448
MMCDXLII
MMMDCLI
MCCCX
MMMCCCXCII
2075
CXVIII
MDCCLVIII
1063
2015
920
CCXIV
1858
MMMDCLI
2399
3743
MCLXXV
CDLX
3693
2224
3750
1568
885
1851
MMDCCLXXIII
MDCXXII
MMDCLXX
MMCCCI
MMMDCCCXLI
MMMDCLXXII
MMCDLXXV
DIX
3883
MMMCMXLVIII
MMMDLXIII
MMMCCCLXXIX
2117
3234
3794
2422
MMDXLIV
490
167
1562
1480
MCLXII
MMCXV
3410
DCLV
2703
MMDCXXIV
DXLI
DV
2993
2585
MMMCCXIX
2092
MMCMLXXVII
MMMDCXXVIII
3562
1270
1895
3450
2429
MIII
CCLXXXII
560
MMMCLI
CL
MCCXXVI
2474
3433
685
501
3750
884
1257
MCLXIX
1227
3150
178
344
MMMCDXL
MMDXI
2018
CMLXII
3227
2036
MMDCCLXV
1304
MMLXXXV
MXCIX
1635
MMMCCCXXXVI
CCXXXVI
MMCDLXXXIII
MDCCCXCIX
496
1358
MDCCLX
MMMCMLXXX
3608
MMCXXXIII
MMMDCCLXXVIII
576
MCMXCVIII
MDCCCXLVI
3353
3363
1717
1633
XXVIII
CMLXXXVIII
2495
1454
CCXXXIX
CCCXXXIV
3547
274
271
230
1467
3992
CCCXI
2303
3294
1884
1775
MDCCCXL
DXXXII
1317
2545
647
737
191
2020
2615
2554
LXXVIII
1089
2370
MMMCDLXI
CDXVII
MMCCCXCVI
MMMCLXXVII
686
1593
MDCXXXIX
MMCCCLXXII
3180
MMDVII
DCCX
MMCCCLXXXI
MDXXXI
2171
MMMDCCXCI
MMMVIII
MXCVII
973
MMCCCLXXXVI
2154
2469
1639
MCDLXXVI
3881
MMMCDXCVIII
CCXLVIII
984
CCCXXV
3059
534
MCCCLXXXII
35
134
MMMCLXXXIX
2538
918
MDCXLI
XXII
MMMCMXXXIV
MMMDCCCLXXV
MDCCLXVI
591
3639
1307
1519
MMMCDXII
MCXII
MMDCCCXIX
CMLXI
913
MDLXVII
555
MDCCCLXXV
120
XXIII
753
MMMCCCXCIV
DCCLIX
MMMCDIV
2943
3885
3428
CCCLX
3443
3963
CCCLXXXVII
MMMCDXLIII
MMMCMLXIX
97
1569
1023
MMDCCXCIV
357
MMDCXV
1246
MXVIII
3985
MCCCIX
MMDLV
2050
MMDCXVII
1333
56
740
MMMDCCLXX
MDCLXIV
1370
MMMDCLII
2682
MMMDCCCXCVII
CCXXIX
2175
485
1192
2035
MMDCCXXXII
2452
2745
463
2533
2401
MMMCCCLXXXVIII
DXIII
1781
MMCXLIII
DCCXIV
MCDXXXIV
D
DCCVI
3554
875
MMMDCCCLVI
567
3986
2095
1001
MMCXCIV
2092
14
1505
2024
DCCLV
MMMCMLXX
CMXCVIII
3752
200
MMDLXXXVII
111
169
2658
790
CLIV
1910
MCLXXXIX
MV
MCMXLIII
48
3806
2973
1385
843
2657
3886
MDCCCLXXII
3012
3051
608
MMCCXXV
2171
MMCCCLXXVI
DCXXXI
MMMDCCLIX
975
304
3949
MMDCCXLIX
MMMDXI
575
265
2537
1678
MMMDCCLXXX
MMMCCLVII
3489
2078
3002
MMDCCXLVI
MMCDLXVI
1069
1188
MCXXXIV
978
MMCX
3975
907
371
380
CMLIV
MDLXII
2742
MDXXXIV
3881
613
MMMCCCXIII
MMDCCXXII
CCLIII
DCII
1669
3570
81
DVIII
1994
MMMCDLXIV
24
304
MMMDCLXXXVI
208
2162
3166
1983
11
1586
1240
3561
1121
MDCLXXXIII
MMDCXC
CCLXXXVIII
3843
MMMCCXIV
CV
2332
CDLIX
MMMDCXXXV
MCMLXIV
DCCCL
2640
2367
MMDXCVIII
CCCLVI
MMDCCCXLIX
MMCMXLII
XXIX
MCCLXXXV
MMMDCCIV
3947
MMCLXXI
1005
412
CCCLXXVI
DCLXXI
DCCVI
CCXVIII
MMCCLIII
MCDXVII
1523
MMCCCXXXIX
1574
MCCXXXII
2565
1247
MMDCXXXIX
CCXXV
MMMCCXXVI
MDVI
236
CLXXVII
MMDCCLIII
MMIII
XXXIX
MMMDLXX
MDCCCLXXVIII
2827
151
619
MMDCCXXIV
813
MMCCXVI
2916
CDXXXVI
MMCCCL
1698
MMMCCCLXX
MMDXCVII
MDXIII
2282
2291
1081
MCDXXII
3666
MCCCLXXXIV
1495
DCLIII
MMCCXCVII
MCDXXV
MMCCCLXXVIII
DXLV
MMCMLII
3300
MCCXLI
313
1323
MMDCXLII
MMMDCCLXXXI
MMXLVIII
MDLXXXIII
MMCCCLVI
52
MMMCLVII
MMMDCCIX
1860
MMMCXV
MMMCDLXXVII
CLIX
959
1932
40
3514
DLIII
3339
148
3906
3943
2845
3581
MMDCCXLVIII
MMCX
MMMCXIII
MXVI
319
MCCCLXXIX
3613
3552
MMCCCLXXXVIII
DLXXVI
2703
2994
MMDCCCXCIV
708
3811
DCCXL
MMMDLXIV
MMMDCCCXXXVII
1137
1934
MMMII
CDLXXX
1926
3358
3515
MDCCCXXIX
3389
DCLXXVII
3410
105
3897
DCCXCI
1957
448
1370
3393
MMMCIX
MCDXXVII
2194
CMXXX
MMDCCCLXXXV
MMMDCCCXXIX
MCL
MMCLXXIII
439
MMCCII
270
MMCCCIX
CCXXXVI
1107
2123
MMCLV
2861
3336
MMMDCLIV
MCDXXXVIII
MCCLXIX
2009
MMMDCCLII
41
DCCCLXI
MCMXIII
MCDXVIII
3678
MMMCXXVI
DCLII
1637
177
MMMDCCCXXIII
2590
1525
MDLII
3929
MMMDLXXXIX
963
CDXLI
1880
MMMCCLXXIV
819
MDXXXVIII
2930
3745
1128
MCXI
2778
MMXXVIII
DCCIV
1925
104
1142
2124
2505
2872
CLXXXIV
2191
DCCCL
DCCLI
MMMCMXXVIII
MMDCXLV
MMXCVIII
1573
MMMDCXXXV
1745
MV
2747
2540
2913
3468
2588
555
MCDXCIV
1468
MDCCCXXXIV
MDCCXCI
1263
2074
3402
CDLXXIX
1119
1785
262
MMCCIV
2504
1962
DCCXCVII
1567
678
MDCLXX
1889
MMDCCXXXII
3529
MMDXCIV
3672
MMCCXCVII
MMDCCLXXXVII
MMMCDXCIV
1364
MXLVII
CLXXIX
3342
3021
3100
3696
MMXXVIII
MMMDCCCXXV
569
MMMCCCXXXIV
DCCIX
MMMCCXXXIX
2007
3893
3927
DCCCXXVIII
MMDCCL
2383
2355
MCMLII
2820
MMCMXXIX
504
MMMCCLIX
MCDXCIV
3955
2464
3104
MCMIV
MMMCXXII
MMMDCCXLVII
MMDCCXXXII
3314
MMMCCCXIII
MMMDCXXVIII
MMCCIII
MMDCCIV
3615
1743
271
3762
2701
126
MCCXCII
3113
3762
MMCCXCI
MMMCCCLIV
MMMDCXXV
DCXCIV
MDLXXVI
2923
1173
MMMCDV
MMCDXLIII
MMDCLXXXV
2855
MCDLXIX
MDCXCVII
MMCLI
3000
CDLXXXVII
CDXXXII
3121
18
CXXXIX
MMMCCLXV
3101
MXXXI
DCLXII
1168
MMMCMXI
3409
3580
1560
MDCXV
MMMCCCLXXIV
3558
440
1997
MMCMXXXVI
MCCLXIV
3308
MMDCCCLXXIX
1883
484
MMDCCLXVI
1939
1368
MCDLXX
3206
CCLXXXV
MDCCCLXXIII
3098
1191
184
MMMCDLXXVI
MMMCCXLIX
MDCLVIII
3468
2166
MMCDXXXIX
MMLXVI
MMCCLXX
3501
3664
MMMCCXL
3470
MDCCLXIII
1679
2092
1880
MMCCI
3166
2097
MMMDCCC
LXXIII
551
1499
1572
MMMDCXXII
664
MMDCXLIII
CCCLXXI
1349
X
MMDCCCXIX
MMCXI
MMMDXLI
191
2808
MMDCLXXXIV
3982
CMXLV
2568
MMDCCLXVII
1557
2767
3465
MMMDXL
395
MCCCLXXVII
MMMCCXXIX
MVII
2565
402
3258
2940
MMCCXCIX
CCCXXVI
842
332
MMCLXI
LI
MMDCCCXXX
DCII
2078
MDXXIV
3900
MMMCCCLXXXVI
MCXXX
1830
1985
1437
3355
1025
MMCMXLVIII
MCMXLVIII
1403
MMLXIX
CDXLII
1831
MMDCCCXXXV
DLXXXV
CCXII
MCMI
CCXLIX
2113
687
MLXXIV
241
1237
DXLVIII
3051
2123
MCCCLV
MMCXLVIII
MDXLVI
MMMCCCLXXXIX
1274
3247
MMMCLII
2653
MMMDCCXXVIII
MMMCCLXXXVIII
MCMLVII
MMCCCXXXIX
MMCCL
DCXIX
1875
887
697
MMMCCCXXX
3305
2709
1806
MMCXX
XLIII
3536
207
MDCCXLI
702
1972
DCCCLXII
MCCCXXXIII
MMCCLXXXV
444
2676
3092
MMDCCCXXXIX
MMDCL
1928
3536
MMMCMIV
1574
MCCCXVII
2705
MCDVIII
MMCDII
CLXXXVII
712
MDCCLXIV
CCCLVII
3325
MMMCLXXXIX
MDCXVIII
CDXLVI
MDCCCLVI
CMXLIV
MCDLXVII
MDCXCIX
MMMXXXII
MMDCCI
MMMCCCLXXXVI
MCCCLIV
2173
MCDLXXI
MDCCXXXI
1829
MMMXXVI
CCXVI
3621
MMMCCCIV
MMDCCCXXXIX
CCCLXXIV
807
MCDXLIV
MCDIII
CDVIII
MMMCMXXIV
MDCCCLXXIII
83
2973
MCLXVI
3156
3182
390
2948
3102
MMCDXXVII
941
MMCCCXXXI
1929
MCCLIII
2303
CCCX
MCCCXII
1204
1318
MMMDCLV
3269
MMMDCCXCVI
3903
1978
1340
2003
593
MMCDLXXV
3399
MMMCMXXXV
MMCCCXXV
MMMDCCXXI
1771
MCMXXXV
3307
MMMCCXCIX
2808
MMMDCCCLII
2180
MMCCCLXVIII
MMMXXIX
2284
CCXXIX
CDXLV
MMDCCXXXVI
MMMCMVII
MMCDXII
1660
1789
MCCCXX
MMMCCCLXVI
2020
MMDXXXII
1163
MDXCVII
479
MMXCVIII
MCCXXIII
180
MMCCCXVI
3793
MDXXV
311
DCCCXXXVII
369
1459
MMMCMXXV
MCDXXXIX
1786
1908
928
MMCCXCIX
MCMLII
833
MDCCXLI
MCDIV
MMMCCCVIII
MMMDCCXLIII
MMMCMLXX
MMDXXVI
MMDCCLXII
3078
2350
1678
MCCLXIV
3318
CDXCI
MDCCI
921
MMMDCCCLXIX
DLX
3346
1611
111
CMIV
MMMCDLVIII
3649
MMCXLIII
MCXVI
MMMCDXL
3271
MMMDCLII
MCX
3109
MCCCLXIX
3009
2915
MDCCCXCIV
168
MMMCCCLXIX
CMXCVI
XXII
CXLVI
1507
MMMCCCXIX
640
1189
1080
MMCLXVI
MCC
2885
MMCCCLXXVIII
1520
CDLXIX
2780
CCXVIII
MDCCCXXXI
MMMDCCC
MMCDLXXXIV
MDCCCXLI
1173
MDVI
2578
3061
1259
DCCCXLVIII
1027
DCCCXXXIX
DCCCLXXII
2255
3486
CCCVIII
3284
MCXXIX
MMCDLXXVIII
MMMDLIV
571
LXXV
982
MMMVII
1549
972
MCCCXXXII
MMMDCCCLVI
3569
3017
3938
3590
3585
MCMXXXVI
1584
MMMCMXLVI
MCCXCVIII
MMMDCCXXX
1576
695
MMDCCCXLVI
1872
3659
1650
MXCVIII
MCDL
3820
MCLXXXVII
3323
MMMDCCXVI
MMDCXLV
DCCCXCV
3530
2179
2940
777
3429
3850
2742
2284
3711
506
3811
CLIX
1856
MMMCMXCI
2054
MMCCXIII
3680
2717
3986
2431
2525
711
2528
1832
MMDXXXII
MMLXX
DCXXXII
1794
3790
CCCXCI
3776
CCLXXXVII
1751
2156
CCXII
MMMXCIII
1983
2937
MMCV
MMMCMLXXXII
3499
1590
1048
306
MMMDCLX
CDXV
MMCMLVIII
MCMLXXXVII
MMMCV
1607
DXLV
MDLVIII
MMMCXL
1263
1110
MMCCCLXXIII
MMDCLXVII
2092
1063
MCXXVII
MMDCCXLII
MMMDCXXXV
1081
959
2962
CDLXIII
569
MCCCXCVII
MMCDXV
2593
570
CDXXIV
406
457
MMLXIV
MMMDCXXV
CXVI
962
2483
LVI
MMCMLVII
1541
MMMDCXXII
1507
3162
3274
MMCMLXXIX
1216
MDCLX
72
1975
2891
MDCCLXXXVII
1483
DCCXXXVI
MMCDXIV
MMCCXL
531
MMMCCLXVIII
MDCCVI
MDLXXXIII
MMMCCCIII
1488
MMMLXVIII
3267
2971
MDCCLXXXII
2058
MMCCCXXXII
307
MCXCV
MMDXCVII
2370
3232
1147
3163
MMLXXVII
DCCCXXXII
957
MMCDLXIII
MMMDCLXXXII
MCDXXV
MMCLXX
2763
3188
MDCCXLVI
838
MCMXLIII
MMCDXLVII
MLXXIV
MMMCCLXVI
MMMDCLVII
2728
MMDXCVII
LXXIII
MMLIII
CMLXXXI
MMDCCCLVI
MMDCCXXVI
2786
2595
MMDCCCXIX
MLXXVIII
MCDXIV
MMMCDLXXXIV
MMMCCCLXXV
3130
MDLXXII
2249
MMDCLV
159
DCCXVI
78
MMDLV
2872
3838
MMMCCCXLV
CCLXXIV
636
MCXV
2042
1514
59
1271
CCXXXVII
MCCCXLVII
MDXLI
248
CMXXIV
MMMCMIV
3602
1647
MMCLXXVI
MMMDLXXVIII
2898
1605
MMMCMXCI
MMMCDLXXI
3415
214
3234
2822
1622
MMCCXCIII
1024
1726
715
MMMCMXLIX
CMXIII
MCCCXCVI
3938
MCCCXC
2432
MXLV
3484
DCCCLXIV
MCCCXC
1276
MMMDCCXV
798
2398
MCLVIII
MMMCCXLVII
673
MCCCLXI
CMLXXII
1186
CCXCVI
2691
2085
DCXLIII
MMCLXXX
3300
MMMDCLXXXI
MMMCLI
388
1441
CDLXXXVI
MDLVI
842
1985
MCMXXXVIII
MMMDCCCLXXXVI
3207
3224
813
MMXXX
MLXXIX
1573
629
MMMDLI
1397
3157
802
MMDCCCLI
MDCCCXV
MMCCCXCIV
MMMCCCIII
MMMDI
3189
1581
247
MCMXCIV
MCCLII
MMMDCLXXVIII
728
81
MMDXVI
1207
1216
1328
1327
1798
3087
355
MMDCIX
MCLXII
2753
2866
3405
MCMXXXVII
3183
1886
MMCLXVI
MMDXXXVIII
MMMCXLVI
3342
CCCVIII
3576
3262
494
3020
MMMXIX
3579
861
373
DCCCXCIII
3325
3797
MMLI
MMMDCCCXVIII
394
3495
XXXIV
1228
3675
2871
1129
631
68
3676
1172
MMDLXXX
MMDXV
2922
MMMDCCCLVIII
1447
CCCXXII
2867
MCDXLVI
1920
3384
MDCLIX
2053
559
MCCXXVII
MMMCCCXXV
2967
MXX
1365
MCLXIV
3090
CDLXXV
1824
2962
954
1493
MMMDCCCXCVII
CDXLI
XCIII
MMMCMLXXV
MXLVIII
MCX
MLX
1930
1808
MMDCCCLXXII
MMMDCLVII
3188
3547
189
1975
3076
2350
MMDCCVI
MMMDCI
MMCMXXVI
1172
2298
908
841
1719
DXL
1294
3058
DXXIII
215
MMMDIII
2020
2108
MMMLVIII
3994
CDXXXIV
3479
1320
CMLIV
DCCLXVII
81
2896
3589
277
CCCXXV
DLXXXI
119
3527
MMMCXXVII
2297
MMMCLXXXVI
2711
MMMXXXIX
MMMDXV
CCVIII
CDXL
MXXXV
390
MMDCCLXXVI
MMCMXIV
DCCXXXVI
CDLXIII
2357
3448
MDCCXVII
2990
869
3200
393
1613
MMCCCXLV
CXXXI
152
945
3203
3210
2761
3323
749
MMMCXXXVI
2521
40
640
MMCLXXXVIII
MDCCCLXXXVII
MMMCDIV
CCCL
3636
3039
441
1832
MMDCCXVI
2578
MMMCMX
3837
3899
418
1588
MMMCCLXII
CDXXVIII
MMMDCCCXXX
2301
17
MDCXXIII
MLXXVIII
1875
2779
MMMDCXVII
MMMXCV
3440
MCXXVIII
CCXLV
MMCCXCVII
2410
MCCVII
3033
MMDLXXXVIII
2919
3107
1313
2915
MMCCCVII
MMDCCCXXXI
MMCCXXI
1384
1613
MMMCCCXIX
MDXX
MDXXVI
MDCCCXLVI
DCCXLIII
MDCCCLVI
MMMCCCXXXIII
MMCDXLIX
MMMCCCXXII
MDCCCLXXV
CMLXXI
MMDCCCXXIX
CMXLI
3418
CMXXXI
DCXLVI
3111
200
1996
1788
MMMDCV
MCLXXIX
CCCXIII
CDLVI
MDLXXVI
1359
2429
3794
MMMCLXII
CLXXI
528
MMCCCXXVI
CLXII
DCCLXXXVIII
2141
3575
MMMDCCCXV
1101
2111
MMMDCCLXXIX
2830
1894
CCXXII
MMMCCCLV
396
890
MMDV
MDCCCXLV
MXLVIII
MCCCVI
MCMXLVIII
305
MCCII
3185
1721
2545
MCCXLVII
MDCLXXXVI
3762
615
1451
1347
398
610
1159
1862
MMDCCLIX
MMXVI
LI
MMCCCXLVIII
MMDCCCLXVI
CDXLV
2276
2196
CMLXVIII
MLXXXVII
85
DXLIII
MMDCCCLI
CDVII
1714
MMCXLVII
MDCLXXXII
3475
326
353
3351
MMMCCLIII
MMMCCLVIII
MMCCCXXII
DCCCXCIII
MMMXXVIII
3504
620
MMDCCLIV
MMMDCLXXV
1991
3000
MDVII
MMCCCLXVII
3558
3854
969
912
3487
2112
3044
MMMCCCLX
MMCCXXXI
597
3663
MMMDCI
1057
410
CMXXXVII
MMMCCCLXVI
MMCMLXVIII
MMDLXX
CMLX
DLX
358
1500
2432
MMDCXXXIII
MCCCXXIX
3023
MMMXII
1776
MDCLXVI
3926
2567
3681
MDCCXCI
459
735
MDLV
CMXXXII
669
1622
DCCCVI
3811
54
MMDXC
3139
3695
CCCXLIX
784
3788
CDLXVII
2081
MMCCXXVIII
MVIII
545
2703
3904
LXXVII
MMMDCCCLXXXII
395
MMDCCCXCV
MDCCXV
MDLXXXVI
CMXCIV
1754
3950
MMLXXXIII
MMCLIII
MCCCXLI
595
MMMCCXXIII
2094
2097
MMDV
MMDCLVIII
MMMCMXXXVII
CCCXCVII
155
CCCLXVII
324
3866
CDXXXIX
2881
MMDCLXIV
DLXXXIV
MCCCLXVIII
MDLXIX
2092
140
MMDCXXVIII
CXIII
3579
2677
1085
3661
3008
3252
MCMLXX
2487
2400
3834
791
MCMXLI
1462
3093
2114
CDLXXXI
DCXI
3274
1918
MMMDCXXII
MDCCCLXXII
MMCCCXXVII
1834
MCMXCVI
MMMCDXXXVIII
DCL
MMCCCXXXI
LXIV
3293
MMCCCV
MDCCCXXXVII
MMDCCCXCVI
789
MMMCXXV
MMMDCCLXXXIV
MDCCXCIX
2020
MCMLXXXII
1
3676
MMMCMLIII
2569
MMCCXLI
2438
845
1714
MMMDCCXIII
MMMDCCXIV
3902
CMLI
CMLXVI
642
MDLXXII
1596
MMCCCIV
3391
MCDXC
CMXXXI
MMDCLXXIV
1222
MMMCXXXVII
MMCXXXIII
MMMCDLXXII
379
DCCXLIV
MMCDXLV
DXLV
MMDCCCXLV
3530
470
CDXLI
2448
2054
3710
MMDCCII
MDCCCLXXXII
719
150
CDII
CLXXXV
DCLXXIX
MMDCXIV
MMDCCXX
2891
276
CDXXXV
2035
MCDLVIII
MMMDCLXXXV
3015
3603
MMCCCLXV
384
MCDL
3507
2485
3716
956
3887
3782
MMMCCCXX
2461
MMMXIV
DCXXIV
1528
MCLXXXV
CCCLXXXIV
MMMCMXXXV
MCCVI
MDCXXXV
467
2136
MMMCMXCV
2277
LXXXIX
3997
MMMCCLXVII
MMDLXXXVII
2565
3181
MDCCCIII
XI
MMMDLXXXIX
2451
CCCLXVIII
MMMDXXIX
XXIII
MMMCCCXCVI
1413
CXXXVI
MCDXXX
MXCI
3509
MMMCCCIV
DCLXXIII
975
136
MMCI
MCCCLXXXI
MMXLV
3669
3670
3230
MMDCCCXCVIII
3268
3119
1035
DCCXIII
MMCMXXXIV
2424
713
3965
888
MMCCLXXXII
803
MMMDCCXX
3832
MMMCDLXIII
MDCCXXXV
2411
MCDLXXII
MMMCLXIV
3593
MCXXIII
MMMCDXXXI
MMCMLXVIII
1238
609
MMMDXL
955
MCCLXXIX
MMMCXII
2146
MMDCCXVIII
MMCCCXCVIII
3891
CCCXLIV
LXXII
3166
MMMDXXXIII
MDCCXXXIII
MMMDCXCVIII
MCLXVIII
2991
MMCDXXIV
3103
3814
MMMXI
MMMDCCXLVII
CCCIII
MXLI
MCCCXXVI
957
DCLXXIV
MMMCCCLVI
2033
3321
1086
554
MCCCLXXXI
822
MMCDXCIII
MMDCCXXIII
MCMIX
2424
MMCMVII
3437
2261
1301
MMMXCIX
MCDXLI
MDCCXCIII
3218
MMMCLXXII
MMXX
MXLVII
2575
MDCXXXV
497
2819
MMMDLII
DCCVII
3423
MMDCCCLXXXII
CCXLIII
MLVIII
MMMCCLXXIV
MMDCXXXVIII
DX
CDXL
2848
436
2127
1251
MMMDCCXXXVIII
MCMLXI
1875
MCMXC
MCDXXI
MLVI
MMDXCIV
MCMLXIV
1214
LXXXV
MCM
343
3474
MMDLXXVII
CXLV
MMDCCVI
DXX
510
3227
DXVI
1550
1647
MMMDLXXX
3949
719
1455
MMLII
3353
MMMCCCLXXV
2371
1440
1014
MMMDCCXX
416
2953
1689
CMXC
1978
285
2278
47
MMDVIII
1341
MDCCLXXXIII
MCCCXCIX
MMMDLXI
3570
3022
MMMCMLXXIV
DCCCXIII
1604
583
1586
3224
MMDCCCXLIII
1755
3368
3453
MMCDI
MMMDLXXXVII
MMCMLVII
1164
2255
1693
1480
MMMDXLII
MMDCCCLXXXVIII
2312
425
1068
MMMLXXVI
MMMCCL
3161
MMMCXCI
184
CMXX
MDCCCLXXVII
MMCMLIX
1767
MCXV
264
MMMCCCXXXVI
MMMCCCLXXXII
1137
3626
3129
1952
413
626
3214
2320
MMXLII
1268
3076
2474
MIII
824
DLXXIV
2080
MMCXIII
2706
CMLXXIII
MCCXVI
316
533
2820
MMMDCCCIV
MMDCLIV
DCCXCIII
549
MMDXLII
MMCDLXXXVIII
MCCXCIII
MMMDCCXXIII
MMCMLXIII
1190
2503
1826
1312
LXXXIX
2585
CCCLXIII
MMMCDLXXVIII
463
MCDLV
MCDXXVIII
MMCD
MDCCCLXXXIX
MXXI
2988
MDXL
2863
217
MMXXXVIII
3009
MMCCLXXXVI
3640
2228
MCCCXII
1919
MMCCCLXXVIII
74
MMMCXXXVII
CLXXXV
DCCXXXIII
2153
2074
2005
MMMDCCLXXXIII
MDXLI
MDXCI
MMMCDL
333
2175
DCLXX
CCCXLVIII
MLXIII
2936
MMDCCLXXV
XIX
1858
3284
1518
1858
3782
2648
2425
MCMXCIV
154
604
DCCCLIV
MMCMXLIV
MMMCMLXIX
2981
662
3752
MCML
MMCCCXXXIII
MMDV
1190
311
CCCIV
1352
XLVII
848
3956
2616
3895
1113
MMMDCXCI
2236
606
DCCCLXX
MMMDCCCLXXI
MCMLXVI
2468
MDCLVI
1234
MDCCCXXIII
3656
MMDCCCV
1742
3596
CMXIV
MMCDLXII
MMDCCXXVII
MCDLXXXII
MMDCVIII
3737
353
MMMCDLXXI
MDCCCXI
2057
1533
469
3597
1250
2738
MMMDCXIX
CMXXXVI
590
1485
MDCCXIV
3000
494
3977
MMMDXCIII
MDLVIII
1370
MMMDLXXXII
631
3384
MMMDCXXIII
699
928
3391
3110
MCDLXIV
2828
452
CCCLVI
MCCVII
389
3408
2599
1142
1152
CCCXL
2500
MDCCCXXVI
MCLXXVII
82
1773
MDCLXXII
1927
MCXI
2908
MMMDCCCXL
DCCXLIV
MMCCLI
1454
2087
MMMCCCLXIV
2225
DCCCIX
3265
MMDCCCXXXVII
2862
MMMCCCLXXXIX
3575
381
MCMLXXXVIII
MMCXIII
MMMDLIX
DCCCXI
MMMDCCXLIV
667
CCCLXVI
MDCCCXLIV
MMMCCCLXXV
1253
342
MCLIX
3272
3564
MMCDXLV
1667
XXVI
MMDXLVII
2521
MMMCCXLVIII
MDCCCLIV
DCLXXII
3847
1644
259
1725
3799
1713
MMCMXXXVII
934
MMMLVII
1035
MCMLIII
MMMCMXCIX
MMCCCLXXXVII
149
243
2893
DXXVII
DCCCLIX
MCCXVIII
CLX
MMCMLXXXIII
2881
3507
DCCCLXXII
DCCXLI
2557
MMMXI
MMDCXCIX
CXLV
MCDV
1918
MMMCDX
1511
935
1726
MMMDCCCXXXV
MMMLIX
890
2089
2137
MDCCCIII
MMMDCXV
2950
MCDXCIX
2909
MMMDCIX
757
CLXXXVI
2420
MDXXXVI
1881
2813
MMMDCXXIV
3222
332
MMCMI
1808
MMCDXIX
969
2158
2423
MMMCDLXXVII
MXXXVI
DCCCXXVIII
MMCCCLIV
CCLXXII
MMCDLXXXV
934
MMCCLXV
2807
2283
MCCCXCIX
3902
1799
470
3905
3715
2341
1666
897
CLXXV
MMXCII
1129
MMMCCCXXII
1410
3073
MMMCLVII
959
MMMCXV
MMMCDIII
2033
1289
MMDXLIV
MMMCLXXXII
3288
3539
28
MMMCCCLXIII
MDVII
MDXIV
MMMDCCLXXVIII
MMDCXL
93
1838
124
428
MMMCCLVIII
2668
MMMCDL
2381
2702
MXVIII
2457
2510
MCCXLV
95
3170
MMMDCCCXVII
MDXLVII
MCMXLIV
2902
MMMDCCXXXIII
2195
MMMCXCVII
MMDVI
45
1070
MMMLXXVI
2119
MXXVIII
XXVI
MMMCCCXXI
MMCDXLIV
MMMCCCXLIV
MMCDXXIII
208
MDLXXXI
2493
217
CCCLXVII
MMMCCCLXXXIII
CMXLII
2124
1382
3168
1678
3020
MMMCCXCIII
DVIII
MMCCVIII
3291
2774
3327
MCCCII
3215
3214
1213
MMMCI
MDXCVI
MMMDI
3467
660
2631
CCXI
MMMDXCVI
2865
CCLVII
871
281
1763
363
MMCDXCV
453
2681
DCCXCV
3994
DXXV
MMDCLII
2294
DXCIV
MMCMLXXI
MMMCLXII
2048
MMMCMXXXVII
MMMDCLIV
2298
MMMDXCVII
1408
MCDLII
2376
CCCLXX
1572
3546
1356
MMLXXXVII
2763
MCLXXXV
1675
MMXV
CMXLIII
MDCLXV
3649
MMXLIX
MMMDCCVIII
1680
3891
2521
3006
3491
CXXII
808
2872
DLXVII
DCLXXII
CMLII
MMCCCLXXXIV
735
2950
MMMCCCLVIII
2986
DCCCLXXIX
MMDLXXIX
2694
2722
MMMCCLXVII
CMII
1793
MMDCCCXLVI
MMDLVIII
135
632
CCCXLIX
MMDCCXXII
2110
408
MMCCLVIII
MMMCLXXVII
MMMXXVIII
921
114
XX
MMDCCLXXXIII
1601
1466
1339
DCLXXI
MCCXCV
MCDLXI
2598
MMCCCXLII
3740
MMDXXXIII
MMCMVIII
CCCLXXXV
MMMCCCLIII
821
338
DCCCLXXI
3883
MMDCCCLXV
MDCLXXXIII
CDLXX
1292
2401
MCMLXXX
3457
2222
2603
MMMCDI
MCCCXIV
2523
MCMLVIII
MMDCCCXIV
DIII
MMCXIII
DCXII
MCCXXVI
CCXCVII
MMMDXVII
999
MMXX
MDXXVII
3307
MDCCCLXII
3771
2902
DCLXII
1023
MMDCXXXVI
MMMCCCLIX
MCCXCIX
MMMCDLXXXVIII
MCDLIX
MMCMLXXVIII
CXXIX
1510
MMDCCXCVIII
3901
966
DCCCXCIX
MMDCCLI
MMMCDXV
MMMDLXXXIII
2892
MMDCCCXXVIII
757
1631
MMMCCCX
MLXXII
MMDCXXII
1377
3039
CMXXXI
DCCCLXXI
1032
MMMDCCCXLVI
MMCLXXVIII
DCCXXXVII
3644
421
CCXXXI
2491
MCLXVII
2573
3098
143
MMMXXV
MCVI
MMMDCXXXVI
MCCXLI
MMMCMXXXVII
2596
1261
3897
DCCCXXXVII
MCLVIII
1770
MDCCXLIV
MMMCXL
1385
CCCXII
2186
1217
MMMXCVI
MMMDCCXCV
1425
MMMCDLXXX
285
MDLXXXIV
XCIX
1435
MMDLIV
CMXL
MCLXIV
272
MMDCCCLXXVII
DCXLI
MMDCC
MMMCDLXVI
359
MDCCXXXI
2668
2418
MDCLXXVII
2691
XXIII
1553
2080
882
MMMDCCCXL
MMMDCXCIX
30
2380
DCLXXII
274
MDCXCIX
MMXXXIV
2811
LI
MMMDCLXX
989
MMMDXVII
MLIV
2659
2303
DCVIII
MDCLXXIII
1795
3515
CMLXIII
MMDCCCLXXI
DCCCXXXVIII
2779
MMCCCXCV
347
1481
3496
CCCXCIV
2369
372
569
2596
3013
1774
3276
MMMCXCIV
DCCCLXXXIX
822
2196
2165
512
MMMCDLXXXVII
MMMDCLXX
MMMDCCXLI
MCCCLXI
MCMLXXXIII
MMMCXXVIII
MMDCCCXXXVI
MMMDCXCIII
XC
X
MMVII
519
3531
MMMD
DCLXVI
3130
1027
3624
MCMLXI
CXXVII
CDLIV
1995
2467
DII
2913
DCCXXIII
3799
644
563
MDCXXX
75
3293
XXVIII
3871
1721
1855
932
MCXXVIII
1635
MMDCXCII
MMCMLXI
DXXIII
2746
617
MMMCMXXXVII
MMXLVIII
490
1050
3506
3416
MCLXVII
2791
3749
CCXXXI
3492
2015
890
MMMCMXVII
MMMDCXXVII
2923
MDXIII
MCDXXXVII
MMCCXXVII
1036
DCCXLIII
MDCXLVIII
2997
MMMCMLXX
CMXXXVII
3526
1116
MMXXIII
MMDLXXXV
3545
MDCCXXXII
3850
MMMCDXXVIII
1172
2600
MMCLXXII
MMCXXXI
421
3082
3505
2267
CMIII
DCCCXLII
1650
3866
623
2722
CDLXXIX
MMMLXII
1252
MMCCXL
2391
2743
1724
CCCV
MMCMXXXI
MMCDXCIV
MMMDXXXII
MMXXIII
3503
823
3914
1680
MMDCCCXCVII
317
1927
2869
2221
MMMDCCCLXXVII
231
MMMXLIX
MCCCLXXX
1068
341
MMCMXXV
3342
DXII
MMDCCCXIII
CMLXXVIII
830
1147
1144
CMXXXVI
DCXXXI
MMCXXXIII
3925
MCMXXIV
2391
3338
MMMDCCXCIX
MMDCCCLXV
2271
CDLXXIII
3713
XLIII
MCMXLIII
2459
MMMCMXXXV
1217
CXCVIII
2499
1306
2373
MMMCCXVIII
MDCLXXIV
MCXCIV
CMVI
MMCDLXXXI
55
MCMXIV
1456
MMMCMXII
932
2060
1314
MMMCCCXLV
2744
2468
MMCLXIX
MDCLV
1134
2183
2925
1704
1926
1017
MMMCDXCVIII
MMDLXIII
MMCXIX
1379
2354
2258
DCCXLII
693
CMXLVIII
2400
1624
MMMDCCCLXXXVI
CDXL
MMMLXX
1836
CCLXXXVII
DCCCXXXVII
DLXI
1647
MMDCCXXIV
1662
3983
1258
1223
MCDLIII
MMMDCCXXV
735
1938
MLXII
3821
MMMDCXV
MMMDXCV
874
MMCCLXVI
1614
2864
MMDXCVII
1763
MDCVII
1000
MCCCXCII
DCCXII
2534
MMMDCIII
2487
3748
1212
MMMCXXIV
MCXVI
2397
MDCCCVI
MMDLXXXVIII
MMDCCCLXXV
XCV
CDLXIX
DLX
MMMDCCXLIV
MXXXVIII
3662
MMMIII
CDLXV
3914
2958
MMXXXI
CLXIII
MMCCLXXXV
CCXCVIII
3430
DCCCVII
310
MMCLXXXVII
MCCCLXXXIX
723
MMMXXXVIII
2588
3617
2619
514
MCCLI
1788
3615
3641
MMMCLXXXVIII
2002
1173
MCCXLII
MDCCCXXIX
105
MCLV
573
DXXV
189
3921
MMCLXXXI
1457
1709
DCCCXXIV
2892
MMDCCLXXXVII
3963
DCXXI
LVI
DCCCLXXXII
443
CCCLXII
2665
1186
1153
MMDCCLIII
MCLXXVIII
1262
CCCXXX
MMMDCXCVI
3418
1587
MMXVII
1600
MMCXVI
1659
CMLXXXVIII
1598
MMCLXXV
MLXXI
CCCXXXVIII
695
2478
MMMDCCXXI
3313
MMCCCXLVII
MMMDCLVI
MMCCLXXIX
220
3482
1498
CDXXIV
1524
MCMLXXXIX
CIII
DCCLXXXVI
440
3154
MDXXXI
MMMCMXLIII
CMXVII
914
MMCDLX
MCMLXXIX
482
2748
MMMCLXXXIX
MMMDCXLVII
MMMCCLXXVI
MDCCL
MMCCLV
MMMLXII
DXXV
298
MMDCLVIII
MDCXXVI
666
CCI
CDV
MMDCCXXIX
MMMDCCCXCI
MMMDCCLIII
MCCCXXII
1417
MDCCCLXXXII
MMMDCCXIX
MCCXXV
CMLVI
MCCLXXV
437
MMDCXVII
CDLXIV
MMMCCLXVII
MMCCCLIV
MMMCDXIII
1936
XV
3651
CCXXXVI
MMMDCCCXXV
1460
2714
976
MMCCCLXXXVIII
MMMDCCCVI
MCCXV
MMCCLXXXVIII
MMMDCVIII
DXX
286
MMMCMLXXXII
3843
8
766
831
MCLXVIII
951
MMMCCXCVI
MDCLXXXVII
1593
MMMCCCLXI
MMCDLXXXVI
CMXCVII
MMCCCXL
CCCXIX
MCCCXXXI
1866
1628
MMMDCCCX
CCCXCII
MDLIX
2337
CCCXVI
374
MMCDXXXIII
CCLXXXI
MCMLXVIII
129
2411
69
2539
1956
2332
DCXCVIII
MMMDXIII
979
MMCCLXXVIII
3693
25
1938
MDCCCXLIII
CDXVIII
MMCMLXXXII
MMLXXVI
MCCCX
DLXXXVII
XL
1619
CMXC
1132
CDXCV
2883
MMDCCCXCVII
3224
MDCCXC
2592
DCXXVI
MDCXXXVI
MCCCLXXXI
1547
2885
DCCXLVIII
MMMCLXV
MMMDCCCLXXXVII
3462
1055
MMMCCLXXXII
1175
2333
MMMCXXIII
CCCV
1978
1009
DCCXCI
2033
3576
MCCCLXXI
448
MMMCCCI
2835
MMDXXVII
MDCIII
MCCCIII
DXLVI
CCLXIX
2525
MMMCCLVI
1644
MCXXIX
MMMDLXXXIV
3191
MMCMLXIII
MXXXI
DCCCLXI
2785
2026
3900
MMDLXXVIII
2978
2976
2405
3526
3303
2011
1282
DXXXI
MMMDXCV
1206
1045
2340
MMCDVI
1772
MMMCCXXXIII
MDCCCXVIII
3369
1897
3804
MDCCCLXXXVII
2907
CMLVIII
3540
MMDCLVII
MCXXI
3674
DCLXX
1324
3433
966
594
3782
3124
1321
MMCCXXXVII
DCXXXIX
218
948
3971
MCCCXLIX
894
MMMCCXIX
3537
MMCMXXVI
1264
282
3966
MMMCMLXIII
MMCCCXXI
355
MMCCCLV
442
2893
3242
MMMXXXV
3203
387
MMDCXXXVI
CCXIX
MMCDXX
MMDCLXI
MDCXI
MMCDLII
MMMCMLXVIII
2275
MMMCDLXXIX
MMDXXXIX
MDCCXIV
DXLVI
32
3762
MDCLXVII
MMCDLXXI
MCLXVIII
MMMCCXXXVI
1065
DCCCXIX
CLXV
MDCCLXXXII
MXLII
3912
MMDCCXII
MMCCCXXXV
786
MMMDCLXXIII
2921
MMCCCLIX
2121
CMIV
1732
MDXIV
1256
MCCLXXX
3757
MMMDCXIV
CCCLIII
MDCCCLXX
MDXI
1326
1074
MMMCCLXXIX
2423
2920
MDCII
MMMDCXXVI
231
3449
3281
1367
387
MMDCCLXI
2369
3250
1330
1253
3824
MCDXLVII
CMLXXXII
2376
MMCCCXVII
MMMDCCXXVIII
MMCDLXXVII
1108
137
1943
765
MCCXC
CMXL
MCLXII
MMCCLXXIV
MMMDCCCLIII
696
363
MMMCMXLVI
CDLXXXV
CMLII
1536
CDLXXVI
3015
1713
MMDCCCXVII
2269
MMMCLVII
CMXIV
CMXXIII
1565
1324
MMMDCCCXXXI
MCDLXXI
3237
CCCXLIII
579
MMCXXXVIII
1228
MMMCCCLXXI
561
2049
MMDXLIV
CMLVIII
1327
427
3619
3135
3129
MMCMLXVIII
MMCXCV
3733
MMXCIV
MDXX
CCCXVII
MMCCLXXXII
2519
1496
MDCCCLIV
X
3002
MMDXCIX
MMCDLXXV
MCIII
MMMDXXVII
DCCLXXVIII
3420
2914
1897
314
2893
MMMDCCVIII
MMDL
2546
DCCII
1407
MMMDCCCVII
2979
MCDLXXXIX
1988
1852
2228
3801
3809
CMVIII
1241
MCXI
2089
2006
2360
MXLIII
3404
DCCCLXXVIII
747
MMMDCCLXXXI
DCCCLXII
3522
MMMCMLXXXVIII
1583
MMMCDXLI
MMMCDXVII
MCLXVIII
MMCCXCVIII
MMDCXII
187
2985
MMCCCXXXIV
891
LVI
MMMCDXLV
MMCMLXXII
3231
MDCLXXXVI
3880
DXXXIII
1964
MCMXCVII
1805
MMMCMXXII
MMLXXVI
1616
MMMCMLVI
CCXII
1748
MMMCCCLVI
CCCLX
759
MXLV
1458
MMCCCXL
3181
MMMDCCXLV
933
1930
3303
548
MMMDCLXVIII
2530
CXC
3573
742
219
2831
780
MDXIX
MMMVII
3558
MCLXXIV
MDCCXXIII
MMDCXXIX
DLXVI
1701
2411
MDCCLXXXIX
CMLIV
MMMCDXXVIII
MMCCCL
MMMII
MMMCDII
CLXVI
DCCXIX
1541
199
1713
MMDCCLVI
3110
DCCCLXI
MMMDCLXXI
MMDXXXV
2660
MDCCXXVII
559
2274
MCMXIII
2198
825
MMDCCCLIX
536
MMMDCXIX
DCCXCIV
2876
2290
MMDII
DLIII
MMDCXCV
33
1036
3146
2770
669
1088
MCCCXXVI
DC
MCCCXLVI
MMMDCCXXV
MMMDCCCLI
MMDCCXCV
MCDII
1057
3423
DCXCV
1907
2950
1818
567
3429
36
DCII
MMLXXVII
2530
2555
2353
MDXII
1287
MDCCLXI
MMDCCVIII
127
3753
MCCXXIX
1175
315
3054
MMMDCCXLVII
185
1009
MMDLX
3070
3361
986
3034
MMDCLXXX
CXXXVII
3839
237
MMCXV
MMMCDXXIII
MMMDCLIII
3932
116
MMMDCV
CDLXXIII
672
2215
1095
2021
MMCVI
MMMCCXI
MCMLXX
MMMDCCCXLI
1082
MCMLIII
MMMDCCCXLVIII
MDXXIII
2038
1813
1934
DCCLXXVI
MMDLXXIV
897
934
2370
MMMCXCVII
MCLXXVIII
MMDCCCX
MMMCDLXIII
231
1906
2981
MDCLXVII
1898
MMLII
1694
CXVII
2340
CCXLVII
MMDCCXXXVIII
3558
MMMDCCCLI
3064
1836
2290
MDLXXIII
MMMDCCCLXVIII
MDCXCI
2517
MMDCCCXXII
MMCDXVII
CXCII
3711
1871
MMCMXXIX
2059
MCCCXX
1239
1770
MDCXLVII
2733
1635
2795
2503
MDCCXXIII
MMMDCCLVI
2740
MMMDCCCXXIX
1031
1769
MMDCCCXV
2911
MVII
DCCCIV
2042
3848
689
984
2903
MMDCCCLXXXI
MDXII
MMMCLXXIX
DCCLVII
MCXCI
972
3622
MMDXXXV
1838
629
1683
MCXCIV
1780
MMMCCCVIII
559
DLVIII
MMMDCCCXIV
2812
MMMCLVII
3901
3263
1093
CDXCIV
2376
2587
1889
2017
876
CCLXIX
1582
MDCCCLXVI
XVIII
MCLXXVI
XVIII
2021
MMCXVIII
MCCCLXXV
MMCDXLIII
906
CDXXI
2154
MCDXCII
MMMCCXXXIV
MMXCI
MDXXXV
973
3284
2595
243
2503
MDCCLV
3844
MMDXIX
CMXXXIII
CXXXVI
MMMCLVI
832
LXXXIX
MMCCCIX
1005
3391
2292
3964
850
MMMDCXXXV
CMIII
3247
MMMCMLXXXII
3169
2498
370
2381
1935
36
MMCCCXXI
MMDCCCXV
2107
2918
MIV
186
MMMCCCXXXIV
MDCCCLVI
313
3948
980
CLXXXI
89
MMDCXI
2008
MCLVIII
CXVIII
1441
270
1289
MCCCLXXXIX
365
MDXLIII
1089
MCCLXXXIX
3528
MDXXXVII
1462
3175
3996
MMDCCCLXXXVI
MCXXX
2975
3626
CXLIX
MMMCMV
MMCCXLIX
1937
LXXVI
1532
2536
MCMXCIII
3699
1386
3023
MCDXVII
MMCCCLXXXIV
482
MMMDCCXV
MMMDCCCXV
XLVII
3456
1903
1089
MMMCMXLIV
MMDLXXXIX
1765
2526
2417
3742
CCXLI
1947
1833
MXLI
3179
3687
CCCI
MMCDIII
MMMCCIV
CCCI
MMMXCIII
3404
CDLV
407
MMDCCXCIII
MMDCCCXV
MMDCCCXCIII
CXXI
MMLXXVIII
2903
MMCCCIX
1364
2906
MMCDXXIII
2188
195
MMMCLIV
3533
MMMDCXXIV
MDLXXIII
307
1281
346
1901
MDXCIV
MMCMXI
2044
2766
942
509
1623
346
MLIX
MMMDXXXVII
1588
MCMV
MDCCCLXXXIX
3937
MMCCXXXV
MDCLXXXII
MDCCCXCIX
DCCLXXXVII
268
106
2001
DCXIII
2529
2081
1946
2760
MMMCCLXXVIII
691
3880
MCI
91
2682
2252
3945
3523
3205
1746
LVIII
3879
MCLXXIV
790
MMCCVIII
MMMCDXXXVIII
2671
DCCCLXI
547
883
3551
1664
552
MMMCCCLXV
DCCCLVII
1162
290
3179
MMDCCLXXIII
918
MDCXLI
MLXXVII
3696
MMMCMVII
MCMXXIV
MCDXXXVII
CLXXIX
DVII
1371
MCDLXXXVIII
3292
MMMCDXIV
MMCCXLII
MMDCLXXX
468
2573
MMMXLVI
2351
1380
CCCXCI
MMMCCXVII
MMMDCXCIX
3816
CC
933
MCMXCVIII
MMCCCIII
690
1397
MDCCXCVI
MMVI
MMMDCXXX
MMDCCCXXI
MMCCCLIII
MMMCDLXI
896
MDCCCXVIII
2082
3084
2838
MMMCLXIV
1513
MMMDCCLXXIV
1545
DCXXVII
1521
MMMCLXXXII
759
MMCXCIV
632
DCCCXXI
MMMCMLXXVII
CMLIX
MMDCCXLIX
MMMDCLXXXII
MMMCDIII
3990
2949
1796
2951
122
1262
MCCXII
MMDCCCXXXII
MMMDCCCXXXIX
MMXC
1079
MMDCXVIII
807
MDCCCLXIV
1379
MDXXXVII
3500
2925
MMMDCXCIX
1869
2995
3288
2702
3817
CMLX
497
MMCDVI
DLXXVIII
MMDCCCXCVII
MCCXCIX
MMCCXVI
MMCDXX
1774
2950
MMMCCX
MMCCXXXII
3162
737
3210
1197
992
439
3790
MMCCXXVI
2739
MCLXX
CCXXX
MDCIII
MMMCMIII
MMMDXVIII
MMMDCLXXXV
3469
MCCCXXXVIII
3338
278
MCCXXIV
DCXXIV
MMMDCCXXXIX
MMCLXVIII
1081
2191
3803
MMDCXXII
3614
MCLXXV
MDCCXXXIII
MCDX
3025
MCDXIX
518
530
1291
MMCDXLIX
600
3176
3643
MMCDIII
2082
2924
DCCCLXXVII
MMCLVII
MMMCCXIII
DCLV
1164
2387
MMMDCCCXXVII
MXLIII
MMMDCLXXIII
MDCXCII
998
342
MMDCXXX
1785
DXCIV
3582
MMMCCCXLI
MMMCCXXXVII
3787
2779
CCXXXVII
1618
CXCIV
823
MMCXXXV
MMMDCXXXIII
1146
MMMCDLI
573
3420
2435
MMCIII
3474
MXLIX
1430
DCCLXXXI
3688
MDCXII
MMMDCLXXXIX
MMDCCCLX
1169
MMDCLX
CCCLXXV
MMMDCCCLXXX
MMCCCXXIX
1672
MMDIII
MMDCXXII
DCCLI
MDCCCLV
MDXLVIII
1463
MDXX
MCCCXXXII
3641
CCLXXXIII
DXI
1341
62
802
MCCXI
MDCLXXXVIII
MDCCCXXVII
MCDXII
CCC
468
922
3974
MCCCLXXI
509
MMCCCXXIV
776
MDCLXXXVIII
MMMCMXCIII
MMMDLXIV
MDCCCLXXXVI
1134
849
3554
445
MMCDXXX
1882
MMMDCCLIII
MMMDCCCLVII
MMCMXXXVII
MCMXXXVI
157
MMCLIII
2440
2532
MCCCLXV
DCLVII
2436
340
3379
1320
3278
1027
MMMXLV
3209
2523
3003
109
MMDCCCLXX
1071
MDCXXXIX
MCMVI
MMDCCCXCI
3804
MDXCVII
MDCLXVIII
MMCCCIV
XVIII
CCCXIX
2388
761
DCCXCVI
3848
MDLVI
MCMXLIX
CMLXXIX
MMCDXXXI
MMDCCLXXXIX
MMDCCCLXVII
MDCCCXXIX
MMXIX
2597
CMXI
XXXVI
1741
MIV
2215
CCCXCI
1660
2078
CLX
MMDCXCVIII
MCMLXXIII
952
794
MMM
MDXCII
3751
MCMXII
CCCLXXV
831
MDXXXVII
CCXX
3730
MMMXCII
DCV
MMMCDXLVI
XCIX
DCXXXVI
159
1797
1343
2263
MMMCDXIV
2773
MCDLXXXIX
3806
1089
DCCLXXXIV
MMDLXXXIV
MMCMXIX
MMCDXLII
XXI
3759
1171
1265
2333
456
DCV
3198
1439
CCLXXXI
3595
3547
646
MMMDLXXXIV
936
MMDCXXXI
1
MDCCXLIX
MMMDLXXXV
MDLXXVII
2405
DCXXI
2439
477
567
1419
1792
3238
691
3346
3294
MCXLVI
2837
2236
3977
MMMCCCXLII
MCMXXII
MCCCXI
2274
3236
1110
MMMCCLVIII
MMMCCCLVIII
MMCXCV
MMCCXCI
MMMCMLXVI
1913
MMCCCLXXXV
1364
MCMLXXI
MMDCCCLXXX
2844
3234
MMMCLXXXV
MCDXCVIII
MMDCCXXXVII
MMMDCCCLXXII
MMMCCXII
DCCXXXVII
2189
1825
MDXLIII
MDCXXIX
2860
3777
MMDCCCXLIV
MDCX
2377
MCMXLII
2287
2135
3382
MMCDXCVIII
3425
556
3215
2209
MMCCLXV
3083
MMMDCLX
MMMDLXXII
3658
MMMDCCCXXXV
1057
1001
MMMDCXXXIX
148
2728
MMCLXXI
MMCCCXII
MMCDXVII
XLVII
2154
DXLVII
CCXXXVI
MMDCCCXXIII
MMMDLXXI
MMMCCCLXVI
2581
1736
3748
769
559
MCLVII
3734
104
394
MDCCCXLII
MMDCXCIII
929
2890
MDXIX
MCDXL
3080
MMMCMXLII
3236
MMMCDLVIII
MDCXLIV
MMMCMLII
70
MMMDCXCVIII
924
3645
3011
160
MMMDCCLXXI
MMCMLXXVII
821
2485
766
1452
DCLXIX
MCMXLVI
3043
MMIV
971
3297
DCCCXII
3681
3668
MMMDCCCLXV
MMDCXC
93
1624
MMMDLXXIII
MMDCII
MMLVI
646
DCXX
MMCCCXL
MMV
263
DCCCLXXXII
2214
MMDLXXV
MMMCV
3169
3072
MMMCCLIV
349
MDLXI
MCMLXV
MMDCLXXIII
MMDCXV
MMCCLVI
1290
CXLVII
MCCLXIX
2457
MMMDCCLVI
1608
2955
3290
MCDXIV
2151
388
MMMDCLV
DCCLXXVIII
3356
MXXX
536
1245
3677
MLII
DCCXX
3688
MMDCXIX
1748
3934
DCXXXVIII
MDCXVII
675
2577
146
MCMXXXVI
1688
MMMCDXXIX
MMMCCCXCVIII
MMMCLXVI
2517
CCCXXIII
MMMDLXIII
CCXLIV
1404
MMCXCIX
3563
3084
MMMDCXXX
2584
2672
CDXXXIX
745
CCCLXXV
2299
MMMDCXCII
2115
MDCXCVIII
1316
2469
CCLVII
2545
462
235
CMLXXV
2145
1375
994
MMLVI
CCCXCIII
2474
1647
913
MMDCCXLVIII
MMCCLXI
MMCDXXVIII
MCDLXXIV
MCCII
MMMDCCCXXIII
1490
3359
XXV
3273
MMCCCXCIV
MDXXXIX
3145
3133
MMDCCCXXX
CXX
2628
3456
DXCVI
MMDCXXXVIII
2973
20
MXXVI
750
3163
1921
MMMCCCXIX
MMCCCXVII
2291
865
3820
209
MMDCCCLXXXII
3449
LXXXV
55
MMII
MMMCCCLI
MMMLXXXIV
MDCCCXXXVIII
1418
1351
CCXXVI
44
1670
619
MMMDCXVI
MII
MDLVII
DCCXLV
MMMCCXXXII
3116
MMXCVI
MCMXXVIII
MMV
1281
354
1535
MMCLXXII
MCMLXXXII
1134
2538
60
2936
MMMDCCCLII
MDCXXXI
3479
3794
MMDXCVII
1571
104
CCCXX
2741
1762
25
1704
207
3418
2809
3378
982
987
MMMCLXX
1800
MCMLXXXI
1436
3593
MMMXC
1293
CCCXVI
2233
MMMDCXXXVI
MDCCXLVI
1322
CCCXCVII
338
MMMCCCLXXI
3781
DCCCXXVII
1173
CDLXXIX
632
DCCXXXVII
MMDCLXXII
CCLV
CCCXCII
MDXL
MMCCCLXXX
MMDLXIX
3036
MMMDCXCVI
3004
MCMLXXXII
3283
3957
MMCCLXIX
1400
2274
2214
2653
2438
3601
934
3559
3387
2496
MMMDCCLXXXVIII
DCLXXXV
180
89
MDCCXLI
CCCXIV
2622
1060
MMCCXCIX
CCLII
MMCXXV
MMDCLXXVIII
3096
1516
CDLXIII
DCCCLXIII
MCMLVIII
3141
2928
MMMCLXXXIX
MCCCLXXVI
MMDCXXXIX
CLIV
XXXI
85
I
1227
CMXV
DXVI
MMMDLXXXIII
3683
960
2330
CCCXVIII
573
792
3867
CCCLXXII
173
1923
2622
DCXI
2887
549
2591
3472
1459
743
MMMCMLXXXIII
3332
3138
MCDXIV
MMCMLXXVII
3809
MDCLXXXVIII
MDLXXI
MMMDCCLXIX
CDXXVI
1694
1180
MMDCLV
MMMCCV
935
MMMCLXX
2368
MMMCCCLIII
MCCXX
MMCCCV
MMMDCCCXXIV
MCMIII
502
370
1917
1522
1289
389
756
3529
2370
3815
MMVI
MMDCCCLXII
3031
1512
MCMXCI
642
221
477
2027
MDCXCI
DXCIII
3032
MCCLXI
MCCCLVII
2875
MMMDCCCLXXXIII
MCCCLXIX
MMMLIX
2993
1846
3788
MMDIII
MMMDLXXXVI
3009
DLX
MMCLXXXIV
3004
790
LXXXI
LXXIX
3677
MMMCCCLI
CXXII
951
2069
MCMLXXXV
648
MMCCLIV
MDCCIV
2623
3984
606
97
MMCXXIII
3224
2592
MMMDXVI
3311
1584
DXVII
1582
1117
2070
2674
155
2184
256
MMCDLXXXVII
3249
CCXXXII
730
MXXXIII
1664
1670
2601
1446
MMCCCXXXII
430
MMCMV
MDCCLXIII
MMDCCCVIII
2418
MCMXCV
3721
CXLVII
3765
2054
66
MMMCDLXXIII
MCCCLI
3459
DCCCXCVIII
MMMCCCLXII
2080
3905
3501
MDLXXXVI
184
307
586
MMCDLXXXV
1095
2928
1309
CMVII
MMCCCLXXI
XLVII
MMMCLIV
MMDCCCXCIX
MDCXCVIII
2948
MCMXCVI
MCCCLXXIV
MMCMIV
CDI
2025
2889
1282
2642
MMCCCLXXXVI
303
497
1057
MMDCXCIV
1726
3621
MDCLXXV
MMDCCCLXXXV
MMCCXXVII
2188
807
MCMLXXXV
MVIII
176
3352
1694
MDXCII
MMDCCCLXXI
MDCXLIX
DCCLXIV
MMCMLIII
CDXXVIII
MCXVII
MMMLIX
MMCCCXCIX
MMDCCXXXI
3118
1464
3988
3470
MMMCCCXLVI
914
MMDLX
3652
2311
2692
2670
641
MCMLXXI
CDLXXIII
MMMCCXXXVIII
DCCXCVI
MMDXLV
MXCV
3925
785
MMMCLXXVII
MCDXLII
DCCLXXVIII
MCCLXXVIII
1606
2075
MMDCXCIX
MMMCXXIII
MMDL
MDCCXXXIX
LXXX
342
3264
3932
3896
209
731
MCCCLXXXVIII
1124
2103
CLXX
3196
MMDXLVI
3152
MMMDCXLVI
DLXIV
XLII
MMMDCCCVI
2631
MMMCDVIII
MMMDLIX
CCCLXXXIX
MDCCXCII
2895
MMCLIII
MCIV
MCCCXCIX
MCDVI
1308
MMMCCCXIII
2417
2588
MMDCLXXVIII
MMMCCLIX
915
2500
MCXX
MMCLIX
933
3791
MMDCCCLXXXIV
3557
998
3403
2401
MMMCDLXXII
XCVII
MMDCLXXX
2959
DXCVI
CMLXVII
3465
MMDCCCXXXII
MMMCCCLXXXIV
MCMXXXII
1575
MMDCCXXV
MMMDCCCLXXVII
3134
MMMCXXIV
974
3397
2415
MMDCCXVI
1693
2424
MMMCLXVII
MMMDCCLIV
3534
3928
2844
3638
991
DCCXIV
3572
MMCXX
MMDLXXXVII
1779
MDCCCXLIX
MMCDXXXV
MMMLXXVIII
MMMDCCCXXXVI
MMMCIII
135
MMMDCXXXVII
2285
2184
MMMCDIII
MMMCCXI
2895
3236
MDCCCLXXVI
3491
2670
DCCCXLVIII
363
662
1877
228
MDCLXX
812
MMDCXLVIII
CCLV
623
146
MCCCL
MMDCL
MMMDCCCLXXII
MCDXIV
1562
3670
2443
DCXCVI
MV
1356
414
2054
MMCCLX
2463
CMXXIX
3340
CLVI
MMCXIII
3452
MMCCVIII
2530
MMCDLXXXV
DCCLVI
5
MMCCXCIX
2188
3657
MDCCCL
1554
XCIX
489
CDXXII
2374
1349
MMDCCCXLI
2500
CLVI
2271
DCLXVIII
MMCCLXXI
1466
MMMDCXCI
249
861
MMMDCCLIX
MCXCVI
MMCMLXXXV
72
2880
MMLIII
3147
3730
1256
1044
3456
MMMDCCXXVI
MMCCCXVI
1066
1123
3510
1870
729
3356
1881
1701
3348
3400
916
975
MCCXXXIX
MXXX
DXXXII
1901
1735
CIV
MMDLXXIX
1738
2360
MMDXLIV
3108
MDCCXXXI
187
CXXXIII
2249
CD
MDCLXXXIV
3924
MMCCI
485
MMMVII
98
MCCCXX
DCCXXX
170
MMMCMLXIII
MMLVIII
2432
1759
MMMLII
1128
2452
176
1601
501
803
3246
MDCXCI
MMMDXC
MMCCCLXXXIX
CMX
MMMDCXCII
MMMCXI
2079
2507
260
DLXIII
MMXVII
3957
3762
MCMXCIX
121
CDLVIII
1227
MMCCCXXV
MCLI
MMMDLXXIX
3464
647
3990
MMMCDXIX
MMMCCCXI
CCXCIII
2114
3273
3284
MXLVII
DCLXXI
CCCXXI
3153
MMMCLII
MMCCXXV
CMI
DXVII
MMMXLI
DCXX
3706
3998
3635
MCMXXXVII
3502
2683
1403
1203
3933
430
MMXXIX
3809
2176
3795
MMCDLX
1761
MDCCCXXV
3151
87
3674
464
MCMXV
DCCCLXXXIV
3962
CCCXIV
3919
3919
1086
MMMCDLXI
MMMCCCLXX
MCCLVI
3874
3673
DCLXXXIII
MMMCXXXIV
MDCXXI
MMXXXVII
DCXXI
MMMDCCCLXXV
MMDCCXCIII
2370
MDCCXVI
MMMDLXX
CCCXXXIX
2547
MCCCLXXIV
CCCXLVI
2001
2034
CC
MCCCXIX
MCCCXXV
MMMDCCXIX
1248
2862
MDCCCLVII
CMXI
MMCCCXLI
1428
2299
DCLVI
71
DCXCVII
641
1836
MCMXXV
CCLXXIII
315
MMCDLIV
978
3247
MMDCCXLIX
247
MMMDCLXV
MMMCCCI
1485
121
MDCCCLXXI
2786
3773
MDLXXXIV
3046
2181
MMMLXIII
MMMDCCCXXXVI
2019
2814
MMMDCCVIII
CCXL
CCCXXIII
MCMXXII
2213
MMDCXXVI
1367
525
553
1280
MMMCDIII
2057
905
3282
3820
1666
MMMDCCLII
2247
3091
3945
210
CCXXIII
995
2581
MMDCCIV
1344
1251
MMMDCCLXVIII
349
1430
1876
MMDVIII
XXXVI
MMCMXLII
2609
MMMCCCLXXX
2958
MMDLXXXIX
MMDCCCLXVI
128
MMLXV
MXX
2142
3189
MMMDCCCXXXV
1470
3305
DCCCLIV
626
MMCCCLXXIV
1018
MMCMXCVII
DXCVI
1385
2779
1659
1384
1143
1325
578
680
2366
1483
2673
2477
MMLXXXII
842
MMMDCCXXII
1307
1315
3588
1683
CDLXXXII
2125
MDCCCLXXXVI
1616
MMCCXXVII
MMDCXCVIII
MMMCC
MMCCLXIX
DCCLVII
1672
VI
2436
3276
917
MMMCLXIX
3541
MCCXXVII
3455
MCCCXII
3740
MMXXV
1961
MMMDCCLXXXIX
3764
MMMDLXXII
1736
2647
32
MMMDCXL
DXII
3041
DCCCLXXVI
MMCCCXXXV
CLV
2672
MMMCDLIV
2023
MMCMLVII
1977
700
MMMDCCCLXI
2915
MCCCXLII
MDCXXXV
3958
1535
XI
MMDCCCLIV
MMCDLXIX
431
MMMXVIII
834
DCCXCII
746
MMMCMXLIII
1926
108
2898
3883
193
XIX
2131
MMDCXXXVI
DCCXVI
MDCCLXIV
CMLVII
DCCCLXXVI
MMMCMXXXV
1012
XXI
CCXXIX
2149
MDXXIX
MMMCDLXXI
2074
MMCMII
2842
1301
3112
659
2114
DXCIX
CCXC
CDXXIX
MDCCCLXII
727
206
2834
LXXVII
3081
CXCII
MMCCXXXIX
2760
2264
2139
MMMXXXIII
2571
DCCCLXXXVI
2681
CCXCIV
MDCCXXXI
3894
1941
377
MMDXLII
CCCLXXXVIII
3434
MMMDCCX
1828
2055
MMMCXVIII
2990
MMCXLIX
500
MMMCDXXXIV
MCDXLIV
1256
3573
2014
701
MMCMI
MMDCCI
XL
1087
828
MMMCCXL
1020
376
1610
MMMCXVI
472
MMCCLXIII
1609
MCMLXXXVIII
MMMCM
151
48
MCLXIV
MDCCLXXXIX
LVI
3692
CCXVI
1489
MCMIV
CCCXCI
MMMCLXXXIX
2709
MCCCLIX
1729
2103
MMCLXX
1717
1907
MDCLXXXIII
2328
2864
MMMDXIII
1283
3301
3522
MMMCMLXXVI
MMCMI
125
MMDCCLXXII
3319
166
MMDCXXII
MMMDCCL
DCCCXL
DXXII
CXXIII
MC
MMCCXV
2235
CCCXIX
598
2693
MDCLXXXI
2230
MMDXXIV
410
427
MMMDXLVI
418
MMCLI
204
2186
MMCMLI
MMMDLXXXIX
LXIV
CCXCI
CXL
MMMDCXI
780
MCXLVIII
MMMDCCXXIII
3865
MMMCCI
MMMCCII
1862
MMCDII
MMMCDLXXXIII
1428
2981
MMDLI
787
1462
DCCCXXVIII
MMLXXIV
1918
MDXXXVI
3318
MCXXIII
MMMLIX
MDCCCLXXVIII
MCCCLV
MMMDCCXX
1175
1151
MMDXLVI
1151
142
196
MMCMXCIII
MMDCCCXCVIII
MMMCCCI
MDCCLXXXVIII
MDCXL
991
376
MCDLXXVIII
MMDCLXXXVII
MCDXLIII
CDLXXVI
MMDCIV
MMCCCII
1234
MDCI
DCCXLIX
MMMDCXCVIII
3637
2292
MMCXXXI
3837
1179
3704
1588
2606
338
1403
1447
3608
2110
3172
1928
3956
MMDCCCLXV
MCCCIV
MMMCMXXV
2741
MMMCDXXV
1246
MMMCCXLV
3857
3664
692
XLIV
506
1005
1981
1031
MDCCCXL
MMDLXXXIII
2733
3578
1978
MDCLXXIX
XLVI
1211
CDLX
154
MMMCCLXXI
MCCCLXI
1884
3225
MMCCLXXIV
2913
MMMXXIII
1182
CCCI
CCCXXIX
MMMXXV
651
CCLXXXVII
DLXXV
MDLXXIII
MCCCXI
DCCXXXV
366
1247
MCXLI
MCCCLXVII
3815
1303
MCDXV
3457
3187
MMMCXXXII
3335
726
3367
MMCDLII
1952
1023
MCCVI
2922
2426
MMMCCCLII
MMCLXXII
630
MMCCXX
MMDCCLVIII
MDCCXIII
39
277
MMMCDXXIX
2899
CDXV
MMMCCLIX
1491
MMMCCXLIII
1778
3148
985
MMCDLXIX
MCCXXXI
159
730
1657
CDXIV
MDLVII
1553
246
CLXXXIII
MMMDCXXX
MMMXXXVIII
MMMDCCLXV
2687
DCXC
1433
2458
MMMDCCV
DCCXLIV
XXV
282
3673
3413
145
MMMCXLVII
MMMCMIII
DCCLXXIII
1049
MDCCIII
CMLXXXIII
2234
388
1688
1378
79
MMDXVI
564
2972
MDLXXIX
3921
MMCDL
MCLVI
CMXII
396
MMDCCXXVI
3749
DCCCXCI
637
2389
MMDCCXXIV
1707
MCCLXXXVIII
2445
3407
MMMCCXLVI
2041
MDCCXXI
MMMCMLX
CDXCI
DCCCXXXVIII
XLVIII
CCXC
2966
3606
2706
MCCLXX
MDCCXXXVII
DCXCVI
MDXCI
LXXXIV
3694
2683
MDCCCLXXXI
764
1764
1893
3002
MMMDCCXIII
3764
XIII
745
MCMLIII
247
MMMDCCCLXIII
3950
2128
MMCCCVIII
1462
CCXXXVIII
LXVIII
DLVII
152
DCCCXCIV
MMMCXXVI
DXXXIX
MMMDCCCXXIII
654
MCCXLII
2206
3372
CXLIII
106
MMMCXXXII
MMCDXXXVII
3668
MMCDLXXXII
MMMDCCCXVI
2212
MMCMIV
3525
MMCDXC
MMMDCVII
1532
1554
MCCCXXVIII
3924
2872
3484
CMXXXVIII
MCCCXLI
832
2043
2682
MMXCIII
MDCX
3308
2195
MMCMXCVI
797
MMCXVIII
3351
696
MMDXIV
72
3919
1152
2775
514
932
385
2422
3207
DCCLXII
MMM
MDXIV
MMMDLXXXVII
CCCL
MMMCDXXVII
3857
2514
MMCLXXX
2415
2766
MMMCLXXXIX
724
3276
MMMDCCLXXVI
161
MDCXXXII
MXXV
MDCCLXXXV
657
MMDCLVIII
642
590
MLXXIII
3807
CDVII
MMCXXXV
MMMDCCCLXX
MMMCCLXXI
MMMLXIX
MCCLXXVII
3689
3340
2775
MCDXXXII
1207
1237
MMDCXLVIII
MCLXVI
MMDCCXX
3311
LXXIV
2588
1029
MMDCCCXLI
MMMDCCLXXII
428
729
3104
CCCXCVI
1824
MMDCCXIX
MMCLXIV
MMMDCCLV
2050
1597
MMMCXXIV
MMMCCCXCVII
CDXCI
1381
MMIII
MDCCCLXXI
2216
MMMCMIV
MMCCCXIX
1226
MMDCCXXXII
DCL
MDLV
2881
741
MCDLVII
1166
2589
CLIII
2348
2710
MCC
2442
MMCMLII
MMDCCXCVII
2863
MMMDCXCV
MMDCCCLIV
MMCCXI
2287
MMCMLXXVII
950
720
2892
2897
55
CLXXIV
MMMDCCCLXXX
1198
2260
MMMDCCLVIII
1963
MMMDCXVII
3060
MMMDCCXCIX
1074
MMMCLXXXVIII
DCCCVII
MCCCLXV
MMDLXXXIII
1773
1413
MMMDCLXXI
1637
2540
1943
MCMXXXII
1426
2619
3839
2596
3599
1157
2756
DXXVI
2792
2692
523
1483
1116
DCII
MMCXLI
MMXXXIII
MMMDCCVII
MMCXIII
2594
907
MDCLIII
3282
1613
CCCXIV
MDCLXXIX
3081
885
DXXVIII
544
3590
2584
227
2517
1507
DCCXXXVIII
1495
3826
MDXXXII
DCCCLXXI
MMMCMII
MDCCLXXXI
MMCCCLXXVII
MCXXIV
MCLXXII
MMMCCCXCVIII
MMCMLX
1733
51
2048
2253
3052
1601
MCLXIII
3032
1793
MMDCCLXIII
1342
CMXXX
MMCDXXVII
1879
MMLXXIV
DCXIII
75
3720
MCCCLXXXV
2709
MMCCLVI
DCCCXCVII
972
81
MMDCCCLXXXI
3741
3202
3175
DCCCXXXI
MMMCXCIX
869
1547
2889
DCCCXL
1602
2405
332
MMMDCXLI
MDCCLXVII
3231
3886
2750
2465
MMCCCXII
1029
653
3417
3801
3214
MCCXXXII
MMMCCCLXXXIII
3156
MCCCLXXXIII
562
1064
3401
1195
1538
MMDCCCXLII
1570
3504
2534
3973
3416
MMXXXIX
MMCMLIII
2110
3742
3889
1924
MMDCCCXLIII
MMDCCCXXII
MCCCXIV
MMMCXXVIII
1216
1392
2793
MMDLVII
3809
2539
DCCLIV
MMCCXV
231
MMMDCXLIII
MXLIV
1620
MDCCCII
1039
MMMDXXXIII
3253
187
2264
MMMCCXLII
2328
3126
MDXLVIII
MDCLIII
MMDXVII
DCCXII
2998
2465
2648
873
MMDCXLIX
2990
2830
3730
MMMCCCXLIX
1785
144
2345
MMDCIII
1904
MMDCXXXIX
3270
CDLXXI
MMMDCCCLXI
MMMCCCLXXXII
2317
CMXXIII
LVIII
3085
MLXXV
51
DCCXCVI
MDXXVIII
2154
MDCCCLXXXIX
3827
1883
MMCLXVIII
MCCCXXIV
MMCMLXII
MDCCIII
MCXXVIII
1810
2121
2762
CLVII
MMMDCCLXXIX
MMMDCCXXXVII
1864
1602
3896
MMMCCCXVIII
2020
CMLXXV
MXLVI
2574
MMDCCCLXXIV
2589
MMMDCCLXXVIII
MMCII
2377
MCDLX
MMMDCXCVIII
1952
MMMCDXL
MCCLXXXI
956
2709
758
3072
CCCLXXXIII
3506
MMDCCXXV
276
CMXLIV
DCCCLV
LII
3216
MDXLVII
MDCLVI
DLXVI
1572
MMMCMLXVIII
MMDCXLI
MMMCDLXI
MCCCXXIII
MMMDCLXXIX
MCMXXXII
1404
1774
156
MMCXXIII
717
MMMDCCLXXXIX
MMDCXXXIX
1952
MXCVIII
255
MCCXLI
3408
MCCLXXXIV
MMMDCCCLI
2702
3663
MMMCCL
2220
MMMLXVIII
MMMCDLXXIX
1792
1332
MMDLXXXI
1088
347
1893
2237
MMDCCLXXV
MMCCLXXX
1910
1661
2079
2262
MMMDCCCXXVII
1586
1808
CDLXX
3953
103
2220
1091
3829
MMMCMLXXIV
MMCCCXXVI
3493
MMMCLIX
DCCCXIV
MMDCLXXXVII
MMCMLXX
CCCXXX
MDCCCLVI
CCXLIV
1253
MMXC
MMDCXXXIX
1734
2585
MMDXX
3920
2326
765
2202
1045
MMMCCCLXIII
MMMDLXII
MCLXXXVIII
2130
3061
MMMDCCXIX
2062
2094
MMCCCXXVI
670
MMCDXIX
MMDXCV
3933
MMMXCIII
3694
MMDCLXXXIII
3525
2347
MMDXCIV
MMMCMXLI
1797
1370
MMMDLXXXVII
3277
3899
MMMCCCLXXII
3896
MMMCDXXVIII
MXCVII
MDCXVIII
MDCCLVIII
MMDCCXII
1913
401
MMDCXVIII
MDCCLII
1372
749
753
MMCCXXII
1945
MMMCMXXIV
MMMCCLXXVIII
MMDCCII
3458
773
3057
3117
269
1264
2087
MMCCXIX
DCCCXLI
DCCLXXX
2986
1519
1053
DLI
3751
2475
DCCCXCIX
DCCCXCV
MMDCCLXXXVI
MMMCMLXXXII
MDCXXXII
3508
MMMCCCLII
3509
MCCCL
MMCLXXIX
MCDII
785
MMMDCCLXXI
745
3146
3838
MCLX
MMMCCLII
2378
967
3253
2061
MMMCCXCII
1228
MMMXXXIX
3493
MMCDXXXI
MMMXCVIII
MMDCCCLXVII
MMMCDLXII
DL
98
989
3429
MDCCCXXIII
3121
MMCCVII
1347
CXXXVIII
MMDCCL
MMMCMLIX
922
1457
MCDV
DXX
215
731
64
MMMCXC
3854
2218
3739
430
1142
712
MMDCXXX
2778
3954
3051
MLXXVIII
3613
MDCXCI
MMMCCCLIII
MMDXXII
MMMCCCLXXXV
MMMCDXCIV
MCCCLXXX
CLXXXVI
CDIV
MMMCCXXXV
116
3338
MMDCCCXLII
3522
1829
MDCCCLXIX
2597
MCCCXCVI
540
1427
783
DXXVI
MMDCLXXVI
CXCVIII
MMMDCLXXIII
177
3031
1525
3764
1525
428
3893
1965
MMDXXIII
352
630
MCML
MMMCMLXXXIII
MMMDCCCXL
DCCXXIX
2304
749
MMMCD
2559
3240
MMCMLXXXV
MMCCXXXIV
539
1573
2347
CDLIX
MDCLV
MDCCXV
MMMCVI
3687
MMMLII
MMMCMLX
2389
1121
MCCL
1087
MCMLXXXIII
3894
754
876
981
MMMCMXX
2334
469
MCXXXVII
MMMDLXXVIII
3476
2939
1826
2729
MMCCCXI
MMMCCCXXVI
2645
2809
2317
538
MMCXVII
478
3513
MMCDLXVIII
MCMLXXXIV
MMMXXXVIII
MMMCCXVII
MCMLXIV
2690
MDCXI
1599
3853
MMCCXCVI
1389
1473
MCLXIX
DLXII
DCCCLXIII
3021
2120
MMMDXXXIII
MMCXXXV
MCXVII
1652
MMCCCXXIX
3033
MMDCXIV
3562
772
3362
31
671
MDLXXXI
MMCDLXXXIV
MMMDCCXVI
MDC
DCIII
2882
MCCXLVIII
502
3233
1079
MCCCLXI
2371
967
MCCCXII
3163
DIV
CDXCIX
MCLXXVI
MDC
649
MCCLIII
DLXXXII
809
MMMDCCLXXXI
MML
3147
1294
2670
3595
2115
2494
3081
MMCCIII
MMCMLXXI
MMMCXXXIX
1517
2689
1880
MDCCCXLI
MMCCCLXXVI
MMCMXXXVIII
MMCMVII
MMMCCCXCI
MMMDXXVII
DCCCXI
2825
MCCXXVI
2095
CCCLVIII
DCLXVIII
2164
985
1784
MCDXXXV
MMMCCCLVI
1369
XXVIII
MDCXXX
MCCLXXXI
3911
2586
MMCDXCIII
CDLIII
MCDXXXVIII
MMMCCCXVIII
3106
MDCCCXLII
1114
MMCDXCIII
MMMDCCVII
702
2355
2798
3542
MMCDLXVI
1390
MMMDCLXXXVII
MXV
1903
MMMCDLXI
3463
3600
362
2294
267
3369
3214
DCCXXVIII
3214
CLXXIX
MMMDCXXV
1752
MMLXXIX
MMMCMLV
MMMDCLXXIX
761
3548
2752
CLXXXVII
3881
MMMCCCXXXVI
3721
MMCCCLIV
MCCCXCVI
1641
MMCCLXXXIX
MMDCXXXI
2776
314
1540
1034
MXCVI
2831
2341
3684
MMMCXXVI
MDXCVI
MMMCMXXXVI
2585
1713
MMDCCXLVI
CCXX
MMDCCCXVI
771
3175
3160
2408
868
MMCLI
CCLXXVIII
949
3175
3739
1396
MMMCCCXXXI
MMCDXXVI
3220
2153
MDLXXXIV
MMCDLXXIX
1142
460
3414
MMMDLXV
597
MCDLXXVII
MDXVIII
3163
1161
282
99
3453
1718
1085
MDCCCXVIII
DCCCLXXXVIII
2285
MMMDCXIV
3284
1357
1057
2667
MMDCXL
3293
MDLXXXII
902
1758
1289
MMMCXXIII
MMDLXXXIV
2123
MMDCXCVIII
3082
DXL
MCDXCVIII
2957
3736
MMDCXLVII
MMXCII
MLXIII
MDXXIX
2798
771
MXCII
2235
1221
MMDLXVII
MCXI
3108
2606
CCLIII
2043
759
MMMDCLVII
CDLXXXIV
3137
LXXXVII
MMCMIX
DCLXVII
899
3073
3901
1593
2529
2648
CDXXXIX
129
3419
MMMCCCLVIII
MDCCCLVI
2440
MMMDCXXX
2421
MMM
1360
2482
MMMCXVII
3527
115
2458
475
MMDXCV
MMMXV
2214
327
MMMDV
MMMDCCXXV
MMMXXXV
MDCLXI
CCCXCIV
952
941
MMCCXXXIV
2494
MCCCXL
DCCXXXVII
DCXIII
CCCXI
MDCCLXXVIII
1578
MMDCXL
MDCXL
323
2973
3941
857
MMMIV
MMMDCCC
MMMCDLIX
129
72
3196
666
DCXCVIII
3068
MMLIV
3231
CDV
MMDCCCXC
116
MMMCMXL
2009
DCCXCIV
2648
V
CDLXXXVIII
DCXXXII
3728
3499
MMCDXLIV
2108
3501
MMMCXXXIII
3013
DCLX
68
1134
MDXXI
MMDCCCXXXVI
773
882
2024
MMMDCCCXIV
MMMDCLXXXV
CDXV
1971
MMMCCXXV
DCXLI
DXC
CCCLXXVI
MDCLXXXI
1889
2682
MMCDLXXIV
3183
MCXLIV
MMDCCCXCVIII
MCCCXL
MMMCCCLXXXIX
MMMCDXXX
2227
1684
MMXC
LXXXIV
CMLXIX
1838
DLIII
MMCXLVI
3017
ML
3131
MMDCCLXXXII
MCDLXX
2552
MMCMVIII
CCXXXII
CCCXLIV
600
3409
CXIV
1631
2664
MDCLXVIII
MCMXXXI
2607
MCLXXV
3008
CLXVIII
MDVIII
CCCLIX
1747
1566
3980
1035
MMCCCLXXXV
2240
1564
3804
1145
MIX
MMDCXLIX
100
1820
848
3382
371
MMCMXXXVII
MDLXXXVIII
DXLI
1295
MMMCDXCIII
MDX
MXCIX
1721
7
3892
MMMDCXXVI
MCMLXXVIII
CDXLI
M
MMMCLXXXVIII
3
2879
2613
1627
2179
3155
MCDLXXVII
CCXI
MXXXVI
MMMCMLV
MMMCDXXXV
MMMDCCXLVI
DCCLXXV
MMMDCCLXXXII
1503
MMDCCXCIV
691
3200
3979
MCCXVIII
522
1695
1627
CCXLIV
3266
2754
2254
MMCDXL
855
3169
MDCCCII
921
2506
3791
MMCMXLIII
3307
MMCMVII
MMCDXIX
2693
372
MMDLXVI
MDCXIV
MMCCCXL
MMMCCCXCIX
509
3073
MCMLXXXVII
331
MDCCXLIX
1291
MMCMXLIII
3834
1851
DCXXIII
67
1691
2705
3335
MMMDXXIX
150
MMDCLXVII
MDCCCLXXXVIII
2624
MMCDXIX
MMMCDXXIII
1434
MMMDCCCXIX
2381
1251
CCCL
870
2240
1054
MMMCCLXXII
DIII
2284
2366
MMDCLX
CXLIII
MMCDXVII
CMXLVII
MMCCLXXVIII
3524
DCCCXLII
2667
DCCXCIV
MMDCCXLV
MXLIII
CCXXXI
MCXCIII
3451
MMMXIII
LXXIX
MMMDLI
2983
3439
3377
3727
CDVI
MCMXLVII
578
3351
2115
2720
MIV
2026
3118
2549
2092
891
DCCCLXV
MCMII
MDCCLXXII
549
2554
557
MMDCCXLV
MMCDXCII
3620
2691
MMDCCIX
MCCCXLIX
MMMCCLXXII
MMMDCCCXLIII
MMMDCXXXVI
1474
432
MMMDCCLXXXVII
MCMXCVIII
D
577
3173
3229
MMLVIII
2091
2647
1337
MDCCCXVIII
545
MMMCCLXIII
1369
CCXCIX
MMCMLXXXI
3577
3629
2475
MDCCCXXX
570
MDLXVII
DCCCXCIII
MMCCCXXXIII
1914
MDCCCXLI
2719
2584
3478
3471
733
MMMCXCI
1004
MMDCCXXIV
2551
MMDCCXCVIII
2488
CCCXVII
1558
1287
MMMDCCCXCIX
MMXCVII
DCCLVIII
3779
3185
MMMCLXXXVIII
3088
MMCDLXII
DCCCLXXXI
1197
2534
1112
3843
2772
3276
1058
2803
3937
1216
MDCCVIII
1879
3910
MLXXXI
CMXCII
MMMDL
MCLXXXIX
MMMDCXIX
3933
2358
MMCXXX
MMCMLXXXVII
1960
1726
MMCMXXIV
3562
850
MMXCVII
806
1829
3457
MMMCDLXVII
2770
811
1578
MCXCVII
151
630
MMMCCCIII
MCCCXC
DCCCXX
MCLXVI
CMXCVII
MLXVII
MLXXXI
MMMCMXLIV
XLI
MXXI
MMCCCXXII
1030
CMXLVI
1030
2937
MXIV
417
870
MMMDCL
MMDCIII
LXVIII
272
726
MCDXXXI
3295
1311
MMCDX
462
MMMCXII
644
DCCCLIII
2529
2944
CCCXIX
MMLXXVI
1496
2114
MDLIX
525
MDCLXVII
CDXCIII
DXCVIII
2394
3065
MMMDCCCLXXXIV
MCCCXXV
MMMCDXIX
MCMXL
MMXXXI
MCCCXLII
3133
271
CCCLXXIII
3397
3649
3200
2516
2761
MMDCLIX
1698
MDCXL
903
MDCCCLVI
DCCXXII
2522
2086
CDLXXXVIII
CMVII
3231
MDCLXXIX
3263
2789
69
MMCCCXC
MMMDCCVII
351
767
3389
3433
XLII
237
MMDCLXXVII
540
945
MMCDXLIV
MMDLXXXII
MMDCLXXII
MMMCLXXXI
458
MCXLV
MCXLV
748
MLXXXVIII
177
2562
1047
755
933
DCCCLVII
MMCCCLXII
MCXXXVI
2065
3366
MMDLXXXV
3384
3657
MMDXXXIX
400
3325
1027
DCCCLXXXVII
286
MMDCLXXXIV
1412
3196
MDCXCI
1420
3277
1635
1541
DCCCLII
MMMDCLXI
3352
3313
3105
DCCXVII
MCCCLXXIX
2907
1972
1918
2073
877
2632
1246
1110
2144
2823
3195
MMMDCCCXXXIV
MMDIII
MMMCLXIX
106
CDXXXII
MMDCCXXI
74
1221
MDCXXVI
MMDCXC
MMCCCIX
995
LXIII
MMDCXCVI
2314
1206
MMMDCCCLXXXIV
MMMCML
MMMCDLXXII
3979
DCCCXCVII
1504
DCLXV
2479
2933
MMMCMLXV
MMMCXVIII
1458
3467
2843
666
MMDCCLVIII
DCCCLXI
2578
MMMXXXVIII
MCXLIX
2109
CMXLVII
MDXCI
3631
3258
DLXXIV
3568
1399
MMMDCCCXC
1505
1976
MDCCLXXV
3238
1370
1476
2591
3846
2138
1002
MMDCLXXII
97
3161
CDLII
2599
MMMCMXXXI
MCCCLX
MMXXXI
MMDCCXVII
2670
MMMLXXIII
DXCV
67
3365
DCCCXXXI
MMMDCCCXLVI
45
3028
CDXCVII
CCCLXIV
MMMDXXX
803
736
3731
2266
3793
3698
2431
3105
1471
407
1882
MCCLXV
MMDLIII
MDCCXXII
XXVII
3535
CDXLVI
627
MMMCDLXXVI
MLIX
2233
452
CXLIII
885
MCMLXXXVII
MMCXII
DCXXV
3530
1057
MMDCXX
MCDXXVI
3832
MMMCLXXIV
MCMXXIV
156
704
MCCCXLVII
240
1768
2500
762
MMCXCVII
MMDLXXIX
MX
3099
1030
MDCCXXIII
MMCXXVI
2578
MMMCCLXII
818
18
MDCCXVII
CXXXIII
MMMCDLVII
1059
MMMXXXII
MCDXII
3005
1106
3727
MMDCCXVIII
MCDI
1803
2344
1658
MDCCCXIII
MMMCLXXXIX
1389
MCDVIII
3266
MMDCCXII
DCCCXXXV
MMMDCCXCII
664
955
3671
668
MMCXXXIX
1314
MCCCXCIX
3407
1812
2589
IV
2610
2543
1667
3482
MMDCCCXVI
CDXCIX
3692
1065
MMCCII
3601
1043
1252
1517
912
2288
3297
85
880
2309
2179
MMMCCXXXVIII
2705
583
MMMCDLXVI
MMMCCXLIV
89
2287
MMMCCC
MDCIII
MLXVII
1613
MCCXXXVIII
MMMLII
MMMCLXVII
3460
3321
MDCCLXXXIII
DCCLXVII
MDCCXXVII
3243
MMCXXIV
1525
MMMCDXXIII
MCCXCVI
CDLXXVII
2152
DCCLXXXIX
MMMXLI
1032
3792
2910
CDLX
MCLXXVIII
2062
3955
1171
MCLIII
2010
2277
DXCI
MCCXXXI
MMMDLXV
2831
1191
MCCCLX
MMMCDLXXIV
MMCXCI
MLX
MMMDCCXXV
2216
MCCV
MMDCCLVIII
MMMCCCXXVI
3280
2965
1439
MMCMXLIX
MMMDCCXXX
2791
3411
3050
MMDC
552
2692
776
684
XXIII
MMMDLIII
2643
685
683
CDLIV
DCCCIX
MCXCI
3315
331
MDXLVIII
3339
3841
11
1893
1076
2119
MCCXXVI
MCCXXXVIII
164
DCLIX
825
3632
MMMDCCCXCV
MDXLI
MMCMLXIX
CIX
MMMDCXXXIV
XXXVII
667
MMMDCCCXCI
206
1319
1178
1151
3318
MDCCLVIII
MDCVII
3097
348
MDCCIII
550
MDCCCXIII
XXXIV
MMXVII
CCCLIV
MMMDXCI
2546
1615
MMXLII
MMCLXXXII
MDCCCXX
MMDCXL
DCXXVI
MMMCMXL
3229
MMMDCXLIX
MCDLXXIII
1291
961
DCCXXV
CMLIII
328
895
627
1461
3396
CMLXII
MMLXXXI
1933
3626
MCMLXXI
MMCCXLII
3177
MMXXIII
MMMCXII
MCCXXXI
2746
MMCMLVII
CDLXXXIV
MMMDCCLII
MMCMXVII
1707
3208
MMCCLXXXII
2133
1051
MMMCV
MDXI
2168
MMMCCCVIII
MMDCCXLIX
832
3265
2999
1890
IV
175
MMCXXX
1274
1035
MMMCCXXXIII
1503
MDCLXXXIII
CXXV
MCMXXVI
2790
MMMCMLXXXVIII
2646
2432
2854
410
CLXXVI
MMMDLIII
DCCXXVIII
MMMDCXLIII
3353
1716
MDCXCVI
159
3849
3120
3151
2721
MMMLXXXVII
3962
1088
426
1638
MCMLXX
MLXVII
1294
XLV
266
CDXCIX
CXII
1032
MMCCXLVIII
3599
MMMCCCLXXVIII
2857
3839
DXXIX
3848
2570
MDCLXI
CII
CDLXXIX
MMCCLXXXV
DLXXVI
3446
MMMCCCXCVII
2623
MMDCLXXXI
MMMDCCCLXXVII
3330
MCDLXVII
MMCMLXXXVI
2064
CCIV
3253
MMMDXXIV
CCCLXXIX
MCDLIV
634
MMCDLXXII
1623
MMMXXIII
MDXXXI
484
37
MMMCDXV
MMDCXIII
2361
1309
2916
DCCCXXIV
3117
1348
1657
2791
MMMDCXXXII
865
3120
1650
MCCLXXI
103
3134
MMDCCVIII
2945
MDCXC
MMCMLXXIV
2192
3959
MMMCDLXXI
MMDCCCXV
MMDCXXXII
799
624
1408
3702
XXXIX
MMMDL
CCCL
3351
MCCLXVI
MMCCCVI
LXXXV
3814
3598
597
390
MMDCLXX
MMMLVIII
DCCCXLIV
MCCXIII
2613
DLXXXVI
MMDCXLII
1758
2243
46
3145
MMMDLVII
MMCCXXV
MCDLXXIII
MMCLXXI
MMMCCLXXXVII
3140
1084
3514
963
DCXXVIII
MMMDCLI
MMDCCLIX
MMXL
3189
1334
2028
MMMCCLXII
DCXL
MMCCXLIII
MMCVII
901
MMMCCCLVI
MCDLIX
MMCDXLIX
820
CCCXX
3137
1043
MMCCXXIII
MCXLIX
1292
MCIII
MMCCCIII
MMMDCXC
1303
2696
MMMCCCIII
MMMCMLXXIV
MMDCXXVIII
MDLXIV
2650
3492
MMMXX
MMCXXVIII
MMDCXLVI
MMDXLVIII
2145
2147
MMMCCCXCIX
DCCXXXIII
1897
MMMCMXXIII
3158
CMXXXIV
1370
MMMDCCCXLIV
1281
2592
MMCCCXCVII
3679
1333
541
XII
MMDCXXVII
2804
DCCCXLVII
3198
1952
437
MMMLXXII
2267
581
455
MMMCCLXXIV
MDCLX
1667
2844
329
2722
387
2110
2056
3407
MMMDXCIX
MMDCXVIII
3620
MMMCCLXXV
3724
1974
MMXIV
MMMDCCLXVII
1772
MMDLXIV
MMDCCCLXVIII
MCDLXXX
3713
166
2917
3633
MMXLIV
3719
796
288
MMCDLXXVI
370
MMCDLI
DCCXCVI
MMDXXXVIII
2587
847
1144
MMMXCIX
2766
MMMCDXIX
MMCMLXX
CDLVIII
MMDXXIX
MMDXXIX
MMCDLV
MMDCLXXXV
MMMCXXX
MMMCDXLIX
1200
MMMCMLVII
2172
MMMDCCLXXIV
MMCCCXVI
MMCCCLXIII
3575
3939
MCDLXXVII
LXVI
786
3333
1109
3082
3366
CXXIII
DCCLXX
3830
MDCCXLI
MMMDCCXXVIII
2820
3115
MMMDXLII
CMXCV
37
166
MDCCCLXXXIV
MMMDCCCXXXVIII
2933
MMCCCLXIV
866
DLXXXIII
MCCXII
224
1938
MMCCXLI
1740
573
DCXLIV
CM
MCL
MMXLVII
261
471
3184
MCDLXXIII
308
348
3335
1296
2697
MMMCLXXVIII
185
2587
MMMCDXIX
1906
MDCCCIV
MXC
MDCCCXLVI
2913
MMMCMXXXIII
CCLXXI
MDCLXII
183
MMDCLXXXV
2741
1965
2304
MMMCMLXX
CCCXLII
MMDXXXVI
MMDLXXIX
MCCI
3769
MDCVI
2677
874
CDXXXIII
CLIII
MDCCXXXVIII
MCCCLXXIII
CDLXXXIV
CMLXXIV
2274
MMCCCLXVIII
13
1571
3167
538
MCLXIII
3562
555
DCCLVIII
MMCLXXI
MCXC
2517
611
3781
DCCLXXIII
3677
MMMDCCLI
MMCDXL
MCDXXIX
MMMDCCCLXXVII
2893
2773
CXIX
MDL
MMDCCLI
2555
MMCDLVI
MDLXIII
2546
CDLVII
MCDXVI
MMMCLXIII
104
MDCCXXXI
1339
CCCXCVI
3456
CCLXXI
1311
3495
992
1425
MMMDXXXIX
DCCCLVI
MMMDCCCXIV
MDCCCLIX
2323
2704
558
MMCCXXXIX
I
MMMDCXXXVII
959
MMDLXXI
MMMCDVI
CDLXXVII
MCCCXXVI
MMCLXXXI
MDCXIII
2146
2803
3698
1171
LXXXVI
DCCCXC
DCCLXX
2809
3344
MMCCCLXXX
292
2537
MDCCCXXIX
79
CCCLXV
2725
DCCXXXVII
MMCCLXXI
XXXIX
MMCCLIV
MXCIX
MMXXI
155
3570
1491
3033
DCCXIX
MMMCCCXCVIII
1593
MCDLXXXVIII
MMMDCCXXXII
MCDV
MMDCCCXLIII
3063
CCXL
131
1227
175
MCMXXXVI
1561
3655
MMXCIV
MMCMXLIII
3360
MDXXV
2172
DCCLXVII
MCDXC
1628
1760
1904
3288
2184
3208
17
MMMCCCLV
2257
MMCCCXVIII
897
2000
CCXXXVI
CCCLXIII
MMDCCCXXXIX
MDLIV
2556
MDCCLXIII
CDX
CXX
3104
MMCDVII
2719
3829
MMCXXVI
2811
DCCLXXII
MMDCLXXVII
MMCCCLXXV
2888
3075
19
2484
3381
2817
2209
1077
MMCMXLV
MMMCCCXCII
MDCLVI
MMMCMXVIII
818
3149
1441
3951
DCCCL
1894
2166
MMDXL
MDCCXIX
MMMDLXXII
MDCCCXXX
3688
DLVII
MMMCCXXXIV
1163
2863
1399
3808
3714
2064
294
MMMCCCLXVII
MDCCXCVIII
3770
VIII
2093
MMMCCCXXXV
1963
MMDCCXVI
3247
1734
MMCMLVI
MCXXIII
3875
3051
MMCMXXXIX
1038
1669
XCVI
193
226
1342
2298
1485
3876
MMCCCXC
MDLXIII
DLXXXVII
MMMDCCCLXXVIII
MMMCCCXLVI
1111
CMXLVII
MDCCLXXXI
CCXI
2268
MMMDCLII
MCCI
MMDLXXXIV
2627
3115
MCMLXXXVII
MMMCDXXIV
3855
414
3264
MLXXXII
CXCVII
MCDLXVI
1434
XLVIII
MMCDLXXIX
MMCVIII
729
336
MCDXIII
CMXXV
DI
2794
MMMVII
484
3534
2515
MMMCCLXXX
2899
MMMCLXV
MMCCCLXXXIV
830
MXVIII
CLXXV
CCLXV
MCCLVII
904
2218
MMMCMLXXVI
MMCCXXXVIII
187
MMMCMLXXII
MMCDXCVII
MMDCXCVII
MDCCXV
3964
3469
3060
DCCCLXXXVI
2743
362
2954
CCCLV
MLXIII
18
2852
MMDLXVI
1916
2614
2450
2591
3227
MMDCCC
176
1252
MMDCCLXIX
3229
MDXXVI
2575
MMMCMXXIII
MMMCCXC
2204
MCCXVII
2112
MMCCCLXXVI
MCCCLXV
140
MMDCCLXXVII
549
MDCXVIII
1556
3594
3605
CXLIV
2571
MMMDCXLIV
DXLVI
1474
CDXCIX
MCDXXI
1590
MCMX
LXXIX
XVI
3317
DCCLXXXVIII
MMCCCII
72
3022
3271
MMDCLX
772
3581
3956
1148
MMMDCXCI
MMMCII
MMMCMXII
MMCCLXXXII
MCMXXVII
1506
3290
MMDLXXX
CCCXXXII
DCCLXXXI
MMDCCXXIV
1201
CCCV
MDCCLXXX
MCCXXI
V
MMDCCCLXXVIII
MMCDLXXIII
3410
3422
1627
MDXXVI
3554
MMMCMLIX
MMMCCCXC
CCXCI
MMMCCCXXXVI
59
MDCCCXVII
MCXL
3539
1302
3914
1001
3036
DCLXXII
MMCCLIV
3898
CDLXIX
1042
617
1584
MXLVII
1046
2136
3230
2075
MMMLXIII
1935
949
2071
MMCCXII
MMMCMLXV
MDCCCXCI
CCCLXXXVIII
MCLII
MMMCLXXXI
1115
2399
2668
MDCCLIV
2909
3284
1875
2
MDCCXCVI
MMLVI
MMMCDX
102
XXV
253
1145
MMCDLXIV
1074
1481
1310
CDLXXII
3109
1036
479
CMXXXI
CCLII
MCCLXXXVIII
MDCCCVII
1008
CCLXXIX
MMMCCXCVII
3253
MMMLXXVI
CMXX
1708
3289
1245
MMMCCCLXII
MMMCMXXVII
711
MMCCLXXXIX
MMCCVI
MMMCMXLIII
288
MMDCLXXXVIII
MCDXI
MMMDCXVII
2521
3554
MMDCXCII
MCDLXXXI
DCXXXI
MDCCLXXXII
MDCCCXLIV
45
1970
2279
1476
3999
MDCCCLII
CMI
MDL
MCXLII
124
168
CL
MMMDCCCXLV
1268
MMCDXXXI
485
DCLXXXIX
3433
1691
MCXXXVIII
1564
1888
1905
1489
MXVI
2465
521
MXXVI
MMCCXLII
MDCCC
3837
MMMLXVIII
MMMDLXIV
MMMDLXVI
2620
MMCXCV
3543
1709
1212
CCXXI
MMMDCIV
3189
606
3828
MCXXX
1299
MMCDXX
1578
1800
DCXLIII
MCDXI
315
MDLIX
DIV
MMMCDXXV
MMMDCC
3646
MMMDXXX
MMDCCLXXXVI
269
1581
3480
1392
MMMCLXXIX
MMXXXIII
2755
245
1379
MMMCCCLXIV
1542
MMMCCLXXIX
2045
3442
MDCXXVII
2980
MMCCXLIV
1679
MDCCVI
1213
MDCXVIII
613
CCCXLVIII
MMMDCCCXXXII
1993
MCDXLIII
3063
416
668
3382
MMXV
3313
MMMDCCLXXIV
2911
MMCMLXXXI
MDCCCLXI
MXXX
3333
MMMDLXXVIII
MLXXXIX
2266
1705
CDII
1291
MMMC
MMMDCCCLX
526
1986
DCCLI
881
3832
MMDCCCXII
MMDCXIII
MMDCLXI
2569
3050
C
1752
MMMCDXVIII
3647
3131
2667
414
690
MCLXIV
MMCCCII
1175
2397
1818
66
MDCCCLXXI
MMCCXLIII
3890
1118
MMCXXXIX
3000
1517
3710
624
1056
3529
417
MCXXXII
1628
2690
MCCLXXVII
CCIX
CXVII
MMCMLXIII
3025
MMMDCCCXIX
1237
771
MCDXL
CCXXXIV
MMMDCCCLXXXVIII
2065
2005
834
42
2840
MDCCCII
2026
1027
3144
313
MMMXXIX
1920
MMLXXXII
3930
3093
CCXXI
MDCXXVII
2163
CCXLIII
3443
3696
1110
MMMXCVIII
1793
CMXCI
CMXLIII
1165
1002
3715
2778
3794
153
3169
275
1834
3558
MMMDCCXLIX
MCCCXXI
MCC
CCCXCVI
181
MCCXXXVIII
MDCXXX
DLXXIX
MCCIII
2150
MMMCVI
3439
DCCXXXVI
970
1798
MMMDCCCXIII
2891
CMXC
CCXVI
MMCCLXXXIII
MMMCDXXVI
MDCCLXVIII
DXCIX
MCX
2930
MMDCCCX
2062
384
2361
MDCCCL
3184
3486
399
1245
1262
771
547
MMMCMXLVII
2164
270
MDCLXI
1622
3845
3748
2810
MMMXLV
347
CCCXXVI
MMMDCCCLXXXI
MMMCXCVII
2011
2729
3499
MMCDLXXXIV
974
2849
750
3847
3936
MMMDV
419
3680
MMCMXI
624
MMCCCIV
2277
3555
2096
2686
1814
MMDXXXIV
MMDCCXXVI
MMCCLXVIII
CCCXXIX
MCCCLXXX
MMXIII
DCCCLXVI
1836
MMCCXXIII
DCCXXXVI
MMMDXX
MCCXXXIV
915
MMCDLXXXI
CXXI
2854
1813
166
974
MMCXXVI
MMMDXCVI
632
CMLXXX
LXVIII
CCXXXVI
MMCCCXXXIII
963
MMDXCII
MIII
MMMCMXL
3711
MMMDCCCXLVIII
MDCCCXXVII
2693
CDLXXIII
DCCCXXVIII
MMDCLXXVII
922
MMCDLXXX
3373
MCCLXXIII
2960
MMMDCCIX
MCIV
MMMXCIII
MMMDCCCXXXIII
MDCLXVI
MMCCLXVII
MMMXXXVIII
2794
CMLXXXVIII
1413
2562
3341
MMDCCCXCVIII
MCCXIX
1603
DLVII
862
DXXIX
2545
1609
2516
CCCLXXV
3070
1326
CDIX
MMMCDLX
2267
3576
MMMCXCVII
415
2434
1057
535
2778
MCXXVI
2545
457
MMDCCCLXII
MMMDCCXXXI
1794
1299
2750
MMCL
MMCCCXII
3543
2771
MMDCLVIII
3927
1504
MMMCMXCV
CDXX
MMCDXIII
136
2830
MMMXXXIX
MMCXCVI
681
MDCXXII
MMMCCCLXXIX
94
3630
MCDLXXX
MMDCCXXXVI
2664
DLXXVIII
3204
MMMDXCVIII
1319
2525
DLXVIII
3611
2680
2182
MMDCLXXXII
3596
2820
MMMCLXXXIX
2013
DXLIX
3934
CCCXIII
MMCCCLXX
1282
2102
MDCCLXXIV
DXXXVI
MMCLVI
MDXCV
MMMCDXLVII
MMMDCLVII
MMMCLIV
694
869
1046
867
MMMX
MMMCCXLVI
DCCXCI
MCDXVII
2590
2079
2758
MMCMLXIII
202
MMMCXXVII
MDCCCV
MMMCCCXXI
1456
733
341
977
MCCCXCVIII
MMXCIII
2191
2387
403
1225
MMMCDXXXVI
MCDLXXIV
MCDLX
2396
3716
617
CCCL
MMMCMXCVII
MCMLXI
2678
2222
MMCMXLVIII
DLXIV
MMMDCCXLVI
3590
1146
452
2921
761
MMXVIII
MMXXX
MMDXCII
MCCCXXXVIII
2837
2762
2721
MMDCXVI
MMCLIV
778
2015
3399
1111
1225
MMCCXI
MMCCCXV
1915
1123
1480
MMCXXVI
CCXCVIII
1665
3806
MMCLXI
MMCCCLXXII
2652
1121
2074
1406
2582
MMCDXCIV
MMMDCCCXXIII
367
2186
3484
CDLXXXI
MCLXXV
2312
MMMCCCXXIV
MMMCCCLI
MMMDCCXLVI
818
3584
465
2212
3578
MMMCMLXXVI
CLIII
16
1394
1309
3482
451
3610
MMMDCXII
MMMDCCLXXVIII
2672
3427
MCCCXLVII
MMMCXXXI
2646
CDXV
DLXXXVII
DCCCLXXVII
MMDCCCXCIII
3240
3554
2079
3438
26
MMCDXXXIX
MCLXXI
MMMCDLXXIII
MMMCXCI
MMMCXCI
MCCCLXVIII
1643
CMXX
3688
LXXIX
3284
MCCCXLI
MDCLXXXIX
3599
978
MDCXXXIII
MCCCXI
MMMCCCLXX
457
826
776
MMMCXXXI
MMMDVI
2956
MMMDCXVI
CCXCVI
CLX
364
MDII
2187
MMMXXVI
MMCMLXXVII
2682
DCCXXXVII
3172
1162
3892
MCMLXXVII
MMDCCCX
1210
84
1019
1894
MMMDXLIX
1043
172
3935
MMDXI
CCLXXXVII
1593
MCXCII
MMCDXCIII
2086
MMMCMLXXVIII
XLVI
2184
MMDCCLVII
2364
1015
3709
157
MMDCI
1442
2810
MMCDXXXI
MMMCMXXIII
1736
MMCCXXXIV
DCVIII
843
MXCII
726
MMMCCXCIX
2742
DCCCLXXXII
3744
MCCCVI
3165
594
3388
MMCCCXLII
MMMDXXVIII
2040
MMMDCCVI
1519
LXXI
2340
MMCMXCIV
1524
135
405
2511
662
MMCCCXIX
2221
MCLII
CLV
2669
1432
2408
MMDCCCIII
2127
MMDCCCXII
1709
CCXXVIII
1312
MCDXXII
MDCCCXXVIII
MMDCCCLXX
2152
2057
3487
MDCCCLXXVII
3984
MMMCMLXXI
MMMCCLXXV
DL
256
3456
2748
CDXC
1581
2271
3570
MDCCCIX
XXIX
CCCXXXV
1956
MMDLXXXV
MDLIII
MMCCXIX
MDCCCXXIII
MMCD
DLX
854
MMMDCXXVII
DCCLXVIII
3444
MMCCCXXXIII
MMCCCXX
MMMDCCCX
2570
MCDXCVI
1070
704
312
MDCLXXXIII
MMMDV
1936
MCDXXII
863
MMDCXVII
MMCCCXXXVI
897
3844
MMMCCCVII
276
MCCXCIII
CCXLVII
2647
3649
832
MDCCLXXVI
CCCXXX
1925
3996
478
2143
MMMDII
503
CXVIII
1965
MCCCLXXIX
1598
3786
MMDCCXX
DCLII
LXIII
2392
2001
1645
2198
2241
MMMCXCIV
MMMCDLIX
2269
2427
318
DLXXIV
3522
3218
962
2438
MDXLIII
DCLXXVI
978
1782
MMMCCXXII
MCCXI
2670
MMMCMLXIII
2635
517
DCCVI
CDXLII
VIII
MMDCCLXXX
998
MMCCCLXXXIV
MDCCLX
1364
MCDXXI
MCMXLV
MMXXXII
MMMDCCCXIV
2169
CCLI
2574
DCXI
XIX
1234
3412
MMCCCLXXIX
3918
3426
1002
MDCCCLXVII
MMMDCCCLVIII
886
2330
CDXCI
3926
1571
3515
MMCLXX
9
506
2239
1193
3149
DCXLIII
3176
MMMCMXLIII
2837
MDCXVII
MMCCXCIX
2785
2068
3592
CDLXXIII
3623
MIV
3551
150
2916
MMMCCCXXXIII
724
MMMDCLXXIX
MXXII
3153
MLXXVI
3558
MMLII
CXLVII
MMDCCCXXIX
MMMDCCIII
MMDCCCLIII
812
MMDCXCV
2292
1775
MMMDCI
589
MMCDXIV
2899
MMCCCXLVII
MCMLXXXVII
1574
MMCDXIX
929
321
CMXVII
1214
1953
2535
1257
356
2588
1940
MXXXIII
CMXV
VIII
MMCLXXVIII
MMDXVII
1455
2131
988
DCCLXXXVI
2977
MMDXCIII
2924
MMDCXXXIV
1023
MMCCCLXXXI
1078
1245
608
1947
2086
CCXV
869
DCCXCII
MMDCCLXXVI
MMXCIX
MMXCIV
361
2914
1352
CCXCIII
2845
CLXXXI
CDLXXXVI
2749
256
MMCMLXXVIII
DLXXXV
MDCXXVIII
CCVII
3859
2067
DLXXXIX
MMCDLXIII
3918
MMMDCCXCIX
MMCDLXXIX
DCLXXI
2167
3284
582
ML
74
MXC
DCCXVIII
658
MDCCLXXX
MMMDXLVI
MMMCMLXXXIX
MMCDLVII
MMCM
2910
435
2525
1455
MMMLXIX
3749
MDCCCLIX
CMLXX
MMMDCXXV
MIV
2077
MMDXC
2206
3441
MMMDCCXXXI
2240
MMDCXIX
2887
816
MCCCXXXIII
327
3361
CMXCV
MCCCXCVIII
MMMCDXXV
CCLXXXVIII
MMMDCLXXIII
2226
MCCLXIX
2335
MMDXXVI
DCIX
2700
3209
2490
MCLVI
63
MMMCCCXCI
MCLVII
MMMDCCCLX
3933
188
404
MMCCLIV
3652
2146
CCLII
CCXV
MCCLXV
MCDXCIV
3794
1882
2158
1931
252
MCDI
1646
CLXX
MMCCLX
1830
2112
3622
MCMXXIX
DIV
MCDLXXXI
MDCCIV
3846
MMXVIII
3817
MMCCII
MCDXCII
1500
3914
591
2161
MMCDXL
2292
MMMXXVI
MMMCCCXLIV
MDCI
MCCXII
1756
MCMVII
2735
2290
MMDCCCLXXIII
1895
3965
2570
MMCIX
MMXXXIX
MMDCCCXLVIII
MMMDCCXCIII
MMMCMLII
3880
1490
2706
2769
2968
MCDXLIV
1379
3418
2589
172
CCCXXXVIII
2763
MMMDCCLXXX
2372
718
MMIX
1841
1284
CVIII
2293
XCI
3973
MMCCCXLIV
MCMXXXV
1644
3271
MMMDCLXX
3206
MMDCCCLXXXIV
MMDCCCLXVII
568
CMIX
706
MDCCLXVI
MMDCCCLXXXIX
713
MDCCCXI
3648
DCXLVII
170
455
MCCXXXVI
186
DCCXCII
3298
MMMDLXXXIV
CMIX
3355
DCCCXLI
2945
MMCCCLX
MMCCCXVII
3540
MCDXXVII
1670
262
2621
3807
MCCCLXVII
2816
MMMCCCIII
3750
MDLXXXII
MMDLVIII
MMMDCCXLIII
869
MMDXIX
3874
MMMDCCCLVIII
1611
3564
MMXLIX
MDXXXVII
MMMLXXXIII
2650
1344
1038
954
MMDCLXII
964
949
CMXL
MMDLXXXVIII
MCCCLXXIII
MDCLXXXIV
3268
MMMDVII
MMDCXX
MCCCXVII
CCCXVI
MMDLXV
1894
2094
1443
2773
MCMXIV
MCCCLXVI
DCXCVI
3130
2047
MMCXVIII
DCCCIII
2512
340
DCCCLXV
MMLXXIII
MMCDXXXVII
1829
MCCLXXVIII
3546
MCCCLXXV
331
MMMDCXXXVII
MCCXCVII
2516
MMMLXXIV
MMMDCCIV
1559
911
CLXXVI
MCLIII
CCXXXIII
MDLXXXVI
3817
MMDII
CDLXXVIII
72
2002
MCMLXXIV
MDCCXL
MCCLX
DCCCIX
1716
1736
1027
MMCMXXXV
DCCCLI
MMDCLXXI
3415
415
1146
2159
MMMCCCXLIV
CXXIII
214
3879
1901
2044
DVIII
MMV
CMLXXXII
CMXVII
DCCLXX
MMDXXX
558
973
DCLXXXVIII
MMDCCCXXXVIII
3508
594
222
DXXI
MMDCCCXXIV
2062
2992
3290
2232
MMCCCXLIV
230
710
MMMDXLV
DCLIV
3089
CCLXXVIII
MCDXXXIV
MMCCCLXXXIII
MMCCCXXIV
542
2467
MMCMLVIII
MMMCCCXXIII
121
904
MMMXLIX
MCMLXXVII
743
MDIV
1437
MMMDCCCXXVIII
1444
MMCDXXVIII
903
CXLIII
2868
987
MDCXXXVII
432
MMMI
3108
3538
MMMIX
MDLXXXIII
2786
2024
MMVIII
MDCCLVIII
1564
2363
DCCXLVI
3526
2110
MMMCCCXXIV
CCLXX
MMLV
1237
3188
832
MMDCCCXLIII
1662
MMDCXX
MMCDXXXIX
3171
DCXC
MCCLXVIII
969
3141
3488
2979
2458
916
1230
155
DCCXXXIII
2674
MMMDCCCXLIV
MMMCCCXCVI
3773
3835
MMMCDXLVI
MMCMXLII
1997
MMCMLXXI
2294
2536
MMIII
2978
MMCCXIII
MMMDXXXV
MMMCCCXXXVIII
CCVIII
1228
969
810
896
642
2048
MXIX
CDXLVI
2878
CMXLIV
1836
MMCDXVII
1519
94
MMMDCXVI
MCCLXIV
DXVII
MMDCCCXIX
MDCXLI
CDLXXXII
3574
3074
2174
XXXIV
CXXXVI
2333
3399
MMCMXVI
2303
MMMCCCV
MCDLXXIII
811
MMMDXV
MMMDCXCVII
2178
DCCCLXXXII
DXXXIII
1949
1232
1968
MCDXXV
CXVII
MXVIII
CMLXXXIV
3020
MDXCVIII
3421
1461
MDCCCXII
CCCXCII
MDCLXIX
MDCIX
DC
CDXXX
3303
1380
2561
755
MCDXVIII
1976
1752
2456
MMDCCCXLV
MMCDXLVIII
2603
1928
1990
MMMCMXX
429
442
MCMXC
1293
1844
MCCCLXXXVIII
MMCCLXXVIII
3454
3649
MMCDVIII
DCCXXIX
CCCLXXXIV
3385
1418
2326
CMLXXVII
2639
1092
MDCCLXVII
MMDCCCXV
MCMLXXVI
159
3670
D
2405
3093
MMCDXXI
1601
MMMXIV
MXV
3094
MMDLXXXIV
2951
2286
MMMCXVIII
3032
3319
70
1836
MDXXI
1082
MMMLIX
3284
MMMDCCXXII
973
DCCCLXXXVI
MMMCCCXLIII
MMMDLVI
3723
MMMDCCXXIII
CMLXXIV
1101
MCXXXIII
1288
3386
3148
MMMDXXXIII
CLXXXVII
1908
3205
551
MMCLXXIX
2754
MCVII
1889
MDLXXVIII
3310
64
MMDCCXXXVI
MXLI
MMMCCLXII
3062
1776
MMDCLXVIII
2100
2357
DCLIII
DCLXVII
1279
1482
CDXLVII
MMMCCXLVIII
MXXVIII
790
2908
2035
1669
MMMDCCXXXIII
1968
MMMDCCCXCVII
MMMDCCCLXXI
MMCCCXXXI
288
MXI
2411
2295
MMMDCIV
CLXXIII
1682
MMMCMXXXIII
601
MLXXVIII
2909
MMMXXVII
MMDCCXCVIII
MMMCXLVI
2722
MDCCLXIV
2486
MMCCII
3656
3780
DCCXCVII
1341
MMCIII
MMMCCIV
MMMCCCLXXV
MMMCMXXI
3228
2324
CLXXXIV
2344
2731
MCMLXII
1697
MMMCCLXXII
2393
829
1498
2875
1340
MMMDXXXVIII
3013
2989
CDXCVIII
MMMCDVII
MMMCL
DXLVII
MMXXV
3075
3431
2524
MMMXLII
969
MCMLXXVII
MMCDLXXXVIII
3346
MDXVI
MCXCVIII
MDCCXXIII
MCXCI
1718
MMMDCCCLXX
3172
MMMDCCCLVII
1021
MCCLXXXIX
1425
157
738
MMMDCCCLXXXVIII
MMDCCCXLIX
930
3531
CXLII
MMMCLII
MXXIX
MMMXVIII
1241
2551
MMCMLXXIII
MCDL
3981
DCCCXCVI
1816
39
MMMCCCVI
455
MMCCLXXII
1864
3934
910
2767
MCCCLIII
3730
2799
MMMCXXXII
890
693
2202
MMMXCV
2333
3407
302
651
MCDXLVI
MMDCCCXLVII
802
MCDXC
DCXLIX
MMCXXI
MMMDCCCLXXVII
MMMDCXXXIV
3513
MMDCCXL
2789
362
2971
3239
2248
MCCCXII
2430
MCDLXXVII
MMLVII
354
MMMCCIII
MMMDCCXXVI
MCMXXXVII
MMMCMXIII
MDCLXXII
MMCDXXX
193
3084
MMDCCXCVII
2577
MMXLV
MMXCI
773
MMMCMXXXII
1528
1203
MMCXLVIII
3701
2594
MCCL
341
823
MMDCCCXXXVI
301
MCCI
1263
MDLXXIX
DCXLVI
CMVIII
874
2872
235
MDCCLXXV
1617
MDCCCXV
MMMCMLIX
604
2153
MMDXXVII
299
MMMDCCLXX
2941
MMCMXVII
1662
3872
644
393
DCI
DCIII
570
CDXXXII
2367
2614
MMCCVII
MMCCCXXIX
1594
MMMDCXVI
810
MCCCXCV
3815
2396
MMCDXXXIX
3214
830
MMMDCCXIII
223
IX
2167
2368
MDCIII
MCCCLXXI
406
MMCLXII
3195
MMCMLX
3800
MMMDLXXXVI
XXX
MDCCXVI
1822
2752
MMCMLXXII
CDIII
2117
39
MMCXXXI
205
MCCCLXXXVIII
MMMCMXXI
1748
MMMDCXXVII
MMCDXCIX
MMDI
CLXXXI
CDXXV
2296
CCXLIII
MMCCCVI
218
DCLXX
MMMDLXXIX
DCLXXI
MMMX
3123
3706
MCDLXXX
DCCCXII
3967
2138
DCCXX
2019
DCLXVIII
MMVI
3622
MMMDCXXII
1253
742
MMDCCCLXXIX
1670
906
2647
MCDXLVI
MDXVIII
MMXV
1991
1557
3483
MMLIII
3091
2569
DCCXIII
781
CCCV
MCXV
394
DCCLII
MMDCCCXXXII
MMCDXCII
DCCCLXXX
72
361
MMMCMXXXV
MMMX
MCXLVII
2474
MMMCMLVIII
1939
MDLIX
MMMCLXXIII
MCDLXXX
MCCXXVIII
MDCCCXXXIV
75
CXVIII
MMMDCCCVII
MDXXXVII
3631
CDXXXII
CML
2537
DXXXIII
2328
1206
2517
CXCV
MCMXLVIII
3330
3699
3913
2610
1629
1717
2599
MMDCCCLXXXVI
1448
1850
2419
MCV
MDCLXV
MCMXCII
3080
3895
3498
1039
MMMCMLXIII
MMDCIII
MCLXXVI
MMDCCCXLIII
MMMCMXIII
3935
MMMCCLXVI
CDXXII
MMMCCLXXV
196
410
1106
1834
1153
3736
2108
MMDCLI
693
3976
2146
3884
3492
1571
MXXV
DLX
MMCDLXX
3463
MMMLXXX
1782
1581
MMMCCCLXXVI
MCCCXCIII
CDXL
MCMLVI
653
CLXXVII
DCCCXVII
2669
MDXVII
3314
3701
3591
3159
MDCCCXVII
MCCXXXV
1394
558
1494
MMMCCCIII
3014
2654
MMLXV
MMMCDLXXV
MMDCCXXXI
2757
MCMLIV
908
MMLX
3951
470
MMMDCCXXX
MDCLIII
MCL
3950
MMDCXXXVI
136
MMMDLIX
1929
MMDLXXII
2225
MMDCCLXIV
MMMDCCCLXXXIII
3252
2488
MDCCXVII
MCXXXVIII
1277
916
MCDLXXX
3735
3504
MMXXIII
DCLVI
3120
14
331
3932
886
MMCVIII
492
DXXXIII
MDCXCII
MCCXII
2979
2062
MCCCLXXXV
MMLXXI
1319
MMMDCXII
CDLVIII
476
MMMCCCLXI
MDCCCXCI
XLIII
MMMCCCLXXIX
1305
MMCCCIX
1540
657
MMMCDLXV
2853
2411
3072
DCCXXXV
DCCXLVIII
1092
609
511
1672
MCCCXLIV
MMMCCLVI
3679
269
MMMCCLXXIX
2766
1454
MMMDCCLXIX
MDCL
MMCMLXXII
3390
3895
MMDCLXX
2310
1544
MMMCLXIV
MMMDCCCLVIII
MCCCLXIII
88
MMMDXCII
MMDCCCLXXV
3815
MMCMXLIX
MMCLXVI
CCCLXII
3048
MCDXXXVI
MCMXXXIII
MCCXL
MDXCVI
179
MCCCLXXXVIII
MMMCMLV
276
MMMCCI
MMDCCCLXXIX
3275
2836
234
387
3264
1289
MMMDLVIII
2941
341
3490
MCDVIII
3892
2806
DCCCXLII
MCCXLVII
3832
3220
DCCCLXXIV
MMCCXXII
1991
MMMCMX
3680
DCCCLXV
MMDCCXXXV
MMCVIII
MMMCCLXVIII
DXLV
MMDCCLVIII
CMLV
2643
1305
MDCCCIII
1764
1332
MCDXXXVI
MMDLXIV
3460
2450
444
MMCLXXXIX
106
1366
3532
MMMDCCCXXX
DLVII
1761
272
MMMDCLXXX
CXV
2328
MMMCXXII
674
1980
1370
3442
MMMCLV
VIII
29
373
2818
CCCXXXIV
MMMLXXIX
821
3263
CIV
MCCI
MMMDXXI
2209
2325
DCCLXXXVI
1414
3333
1674
3934
3715
MMCXVI
MMMCDLXV
MMMDCCXCII
MMDXCII
3572
MCLXXXVII
MMCLXVI
3121
MMMDCCCXLV
2015
3281
MDCCCLXX
2208
MMMLXXX
2206
MXCIX
MMCLVII
MMMCCCXXX
3782
3222
MMDCLXXX
1490
MDCCLVI
MDCCCLXXXIII
MMMDCCLXXXVIII
MMCCXXX
MMDCCLXVII
MMDCCXI
1910
MDCXL
3261
CMXLIX
1105
DCCCXXII
1279
954
471
DXL
2496
3060
MCCIX
CDLI
998
1630
MMXCI
2881
MMMLXXXI
MMCXX
MMCDII
1324
CLXXII
MMMDCIV
968
3080
1369
1952
2045
664
CDXCVI
1772
1756
927
771
737
124
X
CCXCIV
MMMDCCL
962
MMMDCCCXLV
DLXXX
147
3549
MMDCXL
MMMXXII
1922
MMMDX
2053
2654
2281
DCCL
675
MMXLVI
2605
1482
MXCV
MMDCXCIX
914
LIV
2181
3145
MCCCXXXVIII
3689
MDCXIII
MMMCCLIV
MCMXLV
1980
MMMDCCCLXXXV
MMDLXXIII
MMCCLXI
MDCCXXVII
MDLXV
MMCDXCV
3901
MMMDCXX
3322
3402
MMMCCLXXII
MDXLIV
2915
478
MMMVIII
1686
MMMDCCXXX
MDV
2593
MLVIII
MMMDLVIII
MMMCDXXIX
2235
MDCXX
1343
3895
2173
MMCXI
812
CCCLXXI
DCCCLXXXII
MMMCCCLIII
3652
DCX
MMMDCCLXXVII
DCCXLI
928
690
3756
MMCCXXXIII
1739
891
444
MMDCLXXXVIII
MMDCCCVIII
MMMCII
MDCCCXVIII
2615
2408
3265
3867
113
MDCCCXXXVII
3109
MMDXIX
3857
MMMCCCXCVI
2069
MMDXXI
3053
MMMDCCXCVII
2555
MMDCII
1895
152
DCXXVII
DCXXVIII
DLXXV
896
2790
MMMCCXXXI
DCCXCIII
2217
1545
MMDCCCVII
MLXVIII
CCXCIX
MMMCCCVII
DLXV
807
612
MMMCCCLXVIII
MMMCXXXI
DLXVIII
MDCCLXXXIX
MDCCCXV
CCLXXXIII
MMMDCLXV
2340
CDXIII
1129
8
CMVI
2681
959
501
MMMDCCCLXXII
MMMDXL
1985
MCMLXXIV
MMCDXIII
CDXXXVI
MCMVIII
126
CDXXXIX
MCCCLXVII
1171
MDXCI
MMMLXIX
CMXXXVII
3113
MMCCCXCV
CCXCI
1645
MCLXXXV
CDXCVIII
3216
MMCMXXVII
MCXCIX
DCCLVII
1194
MCXIII
121
DLXX
MMMCLXXXIV
3994
3558
788
MMMDCXXXIV
2892
2584
MMDXIV
894
MMCDII
699
MMCDII
DLXI
2696
1579
2947
3379
MDXIX
MCLXXVI
CMLIX
XXXIV
MMMDLIX
MMDCLVIII
2139
215
MDLXXXIX
MXVIII
MCCXLI
MDCCXLIV
3394
1836
2659
3854
1320
MMLXVII
2316
MDLXV
MCDLXXI
2763
782
3062
MMMXL
MCCLVI
264
2003
MMXXV
MMMDCCCLXII
MMDCCCXXI
MMMDCCLXXX
847
1945
CMXCII
DCCXLII
2364
MMDCCXLIV
MMIX
MMCXXV
CCXXXVIII
MMCDXXXI
DCCCLXXI
19
3029
3863
MMMCCCLX
DCCXLIII
2064
MDCCCLXVIII
MMMCCCLXVI
2624
3824
MMMCCCLX
CLIV
1037
346
2547
MMMDCIX
1037
670
722
3776
MMMCDLXVIII
1612
1134
MMDCXVIII
1144
2723
MCCCLII
MMDLII
MMMDCLXXIX
MMMDVI
MMDCCXCVI
MLXXII
1137
1305
MMXCVII
2805
MDX
CMLXVIII
294
1899
3200
MMMDXLIII
MDCCXX
2061
DXCIX
MMDL
MDCLX
2831
MDLXXXVIII
902
DCCCXII
1560
688
MMCDLXIII
MMMCXIII
1962
2791
1001
242
DCCCXXXVII
MMMCLX
516
1764
921
MCDXXXVIII
2747
595
1861
687
MMCCCLI
1379
864
MMMCMLI
MCDXC
MCCLXXVIII
3236
MMDIV
3425
1616
MMDCCLXXXVIII
754
MMMCCCXLVII
DXC
2452
MMIII
2415
254
CCLI
MMMDXC
1800
2888
MMMCCXVII
CMXLI
MCMLXXII
CCCIII
2305
2420
2941
MMDXXII
1348
2475
MMMDCCCXCIV
1208
DCLXXIV
350
MMCXXXI
3874
3605
3854
2556
3336
827
3931
MMDCCXXV
MCCXIX
3702
2996
2918
3673
3479
MCDLXXXIII
3149
19
392
3410
MCLXVIII
MMMLXXXVII
CCXXXIII
1229
MMMDCII
2977
MMLXXIV
MMMDLX
2938
MDCCCXXIX
MMDCCLXXXVIII
1441
1711
3562
CMXCVI
CCCXXII
51
CCCLXXI
2103
DCCCLXXVIII
2285
MDCCCXXXVIII
3578
1221
MMMDC
MMMDCXCVI
1675
1662
MCCCLVIII
MMDCXV
MMCDLXXIII
MMCCCVII
3360
1940
3660
1995
DXCIII
1384
CLXV
2260
2147
CMLXIX
1636
CCCLI
MCXXXV
CCL
2495
3864
MMDLX
XL
MMMLXXX
1197
MMMDCCXXI
103
527
74
2217
XLVIII
3289
CXVII
1624
1832
245
2798
580
MCLXIII
MMMCCXLVII
MMMCCCLIV
MMCCLXXV
CCCLXXV
2682
195
2575
MMMLXX
MMCCCXXXIX
3911
2492
2973
134
MXLVIII
1020
DLX
MMMDCCXCII
1385
MCCCLI
CMLXIX
MDCLI
1417
1583
1949
MMMDXXXVIII
DCCCII
MXLV
MMDCCXIII
2863
MDCCXLIV
1418
MDLXXVI
3628
1316
2867
MCLXXX
MMCCXLIX
DCCCLXXVIII
1450
MDCCVIII
MCCCLXVIII
MCDLIII
3903
3289
XXIV
MMCDXXXVI
1156
MDLXXXIII
MMDCCXIX
903
2651
1431
591
MMDCCCXXX
27
3046
1243
MMMDCCCXXXI
MMMCCXXIII
675
941
1601
MCCCXCVII
MMDXCIX
2322
2904
749
MMDCCCXCVII
3374
1220
481
1985
3656
3752
MDCLXV
MMCCCIII
DCCXXIV
2430
1769
3580
MDLXXXIV
2349
2952
DXLVI
1199
MCCXLIX
MDCCLXI
MMMCCXC
MMCCCLIV
1234
2188
CMXXXIV
MMDCCCXCI
1597
2730
331
1040
MCCX
MCDXCI
MCLXXIV
322
282
1674
2426
MMMCMLXXVIII
417
2689
3616
972
96
2057
MMMXXXIV
2624
MMCXXXVI
MMDCCLXXVII
MMCCCLXXVII
MMCMXLIX
1417
2142
MMDCXXXIV
68
260
MMCCCXXIII
140
MMMCMLXXXVI
MMMCMLIII
185
451
548
MMMCCXCVII
MDCLX
DCLXIV
2198
2438
445
2480
MMDCCXVIII
DCCCII
MMDCCVIII
MMMDC
MMCLXXVIII
MMDCCXLII
MDCXCI
MMLXXX
MMMCDII
2664
MMMDCCCXXIII
2037
304
MCMXII
3224
1093
2235
MDCCCXXXVII
378
3703
3282
MMMCCLXXV
MDCXLVIII
MVII
MCMLXIII
3828
MMDCCIII
532
1085
MMCCLXXII
MMCDLXXXII
2134
MCCCLIII
MXXI
298
3810
3801
DCXL
1728
3598
DIII
MMMDCCXLIX
MMDCCIX
3205
2455
CMXXXI
2578
MXLV
2184
MMDCCLXXXVIII
2204
3846
844
MMMDCLIII
MMMCDLXXXV
MDCCCXXXI
2889
MMDXX
CMXXVI
CCCLXXXIV
2737
1307
326
MMMDCC
369
882
1121
1164
77
DCCXXI
MDCCCXXVII
DXL
CMLI
MMDCCCXCIII
MCMXI
MCDLXIX
3104
3601
3844
1019
1223
MMMDCXLVIII
MMDCCCXLIX
1252
MMMDCXCVII
DXL
3921
498
529
MLXXXV
619
3811
178
MMCMI
2996
787
MMMCCLXXVII
MMMCMVI
1449
CDLIX
MMMDXCVI
3346
2491
2544
CMXXI
446
MMMXXIX
132
2734
1080
MMXLIV
MCCCLXXI
CCXXXIII
3815
MMMCCCXLI
MMMCCXII
MDCCXCVI
CCLXXI
3623
3038
2877
MCCXC
CCLXI
3641
2094
MMDCCCXC
MCLXIV
3604
3153
CXLIX
MMCCCXCIV
DCXV
MDXCIV
2186
DXX
MMCCCXXXI
937
MMDCLV
1677
105
2028
2189
MCCCVIII
MCDLXXXIII
MMDCCCLXI
MXXXVI
1035
2463
DCLXXI
MMD
1002
MDCLXVI
MMCMLIX
MCMXVII
MMCMLIX
68
2988
CXLIV
1518
3574
MDCCLXIX
DIV
1828
MMMCMLXVIII
MMCMXXXVIII
MMDXXXVIII
977
717
CLXII
3778
2753
719
1736
526
MDCCLXXIX
1740
MMCCCXXVIII
137
3880
MDXXV
2741
MMMCCCLIX
2919
355
1215
1334
MMMLII
1503
MMDCCCLXXXIV
2829
3532
MMMDCCCXXIII
3786
MMCCCXXXVI
MXXXI
3421
MMCXCVII
1868
MCCLIX
1340
DCXCV
3777
MCDLXXXII
MDCCLIII
1851
MDCCCLXXXII
3286
MMMCDXV
243
3783
483
CDLXII
3251
MMMCXCVII
DLI
2285
3394
1709
MMMDCCCXLVII
MMCMXXXVII
429
244
3775
MMCXXXIV
3916
MMDCCXXVI
2443
744
MMCMII
CMXXII
2846
2448
2992
LVII
MMXCVI
MMMDCCXXVIII
692
3165
2300
1172
MMCLXXXVIII
1992
2173
MCMXVIII
MMMCDXXXVII
MDXCV
MDCC
MDCXXIX
MMMDCCCL
MMMCCCLXXXVIII
MMCXXXVII
1048
MXX
LXI
1540
MMCMLXXII
3574
3021
3028
MMMDCCCLX
MMMCCV
70
2059
1229
MMMCCCLXXX
3603
CDLXV
MMCCLV
MMMDCCCXX
289
MMCDXXXVI
3355
MDCLXXXVI
CDXIV
3735
MMCCXXXIV
359
V
XCVIII
251
129
1434
CMXLVII
MCMXXVII
3934
198
MMCDXXXVI
MDCCLXXI
2119
MMCCXXIV
MMMDLIII
CCII
2127
3272
MDCCCLXVIII
MMMCMII
3578
2713
MCMXXXVI
15
MCDXCVIII
590
MMDCCCLXXXII
MMMDCCLVII
MMMLXVI
279
MMMCMLIV
MDCCLXXIV
MDXXXIII
DCCXLI
594
1645
MMDCCCVI
314
1229
3483
3324
1046
MCMXCIV
257
1260
DCCCLXXXIII
MCMXXXII
MCMLX
MCCXXX
DV
3760
3051
3443
3974
1323
CVI
MMMDCCLXVI
MDXXIX
1729
217
MMCDLXI
DCCCLXVII
619
MMDCCXIII
MMCCLXXXIX
MDLXXI
287
MMMCCLVIII
2807
CCCXLII
3838
1499
2373
MMCLXXXV
DCCCXLIX
1968
2826
CCXIX
DCCXCVII
1167
2606
1793
MMCDXXX
2484
1823
MMCCCXLV
DCXLIII
3383
3423
MMDCXXIX
MDCXC
CCCLXXXIII
MDXXXIX
MMDCCCIV
MMCCLXXVIII
1935
786
950
MCCXXVI
MDXVIII
MMDCLIV
MMMCCCLVIII
2668
MMMDCCCLXXVII
MDXCVI
582
3663
MMDLV
MMCDLVI
MDVIII
MDCCXXVII
MDXXIV
2245
MDCVII
2205
MMCCXLII
MMMDCCLXVI
MMDXCVI
DLXXV
MCMXVII
MMDCCL
2686
1445
1708
CCLXXVII
MMDCLXXV
MMMDC
2126
2450
610
3506
I
MMDXCIII
95
MCDLXV
3301
MMCLXXXII
MMCMXXX
MMMCC
290
MMXCV
363
3422
CCXIV
MMCDXLVI
2426
3616
2164
MCMXCIX
3016
MMMDCXLIV
2402
MMMCXXIX
3551
1063
CMXV
2192
1910
MMCMX
1431
3615
890
1828
130
MCDXCIV
DXLIV
1175
176
MMMCML
466
DCLXXIX
MMDCLXXXI
MMMDXCII
DLVI
1398
CXLVI
MMMCCLXXII
MMMDCCLXXV
MCCCXC
299
DCCLV
3578
CDLXXIII
MMDCCXVII
606
133
787
1128
2008
MMDVIII
2766
1072
511
2482
MCDXXIX
365
MCDXXI
MDCCLXVII
1535
2338
2708
554
MCMXXXI
MCCCLXXII
MMDCLXXX
CCXCI
CMLXXXV
MDLXXXIII
MDCXCIV
MMDCXCI
CML
325
CCCXXXVIII
MMXVIII
MMMCLXXXII
MMMCMLI
1398
MMDCCCXLIV
MMXXVIII
36
114
1876
MMMCDLXVII
2783
MMMCIX
MMMCDLIII
MMMCCCLXVII
MMMCLIX
2469
954
CLXI
MMDXXXII
2087
MMMCXLII
MMCCCLVII
MMCMXCII
3404
MLXII
1147
2377
MDLXXXI
3361
3767
MMDCLXXI
DCLXXXIX
MMCXXIX
2194
MDCCLIII
MDCCCLIX
MMMCMLXXXI
MDCC
441
3796
MMMDLXVII
85
2173
CDXCI
CCCXXXVII
MMMDXC
MMCCXII
CLXIII
MMMDCCCLXIX
MCCXXXII
1121
MDCCCXCVI
3399
753
1864
1992
3693
MDCLIV
MDLXXXIX
MMCCCXVIII
3411
1312
MCMLXIX
MCMXC
MMDCCXLVII
MCCXXIV
MMMCCLXXV
MCMXV
2894
MCMLIV
MMCMXLVII
MMMCCLXXVIII
MCCCXIX
1059
558
CMLXXIX
MCCXIX
2109
MMCMLXVIII
1886
1952
2279
1732
MMDCCCXXVI
MMMDXVI
3654
CCXL
2298
1577
MMMCCLXXXVI
MMCCIV
300
2474
MMDCCCXLIV
2555
241
MCCCXXXIX
1769
MMCCCLXXVII
MMDCCCXCI
MMCCCXVI
MMDCCLXXV
2409
1148
3736
MMMCCCXLV
1306
3373
1948
1510
MDCCLXII
1866
MMDCCXCV
1578
2084
MDXCI
3554
3284
MMDCCCLVI
MMMCDXXXIII
MMMCMXVIII
MMDXIV
3099
MDCCLXVII
2256
MCDVIII
1660
1111
2337
MMDCCCXLVIII
MDIV
835
2294
MMMCDXVIII
CMXXXIX
CCXCV
936
DCCCLXXXI
CDLXXXVI
2150
1350
MMMDCLXX
71
MMMCCXXXVII
DXLI
CMXLIII
MCCCLX
2139
2187
MMMDCCVI
MDCCCLXXXIV
3624
3039
DCCXII
296
MMMDCXX
3604
1620
1318
3664
MMCMXII
MCXXIV
CMXXXVII
646
2626
996
MMDCCCLXI
3427
MCMXLIII
MMCXII
2699
3673
MMCMXCIV
2657
DCCXXXVI
3657
3441
MMXVI
700
CDVI
MMMCDII
13
2412
MMMCCLXVII
XL
MMCMXII
MMMCMII
2244
MMMVI
3661
2689
MMDCCCXXIII
D
MMCDXCVII
1566
MCCCLXV
1867
MCCCLV
3093
553
3119
182
XIII
2241
DCXXVI
2454
3248
MMLXXXV
3117
2728
MCDXXI
CCXXVIII
MMMDCCCLXIX
MMMCXXVIII
MMMCCCLXII
MDCXLI
3801
MLXXXIV
3941
CC
3748
CCCXIII
DCCLIX
1562
MCCCLXXIX
MMDCXXXIX
2937
1749
2285
943
1394
MCDLXXXIV
MCLXXXII
MMDLXIII
CCCLXVII
MCDLXXXIV
278
MMCMLXXXIV
DCCCXCII
1850
3883
MMCMLXIV
XLIII
CLXXXVIII
MMDCLXXIV
1442
MCCXCVI
MCCCXXXI
928
827
855
MMMCCCXVIII
MCXLVIII
MDCV
MMCCLXVII
1171
1331
765
MMMDCCXLIX
MMMDCCCXXIX
DCCCXXIX
210
2203
1896
LXXV
2882
MDCLII
3836
MCCCXX
MMMCLXXXIX
620
3527
2627
2168
963
1162
MMDCCLIX
MMCII
MMMDCCCXL
MCMVI
1755
2662
708
978
3045
3231
2628
3199
696
3720
CCLXXVII
MDCCCXLII
1156
MMDCCXXVII
3549
246
828
2822
2366
1745
MCMXCVI
MMDCLXV
MCCXVII
MMMDXLIII
MCDLXXV
3437
CCLI
MCCCXL
3502
332
2304
13
MCCCXCIV
892
DCCC
MCCLXV
3012
MMMCCCXXV
MDCLXXII
1979
XXIX
MMDLX
MMDXLIX
1082
1283
MMMXXXV
MMDLXXIX
MLXXIII
MMLXXXVI
3726
MMMCCXIII
928
MCDXXXIII
DCCCLXIX
1878
1829
MMCDLXXII
1550
1004
1377
611
CLXXXVIII
1627
MCCLXXII
2058
CCL
XIII
CCXCIX
527
DCCLXIV
MMCCLVI
1985
MDXVII
MMLXIII
MCMLXXII
MDCCII
756
XLIV
MMXLVII
MMDCCLXXVII
CDLVI
MMMDCCCLXIX
MCLV
MMMDCXCVIII
1345
1157
3730
2310
808
MMMDXVI
1694
2953
MMCMLXI
2102
MMMDCCLXXXII
1821
3407
2845
579
CCXC
482
2993
MMMLIII
MMDLXVII
MMDLXXX
3383
MMCDXVIII
1155
MMCCCLXIII
CCLXXXVIII
2394
MDCCCLXXIX
1407
CCCLXXXV
210
744
3169
3867
2273
32
3896
MMMCI
2522
1890
MCCCVI
2367
2029
3903
MMMDXXVI
MDXXX
MMMDCCXXVII
540
3427
795
3487
1554
MMCCLI
146
1007
MMDCLXXXV
DXII
998
2467
265
260
DCLV
2252
L
3551
3441
982
DLVIII
MDCLXVII
MMMDCCCXCI
2079
MMMXXVIII
1728
MMCDXV
847
975
MMMDXCI
321
CCLXXIV
1250
MCXV
MDCCXCIX
922
1429
3075
MMCLXXVI
3632
MMCCCVII
1423
MMCLXIX
MMDCXC
921
3950
2460
870
DCCLIX
MCDXCIX
MCMXXXII
MCCCLV
3878
2501
1450
MMMLXIV
2457
2772
MCMXII
MCXVII
MMMCDXCVI
DCCCLIV
2117
2326
204
3768
VI
773
MMCXII
2044
MMCCLXVIII
1570
CCCXXXV
837
DCCCXCI
MMMCDXXXI
MMMDCXXI
1259
3413
CMXXII
DLXXVIII
MMMCCCLVI
MMMDCCCLXIII
3707
2859
3903
MMCDXCII
1170
MCDLXVIII
DCCCXL
MCMLVIII
2019
MMMCCXIV
MCLI
1997
3695
MMMDCCCLXXXIX
MXXXVIII
2869
LXXX
521
612
941
3610
2701
3661
3444
MCCCLXXIV
3919
563
165
MMMDXCIX
1799
MMMDCCXVII
MMMCCXC
MMCDXXII
MMMCDVII
2143
MMCDLXXVII
MXVIII
838
CCCI
2578
MMCLXXX
CDIII
MDCXC
MCLXXVIII
2467
MMVIII
584
MMDXLVI
730
MCDXLI
MMCCLXXVIII
DCXLI
3203
DCCXXXIX
MCMLXI
1198
527
3850
1997
848
2439
MMDCXVI
MIV
713
2562
706
1013
990
3217
MMCCCLXXXVI
3602
357
1370
500
1083
MMCMXLI
3495
1218
3154
181
1496
MDXXX
MCXLIX
3533
1068
MMDII
DCCLVII
2620
1481
MMMCMXX
3069
MMDCCXCVII
CXXVIII
601
CMXLV
MMDXCVII
MMCCXIX
2918
MMMCCCV
74
MMDCCXCIV
2768
844
MCDLXXIX
MCCLXXXIX
MMDCXXXII
MMCCCXXXIX
MMMDCCCLXVII
2476
2771
CMLXIX
MMDCCCLXX
CDIX
MMDCXXVI
CCCXC
548
1317
1560
MMMCCXXVIII
MCXLV
MMMCLV
3577
MMMDCLII
MDCCXVI
3313
MDCLXII
3798
2322
MMLXXXIII
MDLXXIX
2028
2614
CDXXI
MMCCCXLIX
325
3829
763
1235
MMMCCCII
MCDLXXXV
MDCCLXIX
1446
DCXXI
MLXXXIX
3502
MMMCLXXIV
424
MMMDCXXIII
3681
2369
MMCDXCI
MDCXLIV
3196
MMMCCCLXV
1204
3700
MMDCCLXXVII
MI
MMCXX
698
1531
MDCCCVIII
3898
1904
3465
CLV
646
VI
1637
2556
3721
MMMCCXXI
CCLXXVIII
2009
871
MXVII
1092
MMDCLVII
DLXX
MMDCLIII
798
2290
MMMCMLXVIII
3932
3574
965
2825
3870
MMMXXVII
MMCMXXXIX
2231
2558
MMMCCCIII
MMMDCXIX
CCCXLIV
MCCXXXI
MMMCDLIII
1518
MCDLXXIV
MCCXCIV
2492
MMMCCXV
MMCCCXIV
3224
MCCXLV
DCCCXXIII
MMCCCXIV
2759
3454
3890
1039
3214
1582
DCCIV
2650
2726
MCCXXIII
3566
DCLXIV
MMMCCIX
MMMCCXCII
MMDCCCXXIV
3298
DXXXVII
XVII
3809
DCCCXXXVII
MXLIX
CCCXCVI
1224
3134
MMDIX
440
MMMCCLII
1329
2518
MMDCXXIV
MDCXLI
CCXVII
3844
MCCCLXXVIII
3722
1108
295
MMMLXXXVIII
DXXXV
DCXIII
MMCMXVIII
3859
MLXVI
CCCXCVI
1278
2226
MMMCDLV
2761
1993
DCCCLXIV
1389
3868
401
MMCCIV
3125
DCXLIV
2640
CCCL
MDXLIV
MXVIII
1525
496
MMDCLXVII
CCCLXII
MMCCXCII
917
2571
454
MDCCCXIX
2558
3936
MCMIII
431
MMMCDL
2752
MMMDXL
XXXII
590
1356
3201
1494
1023
MDCCCLXXI
1348
1325
438
MMMCML
MDLIX
2493
MCCLXIX
396
CCXVIII
3600
631
519
MCMXLVI
CLXXII
2158
MCCXLVI
MMDCCLXXI
MMCCCLXXVIII
2636
MMMDCCCXCIX
154
2813
272
XIII
MMMDCLIX
MMCMXXI
MMMXVIII
MCMXCIX
CDXIII
MMCCLXXXVIII
2638
MCMXXVIII
1937
MMDCCLXII
1661
3301
MMMXXII
MCMIV
475
193
MMCCXCVIII
MMDCLXV
MXCI
3390
3406
CLX
1788
MMMCMXV
MDCCLXVII
DCLXXII
1866
1024
MCCCLXXXVI
2997
CMXXXI
3097
MMDCCXVII
2625
2288
MLXXIX
MMXXIV
2768
MMCDXII
869
1084
385
CCLV
CCCLVIII
CXCVIII
MMMXXXV
2622
1028
809
MDXXIX
940
MMMCDLI
3220
MCXVIII
2918
840
778
755
3317
MCCCXXXIV
MMCDLXXIV
MMMCDLXXXIII
3765
MMDCLXIV
2718
685
3017
CCCXCIV
2092
MCXXXI
1300
1654
3679
1747
DCCCXXXII
MMCDIII
MMCXCV
3333
MCMLI
2903
MDCLXII
643
1173
3912
MDXII
2564
3777
MDCLI
MCDLXXXIV
2233
MMXXXIX
741
3495
MMMCCLXXII
MMMCMLXXX
3296
2541
2051
MMMDLIX
CDXLVIII
3660
478
2813
1301
CMLXXI
3619
CCCI
1015
MXL
MMMCCCXXV
MMMDCI
2031
824
1462
3758
447
1754
2459
MDIV
3991
955
MCCCXXVIII
1257
MCDXLVIII
2521
3766
3131
88
MCCXI
DCXXXVII
3062
MDCCCXLV
1017
MMCCLXXXV
3529
MMCCXXI
MMDCLXXI
MMMCCXXVIII
2787
CDXVII
MMMDCCXLVIII
MMDCCCIV
MMMCDXVIII
2614
MMMDCCLXXVI
2640
3681
838
DCCLXX
751
3734
412
2807
3788
CCLI
MMMDXCIX
LXXXII
CMLXXVI
MDCCXL
2415
3379
MMMCMIII
1610
MMMCCLXXXII
1196
DCV
2309
446
MDCXCVI
452
MMMDLXXXVII
CDXI
1320
MDCCXCVIII
CXLV
3879
3949
MCMXLIX
3855
MDCLVI
MXIV
3869
3876
1248
MMMDVII
DCCCXX
2595
MMMCCXLVI
2717
1974
MMMCDXXXVI
CC
3410
CDLXII
MDCCCLX
696
MMMVIII
MDLIX
2409
MMMCXXX
1684
CDLXXXIX
MMDLXXXVIII
XVIII
DCCCXXXIII
2934
169
MMCCCXLIX
MCMXVI
1129
597
MMLIII
2468
3458
1749
MCDXLI
M
CCCLXXVI
1904
MDCLXXXV
3960
LI
1860
2345
2452
1137
DLXV
2004
1842
964
MMLXXXIII
2220
1405
3464
MMMCCLIII
1880
258
2628
1423
2830
MCXLVII
MMMCDXXVIII
1655
1285
CLIII
3932
MMDCCCXCVI
88
MCLXXIII
1998
1646
2136
CDXX
MDCLXXVIII
1361
MCCCXCVII
1369
1683
2141
2556
1859
DCCLXXXI
DLXXVI
2989
3591
MMCDLXXVIII
MMDLXX
3520
1376
MMMCXCVIII
3536
3565
1574
1259
MCXLVIII
LIV
DCCCLXIX
673
MMDCCCXCIII
917
1256
850
CCCXVIII
DCXXXII
2067
3138
876
MCDLXX
3734
1395
DLXVI
CMLXXXIX
XCVII
MMCCXLVII
1310
1893
1762
3468
MMDCCL
1657
3018
3612
814
1025
454
1199
MMMDCCLXXVII
DCCLV
CCCXXI
CXXIII
DLXXVI
MMMDCXLI
MCLXXXV
3229
823
2288
3357
MXXI
3133
CCXXIII
3276
MDCCXI
CMXXI
1402
3707
3976
929
MCXXVIII
MMMCLI
MMCCXXVIII
2934
509
CXCV
CDXLV
2341
CLX
3037
MMMDCCCXCIV
1404
MMCCXLI
MMMCCC
MMMCXCV
1931
MMCCV
610
3869
1789
DCXCVI
DCCCXXIII
MCMLVIII
MCMXLVI
MMMCCXLVII
MCCCXVII
3604
868
241
1109
MLXXIV
DCLXXVIII
MMMDCCCLVIII
3592
MMDCCXLIV
MCDLVI
294
891
395
2865
423
LXV
CCCXLVII
MMMCLXXXVIII
3404
MCMVIII
CVII
3014
CDVII
MMM
1813
2024
MMCCXVI
MMMCCCXCIII
1931
MMMCCCXXVIII
1163
MMCMXLIII
MMDLXXXVIII
1458
2843
3767
MMCCCLXV
3536
1046
CMIX
CCXLVI
547
MMMDCCCXCIX
2387
2230
2979
MMMDXXIII
1965
2502
MMMDCLVII
MMMCCCXXVI
MCDIII
2445
MCM
MDCCCLXVI
3609
MDCLXXXVIII
MMDCCCLXII
2240
MDCCCLVIII
MCMLII
1166
2150
3624
MMMDXXXV
3480
3715
1896
MCMLIII
887
DXVI
3612
MMMDLXVIII
CMXI
2509
2759
MMDI
CMI
MCMXL
3140
MMCLXXIII
3935
MMMLXXIV
2491
96
MMXXXIX
CCXXXIII
MMMXXXI
MCDXVII
MMCXVI
2837
2624
2418
MMMLXXXIII
3176
MMMCCLXXVIII
3750
898
3659
MMMDLVIII
137
3338
MMMDCCLXXXVI
MMMCDVII
MMCCCXLVIII
700
CCLXXXIX
272
DCCCLXXXI
MMMDCXI
CCLX
MLXXXVIII
MMDXXIV
1505
3235
MDCCLXIV
DXVIII
201
MMCCXCVIII
MMDCCCXXXIII
MMMCLXXVIII
2407
MMMXL
2508
MMMCD
MDCLXVII
3286
1698
815
MMMCLXXX
1238
CCCLXXVIII
1855
DXXIX
2349
MMCCCXLVII
78
2155
3525
MMMCCXVIII
MMMLXI
DCLXXVII
3093
DIV
280
MMMXXI
X
3956
CCXIX
2486
497
3450
CMIX
MMDCCLXXXV
MCDXXII
1023
MCCLXXXIII
1643
MMMDCCCV
2095
2199
CLVI
MMCCCLXXIII
MMCII
827
496
929
357
DCCXIV
3848
MDCCXXXVII
MMDCCCXXXV
MMCCCXCIII
3379
MMCDXCIII
72
3791
MMMCMXLVII
2407
710
MCLVI
1062
MMDLXX
MDCCXXX
MMDCXXXII
MMCCLII
MCXLV
847
MMMDCCCLXXXV
2361
MMDCXLIII
DCCLXIV
2791
MMDCXCII
MMCXXXII
MMLXXVI
881
910
2389
MMCMLXVII
CCVII
CCLXXIX
3252
2959
DCXXVI
887
MMCCXL
2423
1916
2615
CCCXCIX
DCCCLXV
MMCMXLIX
506
CXXIV
1545
2177
1162
1308
3219
CMXL
355
969
2162
3836
CMXCII
MMCCCLXXXIV
MMCMLXXXIV
MMDXLII
MMMDCXCIX
2919
271
MMMDCLVI
1781
MMMDXXVIII
3671
XXX
MMCCXLIV
38
MMMCCCXIII
MMDCCCLXXXVIII
1132
MMCCLXIV
MMMLXX
MMCVIII
476
2155
2206
2252
MDXLIX
3453
MMDXLII
918
DLX
MMMCDXIV
MCXLIII
MMMCDLXXVIII
3689
MMCXIX
1214
895
MXXII
CLXXXVII
MMCXXIX
714
DCCCLXXXV
2505
2577
MMMCCXV
MCCCXCIV
MCCCXXXII
MLXV
MMDCCXCIV
MDCCLIX
CCL
212
MMDCCXI
2105
2873
72
3924
MMCCCLXXV
MMMCDXXXVII
MCCV
CLXIII
CCCLXVI
3761
MMCCCLXXXIII
MMMCDXLIII
XXVI
MDC
MMMCXXVII
2528
MMCXCVIII
MMMCDLXV
MMLXXXV
2311
3640
2554
2155
MMCCXXI
MCCCXXXIX
MMMCLXV
MMCCXIV
CXLIV
2366
MMMDCCXL
1078
2149
455
MMMCXCVII
3804
624
1185
MMCDXXIV
CCXLIX
DCXXX
1923
DXIII
MDCXC
MDCXVIII
704
MMCCCLX
MMDXLV
2683
668
1765
MMMDLII
CXXXI
1061
3867
829
3634
1837
2882
CCCLII
DCLXXXIII
1652
3498
MMMDIII
3902
860
MMDLXXVII
1542
DLXXX
MMDCCCL
1434
2907
3696
MMMCI
MMDCLXX
LXXVI
3182
MMCDXIV
3268
798
MCCLXXIV
462
1318
MMMDCLXXVI
MMDVIII
MMMDCCCLXXXIV
CDI
2954
DCCCLXXIII
3343
582
560
MMMDXXIV
MMDCCIII
MMCDLVIII
909
MMCMXIX
MMMCXCIV
MCLII
3651
DVI
CMV
MMCCLVII
MMCCLXIX
3830
2804
MMMCXL
MDCCCXXVI
DCXLIII
CDLXXVIII
1523
MCCCXXXII
MDCCCLXXXVIII
MCCXXXVIII
3357
2355
MXXXI
1043
1033
3239
3473
3847
2097
2186
MMMDCLXIII
3538
3412
1456
175
CMXCI
DCCLV
MMDLXXII
1503
3145
XLIV
MDCCCXXXIX
CDXXXIII
MCXXIII
MMMCMLXXVII
CCCLXXXIV
933
MMCDXLVII
MCDLXXXIX
3028
MCCCLVI
CCCXIX
678
MMDCCCLXXXVIII
DCXCII
MMMXXXVIII
3154
LXXV
1487
MMMLXVIII
MDCCLXXXII
MDCCCVIII
2162
MMDCXXXIII
MMCMIX
MCCCXLII
116
MDCCCLVII
635
MMDCLIX
3068
3750
ML
DCCLXIII
3478
3410
3704
1837
2192
MMDCCLIX
3095
1519
609
MMMCXXVII
3870
MMMCCI
679
1922
MMCDL
MMCCCLXIV
2497
MCCCXXIX
3960
3121
2284
3822
3298
2104
2388
MDCCCLXI
1667
1399
3321
MMDCXC
2807
800
1896
MMMCCXXVIII
2817
MCCLXXXVII
1782
CDXXVIII
440
MDCLXXIV
1831
MMCMXLI
3276
DCCLXXIX
MMLXXX
200
MCDLXI
3057
2806
LXX
445
MMMCLX
3491
DCCCLXV
CMXXIII
MMMDCXLV
MMDCI
MMMLIV
2292
MDLXXX
MMMCDXLVIII
DCCCXIX
MCCCLXIII
MMMDCCCLXXXVIII
MMMDXCII
1456
182
1412
3917
671
1985
3511
MDCCCLXX
2477
MCCXV
CMXXXI
180
MCMXIX
147
MMMCDII
DCCXCV
MMMCCXXXIX
786
1155
MMCCCXC
CMXLIV
MCCCI
MMCDXLVI
MCCLXXV
2819
779
MXXII
CMLXXXIII
MMMCMXLIX
1174
2978
3352
MDCCLXXXII
XCVII
MMMDCLXXIV
MMMCLXXVII
443
2032
608
300
MMMDCCCXXVI
DCCXCI
MMMDCXIV
1718
1097
1047
MMCMLXXXII
3550
1836
3634
CMXXXIV
MLXXXIX
DXXXI
3724
3201
MMDCLVII
MMDCLXXXIII
1710
3046
DLXXIV
1951
2517
940
390
3688
88
1341
MMMCMLVI
MCCCLXI
3472
1397
2782
MMXXXIII
MDCCCXLV
DLIII
2391
DCCVIII
MMMDCCXXXIV
MMDCCV
1174
CXXXVIII
3091
3042
3172
MMCCCV
3529
MMDCVII
503
MCCCXXXII
MCXXXIX
MCLXXX
743
MMMDCCCLXXXII
DCCLXXVI
2377
1538
3661
MMMCLXXVI
3981
3320
CLXXXVIII
MCDXCVI
1178
3797
1698
MCDLXXXI
MMMDCLV
MDCCCLXIV
MMMDCCCXVII
MDCX
2746
MMMDLI
MMCCCXXIV
1647
1619
MMMCCCLIX
MMXCV
1787
1247
MDCXCIII
MMCDLXVI
617
XXIX
MCCCLXIII
MMMCXV
1355
LXXXVI
MMDLXXVI
3394
2876
2209
MCMXXXII
3642
2409
2875
1840
2598
MMCDLXVI
MMDCCLXXXVII
CDLIV
MCCCLXVII
1170
920
13
MCLXXIX
561
951
2491
MMMXLI
312
212
DCCCLXII
CMXXII
3125
MMMDCCXXVII
MMDCXCV
MMMCCXII
MMMCCXXVIII
411
3520
1259
2198
MCCCXLVIII
1039
CCCXC
MMMDCCLIV
MMCCCV
3545
MMMDXLIX
XXXIV
MDCCX
MMMLXXXIX
30
MCDIII
3827
CMLXXVI
565
3891
MCIX
MMMCDLV
MMDCCI
MCCLIII
3946
MDCXXVIII
2817
MMMDCLXXXIX
MMMDCCLXIII
MXI
1890
2063
3504
DCCIX
MXIV
MMMXXVIII
1526
DCIX
MXXX
399
2401
MCDLXXXIV
3083
2042
MMCCLXXXVI
969
3845
1846
3746
260
1265
653
2470
2066
3722
1590
2749
578
3101
MMMDCLXII
3088
3502
MMMCMXXXIII
2122
CXXXIII
MMI
740
2683
MMMCCXXXIII
1637
XLIII
2154
1445
MMDCCCXLVII
41
3862
1072
CMLXX
1350
MMMCMLXXIX
LXXX
1749
3874
3576
MMMDCLXXX
2273
433
3639
960
1815
133
3588
1354
MMMDLXX
118
MMMCXXII
2501
309
MMMDCXIII
MLXXIII
MMCCXCVII
2209
MMXCVII
MMMDCCLIII
MDCLXVIII
MMDCCXXVII
MMCLXVII
MMLXIV
2214
1205
CCCXXXVII
1198
309
567
CCCLXXVII
1061
2114
MMMDXXXII
3036
25
MMMDCCXXXIX
CDLXV
MCMXIV
MMCMLX
3074
MDCLIII
MMMXLV
CCXV
1744
CCCXCI
191
MMDXLV
MMMCXXXVIII
CCCLXX
223
1249
191
2879
3523
XXXI
124
2170
1883
MXXIX
2863
2747
MMDLVI
CCCXCVI
1463
MMMXCVII
927
MMCXXXVIII
3874
MMCCXXXV
777
1233
3944
61
480
LI
1447
163
MDCLXXXIII
CLII
3917
3771
2119
1305
865
MMCCCLVIII
MXIX
MMMCLXXXVIII
2382
2936
DCLXXXII
183
MMMDCCLII
1766
MMMDCXIII
DCCXXXIV
909
1252
2945
3076
2179
783
MCCLII
MMDCCCLXXXI
3452
2929
154
CCCXXXII
2915
MDCCLXXX
2968
MMDCLXXXIV
MMCXLIV
3553
DLXXV
VII
775
3852
704
3074
CCCXXI
MMCLXVI
MCCXII
3908
MMDCXLVIII
MMCLXXXV
917
CDLII
MXCVI
MVI
1932
XXIV
241
MMLI
CDXLVII
MDLXII
311
750
1954
MMDCCXCVI
DCCCLXXI
MMMLXIX
DCLXXXVI
3617
DCCXXXI
2059
MXLV
3955
1633
MDCCCXLII
2850
2305
2325
XLVIII
3086
MCIX
934
CMLVI
MMMCCCX
1647
DCCLXXX
1886
3049
MMLXI
1077
2794
CCLXVI
476
2839
427
1359
950
3380
2621
CCCXLVI
1077
3738
3787
1151
10
3877
2424
969
DCCCLXXIII
348
2908
1292
MCLXXXVIII
220
1342
164
893
1594
3179
MCMVII
MMMDXXVIII
MMDXCIV
2666
MMDXCIV
MCLXXXIX
MMMDCCCXXVIII
MMMDLIV
MMMDCCCXCVII
2126
2570
3967
MMDXLI
MMDLXXXVIII
3537
DCLXII
2706
2766
XXVII
MDCCCLXXXIII
CMI
524
1450
928
MLX
71
DCLXIII
MXVI
MCCXLIX
1500
3667
3104
MCMXCIX
1156
2207
2300
3929
MDCCLVIII
978
MCCCVI
1667
CCXVIII
CMIII
MMMCLVIII
2164
MMMDCCCXCII
3085
1909
3780
MMCDXCIV
MMCCCVI
2673
286
325
1406
MMMCCLVI
3912
2463
3381
651
233
MMCCLXXXVII
MMMDCXV
3127
MMCCXII
MMCMLXXVII
DXXV
3358
MMCMXLVIII
1840
2856
MMMDCCXVI
MMMCXCI
MDCCCXXXVI
MDCXXXI
1294
2246
MCCLXXVI
MCXCV
CMXXIX
MDCXXVII
262
2431
MMMCDLIV
DCCCLXXV
3654
2398
2590
MMMCDVII
2644
MCCCXLII
3086
3321
1201
CLXXIX
DII
3401
1400
1310
MMCCCXLI
CMXCVI
863
MMXIX
MMMDCCCII
1900
MMMDCLIV
3890
CXII
MMMDCCXX
DLXIII
CDXLVI
1765
MMMDLIII
MDCCCXI
1824
2201
2708
MMMCCXCV
MMMCCLXXXVIII
MLXXXVII
DCCCXCIII
3971
2789
MMMDLXXXI
610
MMCDLXXXIII
756
957
MMXCVIII
MMMDCCCLXXXVIII
MCMLXXXV
MCLXX
3466
MMMCCCLVII
3
173
1094
MMXLVII
MMMCCCXXXVII
1763
3945
1286
3928
2583
2744
MMCCXLVII
MCMLXXXVIII
342
2539
MMCCCLXVI
MCCCLXIII
2789
3361
MDLXIX
506
712
MMCCXXII
MCLXXXIX
MDLV
3206
MMCCCLXXIX
411
MMMCXC
3520
3277
1874
CCCXCIX
DCCCLII
CV
8
2261
298
MMCDLIV
MMMCDXXVII
1980
203
3026
MDCCCVI
MMCCLXXXI
501
MXXXI
3300
CCXX
3231
1086
3432
MCCXLI
2450
MMDCCCLXII
MMMLI
2255
2029
MMDCLXVII
DCXXXVIII
MMMCDLV
MMCDXLII
1957
3627
MMDCLXVI
CCCXXXIX
MDCCCLXXXII
CMXLIV
MXVII
MDCCXVII
CMXVIII
MMMCCXCVII
MMMCDLXXXI
MMMCDXLII
MXCVI
MMMCCCLXXVI
MMDLI
MMMCMXXIX
MCDXIV
MMDCCLXXVIII
3784
MMLXXXIX
MCXCIII
MMMCXXI
DCCCXLIX
3592
3466
513
MMDLXXVI
MMMCCL
CXLIII
3192
MMXXXIII
MMCDXLIII
MMMCCXII
DCCIV
MMCDLXXIX
3854
928
2132
2106
2197
MMMDCXIX
2020
2626
403
1007
3607
XVII
2594
MMMCCCLXXIX
MMMCXXIX
1104
2098
2383
DXI
MDCXLII
3388
MMMCLXXVI
MMMXXXVI
892
2096
3474
MMDCXXIV
2102
2868
386
1586
1837
XI
MCMLXXXIX
MMMCDLXII
MDCXXVIII
471
2833
2758
1351
539
1568
422
MCCCII
2989
893
845
2002
DCCCLXII
MMCXIX
MMCCI
2501
780
333
DCCCXXXVI
171
2418
1171
3769
XCII
MDCLXXI
3743
3904
3857
MMCCCXC
2235
DCCCXVII
1585
MMMXLIX
MMMDCI
CCLXXVI
LXI
2742
MMCCCLXVI
1093
MCMXC
1736
MMMCCXXXIX
DCCXXV
2285
MCXX
2556
DCCCLXXX
3368
MDCXXV
MMCCCLVI
DCLXXVIII
3539
CMLVIII
1917
1227
2256
975
755
2655
2855
MDLXV
1866
MCCCXLII
MDCXXII
MDLX
3863
3637
2724
MMMCCCXII
MMCDXLIX
473
840
CCXXI
3978
MCCCXCV
2022
3191
1377
DCCCLXXXV
MMCCCLXXXII
MCC
3864
530
MCCXXXIX
1838
MMDCXCIV
554
2194
MMCLI
MMDCCL
MCDXLIX
MMMCLXXXVII
MMMCDLXXXIX
MMDCXXV
1490
3426
MMDXCVI
MMDCXIV
MMMDCXII
2283
DCLXXX
CMXLV
2641
MMCMLXXXVII
632
3148
CCXLI
MMDCCXCI
DCCCXXXV
MMMDCCLXIX
3424
MMMDCXXVIII
20
933
2558
49
MMMDCCXLVII
MMMDLXXXIV
3904
CCXXXVII
1104
3193
2201
MMMDCCCLIV
71
CCXCI
MMDCCCLXXXIX
2121
LXIX
3916
MMCCLXXXVII
CMLXXVIII
1017
2961
MMMCDXXVI
MMMCDXL
MMXXXVIII
DCCCLXVIII
1124
2074
3327
CCXXXI
3472
672
1309
2394
MMMDCLXXXV
MMMCDXIV
MMMCCCXXV
DLXXXII
48
1679
MMMCCXCVI
MMCMI
2832
1007
262
MMCCCLXXXII
MMDCLXVIII
DCXX
456
3662
1677
MMCDLXX
423
268
MMMCLXXIV
2214
600
DVI
1888
2901
2357
1321
MMMDLXXXVIII
CXLVIII
MDCLXX
MLXXX
3242
MMMCCXC
CMVII
1996
2235
3326
2070
245
944
1436
DCLXXXVI
MCMXLV
MMLIII
3522
MMMCCXXXI
3694
MMMC
3633
MMXI
MMCCCXVIII
MMMDLXX
DCXLI
MCCCII
2127
817
2531
1812
3048
2019
1919
2401
712
MMMDCCXI
MMMCMXXXI
MCCXXXIV
CDLXXXVI
3880
2578
123
CCCXX
MMDLXV
MMMCMLXVIII
2644
2511
MMMDCCCLXVI
1138
2909
578
1949
MMMDCCXCII
632
3468
1507
1097
MCCCXXIX
MDLIX
MCVIII
606
3906
CDXLV
3400
3533
388
1395
3972
3323
MMCCLXXXIX
MDCCCLXVI
DLI
MMMCCCXCIV
1101
MCDLXIX
780
1078
CCL
DCCLXX
MCLXXII
2507
MCDXCVIII
3436
MDCXXXV
439
MDCCCXXIX
3275
2727
MMDLXXV
2045
2471
MCDLXX
2673
1827
819
1837
2703
2132
1464
3932
DCLXXII
MMCCVII
3888
MMDCCCXC
MMCMLVII
MMCCXXII
3421
653
3640
266
MDCCLXVIII
DCCXI
MCMXXXI
MMMDCCXIX
MMDCL
MCCCLXXXIX
DCCXXVII
2250
1641
1526
MDCCXI
3660
MCMXIV
MDCCCLXXXIV
MMCCLXXV
MMMXXX
3610
CMXLVII
2525
2358
3738
2968
MMCCCLXXVIII
CXCVI
1884
1744
3193
MMMCMLVI
MLXXIV
3335
1530
DCCCLXII
MMCCCXCV
2564
998
MMMCCCLVIII
2489
MMCMVIII
2926
MMMCMLXXIII
MMMCCCXXIV
2001
MDCCCLXXXIX
DCCCXXXIII
268
MMMXLVI
MMMCCXXXV
CCIV
MMMDCCXLIV
3545
1651
2150
MMMDIV
MMMDCCXCIV
MMMCXCII
CCCLXIII
2005
2569
23
806
MCCLXV
3217
MMMCDLXXXIV
1459
MMCM
2363
MDCLXVIII
2110
2000
3271
MMDXXXVII
2563
CCCLXXXVIII
MCMLXXXVII
CCLXXX
CCCLXIV
99
3717
VII
MDCXXX
MMDCCCLXXXII
MMDCCCV
1895
MMCXXXVII
MMMDCCLVII
3291
MMDCXLI
3081
2971
1602
MDCXV
3144
3763
MMDCCLXXXI
MMMCCV
CDXCVII
CDXCII
DCCLXXVIII
2560
MMMVII
DCCCXLVIII
DCCCXCIII
3661
2410
MMDCCCV
MXVII
DIV
MMMCDLXVI
MDCCXCIV
MXXX
CCXIII
2207
3296
1061
3113
MMMCCCXCIII
772
322
3692
3155
412
MMMDCLXXXV
LXXIII
MDCCCIV
CCCXC
MMMXXXVI
771
1082
VIII
DCLXII
3029
CMXV
1945
1083
MMMDCCCXCVII
MMDCCLXXIII
MMMDXIX
MMCCXXX
CMXXV
2919
2842
MMMDCCCXXIX
3131
DCCXXII
MMDCXCIX
MCCXXII
965
2105
1435
3646
MMMCXI
846
1202
DCCXVIII
1191
2286
MMDCXLV
3714
DCXL
DCLV
MMMCXC
485
MCXCVI
MMMDCCCLXV
858
3721
2453
CLII
MMCLXXXII
MMXXXVIII
MMMDCIII
1141
MCXCIII
3243
1739
MCCCLXIII
MMCDXIII
MMDCCLXIX
128
MCCCVIII
CMX
3358
12
MDCXVII
MDCCCXIV
MMXLVIII
3121
564
451
539
CCCIV
1028
3113
2325
1312
MDCXLIII
2700
MMDVII
3647
3352
2799
125
DLI
MMCXV
3041
CXCIX
538
6
DCCLXVII
MMDCCCXXXVI
3062
MMDCCLXXIII
1745
MMCLXXXV
2121
3094
CCLI
3568
2085
2366
MCCLXXX
3530
2494
701
MMMCLXXII
MMDCXLVIII
MMCDLIII
2271
MCXX
CXLII
3600
1152
CCCLXXXVI
DCCXXXII
MDCCCXVIII
2010
1998
DCCCLXXVI
MMMDCLIII
MMDCCCXCII
3345
1171
1957
MMMDCCLXX
1605
38
3523
MMDCXCVII
MMDLIV
MLXII
MMCDXXVI
CCCXXVIII
1002
MMMCMLXXII
1349
2966
1064
2999
3709
MMDCXCVI
XXXII
MMDCCXXV
3693
250
3627
MMDCXXXII
MMDCXLIII
589
CMXCIV
3413
MMMCMLXVIII
2067
3790
MMMCDLXXXII
778
3922
3964
MMLIV
2373
3886
3518
MDCXL
MMMDCCCXCVII
1001
MDXXV
DCLXXXIV
3181
MCCXXIV
MDCCCLII
DCCCXX
2951
DCCLIX
MMCCCXXVI
744
2684
250
MMDCCCLV
MMCDLXI
2270
1299
1941
3782
98
MDCCCXXII
3927
CDXVI
3587
1349
3476
1051
DLXXVIII
MMMCDXLVIII
989
MMCCCX
2324
2911
1400
700
2848
DCCCXXXI
MMMLXVII
3980
MMDXXXIII
MMDLXXVII
3969
DXXXVIII
953
2637
MMCDLXXVII
3573
2877
MXCII
MMMCMLXXVII
3659
MMDCCCXV
MMCLXVII
681
2239
1002
348
MDCCXCI
992
3113
MMDCCCXIV
754
MMDCCCXLI
2977
3083
MCDXC
MMDCCCLXXXVI
705
921
493
1918
3065
MMCMXC
DCXIV
MMMCXXIV
CCCLXII
MMDLXXVII
3889
MCCCLXIV
598
3633
1466
790
MMMCI
MMMCDLV
2977
3373
MMCCXXX
DCCXCVIII
2913
MDCCXXXVII
MDXIX
MMCXXIX
MMX
MMLXIX
MMMCMXLVIII
MMMCCXXVI
MCDLII
MMMD
MDII
MMMXCI
1135
530
724
293
796
MMCDXIV
MMMCDLII
1732
DCCCLXV
MMCDV
1277
MMCMLXII
MXXXIV
1794
DCLXIX
71
CDXCIV
19
MMMCDLXV
MCCXCVII
MMMC
MMMCCCXCIII
2898
1576
883
7
XXXVII
MCMLXVIII
MMDCXXVI
3371
MDXCVII
1643
MMCCCII
3040
MMLVII
MDXL
1985
419
CIII
2231
MMMCLXXXII
2739
1003
MDXXXVIII
MCDXII
3972
DXXVII
MDCCCLXIII
3033
3031
DCCXXIV
1512
1056
DCCVIII
1057
CCCXCIII
MMMDLXVII
MDCV
1877
1470
754
2705
2406
MMCMLXXIII
1638
MMMDXVIII
1154
3943
MDCCCXLIII
MCCXVII
CMI
MMMCDLXXV
429
MMXXVII
675
301
MMCCXL
3952
1470
MMCMXVI
3770
674
MMMCCCLXXII
2885
MLII
456
1831
3886
MMXXI
MXLIX
MMCCXXXVIII
1695
MDCXIII
MMCCXXXVII
XXXIV
CDLXII
MMMCCXXXI
234
CDXXXII
2524
MMCCCXCVII
3327
2882
3869
1977
2047
CDXXVII
3105
1495
3275
470
3240
CMLX
3272
CCXCVII
309
MDCCCXCIII
513
3499
MMMDLV
MXXXV
1005
MCCLXIX
MMDCXLIX
MMMDCCCLIX
3333
1354
MLXXXI
MCCLXXI
483
244
MCDLXXXI
CDL
MMMDXXV
MCDIV
3454
DCXXXIII
MMMCCXXXIII
MMCMLXVII
771
MMDXXII
3692
MDCCXII
807
3482
1648
1855
2053
MCCCXXXVI
MMMDCI
DCCXLVIII
726
DXCIX
DCXIII
1005
3590
MMMCCXXIV
3263
MMDXCV
CM
1095
DLXXIV
2378
MMMLXXII
MMMLV
1197
MCXXVIII
3482
391
MDXCIII
2608
MCMLXXXII
1633
MD
MMMCCCXIV
3633
MMDCCLXXXIX
CCLXX
MCXLVIII
243
1314
936
471
DCCCLXXXVII
1236
CDXIV
MDLXXXV
MMDCLII
3681
608
MMDCCXI
2602
3634
MDLXXXII
3081
3873
2268
MCLIX
3476
691
1040
3342
1465
2051
MDCCVIII
528
2984
CDXXV
MMMCCL
MMDCXXIX
445
MMDCCCXXXVI
3052
CLXXVII
MMCCXXVII
MMMDCCIII
3600
MDXCII
2009
741
MMMCCCXXI
2840
1100
MMMDCCXXXV
3300
MMDCCCXXX
1639
MDCL
MDCCLXXVIII
MCMXVIII
3394
1930
MMCLXXXII
1345
MMMCDXLIII
1195
MMCCXCVI
MMMDCVII
MDCCXVIII
MCCCXVII
3216
1462
MMMDCCL
MMCMXXXII
3922
2390
1523
2024
MMIII
MCXXVIII
MMMCCC
MCCCLXXXIII
469
1523
MMCDLV
607
MMMDCCVIII
1711
2013
725
579
844
2732
MMMCXLVII
MMMCCLXXXII
MMCCCLXXXI
DCCCIV
CLXXXV
CDLXI
MMDCXVI
2696
MMMDCXXXVIII
3889
MXX
MMMCCCLXII
MDCCXLVI
576
MDCCXCIII
MMLV
DCCCIII
CMXCVIII
CXLVII
DCLXIII
CCXLIX
MMCXCIV
MMMXXVI
2200
2123
1441
MMMDCCCXLIV
CXVIII
MMMDCL
MMDCCCXVI
XXV
855
MMMDCCLXV
MCCC
2757
MMMCCC
MMDLXXXVIII
522
MMDCCXC
CDXXIX
CCLIV
DCIX
643
CMXV
321
2368
MCCXLVI
MCCCXXVI
MMCLXIX
CCCXXX
1142
268
141
3173
DXVIII
1181
MMMDCXLI
MMCCCLVI
3339
478
3431
2011
128
2834
MMDCLIX
1073
3905
MMMCDXXIX
MMMDCCXXXVI
2040
MMXXXIV
2548
2736
MMMCCXCV
MMMDCXXXIX
MMCCCXLIII
MMMDCCXXIV
2640
MMMDXCI
3202
CDLIII
2574
MMDLXXIX
3144
MMDLXXXIV
3627
3370
3047
MMDCCCLIV
MDCCLXXIX
MMLV
MCCXXXI
MMMDCXLIV
542
MMCDXLVIII
2870
MMDCCLXXXVII
MMMXCVII
MMMDCLXVIII
2665
2369
121
2508
DCCXXXVIII
MMMCDLXI
905
2243
673
2609
1473
DXVIII
MMMCDLXXI
2970
MMMLX
628
CDXXXVI
3747
CDIII
MCMLXXVII
DCLVII
CLXXXVI
XXI
451
MMDXCVII
MDCCIV
1909
MMMCMVIII
MMCDXLVII
469
CCCLXXXIII
MMMXXV
CLI
MMMDCCXXXVIII
224
2208
2646
1385
3230
MMMDCCXXVIII
MMMCCCXXV
MMMCCCXXXVII
MMMDCCXXXVIII
DLXXXV
647
684
MMMDCCCXCVIII
444
DCCXCIII
3209
3067
987
MMLVIII
MMCLXXVIII
MMDCXX
CCCLVI
309
MDCXXXVIII
3235
1944
995
CXCV
2837
MDCCL
3395
MMMCDXLI
CCCLXI
MDCCLIV
916
3565
2919
MMCCCLXXI
MMMDCCCLXXXVIII
MMDLXXXVI
MCDXX
1675
DCCXLVI
2813
MMCLXXXVIII
MMCCCXLVI
1938
MMMCCXLVII
988
MMCCCXLVII
3912
CCCXII
973
MMDCCVI
DCLXIV
2792
MMMDCCC
MMMCCCXLIII
1075
MMCCLXXXIX
697
MMDCCCXL
MDCXXV
MMMDXXXIV
2693
3688
MCMXII
2917
730
3382
596
MDCLXXI
DCCCXXV
CMXXIX
MMCMIV
MMDXXVI
MMDCCCXLII
MMXXVI
CXXI
DLXXXV
MDCXXI
3768
MMCCXXV
MCCXXXIII
MMMDCCXX
3560
2770
111
MMMDCCXX
66
MMDCCCXVI
MDXVII
3506
MCDLIV
2033
CCCXLIV
3314
3719
MDCCCXCVIII
2454
2716
2856
MMMLII
948
CCXXVI
2445
MXXIX
2531
3652
2028
CCCVII
MMMDCXII
2481
142
1599
MMXIX
CMLXXV
1493
3989
MCLXXVII
MMIX
MMMCCCXCV
1152
84
1530
MMCCCXCV
3125
MMCDXXI
2675
MMMDXLVI
3524
806
MCCXCVII
MMDCCL
MMMCIII
MMCCCLXV
1638
MMCCXL
CDLXII
MMMDCLI
1767
2661
MCCXCVII
MMCMVII
646
MMCXLIII
MDCCCXLVI
MMCDLXXII
2427
1960
1871
1315
CCCVI
2682
284
MXXV
3393
2995
1701
817
3792
14
2071
MMMCC
3459
1339
880
MMMDLXXXV
MCDLXXXV
688
552
MMMCDXI
3885
1127
MCCCXXXII
MMCMXIII
MDCCCXXXI
DXLI
2666
3116
3055
MMMCCCIII
3545
CMLXXVIII
CMXVII
832
MCXV
MCMXXXVIII
200
1966
2431
3763
MDXCVI
CCXC
2116
2779
3772
3474
MMCC
1907
1892
170
DCXIX
1463
MMDCXXIX
MCDXXXI
3366
MDXXXI
CIII
DCCXXIII
1961
MMMCCCLXVI
286
3405
MMMCCCXXXII
MMDCCLXXVII
CLXIII
243
3826
MMMCCCX
DCLXXVIII
2844
873
MMDCXLV
552
MCCXLIV
MMDXXXV
MCML
779
935
DCCLXXII
MMMCCXLIV
3237
273
1115
MMDCCCLXXXVI
373
750
916
2086
MMCXXIX
2854
208
1760
823
MMDCCCXCII
3283
603
MCDIX
MMMCCCXXIII
1260
1555
558
3814
1188
MMMLI
MDCXCIX
2186
1919
3802
DCCCLXXIII
1976
MMMCCXVI
MLXXI
2571
150
3293
MDLXXIX
MMMD
1940
MDCCXIII
MMXVI
1131
1107
183
MXC
1668
2686
MCCCXXXIX
1424
MMDCXLVI
1152
2588
783
2063
1201
1581
CXCIX
MDCLXXXII
MMCDXLIV
1835
1848
822
1192
D
CDXI
MDCXCIV
3544
MMCCCXLVII
MCDIII
1701
CCCXXXVII
CMLXII
MCCCXLVII
1070
2073
MLXXI
CMXXIV
CDLXXXVI
1667
1531
2297
MMCXXXVIII
MMCCLVI
MMMLXXV
839
3290
MMMCDLIX
1353
90
DCCXCI
3674
MDCCCXXII
MMCMLXXXIX
MMDCCCXVI
MMDCLIV
326
2172
CCCLXXX
MCCLXXI
899
1854
DCCII
3730
301
3872
2787
MMMCCLXXXIII
1150
3382
CDXCV
MML
1135
MMCDXXIX
DCXXXVI
117
MMDCLXXI
MMMDCCXXXII
MMDCCXXXIV
CXXIX
MCCCLXXXIV
728
MMMDXLVI
DCCXXI
1917
MMDCXXIII
3792
MMMCDXLIII
MDCXXIX
MCCXLIV
3710
622
MMDCCXCVI
3367
21
MMMDCCLXXXVIII
1698
3383
3265
2352
CCXXXIII
3313
3899
3700
MMMCCXLVIII
84
MMCCLXXIX
MMXLIII
2284
MDCCCLXXXVI
3278
2949
3543
2360
MMCMI
MDCLXVI
MMDXCIX
MMCCCLXXX
MDCCCXXXVIII
MMDXLV
XLV
1974
3554
DCXXVIII
MCLXXVI
CDLXXVII
867
3764
DCCII
MMMDLXVIII
MMDLIV
MMCDXXXVIII
MMDLVIII
3507
25
1150
MMMCLVIII
MDCCCII
3475
DCCCLXXII
2275
1233
3680
MMCXI
2739
2263
309
473
1081
MMMCLXI
MMMCDXI
3588
DLXVII
1568
231
2631
MMMCMLXXXIII
MMMDCCCLXXIII
3764
MMMCCLXXXIII
MMMDCCXXIII
MDCXCII
MCC
1347
MMXLII
CMXII
2584
CLIV
3883
DCCCLXXXIV
3621
1965
MMDCXLIV
DCCXLII
MCCCXXXIX
3156
1734
MMMCCLXXII
DCCCXXIV
319
MMMLXXXIV
3287
1355
3779
MMDXLI
120
MMMCCCL
MMCDXVII
1383
MMCVI
2071
727
1995
2855
2148
MMDCLXXXV
1745
MMDCXIX
2529
MMMDCCCV
3390
146
823
864
2320
2436
DXCI
MMCXXXII
MDXXIX
MCDLXXXIV
MMCMXXXV
1550
MMMDCCXXXI
2995
MMCMV
MMMXXVI
MMMLXIV
MMMLXIV
702
MMMCXLII
934
DCXLVIII
2810
1686
1490
1507
226
3286
CCXCV
1528
MMDCCCXCV
3750
1015
135
1092
MMMDLXXIV
3307
MDCCXIX
MMMDCCCLXXIII
MDCCIV
MMDXIX
3712
1811
453
2085
2871
253
1092
330
MCDLXXXIV
MMDXXXV
MMMDCCCVI
3841
MMDCCLV
3352
3021
XXXIV
MDCIX
MMCCLXX
3729
1794
MMCDXXXV
MMDCCCLXII
DCCCXXXVII
MXLII
265
MXXXI
MMDCCCXVII
1795
MXII
CLXI
2009
634
MMCLVII
2075
3643
2554
MCCLXXXV
CCCLXXV
3840
3845
CDXXI
2006
CDXCI
MMMDLXI
1173
710
MDCCXCVIII
DXXIV
1842
DCCCXVIII
MMMLXI
3790
1006
872
2723
MCDXLII
1518
3423
MMMCMXLIII
409
3402
CMLXXIV
3719
3574
1368
865
1098
MMMDCCCLVI
CDLXXVIII
722
3198
DCCCLXIX
CL
2361
MMMDCCXCIII
MDCXC
DCLXXVII
DCCIII
3211
MMMDCVII
CMLXX
MMDLXXV
MMMCCLIV
3640
MCMXC
2652
MMCXC
2489
MMDCVII
CXCII
MMCCXXXVI
836
MDCCLII
3217
3785
CLVIII
MDCCCXC
22
1052
2259
1660
MMMDCCCXXXI
2688
3008
2829
MMMCDLXVI
2718
11
MMMCDLXXI
1856
MMMDCCCXCIII
MCCCLV
512
MCCCXXVII
3804
DCCCLXXXVII
900
2372
MMDCCCLXXIX
801
MLXIII
MMMCCXCVIII
MCL
MMDCCCL
MMDCCCXLIX
MMDCCLVII
582
MDLX
1534
3740
1194
865
MMCCXCIV
MMCDLXXVI
MCCCLXII
2784
1033
436
MMCXV
MMCXV
MDLXXXVIII
3539
MCDXVIII
MMMCCCLXXXV
MMMDCCII
3471
MMLXIV
MMDI
DCCCLXXV
MMMCCXCVIII
MMLVIII
MMDCCXLVIII
1971
MMMCCCXL
MDCLIII
2591
3601
CLXXV
MMDCCXX
2237
2579
MCCXLV
MMMDCCXV
MMLXVII
1184
MMDCXIV
CLXXV
MMMDCCLXXII
3795
443
803
2817
1434
1541
1875
192
CMXVI
MMDLXXXI
MMMCDLXXIII
3632
1519
MMCXCV
MCDXCII
DCCLXXXII
MMDLXV
MMMDCCXVI
MMCCXLVII
MMMCMXC
1027
1967
1681
DCCLXXXII
3657
3060
MMXVII
DCXV
CCCXLII
2614
2205
DCCLXXV
840
DCCCLX
MMCCCXCVII
MMDCCCXIII
MMMDCCXLV
3007
DCCCLXI
CMLXVIII
1491
488
DCCXLI
3029
MMDCXXIX
MCCLXIV
536
CMXCII
1324
MMMCMXXXVIII
960
2978
2947
2815
MXXIV
97
3924
3131
CXCIX
2532
MMMDXVI
3969
2478
MCMLXXXIX
3594
CCXVI
MMMDV
700
2922
MCCCLXXXIX
1057
3465
MCCVII
2635
MMCCXCI
MCLXIX
MMMDCCLXXIV
MMD
MMMCDLXIII
MDCXXXII
3083
2771
MMMCMVIII
3164
2277
MMDCCCIX
3024
MMCMLXXXIII
MDCCCXXIX
231
964
229
2307
MMMCMLVIII
MMMCMXXXIX
2947
2370
2154
947
MMDII
1496
813
MMDCI
414
980
DCXCII
MMCXCVII
MLIV
1796
302
2082
2699
CCXLVI
751
96
MMMCCCLXI
666
MCCCXXIII
MVI
MMMDCCCIV
MCMLXXX
378
MDCCCX
1321
1044
3483
3867
MMCCCLXXIV
1252
3042
CMLXXXII
2204
323
MMMCCLXXXIV
MMCCCVIII
3378
CXXV
2143
DXIII
MMCLIII
2650
MMMCDLXXV
MMMCCCLVII
MMMDII
3297
CDXXVIII
CDLXXV
MMDCLXXIX
2359
2687
MCCXXVII
MDLXI
2632
895
MDLXXIX
MMCMLXXI
3618
MMMCMXXXIV
373
DXLIX
MMMLXXXIV
1213
MMMDCCLXXV
621
1430
146
331
MMDLVIII
MMCCXXVII
MMCLXXVIII
2101
MMCMLXXV
MDCCCLXXX
DXLVII
MMCLXVI
CCCLXXXVIII
MCCCXXXII
MCCXLII
2900
MDLIX
2063
839
MDIX
CMXC
MCCC
MMMDCXCV
MMMLXXIII
3137
351
MMMDCCCLXXXIV
3578
MMMCCXLVIII
MMDCCCXXVIII
3198
MCDLI
CDLXVI
MMCLXVI
2383
561
CCCXLIX
1699
MDCCCXCIII
3164
2528
3609
MDXV
1180
1145
3082
1482
1337
2804
3622
1007
1317
2222
DCLXXXVII
272
490
MDCCIX
2585
3522
3562
3565
CMLXVII
MMCXVIII
2314
3690
1307
2608
1747
MMCMXXXV
3445
MMCCLXXIX
3668
1498
2232
MDCCCLXIII
2780
754
DCCXXXIV
MMDXI
1243
130
DCCCLX
1196
DCXV
1715
MMMCLXXVII
3047
DCCCLIII
1572
MMCCCXVII
MMCDXXXIX
MMMCMLVII
MMM
MCCCLXXI
2657
MDCCLXIV
326
MDCCCX
1813
1345
MDCCCVII
DCCXXIX
MMMCIX
MMCXXVIII
MMMCCCXII
3721
3276
2736
607
1089
1026
XLIII
MDLXXVIII
MMCMLXXIX
MMMDLXVIII
3127
546
2541
MMCCCXIX
1133
MMMCLXXXI
2818
3280
3585
2679
MMDIII
CMLXXX
223
MMCCXLIV
3700
MMMDCCLXXXI
1711
2504
DCLVII
DCCCXXXVI
DCLII
700
MMDCCXXV
852
1279
MMMDXXXVI
3570
MMMDXLII
3042
XII
MCMLXXXVI
MCCXLVIII
589
2774
MMDCCCLXI
DCCLIII
MMDCXXXIV
MMMCMLXX
MMCMXLVI
MMMDCCCXIII
3778
1947
CCCXCIV
1745
1218
3934
989
MMDXVII
DCCXXXVIII
MMMDCCXLVII
1928
3322
1266
DCXXIII
460
MDI
2185
MMMDCCCLVIII
MCCXXXV
3610
MCCXXXVI
460
3741
2890
2979
1863
MMDCCVIII
2153
MDCCCXXXIX
MMMCCLXIX
1954
MDCCLXIV
MMMXCVII
3598
2136
2661
2522
3920
1945
2366
MMCDXXXIII
1402
DLXXIII
CDXL
CCXCIX
MMMDCLIV
MMCCVII
CDXCIV
MMCDLXXIV
3193
MCCCLXXXIII
3690
2139
579
1382
MMMDCCLXXXIII
LXXXII
3435
3219
DCCLXXX
1066
MMMDCIV
MMXXX
MMMDCXLVII
CXVIII
294
MMMXLI
CCCXI
961
XLVI
MMMCDXL
3823
2415
2598
1963
MMMDCCCXLVIII
MMLVII
344
MMMCCCLXXXVI
MMCMXXVII
MCCCLXXXIII
CMXVII
MMDCCLIII
MMMCDLX
2121
MCCXLIX
2569
2615
1070
912
3121
MLXVI
3351
1863
2629
3595
MCCXXIX
3747
MMCLXXXI
MDCCXCII
MCMXLVI
CCCXLVII
MCMXCIV
2560
332
MCMLXXVII
472
640
1445
MCMXC
2669
MMMXXXVII
659
3110
MMMCCLXI
MCCLXI
2080
MMMCDII
2221
2772
1104
3708
MMLXXIX
MMDCIV
800
MDLV
3265
2356
2070
MMMCCCX
133
2836
1392
MMCXXXVI
CCCXXVI
1786
845
CCCLXXXIX
2205
MMCMXII
3196
MMCXXII
MMCMLVIII
MMMDCCCXXXII
986
MMMDLIX
MCMLXXXII
2477
1090
MCMXXXIX
2871
3278
MMMCDXXIX
2505
MMMCDXLII
MMMCCCXLVI
2365
1303
3278
MMMCCLXXVI
2887
246
3718
CMLXVII
MMCMXL
MCCXCI
1513
CDLXXIX
2871
3957
3766
2355
399
843
MMMCMXLIII
CDXVII
MMDCCCLXII
2629
MMCMLXX
3927
2125
MDCCCXXIII
MMCMXVI
1113
1320
MMMCCLXI
MCCCXCVI
512
613
1435
3132
MMMCXXIV
1436
MMDCXXII
MMCDXI
2326
MMMDCCXXII
MCCCXXX
2736
3334
945
2682
MMMDCVII
MCMXIX
MMMXL
MCMLXXXI
3705
3086
MMDLXX
MCXLII
841
3303
261
621
MMXXXV
MMDCCCXXIII
2240
194
MMMDCCV
1488
2864
CDLVI
MMMCMXXV
MCCXXVIII
3508
MMMDCCCLXXVIII
MMCCCLXXI
545
MMMCXCII
3261
XLVI
MMMCDLXXXIX
1841
2093
655
DCCCXX
DCXII
2251
3758
450
1325
261
MMCDXLIII
MMMCCLIII
MMDLXXXVIII
MMMCCIV
CMXCIII
536
MMCXCV
MMDCCLXIX
1313
2460
2160
1238
MDCCCI
448
3368
399
2418
2933
CCXCVI
MCCCLXXXII
CCCXXIV
DLXXXI
CCCXIV
3244
3016
MLXXV
MMCCCL
MMCCLXXX
746
1424
CMLIII
3895
CXLVI
MMCCXXXV
CCIII
3432
3805
MMMCMLXXI
2603
MCLXXXVII
3539
2824
MMMCCCLXI
3850
3394
MDCCXXIX
MCDXXXIV
797
930
1292
3564
3038
MDCLXXII
MDCLXXXIV
1826
MMCCLXX
1777
2492
652
3443
MCCLXXXVII
CDXXXIX
3334
1140
627
1177
1280
683
LVII
MMDCCCLXIX
MCXXX
2977
MMMCMLXV
177
289
1026
3925
2527
967
2354
MMCDLXIX
CCCXLIII
2434
3662
2736
3219
MMCLXXXII
MMCCLVIII
3786
MMCDXLIV
2726
MMDCCCLXXXII
51
MMDLXXVIII
MMMCCCXLVI
MDXXIV
MMCCXCVI
MXCVI
MMMXXXI
3136
MDXCVIII
3142
MCXCVI
CCLXII
MLXVII
2235
509
MMDCCXXXIII
CCXVII
2909
1350
858
MCCCXXX
2682
1004
MMCCIV
1964
MDLXXXVIII
MMCDIV
MCLIX
360
MXXVIII
MMCDIII
MMMCDXXV
2420
401
345
MCCCXXVI
MMXLIX
3151
MCCCXII
3667
1387
2606
MMMDCLXVI
MMCDLVII
2457
MMMCII
423
MMMCDLXXXV
CDXII
CCCLXXX
MCMXVII
1351
875
MMMCMXXXV
MMXCIV
3040
3531
MCCLVI
1458
MMMCCLXVII
MMMXXXIV
MCMXXXVI
MMMCCCVIII
MMLXXV
CCCXXXIII
MMCDXLIII
MMMCDXXVI
368
MDXLVII
198
2828
DCCXLII
651
3172
2640
MDCXXXIX
3833
MMMCCXLIV
2995
2116
2240
3188
CMXXV
MMMCMXXV
1160
2623
2086
2144
MDCXLII
CCCLXIX
1348
CMXLVII
MCMXC
MCCLXIV
CCCLV
249
831
CMXXXIX
2742
1562
2077
CCXXXV
559
CLXXXVI
3248
3012
MMMDLVIII
CCCLXVIII
1182
2803
974
MMMDXCIII
604
MCLXXXIII
1696
DCCCLXXXIII
CCLVIII
MMMCCCLXXV
2817
MMMCDLXXI
854
1572
MMMDCCCXI
MMMDCCXCV
3488
2799
MMMCDXXXIX
MDCCXXX
1903
1012
2553
MMMDXLIV
MCCCXL
487
2076
MCCLXIII
3937
3363
MMCMLIII
2283
2784
2803
MMCXLVII
3374
3708
MCMLXXVIII
MMMCMLXXXIX
DVIII
MMCMXXII
MDCCCXIX
2749
553
MMCXXVIII
1079
2915
2065
1702
1807
MMMDIV
MDCCCXCIX
3573
MCCXXXIX
DCCLVI
CMLVIII
2372
MMMDV
DL
2143
CDXLVI
MMXXV
MDCCXCIX
1861
415
MMDCLXX
MMMDCCXLI
DLV
2961
940
MMMCXXXIII
DCXCVII
3071
590
3679
CCCV
CMXCVIII
MDCXLI
3133
DCXXV
3825
MMMCXCVII
XI
MMCMLXXXV
MXCIV
1141
MDCCCXLIII
2794
MMMCLI
MMMCDI
3952
1340
569
2322
1023
3147
1135
1077
CCLXIV
341
155
1086
1297
MCCCXXXI
CCLI
524
2968
MMDCXCV
1807
MMDXVI
MCXLIX
1135
2079
3143
MMDCXVI
1831
MMCCCL
DCCCXXIII
1331
3831
2992
MMCCXIV
CCLXIII
2681
MDCCCLXXVI
1395
MMCXXXI
1805
DCLXVIII
1904
MCCCLXXXVII
LXII
MCMXL
31
2877
MDCCCLXXVIII
2938
986
1227
MMMLXXV
562
2279
MMCCII
24
1417
MMMCCCLXVII
1783
811
1124
3664
795
1021
2996
LXXXVII
CCCLXXXI
2292
MMMDCCLIX
MMCCXXXII
DCXCVIII
1514
MMMDCCCXLII
2981
DCCXX
2565
MMDXXXVIII
DCCCXXXIV
990
785
CDLXXIII
MDCCVI
2979
MMMDCCCVII
MMMDCCCXVI
2585
DLVI
2841
2747
2306
685
3697
3841
MMCCCXLVIII
2077
1104
1333
CCXXIX
3260
1306
MMCDLXXXVIII
2049
MMMDLVIII
CDIX
936
MMCCLIV
2440
MMCDLXXI
950
MMCCCXCIV
DCCLXXIV
MLXXXI
1567
1969
CCCXXXI
MMDCCXLIX
MDLXIV
301
1501
1157
32
DLXXXVI
MMDCCCXVII
MCMLXXXII
1365
1317
1307
MMDCXLVII
2401
MCMLXXXV
MCCLXIX
3034
DCCXCI
MMXXVII
2436
900
MMMDCCCXCVIII
3566
361
MCLXIV
790
406
MMMCMX
3348
MDCXIV
LX
MMCCCLXXX
MMMCDLXXXIV
2393
3595
1480
CXXXIV
3625
3203
142
MCCCXCVI
X
MCCLVII
XLIII
562
MMDCXIX
1442
CXXXVIII
1937
1995
1977
503
3015
1868
MCCLXXIII
2539
726
3925
II
1975
MCCCLXIV
MMMCCCXXIV
3649
1333
3562
MMCDLXXXIX
3646
476
1733
MCMLXVI
XL
MDCXIII
1434
MMCMXX
1385
495
715
MMDCCCVI
DCCCLXV
3899
MMMDXLIX
3317
CDLXXXIV
MDXXX
2488
2361
3076
CXCVI
CDVIII
MMCLXXXIII
MMCCXXIX
MMMCDXLVII
1423
2707
1713
DCXC
946
126
MMDCCXXV
1907
2031
DXXV
DCCCXVII
2427
185
MMMCXXXVIII
903
MMMDCCLXVI
MMCCCVI
MMMDCI
1482
DCLVI
3640
1340
MMMCCXXV
DXLVI
MMCMLXVII
CCCLXXVI
455
1477
329
CCXIX
128
MMDXV
3797
3703
MMMCMXCIX
501
MMMCCLIII
MMMCCCXXI
828
2680
MMMDCV
1008
MCCCXCVI
353
MMDCCXXXV
MMLII
3
2970
1903
3494
2971
1876
3755
1839
MDCXLIV
DCCXII
MMMDCCCLXIX
CXXXI
MCCLV
1333
754
MDLXXVIII
2822
MMMCLXXIV
1370
MMDCV
MMMXXXIV
C
C
809
MMMDCCCLXXIX
167
MMCMLI
1508
1815
MDCCXII
MMMCMXCIV
3398
1542
MVIII
3715
MMMCDII
1421
MDCCXVIII
MCDIV
MMCLXII
MMXCIII
MDXXIV
2320
2797
1398
MMMDXXXV
MDCCCXLIII
MMMXXIII
CDLXXVII
MMDCCCLV
823
829
DCCXXXVII
L
MMDCCCXVII
MMMDXCV
3494
1961
MCMXXI
MMMXXIII
CXLVII
2944
MMMDCLXXVI
DCCLXXIX
MMDCCLXII
MMCXVI
3138
3423
MMMCCCXXXVIII
3745
908
MCXLV
2340
1805
MMMDXLIII
MMCMLXVIII
MMDLXXXIII
MMMCCCXIII
MDLXXV
3909
MMCCXXXVIII
MX
CDLXIX
2856
MMDLXXVII
MCCLXXV
1697
MMCCLXXXVIII
1289
DLVI
2509
MMMCCCXXIX
3734
MCXLI
CCCLXXXVII
MMMDCCCLXIII
DXLII
64
MMDCCXV
2
1277
MDCXXXVI
2227
MCDXCIX
MDCXLVII
3146
3328
2903
3362
2439
MMCCL
CMXXVII
3484
MMMCCCXXXVI
MMDLXIV
3266
106
1404
3370
MMDLXI
MMMCMLXXXI
1132
1424
377
MMMCCLXXI
MMMDLI
MMMCLII
2018
1115
MMCDLXXVIII
3704
III
844
MMCDXCIX
LXXXIV
3638
MCMLXXXVI
CXXXV
1158
3850
569
515
2884
DCCXXXII
327
MCMLXI
DCLXXIV
2073
MLXVII
872
2185
382
MMDCCCXV
1134
MMCDXLIV
3949
2388
MMDLXXXIX
MCCCLIII
MCMII
3022
MDXCVI
MMMCCCV
3319
MMMDCXLIII
CMLXII
3710
3846
1787
2643
DCCCLXXVII
2159
3197
1761
MCMLXXXIX
MCLXXX
3304
MCCCXXIX
208
MDCLXVI
823
2611
3702
506
1639
3182
MMMCMIV
MCMLXVII
MMDCXCIX
3084
2235
1409
MMMDCXC
1414
3746
3816
1858
2447
3933
823
MMMDCCXXI
MMMCCCXCIV
MCCCLVI
268
208
MMCXCI
MDCCCLXXXVII
1618
MMMCDXXIX
MMMLXXXII
MXCIII
1488
1993
MMMXC
1020
1080
MMMCXVI
2201
MDCCCLXIX
MMMDCXXX
2455
2494
2221
DCLXIII
342
763
70
3095
MMDCCCII
12
1179
3072
1590
3626
2239
MMCCVI
MDCCCXXXV
MMCXCIII
2938
MMDCCCXXXIV
MMMDCCLXXVIII
MMMDCCLXXVIII
DXC
3252
2672
476
MMMCXCIX
582
MDCCXXXIII
891
2237
MDCCXCVII
MCLXVI
MMXXXIV
DLI
700
428
MDLVIII
3315
MMDCCXXXIII
2990
MMCCCXXX
593
MCCXL
1760
MMCDXLVII
MMMCXI
1691
MMMCCCLVIII
2178
MCCCLXVIII
MCCCLXXI
3279
912
MCCCLXVII
2003
1025
MMMC
CDXLIV
1180
2615
3141
1343
406
3251
MCDLXIX
DCCLXXXVII
2821
MMMDCCXXXII
1165
231
642
2580
MMMDXXXVII
98
3036
1449
3704
570
MMCCLXXX
3344
MMMDCLVIII
CMLV
CCCXLIV
MDCCCXLIX
MMMCCCXI
1463
MMMDCXLVI
136
MMMCXCI
1342
3649
MMCLXVII
304
MMMCDLXXXI
MMCCCXX
1852
MMMIII
MMMDCXXIV
2134
1089
MDCCCLXX
3446
DCXCVIII
3394
648
3018
3862
207
CCCLXXXVII
2542
760
835
1771
CMXXII
3884
MMMCLIX
788
MMMCMLIX
MMXL
MMMCCXLV
2187
DCLXV
121
XVIII
392
MDCCCLVI
MCMXVII
3945
MMDCCCXIX
CCXIV
2169
2997
CMLXIV
CLXXV
MMDCXXXIX
MMCCIII
MCDXXVIII
MMMDCLXX
3357
MMMDXIV
MMLXXX
MMMDCCCXXIII
3828
3989
MCDXIX
2214
291
900
1448
CMLXVII
1373
MMCML
297
MMDCLXII
1494
86
MMCXIV
MMMCMXV
MMMCMLXXXII
MMCL
3962
3297
MMCV
MMMDCLVIII
951
2273
1807
MMDCLVIII
3318
1493
335
CDXXXVIII
MMDCXCVIII
2228
MDCCCLXXVII
MMCCLXXXI
2620
2460
MMCXXXIX
MMCDIV
MMMDLV
MMDCXXXV
MMMDLXXII
3487
DCX
MCMLXXVI
MMCLXXXVIII
2252
MMCCCVII
MMMDLXI
1354
DCLVI
3877
MMCLVII
3609
3484
CCCLXIX
3156
MDCXLVI
3485
MDCCXIX
1786
MII
1345
DCCCXXIX
3586
2322
MCDLXXXVIII
339
CCLXXIX
2091
MMDCLIX
2626
DCCXCV
MMCLXVIII
2719
2104
LXVIII
2946
146
MXXVI
MCXCVI
MMDXXXIV
MDCCCXLII
969
CCCXXXIX
MDCLXII
MDII
MMXVIII
MCCLXXIV
MCVI
3263
MMCMXLIX
MMDLXVI
1551
MMMDLXXXIX
MMCCLXXVII
MMMDCXVII
941
400
MMDCII
3462
1839
172
366
MCMLXXXI
3271
1499
DCCXXXIX
MMCCCLXVI
2542
2398
MMMDIX
1926
MMMLXI
1953
239
3615
DX
1428
MMMCMXXVIII
CCLVII
1190
MMCXCII
2941
1269
1746
CMXXXVIII
MMCCCXXXV
299
2471
MMMCMLXIX
MMMCCCLXXVIII
MMLXXI
MMMCMXCIV
MMCMLXXXVI
MDCCCLI
332
MCDLXVI
CCLIX
2451
3106
3925
407
3554
662
MMMDCXCIII
MMCXLIII
1167
2873
1966
MDCCCVII
1178
1300
MCLXII
3328
MMMCDLIII
2074
DCXXIII
3862
3513
MMDCCCXCIII
1138
3648
CCCLXIX
MMCDXCI
3594
CDXXXVI
MDCCLXXIV
MMXXI
3932
CMLXXXII
MMCMXCVIII
703
XXXVII
MMMCCLXXX
2460
785
1108
1406
DCCCLXIV
246
1522
3007
3183
MDLXXXV
1478
2526
MMMCCXLV
2650
1422
3249
2822
3682
413
MMMCMXXXVIII
418
1124
1128
MMMDCCCLXXXI
916
1737
60
3148
MMCMLXIII
2433
MCDVII
CDXLII
1900
MLXXV
849
475
MMDCCXCIII
MDCLXX
2268
DCCXLI
1065
MMMDLXVII
627
MMMDCXVI
2989
CLXXIII
MMDXXXIV
MMCMLXXXV
MMMCMLXXIX
1266
3233
LXXXV
CMXVIII
2810
CMLXXXVIII
1008
1201
DCLXI
MDCCCXXXVIII
DCXXIII
MMMLXXVII
2219
2695
MMDVII
3833
MMDCCXXVI
MCCCXCVIII
2812
1622
2175
3344
MMMCXXIX
MMDCCLXII
2316
3911
MMCXXX
3785
2301
50
MMMLXXXI
1061
CMXCV
MDLXVI
1540
MMDCCCXLIX
3054
2989
3706
2103
1922
MMCCLXIV
MMDCLXXII
1892
MMCCL
MDCLXI
MMXII
MMDCXLIII
1739
2119
MMMDCCCXXI
3133
MMMCMXXXIII
CXCI
CCCLV
2937
MDCCCXCII
2708
MMMXLII
506
MMCMXIV
MMCDXXXV
2822
MMMDLVII
MCMLXXXVII
2172
MMCCXLIII
DLXXXVII
59
147
21
MMCDXXXVI
MCMXXVIII
2003
CCVIII
1584
MMMDCCII
CCCLXXXIII
DCCCI
1835
2412
2147
MDXCIV
3668
1679
MDCCCXXVI
3849
MMMCCCLIV
2533
MMCDLXI
MCXXX
563
239
MMMDCVI
152
2875
MMMDCCCXLVI
3820
2932
864
372
3668
MDCCXXI
3039
CCLVIII
964
MMDCXXXVI
MMMDCCCXLIV
CDXLV
MMMCXXXVI
362
1296
MMCCCXXII
MDXCIX
MCCCLXX
MMMDCIII
CMXXVI
MMMDXIV
763
637
3409
651
MMMDXXVII
3265
1435
MMCMXCVII
2733
MDCCLXVII
3287
421
CCXXVII
MCMXLIV
MCXXXI
948
3275
MCCCVII
CXI
1409
MMMCDXCVI
3967
XLVII
CDXCVIII
MMMDCCXXXIII
3605
2604
3047
144
MMCMXLIX
MMMCDLXI
1166
DCCCXLVI
DCLXXVII
MMCCCLXIII
DCLVI
MMCCCLXX
DCCCXCVII
1859
CLXXIV
MMMDCCIX
MCXIV
MMMCLXIV
279
MCLXIII
3970
613
2768
531
1584
1408
1173
MMXX
2054
MMCCXXIX
1367
MMMCMLXIX
MMCDLI
3353
1327
1805
MDCCLXXXVIII
3463
3722
CCCLXXX
CCLVI
2367
MDXXV
MMCMXXII
2330
MMCMXXIV
2992
CCXXXI
MMMDCLXXXIV
MMMXXXVII
3015
711
LVII
LXX
320
2639
3267
868
MCDLV
MMMDXLV
3587
MMDCCL
3516
2085
3103
MMCCXXIII
MLVI
MMDCCCLXVIII
CMLXXXII
3387
3668
3438
MMLXV
MMDCCXXXVIII
C
MDCCLXXXIV
1945
MMMDCCLXIX
MMDCCLXXXVIII
MCLXXVI
1846
2405
1887
3908
MMMCDXIV
MCMXVI
2851
DCLXXXVII
2352
2570
2554
1354
2302
878
DCCIV
1260
CCLXIV
2640
MMDLV
3794
CCCXLI
3740
CCXLII
1514
446
2135
CXLVII
3229
2512
2453
VII
CMXXIX
MMMDCXXVIII
1537
MMMCMLXIV
1030
DXCVII
MMMCCCXXXIII
204
MMDCX
CCCXXI
3581
MMMDLXXXVI
1207
MMMLXXVIII
CDXLII
363
MMCCCXLV
884
DCCCLXXIX
MCLXXXIV
DXXI
1520
3349
36
588
3948
MMMXIX
1017
MMCCXCI
615
3529
147
2981
1602
MMMDCCXLIV
3854
3560
MMMCXLI
MMDCCCXXXVI
MMMDCCXLVIII
MMMDCLXIV
1425
1227
2773
MMMXCIV
MMCMX
1233
MMMDCCLXXXI
MMDCCXVII
901
3856
2902
MCCCLXV
MCCCXXXI
1303
MDCXC
MDCLVII
MMMCDLI
1147
2271
3591
MCCCXIX
MMMXXIV
DCCCXCVIII
MMMCMXVI
MCCCLXXXIII
MMMXLIX
MMDLXXXII
DCXXXVII
MCDXCVII
MMMCMVII
CLXXIII
DCXLVII
MMCCC
1621
DCCXXIV
2022
3288
105
MMMCMXCIX
3635
3678
MMMCMXXXI
1099
MMMCCLXIV
2772
MMMCMXV
CDLXXXV
DCCCXXXIII
3568
MCLI
505
MMMDCXII
MMMCCCLXIX
335
3880
3309
2203
1678
MMMDVI
323
1066
248
MMMCDLXX
MMMDCCCX
1883
MMDCXXII
1901
MMMCCXLII
1658
MXCV
1410
1939
MMMDCCXV
2262
MMMDCXXVI
MMMCMLXXXIV
1557
MMCCCXX
1169
MMMDCCCXLIX
2186
2223
MMDCXXIV
3600
MMMDXCI
MMMDCCCXXXII
MCXXVII
1425
XXVII
MMMLXXVI
3194
3899
3619
MMMCCXLIX
1004
3378
MXC
CCXCVII
1727
2727
3145
1160
480
MMCDII
3557
1768
MMMDCCCLXV
MCCLXXII
MMMCCCX
MMDCXLVII
CCCLXIV
2698
1829
MCDXL
MMMDCCCLX
1255
MMCCCXLIII
2411
MCDXLIX
1557
1169
1166
615
MMDLXXXVI
LXXXVIII
DCCXXXV
955
3691
170
CCCIX
MMCMLXII
2567
665
MCDLXXXV
MCV
MDCCXLVI
3689
213
MMDCXCVII
MMCX
1805
2973
812
709
MMMCMXXVIII
287
3574
184
1988
MDCCCXCIII
3917
MMCLI
2832
MDXLV
MMDCCXCII
2859
MMMCMXXIII
DCCXLV
MCMLXXVI
2711
MMMCDXIV
3990
2102
MMDCCCXXIX
1852
2413
1121
725
MMMCCLXV
MLVIII
2437
XCII
MMDXXIV
XXXVII
MMDXX
MCXCV
3121
MMMDCCCXXXIV
2814
MMMDCXLIII
3824
MMMDLXXII
1355
MMMDCXXXV
MMMCXCII
DCCLXI
3235
1281
MCCCV
354
2318
2579
DCCCXLIV
CCCXLII
MMDCCI
1979
MMMXC
MMMXLIII
MMMDCLXXXVIII
3889
MMDCCCXLII
1617
3058
CDXCII
3405
MCMXXXVIII
3221
1877
3668
3572
MMCCCLVII
1013
CD
3413
MDCCCXXXIV
3283
MMLXXII
MMCMLV
2629
3891
DCLVIII
MDCCCXXXVIII
1091
MMMCDXI
MMMDCCCLVII
2470
CMV
MMMCDLXXII
MMCCCXXXIV
94
3442
DCCCXLIX
1042
558
CDLXXXIX
2023
DVII
MMCMXII
MCMLXXVIII
MMLXV
2666
MMCDXXVII
1069
1916
2340
255
MCCLXXXIV
DLIV
2524
MCLIV
2507
MMDCCCXIII
3101
MMCCCLXVI
3457
2963
140
2010
614
MCCCXLIV
DLXXXV
MCXCII
2549
2747
MMLI
43
MMMCCXXXV
MMMDXLIII
DXCIV
977
2554
1714
CDIII
399
MXXIX
MMMDCCCXLVI
MMDXI
1700
610
317
MDCXCIX
MMCDXXII
MDCCCLXXXII
726
MMMCCXXXV
MMMCCLXVII
MCMXXVIII
1132
MMMDCXV
1321
2552
1970
MMCD
1172
MMMDCCXLIV
923
CCXXXV
331
3458
MDXCIX
3369
1802
3854
3211
3650
MMDCCLXXIII
1671
MLXXXVII
1582
LII
MMDCCXXXII
770
3998
MDCXXIV
1895
MMMDCXLV
2930
2892
3846
CMXXII
1593
3238
DLXXII
139
MDCCLIX
1784
3181
MMCCIII
2329
MMCLXXII
MMDCCIV
64
399
MCMLVII
CMLXXXVII
MMMCDXCVII
174
2195
MMCXXXIX
2237
3438
1977
CDXCVII
MMDCCCX
CXXVII
MXC
LXXXVI
1350
3370
MCMVII
MCMLXII
3366
481
CMXXXVI
MMCDXCV
2938
720
612
DCCCXCIII
DCCCXXXI
1923
CMXXVII
MMCLIX
MMDXLVIII
1598
2933
MMMCMXCII
CCCVI
MCCCXXVI
1531
3183
MMMDCLXXVI
1811
3935
MCCCI
64
2475
2237
MCMXXIII
DCXLVII
1929
902
864
III
1445
1896
MXXII
1787
MDCLIV
3091
MCCCXLVI
1910
3767
2188
1638
1750
2114
911
1323
MDXCIII
1241
2922
CMXLIV
MMCXVI
3412
260
88
CCCVIII
275
MCMLXX
MMMDCCCLV
3912
LX
3506
397
CCXVII
2354
742
444
MCDIV
MMDXCIII
2731
2430
MMDCLX
MCCXXIX
MLV
2007
3715
32
MMMCCLXXII
2336
MMMCCXCVI
MMCCIII
MMCCCVI
1652
3118
MMDCXLIX
MDCXXIV
2977
2728
1217
1288
MMDCLXXVI
DCCCXXIII
DCCXCVI
1535
74
MMMXXXV
1048
273
2145
2722
MMMDCIV
1651
1354
MMCCCXXII
56
CLXXXIX
3652
2379
MCMXXVI
MMMCXL
1003
CCXCIII
MCMXXXIX
CMLXXIX
MMCMXCII
CCCXIV
MMMDCC
DCCCXXXV
2338
MMMCXXI
2458
3696
CLXXI
CXI
MCDLXXVIII
3308
LXV
CCLXX
CDLIV
CMXXXV
MCMXCV
MMCCCXII
MMMXCVII
MMCMXX
1036
330
DCCCLXXI
1951
CV
3959
MDCCLXXVIII
381
MMMCCXIV
DCCXXVI
CXCIV
3399
MDCCCXXXVIII
885
3858
2060
MMMCCCXVII
MMCCLX
MMMCDXIII
MXXIII
MDLXXXV
DCXXI
1124
MDCXLIV
1664
323
CDXLIX
2877
MMMCCCLXXXII
MMMDCCXVI
MMDCLXXVI
3999
DCXII
MMMDCCCXXVIII
3102
3417
1251
784
3094
2777
MMMCCX
MCMLXXXII
2393
966
MCCVI
MCCLXI
1069
3196
2217
MMMLXXV
53
MMMCMXLV
MMDCCCVI
157
MDCCXLVII
MMMCDLXXV
1887
1900
MMMLXXXVIII
1377
CMXXVI
3421
DCCCLXXVIII
MMCDLXXXI
3410
978
MMMDCCCXLVIII
MMDCLXV
MMMDCCCXVIII
MMDCCLXXII
DXLIV
2020
3141
1162
MMDLXXX
C
DCCC
MDCCCIX
MMCCX
3969
198
MMMCCCLXXXII
MDCCCXXXV
2817
MMMCXI
157
1333
2465
282
MDVII
MDLII
MMMCMLXV
MMCCCLXXVII
MMXX
1540
MDCCXXXIII
MCXCIX
MMMLXXXV
CDXXXVI
MMCLXIII
3057
MCCCI
186
MMMCLXXIX
539
MMMCMLXXXI
MDCXCIV
3011
CCCXII
MMDCLXV
MMDCLXXXVI
3985
2160
2494
MMMDXCIII
MMMXII
MVIII
MMDCCLXXXIX
MCXVII
MMMCDLXXIII
DCCCXLVI
617
MMDLXXXVII
3895
LXVIII
14
230
1506
MXL
MCCXVI
2551
MDCXXVII
MMMCCCXLVI
2528
MDCCCXX
MCCCXXXI
1380
443
828
MMMCCCXCV
1924
MMDCCCLIII
CDLIV
MMMCC
2155
MDLII
MDCCLXXXV
MCCCLXXIV
MMMCDLVIII
1863
MMDXXXIX
2396
560
MMMDXLII
MMCMLXXV
MMMDCV
2687
MDCCCXIII
DCX
2732
1328
MMMCMLXXI
3668
MCCLXXXVII
MMDCCCLXXXVI
MMMDLXXXVIII
CCCXCV
MDCXLV
MM
CMXVII
1340
1570
2687
MXLIII
387
2452
1803
CDXLIX
XII
MMMXX
209
MMMCMXIII
MCDXXXVIII
MMCXXXVIII
MLXXXVI
DCCLXXXVIII
3625
3437
1571
MMMDCCCXCVI
3421
987
MMDCCVII
3279
222
3897
MMCLXXX
MMMDCCCXXII
212
MCMXXXVII
DCCLXIX
MDCCXLIII
722
DCCLXX
DXI
2987
CMXCVIII
1603
1895
2767
DCCCXVI
MMMDCCXXI
MMCCLXXIV
MMMCCCLXII
MMMLXXV
221
1218
MMCCCLX
MMMCCXX
765
MMDXII
147
552
MMLXXVIII
MCCCLXXVIII
3238
MDCCCXLIV
3303
1921
MCMLXXVII
1407
921
MDCCLIII
MMDXXXII
MMDCLVII
DXXXIV
MMCCCXCVII
MLXXVII
3655
MMMCCCLXI
1268
MMDCXCIII
2694
MMDCCCXIV
937
MMMCXIX
MMMCDXCIX
2625
2373
MMMCCCVI
124
MDCCXCIII
1441
1061
CIV
3344
CCCXLVI
MMMCCCLXXII
MMXI
2272
440
MMCCLXII
MMMDCLXXXII
MMMCMXII
3675
MCCXIII
728
312
MDCLXXXVII
990
3078
3692
MCCCLIV
MMMCCCXIII
3845
2350
2755
MMCXLVII
MCCXC
MDCVIII
1111
MMMLXXIV
MDCX
MMMCXCIII
DXLV
1491
2403
464
3473
1581
MDCCCLXIX
MMMDCCLXI
DCCLXXXIII
MMDCXLIII
MMCMXCIV
1305
MMDLXI
MCMLX
2190
MCMXXI
MMCCXC
MMMCCXXVI
1249
3067
1579
MMCCII
MLIV
3141
3684
2716
3234
MMCDXXIII
MMMDCCCLII
2866
2551
1846
3522
2831
337
3520
1408
DCCCLXIX
2534
1912
MMCCLXXXIII
1220
MCCCVI
MDCCI
MMMCCCLX
CMLXVII
2161
879
3319
3170
3079
CDLXXXIX
1073
3034
CCCXCIX
2226
2576
1019
MDCLV
2467
MCMXLVI
MMMCCCLXXXIX
MMMDCCCXXIII
MMDCCCXCI
1812
365
1644
CCCXLVII
MMCCLXXXV
1149
2884
MDLXI
MMMCDXLV
MCCLXXXIX
3349
1851
1265
MDCCLXXII
MCDV
CXIII
MCMLXXVI
MMCXXV
2992
3150
764
907
CMLXVIII
3606
1221
MMDCCCL
3732
MMCXXXVI
MMMCCCLXXXIV
MLIII
975
1361
MCCCLXXXIV
2055
MMMXXII
2757
1480
CXXIV
1526
1285
1758
MMCMXLIX
MMCCCLXXXI
3460
132
MMCCIII
MMDCCCXXVI
DXXXVIII
3774
CMLXXXIX
457
MMMDCCCLXXVIII
877
1896
2978
2100
MDCLXIII
MCXLIX
774
MMCLXXIX
MMDCCCXXXV
525
DXXVIII
1122
1729
3955
553
2443
CDLXXIII
1192
1843
158
MCXXVII
MMMCLIV
2344
MMDCXXXIII
329
3098
3571
MMMCMVII
3160
3780
MMMDCXLIII
1937
MMDLXXVII
1128
MMDCCXXI
MDCCLXXIV
MMMCDXXV
MMDCCXXII
699
2627
MMMCCXXXVI
1954
3038
MDCCCLXXX
MMMCCCLXIV
3394
DCXX
MMCCXVII
3161
CDLXXXVIII
MCCLXXX
CMX
DCCCXII
3660
CMXVIII
2127
MMCLXXX
MCCCXXVII
MMCCXLVII
1156
MMCMLXXVIII
MMDCCCLXXXV
2514
DLXXVIII
DXVIII
DCCLXXXIV
MCMXXXIII
MXCVIII
576
3304
MMMDI
2886
MMDCCXXVIII
3310
MMCDLIII
1259
1472
3323
MMMCMLXVIII
1404
MMDCXCVIII
1690
MDCLXXXVI
DCCXXXIV
MMMVI
MMMCCCXXXVIII
1042
DCCLXXXVIII
571
537
3747
3901
3922
1425
2365
3771
903
704
3954
MMMDCXXXI
3563
595
CMXVI
DCCXVII
1075
1209
CCCIII
MMCDLIX
921
764
1128
1194
567
2672
2629
3222
2553
MDCCXXVIII
1774
DCXXXII
MDLXXXII
3479
MCCXXIII
367
DCCCXLIX
1471
XXIII
1801
897
MDCCCXCIX
MMMDCCXLV
1315
MMMCCVIII
MMCMXXV
1827
864
1510
815
MMMCCXX
2337
MMCIX
2640
MMMDLXXXVIII
2247
MMMDCCLXXVIII
546
MDCCXLIII
MMLXXXVIII
3004
DCLXIV
295
3454
2358
CXLI
3220
MDCLXXIX
LXIV
MMMCCXXXVI
MCXLVII
MMMCCCLXX
1602
MMMCMXLIV
1
MDLXVI
1762
3583
3600
CCCLV
MMMXII
MDCCCXCVI
MMCCXCVI
MLXXIII
2370
MMCXLIV
MMCDXXXII
MMMCDLXXXVII
MMDLXXXI
2711
MMDIII
3295
CCX
CDLXIII
MMDCLVII
3944
MMMDCCCXII
1361
MMCMLVII
3317
2930
2893
2830
MMMDCCLXVI
342
374
826
MMMDCCCXCIII
1760
2203
1780
MMCCXXXIV
2470
MMCDXCVIII
MMMCMLXXVIII
2336
MMMDCXCI
2861
MMLXXII
1433
411
758
49
MMMCXXVIII
1755
MMMCMLXXXVI
MMLXXX
MMCCLXXVIII
DCCCXXXI
XXI
806
3070
2501
MMDLXIII
MCMXXV
DCCCXXI
CCCLXXVII
2419
107
VIII
655
2793
526
1454
MMMDLVII
3777
CMXXIII
2913
466
MDCCCLXVII
381
1691
1905
2295
MMCMXCIV
345
1012
219
799
MMDCXXXVII
1911
3446
1057
1045
MMCMXCVIII
1448
898
MMMCMXLVI
3216
MMMDCCXXXII
MMMCCLXXI
MMCCCLXXXVI
MMDCCI
MDCLXXV
1926
131
DXXI
2758
MMMCMLXXXVIII
1286
2214
3131
2803
3967
MDCV
MMDCCLXII
MMDLXXII
CCCXCIX
MCCCLXXXVII
1460
1445
MMCDXXIII
2251
3860
735
1256
124
MMMCCCLXV
3509
CCLXII
1544
3069
DCCCXXXI
CLXXIV
MMCMI
3961
780
1029
2320
3830
3959
MMMDCCCXIV
2731
1737
IX
917
DLVIII
3369
1329
2813
2937
697
MLXV
1276
2605
MMLXV
MCCXCIII
MMMCCXLII
1213
1376
173
1464
MMMDCCCLXXVI
MMMCCL
289
CLXXXIX
2817
2242
3783
MMMCCLXIII
70
MDCXXX
3670
MMCCCXL
MMCCXVIII
3387
1964
2732
2303
DXXXV
DXXXIX
515
1963
MMCXCIII
434
439
3491
CCXXIV
MMDCCLXXXVIII
3058
MMCDXXXII
254
MCCLIV
CXXXVI
MMCCLV
MMDLXXXVI
CCII
MMMLXXVII
MDXIV
MMDCCCLXXXV
MMMDCCXXXII
MMMDCCCLIX
2572
1113
2265
CMXCVI
MDCCCXCII
3540
2767
1244
MMMCDXXXVIII
DXXI
2099
MMCLXI
MMCMXLVIII
CDLXXII
1954
1416
2172
371
556
CMXII
MMCXLV
MMDCCIX
MMDCXLVII
546
MCCCXCI
MCCLVIII
1681
MMDCXX
2441
2988
1963
3845
3079
DCCLXIII
MMDXXXVIII
MMMDCCCXL
2848
MMDCCCXCVI
1776
MMMCCCII
MCCCLXXXIX
MCCXXXVIII
DCLII
3086
DCCCXX
3002
1930
MMMCCXCVI
MCDXLII
MMMCLXXI
2007
MDCLXXXVII
MMMCXXXVII
3046
MMMCCCI
116
MMMDCCXXII
MMMCMLXXI
760
3202
2252
2731
MMMCCXXX
900
2321
MMMDCLXXXVII
2127
269
3616
3353
727
MMMCLXXVII
MMCCCLXXV
677
2321
CDLXXI
2303
343
472
MMMXCV
1926
1137
1002
1384
1614
1783
2182
DLXXIX
DXI
CCXXIX
CCCLXXIII
MDLVI
DCCXLII
1903
1077
3789
3188
DCCCXCVIII
MCMXXIII
MMXLVI
MDLXI
MCCXXXVI
MMMDLXXVI
3562
MMCMXXV
93
MCLXX
412
MMMCCLXXXV
3274
MMMDVIII
2331
2635
MDCCLIII
MCLII
MMMDCCCLXVIII
MCMXVIII
MMCCXXXII
1600
MMMDLXII
2465
2308
3668
MMDCXXXVIII
1973
MDCCXLIX
3970
DLXXXV
2070
1353
2907
CXXVI
3494
1647
3677
MMMCMXCII
2762
3710
1738
2818
DCCCXXXII
MCMLVI
3143
1697
MCCCLXXXIX
MDCIX
1957
2362
3257
1638
MCCXXXIX
2510
DLI
MMMCCCLI
3989
MDCXLVIII
2431
CCLI
2666
2400
2943
735
MMMDCCXIII
MDCLXXVIII
MMMCDIV
26
82
MMCMXXVIII
MMCMLIV
MMMDCVIII
3986
3376
1271
1982
3817
MMMCDXIII
MMDLXIV
DCCCXCII
MMMCXXVI
MMMCCCLXXX
MDCCCXC
MDLXII
MMDCCCXCV
2932
1663
MMXLV
MMMDCCCXLIII
DCCLIX
CD
679
1212
1630
738
MCCCLII
MMDXXII
MMCCCXVI
3832
1306
1411
MMMCCCLXIII
2785
86
133
CDXXIX
MMCDI
2590
165
3950
2401
MCCCLI
CCCLXXX
DCCCXCI
MMCCXCVIII
269
MMMCCCLXIV
3064
MMMDCVI
3939
CCCLXXXVI
MDCCLXXXIX
MCCLXII
3507
1597
MMDLXXXVIII
MMCCCLXIII
MMMDCCLXXXVII
MMCCCXXXII
930
MDXXXIII
MCLXXIII
1655
1360
LXIII
894
MMMCCXCIV
MMMCCCXVII
MDCXXVI
1615
2994
126
CCCXXXVIII
1208
MMCDLXXI
440
MDCCLXXXVII
MMCCLXIV
MMCCLXXXIII
DCCXVI
1510
MDCCLV
3154
193
CDLXXIV
3040
1584
635
MMDCCXLII
MMMCLXXXI
2137
3949
1045
3752
LXXXII
492
MMMCDLIV
535
MMMCCXXXIII
MMMDCCCLXIV
3985
DCCCXIX
92
MCXXV
1111
MCMLIV
2368
DCCLXXVIII
DCCXXX
MMDI
CCXCIX
3101
550
3373
1385
1684
1061
CCXLV
MMDCLXXXIV
227
3829
1117
MMMCLXXIV
2071
MMMDCCLXXIX
1997
2438
855
331
MMMLXX
MMMCCLIX
DCCLVII
2681
1651
3919
MMCLVII
1412
3628
DCCLXIX
2893
MDCCLXXIV
3107
760
3118
MCCCXLIII
994
715
DCCCLXX
MMMCXCII
MMCMXCII
CXCIII
MCDV
MMMCCLXI
MDCCCLXII
MCXXIX
1460
MMCCCXXII
MMMDCCLXII
493
MMCXCV
3941
MDCCLXXXVI
2238
1984
1819
2302
CMLXVI
2327
CXXVII
3281
MMMDXXXIII
2484
MDCCLXXXV
3187
MMCDLXXVIII
741
3672
1872
DXIII
3337
427
MXXXVII
MMMDCCIII
MMMXIV
813
XCIII
1416
708
MMMCDXLV
3863
MLXXXIV
DCCLXXIII
MMDCCCXCVIII
150
1170
1979
MMMDCXXII
CMLVII
MCXXXI
124
3028
CXXVI
2333
MMMVI
1574
845
MMMDCCLXXXIX
MMMXXI
2768
CMXC
MMXXIX
3186
CCXCVII
2904
3424
MMLXXVIII
MDCCXLVII
1545
MDCCXXIII
3978
1012
MMMCDXVII
MMMXXIV
2123
MCMXXXI
MMMCCCXXXIII
MMCMXXXIII
MMCMXI
260
1658
MMMD
MMDCXCVIII
MMMCDXLI
MCVI
CCLXVII
CMLXIII
MCIV
MMDCCXCV
650
2551
DI
3244
MCDLXXIII
MMCMXXXV
DCCCXCIX
MDLXXXVI
3156
125
MDCXXXIII
MMCXLI
CMLVII
MCCCIV
1408
CDXC
2951
1736
CDXLVI
1646
MMMCCXVII
DCCXXIII
CCCXCVI
MMMCMXXXVI
MDCCCXXVI
CDXI
2163
2119
3638
2355
933
2176
276
MMCMLXX
MMMDXCV
2105
MMMCDXI
655
MCCCLXXXVI
2329
212
MDLXXIII
MMCMXXIX
3436
2735
2094
MMMDCI
MMDCLXXVIII
MLXXXVIII
3534
31
1624
802
DLVIII
850
CCCXCVI
MMMLI
MXXXIII
2161
MCMXC
CCXXXIII
MMMCCCLIX
CDLXXVII
MMCCXCIII
3588
MMDCCCXXX
3808
2471
934
MDCLXXXIX
MDCCCLXIV
MMCXXXIX
MMMCCXXVII
3895
1278
CCXXXI
MMMDXXVII
DCCCXVI
2042
MMMDCCCXXXVIII
1300
MMMCLXXX
3452
MMDCIII
2877
MCCXLII
2606
236
CMXXVI
MMMCCCLIV
CMLXXV
MMDCCLXXIX
MMMCCCXXVI
2399
3747
2971
MMCXCVI
MMCCCXXXVI
CMXXIX
117
43
2956
MMDCCCLXVIII
MDCCIV
MMDXIII
1065
MDCIII
MCMXXXVI
DCXXXI
DXLII
MMMDCCXLIV
DCCLXV
3663
CCXLIV
CCLXXV
142
640
MMVI
MCMLI
MMMLXII
DCCCXCIV
49
3601
MMCCCII
MMMCCCVII
3520
MDCVI
620
425
MDCCXCVII
2219
3178
298
1846
2896
MMXXXIX
3312
MMMCMLXV
DCLXXXVI
1809
3647
MMDCCXXXV
1341
MMMCMXIV
CCXI
2549
MMCXLI
23
DXXX
3817
1056
1647
2786
MMMDCCCLXXXV
446
392
1775
1955
1556
MMDCCXLVI
2874
MMMDXCVII
2108
1566
MDCXV
754
3604
3157
CMLXXXIII
XCVIII
2371
94
DCXLII
596
3303
2509
MMDXCIII
1596
314
1646
MMCCCXL
3702
2430
3605
1689
420
DCCCX
DCCXLIX
1297
3910
2415
DXCIII
DCLVI
DCCCXIV
MMDXXXIV
MCCCXXXV
MMMDCCLXXXVIII
MMMDCCCLXVI
1034
MMMDLXXIV
MMMCDXXXIX
CDLXXVII
MMCXCV
MLXXI
752
CCXII
2003
DCCXII
MXXXVII
668
MMMCLIV
1886
MDCCCLII
DXL
MMMDCLXI
872
MCCXLVII
CMXVI
3704
CXCI
2838
2091
3769
765
2702
1587
MMCCCXVI
1612
700
2024
1613
1050
MCMLXXXVII
MMMDCCCXLVI
1233
MMCDLXXII
MCDXCVIII
3965
848
MMMCCCLXIV
3902
490
M
1024
3675
3394
406
MMCLIII
1674
3400
1072
3510
942
MMDCCCLX
CCCLXIV
2324
3516
MMMCCCLXXVI
715
MCCII
MMDCXCVI
3364
3902
MMCXV
485
MMDCXXXI
3973
2987
MDCCCXXI
630
35
262
2644
704
MCDXLI
MMDCCCXLI
1174
2603
3060
2766
3301
MCDX
2846
2710
2102
3030
MMDCLX
3231
CCCXL
2362
MMMDCVII
475
DCCCLXII
2914
DCCXCV
269
MMMDLXVI
3839
CXXVII
MMDCCCXVI
DCCL
MCDLXXXVI
2510
MMMCMXXXVII
CDLVII
MMLXXXVIII
MMCCCXLII
1421
1056
2767
1478
368
2497
MMDCCV
332
LXX
MMMCDLIII
3416
MMMCMLXXXVIII
3484
3813
2738
546
MCDLXVII
CDXXII
MCCXXIII
628
98
DCCLVIII
MMLXIV
1155
2971
2429
3655
MDCCCXCIII
MCDVI
MMCMLII
MMCCLXXX
MDCCLX
MMML
868
1031
76
122
1797
MMDCXXIX
3267
1421
MCC
1707
MMMCDLXXI
MMMCXC
LXVI
MMDXCVI
3630
2584
MMMDCCLXXII
MMCMXXVIII
3483
3318
2634
1824
MCCCXCIV
CMLXXXIX
MMMCXLVIII
MMDCCCXXIII
MMDCCCXIX
DCCLXXXIV
3434
1838
140
MMCMXXXII
2608
1760
2111
MDCCCLXX
1919
681
3169
1472
552
DCCCXXVII
1266
MMMDLXI
2013
MMCCCXIV
CXXX
3502
MCCLVIII
CMLIV
MMDCCCXXXVI
1784
3405
MMMCDXXXV
2655
3146
267
MMMCCIX
MMDLXIX
DCXC
2641
MMMCCCLXXXII
2521
MCCXXXII
1206
2978
1531
3204
MDCCCXLVII
DCLXXV
MMMDLXXXII
MCCCXCIII
11
3984
CDXLVIII
2868
3305
MMDCL
2500
CCXXX
1806
XIV
3574
MMMDXXX
MMDCCCI
MMDCCLXXXVIII
3834
MCMIV
1457
957
2296
2096
2552
MCMXXII
3258
MMMCMXCVII
I
1991
2629
3302
2908
3532
MMCMXXV
2661
1880
DCXVII
1130
MCCXCVII
MMMDCCLX
MMMCMV
2260
850
MMMDCXXXVII
1489
MMMXVII
658
10
MMDLXXXVIII
1404
MMCDLXIX
3041
MMMCCCLXXXIV
MMCCLXXXVIII
MMDCCCLXXVIII
94
825
1979
3662
1455
CDLXXI
1352
2060
MMMCXCIV
MMDXLIII
2958
263
MMDCXII
1579
2175
190
818
2005
561
3522
1102
MMCDXXXIV
CCLXIX
CCVIII
MMDLIII
2332
MMMCCXXVIII
MMMCXCVI
MMMCDLXXXIV
MMCXXXIV
2896
1167
721
CLIX
MCCLVIII
MMMDCCCXCVI
2121
MCCXXIII
MMMDCCCLXVI
3237
1057
MMMIV
1155
2915
MDLIV
MDCI
MMMDCLXXXV
1900
552
1218
MCCLIII
DCLXXXIV
3060
3609
MMCCCLXXXIX
2389
MDCCXV
1319
3811
3215
2689
MMDCXC
1474
MDXLIII
MMDLXXXVIII
MMCCXLVIII
861
MMCCXXII
3215
2913
2165
MMMDCXXVI
MMDCXCVIII
CCLXXXIII
MMMCMXCIV
MMMCCXI
MMMDCCCLVII
MMMCMLXXX
1942
2241
MDCLXXX
2994
CCLXXVI
MMMCCLXXXVII
2906
2413
3891
MMXII
MMXXIX
1527
MMMCDLXVI
MMMCCCLXXXIV
1490
2424
513
920
DXCIX
MMX
3278
2930
MMMDCXXXVI
MCXXXVII
3600
MCXXXVI
392
3030
DLXXXIV
CMLXXII
1818
MMMDII
DCLXVI
CCLXXXVI
2351
3046
MCDXLI
MMDCCCXCVIII
3706
DCCCXXXIX
CCLI
3150
MMMDCCXVIII
MMMCLXXXIX
1247
MMMCDXXI
MMMXXXVII
3780
354
MDCXVII
MCDLXXVII
990
CCCLXVII
2308
1523
1059
MMDCCXXXVII
1650
DCXXXI
MDCVII
CMLXXXVII
ML
MMDXXVIII
MMMDCCCLXXXIV
2515
1825
MMDCCCXXVIII
1677
MMMCMXII
CDLV
2101
1241
MMMCXL
DCCCXXXVIII
MMMDCCCLXIV
CMXLII
MMCXCII
DCCLXXXVII
1594
DXV
3794
MMCMLXXIII
989
MDCLIX
3421
3112
1958
MMCDXII
LXXXII
CCC
75
3548
MCCXXI
MV
2682
MDCCCXXXVII
122
MMCMXXXIV
DCCCI
MMDCCCXLVIII
MMXIV
MMCDXCIII
MMDCXXXIV
1586
MMMDCCCLXXXVI
MMDCLXVII
CCCLXIII
3302
MMMDCCXLV
CMXLVII
293
456
MMMCCCLXXXIX
1379
3383
1520
3182
3916
MMMCXXIII
2378
MMCMLX
2660
3373
CCCLV
DCCV
1668
3519
MMMDXCVI
2803
MMDCXIV
DCCLXVIII
MMCMXC
155
MDCXXXVII
3077
DCXCVIII
MMMCMXI
MMMCMXCIV
3574
1086
CVI
828
2728
MMDCCCXCII
3785
CDVI
MXCVII
MDCCCLXXIII
1398
DLXII
MMMLXXII
1319
1314
3864
CCCXL
MDCCLXXXI
515
169
MMDCCCXCVI
MMMCDX
1701
MMCCL
MDCCCV
2070
MMCCCLXXXVII
3843
589
MCCCV
MCDLXXVIII
MCXIII
204
2064
2363
2866
198
2310
3799
MMCMLXXX
1675
56
3159
575
MMMXIX
MMMCCCXCIV
1545
MMCDXCV
MMMCLII
MMMDCCLXII
3822
MMMCDLXXXVI
1709
MMCMLXXII
MDCCCLXXVI
DLVIII
2232
MDCCXXII
2000
2456
MCLII
MCCCIX
CCCLXXVII
MMDCCLVIII
DCCCXCII
2731
1562
MMMDCCCLXXXVI
3672
2357
MDCXLIV
MCVI
MCDLXVI
MMMCCCXCV
3856
MML
2465
3
DCXLII
DCCCIII
MMMCCXCIII
DCXCI
MCDXXVII
MCXXXVIII
MMCCCLIX
1870
3843
1286
1834
MDCCLXI
2332
3298
2265
3591
2135
44
1624
1067
663
15
MMMDCCCLIX
MMDLXVIII
MXXIX
MCMV
2606
2550
MMMCMXVI
DXCVI
2441
DII
DCCCLXXVI
69
1040
MMDCCCXXVIII
MCCCII
CCLXXXI
2552
46
MMMDCCCXXXIX
3855
1783
MCLXXVII
MDCCLXXIV
2363
MDCCLXXII
MCCLXXXV
620
3086
3238
452
MMMCDIII
MMMLXX
MMCDLVI
CCXXV
599
2780
MMMLXII
3189
2317
2717
MMMDXLIII
MMDXCV
692
1006
DLXXX
MMMCCCXV
MDCCCLXXXIV
3309
MCCXXVIII
1587
318
MCXXVII
1051
MMMDLVII
2264
MMMDXCVI
1947
MMCCXXXIX
2583
MMMCDXCVIII
DCLXXXIV
MDCCXXX
244
3104
MDCCXXIII
2126
MMMCLX
969
1052
1813
2825
MMCCXLV
MMMDXLVIII
MDLXI
374
3539
771
3397
MCCCXXXVI
3753
2785
MMDCCCLVIII
2148
CMLXXV
MCCCLXV
MMCDLIII
2086
DCLXXXI
3539
DCCCIV
1265
CXLVIII
2662
MCCCLXV
MMCCCLXXII
CDXLIII
MCMXCVI
MMMCDXLVIII
3646
MMCCCLXXXIII
CCXLVI
2276
381
371
1290
1089
LXXXIX
3277
1652
MCCCXLIX
MMMCCLXXIII
MXXXI
MDCCXII
3584
2356
202
2362
3208
2079
735
2645
2892
MMCMVI
1709
MMMDCLXX
290
2846
MMDCCCLXIV
683
MMIII
CCXXX
3385
CDXXXII
MMDCXXXIV
935
3686
1409
MXXVII
1473
574
DCCLII
2786
MMMDCCCXXII
918
MMXXXI
MMMCCCXLVI
MMDCCLXXXV
MMCCCLXI
1492
MMMDCCCXXXIII
DCCCLVI
220
3610
2696
MMDCLXXIII
MMCDXXII
3670
1716
1095
3074
3924
1202
859
MDCCLXXXVI
3339
MMDXXV
MMMCCCLXXIII
1709
1948
DLIX
MMCDIV
MMDCCLXXXVII
3471
3269
2863
ML
780
520
235
MMDCXII
MDCCLXXIII
CDXCV
MDCCLXXXIX
3436
MMCXII
2134
DCCLVII
MMMCCXCVI
DCCLXXXVIII
MCDXCIII
2236
3364
MMCDLXXIII
2152
2787
148
3332
III
1555
CCLXXXV
DXXXVII
DCIV
MDCCLXXXV
MMCCXXXIX
1476
MMMDCCCLXXXV
284
MMDCCCXLVI
MMMCCXLVIII
MCDI
2777
302
MCCCXCVIII
CCXXXV
MMCCV
3490
1688
MMMCCCLXVIII
MMMDCC
1992
1704
2336
DCCCLXXII
3957
MMMCMXXXI
CII
MCXCI
MMMCMXXXII
943
1187
MMDCCXVI
2590
DCLXXVIII
1359
1278
MCMV
521
506
1814
CMXCVIII
891
3605
1439
3428
1084
2048
1838
279
MDCCCLXXXVI
3708
MMDCCCXCIX
893
2426
MMMCCCXXVII
1311
2301
32
MCCCVIII
XXXVII
MCXI
MMMDCCXXVIII
1578
873
3898
MMCDXIV
1431
3576
MMCCXLII
2211
MMMDCCXLIX
1752
500
1464
MMCCLXX
CMLXVIII
DCLXXXI
2073
MCCXIII
3015
2933
MMLXXI
MCCXVII
MMCDVII
MMMCDXXIV
MMMDLXIII
1877
DLXXI
MMMCDLXVIII
MMMCCCLXX
1715
536
MCCCLXXXVIII
101
MMMDCCXII
678
MMMXCVII
DCXV
2788
MDCLXI
3640
2747
10
1484
MDV
MDCLXXXV
106
1280
MMMDCIX
3540
3388
MMMCCCXVI
2808
635
1222
MMDXXIII
MMMCMLXXXIX
274
1672
MCLX
3411
MMDLVIII
2309
DXCV
MMMCMXCVI
2459
MMMCDXXIII
MXLV
MMMCIV
MMMCCCLXXI
3931
2126
2989
MMCLXIX
1895
DCCCIX
MMDXL
2700
MMMDCCCXXXIV
681
2295
1840
2748
MMCDXXX
3359
2335
3988
LXXV
MMCCXXV
MMCCCLXXXIX
MMCIV
MMMDCCCLXIV
MM
31
MDCLXXXI
3013
1812
2438
CMLXXX
MDCCCXX
2387
3518
MMMCMXXIV
3081
MMMCXXVI
MMMLV
MDXXXVII
MMMCLIX
1653
2983
2861
932
MMMIV
3617
2081
MMMDCCLX
2042
1074
2545
3786
3058
MCDLXIV
MMMDLI
3729
MMMCCCLXXII
MMDCIX
3648
MMDCCIII
696
652
MMMCDXXII
1666
DCCCXXIII
CCCLXXXIX
790
1918
MMDCCCLVII
MMMDCCXVI
1727
CLXVIII
MCCXCV
1387
1047
MMMVIII
2675
CCIII
3119
2245
CMV
MXXXIII
MMMDCCCLVIII
3655
DLVIII
MMDCCCI
MMDCCXCV
3674
MCXC
792
2788
1602
MMCMLI
DCCLXXIX
MXLIX
DLXIV
MMMXVII
2112
MCMLXVII
MMDCCCXLI
MMCCXV
CCLV
3395
504
MMMDCXX
MDCXXVI
MMDCLXXX
2023
2867
2364
1984
2413
MMMCCCLXXXII
3415
846
2853
MDXXX
392
2557
576
1784
MMMDCXXXIV
1330
MDIV
MMMCLVII
2303
148
DXXIV
MDCXXIX
295
2352
MMMDLXXXVIII
MMMCMXLVI
1289
1392
MMMDCCLXXXVII
1587
MMMDCCCXVII
2239
MDXXV
2132
MMCXCV
888
MMCMLIX
806
3681
3122
MXXI
DLIII
2716
MDCCVIII
MMDCCLXXXII
3090
1986
CXXXIX
CDXX
1201
924
3270
MMDLXXXVII
CDLXXXVII
MMMCXXXVI
MDCLXVII
101
1216
3606
MCXIV
1801
3380
1978
MMCXXXIV
1112
DCCCXLVI
2811
MMCMXCIII
3224
1087
2698
1600
DCXXXIX
3981
MMC
3216
1134
2912
271
MMDLXXXIX
MMXXXVI
MMXLI
MMCDLXI
2421
MCCLXXVII
2787
3237
546
1609
MMMLXXXI
MMCLXVIII
MMMCDXXXIII
MMMDXXXV
MMMCCVIII
3837
DCCXVI
3737
482
1309
93
DXLIX
1517
MMMCLVIII
363
2233
2537
1062
3449
DXXXVII
1495
MMMCCCXXXVI
MMMDCCXXVII
MMCLXXXI
3591
DXXXVI
15
371
MMDCCXIV
MLXII
MCXVIII
CCCXXXVI
542
MCMVI
MDLXXI
1751
3793
MMDXCV
2813
3551
MMMDCCCLXXXI
2107
MMMVIII
MMDLXVII
3613
MCCCLXV
3799
2120
MMCCXCVI
10
2656
2486
DIII
CCCLVIII
MCCCLVI
1355
3068
231
CMXLV
3949
MMMDCCCLX
3382
3889
CDXVI
MCCCLVII
MMMCCLXXXV
2087
DCCCLXXXIII
MMMDCCCXXXIII
MDCCXIV
MDLXXXII
2417
90
3008
3298
1225
MMMCCCXV
3408
MMMDLXXXVIII
1578
955
1870
3686
2368
3428
CDLII
1703
MMDCCX
3942
MMDCCXLI
MMDCLXXII
1001
MDLXXV
MDCXCV
3662
MMMDCLIX
MMCCCLXXXII
MMMLXVII
1727
MMDCLXXXVIII
1723
225
528
201
1284
MCCVII
MMMCMLXX
MMDCCXLIII
CMLXXXV
CCCXI
MMMXVII
2665
MMMCCCXVI
CMIX
MMMDXXVII
2342
1352
MMCMXXIV
CML
3324
1708
MMDCCCXLV
2462
CMXCIV
MMCCCXVII
1751
MMCCXIII
DCLVIII
MMMDCCCXLV
1473
214
213
1156
2152
2854
MMMCDXIV
MMCDXIII
3501
2899
DCCXXXII
MCMXLVI
DCCCXXVIII
3019
CLXXXVIII
3802
DLXXVII
MDCCXXXVI
MMMCMXXI
MMMCDLXXV
MMMCMX
MMCCC
2336
MMMCCLXII
LXIX
1526
MMDCCLXXXV
1500
2090
MMCDXXVIII
MMCCLXXXVIII
1864
3571
1972
MMMCCCXXIX
680
425
1830
3762
MDCLIII
589
2733
MDCX
MMDCLXXVIII
3537
MMMDLXX
MMMCMXLIX
DCCXIX
288
1163
CMVIII
MMMCDLXXXVIII
MCV
3633
MMCMXLI
MMMDCCCLXIII
1434
2549
1255
MMCX
MMDCCXCVII
2004
MMMDCC
DCCCXXV
3208
DCCCXX
1672
3242
307
MMMDXLII
MCDXIX
MMMDLVII
MMMCCLXXVII
CCXLVIII
CCCXXVI
MMCCXXXII
CCCXCI
1414
1195
2226
1862
266
MMDCXCVI
3869
1202
CCLXXXI
1875
52
MMMDCCXII
MDLXXVII
CDXXXIV
MDCXIX
MCXC
2983
2384
1579
MDLXXVI
MDLI
3225
MMDCCXLI
MMCDLXXII
MMMIII
MMMDXXX
MMMDCCCLXXXV
365
3065
3833
1376
216
MMMDCCCXCIX
MMCXXXIII
1494
IX
884
2632
MMI
MCCCLXXXVIII
MDXLII
MMDCCCLXII
CCCXVII
MLXXIX
3316
MMCDXLVII
MLXIV
2650
MMDCCCLXXVII
MDCCLXIV
112
3327
2344
MMDCCCXL
MMDCCCXCIV
MMDXCIII
3679
3606
MMDIX
536
1762
MDCCCLIII
CCXXI
2602
MDCCIII
3810
782
1986
MMMCMXL
CXXVI
920
MDCCC
CDXCVIII
3236
CCCLVIII
MMDXXXV
296
MCMII
715
MMCCCLXXXV
35
MMCDLXXVI
MCCLXIX
2359
430
MMDCCXCIV
1696
1476
2489
3588
1635
2754
162
3727
471
DLXV
3740
CMXLII
MMMCCCLII
2107
MDL
1223
CCCVI
MMMCMLX
DXXVII
MV
3862
3245
MMCCXI
MXCIX
555
MMMDCLXVI
845
MMMDCCCLVIII
MCMLXXIII
MMMCCVII
MCCCXCVI
3726
MMDCLXV
3210
3709
1521
CMXXIX
MCDXCVI
MMMCXCV
2050
MMDCCLXXIX
DCCXLVIII
MLV
2910
MMMDCXCIX
MDCCXX
1021
DII
MMCCVII
DCXLIII
3241
991
701
3990
2921
MMMCDLXVII
197
3860
MMMDCCCLXXIX
CDLXXIV
3759
2359
MMCMLXXIX
MMDC
MMMCDXLIII
MMCXIX
2994
2471
3803
DCCXCIII
1902
MMDCCCXXXVI
MCMLXVII
MMMDCXV
MMCCCXLI
11
MCCCLII
CMXXXIII
1656
3215
3129
MCXVI
780
DXC
MCCXIX
MMMXIV
1988
1721
MMMCCXIII
1829
MMCDLI
MMDCCCXIII
DCCLXXIV
2277
702
MDCLXXIII
1168
MMMCXXIV
3911
3004
550
1023
MMMDLIX
3181
931
MMCXXX
3703
2611
MDCCXCVIII
MMCCIV
MMMCDLV
1931
720
MMMCCCIX
3251
430
DCCXCIII
246
2849
MCLXIV
750
3462
2467
MCCXVII
172
CDXXV
MMDCLXXVIII
2192
2262
MMMDXLVI
MDXCIII
1427
1465
MCCCLXVIII
2186
CCCXXII
2125
MMCMLXX
1915
MMMDCCXCIII
CMXLII
MDCCXI
CDLXXXVI
MMCIII
MMMLXXXIX
371
DLX
MMMDXCIV
LVI
MCMXXVIII
MCCCLXXXVII
MDCCCXIX
MCMLXXI
MMMDCLXXXVII
MCCCI
2124
3034
CMXIII
1722
CMLXXXI
2174
3641
MMMDXXXIII
DCCLXIX
1195
487
MMDL
MMMDC
I
MMDCCCLXV
2767
2587
MMCCIII
XXXV
DLXX
1536
MMDVI
MLXXII
346
MMCXIX
1056
2544
2034
MMMDCLXXVIII
MMLIX
DLXXIX
1816
MMMDLXXXIX
2138
MMMLX
1423
MCCCXXXVI
MDCCLXXVII
MCDXLIV
CXCII
DXVIII
CCXCVI
582
1005
1338
MMCLVIII
MCCCLXXXVI
2010
MCXCI
3348
2194
MCMLXVII
MMCCXLIX
1366
1471
3834
MMCDXXXV
2373
MMCLXIV
3664
2433
2770
1339
MCCXLIII
MMCCLXXXIV
MDXLV
3485
MDCLXIII
762
3755
542
CMXIV
1398
775
127
3622
MMMDCI
1060
DCCCL
CCLXXIX
MMMCDXXI
2630
3182
MMCCLXX
CMLXX
MMDCCCXLIX
842
MMMCDXC
889
1285
MMMCCCLIX
MMDCXXVIII
1060
1771
MMMCMXXXIV
2854
744
3665
167
MMMDXXXV
MMLXV
1472
MCLXVII
3637
DXXXII
573
MMCMLXV
MMMLXVI
434
632
MCXXVIII
1549
MCCXXII
MMCXXV
1553
MMDCXXXV
242
2523
3048
MMMCXL
3634
2816
807
MMMDCLIV
2112
195
2309
919
MMMCDXIII
MMDCCXCIII
MMCMXCIII
2292
1699
MCLXXIII
692
XLV
MCCLXXVII
MMCXXXV
MCMXXXII
MMDCCXIII
MMLX
1546
3321
986
3752
2509
1668
746
DCCLXXVI
MDCCCXXXII
1885
MMMDCCXVIII
MCCCXXXIV
MMM
2045
3026
MMDLXXV
1274
MMMCDXXIV
CCC
300
797
MMMCCLXXXII
MMMXLVI
MMMCMXCVI
MMMCCXCVI
820
2342
3692
2704
MMMCDXLVIII
DCCCXXXIX
DCLXXV
849
MMMCCCLXIV
MMMCXXVI
200
2178
MMMCLXXII
MMMDXCI
MDCCXXII
2375
3119
2893
MDCCCXXXV
3226
CMI
MMLXXI
2103
776
MMDCCXXIV
DCVII
MMMDCXXIII
MMMDXLII
MVIII
3281
MDLXXVI
MMDCCCLXIII
MMMXLII
MDCCXCII
2179
DCLXXIV
3933
MMMCXIV
MMCXXXV
MDCCLI
3449
MMDXXXIX
526
CCCXXI
3971
DCLVI
MLXXXI
861
1116
CMXCVI
MCLXXVIII
1021
MCCLXXVI
MMMCCXIX
1530
1913
MMMDCCCXLIII
MMMCVI
MMCLXXXVIII
1711
1295
1387
3191
MMMDCCCXLI
1033
CXXII
1940
MMDCCCLXXII
CMXII
247
MMCDLV
1608
MDCXC
MMDCXLVII
1428
1023
1663
MMMCCCVII
395
MMCCCLXVII
2970
DCCXCII
3547
2172
CDLXVI
MMMDCVI
2035
MMMDXXXIX
2384
MMMCCLXV
3413
XLVII
1115
MMDCCVII
3652
DCCCXCIV
3653
MMMDLXXII
424
3222
3734
MMMDXXXI
MCDLVII
MCCCI
3995
DCCCXLVII
DCCCXII
CDLXXXIX
2434
3536
3067
94
276
CXXXVIII
64
CMLIII
MCDXCIV
LII
CMLXXXV
DCLXXIV
MMMDLXXI
650
3366
747
MDCXLVII
2486
DCCCLIX
MMMDCLXXIII
1026
MDCCCXXIX
2423
244
MDCCXXXIII
XLIX
DCCCXCII
663
2592
DCXLVI
169
1205
DLXXI
MMDCCLXXIII
MMMDCCCLXXX
1746
MMMDCCXLII
MMMXXVIII
MMMDCCCLXXXVII
MCDXLVII
475
1448
64
1277
MXLVII
709
3292
MMMVI
DCXCIV
DCCLXXIV
2198
MCXC
91
MCCXXII
CXV
MDXLV
359
MMCMIX
CXCVIII
CCCXII
CCCLVI
MMCDLXXIV
2974
1193
MMMDII
MMDCCCLX
2624
1679
MXXXVIII
MCCXXXI
3926
587
MMCXIII
MMCCXVII
MCV
3854
MMDCLXXXIX
642
63
857
MMCCCXXXIII
3230
MMDXVII
3283
774
1168
MMMCCCLXXIX
2014
2576
MDCCCXLI
216
MDXCIII
MMMCCXXXVII
DCCLVIII
MMDCCXXXIV
DXIV
1946
MCXXXVII
2964
CCLXIX
MMMDCLXXXIX
2622
MCLII
3386
1133
MMCCXLVIII
MDCCLXXV
MDCCVI
MMCCXXXI
383
3020
2268
MDCCXVI
CCCX
MDXXIV
DC
MMMDCCCLXXXI
1224
3447
2328
917
MMDCCCXLIV
3417
MDCCCXXX
DLXXVIII
1788
DCCXXIX
XII
1640
CDXXXVI
306
DLI
MMMDCCCXXXI
2539
336
MMCCCLXXIII
DCLXXVIII
3885
2730
MCXCI
MMMDCCVII
MMMDCLXXXIII
2153
1251
MDCCCXXXII
1876
1419
3309
MMCDLXXXIV
MDCXXX
MMMCMXXXIII
CLXXXIX
1794
MCCCLV
MMMDCXXXVII
3682
3407
547
MDCCLI
MMCDLXI
MCXLIV
CMXVII
MCCC
CDXLVIII
41
12
DCLXV
2893
CD
MMMDCCLVI
1832
MMCMXVII
1449
MMDCCCLVIII
467
MMCDXXVI
CLXXXVII
1305
CCCLXXIII
MMCLXI
2100
3404
1516
3224
3148
MMDCCLXXXVI
753
1593
1839
2747
MMMCDXLIV
211
2749
MMMCXXVI
63
441
MCMXLI
MMMXXX
CLXXXI
619
1226
MMMDCCCLII
1634
MMCCVII
C
CDXLV
MMMDCCL
MMMDCVIII
MMCDLXII
2311
MMMDXLIV
MMCXCV
MIV
MMMCCXXV
MMDCCLXXXIII
CMXLI
MMDCXXXIX
2826
1076
MMMCXXXVI
2046
3576
MMMCCXXXVI
DCCCLIV
MMMCCLVIII
1568
MMCMXXXVIII
2186
MMDLXXIV
MLII
2463
503
MMMCCXXIV
2779
MXXXVI
MMMCCIII
MMDCCXXXIX
2771
3972
DCLXX
MMDLXVII
355
MMCCCXXXII
2518
2817
MDCCXVII
CMXXVIII
MMLXXXVIII
MMDCXII
MMDCCIX
MMMCCXCI
1295
CMLXXVII
XCIX
XCVIII
CCLXXVII
1781
MMMDXLIV
1249
DLIX
2744
MCCVII
MMMDCXCII
MMCCXCIV
MDCV
CMV
MMLXIII
110
MCCCLXIV
MMDCCIX
DCCCLXXII
1102
MMMDCCXXVII
DCCCII
DCLXXV
3222
MMXXI
MMCCCIV
946
MCDXXIII
1686
3752
MMDCCXXVI
MMDCCLXXII
2110
903
2347
1935
3256
MMMCCCXV
600
3291
1180
MMCCCV
807
176
3796
MLVIII
MMMDCLXXI
712
DCCCXXXIV
3629
MMDCCCIX
1721
1790
MMDCCXVI
MMCMXXXII
MDCV
3069
MMCDVII
522
CCCLXXIII
997
2396
DCCCXXVIII
CCXCI
MCXXXIX
426
CDXLVI
CCCLXIX
MMCMLXXXIII
590
MMCCCXCVII
MMDCCLX
MMMCCLVIII
XXIV
MDCCCLXII
MMCIV
DCCXI
CCLV
MMDCCXXXIII
1993
895
MMMDLXIX
1629
2034
1029
DCXLV
2292
MMDCCLVI
421
MMCDLXXIX
1871
MMMCXC
MMXXIII
MMCLXI
MMMDCCCXCIII
2309
MMMDCCLXXI
MMCCLII
268
1958
CCXXXIV
2613
187
MMDLXXXV
MMMDCCCXXV
3076
313
1327
1800
MMCCCXVI
2269
3053
1460
MMCVII
MDX
MCCCXLVII
LXXX
638
MMCMXXIX
CCLXXXVI
1317
MMMCCLXIX
2674
1415
188
MMDCCLXXIX
MXCII
1752
MMMCCCXII
1942
2586
MMMCXVIII
3101
DCLXXXV
MMMDCCCLXXVIII
2768
MMDCCCVIII
448
CCLXXIII
2968
MMCMXCI
MMCCXVII
3397
MCDLXXXV
MMMXLV
2452
3888
781
MMMDCLVI
1186
MMCCCXCIX
MMCMXIV
CCLXXVII
XIII
3386
CXVII
MMCCCXXV
MCXXXI
MMMDVI
1438
2360
MMMCCCLXVIII
2487
CDXXII
3576
190
1107
2015
MDCCCLVI
MMMCML
1090
2386
1492
1186
1327
3768
MMMDCCLI
13
MMMDCCCXLI
2445
1374
1861
3888
MMDCCXXVIII
3273
2130
598
2366
MMCXXIV
1345
2595
MMLVII
3551
DCCCXIV
MDCCXC
MMLXXXI
2528
MDCLXI
CDXXXVII
DCXVI
CXCIV
2948
MMMDXXXIII
MMMDCLXXXVI
MMMDCCCXLIV
3233
1788
1888
MCCII
CLXII
1056
MMMCDXXVIII
3858
MMCLIX
1190
40
340
CCCXLV
2406
CMXCVIII
MMMDCCCLXXXIX
3032
MDCLXX
732
811
MMMCMVIII
3128
MMCCXXII
MCCLXXXI
MMMDCXCVIII
DCXXXIII
2027
1883
DCCXXXV
1210
3783
294
MMDCCIII
MMMCMIX
MMCMXLVII
MIII
537
MDCCXXXVI
MMMCLXXXVII
1487
MMMCXXXIX
2725
LXXXIII
3724
MMMXXXIV
DXXXVIII
DXXXIV
2590
3204
CMLXXVII
MCCLXV
MMMDCCCXXXI
1059
1271
MCLXXVIII
2765
MMDXXXVII
MCCCLXXVII
2966
DCCX
2930
2306
MCCXXXVI
MMDCCCXXXV
MDCCXXVI
2887
3917
1523
MMMDCLXXVI
MMCMXCVII
1606
3684
869
MMLXV
CMLXII
CCCXLIII
DXCII
MMCCCVII
649
MMXCIX
MDCCLI
1309
MMMCCCLXXXIV
1060
1602
2303
2559
778
MMMCCXLI
183
MMDCCXIX
MMMDLVI
MMXXII
MCCIX
MMMDCCCXXVIII
2493
2978
CDLVI
MDXXI
MDCCCLXIX
CCCXCVIII
MMMCMV
3505
1276
MDCCXLI
DVIII
1405
MMMCMXXXI
3992
271
1852
MCLVIII
MMCIII
728
MMDXCIX
2355
1706
1857
CDLXXVI
MMDCCXIX
CDLXXV
2979
MDXC
2434
2153
MCDLIX
3449
554
DCIII
MMMCDLXXXI
73
1802
MXCV
DCLXIX
2371
2264
2078
MMDCXIII
CCXCII
MMCDX
MMMDCCCLXXV
708
MMMCCXXXVIII
MMXXIII
87
2317
CLVI
MMMCMLXXXIV
MXLVI
CCCXXVIII
MMDCCXLVII
390
MCDLXXVII
MCLXXVI
366
MMMCXXIX
1811
304
MCMLXXI
MMMCDXX
3050
MDCCCX
3792
MMMDXLVII
MDLXX
CX
2373
1181
DCCCXXXV
MMDCXC
1322
MMDCCLXXXV
898
1495
1710
CCCLXII
2551
3425
3693
668
1283
MCDLX
2519
MDCLXXVI
MMMCCCXXII
MMDCCLXXXII
CCCXVII
DCCXLVII
1237
1150
2633
1088
1954
282
MCIII
MMCCXXXI
CCLII
505
MMMCCLXXXVII
1704
2053
CXLIV
318
3206
1901
3666
MMDXLVIII
CLXVI
1475
2090
MMMDCCCLIX
MMMDCCXXIX
MMXV
MMDXLI
MMDCCLXXXVIII
MMLXXVI
MDCCXXVI
MMMCMXLVI
422
MCLVI
CCXXIV
2128
MMDCCCLXIX
MMMDXX
2098
DCLXIV
2178
2777
1989
MMMCCLXXIII
MMMDCCXCIX
3263
MMMCCLXXVII
3582
DCCXLI
2781
MMMDCCCVII
1154
3123
MMMDCXCVIII
MMMDCLXXVI
MMMCXXIII
MMMCCLXXX
1367
1532
MMLXXVII
1655
1354
MMMIV
MMDCCCLXXVII
2327
MXV
1714
3057
MDCLXXXVII
2533
MXXVIII
2820
3311
2609
2093
3708
MMMCMLVII
MCCCXLVIII
2871
MCXLIV
1599
3600
519
2780
3664
MDXCIII
3865
MMMXVII
MMDXLIII
DCXIV
MMMCCXCVIII
2466
3766
1648
76
MMMCMLXVIII
1582
2995
1028
CMXXI
MCCCXCIV
2973
MMMCCLXXXI
384
CCCXCII
CMLXIV
2523
350
MMMCCCXXXIV
2674
1032
3653
265
CDXXXIX
1557
3030
3598
MMDCCCLIX
2457
3318
CCLXXXIV
MCCLIV
DXXIV
MMCMLXXX
3917
2287
3917
MMCMXLV
617
MMMDCCCX
3599
MMCCCXCVI
MDCCLXXXV
CMXCII
1609
MMMCMXCVII
CCLVIII
1975
1408
2090
176
MMCDXXVI
MMCCCVIII
1150
MMMCCLXXVI
606
DCCXXVII
MCLXXX
911
1487
MCDXLIX
DCLXI
2816
MMMDCCCLIX
MMMCMLXXIII
MMCI
3032
MDCXXXI
265
MMLXIV
143
MMCXCIV
1790
MMMDCCXLVI
MMMCCCLXXIII
3355
MCLXV
285
745
322
173
MMMCDLXXXIX
3374
3468
MMMCCCXLII
MMMDCCLI
MDCCCLXXXVII
402
DXX
MCCXCIX
3273
1231
2733
MMDXLIII
1022
MMMCMLXV
3266
1612
2940
MMMCCCLII
3351
3461
MMMDCCCLII
LXXXIV
885
MVII
XXXIII
3093
45
575
MMCLXXIII
3496
2630
MMMDCLXXXIV
MDLXIV
MMIII
1220
1026
1231
MMMDCCCLXXVII
2862
CCLXXIV
1270
DCC
1717
1022
2850
881
3573
161
CMXII
MCLXXXIII
1784
3552
MMMDCCCXXI
876
473
MMMCMLXX
368
3334
MMDCCCXXX
3138
2688
MMCDVII
1265
MCDLXXIX
657
DCCXCII
3311
MMDCCCLXVII
3737
MCCXII
MDCCCLXXIII
CCXIX
1398
1100
2296
1592
1521
945
1128
MMMCMXLVI
3470
496
170
MMDCLXIX
MXIII
MMMCDXCIX
3367
MMMDCCCXXIX
MCLXXXV
1768
1022
1039
CCCXCIX
MCDLXXVI
1016
MMMDCCCXII
509
MMMDX
MMMCCXLVI
MMMCDXCVII
MDCXCIV
3026
3714
3970
758
DCCXLII
2573
1972
3255
387
MMCMXLIV
CDXLV
1934
D
2194
2833
3372
2855
MLI
2534
2477
1194
1372
2840
MMMCDXXVII
MCCCXCIII
MMCXX
CDXLV
MMCCLXXXIV
1642
MMMDCCXCIX
MMCCL
VII
MMCCLXXIII
3561
667
1438
MMMDCCXLVIII
MDXLVII
1612
LXXXIII
MMMCCXLI
MMCCCLI
CI
2897
CMLVII
111
MMMDCCLXXXVIII
MMMXL
MMMDCLXXXII
MMMCCLXXI
3047
3525
DCLV
2840
3269
806
MMCXCIX
LXXIII
CXLII
MDCCCXLII
MDCXIX
1993
MMMDCCCLI
921
MMMCCCXLIII
MDCXL
669
164
MDXLVII
829
MMCMXXVIII
1501
1032
1653
MMMCXC
2800
MMMDV
1976
2958
MCCCXXX
585
MMX
XLIX
MMMDLXXIII
MDCCLXV
1471
MDCCLV
MCDXXIII
990
MMCCCXXXVI
3441
2013
MXCIV
XII
2101
MMMCDLXIII
3388
3971
MMCLXXXVI
MMDCCCXX
MDCL
DII
3002
3497
733
MMMCDLXXXVI
CLXXXIV
MMMXX
2031
2579
MMXLII
592
3258
2485
MMLXXXIII
MMMDCCXXXIV
2478
CCCXXXVIII
MMMCCCXLIV
MDCXI
MMMDCLVIII
MMMDCCCLXXXIII
MMMDCLXXXII
MMDLXXXIV
CDLXII
CLXXX
3524
2809
1564
DCCCXXIV
MMMDCCCVIII
MDXCV
2338
2951
MDCCCLXX
MMMDCXL
MCXXIV
1246
1347
558
MMCXCIV
MDCCLIII
CDXXIX
2907
253
MMCMLXXXI
2892
1938
MMDXCII
MCLVIII
875
1882
2610
MMCCCLXX
MDLXIII
MDLXVIII
1620
297
748
MMMXIV
MMMCCXLVIII
MCDXX
3956
1856
844
MMMCDXXV
MMMDCXV
DXCVII
MMMCLXXXVI
CDXXXIII
3162
MMCCCXIV
3999
MMMCDLXXX
2793
2087
2404
MMDLVII
1304
MDLXXIX
880
2690
3212
DCCXVI
3060
2194
2819
MMMDXI
3073
125
3867
1429
3599
437
1212
MMMDCCCXXI
MMMCLXVIII
3312
1781
1803
MMXXV
MDCCCXXXIX
CMIV
MDCIV
3072
MMCMLXXII
58
MCDLXXVII
MMXLVI
MMMCCCXCII
MCCCXXIV
3864
MMMCCCIV
MCXX
1967
2383
MDCIV
2423
CDXXXI
1891
MMMCCLXVI
CXXIX
1872
1963
CLXVI
MCMXLVII
3413
MMCC
MCVI
MMCDI
MMMDCCLX
2149
1240
MCDXCV
XXVI
1271
MMMLXVI
916
1782
495
MXXIX
432
3482
MVII
99
MCCXXXIX
422
MMDCXIV
MMMDLXXXIV
MMMCMXXII
MDCLIV
3289
1815
3640
CCX
MDLXXIX
MCMXCIII
1835
MMMCCCX
1753
MDXLV
3518
1050
178
3189
3519
CIV
MXXXVI
MCDLXXV
MMCCXLI
MMMCCL
MMMCMXLVIII
815
MMDVIII
2392
MMCCCXXVIII
2224
2585
MDCCCXXI
MMCCCXXXII
MCDLXIV
MMMCMLXXXII
895
1468
272
3359
717
MMMXCV
2247
1046
MMMDCCXXIX
1389
2878
962
CDXXII
1815
1281
MCLXII
588
MMLXXXVIII
MCLIV
MMMDCLXXXVIII
2527
3147
DCCLXXXIX
2507
2306
2835
MCMLVI
3672
MMMCLXVI
MMMCMXXVI
MMDCCXCV
839
DCCCXCV
1106
2140
MXXXIX
DLV
MMCL
1034
MDXLI
3070
MMDCCXCIII
1563
28
MMMCMXVI
MMMDXIV
MMDCLI
MMMDCCXVI
3963
86
3691
MMCCCXVI
2646
LXXV
MDLIX
MCCXXXII
2114
3025
2878
MMDLXXVI
1631
DCLIV
558
850
2068
2171
DCCLXXVI
2128
1553
3902
CDLXXVII
MMMDCXLVI
1732
MMDCIII
2260
1204
1576
CV
DCCLXXXIX
MCCLXVI
951
MMMDCCXXXII
1091
2263
2330
XCIII
MDXCV
XXI
574
MMMCCVIII
2658
3042
967
1789
2139
393
640
MMMDLXXXV
2938
MCCCLVI
DCCLXXVI
3161
MMDCCLXXXIII
1173
3842
3812
LXXVIII
DCXCIX
3608
885
XXXVII
94
493
1616
DCCCLIII
3604
MMMCDXXII
3365
3439
MMCCCLXXIX
MDCCCXXXII
X
DCXV
983
1669
2874
MMMDCCCLVI
MMLXXX
2718
3899
2426
2100
CCCXXIX
MDCLIII
190
MMCXCVI
MCXIII
2844
MLXXXIV
MMMDCCXXIX
MCMXXVII
MMMCDLXXXII
MMDCXXXV
MMMLXXI
570
MCMXXX
2246
3695
2528
1876
2448
1059
1790
1491
CDLX
MMCMLIX
1816
1
1605
125
MMCLXX
MDCIX
MMMDXLV
MDCXC
3649
MCLXXVIII
2731
3179
MMDXXXIV
MMMXCIV
3231
MMCCCV
2599
MCDLXXVII
3490
3820
1402
816
3149
3046
MDCXCVI
MMDCLIX
MMMDCLXXXI
MCDXXXVII
MDCXLI
CXXII
3065
MDXC
2504
2762
MMCCLXII
CCCXLI
3523
3452
MMCCCLXIX
3369
MMMCMLXXVIII
MMVIII
3447
703
MCCCLXXXII
887
3331
2436
967
115
MMMCDXLVI
MMMCXXXIII
DCCCLIV
CXCI
MMMDCLXXIII
LXXVIII
177
CXXXI
DXXXIX
148
3355
2743
2071
2758
2727
MMMDCCCXXXIX
2739
1025
MMMXVII
CMXIV
CCL
3448
3126
3950
MCIV
MMMCXXXIX
2200
532
MMMDXLV
2201
MMMCXLIX
MDXVI
MMMCCV
MCDVI
MMMXCIX
598
3049
DXXXV
3741
2240
MXLIX
2397
3502
794
MXXXIII
MCCCXV
3292
677
226
MDCXCIII
121
MMDCCCXII
2153
1348
1076
2651
CMXVII
CDXI
3320
MCDXXXIV
MMMXLI
MMDCCCI
488
MMCCLXXXVII
MMMCDXL
MDCCXVIII
MCDXVII
2449
MCCCXXII
MMXIV
MCLXI
DCCIV
DCCCLXVII
1748
MMCMLXIII
2475
1910
928
CCCXLV
DCCXIII
2262
405
3408
MDCCXI
MMDXV
3435
2263
2904
3362
MMDCCXLVI
2223
MMMDCCCXLI
MDLVI
2902
2055
CDXIV
MXXII
CMXIII
282
MMDCCXLVII
MMMDCCLXX
1696
MCCLXIV
MMMDCLXIV
2374
1073
2888
CI
3512
622
3383
MMMDCXCIX
3028
MMMDCLV
MCMXC
835
2672
261
MMDCCXCVIII
2415
1281
MMLXVII
MMCCCX
DCCCI
2126
628
299
CCV
522
955
XLVI
MMCMXXXV
3911
DCCXCIV
3513
1818
MMDCCCXLVII
MDCXCV
MDCLIX
2325
2
MMMDCCL
2665
3856
1893
2884
1609
MMMDCCLXVI
MMCDXVI
MMMDCCCXXXVI
207
10
3195
DLXXIX
MXXII
1081
1724
2496
2076
CXXXVIII
3811
3501
MMMCMLXXIX
1773
486
2086
272
MMDCCXXXIX
1906
MCMXCVIII
DXLVIII
3013
CXLIII
479
MDCCCI
518
XL
930
3718
MLXIII
MMMDCCLXXXI
1543
169
3312
MMMDCXLV
2232
MMMDCLVI
2523
MMDCCXXVI
MMMCCLXXXII
1734
1626
1338
523
3452
CDXCV
MCDXXXV
MDCCXVII
DCXXIII
MMCDXXV
3901
3118
CMLXIX
3203
70
MCDLXXV
MDCLXIV
CCIX
CMLXI
3266
MDCXXXV
659
2303
MCDLXXIX
1484
MDXCIII
3779
1100
MMDCCLXXXVII
114
1585
2751
1958
MMMCMLXXVII
2522
CDXXIII
MMMCDXCIV
1340
MMCDXV
3233
XLII
MMCDXXX
MMDCCCXIII
2377
CCIV
MMCXXIX
MMDXCVIII
MXIV
1158
MMMCMLXXVIII
1902
3580
33
MMCDXLVII
3249
199
MMCMLXXX
1726
3546
MMXXIX
MDCCLXXXV
DCCCXL
950
MCCLXVI
MCCLXXXI
MMMDCCLI
MMMDCCCLXXXVI
96
MMMCCLXXV
2921
MMDCCCXXX
1041
MCCCLXXII
MDCCLIII
MDCCXCII
497
LIII
3820
461
MMXIII
MMCCCLXVII
1114
2836
1624
503
MMDCXVII
CCCXX
2081
CCXI
DCCXLVI
MMMDCCCLXXV
2015
MMMCDLXXXIX
737
141
393
673
CCCLXVII
1294
1112
DCCXLVI
MDCCLIV
MDCCCXVII
3755
2328
2654
2191
CCLXXXV
2032
MMMDCCCXCIII
MMDVII
3784
CCLXXIV
DLVII
MCDLXXXII
669
3680
MCMLXXVIII
2329
3499
MMMCI
3981
MCCXCI
MMMCCXI
3751
3249
MDCLIV
608
MMMCMLX
3137
1357
MXLIV
MMMCCXXX
MMDXLVI
3296
2256
3722
MMCCCLIX
DCCLXXXVII
797
656
2307
MCCCXLVIII
245
MMXXVIII
2224
MMDXCII
DXXVIII
DLIV
MMDXCVI
1926
CCCXXXII
177
3503
MCMLXI
2777
300
3657
MMMLXXXIV
MDXXX
3281
MMMCMLIV
3746
MMDCCXIX
MCDXCII
1561
3823
338
2825
MMCMXLII
V
2365
1572
MMMCDXV
MMMDLXXVI
1526
DCXIV
2081
2009
CCCXXXIII
MMCDXXVII
MMIX
MDCCLXXXIII
MMCCCXLVI
DCCCXLVI
1093
MCXXIII
3623
3196
1773
MMDCXCIV
MCMLIX
3452
MDCCCLVII
MCIX
MMDXLII
2796
MMMDCCCXIV
DCCXXI
3822
MMXLIX
851
1792
3449
3418
MMCCXX
3887
694
MMDCCXXXIV
1918
3594
3365
1203
CCCLXXXIX
MMCCCLXXI
3255
3397
785
DCCL
MMMCCXLIII
MCDXXXII
CMXCVII
3426
2082
2779
2335
3882
MMCDXXXIX
MMMDCCXLIII
2981
MCDXXV
MMDCCLIII
3236
3053
2285
MMCCCLXXV
CCCXXXIX
3459
MCLXXXVI
3422
3991
213
MDCCCVI
CCXIX
3560
MMDXLVII
MCDLXXXVI
558
3725
1144
2537
MCCCXXXVIII
2176
2953
2274
639
2998
CCLXXXIX
2580
MMMCMXLVIII
MMCMXL
3124
MMMCCCXXXIII
MMMCLXXVIII
480
2850
MDCXCI
2300
MMMCMIV
MMMDCCV
904
CCXVI
1793
2890
3083
1356
LXVII
260
MMCXXIV
3688
1582
3049
MMDCCCV
3358
MMDLXXXI
MDCCCXXIV
MMMDCCCXVIII
CCXLVI
MDCXCII
1389
MMCMLVIII
DCCCXLIV
MMMCXXX
1601
MCLVII
1064
MMCDXCIV
3960
MMDCCCLXIII
2936
MCMIII
MMMLXVI
3893
570
2696
1521
MMMLXXV
CLXII
1893
MCCXXII
MCMLXXV
3511
MMDXXVI
3069
MCLXXXV
MMDCCCXVIII
MMMLVIII
MCXCVIII
MMDCCLIX
MCDXXIX
2530
3363
MXCI
521
386
MMCCCXCIII
1271
2698
CMXXIX
DCCLV
CDXXIV
462
813
MMCCCXIV
2887
MDCXXIV
MDCCXCVIII
2970
3113
522
CDXCIX
MLXI
MCDLXIV
2583
MMMDXCI
1953
1365
1510
MMMDLXVIII
2975
502
2191
3568
222
CMLV
MMMLVIII
DCCXLIV
MMMCLXXXIX
2538
MDXVI
MMMCCLXVIII
3133
CXLIX
3192
DCLV
MMMDCCCLXXXIV
DCCLXV
2482
MXXX
2652
MCDXIX
1240
2541
MMDCCI
MDXL
MCXCI
DLXXXVII
34
1800
MDCCLXXXVIII
2482
CXXXV
MMMDCCXV
MXLVI
3148
3804
3963
1256
MMMCLXXVII
3774
MMDXXII
3258
1406
303
MCCXLIV
3689
MMCCCXXXVIII
MCCCLVIII
2438
3360
MXLVII
1231
MMMXXXII
MMDLXXXIX
2071
1947
3181
3326
895
201
MLXVI
MMMLXIV
MMMCCCXLI
259
281
MCCXLII
MMMCMXCVII
238
MMLXXXI
2278
1015
415
2935
MDCCLV
2349
3822
MMMCCXXXIV
MDXXXVII
MDCCXLVI
2046
3677
3611
707
MCCCLXXI
MMCCCLXIII
MMDCXLVII
3594
MMCCCLXXVII
MMDCCLXXV
2849
MDCCCXLIII
2280
1529
CCXCIII
455
2575
3821
MDLIX
610
3731
MMCCXLVIII
2316
MMDCCLXXXVII
MMCDVII
1162
1828
968
MMMCLXXXI
1357
MMDCCXIX
1774
1974
491
MMMDCCXXIX
1755
2841
DCCCXXIX
MCCLXXVI
3738
MMDCXCIV
MMCCCXLIII
MDXXXVIII
302
3858
680
CXXXIII
3575
2074
2778
1970
MMDCCLXXXIX
1755
2934
MMMDCV
MDCXLIV
MCLXXVII
MMCLXIX
MMCCXIX
3934
MMMCDXXIX
ML
MMDC
430
MDCXXX
MCCXXXVIII
841
1483
DLXXIX
1979
MDCCLXXXIII
2763
MMCCCXLIX
1968
1575
3720
MMDCCCXXXIV
MDCXXXVIII
1612
MCMLXXIII
3600
MMCDXX
27
2937
MMXC
MMMDCLVII
1848
MDCCVII
CCCLXVIII
MCCLXXII
2541
MMCCCXXXVI
1350
MMMDCCCLXXXV
396
MMMDLX
2672
MMMCCX
3387
MMDCLXXVII
29
810
316
MMCCXV
2033
228
MMMCLXXVI
3527
MDCV
522
1084
MMMCMXLIX
MCDXXV
MMMCXCIV
CMIII
DCCXLV
894
1151
2226
MMDXXIII
DCXXXVII
1841
1612
2310
MMMLIX
3765
415
MMMDCLX
CCCL
3750
2153
2815
1447
MMCMXV
MLXXII
1893
1778
MMMCMXLI
1769
MMDCCXLV
2910
3047
DIX
1866
1883
DCCCLXII
278
MMMCIII
1085
2065
MCDLII
1874
DCCI
DIV
2276
DCCCXIV
MDCCXLII
1757
1555
2044
2216
CMXCVI
1233
611
2486
1985
MCML
2864
DCXXIII
MMLXV
844
1058
3614
1495
3328
2987
MMMDLII
MCCLVIII
1097
368
CCXCIII
MMMCMX
2092
2538
MMMCCCXLI
MMDLXXIII
3818
282
MMMDCCCXXX
3542
2317
DXCI
MMLXIX
1910
MMMCMLXI
MCDXCIX
MMDCCLXXXIII
712
882
1774
MCDLXXIII
3048
MMMCXX
MCCCLXVIII
MDCCCLXXXIV
MCDLVIII
3911
454
DCCCX
3263
752
1714
946
MMDXXVIII
MMMDCXXIV
975
3075
DLX
MDLXXXIV
1033
3132
470
MCLIX
MDXXXVII
MMDCCCLXXX
2970
MMDXXXVIII
CCLXV
MMMDCCLXVII
L
981
2207
3813
MMMDCCCLXXXI
2362
3744
DCCLXXXIII
MMMDCLXXXIII
MMMCDXLI
2687
MMDCCXCV
MMDCXXXIX
MCCCLXXXVIII
MMDCLVIII
MLXIX
MMCCLX
3047
DCCLXXVII
29
446
3919
LXIII
2317
3148
1626
1993
856
1219
MMCMXII
546
DCCXXXVI
CCVIII
MCVI
1565
138
40
3309
MMXC
2963
DLXXXII
2687
MMDCXL
MMMDCCCLXIX
3198
1417
MMMCV
MVII
MMDCLXVI
209
2809
MMMDCCXXXVII
MMDCCLXXX
MMDCCCLXXXII
CMXLI
3504
2207
MMDCCCLXXXIII
MMCDLXX
626
168
MCCCLXXXVI
MMMDCCLXXII
1464
DCCCLXXVII
625
2210
MCMXXXIX
2836
2092
MMMDCCVII
285
MCII
MMMCDII
2148
3938
MCLXV
CMLXII
MMMDCCLXXXIX
CCCXLVI
LXXXVII
MMMDCCCLXXV
1853
MMMDCCCII
MMDCCLXXXIII
933
MCCXL
MMMCIX
DLXXIX
MMCMLXII
454
1292
MMDCLVI
2055
1911
CXXI
1397
MMMDLIV
MCDLXXXVIII
2515
2045
MDCI
MCCI
MDCLXXXII
1211
CDLIV
MDCLVIII
3041
CLXXVIII
584
MMMCLXIII
MCCLXXIX
MMCCCXXXIV
3522
2897
CCCLXXIV
MCDXXXII
MCCCLXX
MCIX
MMMCML
MMMCCCXXXIII
MMMCCXCV
MCDII
DCCXC
259
MMMCMXCVI
MDCCIV
MMDCCLXXXIV
2658
2007
CDXXXVI
MDCCXXI
1568
MLXXXVII
MVI
3371
948
202
MDCCLXIV
3714
MCDLXX
3954
1692
DCXCI
2707
CDXLVI
602
1179
2579
2511
2592
MMXVI
MMMXXIX
3312
MMCCCIV
MDCCCIII
MMMCXCVII
2726
2889
3308
2044
1051
692
2335
MMMXXXIX
MMMCD
1078
3234
MXL
1710
2636
3023
MMMDLXIX
CXXXV
1063
CCCXXIII
MMCLXXIV
3607
3708
MXLIV
MMDCLIX
3461
MMCCXXV
3181
MMCCCLXVIII
MCLXII
DCCXII
MMMCCCXXV
3268
2379
3750
3330
2610
3481
MMDCXCIII
1158
MMMCCCXC
MCLXXXVI
MDCCXXIII
MDCXCIII
MMCDXCI
XLVIII
DCCLXXV
MMCMXL
MMCDXXIV
MMMCCCXXXIV
318
2738
2276
MMMCCCLVII
MMMDXLII
561
1548
MCMV
MMMCDLXXVIII
337
391
MDCCIII
MLXVII
MMMDVIII
1388
3699
2344
MMMDCCCIX
MMCLXXXIV
2699
CMXL
MMDCCXXI
MMCDXLIV
1075
CLX
528
DXXV
DCCCXC
CDXXXVI
878
1006
1438
MMDCLXXXI
3954
DCXXXI
1364
1488
MMMDXCV
334
207
MMLXXXVIII
1093
3377
3303
MXXIV
MCMLXVIII
2506
3158
CMXC
3441
3323
MMMCCVIII
MCXCII
MDCCXXXIX
1239
MDCCCXII
MMCLXXXVIII
MMDCCCXCVI
3790
6
3740
2695
2028
CC
312
MDCCCLXI
MMCCCXL
3054
1347
MMCIII
CDLXI
3610
MLV
MMMDCXCIII
3031
1778
MMMCXXXIII
3949
2216
MMCDXXI
1607
3070
MMII
MMDCCCLXVII
1076
MMMCCCXXIII
349
3872
3323
859
MXVII
690
2830
MMMCCLXXV
MMMCCIII
1370
MMLXI
904
MMCCXC
3044
MMLXXI
MDCCCLXIV
IV
MMMDC
894
988
MMMDCCCLXVI
3844
MDCCCLXXXV
2805
MMMDIII
MMMDXXXIII
1364
1450
MMCMXXVII
MMXII
714
773
1996
904
501
DXCIII
MMCCCXXXIV
141
1945
MMMCCCII
3553
MMMDCCLVII
3655
3763
114
1967
416
889
CCXVI
968
MCMLIII
MMCCLIV
MDXCIV
MMCCXVIII
1319
MMDLV
43
MMCCCLXXX
2949
MMLVIII
3265
2557
DCCCLXVI
3205
289
220
MMMDCXII
2522
1825
263
DCCLXXII
3513
2005
MMCMXCVI
MMMCCXCV
DCCCXXXV
1809
3676
MCCCLXXXV
MDCXLV
DCVI
795
2528
2307
46
MMMDCCXC
MMCCLXXII
3023
MCMLXXXV
3732
1769
1405
DXCIV
3374
CCCXI
2671
MDCCCXVIII
MCXLI
MLXV
MMMXCIII
846
MCCCLXVI
MDLXXXIX
1577
CDLXXVI
MLXI
MDCCCXXI
CDLXIII
CDXXXII
3367
479
MMMCDXLI
1168
531
MDCCCLXIV
630
942
MMCMXIX
MMCMXCVII
1974
1260
MMMDCCCLXVII
697
773
64
MMMDXXVII
MMMDV
MDCXXII
1594
1488
MMDLXV
1759
MMMDCCCLIII
109
MMDLXV
2258
MMMCCVIII
MCLXXXII
161
2231
MDCLV
2592
2993
MMMCMXXXII
XLVIII
1150
629
3268
DCLXVII
MMMCDXV
MDCCCXCI
MMCCCXXI
3465
DXCIX
MCCCXXVII
3082
MMDCCCXCII
1473
DCCCLXXXVI
802
3341
MCXCI
MDLII
1907
MMMDCCLXXX
2721
MMDCXCII
2055
MMCDLXX
459
3982
LXXXVIII
MMDLX
946
MMMDCCCXCVIII
3226
3201
MMMDLII
3214
1173
365
1994
MMMXLVII
2178
3737
MMCMLXXXVI
MMMCCCXXIX
MMMCMXLIX
MMMXCIX
3848
2980
309
MMMCDLIV
3362
CDXXXVI
V
CDLXXXIX
1260
MCDXXXVIII
DCCCXXXVIII
2634
2897
2776
1869
3472
MDCCCII
MMCLXVI
2945
DLXXI
MMMDCCXLV
MDCLXIX
DCLXVIII
DXCVI
2052
443
MMMDCCCLXXXI
MCMXXXVII
745
MMCMXLIX
MDCCLXXVI
MMMVIII
MMCXIII
MMMDCCCXLIX
MMMCMXXI
3920
1402
2571
2482
3802
3746
3017
791
CDXLIX
2905
MCCLXVIII
3038
3324
MLIII
MCCXXVI
MMXV
816
31
MMDCCLXII
IV
MMMCCV
MCCXXXV
27
MDCCXIX
499
807
101
2235
966
MMMLIV
MDLXIX
2598
2107
MCLXVII
3079
DCCXII
CDVIII
1045
MCCXL
1933
2320
3149
276
366
MCDXXIII
2973
MMMDXLIX
MDLXXXII
1319
MCLXVIII
3224
3763
1277
MMMDCLXXI
CDLVIII
3571
711
831
MMMCCLXXXVII
1993
DCCCVIII
MMCLXIV
2427
445
1309
CCCLII
669
3911
DCCCXXXIX
MCCCXXIX
MXXVII
DCCCXCVII
640
1565
MCXVII
MMCDL
DCXLIII
1832
3416
606
DLVI
DCCCLXXXIX
CCCII
MMCV
1699
MDCCXLIX
CCCLXXVI
2492
3554
2426
MMMVII
2389
3904
CM
2544
3021
3719
MMCDXCVIII
2767
3821
CMXXXVI
MCCCXXVII
DCCCXXVIII
MMCCLI
2990
CCCXXXVII
2859
2437
1243
2567
CVI
DLXVIII
629
2986
1184
2456
MMCCLXV
3788
2307
1649
405
1026
530
3610
803
XCV
2755
3498
DXXXII
1492
163
3025
2498
MMXI
MDCCLII
1882
1015
MMCCCXXXIII
MMMDCCCLXVI
375
MMMDXXXIII
DCCXXX
MCCLXX
MMCCXXIV
MMMCMLXXX
2235
DXXVIII
MDCLX
2140
CCCLV
MMDCXLVI
MCDVI
3367
3624
MMCMLXXXVIII
MMDLIX
1478
1568
1360
MCDXXXVI
MMDXLII
MMMCXXXIV
MCCLIV
3751
275
MMMXXVI
MMCLXXX
MCCXXII
1782
DLXXXIX
3749
714
1025
MMMDCCXIV
CLIV
MDIII
3225
1022
MDCCCXXXIV
1288
3200
2938
XCV
MMDCCLVI
MMMCMLXVI
3514
MDXII
MCDX
2213
1839
1482
2792
DCXXXI
MDXCV
2686
258
1967
MMMDCXIII
1249
2975
2150
CDXIX
453
MCCCXXXIV
2798
1131
595
MMMDCIX
DCCCIII
MMCCCIX
MDCCCVII
MMCCCII
2529
812
MMMDIII
CX
MMMDCCXLIX
1304
MMCMLXXXV
MCDL
MCMLI
2970
843
381
1971
CMLIX
1460
MMMXXXVI
1670
2112
639
MMCCL
3470
669
CCXCVI
MMMCMLXII
CMXLIII
CMXIX
1629
DCCXLI
MCCLXVII
2840
MMMCCCIX
2344
1368
MCCLXXIX
3249
MMMDLVIII
3737
1374
MCDXI
MDCIV
MIV
3970
MMMCCCLXII
DCC
MMMDCX
XI
3333
MDCCCXVII
3539
1325
3072
MMDCCLXX
919
MMCCXII
1479
MCDLXXXII
1309
2806
1271
MLXXIII
MMCCLXI
MMMXIII
MMMIX
321
2529
MMMDCCCLVIII
MMMDCCLXX
2574
DLXII
3337
1775
317
3400
CXCVII
MMMDLXXIV
DCXIX
MMCMLXVI
3749
CCXII
MMCCCXVI
739
1389
DCCCLXIX
MCMXXVIII
MMMCMV
MMDCCC
MMDCXXIV
DCCLVI
1922
371
3727
1986
3136
MMCII
726
MMDCCCXX
1247
MCDLXIV
MDCCCLXXIV
115
MCXIV
MMCDXVI
630
CMXCV
1300
1483
MMCXXVII
487
1028
3877
MCDXIV
CMVII
MMXXI
1532
1630
MMMDCCLXVI
2341
817
MMMLXXIII
CXLIII
MMMDXXXIV
3217
MXCIII
MMMDCCXXXVI
MMMCLV
2879
CCXII
MMMCMLXV
MDLXXXV
66
777
MMXIV
MMCCCXLVIII
2501
3287
3154
2246
3943
MMCMLXIV
1195
3430
MMCMXCIII
DLXXII
DCCCXVII
MMMCXLIV
46
MMMCCCV
MMDCCCXXV
3324
MMMCMXVIII
MMMCCXI
679
MMMCLXXI
MDCXLVIII
166
849
2283
MMMCMXVIII
MDXLI
CMXXXIV
2244
3063
CDLXVIII
3937
MCII
CM
MCDXXVI
CDXLIV
MMMXXVIII
160
MMMDCCCLIII
MMMCDLVII
2286
MMCXXIV
487
MMCDXLIX
1014
184
CCCXLII
MDCCCLXXXVII
CXVI
MMMCMLXXXVIII
MMMCDXCV
2438
3308
1746
400
511
MCCCLXIV
DXXIX
DCCCIV
459
3195
3833
MMMXI
3690
1466
1804
2053
MMMCDLXVII
MMCLXXVI
MLIX
3757
2770
193
389
MMMCCLXXV
2508
390
941
1501
604
MDCCCXLVII
MMCMXXXII
3405
2577
879
2192
268
3857
74
MMMDCCLII
2903
1075
MMMCDL
3157
MMMCLXXVI
1316
2432
3269
MMCMXXII
1881
MMMCDLIII
213
MMDVII
MDCX
MMMCCCII
3394
MMMCCXXIX
DCCLV
MLIX
417
MMMCDX
MMMDCLXIII
2624
3545
1911
MMCCCLXVII
1789
MXLII
LXXXIX
3899
MMMDCCCXCIV
2425
MMMCMLXIII
LXII
2304
132
3313
3692
DCCCIX
MMMDCCXIX
1083
MDCCCLXV
MMMCCCXLII
2203
MMMDCXCVIII
2393
DCCXXXVII
3634
1870
784
MDCXIV
902
3478
2628
1362
933
2479
DCCCXCV
1051
MMMDXCI
MDCXCVII
2704
2958
376
CDXCVI
1060
MMMLXXXVI
2358
3576
MMMCDLXIII
MDCCCXCVII
MDCLVIII
465
MDCCCXXXIII
MMMDCLXXVIII
CLXXIII
MMMCMXXVIII
MMMDCLXVI
1552
611
2401
2988
172
MMMCCIX
3644
CCXC
MMMDCCXVII
MMMCCCXLIII
862
2966
1489
1751
MMDCCLXXIX
1893
673
811
MMMXCV
CLXXX
320
MMCMLIV
778
DCCLXXIX
CDLII
MCCCLII
25
MLVII
DLXXV
MMDCCXVIII
420
MCDLXXXV
1461
DCCLXXXVI
MMDCCXXXIV
1130
3692
MMDCLXXIV
1804
MMMLXV
2284
MCLXVI
CCXCIII
1665
641
2949
DCCLII
MMDVI
294
3158
2267
2757
2833
MDCCCXC
MDCLXII
2174
MMMCDLXXVIII
2006
689
150
2366
2444
1398
MMDCCLXXXIV
1549
MMCXLV
3213
3169
1518
CDLXXII
MMCCCXLIII
MCCII
2893
70
3773
MMMXXIX
MMMDLXVII
1190
1360
MCCXL
MMDXXXIII
254
2629
637
CCXXVIII
2922
CCXCII
MLXIII
MMMDLXIX
MDCCCXXVI
3798
MCCCLXVIII
2618
MMCCXXXI
570
451
2801
846
304
2038
3801
MDXXXIX
XII
MXL
2793
XL
MMMCIII
3515
MMMCIV
92
3046
MDCCCXXV
3449
MMMDCCXCVI
239
2693
MMMDLXXXIII
3875
DCCXXVIII
CDLXXII
CLVI
MMMDCCCLXIX
MCXXXV
2862
MDCCCLXIII
1482
MMMDCCCXVIII
3389
MCLIV
MMMCDLXXXIII
MMMDCCXLIX
2265
2675
2297
832
MMCXCIII
3513
DCCXCIX
MLXXVII
MMMDCXI
MXXXVII
MCMLXXXVI
MMMDCLX
2111
2838
MMDXCI
XV
MMXXIX
MMMCCLXXI
MXXXIX
MCMXCI
1179
616
258
XLIII
MCMLXXVIII
MCDLXXI
MMMXC
3459
MMMCCCXI
MMLIV
MDCCCXIV
1246
MMCMXLVIII
MMCCLXXI
DCCLXXXIII
LVI
MXCVII
41
MCCCXVII
MDCCCLVII
2848
MMMDCCXXXVI
1283
2586
603
3159
MMCMXCII
DCCLXXVI
948
MMDCXCIX
MMCLXIX
MMMCLXXVIII
CDXCI
1908
177
MMDCCLXXVI
3628
MMMCCCLXIV
MCDLXXX
MMXCIII
2966
2079
3148
MMMCCCLI
3797
MMMCCCXL
MCCXV
522
MDCCCXXXI
523
MMMDXLV
DXXXIII
MDCCXVIII
2833
MCCLXXVI
291
2290
2724
MMCML
1684
CMXL
1265
MMCMIII
3566
744
2127
MMMDCCXXXII
MMMDXCIV
DCCCXXIX
MDXCVII
MMMCCCXCIII
MML
3222
MCCLXXIII
MMMCXXVI
CDVI
MMMCDXLVIII
1623
MMCMLXXVIII
MDCLXVII
DCCCLV
2548
MCDI
1938
633
CMXVII
3975
MMDCXCVI
MDCCLXXXVII
1899
2873
1367
474
MMMDCCCLXV
CCCXLVIII
CMLXXX
2331
1202
527
MMDCCLXXII
MMXI
DIII
MMMCMLX
MMMLV
2310
MMCCCXXVI
3844
3808
MDCXVI
CDLXVII
MDCLXXVII
MMDLXXVI
1848
MMMXVII
DCCXCII
2238
3979
MMMCCXLI
MDXLV
2514
MCMXXI
MMCCLXXV
MCMLXXVI
3916
1011
1709
871
2845
MCXXIII
CMVIII
MLX
2862
745
LXXXIV
1931
1377
1476
MMCMXCII
MMDCLXXIV
2156
MMDCXLIV
1608
459
LXIX
CMXLV
3211
3734
CLXXXVIII
MMMCIX
3972
MMCCCLVI
MMCCLXXV
CMXLIX
MMMCXCIX
967
1003
130
MMDCCLVII
MMCLXXVII
1471
MMMCXIII
CCXX
3989
DXVI
3245
MDCXL
2919
1232
CDXX
1442
MMCDXXIX
3629
MCDLXXXIV
DCLXXIV
1398
CDLXXVI
1734
2618
3332
CCCIV
DCCCLXXXI
2363
742
1367
1068
676
MMCCCL
337
MMCCXLIX
CVII
MMDXCVII
828
MMCMV
MMCCXCVI
3105
721
3137
1035
2789
MMCMLXXV
MMMCXLVIII
MMMCDLIX
106
DCCCXVII
MDCCXXXVIII
CCLXXVII
1538
CCCLVIII
3642
1997
CCCXIX
294
3350
2637
MMDLXXI
3459
3673
MLXXIX
1112
1850
937
1553
3355
566
2788
998
1129
3963
1163
MMMDCCCVI
CCI
1286
MMDCCLXVI
3517
2226
MDLVIII
2474
2869
MMMCXXX
MDCLXVI
3492
MCDXXXV
3768
275
MCDXLVII
MMDLXI
MMCDXCV
MDCXVIII
MMDCLXXII
3212
2914
1713
CLXXI
MDCLXXIV
DCXXVIII
MMMCMXXIX
MMDIV
257
MXXVIII
LXXXVII
280
XLV
MMDCCCL
MMMDII
LIV
1860
MMMCCCLXXV
CCCIII
350
2920
MMCMLXXXIX
3261
549
MMDCCCLII
3213
863
MMMCLXXXII
1856
1300
1368
MDLV
3310
3502
DCCXXIII
3447
2822
1577
1301
768
614
MMCLXI
3021
MMMDCCCXXXII
1324
MMMCCCLXIII
CMXCVI
MMCMXVI
194
3299
MMCCCLXXXVIII
MMMDLXXVIII
MDCCCLXIX
MMMDCCCIV
1052
MDXIX
MMMDCCCXL
MDCXCVI
146
CXXIII
1321
MCDXXIV
1940
1001
1533
MMCCXCVII
MMCXL
196
1793
DCXXXVII
MDCCCLXXXII
2720
866
MMMCMXVIII
MMCXIX
MMMDVIII
2631
MMCLXVIII
1183
1515
3008
2923
2514
MCMXLVII
MMDXXXV
MCLXI
MMMII
MMDCXII
MMDCCLI
678
1251
MMCDLXIV
847
2249
MMCMXXII
2540
MMMCCXXXIV
DXVII
3625
MMMDXVII
1562
1521
3472
3726
3575
1153
CCLXXVII
289
3362
MMDCCCLXXXVIII
MMCMXXXIX
MMCDXXXV
MMMDCCII
DCCCVIII
2682
MDCCCXX
MMMCDXVI
MMDLXXVIII
MMMCDLXIII
2070
MCCCLVIII
MMDLXI
MMDII
DLXXXVI
DCXXXIV
DCLXXXII
MDCCCLXXXVI
74
MMMCCLXXV
2932
CDXCVIII
2937
2641
1598
DCCXX
MDCV
646
MMMCDIV
MMDCCCLXXVII
848
MMMCMXLIII
MMMCCLXXVII
DCLXV
CLXXXVI
673
2027
840
MXLII
856
1950
MLXVI
CDXXXVIII
2763
MMDCCCLXXXVI
MMCCCXLIII
1167
1797
LXXV
MMDCII
MMMDCCCXLV
MMM
3388
1292
3734
MMDXI
341
1863
3187
MMCXXIV
MMMCDXCIX
DLIX
185
1427
339
1301
MMMDCLXXII
1335
MCXIII
MMMDCCXLVII
3453
MMDLXVII
MI
MMMDCCLXXVII
MCCCLXVIII
1309
3649
DLXX
MMMCDIV
MMMCXLVIII
2229
265
56
MXIV
MMMCDXLVI
1870
MMCMLXXXVII
3724
MDCXXIII
MMCCXLVI
MMCDLVII
1596
MMMCMXL
DCCXCVIII
MMCCXCIX
MMCMIX
MMDCXXVII
MDCCCVII
1835
1646
MCCXCIV
790
44
2559
MCCIII
DVI
3968
2215
MMDXIII
2395
MMDXXXI
3010
3903
DCCLVII
385
1078
MCCCXLIII
CMXL
693
3529
XXVIII
MDCCLXXV
MMMCDXLVI
2507
3763
CCCXCII
MMXLII
MMMCMLIV
MDCCV
MMMDXCVI
3518
MMCMXCVII
1416
MCCCLXI
2083
3465
MCCCI
3968
MMMIII
192
MMMDCCXCVII
3167
2745
MMCCCLXXIV
MMMDCLI
DCCXLVII
MMCMLXIII
2387
593
3634
DCLIX
3168
MMDCCXIV
MMMDCLXIX
MMMDCCXI
MMLXIV
CML
MMMDCCVII
3534
MMLXXVII
MMDCCLXXXVI
2932
1132
DCXIII
MCDII
MDCCCLXI
MMMCL
464
CXVI
2394
MDCCCIV
2653
2186
2304
MMDCCCXLVIII
163
MMDLVI
MMMCLXIV
MMXLVIII
92
CCXLVI
MDCCCXCII
MDCCXLIII
378
445
MMMCCXCVII
MMCLVI
1034
158
1990
CCVI
82
CXC
1509
MCXLII
813
MMDXLIII
MMCCCXCV
3132
1850
670
2536
MMMCDXXXIV
MCCXLVII
3056
1287
MMDCCVI
CMXVIII
MMMCXXII
DCCLXVI
1301
1351
1825
1533
MMMCCLXIII
927
MDCCCLXXII
DCCXXVII
MCXCIV
MDCLXXXVIII
MMMDCCCII
LIV
1115
535
MMCCCLXXII
CMXXXVII
MDCXCVII
LXXIV
2905
MMMCCXXV
464
MMMDCCLXXXVI
MDCCCXLVII
MCCCXXVIII
MMCXXVII
3424
MLXXXVI
2643
MMDIII
CCCLII
1001
2681
CCXX
DCCVIII
MCCCLXXXIV
872
1160
MMDCCLXXIII
MDCXCVI
MMCXI
3864
1069
CCVI
28
MMXL
MDCCLXXXVIII
926
MMCDLXXXIX
CMVIII
2134
DCXXX
MDCCLI
2500
DCCLXXXVI
MMMCDXCIII
2749
MMDLXXXIV
CDLXVII
DXXXI
MMMCCXC
154
MDCLXXIII
2259
1041
2353
MCLXVIII
MMDCLXV
2002
625
MDCLVII
1562
221
2058
MMLXXXVII
258
578
DCLXII
MMDCCCXIV
MCCCLXV
DCXV
CCCXII
2696
CCLXXXVIII
3140
2453
2017
CCCLVI
31
389
755
MMCCLXXVI
MMCDXIX
969
CLXXXIX
MMM
3527
MMCCCLIII
2650
CCLVII
DXXX
MDCL
MMMCDLXXXI
762
1920
867
MMDCLVII
XXIX
MMDCCCXXIII
MMCXVIII
488
CDXXXIII
MMMDXXXVI
MMCDXC
CCCXXXIV
MMMCMLI
MCCCXXXII
2367
MMMDCCXXII
3763
175
CMLXVI
3960
2057
MXXIX
3869
2943
MMDCCCLV
LXXXVIII
MMDXI
MMCMLXXXI
1818
MMMDCCLXXXIX
CMXCIII
MDCCXLIX
CXIX
MDCCCXXII
MMMCMLIV
542
MMCMLXXVI
MMMLXXXV
1403
XCI
MDCCLXXI
3824
MCMLIX
DCCCLXXIII
658
1321
MMMCMLV
MDCLXXIV
1109
MMMCCCXCIX
MCMXXII
3994
MMMCCCLVII
MMDCCLVI
3817
2753
687
1324
DCCLXXXIX
MMMDLXXXIII
MCMXXXI
MCDLXXV
3442
CMXVII
MMMCCCXLII
MMCCCLXX
734
MMMDCLXXXVIII
MMMDCCCLXXXVIII
CXX
3486
455
MMCII
132
MMMDCCCXCIX
2363
CCCXCI
MCDLIX
MCLXXXIV
2046
2836
MDCCCLXXII
1728
1084
MCCCLXIX
1985
1198
DCXLV
3746
3851
2267
CCXLI
DCCXCIV
MMMCMXXXVI
1498
MMDCXL
1303
MCCCX
MMMDX
MCCCXLV
1497
1576
MMMDCX
193
2449
111
MLI
MCCCLXIII
2383
MMMCCXLI
1471
1039
3479
410
3871
MCCCXCI
MCX
2133
MCCXII
1680
1599
MMMDCCI
MMDCCXCV
3487
1141
3447
MMMCCCLXXXVII
1260
3817
MLXIV
MDCCCLXIII
295
3052
1728
MMMLXXIV
3258
2723
2003
CMXXXIII
2584
2930
DCLXXXIII
MDCCV
MMMCCXLVI
3771
1543
MDCXXX
717
MCXVIII
MDLIV
MMMCCCLXXX
207
2431
3110
1844
1583
2557
203
1
MDXCVII
1441
2880
880
CDXXXVIII
MMDCXXXII
MMDVI
2464
MMMDCXCV
1865
771
2499
MCDLII
3315
744
3306
3889
665
MMMCCXVII
92
MMMDXXVII
213
MMMDCCLXXX
MMMCDV
3087
1153
MMXCI
MCXCIV
MDCCXIX
MMMDCCXXI
MCMXCV
MCMLXXXIII
CMIII
MDLXXXV
DCCXXIII
1031
2239
335
1473
MMDCCCLXXII
2982
MMMDCCCIV
MMMDCXIII
MMDCXXX
3532
759
1579
DCCLXXVIII
3268
3122
MCCLXI
MMMCCCLVI
42
3866
2067
3709
MMMXLI
CDLXIV
3515
MMMDXXVIII
CLXIV
2012
MMMCDXCIV
2744
MMMDCCLXXXVI
MDXXXIII
1768
252
2481
795
MMCCCXLVIII
DCXIII
1612
MCMLI
1648
1474
1256
2318
2253
MMDXIX
2916
MMMDCCII
MMCDLXIX
3965
MCV
MMMLXXVI
342
400
MMMCMXXXI
3501
MDLXXXVI
3449
429
1287
MMMLXV
2155
3204
MMMCDXIX
MMMDXCIX
20
MMMDCCXIII
764
1230
649
MMMDCCCLXIII
MMMDCCCXXVIII
MMMCDLXIV
3807
3454
MMCIX
MMMCDLIV
MMMDCCCXLVIII
MMMDCCLXXXII
1386
3997
251
MDCLV
MMCCLXXXI
2502
MMMDXXVII
DLXXXIII
DCLXXXVIII
2645
MMMDCCXXVII
1771
70
2258
MMCCCLII
1505
3972
MMDCCX
CDLXXIV
3328
3302
MXLV
172
2030
2689
2100
3852
MMXL
239
3489
2664
MMXXXIX
MCCCLXXXVII
3578
MDCCCXIX
MCCXXXV
3703
MMMDXIV
2554
3567
DXC
3026
2242
MMDCLXI
2645
293
CCCLXXXV
3997
1038
MDCCCXLVII
870
1380
MMMCCCIX
LXIX
MMCMXCI
MCCCXCVI
3170
746
1387
CXXX
MDCCXXXII
MMCCCLV
839
3052
59
3811
2890
869
MCCCIX
341
MMDCCCLXXXV
MMDCXXXVIII
MMCDXXII
1096
1892
MMCCCLXX
3861
3014
MCDXXXIII
2826
MMMCCCXVI
MVI
MMCDLXXX
2377
592
1175
MMLIX
3897
MMMCDXCVI
1876
MMMVI
1374
MDXI
MMCCCIX
MMMDCCCXX
1097
10
MMMDCCCLXXXIX
MMMDCCCXL
2773
349
MCDLXX
2600
MMCDLXVIII
3113
3076
121
247
3362
2052
1794
2613
MMDCCCXXV
1214
CDLXVI
1655
MMDCCLXII
MMMCDXX
1681
3719
872
MMMCCCXXII
MMMCXXV
2599
DCCLXXXVIII
MDCLVII
968
742
683
MDLXXVI
1828
2025
3851
3192
2918
1490
535
MMMCCCXXXII
MMMCCLVI
951
DCCLXXXI
3747
MMDXXX
1376
1223
DCCXV
MMMDCCXLV
291
MCVII
1525
411
856
3558
152
468
MDXCV
669
935
MMDCCLXXXIV
2053
3869
1768
2920
653
3959
MMMCCCXXVI
2726
MCCXC
MMMDLXII
MMMCCCXCV
1890
MMMCMLXXXVI
53
MMMDCCLXXVI
CDXLII
2171
3583
1634
2133
3897
MMCLXX
673
3051
2896
DCXXI
CCCLXIII
1051
2612
950
2754
101
2114
MCDVII
85
2188
1481
124
MMMDLXVI
DXCIX
2496
1539
478
1886
1616
CCCXXXV
3717
2005
543
MCCLXXXVII
1095
CDLXVI
3824
MMMDCLXXIX
MMDCLXXVII
397
2200
3737
CMLX
3972
1691
197
1690
MMMDLXXIX
3605
MCMXX
MDLXXII
MMDLIII
MDCCCIII
2503
MMLXXXVIII
CDLXIV
MMCCXL
55
MMDXIX
2953
DCCCLXXXVI
MMCLXVI
MMXXXV
3107
3471
MMMDCII
2995
MMMDCCLXXIII
2808
1466
MMCDLXXXVIII
2356
CDLXVI
3197
2471
MMCMXXXVIII
MMMCMLVIII
MMCCCXCIX
3882
DXXXVIII
3756
1972
3941
CLIX
572
MDCXLVI
MMMCLXXXII
MCMLXV
DCXCIX
MMDLXVII
MMCCCLXXXVIII
MMXXXI
700
2413
1095
MCMXC
3886
3299
1602
MMCCCXL
2435
MDCCCXXVI
MMMCLXVI
DCCXLIV
MMMLXXX
DXII
3807
726
752
MMMDCCCXCVII
MCCLII
XXXVIII
CDLXXV
602
512
DLXXV
819
2002
MMDCCXIV
MMMCMI
MCCCLXXXVI
MMCCCLXXI
MMCDXVII
MLXXXIII
3327
MDCCLXXXVII
1644
MMMDCCLXV
2048
1882
979
MCCXIX
MCDXXXII
MDCCCLXXXV
MMMDCCXLIX
3285
819
1994
CCXXXVIII
MMDXXXII
DCCCII
2750
CCCXXXIV
98
CCCLXXVIII
MDCCLXXX
DCLXXX
MMCLXVII
2650
MMMCCCXI
MCCLIX
MMMCXXX
MMCDXLV
MDCXCVIII
MCMLXXXIV
MMMCMLXXI
XXXVI
MMMDCCCLXV
MMCCCXVI
MMMCCLI
MCCCXCI
MMMCCCXLVII
2146
MCMLV
MMMDCLXXXII
3446
CCCLXXXII
CCXCVIII
3180
1469
1264
CCXVIII
CCXXVII
CCXXIX
1263
MMCXCIV
MMMDLXVII
1514
705
3319
MCDXCIII
804
MDCCXXXVIII
DIX
MCCIX
DCLXII
XCVI
2549
MMDXXXIV
1809
MCDXXVI
MDCCCIV
MMMCCCLXXVII
3899
2263
MMII
MMDXCII
DCCXXII
1151
MMCMXXXIX
138
536
3427
MMMCDXLIII
13
3044
1386
MMMDCCCXVI
1531
3971
MMDCCIII
XLII
1944
482
3585
1439
MMDXXX
CLXXX
347
2955
1175
XLVII
MMCDLXXIII
1802
2599
91
MMDCCXLIX
MXXXV
2726
MMMCCCXCV
MMCDLXX
1578
MMCXIV
1337
1981
MMXXX
MMMCMLIX
DCLXVI
2820
2369
1234
MCLXXXIII
MMDCCCXXXII
3349
1048
CCLVI
3662
3414
3003
905
3042
DXLI
MMCXXXVI
MMCCXLVI
MCMXCIII
2720
831
MMDCXCII
3828
MCXXXIII
MMCMLXXV
MMCLV
3706
2492
3262
1323
3178
3288
353
556
391
2796
MCDXXX
1410
825
MMMCCXL
MMMCDVII
3549
2491
MMMDLV
1763
CMLXXXII
2153
MMCLI
1388
CMXII
MMMDCLXXXI
MMMXVIII
762
CXXXI
MDCCCXLIV
MMMCCLII
3690
MMMCCIX
106
MCCCVI
MMMCLIII
DCCXL
1411
2934
2323
MMCDXXX
344
2836
1954
330
MMDLIX
2169
2947
MDCXLVII
3768
MCCLXXXIII
CDXCVII
CCCXLIII
CL
MMDCCCLIII
67
641
1097
MMCDLXXXIX
MMDCXCIII
3597
1883
2039
2318
2271
MMMDCCCXIII
MMXLI
345
330
MMMCCCXCI
3475
MMMDXXXI
1540
MCCCLXXXVIII
MMDCCLXXXVIII
MMDCLIX
MMDCCLXXXIX
MMCDI
MDCCLXXXVII
MMMCDVII
MMMDCCCXXXI
69
3392
MMCCXVI
1406
CCCXLI
196
2147
MDCCCXXV
3178
MDXX
2284
3083
39
MCMLXXIII
2502
1658
3868
668
360
2797
MMLI
459
3102
DIII
2777
2806
MCXV
2287
2146
3468
3360
MMDCCLXXXIII
1750
3677
MXXXII
MMMCCXXX
3821
942
MMCMVI
MMCCXXXV
3041
1330
799
368
MMMDCCCXXXVI
CCLVIII
MMCCLX
2348
1246
1495
MDCLXV
MDXCIX
945
MMDCLVIII
3331
3101
MDCLII
3549
156
MMCMLXXVII
MDCCCLX
MMMCLX
CCLXXXV
MMMCCXCIV
1635
236
MMDCCXXII
MCCLXXXVIII
572
2581
MCCLXXVIII
3150
3982
3658
MMCCXLIX
2978
2594
MMMCXC
286
MMCXXX
1791
1541
MMMCCCXIII
MMDCXCIII
MMMCMXLII
2976
MMDCCXXI
2645
MMCMXXXIV
DCCCLIV
996
MMDXLIII
3995
MMMDLII
CCL
MMLXIX
1680
MMMCCL
3990
MMMDCCLXV
MMDCCXXXI
1892
MMDCCCXCV
3322
MMDLXV
CCCV
620
3186
2593
1288
332
3935
882
2800
MMDLII
2865
MMDCCCL
2409
2744
2315
3142
3314
1487
MMMCDXLII
3911
MMMCLXIII
2550
MMCCXXXV
2553
3758
3185
2389
MMMCDVII
1904
MMCCXXI
422
MMMDCCCLXIV
DCIII
MMCLXIX
MDCCXXXIX
1562
2588
CMLX
2998
3852
1837
912
2874
MCMLIX
820
3817
1806
3510
80
1742
MCMXX
620
MMMCCXCVI
MMMDXXXIV
302
982
DCLXXXII
MMDCCXLIII
CCCXLIV
3360
MMCMXLIII
3969
3878
CDLXXX
3468
3880
CCXXXVII
923
2682
MCDLXXVI
MMCDLII
3159
269
144
MMCLX
37
1199
MMMDCLXIV
1502
352
656
MMMDCCCXVI
MDCCLVIII
1158
MMDCCCLXXXIV
MMMCDLXVI
1954
582
3287
MMCDXXXVI
962
764
3097
MXCIX
1427
MCCXXIII
1281
DLXXXIII
MMCCCLVI
3713
3245
1813
1312
MMMCDXCIX
MMCCCLXXVIII
MCCLXXXII
673
CCI
MMMDCCLXIV
2624
364
1776
1914
1272
501
CLVI
3939
1136
MMMDCCCLVIII
2551
CCLII
MMMDXC
MMMDLX
232
CMXLII
1553
MMDCCCLVIII
MCCLXX
MMMDCCXXXIX
1220
MMMDCXLVIII
407
CDXCVIII
CDXCV
MDCLXII
MMMDCCCXVII
MMC
2256
MMDCCLXXVIII
CMXL
2300
636
3914
2878
MMCCCX
1386
3612
DXX
1499
MMDCCXXXVII
2630
890
942
MMLXVI
DI
MMMDCXXX
2883
MMCDL
CCCXXIV
1925
DCXCV
623
MCCCXI
1826
374
MDCCCLXXXII
2681
940
757
MCXXXVII
MMLXXXVII
707
2244
MMCDLXVI
514
MMMXI
MMCD
MCDXCII
465
MMCCV
MMCMXII
411
3606
2405
MMCXXXVIII
3109
364
1909
733
MMDCCXXXIV
CCLXI
MCMXXXIV
1222
MMMCCCXLV
MDCXCVII
MMCCL
MDCCCXXXIV
8
MII
2832
MMDCCCXIX
2120
MMMDCCXL
1196
MDCIX
997
MMCCLIX
3601
MMMDCXCV
MMDCCXXI
2793
MMCCXXXIII
MCXXXIV
CDXXXIX
3761
2001
DCCII
23
CCXXIV
2408
1285
XXXV
1441
MMDCCXLV
MCLXXV
1390
3118
MDCCXLII
MMLXXXIV
MCLVII
2678
421
1865
MX
3589
MMDCCXC
MMCXXXV
MMDCCCXXXIV
MCCCLXXIV
MCCCXCVIII
MMMCMXXI
1219
3544
3385
1394
2084
CXXXI
MDCXIV
MMDCCXXXI
MMMCCVI
XXVIII
MCIX
2983
DCCCIX
MCCCXXIII
1542
MMCXXI
753
MCMXII
645
MMMDCCI
3630
MMMCMLII
1267
272
3037
CLXXIX
XCVI
310
2110
MMMCXXXIV
XCIX
DCIII
LVII
DCCCII
2671
1821
2375
MMMCMLXXXVI
MMMCXCI
384
3310
MMDCCXXIX
1598
3203
MMCCXXX
CVI
CXVI
MMXXXI
3072
MMMCCCXXXIII
DCXL
MCCLXV
1183
3325
1344
MDXLVII
2224
3386
MMMCLXXXV
3292
MMMDCXIII
MCCCLXXXII
MMMCCXCVIII
MCCXLV
3401
CDXVI
2953
399
3315
MCDXXXVIII
2860
2760
MDCCCXVII
525
785
MDCLXXIX
1960
MMMCCXCII
MMMCLXXXIX
637
2576
MMCCLXXVII
542
3913
3468
CDXX
MMCXCVII
603
XXVI
1276
2014
645
282
3072
2960
2077
3788
MCCLXXVII
CCXL
1333
MMCXXIII
1969
MMMCDLXX
2826
XXXIX
2940
XXI
MLXXX
2537
292
MMMCMXL
1916
2689
CIV
357
1384
3271
MMCCXXXI
MLXXXI
MMDCCCLXI
MMMDCCCLXXI
MMMCCXII
2820
MMXLI
1886
3220
MMMCMLXXXVII
MDXXXIV
2394
MMDX
2314
MLXX
1925
MMMDXXVIII
2176
533
1319
1791
MCDXLVI
MMMXXV
MCDXXII
130
MCDXCVII
MMCDLXI
MMMCLVI
1520
2279
3604
CMLXXXIV
MMMXLVIII
CCLXIX
3565
MMCCCLXXIX
3293
2655
MDCLXIV
1192
2832
MCMXXXVIII
MMMCMXXXIII
2086
276
1732
CCXL
1854
3067
MMCCCLXXX
2016
CCXII
3818
2236
MCMXIV
MMMCXVI
CCCLXXXVII
MMMDCCLXXVIII
970
1170
270
MMMCDLXXI
CDLXXII
1745
MMMCXLII
964
617
MCCXXII
MMCCCXIV
3029
MMMCCXCVI
204
3648
MMDCCCXXXIII
MCCXXX
MCCXXVII
3941
3897
MMIX
MCDLXXV
CXXXVIII
MMCDXII
2475
CCLXXXIV
3279
MXCVIII
3148
DCCCLVIII
MXCII
3359
DCCCXC
XC
MCLI
470
MMCCLXVII
3758
536
2681
3223
MMMDCCXXX
3045
3466
MDLIX
2828
3117
MDCCCXIV
3737
673
DCCCLXXVII
MMMCLVI
MMMDCCCL
234
110
773
3372
MMMCCCLXII
480
2377
MMDCXLVIII
3748
MMMCCXVI
MDCIV
3298
DCCCLXXI
MXLI
2904
MDCCL
2431
1790
MDCXVI
1852
2284
827
251
CCXX
1691
2431
1342
MMCMLXIV
MMMDCCLI
3941
3651
MCCCXXXVI
2567
MMDCLXVI
MDCCCLXIII
648
1173
396
MMXLVII
852
MMMDCCCXCVI
3729
MDLXXII
MMMCCXXVIII
CCCXXVI
MDVI
CCXLVIII
MMMCCXVIII
1093
MMCDLXXXV
MCLXXI
VIII
3178
1148
1858
CXC
2818
MCMI
2856
284
2218
MMMCMXXIII
3400
1857
2669
MMCXXXIV
MMDLXXXIX
1769
MCDLXXXV
1109
CXVII
3694
1245
MCMXCVIII
2345
1091
3492
MMMDCLVIII
2451
2523
CMLIX
DCL
MCXVI
471
2857
CCLXXIV
MDCCLXIII
838
574
988
2393
457
3589
MMCCXCIV
2662
MDCCCLII
2635
CCXCVIII
MMLVIII
MMMCLXXXII
921
1368
MMMCDLXIX
1748
862
57
3970
MMMCCCXXXIV
1976
1976
1771
VIII
3750
3511
MD
824
3705
MMCCXXXV
1264
2999
MMMCCCLX
MMDXXVIII
2385
3671
3083
3339
1648
1088
MMMDCXVI
3654
MCMXXIV
2528
MMMDCXXXII
MDCCLVII
272
1629
46
3195
MMMLXXXIV
3559
MMMDCXIV
MMCCCLXXV
1516
1287
3528
1574
730
2489
MMMDCCCXXXV
403
MMDCXVIII
MMMDCCCLXXII
515
2605
3072
MMMCMLXXI
MMMCCCXXXIII
1119
MMMDXXIII
1912
2636
DCCCLXIII
MMCMXXXIV
1744
388
1159
MMMDCLXVIII
1129
1451
1428
2558
MMXXXVI
MMDCCCLXVII
3350
2724
MCMXLIX
2873
2342
2212
MMDCXXXIX
DCLXXVIII
MMLXXII
CDXXVIII
MMCCXXXI
3917
MMCDLXV
MMCCXX
MCMXLIV
MMCLIV
DXXVI
MMMIV
MMDCCIII
MCCLXVI
3305
MMMCCVII
325
1046
MCDXIX
1201
MMMCMLXIX
850
MMMDCCXXXV
3950
MMXLII
1376
2711
3475
3484
3151
MDCLIV
MMDCCXCVIII
1460
DLXXXVIII
3935
3097
314
808
MMMDCCXXI
MMMCLXVIII
1767
110
935
MCMXLV
MMCCXVI
1912
3385
2770
MDLXXXII
3209
MDCCCIV
MMMDCXXXIII
412
CCLXXXI
MCCCVIII
2439
DCCLVII
925
1200
773
973
MMCLVI
MMMCMXXXVII
759
CDLII
289
CMXXV
486
MMCDXCVIII
2472
3007
MMCCCLI
741
1995
MMMCDXXII
3229
MMDXXIII
549
MMCXXX
9
MMMCMXXIV
2003
1682
3756
CCCLXXXII
3285
1357
MMCMXI
253
3942
1724
2884
2839
MCMLXXXII
2939
1423
MMMDCCXXXIX
1313
CXXX
3629
MMMCXIII
200
MCMXXIII
3097
MMMDCCCXCVII
3760
MCCXXIV
MMCCVII
2359
CCCLII
966
1779
3550
3365
MMMLXXI
MMLXII
MMMDX
MMMXXXV
3858
3372
1630
MMDCCCXC
MMCDXXXVII
CCCLII
DCCCLXXII
MMMDCCLXXVIII
3575
819
MDXXVIII
1717
MMCCXLIV
2598
MDCCCLXXX
MMDCCXXI
MCCCL
CLIV
3595
MMMCDI
MMMCLXXVI
MDCCLXXIII
1597
2746
MCDXCIX
MDCCCLXXXII
MMMCDVIII
MMCDVIII
MCDLXIX
2023
DCXXX
MMLXXVI
351
2625
XLIII
MMMCDVI
MMMDCXLVII
287
MMLXXXII
MMCMLXXXV
98
1171
MCDXXXVI
MMMDCCCII
MCXXXVII
2336
3203
MMMCCXXXII
CMXCV
MMMCCCXCI
MMDLXXXII
3517
1938
MMCLXX
MMMCDIV
3106
2797
MMDCCCXXXIX
194
1443
3090
240
MDCCLV
629
1596
CDXXXVI
2276
MDCCCLXXXVII
MDCCCXCV
MMDCXXI
MMCLVIII
MDXC
1695
MMMCMLXXXIV
1975
2196
MDCCXXXIX
MMMDCCCXXIX
2917
MMM
3204
1006
MMMXXXIX
448
CMXLV
2513
MMMCCXXXIX
DCXXXIV
1460
CCCLXXXVI
CMLXXXIX
715
3809
CDXLIV
3333
MMMDLIX
3393
MDCCXXVI
2297
MCXLVIII
3842
MMMCXLVII
MCCCLIV
MMDCCCXXXIII
MMMDCXLI
MXXIV
MDCXCIX
3197
DCCXXXV
2304
MMMCCCXXXV
MMDXXXVI
274
2719
DCCLII
1800
MMCCCXCIV
3208
2332
1106
3744
MMMDXCII
1385
2269
XLIII
3699
71
MMMLX
629
3077
MMCCCLXXXIX
2991
3121
CDLXXIX
MDCCXXIX
2129
MMCDXX
1961
2736
MMMCMXXXIII
MMCCCXXVIII
DCCLXIX
2950
897
MCCLXX
3185
1849
DCXXV
2174
1034
2176
2216
3608
2801
MMCCCXLIII
1512
MMLXXXI
DCCXXXVII
1700
MC
MDCCLXXXVIII
3904
MMMDCCCIV
MMCII
MDCIII
MMCMXLIII
MMMDCCLXXVI
DCCCII
MMMCCCLXI
MMMDCCCLXV
3121
MMDCII
1565
CDV
MMDCCCXL
MDXXIX
839
MCCCXII
3173
MCDLI
MDCCLXX
MMCDLVI
MIX
3381
3812
2111
2056
MMMCCXX
3731
DCXXVIII
852
MCDXIII
3026
MMMXXIII
3562
MMMDXV
2668
3094
CDXXV
103
DCLXXXI
MMDCCCXXVIII
MCMLVIII
MCDXXIX
MMDCCCXXI
3414
MMMXIV
348
MCCLXVIII
3430
3262
MDXXIX
MMMCMXLV
MCDLXXXIII
3061
2583
1951
816
MCCCXCVII
DCCCXXXI
1689
2003
MMMDCCXCIX
MMDCCCXC
834
MMCMXXXVI
CCXXIX
3890
211
1931
MMMCDXCVIII
CDLXXXVIII
2293
763
DCXCII
289
MMDCCXVII
471
MMMDCCCLIV
1404
1586
MDCCCLXXVIII
VI
700
DXXVI
1183
960
MMCMI
MMMDCXXV
MDIX
MMMCXVI
2401
1300
MMCMLXVI
MMMCLXIV
MXCIII
3464
2718
1464
1445
3146
1610
1077
2724
1573
2778
MCMLII
MDCLXXIX
1777
MMCII
MMCDV
2300
1489
MMDCIX
LXXXII
CXCVIII
MMMDXXII
591
MMMXXV
MMCCIX
1593
333
MMDCCCLXXVI
3968
2366
DCCCLXXXII
XL
1849
1696
MDCCXXI
583
631
CCC
1010
2008
3492
825
178
MMCDIII
CLXVI
CCLXVII
1682
328
887
MMDIV
CXCV
MMDCCLXXX
1127
MCMXLIV
MXLVIII
MMXXXII
DCLXII
DCLXXVI
2177
MMDCCCXXXII
MCDXXVIII
3522
647
1641
1157
MCDXCIX
MCDLXXX
MMCDVIII
2222
2315
MMDCCLXI
2741
DCXVI
CDXI
XV
1306
MMMDCXCVIII
3870
MMDCCLXXI
10
1589
MDCX
MDXXXIII
MDCCLXXIII
MDCXIV
163
MMCMXXIX
CCII
1261
MMMDLXXXVIII
MMDCCCXII
1862
CCXIX
MMCLXXIV
MCXCVIII
CMLXI
MMMCXLIII
2997
MMMCMXXXVI
3249
MMDCCX
MDII
MMCDLXII
973
MDCVII
2731
CCXLVI
314
334
MMMDCCCXXXVII
54
MCMLXIII
MDCCLXVIII
CCXXVI
MMMDXXXIV
3451
MMMXIV
CMXCVIII
707
3047
37
1636
DCCLXVIII
MMMCXLI
MMCDXLII
MMMCDIV
DCCLXXXIX
2731
2546
MDCCCV
MMMDCCCLXXXVIII
1854
MDCCX
2269
MCCCXXXVI
69
907
DLXV
3985
3972
MMMCCCI
3546
915
426
CCCXLII
MDCCCXXXII
3721
3560
MMMDCCV
DCCCXII
MMCXXIII
3478
MLXXXIX
DCLXXI
3341
544
DCLXXXIII
CDLXXIV
MDCCCLXX
MDLIV
CDXXXVIII
1995
MMMDLIII
1698
3179
458
372
MMDCCXCV
MMMLXXXII
DCCCXX
MMMCVI
MMDCCXLI
MMMCII
1463
15
MCMXXXIV
2512
353
3705
MMMDCCCXXII
DCCVII
MMMDCCIII
MDCCCLXXV
CCI
3438
MMDCCLXXXVIII
1411
3811
3300
MMCVIII
911
678
MCCLXXIX
1468
MDCCCXXXVIII
MDCCCXIX
MCMLX
836
MMCMLXXXVI
CMLXXV
916
MMMCXXII
119
2834
853
1847
2486
MMMDCLXV
MMMCXLII
MMCCCLV
MDCCLXXXVIII
1297
55
MCCXIX
2011
941
3358
2289
DLXXXIII
330
2828
1583
MDCCCXCII
MCDLV
MXXXI
MMDLXII
766
MDCCCLXVIII
1766
MCDLXIV
MCMVII
MCXLVI
MMCCXLI
2421
MCCCXXVIII
MMMCCIV
MMCDXXVIII
MMMDCCC
3157
MMDLXX
513
2479
1912
MDLXXXVII
1554
2506
3282
1600
CDXVIII
2653
MMMCMXCIII
MMCLXV
MMMLXVIII
MMMDCCCXXXVII
MMXXV
508
MMDCCCXX
MMMDCCLXXIX
MMMDXXI
MDCLXXXVI
MDXLIV
MMMCLVI
1377
MMCMXXXI
MMMDCCCLIII
MCLXXXII
2830
CCC
316
2976
MCCCXXX
MMDCXCIX
2025
DCCXLIX
1216
DCCCXLIV
MMCMXXXI
1997
483
2049
1598
MMMXCIX
2628
MCLXII
2847
2568
MMDCLXVII
762
DCCXXXI
MMDCCCXCVIII
3960
MMMDCCCXL
MDCCLI
MMMCCXIV
MMMXCVIII
MMXV
738
1957
MMDCLXXII
MMMDCCLV
DCXL
1757
MMMCCCXXIX
DCLXXIX
3701
MMCMXVIII
MMMCXXXV
2904
MMDCCCXLIV
MMMCLVII
MMDC
147
MMCCXCIV
486
2504
MMMCCCXCII
170
LXVI
MMMCD
MMCDLXXXIII
771
3497
1427
MMMDCCCXCVII
DCXCI
880
696
3864
353
MDLXXII
1993
MMMDCXXV
1468
1617
MMMDXXIV
MCMXVI
CMLXXXIX
MMMCCCXXVI
DLVIII
MMDVIII
2679
DXXVIII
MMXXXVII
1595
1806
MMCMXLIV
698
1408
3294
MVIII
2305
MCDXCI
2277
2566
2673
2835
CCCXCV
3120
2626
3531
MMCMXVII
MMDLIII
189
MCDXCV
208
775
MMLXXVII
MMMDLII
MMMDLXV
DCCCLXXXIX
MMDXCVI
CMXXII
3017
2656
DXXXIV
51
996
952
CMXXXIV
MMDXL
LXVII
MMDCCCXXIII
MMDCLXXIV
3069
1256
2367
MMDCCCXXXIV
DXXII
3442
MMCCXXXII
MMMDCCCXCIX
MCCCXXXIV
MCXXXVII
2022
MMMCMXX
1439
819
839
MCLXXIII
2477
DCCCLXVII
2602
716
361
446
839
1988
MMMCDLXII
1026
MMDXXXII
1616
MMCXC
2937
MMMCDVI
MDCCLXXXIX
3791
CMXXV
1397
2496
CXXIV
3613
1866
2593
3214
MMMDCLVIII
MDCCXXV
3838
652
MDCII
490
709
MCDXXIX
MLXX
1956
MMDCXXIV
1840
3152
CCLI
MMDXXIX
1850
CCCXXIX
3528
DI
MMDCVIII
MCCLI
MDLXXXVIII
2313
457
3061
MMMCMLVII
MMDCCCLXXXIX
MMDXXXVI
CDLII
MDLIX
545
2220
MDCXXXV
MMMCMXXV
MMMCXXXVII
MMCMXXXI
1172
MMMDCCCLXXI
1503
3129
MCDXXIX
CDLXXI
MMMCCCXXXVI
2196
MMMDCCLVIII
MMCCIV
2161
3365
3997
1860
2688
3126
MDCVIII
2245
MCMLXXX
3675
MMMCMXXVI
2608
MCMXIX
MMMCMXCI
2346
MMMDCCLXI
MCXXIX
2522
2241
CMIV
MMMDCCCXXXVIII
MDCCIII
2993
2613
MMMCMLXXII
230
MMDLXXXV
2465
3448
758
MDLXVII
CCLXV
590
994
338
1559
MMCMLXIV
3484
MMDXL
3410
303
3252
751
MCXVI
3463
MMCCCXXXVII
2280
MMCCCLX
MMMDCCCXXII
MCXXIV
3728
2764
1399
1256
2865
MMMDCCCLXXIX
MMMDCCCXXXII
MMDCCLXIX
2225
MDCCCLXXIII
2932
3943
85
CCLXV
MLXXXIX
MMCXLIII
MCDLXXXIX
1269
1345
DCLII
2899
3843
MDCLVII
1885
50
2863
MCCXXXVII
DCCCLXVI
MMDCCCXXXV
3357
MCCCXXXVI
MMCXCII
118
MMDCCCLXXII
CMLXII
229
3815
MMDCCL
3566
MMMDCCCLXVIII
3293
MMMDLIII
MMMDCCLXXX
230
MMDCLIII
MCDXLVIII
MMCDIII
DCXX
MLXXIII
3988
CCLXXXV
MMMDCXCII
3224
MDCXCVI
98
DLVIII
966
MMMCLX
MCMXXXVII
X
MCDLXXXIX
1412
DLXXXI
CCCXXXIII
MMCCXCVIII
DCCCII
MMCCCLXXXV
MDCCX
3321
1337
520
MCDXLII
1107
1605
MDCCCXLII
MMDXI
MDCCXXII
416
MMMCMVIII
MMMDCCLXXXIX
59
MMMDXXXVI
MCCCXXIV
3767
2762
2591
MMMDCCCLXXVI
3613
3562
DLII
MMMDCCCLXXVII
MDCCXXVIII
3207
MDCCVIII
MMMDCCCLXXXII
MDCXXII
1005
227
2399
MMMCLXXXI
MMDXXVII
1418
2139
CXCVI
2035
2693
MMDCXCV
MMCI
MCMXL
MDVII
CXXXV
3713
1327
MMCDXIV
CXXIX
MMCCXCI
DXXXVII
3195
MDCXXXVIII
3030
MDCXLIII
145
MMCMXXXVII
MCDXVIII
MDCLXI
CMIII
MMCDXXXV
MMMDCCXCVIII
MCXCVIII
3265
3707
1980
MMMCCCXXVII
MMCMVII
2678
MMCDXXXVIII
807
VII
DCCIX
3803
MMMLXXVII
MCDLI
MMMCMV
2418
CDLXXIV
MMLXXVIII
1579
CCLXXII
CDXII
MMCCLXXXVI
2736
1034
2568
MMDCLXXXIV
3716
1275
2970
3005
CCXXXVII
MMMCCCLXVII
3362
2144
MCCXLI
485
1607
DCCCXLI
1540
3485
2339
1597
MMCCCLXXXVIII
1827
200
CCLXXIX
1008
2693
1469
1445
MDXC
MCLX
1574
MMCDXV
MMDCCLX
2853
1740
1245
649
3057
184
DCCXX
1322
887
MMMCCXXX
MMDLXXXVIII
1082
XCIV
1115
MMMCMXXVIII
CLXXVII
2797
2706
1240
888
MMMCLXXIV
2045
MDCCXXIV
2458
3300
3907
3659
3552
MMDCCXLI
MMMCLXXXI
2447
1911
2150
MXXXIX
MMDCCXLI
MDCLX
3747
2114
MMCCLXXXIV
MDXLVI
1573
3094
1529
2015
1356
2594
MMMDXL
2718
DCCLXVII
MMMDLXXIV
922
2289
MCDXXXI
XXX
MMDCXLIII
MMMLXI
1173
711
655
MMDCCLXIII
MMMDCCCV
MMDCCIV
MMMCCCLXVI
2345
MCXXIV
MMCMXCIII
MMCLX
MMMCCLXXXV
CDLXXI
DLXX
MMCCXCIII
MMMDCCXLVII
MMMCMIX
2510
MCCXLV
834
3233
633
872
MMDCLXXIV
1571
2807
MMCXCVI
2871
XV
1940
2488
3983
2721
DXXIV
CMVIII
MMMCCCXLII
3700
3079
116
CVIII
MMMXIV
MMMCXIV
808
226
MMDCCCXXXV
DCCCXXIII
199
MMMCDXC
DCCCXLVIII
CCCXCIII
CMLXII
2247
MMMCCLXXIV
775
100
MMMDCXXIII
MMCCLI
600
827
MCXLI
3548
MCCCXCVI
247
2315
88
2528
2244
MCDLV
MMMVII
232
MMDXI
3941
MDCLXII
1457
3894
3967
MMLXV
3551
DLX
80
3268
972
1246
MMMCLXV
1611
MMMCCCLXXXIV
MMMDCCCXXXII
1473
2867
2207
MMMDLXIV
896
MMCDXVII
895
MMCMIV
1981
MMMDIV
2702
1457
2848
3819
MCCXIX
MDCCCIII
227
DCCXXV
MMCCLXXXIII
MMDLXX
MDCCCXXXI
122
2803
CXI
1099
2053
MCMVI
691
2173
MMMDCCCLXXXIX
1216
CCLXXXI
MMCDII
MCLIV
2515
MMMDCCXXXVIII
2971
34
892
3185
MMDXXIII
1330
914
MMDCLVIII
MDCCC
DCVI
MDCLXXV
3210
MMCCXCVIII
MMMCCCXCV
2282
2966
CXXX
1924
52
MMMCDLXXV
MMDLXXV
MMCMLIII
MDCLXXXVII
MCCXXIII
MMDXXVII
CCCLII
MMMCXLV
1797
2802
MMCCXLV
1996
3447
1624
1910
III
2140
913
3545
3708
MXXIX
2242
2179
MMDCXCVIII
152
3186
LVIII
DCXXI
MMMDCCCII
MMMDCCCLXVIII
2506
2675
MMCXXXIII
1852
2334
1008
MMMCCLXXIX
MMMDCCCLXV
CDXXI
CCLVI
3404
2761
162
DCCCXXIV
LV
2728
MXI
MMMCDXXXIX
3731
578
MMDCCCXLVI
2475
2584
2941
2802
2717
1189
MMDCXLII
MMCMIX
3387
492
MMMCMLXXXIX
3860
2629
MMDCCCXXXIII
MMMCDXLI
3574
MMCLX
MMCCCLIX
MDLVII
MCCCIII
MCXXXVII
CCCIX
MMMDLVIII
MMCCCLXV
2752
483
CCCX
399
3520
MMMCMI
LXXXV
CCXXXIX
2121
DCCLXXXIV
MMMCMXCVI
1472
783
1509
1981
1321
MMMDCCLXI
MMCLXI
2396
2671
MMMCDXXXIV
1285
DCCCXXV
2435
MMMCML
MCIX
CDLXXXVII
3103
3630
MCXII
2398
CMXLV
MDXXIV
MMVII
CCCI
MMCMXXII
805
3769
857
272
MMMCDXV
MMMDCI
3073
MMMVI
MMCMLIV
CMLVIII
1010
MMMCMLXXVI
3550
2539
MDXLI
MMMXXX
MXLIV
288
MMMDCCCXL
MMCMLIV
2485
1712
3800
1246
MLIX
MMDCCLXVII
2180
MMCXCV
997
CDXXXV
1455
2822
MMMCCLXI
CDXXII
MMLXIX
1196
2344
2975
3530
DLXXI
MMMDCCXII
MCDXXXVIII
632
MMCMXII
779
3661
1735
3428
MMMXXVII
MMCCXXIII
MMMXCI
MMMDCCXL
2303
486
MMDLXV
3895
XCVI
MMDCLXV
2693
3624
MMCCCXCVI
DCXLVII
1599
MDLXXV
3748
MCCCLII
2189
1424
MMMXIII
CIV
3208
MCDXVI
2053
MMMCDLIX
MMCDLIII
1863
MCCLVI
1094
MMMCMXLV
2965
3156
MMCXXXVI
MMCXLIII
MMDCXC
651
3758
MDXLIX
MMCCCXV
MMMDCCVI
3829
2520
MDXXXVIII
2532
MMDXXVI
1679
MMDCCLXVIII
1061
2090
MMDXX
1439
2026
DCCCXX
MMMCDLVIII
MMMCDXXXII
MMCLVI
MMXCI
CMXXVI
MMMDCCCXLVII
3841
CLXIII
MMMCXCI
MMDCLXXXIV
CDIII
MMMCDXXXVII
2404
1017
MCDXIII
3713
2649
MDCXLVI
MMDCCCXXXVIII
2359
MMMCLXXIV
959
MMMDCCLXII
1296
MXL
MMMDCLXXXVI
746
DCCCLXXII
2347
MCLXVII
MMCCLXXIX
1452
3231
DLXXII
309
3811
1008
MMMCLVIII
DCCCXXVIII
MDCVIII
MMCCCLXXI
2117
MMCMLIX
3684
2162
3414
MMLXXVII
MDCCXCIII
1516
2010
MMCCCLXVI
DCCCXX
DCCLXXII
MMMCLXVII
635
MCMXXXI
MMDCCCLXXXVIII
MCDLIV
MMMCMLIX
CCXLVII
2588
CC
972
MMMDCLVIII
1200
MCCCI
93
189
2710
MMDCCCLXIX
2312
MMMCCXXXV
MCCCVII
DCCLI
MMMCCCLXXXII
1859
3091
MDCCVI
MLXXXIII
MMMDLXVII
MCCCVI
97
CXVIII
MCXXXVII
MMDCIV
3165
3351
3795
DCCCLXXVI
3843
611
1126
3135
CMLXXVIII
904
3639
MMCMXXV
3114
2576
1684
MMMCMXXXIX
MMDCCLIV
2532
MCCCLXXVII
2042
3938
3039
MDCCXXIX
DCCCXCV
MCMXIV
MMMDXVIII
1413
MMLVI
MMMCXCVI
980
MDCCVII
MMCDLXXXII
1981
1353
2112
MMCCLXXIII
1814
MXX
MDXL
1591
MDLXXXV
2572
MDCCCI
518
MMMCLXVIII
1543
3255
MDCXV
DXLIX
MMCXXXIII
MMMDLXXI
3520
MMXVII
2944
506
2102
DCCXLII
MCXCVII
MCXLIII
413
3437
MMMDCXXV
2541
1291
MMMDCCCXXXIII
MMMDCV
MCCXC
2985
1232
MMMDCCXLIV
1704
MMCDLXXIV
1826
MDLXXIII
MMCVIII
MMMCMLI
2022
MMDCXXIX
MCMLXXVI
CDXLVII
3821
2387
MMMDCCCLXX
2069
2128
2121
1000
MMCCCLX
2534
331
MMCLXXVI
MMMDCCLVIII
DXIX
3036
3234
909
MMMDCXXXV
MMMDCCXXXIII
DCCCLXIII
MCDXLIX
334
MCXLIV
3695
MXXXV
MMDCCCXCVI
3735
CMLXXXIV
MCCCIII
1727
563
1858
CCCXLVI
2534
425
MMMDCLXXXVIII
MMDCLVI
2176
MMMCCXIX
2499
MCCCXCVIII
MMMCDLXII
MCDXI
DLXXVI
468
MMDLXVII
MMCXXIV
MCCCLXVI
MDLXIX
1225
DCCXVII
MMCXCIII
1718
2905
CCCLXXI
MMMDCLXI
3836
MDCXCI
2334
984
MMMDCCXII
MMMXXXVI
386
1767
LXII
3220
MMMDCCCLIX
MMCLXXI
1991
MMMDXXXIII
MMMDLIII
CCCLXVI
1055
2956
MCDXLII
2133
MMMDCXCV
MMCDVI
MMDXCVII
3483
1170
MMMDLXVI
79
3275
3138
MMDCCCLXI
343
MMMDCCCXCIV
MMMDCIV
DCLXXII
2504
1408
505
2325
1562
3983
560
1997
1254
MDCLXVI
MCCCXCIV
2600
1166
MMMCCCV
2783
3124
998
2314
2594
8
2874
2948
CLI
1673
373
CMXLVI
2906
MCCLII
3235
659
342
MDCCXIII
MMXXXIV
MCMLXXII
1794
111
CDXXIII
2307
1096
2691
DCCCLXXXV
MCMLVIII
1303
2521
306
MMDCLV
411
2205
MMMCMV
2092
MCMLII
MMMCXXVIII
723
MMDCCCXXXVII
2621
MMXLIX
CDLXXXIV
MMMCCLV
MMCMXXXVIII
1689
DCII
MMMDCLXXIII
MMMCXXXI
1772
MCCXXXIII
MMMDCCXL
2449
MDCCLXXXIX
MMDCCXCI
2790
MMCLXXXVIII
2495
DCLXXII
3840
MMMCCCLXXXI
MMCLXXXIV
564
2720
71
2024
CXCIV
MDCXXVI
3738
CCCXII
CLXXVIII
3664
3159
170
3205
382
738
CCCXLV
MDXXV
CLVI
MCDLVIII
MMCLXII
XII
MD
2741
10
MDCCCXCII
1892
MMMLXIV
2271
MMDLXXVI
LXVIII
MCMVI
DCCLIV
MMMCXCI
612
2389
MMMDLXXXI
MCDLXXX
MDCLI
CDXCVII
571
3139
MMMCDLXXVIII
MMMDXCVIII
1217
MMMCLXX
1520
MMMCLXXV
692
3620
MMDCLXXXVIII
CMLXXXV
MCLIX
MMMDCXII
125
MMCCC
1295
1882
MMMLXXVI
3623
CCCXCIII
702
1785
DCXLIV
CLI
LXVII
MMCMXIV
CMLXXIX
20
1694
MMMCCCLVIII
MMCCCXXIX
1574
3738
MMCCLXI
MMCDXII
142
2460
MCMXI
MDCCXVII
3719
MMDCCCXI
3884
2583
MMCMXIII
LXVIII
MMDCCCIX
695
MMMCCCXCIV
MCXVIII
3314
MCCCLXXXVI
MMMLXX
MMDCXXV
MMDCCCLXVIII
MMMCXCII
3495
233
1306
1286
MMCMLXXVII
3619
3410
MDCCCXXXVII
MMMCCXIII
DCCL
DCCXXI
MMMDXXXVI
MMCCCXLIX
2097
660
MMCCLXXIV
2944
2127
1913
MCMXVII
MMCXIX
738
MCMXLVI
MMDCLXXI
1318
3594
1232
MCMLXI
MDCCXCVII
2795
3927
380
MMMCCCLIX
933
2638
1114
MMCXXXIV
MMCDVI
MMDCCCXXV
MMCCLIX
1781
3890
3439
3297
MMXXII
1224
1405
MMMDCCXXX
787
191
1522
3895
2922
MMMCXCVIII
MLXXI
MMCLXXV
CXXIX
731
3123
1842
CCLIV
CLXXXIII
MCDXXXVIII
MMCMXX
CMLXXII
LXXXI
MMMDCCCLXXI
MMLXXXVII
MMDCXLI
MDCCXXXVII
2719
961
135
1743
MCDXCIV
MMDCCLXI
MMCMLXXXIX
1166
DXX
1978
3142
3449
1353
MCDXX
17
3808
534
2839
112
1992
MXIV
460
CCCLXXXIV
3382
101
3734
973
MMMCCLXXVII
MMCCCXCVII
MDCCXLII
CCLXXXIII
1067
848
428
MMCDLXXXVI
453
MDC
MCCXVI
MMMLXXIV
MMDCVII
1955
3020
MMCMIII
718
MDCCLXXV
MMDCCCLXIX
434
MCXXXIII
1766
MDCC
2041
2674
MMMCXLV
1980
CCXXXI
237
3150
3365
3339
MMMDCCLXII
MCDII
MCCCLXXIV
MMMCCXCV
DII
3392
2326
1673
3360
DCCCVII
3768
MMMXCV
CCCLI
MXXX
MXXIV
2905
1858
MMDXXVII
2279
MMCCCXXXIV
3310
32
3893
10
3653
499
2744
795
MDCXVI
MMMDCCXII
1453
MXLIII
2383
2573
DCCCLXXIX
3377
380
MDXXXII
2314
MMMCCXXVII
MMCCCXCVI
MXCII
923
3385
MMDCCCXXXIII
1685
DCCCXXXIV
789
2507
MMDCXLVII
2724
CLXXVIII
MMMDLXI
1143
915
475
3368
MCMLXXXV
MMCCXCIII
3478
690
3808
MMMDLXXXVIII
MCCLXIII
MMCLXXII
1651
1209
MMXLIX
CMXXVIII
945
163
2166
2106
MMMCCI
1381
MDCCLXXXVIII
3888
MMMCCLXXX
3495
IV
650
622
447
366
254
3340
3275
1428
MMLXVI
3999
MCDXLVI
CXXI
3533
459
572
MMDCLXIX
CXXV
MDCCXCVII
2593
3834
CCCXXXVI
MDLXVI
MMCMLXIII
MCDXXVII
MDCCCXCVII
MMDVIII
XXX
2298
629
MCCCXXI
3690
MMMDXII
CCCXXIX
MCDXXXIII
MMMDCXXIII
CDLI
3220
3560
2309
MCLXXIX
146
CCCV
1609
MMDXXIV
CCCLXXIV
787
MMCCLXV
DCXLVII
CMLVI
3840
MCDXCIV
MMMDCVII
3704
CCII
3578
1169
MMMDCXLV
MMCDXLIV
LXXXVII
DLXXXVI
101
MMMDCLXI
MCCLXXII
916
MCCV
MMMXLV
MMMCMLXXVIII
CCCLXVIII
1535
CCCXLIX
428
DCCLVI
3858
MMDCCXXV
2885
1270
MMCXXII
MMLXII
147
3
MCCXCVI
MMDLVI
MMMCDXVI
MCXCI
2090
2577
MDCCXXXVIII
MMMDCCXXVIII
2206
1484
MMMCMXCIX
2490
3750
2588
CMLXXXVIII
715
3453
CXXX
MMMCXCVIII
3532
2458
MMCCCLVIII
1056
2577
MMDCLIII
915
2115
740
CMLXXXV
MMMDCCLXIX
1351
3327
2248
3716
3911
1289
MMCDXXIX
588
1801
1523
MDCCCXLVI
CDLXIV
MMDCCCVI
MMMDXXXIV
MMMCCCXIII
MMCMXC
1084
MDCCCLXX
MMCMI
MMMDCCCXXXVI
3149
2497
509
MLIV
1125
MMDCXXIX
797
MMMCMLII
DCCXX
2981
MDLXXVI
MMMCCXXXVII
3216
CLXVI
MDLXX
402
1424
MCXLVII
3101
MMCCXIII
2113
MMMCCLIX
MDCLXIX
MLXIII
MXII
MMXX
LXXXVIII
1231
MMLIV
CCLXXXV
DCCL
1243
MMDCCCLXXXII
3383
1317
1886
2325
MMMDXIV
MMMDCVII
1710
MMCDXXXV
2267
2274
MMMCMLXIII
3748
2861
MMMDXXI
MMMCLXXVIII
807
3080
MMMCDL
249
MDXVI
2181
MCCCXXI
MXCI
MCCCLV
2265
1856
MCMXXVI
CDLX
CCCLXV
77
MDCLXXXIX
2164
3669
MMDCXCI
1689
CCXXXVIII
2643
3180
2737
3884
MCCLXXXVIII
CCCXLVII
MMCDXXXVII
2787
2725
MCMLXXXII
2947
MMCDLXXVI
MCDLXV
3461
MMMDCCL
3936
3914
MCMIII
3920
MMMCMVII
3114
CMXCI
2189
1099
MMMDCCCXXXVIII
CLXXXVII
CMXLIX
3960
MMMDXXXI
MXXVIII
1909
MMMCMXI
2810
MMMCI
3987
MMCCCXV
3906
388
MCDXXI
1183
195
3663
444
865
687
MMXXIX
3963
3413
3927
1526
MMMDCLXIX
MMXLVIII
907
DLX
2726
1959
2676
LXII
3531
MMDCXCIX
MDCCCXXXI
2967
2256
MDCCXC
CML
MMMCCCXLVIII
DCCLXXIII
2961
1309
MMDCCCLXXV
MMMDCXXXVII
MMLXXXVII
MCCCXXII
365
MDCXXVI
2590
MMCDXIX
MCLXXV
MDCCCLXXX
1259
3815
611
880
MMDCXIII
DCXVIII
1281
2917
MMCCCLXVI
2518
1191
1207
3584
CCCXXXI
2994
MCCXLVIII
MMMCDXCI
DCCCXLVI
CDXV
DXCIX
DLXII
1405
1140
3241
CLXXII
2351
DCCXXVII
MMCCCXCV
406
3933
2671
DCXLII
MMCMXLVIII
MMMDV
MMV
430
2779
MMXXI
1514
2580
MMMLXXXVIII
1347
725
1197
1375
MDCCLXXXIII
2954
2560
MMCII
MCLXXX
MMMDCCL
MMXCIX
3737
DV
XLIII
MMDCCI
MDCCXXXVI
1771
3981
MMMCMLXIV
MMMDXXXII
DCCCXXX
DCIX
2103
894
DLIII
DCCLXVI
3471
1277
278
3399
3633
DCCCXC
2132
1464
2088
MMDCCCXLIX
MCCCXCVI
MCXVIII
MCCLXII
3145
CMXXIV
2512
CD
MMMCMLXXVI
3924
MMDCCCXXVIII
MMMCXIV
936
2932
2133
1352
3848
MMDCXXXVIII
2094
MMMCMLXXVI
MMCLXIII
583
3051
1447
MMMCDLXIII
MMMDCCXXV
CMXII
1928
MMCCCLXX
MCCCXXVII
633
MMMDLXV
MMMXVII
MDLXXXIII
MDCCLXXIX
MCCXXXII
CXXVI
2901
MDCCLXI
615
2174
MMCCCII
3219
3787
3331
952
DLXXV
1555
MMDCCXC
2404
1929
CXXII
1648
MMCDLXI
926
1102
2999
MDLXV
DXLIX
DCCCXC
MDCI
1209
2896
MDCXLVI
733
XLVII
MCMLXXXIII
CCCXXXIII
MMMDCCCXXXV
DCCLXIV
261
456
MMXXXVI
2503
DCX
MMCDLIV
MMDCCCLXXXVIII
1921
MMMCMXXXIII
MMCCCLXXXII
3718
DXXXV
CMLXXXIV
CMXXII
MDCCXXVIII
3494
253
MDXCVII
3009
MMCCCXIII
MDCCCLXXIX
2360
1454
MDCXCIII
2570
DCCCLXXXIII
3148
XXXIX
DLXIII
3173
XLIV
MMMCDXL
MDCCCX
DXX
MMCXXXIX
2170
MCCLXXXII
MMMCCVII
224
3129
MMMLXXXIV
2130
MMMDCCCXVI
182
1907
DCCCXLVIII
MDCLXXIX
1856
MCCCI
1797
130
MMDCCCXXXIX
MDCCII
MMMCDXCV
916
MMDCCLXXXV
3320
2886
MMDLXXXVIII
DCCCXL
1948
3677
1789
3716
MDXCV
MDCXXXVIII
150
3460
3200
MXXXIII
CCCXLIV
DCCXII
2543
MMDCCXXXIII
DCCLXXXIX
2898
359
2571
2601
CCXX
191
576
MMMDVIII
MDCCIX
MMMDCCLXXIX
320
1208
356
MMDCCLVII
3676
MMCCCXXXIV
61
1563
MMDCXCI
CCLXXXVIII
2670
LIX
MMDCCCI
MMDCCCLXXXIV
769
MCXI
DCXXXIX
1616
2386
2697
2730
334
2163
3964
3748
MMCCCXXX
MMMCLXIV
2891
447
3559
MMMCMLXXXVI
DCCCLXXIV
MMDCCCLXIX
1458
1453
494
DLXXI
MCDLXV
3402
3713
403
MDXCV
MMCCCXIV
3651
MMCCLXIX
3244
MMMDCXII
CDXLV
CLXV
1570
MDCXXXVI
MMMDCCCXCIV
MMCMLXXIV
3588
MMMDXXXI
MDCCCLXII
MDCXXXVIII
MMCXLVII
MMMDXII
1800
3137
737
178
580
DCCXXIV
1220
DCCXXIII
VII
MMCDXLVIII
365
MMCCLVIII
266
MMDXVIII
301
IX
897
513
MMMDCLXXXVII
449
3471
3505
2057
2930
MMCMLXXXIX
1562
MMMDCXCIII
594
96
879
DCXLIV
3251
MMMCCXCVI
DCXLIII
MMXXXIV
3678
MMDCCCLXVIII
MMMCCCLXX
1065
MMDCCCLIII
2808
3191
2764
1270
1338
CLXXIV
MCCCLXXII
MMMCLVI
MCXLIV
MMMXCVII
MXXV
MMMXCIX
2300
211
XX
MMMDCCCXXXVII
MMCXXV
3100
1858
941
1934
MMMDXXXIX
MMDCCCXX
937
MMCCIV
MMMDCCCXXXVII
MCMLX
3605
366
MMDCXXXIV
3283
1817
3875
944
MMDCCLXXXI
MMDCCCXVII
553
MMDCCLVIII
MMMCXII
1291
MMCLXXVII
MMDCXII
1360
3451
MMCMLXVIII
2775
MMLVII
MLXXVIII
1205
3798
MMDCCLII
281
662
MMMCXIX
MMMCDLXXVI
MMMCDLXXXVI
3319
1044
726
MMLXXXIII
MDCCCLXIII
511
420
CCX
MDCCX
3166
CDXXXVIII
1313
3972
MMMCMVII
MMMCDXLVII
MMDCCCLIII
2207
MMCDXLIX
1097
MMCMXX
2199
1531
147
CCC
2057
2404
MMMCLI
1501
MMMCMLXVII
2684
DXCII
XVII
2288
1734
2645
1575
MCMXXIII
MLIV
CCIX
MMMCCXIV
949
MMDCCCI
MCCCLXVII
MXXVII
DCCCLXXVIII
3912
MMMDCXXXII
1415
MMCCCLXXX
MMMCCXXIV
MMDXCVIII
MCDLXIX
2844
MMDCXIII
675
MMMDCXXXVII
MCDIV
2139
MMDCCLX
MMCCCIX
1390
MMMCCXXXVII
2445
MCXCVI
3629
MCDVI
CXXXIX
2576
3584
3152
CCCXIV
DCCCLVIII
3691
3337
MMDLXI
MMCCCXII
CCLXXX
MMDCCLXIX
2779
MMMXLIX
2612
3886
ML
MMMDCX
2791
2979
508
3221
153
MMMCXL
MMMDCCXXX
MDCCCXLIV
2379
MMMLX
MMDLV
MMMCDXXVII
MMMIX
2916
MMDXIII
DCCCIX
1398
CCLXII
CMXVIII
MMCDLI
966
MMDCLXXIV
MMDXCVIII
MCLXXXV
1597
CCLVIII
1655
CMLXXIX
2024
3289
1153
MMMCLXIV
34
MMMCCLXXVII
MCCXVII
1653
MMMDCCCXV
MMDCXLIII
3848
MMXXVIII
1105
3460
CLXIX
DCCCXXIII
1740
300
1099
MMLXXXVI
2370
CMXCVII
1884
MMMCMLVI
449
MMCCCI
1986
1696
MCCCXC
2941
1264
MCCCXC
MMCXXIX
1422
MMCXXXIV
2360
1760
3382
3095
MMDCXI
2048
1400
2583
3982
117
MCMLXXVII
389
DCCCLXXXV
LXXXIV
1930
MCMXXXII
MDCCXCIX
3082
MDCXXI
2023
DCIV
MDCCXCVII
MDCCCLXXXV
3727
1612
1111
1214
1788
CCCXXXI
3066
2540
MMMXXIX
MCCLXXIX
MMMCMXXII
3268
993
MMCCCXX
3094
MMDCCXIII
MCDLIX
MMMDXCV
1752
MMMCDI
523
CCXLII
911
MMCMXIV
DCCLV
961
1822
MMDCCXLVI
MMCCXXIX
MMMDCLXXXV
CDXXVI
1404
372
MMCMLXI
MMCMXXVII
CCCXXXVII
MMMII
LXIII
MMDCCCLXXIII
2153
3966
2333
MMMCCXLVII
XXXV
MCXVIII
MCCXVI
DCCCLXIX
MMMCLXIII
3466
3149
MMDCCXXXIX
MMMDCCCXXXVIII
63
DCCCLII
MDCCCXLI
MMMDCCCXC
MMLVIII
3630
XXXIX
3072
MCCCXXVIII
3345
2639
DCLXI
MMCCCLXXXIX
2253
2571
MMMCCLXXI
MMMDXXX
DCCXXXIV
94
3903
3751
MMCCXCIX
3663
3771
1874
CCCXXVIII
MDXLIV
MDCCXCVI
2364
XXXII
1660
MMCDXLI
258
3270
MMDCXVIII
CXLIV
MCCCXV
2326
MMCCCLII
441
DCCLX
1613
2214
MCMLX
635
MMMCMXXVI
2068
1442
1134
1281
MMLXXXVI
587
MDCLXXXIV
1908
MMMCDXCVIII
MMDCXXII
1085
83
MMCDLI
MMDCVIII
3756
2376
CLXXXIX
1680
150
1300
3355
DLXXVIII
3399
CMXVII
2838
MMCCCV
420
1317
MMDCXXXIII
CDLVI
1197
2049
XXXVIII
2565
336
3270
MDIII
3638
2619
MCDXXXV
1084
DLII
67
MMCMXCIV
CCCX
MCDLVI
3126
CXLI
DCCCXLI
MMCMVI
MCXLIX
1474
1019
MMMDCCCLXXIII
XX
MCMLXI
3715
94
1404
429
MMMCXVII
3475
3805
2656
2061
MMMCXCVIII
2317
649
MMDCCCXCIV
3994
MDCCLXXXVI
2857
CMVI
MMMVI
DCCLI
2303
MMMCCXXXIII
MMDCCLXXVI
MLVIII
112
717
MMCC
3479
MMXX
2037
3706
1252
MMMX
MMMCLXXXII
3198
996
MMCCCLXXXVII
3620
MDCCLXXV
725
2977
1999
1337
LXXXVIII
DLXXIX
MMMCMXXIX
MCCLXXXVI
3357
MMLXXIV
MDCCCXLIII
60
2032
MMMDCXXVIII
1508
2611
325
371
74
MMMCCCLXVIII
DCCXXI
3613
DCLXXVII
MMMDXXII
1402
2222
1678
MMMCMLXXXVIII
2572
MMCXCIX
3878
MCCXLVIII
CDLXIV
MMMCDIX
3135
1775
MDCLXXXIV
3109
1875
MMMDXX
3095
869
DCCLXIV
3146
217
MMMCMXLVIII
CCI
MCDLVII
3767
MMMDCCCXLI
518
MLXVIII
MMMCDXLI
353
2292
MMIX
MMDCCLIV
2978
3667
CCXXXI
MMMDCXXIII
MMMCCCXLVII
MMDCCLXVI
2489
2304
1108
MMDCCCXXVII
3254
686
20
MMDCCXLIX
MDCCCXXV
MDLII
260
MDCLIII
DCCXLVI
1816
MMDXLIV
3163
3704
CCLXIX
2632
2713
DCCCLX
2106
CM
139
2087
387
2654
3819
2552
2734
DCXXXVII
1207
MMDCCXI
2928
MMMCCCXVII
MDXXIII
CMXXXVII
273
MMCLXVIII
3594
MMDCXLIV
1755
DLX
2504
CLXXII
1056
44
MMMDCCLXXXIV
CLXIX
CMXLVIII
3662
2621
1129
MCCLXXXIX
MDLII
MMMDLXXIV
3663
MMMDII
MMCMLXXIX
2170
MCCCLXVI
1943
3063
CCCX
3417
2279
MMXI
24
MMCDLXII
300
1957
3344
MMDCCCLVIII
DCXXVI
1775
3131
2621
MMDCCCVIII
MCXLIII
DCCCLXXXVI
CCCLIII
MDCCCXX
MMMLXXXVIII
MMMDXCIII
3226
LXXXIII
1332
MMMDCCLXXVIII
MCCCXLI
2460
MDCLIII
LXXII
2123
2221
1077
1612
277
MMMCCCXIII
MMMCMXVI
3938
3109
MMMCDIV
MMCCCLXXXIV
MLXXXV
DCCCLXXX
MMDXXX
MCCLXIII
2014
MMCXXXVII
VI
1336
DXXVI
3677
MMCCLXXIV
MMMDCCCLXXI
MMMCMLXIV
331
DCCLXXXII
2964
650
1630
MCMXLVIII
2232
1586
MMMDLXXV
MMMXLVI
1415
MMXXXI
3456
MCMLXXXII
CCXVII
MMMCLXXVIII
MMMCDLXXXIX
MMDCLXXXVI
CCLIV
CMXVIII
240
2361
1156
3556
3608
XC
3773
1963
2456
3032
MLXXXIX
2394
MCCLXI
234
3064
655
DCXXXIII
2155
MMDXCIX
DCCCXLI
DCCXCVIII
671
1823
MCXXXIV
2863
3281
420
1395
3636
1132
468
MMCCXLI
MMMDCXL
3369
3744
32
MMDLXXII
MMDCCCXCII
DCCCXC
2925
MMMLX
CCXXII
3765
MMMCCCLXXXIII
3256
1490
2721
MMMCDLIII
1369
3137
3716
2451
MMMDCV
1280
2634
MMCXCIV
1078
MMMCMXXVIII
1747
MMCCCXLIX
MMCLXXXIX
136
MCDLIX
MDCCLXXVIII
MMCDXCII
2764
CDXV
MMMDCCLXXX
CVI
MMCCLX
MLXXVIII
1774
MMDCLXXIX
MDXXXIII
MMMXLVII
DCIII
MMMCDLXV
3595
3090
227
2392
3077
CXCVII
2785
3599
XLIX
1401
DCLIX
MDCCCLX
MMMDLXVII
DCCCXCVI
788
2583
MMCCX
MMMDLXVII
MDCCCXIII
1721
853
1817
MDCCCLXXXIII
CCXLVII
2739
MMMCDLXI
MMMCCXXXVI
CCCVI
2586
328
1297
MMMCLXXIV
3755
2038
MCMXVI
CCCLIII
MMCCCLI
3139
MMMDXCVIII
MCCLI
3509
1899
DCCI
1571
MLXXXVIII
928
MMMCMXLVIII
919
114
CCXCVIII
356
305
MMMCMLXX
MCCXXII
2773
1498
MMMCDLI
146
3053
CMXCII
3320
1385
1181
MMLXXII
2496
1406
MCCXL
MMMDCCLXXII
490
MMMXXXVI
MMDLXXXI
MMDCLXVIII
CCLXIV
1370
3503
256
MMMLXXXIV
CXL
MMCCCIV
MIV
MMMDXCVII
3540
3602
CXX
MMDCCXCV
3309
823
MMMDCCLVIII
MCMLXXXVII
MMMCDLXV
CCXXIII
2732
CXCI
DCCLXI
1476
1723
2541
DCCCXL
205
2096
1393
DCLXXXIV
3429
2697
CDLXVIII
MMDCCCXLIV
DLVIII
MMMVI
DCC
CCCXXXV
3019
MMDCCCLIX
MMLIX
MMMCCXCI
MMMLXXXII
3738
2514
2132
2118
MMMCMXXXIV
MCMXXII
MCXLII
2773
2360
2376
MDCCXCVI
3552
MMMCMLX
MMXXXVII
MMDCCLXVI
3373
1649
1659
MMMCMXXXII
MMCCCXLIX
MMMDLXVI
2582
MMDCCCLVIII
2531
MMMCCCL
1952
3464
691
CCCXL
617
MXX
MMCMXVII
DCCCXXIV
MMMDLII
1292
MMIII
1113
MDCCCLX
MMDCLXV
MMMCCXXXII
MMCXLII
MMMDLIV
114
3141
MMMCCCLXXV
MDCCCLXVIII
277
2914
29
MMCMXCV
MCV
1064
CCLXIII
1045
1790
MMMDXXVIII
969
3529
MDCCL
72
MMMCCCXXIII
MMMDLXVII
2325
2664
1801
CCXXVII
55
2356
2559
DCX
MMCCXXXVII
39
1795
977
2581
DXL
CCLVI
MMDCCXXIX
MMMDC
3950
MMMLXXVIII
MCDXXXII
3946
2734
MMMCXXII
2327
DCXCI
3056
MMMDCCCLXVIII
MMXLIV
292
MDCCCXLIII
3486
MMMDCCCXXI
MMCCXCVI
3717
1026
MMMDCLXVI
813
MMDCXXXIV
1619
MMCDXXVI
MMDCLIV
MDCCCLXXXVII
MMMXIII
1276
MMMXCV
959
CLXXXIII
2522
561
MCXXXIX
2873
CDLXXVIII
1553
MMMDCLXXXV
MMDCXXVII
CML
MCXXX
MMMDCCXCI
MCLXVII
CDII
1619
MMCLIII
1172
MDCCCXV
MMCCXX
MMCXCVII
877
MMMDCCCXXXIII
724
MMCCLXXXII
MMCXXIX
MCD
MMMDCCXI
3124
287
MCCCLXXII
22
805
MCCXXVII
MMMDCCX
43
MCMXXXIII
1339
MMCCCVI
3595
MMCLXII
1319
677
3652
MDCXXII
3654
3742
3023
3068
2956
1788
3585
CCXIV
548
MMCCLIII
MMDCCCLXXIX
MCDX
2297
MCLIII
561
3196
MMMDCCLIII
MMMDXV
MMCMVII
1261
490
2210
MCMXCIII
MMMCCLXVI
1748
CCXCV
3338
MMLXII
MCCCXXXI
DCXXXIV
MCLXVIII
403
CXLIV
3932
3768
1017
C
1663
505
3944
DCCVII
1627
2979
MMMDCCLXVIII
MCCXXXIX
MDCCLXXXVII
DCCXIX
MMMDLXXXII
MMCLX
3330
MCMXCVIII
MMMCCXLIX
MMMCMX
3811
3188
2229
3059
MXXX
1464
CCXLIV
924
114
407
95
571
8
MCII
579
DLXXII
2669
MMCDXI
2601
309
3408
MMMCCCXV
883
MMMLI
924
CMXV
MMCCCXVI
724
1202
MMMDCCCXXIII
410
MMMXXXV
2847
MCXXVIII
448
2545
MMCCCXXXVI
2896
1058
MMCDI
3212
1663
MMMDCCCXCIX
MMMCDXXXIX
2004
3276
MDCCCXCVIII
MMMCDLXX
CXII
LXIV
MMCDV
3941
844
MMMCDLXXXI
3696
1025
3436
MDCCCVII
MMDCCCLXXVII
2403
1015
1295
DCCXXVI
3431
3790
3515
1839
166
CDLV
3804
719
2096
302
1301
MMCXLIII
DCCCLIX
3247
1053
MCDXLVII
MMCCII
DCCXCI
MCMLXXXIV
1838
1906
358
DCXIV
DCCCXC
807
CCLXXI
MDCXXXIII
644
1361
MCMXLVIII
1842
2438
2761
MMCX
260
290
DCCI
1874
MMCMVI
2389
MMMCXVII
1299
1626
DCXXXVI
664
897
MDCCCLXXV
MMMDCCCLXXXIII
1741
1203
3580
MDLXVIII
2814
303
2792
MMDXXIII
441
MMMCI
1999
3812
DCCCXIII
3264
2584
MDCCXXX
1404
454
2997
MMMXCVII
MMDCLVIII
3647
MMMDCLXXXV
MMMXX
MMMXVII
MMMDCCCXX
MXXII
3980
3847
MMDCCLXIV
MMXCVIII
MMCDXLIX
3178
XC
MMCCLXXII
1478
3326
CCCXLV
2
MMCMXIII
CCCLXXXIV
633
MCDXVIII
CMLXXXVI
MMMDCCXXXIX
2881
MMLXXXII
MMMDCCXXXI
1732
656
MMMDCCXI
1017
MDLXI
1475
3728
MMCCCVII
336
MMCCCLXXX
44
1292
MMMCDLXXXV
MMMCMLXI
1218
1776
669
MMMDXCVIII
2463
2848
2507
80
1686
MMMCVIII
MDCXLV
DCCXLII
MMMDCCLXXXIII
466
MMMCDXXXVIII
928
MMMCDXLIII
3362
MCCCLI
MDCCX
2612
3046
MMDCCLXXIV
2758
XLI
DXXII
1989
754
MMDXXXIV
MD
MMMCCCLVIII
2110
MMCCCLXXXIX
3354
339
244
2276
MMCCCXX
3504
MMMCCLXXXII
MMMDCCCXLI
3623
3294
895
2257
MDCCXXV
MCDLXIX
MMMDCCXXXII
MMMDCLXXVIII
MMCDII
359
MMDLXXXVIII
248
MMMCCCLX
MMMCLXXII
1849
DCCI
MMCXI
3925
MMMDCXVI
MCLXXVI
MDCCCXCII
MMCXLV
MCIV
3493
MMMDCCXVIII
MMCCIV
MMMCMLXXXVIII
2571
MMMDCCCXXXVI
1403
MCCCXXVII
MCCXLVI
224
1453
MMDXXVII
CCLXXXIX
1371
MMDXXXV
1087
1107
2334
DCXXII
1489
MCXXVI
3305
39
DCCL
1113
1440
DCCLXXIV
MII
MMMCMXXXIV
MCMXXVIII
MMMDCLIX
MMMDCCXXX
2414
MMCMLXVIII
3857
MMCLXX
CXCIX
CLVIII
CDXXVI
MDXLIII
245
2097
MMMDXLV
MMCMXXII
MDXIV
3779
MMCCXVII
MMDCCCIX
2045
28
2216
MMMLXXXV
3951
2662
144
DCCLIX
MMCCVIII
1720
425
1019
MMMCMXLVII
MMMDCCXXIII
MMCLVIII
64
MDCLXVII
3134
MMMD
DCCI
967
2008
MMCDXXXII
3367
MCCLXXXV
3610
1433
1905
DCCXXXV
MMDCCXLIV
DXLII
1445
1196
DCCCIV
MDCCCXVI
1881
442
MXCVIII
2793
1494
884
3222
MMMDCXIX
CXIII
2665
3002
3849
MMMCCCLXXII
MMCCXLV
MMMCLXXI
943
MCCLXVIII
MMCMXCVI
1358
3532
1621
2933
1588
MMLXIX
MMMCDXXXI
MMDCCXVI
CDLXXVI
3740
MDCXXVIII
1708
MMDLII
1806
2526
MMDCCLXXVIII
1901
1723
MDCXLVIII
DCXCI
3158
1193
3941
MMMCXII
3743
MMCMXLI
MMMDXXXIX
3962
MMXLI
MDCCCXLVIII
CMVI
MCMLXIII
1285
MMCCLI
MCC
1540
MCXVIII
1838
1092
40
3756
MXLV
MMDXLVIII
MXXXIX
MMLIX
MMCCLIX
MMDCLXXXIV
MMCXI
285
MMDXXXII
80
912
CXXXVIII
MMDCCCXIII
3279
MCIV
3538
MMCDXCII
MMCDXXXII
3476
876
98
MMCCCXXIX
85
CCXLVII
2141
MMMCDXXXVII
2735
MCDXV
MDXXXVII
MDCLXXII
MMMDCL
2957
2139
2323
MCMXXXV
CCCXCV
152
426
MMXVIII
MXXVIII
MMCCCXXXIV
3752
MDCXLVIII
2393
2178
3538
MDCCXXIII
CXCIX
3770
2485
3810
DCCXLIV
MMMCMLXIII
3320
3018
1595
MMMDCCCLXVII
1390
MCDLXVIII
MMDCXXVI
252
MMDCLXXXI
1675
MMCDVI
MCCCLXXXII
3299
MMMCLXXV
CXCIX
3720
MCMLIX
693
MCVIII
2742
MMDCVIII
160
3768
474
MCC
MCI
2392
1726
DCCVI
LXVIII
3374
MMMCCXXIV
1503
MMCLXX
MCCCLXXVI
2642
2225
613
MMMCMLVI
MCCCVI
MDXLIV
MXXX
MMDV
MMMDCCCXXIX
3745
MCCCLVI
MDCCXLVIII
CMXV
CMLXXXIX
538
2206
1026
764
1398
2129
MXXII
MMMCCLXXIII
DCCLIX
DCCXCI
232
904
1251
2796
3846
MCMLXXIX
2968
MMDCCCXXXI
MXLII
1033
3951
DIV
3387
CDXLVI
MCCCLXXV
3691
MDCCCXXXVII
MXXXIII
MCXLVI
3373
833
70
CCCLIII
MMMCCCLXXIV
MDCLXII
973
MCDXCIII
CCXC
856
146
MCDXIII
CMXCI
1358
3131
805
MMMCCCVI
69
1391
2622
CCCLXIX
667
3226
2025
1460
DLVI
MMMCMLXVIII
MCMXLVIII
233
CDLXXX
158
MMMCCC
2710
1723
719
1522
837
2456
3606
3416
MDCCCLIII
3220
3125
MMDLXX
2833
MCCLXXIV
2887
MMMDCXCIX
2210
3633
2370
128
3454
1126
1596
MMCMLIV
MMMLXVII
MMMCDXCVII
1666
2705
MMDLIX
1426
1341
1976
DCLXXXIII
1567
1185
MCCCLXXIX
3337
3473
928
MCMIV
MMDCXLI
3252
MMMCDXV
MMMDLXXVIII
MMCCCLXVII
CLXXXI
CCCLI
MCXXX
MCLXXX
MMMDCCCXXI
MCDXXXVIII
635
MMMDCLV
CCXLII
MMMDCLVII
DVI
1508
219
LXXVIII
MMMDCCXXVI
1989
MDCCLX
MMDXXXII
851
MMDCCXLVIII
MDCCLXXIII
MMCCCXLIX
3
MCCCLII
2563
MMCMLIII
DCCXXXVIII
MMMXLIV
592
3532
2252
384
1729
2650
DVII
3392
MMCMLXXXVIII
633
MCCV
1606
1680
2833
MMMLXXVI
1017
3928
1075
DCCLXXVIII
3993
3738
DCCXLVII
MCMXXXIV
MMDCLXIII
DLXXII
1544
MMCCCXXXIII
MMMCXXXIV
MMCCXVIII
DCLXXXI
CMLIII
MVI
432
MMCCCXVI
MMMDXXIII
MMDCCLXXI
MCCLXXIII
2295
3339
1485
CDXCV
3468
MMMDLXXXIV
1249
835
1723
MMDCCX
3953
MMDCCVI
MXXVIII
MDCCLXXI
1309
MMMCMLXV
MMMCCCXIV
2577
178
2085
3480
1496
MMMCCCXXI
MCDXCVIII
DLII
MMCCLXXXVII
402
1550
MMCMXXIX
1660
MMMDCLXXVII
3911
2497
3486
3203
MMMDXCIV
MMDCXLII
DCCCXII
DCCCLIV
517
2662
1319
MDCXLVIII
MMDCXCII
2280
505
3689
3124
CDIV
2446
3036
MMMCCIV
282
3182
MMCDLXV
2067
MMDCXII
DXLVIII
DCCCXVII
1510
1034
1027
3621
MMMCDV
MCCCXI
621
MMDXXV
MMCCXVII
1997
MMMCCCXCII
MCXXIV
MCXL
1946
2079
MMMCCCXLIII
CDXXXVI
MCMXIV
3830
255
MMMDXXV
CMXCVI
417
639
2418
MMCDLVI
MMXC
MMDCCLXXII
MMMDCXCV
1305
3066
1777
1490
CDXXXV
MMDXCVII
MCDLX
CXLV
1399
MMDCLXXXIV
MMCLXXXIX
3851
CMLIII
MMDCCLIX
CMXXII
MDCCXXIV
CDXLIII
1661
1381
3097
MMCMXLII
120
1559
3730
MCDXLII
3988
MXLIV
2551
3252
MMMCDLIX
1622
182
MMMCCLIII
MMCDXII
MDCCCXVIII
MCXCI
3218
1672
MDCLVI
935
MCDXXII
2463
MMMCDLXXXI
1195
70
2373
2772
DCCLIII
MMDCCCLXII
2406
1398
MMCLXIV
CCCXL
479
620
MDCCCLXXV
3940
MMCCCLXIX
3211
DCL
3307
2682
1749
DCCLXII
3936
CMLI
MXI
2298
CMLXXII
3756
3654
114
719
MXLIV
MMMCCCXV
1227
2823
3733
DCCXLV
MDCCCXIX
3359
1659
519
MMCCXLIV
1000
3700
3438
1396
2850
MMLXXVII
31
MDCCLXXXIV
MMCXCII
MMCCCLXXVI
MMMXV
475
3386
MMMLXIII
2269
DCCCXCIII
791
1448
MMCCLXXXIX
CDI
2215
MCDXXXIX
2012
MMDLII
MMMCCXLIX
3294
MMMCDLVI
MMMCMLVII
MDLXXV
MMCMLVII
DXCVII
1540
MCCCXIX
3984
3783
3827
MMCCCXXX
2141
MMDCCCLXXIV
65
MMDCXXVI
CCCLXXX
MMXLIII
MDXIX
2785
1135
CDVII
MMCDLX
3910
DCCXIV
2957
3960
1179
MMCCXCIII
1230
1306
MCDLXV
2875
2187
MMMCMLXXIII
561
MMMCDLXXIX
MCX
CIII
1842
MDCCLXXII
1016
1188
MMMDCCCXII
3040
1359
MCMII
3002
MMMCCCXVIII
MDCXXXI
MDCCCXLIII
3581
3416
MMMCMXXVII
3873
2694
2406
3967
3324
836
3583
2732
CDLXXV
239
3252
1997
806
MMMCLVIII
2155
MMMDCCLIX
MCCCXXVI
MMMCXXXIX
1447
422
184
870
1544
3047
3447
CCXLV
1944
CMLXXIII
1119
3440
1212
260
MMMCLXXIX
MMMDCCCXIII
2845
MCMXCVIII
2689
3548
1896
138
951
MMDCCXXV
MLXIV
MDCCC
3687
MMCMXXXIII
MMDLXXV
3108
796
MMCCLXXIX
MMDXCVIII
MMXXIII
1437
MMMCMLXXVII
MMDCCXII
327
MDLXV
3277
DCCCLXXX
3013
3479
MMMDCLXXIV
3977
1961
MMDCCLVIII
235
2038
985
DCCCXIV
174
DLV
3007
MDCXXI
1743
CCLXXXIX
MMMDCCCIX
MMCLI
3311
151
MMDCCLXXIII
MMDLV
2821
3879
MMMDCCCXLVIII
1605
1611
1632
2841
179
2285
MMMCMXXXII
1498
3300
MMMDLXXIX
MCML
MMDXXII
CMXLIII
358
MMCXXXVIII
MMMXCII
MMMDCLXIX
MDCCCLXIX
MCCCXXIII
MMDCXCVII
700
MMMCCCLXXII
XXXIX
MMMXIV
MMMCDV
MMCCXLI
2765
DLXXXIV
376
MMCDLXXV
MCCCLXVIII
2446
CCCVI
1602
3141
CCLXXXIII
MCXCIII
1667
MCMXXV
3917
MDCLXII
MMCDIX
DCCCXXXVIII
MMMDLXXX
CMXLVI
MCLXXII
MMMDXIV
CCV
MLXXVI
MMCCCXV
326
1140
MDCCLXXIII
1970
97
CCXX
DCCCXL
347
1829
MMMDCCCXLV
MMDCCXLIII
MMCDLXXI
3586
1561
DLXVI
993
MMCDLXXXII
MDCCCLII
DCCCXLVII
2554
CLVI
MLXVI
MMMCMXCIV
DCCLXXIV
DXXXVIII
1631
MCLXXI
CCCXXV
627
MCCCXLVIII
2346
MMMDXI
MDCCXXIII
1718
MMCCC
3366
2542
1507
453
1905
3309
116
2287
1828
MLXXXII
2124
MMMCMXXXV
MMCMVIII
MCCCXLVII
MMCCLXXXIV
MMMCCLIX
1906
MXLI
CII
2067
MXIV
98
MMMDCCCXXIV
1231
MMCDXXV
753
MDCCCXXX
1777
MDXL
MDXXIV
CLXXX
3544
CMXXXIV
3486
3452
MMDCCCLVI
3477
2480
MMCMXIX
MMCMXCIX
MMMCCCLXXVIII
3751
1292
DXVIII
MMCCCIX
MMCCXVIII
2839
MMMDXIV
MMCDLXII
2036
1904
MMMCCVII
MMDCCCLIII
284
MMMCMLIII
398
MMLXXXVI
DCCXCVIII
1204
1015
3527
MDCCCVII
MCCCXCVIII
CCCLXXXVII
CCLXXVI
MMMDXXII
MMMCCCLXXV
MMCXXII
2381
1361
1743
MMMDCCXXIII
1393
MMMXCIII
1069
MMXC
MMMCLII
MMMCDLIV
1601
MMMDCLXXIII
2753
1387
MDXXXIX
MMXLVII
MMMCMXXVII
1029
MMCMLXVI
2731
MMCCXLI
1508
150
3611
2379
2092
2257
1393
2074
MMDCLXXIV
CCCXXXII
MMDCCLXXXIV
MDCCLXXXII
MDLX
81
86
1837
MMDCCLVIII
1635
MDCCCLXXXIII
2717
MCCCXXXV
1861
MMDCCIII
MCCCI
MMMCMXCIV
MCCCL
213
MMMCMLXXXVI
2795
MMMCXLVI
1514
DCCCLXXI
MMXXVI
1694
3326
CDXXV
MMMII
1161
XII
554
2672
2132
2471
714
DLXXVI
MMMCDLXXXIX
1589
DCCCXLIX
MCCXXVIII
2678
MMLXXII
303
MCDIX
MMMCCCLIII
3603
MMMCCCV
MDXXVIII
MMMCIX
MMDXLIX
MCCIII
1065
MMMDCXXIII
MMCDXXXVI
MMMCDXLI
1864
1890
2271
MMCLXVI
1491
MMMCDXLIII
MDCCLXXXI
2628
MMCCXLIV
MMMDCXLVI
2356
2816
382
3124
DCXVI
MMCXC
2580
254
MDCCLVIII
MMDCCXLI
2227
3051
MMMXXXIX
MCDLXXVIII
MMMDCCCLIII
MMMDCCXCVII
MMDCIX
MDCXXXV
3236
967
CMXCVI
3337
MMDCCLXIII
MMDCLVII
CMXXIX
MMDCXXVII
MMLXXX
MMCCXCV
3994
DLXXXV
MCCCXXVIII
MMCMLXXII
MMCDXLVIII
MMMCMXXI
3663
MMMCCLXVIII
MCDIX
MMMDCCCXIII
MMCCXXXI
MCCCXXI
212
DLXXXIII
1133
MDCCIII
1847
3036
1559
MMDCXXXVI
DLXXXVI
CCXXXV
3493
MMMCDXXXII
1538
CLXII
444
2409
MCCCXL
486
MDCCCXXXVIII
3530
MMMCMXII
MXXX
MMXXXVI
405
3795
1276
MMXXXIV
3160
613
CMXLI
1841
2757
3671
1676
1306
MMXCVII
CDIII
MMMDLX
MMMCXXVI
DCCXLVII
DCCXCVIII
2014
3431
MMMDCLXXVIII
MDCLIV
1197
MCDLXXVIII
MCLXXXVII
MMMCXXXII
2666
1731
3001
MMMCLXX
3480
MDCCXXXIV
MCDIX
MDVII
3268
MMMCCLXXI
1571
MCXVII
MMMXXIII
MDCCCLXXII
MMCCLXI
IX
3049
MMMDCCCLXXXIX
2480
MMMDCXXII
MMMCMXX
VIII
3390
2445
1870
1100
MMMDCCLXX
CCCXXIV
MMCD
MMMXXXIX
199
MCCXCV
873
716
2925
MMDLXVII
3377
1892
MMLXVI
3909
961
MMMDCCCXII
CXCVIII
MCCLX
1633
2106
2887
MMCMXXXVIII
DII
1036
1631
MMXV
MDCCXVII
DCCXXXVIII
MMMDXV
MMMCMVI
MMMDLIII
3648
MDXXXIV
MDII
2452
351
2047
479
MCDXX
2950
2619
479
CMLXX
CCCLXXV
MMMCDLV
456
MCCCVIII
MMMDCXXII
MMCCXXI
MMMCLXXVIII
MCCLXXV
CCLXXXVIII
3195
MMDCCCLXIII
2704
1210
1058
2428
MMMCCI
DCXLV
2261
1913
MDCCCLXIV
3712
2551
3919
MMCDXLI
434
801
DCCXXXI
MDCCXXXVI
CCCIII
MMMDCCCLV
42
CCXXIV
2572
DLXXXIX
MMDCCXIV
3788
3268
3685
3094
MMMDCCCXIII
MXL
931
2187
3633
3333
234
DCXCII
MMMDXLIV
2940
1534
3302
537
1626
MMCMXXIX
MCCCLXV
CCCLXXXI
DCCXI
3281
1949
1551
MMCCCLXXIII
CCCLXVII
MCCCLXXIX
3351
CCXCVI
2268
MMMCDLXXXVII
1381
68
1156
238
CXXV
744
3800
MDCCCXCIII
DCCCLIX
MCDXCVIII
CMXC
1173
MMCMLXXVIII
359
MMCCCXXXIII
MMCDLXIX
MDCCLIV
2052
MMDCLXXXIX
883
1626
MMDCVII
MMDCCCXLI
MMDCCCXCIV
432
MMDCXXVIII
MCMXCII
108
MMCX
216
1107
CDLXXXV
2482
MMDCCCLIX
MMMDCXCII
3804
MMMDCXV
CLXXVIII
3298
MDCXXXVI
MCCCXC
2453
372
MDCCCXXII
CMXXXV
1222
356
MDCXXVIII
MMDCCCIX
XXI
1224
3484
MMDCLIII
2104
MMDXXIX
MCMXCV
884
1873
1617
2316
438
2978
CDIX
2389
MDCCCXXXIII
MMCMXXIV
1733
797
1077
CMLXXII
CCXXVI
MMMDCXXIV
MMCIV
MCCCLXXIV
MMCMXXIV
3597
3545
MMMDCCCXII
3064
695
3243
MCMXXV
MDCCCLXXXIX
3216
2117
456
MMCLXXVI
MMCXXVII
1998
3435
3187
MMDLXX
MDCXXIV
2296
1678
MMCMXXVIII
2995
DCCXV
MCLXXXII
MMCIV
MMMDCXLI
909
MMMCDXLVI
MDLXIV
720
833
MMCCCLII
MMDCCXIX
1699
208
2277
1653
LVIII
DCLI
MMDCCCX
DCCCLXXI
MMMCMXLVIII
CCLXXXIV
1186
1
1473
2832
MMMDLXXV
CCCLXI
550
3040
DCCLXXIX
2112
1447
997
2581
MMDLXXXI
MMMLXVIII
MDCLXIX
2643
2208
2552
320
2910
MMMCCCX
MMMCCCVI
2042
MMMCDLXXI
MDLXXXII
3244
MMDXVIII
1661
950
3802
MMMXLIX
1662
2788
2943
3142
CDLXV
421
MMMDCII
MMMCMXXXIV
3796
1528
3460
MMMDCCXLV
151
1765
DXLVII
MDCCLXXXIV
3139
871
MMCDLXXIV
2156
1612
CDXI
1175
MDCXC
CCCXCVI
2022
MMDCCLXIX
2307
MMCCX
MMMCXXIX
228
MCCXV
CMXXIII
1087
MMXXV
3981
3423
MMMDCXIX
407
CLXXVIII
1618
MMMCDXII
3891
433
26
MMCMLXIII
1621
MMMCDXXI
3624
CLXXXIII
CDXIII
MMMLIII
3726
3560
MXIV
1453
MMMCDLXXXV
3603
MMCCCXXXVI
MMMCMLXXXV
MCXL
2753
MCCXCI
MMMDCCXXIX
MMCCCLXXX
2040
CMXXXI
MDXCIV
MMMDCLXXI
MMMDCCCXXXI
MMMDCCLXXI
2056
1923
3865
MCMXXVI
MMDCLXV
MMMCLXXXVI
1682
MCXXVIII
1486
MMDLXXV
MMMCCCLXVIII
3112
DXXXIX
MDVI
1466
MMMDCCCLIX
3337
DXXXV
1629
MDCCLXV
MMMDCXCVIII
DCCCXCIV
MMDCCCLXIX
CCXIV
MDCCXXXIII
2364
3401
MMMDLXXV
857
MMCDXXXIX
MXXIV
MCCLXXV
3744
MCDLXI
3806
DCLXXXVI
MCCCLXXIII
215
2704
2109
2868
3295
MCDXIV
2894
MMMDCCCXLII
1900
2215
387
MMDLXVII
2619
MMMCXXXIV
1516
715
MDCCCXXXVIII
MMCCXXV
3682
MDLXXXIII
MMMCLVI
MMMCMXCIV
CXXXV
MMDCCCXVII
MCC
L
1834
40
3840
1941
3840
3065
2340
LXIII
2799
MMCMXCII
1910
3063
2340
MMCMXC
MMDCXCVI
3910
MCXXIII
MMCCCXII
MMCXCIV
3486
MMMCMLXXXII
1959
1100
MMML
MXXXVI
MDXIV
263
MMCCLXXXVII
MMMDCVI
1614
CMXXIV
1544
MMMDCCXCI
611
XLI
MMMCXVII
2340
650
XXXIX
3189
MMMCDLXXVII
MMMCCXXIX
MMCDLVI
MXLVI
MDCCLXXVII
2684
3970
2312
1790
CCCLV
2440
CCXL
CMXXXII
2756
MDCCCLXXXII
3839
3704
CCVI
3714
2567
2147
3918
2238
3669
1352
MMMC
CMIX
MMMXC
MMMDLXIX
2985
DCCLIII
3107
2170
2132
1401
MDCCXXXII
MCCXIII
MCCXLIII
MMCLXIII
MMMDCCCLXXIV
1351
2728
CMXXIII
MMCCXLVII
CCCXVI
3530
3419
3847
DLXXXI
MMMDLII
3541
2069
MMMDC
3204
2055
MMMDCCXXIII
DXVII
3462
MMMCXVI
2644
3276
1957
MMDCXXV
3325
MMXCIX
MMDCCCXXXIII
2941
1947
MMMCCCXCVI
2379
MMDCXL
2139
MMCDLI
3345
DCCCLXX
MMMDCCXCI
1130
2352
MMMCMLXXXIX
3816
MXC
MDLXXV
CCCLX
1597
2164
3195
1196
MMDCCXX
1928
1025
3509
MMCDXVI
MCCCLXXIII
2855
3617
MMLX
CCXXI
MDXXIII
MMDXIX
MMDCXV
3927
MMMDCCCXII
1097
871
MMMCCXI
CCCXCI
DCVI
678
CXC
796
CMLXXXVII
MCCV
1468
3343
LXXIX
MDCCCXXXIX
3889
631
2703
284
CCCI
MMMCDXI
MMDCLXXX
MMMCLIII
1974
MDCLXI
1546
2223
1477
MMMCCCXXIII
3362
1502
1904
1755
MMMDCCC
3104
2774
2533
869
MMMDCCCLXXIV
2317
MMDCCCXII
MMDCCCLVII
414
MMMCMXX
MMDCCCX
3516
MCMLXIX
3511
3890
1044
MCMXLIV
DCCXCIV
726
1869
1249
2461
699
MDCCLII
2181
950
3462
MMMCCXLVI
XXXI
441
MCLV
MDXIV
MMMCCCXLII
3099
MMLXXXIX
CMXCIX
297
3830
3836
CDXIII
2352
215
MMXCIX
MMDCCCXXXVII
MMDXCIX
3687
MMDCCXLVI
MMMDLXXIV
968
2378
2506
1279
MMDCCCLXVII
2708
1706
MMMDLXIX
MCDXXV
415
532
MMMDCCXVII
2214
3692
672
MDCCCXLVII
844
41
3251
2603
3460
MMDCCXXVII
MMMDCCCI
1655
562
MDXIV
1362
2284
1659
3614
3751
2691
1462
1407
2787
MMMCMLXI
2220
MMMDXLV
1596
3543
2535
689
1474
3438
1198
678
DLXIII
MMMLXXXVII
MLXXI
3089
MMMDCX
MDCCLVII
973
985
1511
3930
DXCVI
DCCXVII
3138
MV
MMMCMLIX
66
MCCXXXV
CDVI
3877
1320
3082
MCDLVI
1205
2473
807
MDCCCXXII
2809
MDCCXLIX
454
MMMCCLXX
285
MMCIX
2975
XIII
DCCXCI
2922
MMMDLVII
MMMDCLXX
3628
MMCDXXXIX
3454
MMDCCCXLI
MCCLXXX
MMMCMII
2610
3666
MMMCDLXXX
2671
3697
MCCCXXIII
1228
MCCLV
1823
2095
MCCLXIII
DCCLXXIX
CDLXXI
LII
1570
MMDCCLXXXIV
LIX
1929
MDCLIX
1201
1520
1980
MMMCCXCVI
DCLXXXIV
MMCCCXXIX
168
305
MCXI
MMCDXXVI
MCC
3893
MMCCLXXXIV
MMMCMVI
2814
2363
2288
81
CCCLXXXIX
DCXI
MMCV
MMMDCCXVI
1939
MMLXXIX
2175
446
MMMCMIII
647
MMMDCCLI
1251
3813
MMDCCCXL
2253
3395
CCCXXVIII
MCCLV
CCXV
MMMXXVIII
DCXXVII
DCCLXVI
2702
MMMDXXII
MMMDCCCXXIV
MMCXXIV
414
DCCCV
1423
3062
3164
1414
3621
2196
MMMCCC
MDXV
2325
630
MMDCCLI
MMCCXLIX
3420
MMCXCVII
1647
MMCMLXIX
2210
XXXVIII
CCCVII
MCXXII
DCCXC
2002
3845
325
MMCCCXXXIX
1711
MLXXXIV
MMDCCXXIX
MMMCCCXL
3429
MDCCCIII
MMMCCXCIX
2165
MMMDCCCXCV
MCMXLVII
1139
755
2764
2760
MMDCCXXXI
1030
316
286
3258
MMMCD
3409
2276
1716
67
DCCCLXVI
MCDV
MDXLVI
MMCMXCII
MCDLXII
557
944
2241
MMCCLXXXVII
MMMDXXIX
1073
894
3022
3502
MMMDCCCXXXI
3626
3200
3554
2387
MMX
304
3054
MMDCCXC
MMMCXCVII
MMMCCCXLI
870
1379
479
MMCXXXV
1133
3129
MMMCLX
2033
2050
932
MMMCCCXLVIII
3311
1279
3112
MCDXC
MCCLXIV
VIII
3249
2904
CMLXXIII
3225
MMMCXLIV
3264
XLVII
2670
3545
921
MMCMVII
MMCCCLXXXI
CMLXXXII
MMMCCCX
MDCXXXIX
2712
3074
MMMCCCXIII
MCCXLVII
1931
3053
3102
1948
MMCCXLV
2090
CMLXXXVI
CCCXVI
MMMCCLV
MMCCCXCVIII
MCXLVIII
1947
3504
MMMDLXVII
1983
1777
1271
CXIII
2336
DCCCXLIX
MMMDCLIX
3287
873
MMMCXLIII
MMCCCLIX
MMMCCCLXIII
MMIX
595
MMDCCLVI
MMMDCXLIV
CCCXXIX
MCXLI
3978
DCIX
MMCMLXI
2103
MCMXLV
MDCCLXXXIX
1062
CCCLXVII
2746
MMMDCXCII
MMCMXV
MMMDLV
528
2985
1699
XXXVIII
1686
DCCCXIX
CDLXXXIII
MMMCDLII
3306
401
2223
1861
MMMDCCXXI
171
530
MCCXLV
68
MDCXVII
3360
MCCCI
1477
MMMXXIII
MMMCDLXV
1941
MMCII
2099
2937
MDXII
MMCLXXIX
437
2653
MMMCDXLIV
MCXCVIII
2800
2105
MMCCCVIII
2183
MMMCLIX
1946
MMMDCCCI
2703
249
MMCCCLXXVI
MMMDCCLX
MMMDCLXI
2264
3058
MMDCCLXVI
CMXCVII
MDCXXXVI
821
MMMCXVII
MMMCDLXXIX
3207
MCCCXXII
MCDXCVI
VII
1346
CMXXXVI
457
574
1724
1592
670
3848
CXLIII
DXXIV
422
MMMDCCLXIV
DCVII
1981
3233
CCXLIX
MMDCCCXII
CDXLI
1817
3066
1953
DCCLXXVIII
984
1944
MCCXLVIII
646
1721
MCLXX
MMMCXXXVII
534
2675
DCXLVII
CCLXXXII
1087
MMCCLXXVIII
3581
3901
MMMCCCXIII
MMMCLIII
DCCCXCVII
2054
2651
192
MMMDCCLXXX
MMCDLXII
1728
MMCXIII
MMDXV
DLXVI
MLXXXIII
2880
2357
MCXIII
2770
127
1545
2727
MMCCL
MCCCLXX
MMCCCLXXII
MMDLXIX
3976
MCMLXXXIII
176
MMCCXCVIII
MMMXXIII
MMCCXI
1390
MMMXXIX
MMMDCCCI
MCDXX
LXVII
2232
3700
1169
1502
MMCCXCVIII
3835
DCCLIII
MMCDXLI
962
CCXL
928
MC
CCLIX
MCMLXXVIII
MCCCVIII
MDCCCLII
MCCLXXII
2823
961
MCMXCVII
1479
ML
MMDCCCLXXII
MDCLXXXIX
607
2185
3769
MXXXV
3628
2414
1019
MCCCXXIV
2265
MMMDLXXXII
3616
3862
MLXXXII
218
MMMCXI
330
627
CDLXXVIII
MMLV
3539
935
MMMDCCLII
CCLXV
3490
MMCDLXXXVIII
2556
2175
2112
DXCIX
MCXCVII
1310
174
2863
CCCXXV
MLXVII
MDCCLXVII
MMMDCCCXLIX
1143
1014
3750
682
MDCCXVIII
DCXXXIII
DCLVII
2755
MMXCIV
3601
1406
XLI
1305
CMXLVI
2089
MMMCXXX
MCMXLVI
DCXXXI
MMCII
MMCCCLI
MMMDCXCIV
1408
MMMCCCLVIII
3612
2442
3173
3016
1079
2608
MMCCCXLVI
XXXVII
XVIII
237
3059
979
MMCDLXXXI
3017
3637
2362
DCLXXX
MDCCCXI
2434
1485
MDCCXXXVI
1694
3477
866
2147
MMCXCII
764
923
MMMDCCLXXXI
213
CDIII
CDLVIII
3434
3026
2860
MMDCLXXXII
MMMLXXX
2360
MMCMXLV
3713
MMCCLIII
381
3212
980
MMCCLXIX
1516
CMXXVIII
CXXXII
695
3491
3893
MMMLXXXII
MDCCCLXIII
3510
2921
3779
2749
3325
63
MCMLXXIX
MMDLXXXII
DXCII
899
3300
MMDCXXV
127
MXCI
DCCXCVII
MMMDCCXCVI
321
MMXCIX
3963
MMMDCCLIV
DLXXIX
3198
878
1190
579
MCDLXXXI
1795
3873
1287
2244
1739
1242
3302
MDCCXXIII
1889
MMMCDLXXII
3192
MMMCCXCII
955
2494
678
DCCXVI
MMMCXXXI
2111
1972
2532
3494
MMMDLVIII
2239
2780
3195
MCMXCVI
3975
1358
2797
3130
DXL
1615
MMMDCXXXII
2894
MMMCDXL
MMMCXXXIX
MMMCVIII
1990
1574
2589
MMMDCCXXIV
1299
MCCXLVI
MMCCXC
3585
MMCXXXII
1941
1552
MMMDCCCLIV
CCCLXXIII
2063
MMMCXLVII
2647
2407
MMCMX
2297
1093
DXLV
27
MMCCL
MCCXLVI
MMMCCXXVIII
MDCCCXXXVII
2809
175
2667
MMMCCXLII
DCCXCI
3281
MDCXXXVI
MMMDLI
MDCCLXXXVI
2398
CLXXXI
1154
389
MMCLIV
3999
1331
DXLVII
2916
LI
MDCXCIV
2516
2323
2475
MMMDCCCXIX
824
MCDLXVII
DIII
CXCII
2448
DIX
MMDCCLXXIV
3796
MCDXXVIII
MMMDCLXIX
MCCLXXXVI
MMMDCCLXII
3741
MCCCX
MCCCLXXXV
LXII
MMMDCLVI
MMDCCXXXVI
101
MDXVIII
170
742
2246
MMMCDXVI
2367
DCCIX
DCCCXLVI
MMMDXXXII
MMMCMLXVI
2818
DCXXI
1549
2911
MDLV
853
2267
MMCIX
MMDCLXV
MMCMLXVIII
MMDXXX
MCCCLXXXV
DCXXVII
MMCMLVIII
423
MMDXLIV
3494
MMMCCLXXXI
836
1249
MMDCCIII
DCLXX
3868
MMCCCXXXVI
2393
2037
MMCCXLVIII
3252
MMDCCXXV
DCCLXVII
2099
1310
1324
CCCLVIII
369
MDCCXCV
1911
MCDVIII
DCCXII
1608
305
3090
MMMDCCLXIX
3783
1669
MMMDCCCXXXVI
2375
2230
MDXXX
DCLXII
1568
3573
1410
MDCCXLIX
1104
209
2003
2342
3187
1089
2345
1777
3226
MMMDCI
993
2315
MXVIII
2384
3261
1567
3075
MMDVI
MMCMVIII
1795
3514
DCLXXII
MMMDCCXXXI
MMMCMLXXXIX
MMDCXCI
1780
MMMDCLVIII
3058
DCCXX
MMMVI
MMMDCCXXXII
1623
MCLXIII
1191
3147
MMMDCCCIII
900
MMCMXIV
2534
2814
1201
MDCIV
2628
3082
3589
MMMCMLXIX
2234
CDLV
DVII
MMCCCXXI
MCXLI
MMDIX
MMMCDXXXVII
2272
114
MMCCCXCII
3761
185
MXI
1842
1525
29
DXLVIII
3081
1698
398
1641
2890
MMMDCLXXVIII
1336
CXCV
DCVI
2574
3604
MMCMLXXIX
MMMCCXXI
682
594
2626
MMMDCXII
MMCDXCVII
691
3288
MDXCIX
MMMCDIX
MDCCXV
MCDLVI
MMMCCCLXXIX
DCCLXXVI
3624
1226
1243
1487
MMCCXXXIII
MMCCCXXXVII
MMDCXXV
3418
126
MMDCCII
CXXXV
MMDCCCXCVII
2468
MCCCLXIII
MCCCXXVII
2555
3465
MMCCLI
CLXIX
2105
MMCCCLXI
MMMXIV
MDXXIII
3464
179
MMMCDLXXI
MMMDCCCLXXIII
3929
MDCCXLIX
3024
MMMCMIII
436
MMMDCLXXII
DCLII
96
MCCXLVI
3239
756
MMMCCLXVI
3534
2634
MDCCCXXXV
709
CCCIV
1747
3656
MMCMLIII
MDCCCLI
MMMDXLIV
MDCXII
MMCLII
1131
MMMCCCXXIV
DCCXCVII
MCXL
MCDXLVIII
MCXXIII
828
CXVIII
3798
2362
MMCCXI
DCCXXV
MDCCCXCVII
1616
MMXCI
2607
MMMCMXX
80
CMXLIV
1134
MDCLVIII
CXIX
MMCC
1643
1038
MCDXLIV
1235
XLVIII
1420
3163
MMMCCCLXXXIX
DXLIV
2741
215
219
65
3563
MMLXXXVII
MMMCCCLI
818
209
11
3352
3130
MMMLXXX
1367
MMDCCCLXX
MMMCIX
MMMDCCCLV
DXLII
2893
CCCLIX
1633
2994
3070
166
MDCLXIV
MMCMLXXV
3574
MDCXCIX
1422
3921
369
3411
925
MMDCCXXXIII
102
MMMDCCLIX
MCCCXXXV
DCXXXII
DCXXVI
LXI
MMMDCCXXIII
MMCDLXVII
DCXLV
MMCDLXXI
1085
598
MMMDXII
MCMLXXXVII
DCCLXXXVII
DIII
MDCCLXXV
659
ML
MDCXC
2947
1134
2410
CCCLXXV
MDIV
MCCCLXXXVI
265
MMDCXXI
MDCLXXVIII
3119
3735
MDCXXX
771
MMCCLVI
3938
DCCXXIX
MDCXIV
MCCXII
553
1764
MCDLXXXIII
3747
DCLXXII
MDCCCXXXIII
MMMCCCXVIII
MMCCCLXXXVII
DCXCII
MCCCIV
MMXLII
2110
CCCLXI
2427
MMXLVII
DCCLXIII
MCCXCI
MMCLXVIII
MCXCI
3653
2580
297
MMDCCCXCVI
3422
DCLXX
MMMDCLXV
MCDXIX
MMML
138
1093
MDCLXXX
2696
1428
3965
207
2049
2590
878
CCLVII
814
2925
2934
1019
1861
2185
DCXIX
593
DCCCXXIV
1584
354
MMCCCXV
MDCXIV
3825
MLXXVII
438
288
MMDCXCII
1918
3108
DCXLVI
MMXXXVIII
MDLXXII
1936
MMCCLXIV
1672
MDVI
3983
2087
2534
MMCMXXXVII
MCCLXXVI
MXCII
1095
MDLV
326
CCCLXXX
2496
1114
335
CLXXXV
CCCLXXXI
2138
366
MDCCCLXXVI
XXXIII
MMCDLX
2447
MCDXXIII
DLXII
CMLXXXI
2162
MMMCMVIII
1499
1686
2069
MDCI
MXXXIV
MCDXLIV
CCXLIII
2111
5
MMMDII
MMCXX
579
CCVII
MMMDCXCIX
MMMDXV
786
MMMDXCI
1405
2238
1951
MLXI
1285
MMMVII
MMCCXC
760
MMDCXXXVII
1535
1841
CXCVIII
3855
MMDLXX
MMDCXLV
CCCXXXVII
CCXVIII
180
3038
MCDI
455
CCCLXIV
91
MXXXVI
CLXXVII
2849
1050
MDXXXVIII
614
CCL
3612
MMMDCXLVI
MCCCLIX
1458
10
MMMDCCCVI
DCCLXXXIV
433
2184
794
MMMCDLII
MMLXXXI
MMMDCXXIV
MMMCMXXXVIII
MCCLXXXIV
1171
MMMXVII
1667
MMMCCXXV
3002
216
3460
2366
MDIX
MMMDCXLIII
2645
3208
MMXXVI
MLXXIV
1403
DCCXII
853
2284
444
MMMDCIX
1477
MMCLXXXIII
DCCIV
313
CDXXIII
2698
MCCCXLVI
MCDLXXXVI
3184
MCXXXIX
MMMCIV
MMMDXI
2236
MCCCXL
2195
MDCXIII
2380
2492
2875
3120
MCXCIV
MMMDCCCLVII
2862
1903
650
3291
172
MCMLXXXVI
MLIII
2475
DCCXCVII
2578
LVII
CCXXIII
1565
2908
DCXL
MCDLI
988
MMMDCLXIV
3595
DX
3250
MMDCXXVIII
MMDCLXIX
MMDCCCL
MMCMXCVI
MMCXXVIII
1587
893
MMMCCCLX
3260
MDCLXXXV
1827
2116
MMDCCXCVIII
CMXC
MMMCCCLXXXIII
1285
3808
XXXV
CDXXI
MMMCMXLI
2824
MMCDLXI
MCDLXXVI
291
3851
MMMCMIV
MCC
MMCDLXXIII
MMCDXXXVII
MMMDCXLVII
2044
1811
744
1554
586
MMDLXVII
482
MMMDCCXXXV
2377
564
164
MMMCMXIX
2259
1415
XCVI
3296
MMMCDXCVIII
MMMXXXII
MMXXV
MDCCXVII
CMLXXXV
1005
227
1961
1517
MMMCLI
MMMCXIX
CDXLVII
MMDCCCLXXXIII
2283
249
MCMXIV
790
556
3428
MMCCLX
MCCLX
MCLIV
3083
506
MMCCXXIII
2707
MDLXXXIX
2645
MMMCDXL
1908
MMMDCCCLXI
MCCLXXXIII
MMMCDLXIII
3248
826
MMMCDLXXXIX
3401
MMMDCCLXXX
2003
1283
350
1793
MMDCCLXVI
3953
CDLXII
C
CMXLVII
2660
2648
MMCXCIX
MMMCCCXXVIII
1183
MMMDCLX
MMDCCCXXXV
2060
MDCCXCII
XXI
DCXCVII
MX
MCMVIII
1427
LXXVIII
MMCXVI
MMMXX
980
1036
3563
MMMCCXIII
MMXVII
1466
282
3375
2470
586
CXXXIX
2320
848
2443
1615
MMMXVIII
CXLI
3166
MMMDCCCLXXIV
3083
CDXCVI
MMDCIX
953
MMMDCCCLXXVI
MMMDCCXLII
1952
901
MMCCCXIII
MMMDCCCXIII
3449
56
MMMCCLIII
424
MDCCCLXXXIII
MDCCC
2299
2380
3710
3261
MCCIX
3271
MMMXXXVII
MMMCII
1542
2526
3993
MMDXXXI
XXXVIII
MMDCLIII
3246
MCCCLVIII
3766
539
3213
741
MMDCLXXII
395
3992
3532
3984
2106
1009
MMMCDXCV
MMCCCLXXVII
MMCXXI
3743
MMMCCXCVIII
3673
MMCDVI
CCCLXXXVII
MMMXIII
CCCLI
MDCXIX
MMMDCCCXXVII
CXXXIV
MMMDCCCXVIII
3277
MCMXLII
MDCLXXVI
3247
MMMDCCCXXVIII
MMMCMXI
MMMDCXVI
3187
665
3063
1567
777
1863
3082
550
2824
MMLXIV
CXI
CCXXV
CCIX
DCCCXVII
MMMDCCCLXXIX
MMMCCCLVII
MMMXLVI
1351
MCDXLIII
DCCLXXXI
518
MMMCMLXXVIII
CDXI
MMCXCVIII
LXII
CMXC
2564
1377
CCCXXIV
2275
1651
CCCLVI
MMMCCCX
MDCCXXX
DCCCXXXIX
722
MIX
MDCCLXXI
CMXLIV
MCXXVII
955
MCLXXVI
MMCXL
MMCCCXLIX
MMMCMLXXXVI
1301
MCCVI
704
2853
MXCIV
2820
959
MCI
2488
MCMLXII
3863
DXXXIX
DLXXXVIII
MMCMXLVIII
MCCCXX
814
MMMCDLXXX
MMDCXC
MCDXVI
MMDCCXCV
MCCLXVII
MMCCCXVIII
3661
3555
2451
MMCDLXVI
2358
MMMDLXI
2803
2700
CMXV
1001
MMDCLXXV
DCCCXCIX
3251
MMDLXV
3081
3748
CCCXLVII
MMMCCCIII
CCLVI
MMCCCXVI
MCDXXXIV
CMXIII
1811
CXVI
171
MCDXIII
MDCCCXXXV
1125
CCCLXI
1861
MDCCCLXXIII
808
2549
MMCMXLII
3532
3837
MMMCDLXXX
3640
MCCLXXI
601
195
3147
1623
2329
3682
MDCLXXXVIII
MMCMLXIV
3448
MMDCCCLIV
3116
MMMCMXXII
3948
MMDCCCXXVIII
MMDVI
MMMDCCCXXXVI
1032
MMMDCIX
MMMDCCXXIX
MCCLIX
MCDXXXIII
MMCCCLXXXII
3568
18
MCMLXXXVII
MMCDXXXV
1359
MMMCCIII
MMMDXXXVI
MMCCXXXVIII
2790
MMMLXXXIV
MMMDCCLXXI
3814
XC
354
MMX
2118
MCLXIX
CMXIV
3311
MCMXXXV
3707
MMDCCXXXIV
CDXLVII
MMMDCCCXLI
MMCCXXXV
1047
543
309
MMMDCCXCIV
MMDCCCXVIII
677
CMLXXXIII
MMCDV
MMMCMVIII
MMMCCCXCV
MMMCDLXI
DCCCXCIII
2712
3649
3008
624
1594
3792
740
DCCCXXV
MMMCMLXI
1729
1960
3444
CCCXC
MMCMXXIX
CLVIII
MMMDCCLXVIII
591
1355
MMDIII
1433
869
MMDCCCXLVIII
3698
3549
765
2298
DCCLXXX
1336
802
2158
DCCXLII
3
MMCDXXIV
MMMDLXXVII
1912
MDCCCXXXI
1630
CCXCVI
MMXCV
MMDCXX
3174
MMCDXXXVIII
357
MMCCCLXXX
1621
MMMCXVIII
MCDLXXX
2727
MDCXXV
CCXXXV
3328
MCCXCIX
1032
3477
127
DCCXIV
MMMDXCIV
MCDXXXVI
723
468
2899
3323
2875
MMDLXII
CCCXXIV
MCCCXXIII
MMDCCCLXXX
1833
MMMCCCLXXXVI
MDXXVIII
MMCDLXXXIX
2628
1329
3154
MCDXXIII
3923
MMMDXXIII
MMCMXXI
MMDCCCLXXX
MDCXXXII
DCCLXX
1602
MDCLXXI
2737
3691
DLXXIV
MMXXIV
MXVIII
MMMDCCXXXIV
38
MMMCXXVII
MMDCCCX
3219
LXX
2147
789
160
MCMLII
MCMXVIII
1577
3322
1646
MDCXXIII
1803
MMDCCCLXXV
3961
MMMCCCXLVI
775
MMCDXXXII
CMXLIII
867
2763
CMLXXIV
3171
MMCCCXLVII
2929
MDCLXII
1552
560
2470
MDCXLV
898
MMMXLI
MCXV
MMDCCCXXIV
1607
3799
DCCCXCIV
1746
CXIII
CCXC
MMCCCXXIII
2776
CCXX
198
1797
856
MMMCCCLXXXII
2643
MDCCCXXVIII
3956
2471
3587
MMCDL
1877
25
DXVII
2044
3559
3620
2937
3779
MMMDCLXX
2333
CCCIII
415
1236
3434
2490
MMMDCXLV
3463
MMMCVI
MMDLXIX
1002
CCLXII
MLXXXVI
363
MMMDCCLIII
MMMCMLVI
MMMXVIII
MMMCCCXLIII
MDLXVI
1190
200
3727
3159
3697
MMCCCXXII
MMXXIX
MMCDXCII
3361
MMMCDLXXV
MMMCCXXXII
3745
62
2103
MMCMXCV
1187
1743
3709
414
MMMCCCLXI
MMDCXIX
MDCXXIV
1919
92
2936
MMCLXV
MMCCCXLV
DLXXXVII
MMMDCXXI
2641
12
MMMDCLXVI
1872
DCCCIII
3509
2256
MMCMXCIX
2887
CLII
LXXXV
CMXXX
MMMCLVIII
MCMXI
MMMCMXLII
1261
CLXXXVI
1341
MMDLII
3069
1447
36
CIV
3499
538
MCCX
2475
2283
MMCDLVI
CCXCVI
988
1454
MMCDXXXVI
3001
MMMLXXII
2271
547
2451
MMCCCLXXXII
MMMCMXIII
MCDLXXIX
MMXLVII
MMMCMLXXXVIII
MMXCI
3570
MMMCMIX
792
MLXXXIII
MMMDCCXCVIII
3556
3654
1658
MMLXVII
DCCXXXIII
MMMCLXV
MMCMLXXII
1175
DLVIII
3910
MCDLXIX
MMCDXXVIII
2595
DLXXII
MMMD
MCCCLXXVI
3619
MMCXCIV
CCC
1360
MMMCMXXVIII
1186
3166
XCII
2464
1522
CDXXXI
MMCCCLXXVII
CDLXIV
DXCVIII
CCLXXVI
2938
DCXLI
161
MCCLXXI
MMDLXXIV
MCMXXI
MMDCLXXVI
MDC
MMMDCCCXCV
2469
DCCCXXX
3610
2086
32
MMMLVI
CMXLI
DCLXXV
3150
1038
MMMDXXXVI
1189
2705
918
CMXXVIII
1267
MMMDLXIX
MMXXX
MMMDCCLXXXVII
3486
252
MMCXXII
1297
750
MMCCCXLV
MMMCCXCIV
1665
2774
2805
1683
MDCCCLXXVII
DCCLXXXIV
DLXXIV
3934
3763
MCXXX
3293
MMXXI
2578
MCCLXXXVII
MMMCDLVI
MCDXCVI
929
MMDCCLXII
1170
1743
MMDCXIV
MDCCXX
677
623
2521
381
3593
1683
74
MMMLXI
3297
MMMDCX
MMDCCCV
MDCXLIV
3699
1126
MMCMXXIV
MMCCCXXIX
MDCCLXXX
326
DCXCVII
1773
MLXXII
MMMXVIII
1038
MMMDCCCLXVII
1564
3579
DCXXXIX
2164
704
639
MMMCCLXVIII
MMCMLXXII
MMLXXXV
3212
2950
1788
DCCCLXX
MDCCLII
3308
MLX
3976
CCCLXXXIX
MMMCLXXXIX
MMMDLXXVIII
2384
467
1205
CMXCIII
MMLXXXVI
MMMDXLVIII
3853
MMMCIX
2436
646
MMMCLXXIV
CCLV
MCIII
2772
MCCXLIX
3140
MMMDCCCVII
MMDCCCXXXII
MCDLXXIV
2044
MCLXXVIII
1343
3873
MMCCCXIV
XXIX
3831
2662
1306
778
2512
1847
MMDCCCLXXX
MXVII
MMMCXII
MMCMIII
MCDXC
MMCDXIII
MDCCXXXVIII
CMLV
2659
2398
MMCXIII
MMMDCCCXX
MMCCCLX
MDCXXI
DCXLVII
3148
MMDCCCLXXIV
MMCLVII
MMMCDLXX
2975
MDXXII
1667
1722
2456
MMCCLXXXVIII
3990
2059
MMMCDLXX
1826
MMCIII
MMDCC
1691
MMDCI
2995
MDXCV
MCDXXIII
2569
MMCCCXX
2704
901
3695
3433
1330
CCCLXIX
420
1182
CDIV
MMMDCCXCIX
DLXIV
CCCXXVIII
2099
429
MCCCLXXII
CLVII
3754
463
MDXCIII
MMMDLXXXVI
MMDCCXVIII
MCDXXXIX
367
2668
MMCCXX
3686
MMCXXXVII
MMMDLXII
MMCLXX
MMCLIII
2582
3495
2623
CDLXXXVII
734
2173
MMMCCCX
MMMCXXXII
3018
MMMDCLIX
2759
2403
MMMCXXXIII
MMMCLIX
897
MXI
CMLXXXIII
CXLIX
674
MMMCDLXIII
MMMCCCXX
CCXLVII
MMMCCVII
132
MMMDCCXCIV
2679
MMCDXLIX
2448
MMMCMIV
MMDCCCLXXXI
DCCXXIX
DCCLXXII
1732
1816
3715
1922
3366
MCDXCIV
MMMCML
MMCXCIV
2381
1720
1056
MMMCCCLXXXVII
2087
3574
MMMCCXXVIII
MMDCCXVIII
DLXXXVII
2860
MCLXXXIII
3002
MCDLV
3560
3508
3307
MMDLXXXIV
DCCCLXXXVI
MMDXIX
DXIX
MMCCCLXXV
MMDLXXII
MMMCDLXXXV
2490
2667
MMDCCCLXXX
1196
MMMCCXXVII
MMMCMXXXVII
MDCCCXXIII
DL
638
676
1478
2748
MMMCCXXXVIII
751
CCCXLVII
244
MMDCCCXLVIII
CCXCIII
MMMCCCII
MXLVI
CLXV
CDLVII
3644
2998
1771
346
CMXLVIII
MMCCCLXV
364
1181
MMCDLXI
MCCXXVIII
3318
2499
MDCLXXXV
MMMCLX
MMCDXCIV
MMDCCLIV
CMXLII
608
MMMCCXXXI
MMMDCCLXXXIV
3135
DCLIV
MMMCMLXXXV
2172
3649
2035
MMDXXVIII
MCCCXXXIII
CCCXCI
MMMCCCXLIX
CML
MDXIV
2155
MMCLVIII
1915
CLV
DCCXCIV
3120
MCDXCII
MCCCXXXVIII
204
2005
MMMCMXLIV
DCLXII
1100
2055
541
MDCXXXII
MMMDVII
DLV
CMLXXIX
1526
1032
MMCMLXVIII
MDCCCVII
2483
1904
DCCXVIII
147
330
MCCXX
MCDXLIX
MMMCLV
MCDXCVIII
2073
3371
MMCMXXII
CDLXXII
2970
MDLXX
MDXCVI
MMDCCLXXXIV
1441
MMMCMLXXVII
2804
3721
MMDLXXIV
MMDCXLI
400
349
MMMXCV
DCLXXVII
DCLVI
1163
CDXXVI
257
3096
959
MCDXX
3539
DCCCLXXVIII
3056
1752
3287
2006
DCCLXXXVIII
CCXXXIII
CCCLXIX
472
3269
278
1470
3718
MDCCCLXIII
MMMDCXXXVII
DXCIV
MMCCCXXXIX
879
470
1762
MMMDCXLVIII
3318
3622
DLXXXVI
479
1925
MMCMLXX
1174
MMMCDLX
LIV
1661
1157
DCLXXVI
MMMLVIII
MMMDCCXLIV
3028
MDCCCLXXX
3351
3101
MMMDCLXXIII
MMMCDXXXIII
MMCCCXCVII
MMMCCXLII
3293
1992
MMMDCCCX
MMCDXXIII
MMCMXC
MMMDCCCX
MCCCLVII
MMMDCCCXL
1290
2352
3948
2101
3375
MMMCMLXX
1873
MCCIX
MMCDXXXVIII
1839
2877
CDXXXI
MMDCCCLXVI
CCCXVI
MCXX
MMCDXXX
3512
DCCCV
CXLII
1215
1396
2125
MLX
395
MMMCLXXI
MMMXXIII
MMCDLXXXIX
MXCI
3095
MCCCXXV
2410
139
MMMCCCXLVII
DCLXXXVII
1465
708
477
CMLIV
1639
2987
2459
477
2214
515
MMLXIII
CCLX
3882
3963
3668
157
1255
MMCXL
537
2693
MCDXVIII
MMMCDLXXXVIII
MCCLXXIX
MCCLX
CCCLXXI
MDCCCLXXXII
3753
CCVIII
1413
2891
CCCXXII
MMDCCCXCIII
3386
2561
2761
MXXXVII
XII
2398
CDXXXI
300
1705
1588
3763
2647
409
MMMDXXII
MMMCMLVI
MMCCCXCIV
MMMXXIX
3065
DCCCXII
MCCCLX
1396
MMDCXC
3757
MMDCXXI
535
2767
1179
2025
3585
3447
MMMDXLII
MMMDCCXXIV
826
2140
2444
878
119
3166
3727
CXX
MMCMVIII
872
CMXIV
MMMDCCCXXVII
3341
3716
2274
MMMLXXVII
2329
909
2696
DCXCIX
MMMLXIX
MMMCMXX
636
3438
3930
MMCCXCII
MMMCLXIX
MMMCCXL
CDXVII
CCCXI
3994
923
1882
DCCCXLVIII
CDXXXVII
3662
DCIX
MLXXX
2805
MMCII
1736
2290
3768
3955
876
MDCCCXIX
MDXIV
MMCDLXXXVI
MMCDLI
MCXXIII
MCCCIII
MMCDXXVII
1813
256
MCLXXVIII
1064
MMDCCCLXV
DXXXIX
1040
418
3719
3321
MMMDCLXVIII
MCCXV
2991
2747
773
MMDCLXVIII
852
475
I
DCCXCVII
CCCLXVI
2126
DCCCXLIII
3451
3949
1506
MCXCV
MMDXXV
1593
MMMCDXLVI
MMCXXXVIII
MMMLXXX
3351
1741
CDLXXXI
1596
MMCDLXVI
2510
MCMLXXXVIII
DCCCIX
1216
MDCCXLIX
MMMXXXIII
MMCCCIII
MMV
2881
MMDXXXII
MCCCLXII
747
2313
MCLI
MCCCXLVII
LIV
2516
3647
2038
1592
63
DCXV
776
1642
MCCIX
CXCIV
2017
MDCCXLIX
1432
878
3716
31
2723
680
MMCXXIV
2492
2213
DCCXVIII
535
MMDCXLVII
2005
3409
2764
2372
3563
3805
MMMDCCXCV
2883
MMXVI
DCCLXXVI
MCCCLXXXV
MMMDXXXII
XLIX
MMMDLV
1605
3738
3267
MCCCXLV
MCDLIII
2380
3967
630
3050
MXXXIX
MMCCXLII
MMMCXXXVII
MDCCXXIV
MMMLXXXVI
MXCIX
MMCMXXXI
2315
503
681
3882
MMMDCCCXCIX
1077
3794
MDCLXIII
MMXII
1778
MMI
1839
2915
MMMDCCXC
2130
MMMDCLXXXVII
792
CDXLVIII
MMMCCCXXV
MMCDXL
MMMCCCXXXI
MXLVII
CMLIII
1302
MCDLXXII
783
3200
CXLVI
MCCCXCVI
75
MMCCIX
MDCCCLXXII
MMMDCCXXV
MDXLV
CCXVII
MMMCMXXIII
2927
3404
MCCXXXIV
3420
CMXXVIII
746
3778
935
407
MDXVIII
3545
1224
XXXII
MMMDCCCXCIII
2165
229
1469
MMMDLXV
DCXIV
CMLIX
1544
MMMDCCCXXXVII
MMDCCCLV
594
1232
MMMCXLII
2939
1819
MDCCLXIX
MCCCLXXX
MMMCDXXI
MMDCIV
1747
DC
2321
884
MCMXXXIX
MMMCCCXLIV
37
MMMDCIV
CMIII
8
MMCDXLIX
2681
3218
2512
MCMXC
DCCCXV
MMMDLXXXI
785
3885
MMCDXXXI
MMMCCLXXIII
MXXII
667
DCLXXX
LXXVII
MMMCCLXIV
2831
MMMCCCLXXXII
MMMDCCXXIX
1725
MDCCCXLVIII
MMCCCXXIV
MMDCCCLXXXVII
807
2037
DCCLII
230
2265
MCCXXIV
CMXCII
1931
3565
DCCLXXVIII
1178
3770
2997
1536
MMCMXCI
MMMCXXVIII
CDL
1688
2843
1805
1818
1927
3722
75
MCCXCII
CLXXXVIII
MMMCXLI
MMMDCCCLVI
3076
3453
MMDCXXV
2411
MMXXII
CXXXVII
2419
MDCCXLVIII
3799
MMDCCCLXXIII
3035
MCVI
2101
MDXCVI
2368
CMXXVI
3186
MDCCCXCVI
MMCCCXLVII
MDCCXXX
1431
2748
MCMLXII
MMDCLV
MCCCIV
368
669
CCLXVI
MDCCXLII
MMMCMVI
MMDCCCLVII
1066
CDLXXV
2350
MCDLXIV
MCDLVIII
391
3733
MMDCCCLXI
MCDXLVII
1793
CMIX
MMMDCLXXV
3926
MMMCMXVI
LXXIII
CXXXIII
371
MXVI
MDCXCVI
2473
MMMCLXXXIV
MDCCXXXIV
MMCCCXXVI
DLIV
1104
MLX
1170
MDCIV
LIX
3067
3075
MMCMXXVI
41
1001
1624
MDCCLXXXIV
MMMDL
DCCCLXXIII
MCXXV
1947
CDXLV
MMMDCCIV
1267
MMCDVII
MDCCCXXV
MDXCIII
MMMCCCXIX
2654
MCXXVII
CCCXLVIII
LXXXV
866
3108
MMDCCCLXIII
MMMCMXXXII
2793
MCCXLII
MMMXL
MCLXXXIII
2355
2246
MDCXXVIII
CCCLXVII
1918
2486
699
MMLXIV
MMMCMVIII
MMDCCLXXVII
326
351
2943
MMCCCLXXII
3464
MDCCXXVIII
1745
MDCCCLVIII
MMMXII
MDXXVI
1040
CDLXXVII
1847
MCCVII
804
DCCCXXXVII
607
883
MMMCDLV
MVI
CCXLI
MMCC
DIII
3368
1882
CMXLII
CMXXX
MDCCXLVI
MMDCLXIV
CDXXVI
MCCL
749
2712
38
MLXX
3843
1311
MMDCIX
2278
MMDCXXXIX
1672
1404
MMDXC
2153
2179
235
MMMCMLXX
CVII
1004
MMMDCCVI
1067
MMDCCCXCVI
MMMCMLXXXVI
2043
3164
MDCCX
1022
2005
MMMCCXXXII
2528
354
MCMLXXXVIII
MMDCXII
MDCCCXLVIII
MMMCCXXI
1393
1759
3436
MCCXCVII
2187
MMMDLXXXIX
MCCCLXXIV
MMDII
1109
1864
MMC
3174
MCCCLVIII
2662
2627
1519
DLXXII
1045
MMDCCCLXXXIV
MMCCXVI
MMMCCCXLVIII
2287
2822
2801
2745
1612
2069
3005
XII
MMMDCCCXXXIV
MMMCD
1621
2866
3964
MMDCCLIX
3745
MMMXLVII
1694
MMDLXXXII
MMMXXIV
MCCXC
1722
MMMCMLXXIII
MMMCDLXVIII
2655
3736
453
MMMCXLIX
290
MMMCDXXIV
MMMXXV
MCCCLXXXIX
3404
MMMDCCCXXVI
MMCLXIV
2195
3491
MDCCCLXXXI
2976
770
3921
MDCCXXXVII
CLXV
2656
3357
2169
2888
MMDCCLXX
2168
MMMDCCV
2962
2466
MMMDCCCLXXXIII
MMDLXII
MCCCLXI
MMDCCCXXVI
MDLXVII
1876
3358
73
MMMDCCXLV
1622
CCCXXII
MMMCCCLXV
MMMCLXXI
1183
MMMDCCCXXII
1259
1962
3197
MCCCXX
MMMDXII
3079
3636
2526
2411
1061
DCCLXI
MDCCCLXXXVII
3999
256
3405
3806
541
CXX
1034
429
2161
MMMDXCIX
2873
DCXXI
MMMCXI
936
MMCXL
2082
3306
1847
3201
MMMDCCVI
MCCCLXX
2736
2504
2086
3513
MCXXXVIII
2637
DCCLXXXVI
1093
2353
MXLI
CMLXVIII
MCMV
MCDLXIII
CDXXVI
MMDCCXXXVII
MDCCXCIII
MCXLI
CXV
MMCLXIV
671
CDVIII
DCCLXIII
1994
MMMCCCXLVII
MMCXV
DCLXX
3805
898
1981
MMMCXXVII
175
1298
191
1840
1311
572
2726
MMMDCCCLV
MCXCII
MMMXXXVIII
MLVII
2844
MCXVI
DCCCXCII
2585
MCCCXCII
CDLXXXVII
2684
1388
CCCLVIII
2252
1199
MMMCCCLXXXIX
516
DCLXXXI
MMMCCX
MXXXV
DCCLXXV
444
1150
3191
566
DCCLXVIII
2312
MMMDLXIV
1687
MMMCMXLVII
MMDXL
CM
2545
CL
MIX
3487
CXCV
1113
MDCCL
DCLVIII
MXC
460
DCIX
MCCCXXVIII
MCCXV
DCCCLXII
2208
MMCMXXXI
2050
MMMCDIII
44
830
2120
MMCXXVIII
3731
655
CXCIX
MCXIII
3984
1489
MCMVIII
DLXX
2167
3635
MMMCXXXI
56
2368
MMXVIII
MMMCMXCVIII
MMMDCCCXCII
DCIII
MMMCMXXIX
DCXCVIII
CCCXL
2156
2082
MMDCCCLVI
413
2627
3306
3292
3565
364
MDCLIX
1965
CDXLII
CMXCVIII
2097
1856
697
MMMXXXV
1902
1079
1761
MMMLXI
226
MDXVI
2725
CDXVI
MMCDLXXVII
2865
MMCCXIV
MMCI
DCLIX
1598
3474
MMMCCLXVIII
1007
MMMCDXXIV
MCMLXVII
1813
1003
2832
MMDCLXVII
MDCLXXXIX
MMCDVIII
2605
MMMDXXIX
3606
MMDXXIX
674
MMMDII
2562
MMMCMLXVII
2960
2658
1753
897
CCIX
MCMXXXII
2823
2671
MCMLXXX
2713
3502
1169
1809
MMMCCLXXXIX
MMMCCCLVIII
CCCXXXIX
1680
MMMCMXLI
MMCMXI
MDCIII
MCCCXCIX
MMMCXXXVII
2037
898
MMMDXXXIII
MMDCCCXL
2451
1936
1087
MMMCDXXIX
CMLXXXVI
1711
1088
MCLXIX
308
7
492
3808
MMMCMXXXV
3134
MMDCCCXXII
MMMDCCCXXV
111
3522
MMDCXXXIII
DCCCXXXVI
MMMCCCXLVII
3355
3184
MMLXXV
1982
3196
1508
2368
MCDXCVI
835
3994
1491
MMDCCCXLVI
30
1625
2682
MMCMXXXVIII
MCXLIV
MCXCI
MMCDLXXXIV
MMCCLXXXIII
MMCCCLIX
3077
2852
2252
2316
2369
675
540
3590
MMMCCCLXXXII
3177
473
655
MMMDVII
MMDCC
MMDCCLXVII
1028
394
MCIV
795
1174
MMCDXXXI
1531
1102
MMCLXXVII
MMCXXXVII
431
614
235
1843
MMCDXCIV
MMMCCXXVIII
3400
748
MMCDII
MCM
CXXIV
MMMCMLXX
MMVII
MMCDLIV
MMMCCXXVI
MMCLI
1353
MCMXLII
1080
MMDCCCIV
2920
2357
950
CMLXXVIII
701
2617
406
2916
MMMLXXXVI
MCMXII
3871
DLXXXII
2065
3368
1264
348
MMMDCCCLXXXIII
143
MDCCXCVII
CDLII
MDCCCXLVI
2365
MMCMXXXIV
MMDCLXVII
3276
36
797
CD
MCMXCIV
MDCLIX
3070
MCIII
2387
CDLVII
385
MMMDLXXXIX
MMCCXXXIV
MMCLXX
MMMCCCXL
392
2052
643
1031
1999
1887
MMMDXCVIII
3101
MMMDCCCLXXVIII
2594
DXXV
2727
MC
MMMXXIV
XLIII
3734
MMDCCLXXVI
2733
MMLII
CCXXI
MMMDCCCXXIII
3520
1814
MDCCXCIX
375
3197
1892
MXX
MMCDIV
1474
DCCLXXIV
MMMCDXXXVII
196
MDXL
751
MCDXVII
2075
MCDXXII
MMCMLXXVII
MMCDXLII
957
1322
MDCCXCIX
3669
MMDCLXXXIX
MMMXLVI
2297
1000
MMMDXLIV
MMDL
3895
MMCMLV
101
MMMCXXVIII
523
MLXXXVII
MDCCCVIII
MMDCCCXXVI
1699
523
1244
3727
1621
789
902
MMXLII
CCCXXVII
MXXV
MMMXLVIII
DCCCLXX
3869
DCCLXXXIX
712
DCXXXIX
1232
MCMXIX
1378
MCMLIII
MCDXLI
MMMDCCLX
MMCCLXXIV
MMDCCCLVIII
MMLXXIX
MMLVII
3152
1285
MMCCXIII
924
MCLXXV
MMMCDIII
MMMCCCX
MMDCCCLXXIV
MCCCX
CLXIV
626
3403
107
799
MMMCMXXXV
2343
1218
912
3419
MDC
2314
3435
MCCXCIII
2634
MCDLIX
MMMXXXV
1418
CCCXLIV
1261
MMCXII
1447
MMDCCLXXVII
3035
CCLXV
2254
MMCCXIV
2607
590
3844
3047
MDCCXXIX
1067
1575
3400
MMMCMXCI
415
DCCXCIV
DCCCXXXVI
MMDCCCLXXXVIII
MCDLIV
MDCCLXVI
3402
MMMDCX
2560
3155
821
MMMDCXLI
3988
3059
1886
XCII
1073
3705
2673
793
MDCCXXXV
2628
3018
1735
2478
984
614
DCCLVIII
DCCL
CCXLVII
615
3079
MDCCXLVII
MDCCXXVI
2598
514
MMCCLXXIV
241
2102
CDLXXXIII
MMMCCLXII
CCCXL
1371
260
CMLXXXIX
373
2469
MMMDC
1465
839
1587
1175
MMMDLVII
MMMDCV
MDCLXXIV
3434
DCV
502
725
MMCDXC
3975
MMMCCLX
CIV
2928
2755
MMMXCI
DCXLVIII
1249
2563
570
3441
2411
MMDCCXCII
CCCXCIV
MCC
310
2836
MMDCCCLI
CLXXX
MMDCCII
3495
1192
CVII
2311
227
DCCCI
235
2923
MDCCCXVII
1606
650
3341
MMCDLXXVIII
MMLXXXVII
CMXXXVI
MMCMXI
2872
3547
MMMDCCCVII
1920
7
DCCCIX
426
MDCCLXXVI
1912
MMCMXVIII
3066
CLXXXIX
3243
2976
908
3046
MMMDCCCLXXXVI
MCXCIII
3519
2289
MMCDXCVI
CCLXXIV
3717
LXVI
27
MMCMXXIX
3350
MMMDCCCXLI
DXXX
CXCVI
675
65
MMCMXIV
MMCMLXXIX
401
MMDCCLIX
619
MMCMXLIX
2725
3149
580
3938
189
MMMCDIX
MMMCDLXXIII
MMMDCCLXXXV
CMVII
MDLXXXVI
CI
1765
655
260
MDCCXXXII
3975
MMDCCCLXX
MMMDCCCLXXII
CLVIII
1492
3752
940
2151
MCMXXXII
DLXXI
2782
1951
MCDXXV
MDXX
2719
1563
2304
158
1753
149
3221
MCCXXXVIII
2598
3087
MMCLXII
2227
2023
1006
MMMCCVI
3636
1603
1625
2381
DCXXVIII
2096
MMMCCIII
1258
189
1981
2286
2908
2882
CMXCVI
MMMCXVII
40
MDXCIX
1171
1601
1559
1732
MCCLXI
CDLII
MMMCXLV
2117
MMMDCCCXLV
MMMCCXXXIV
MMMCCCLXXXIV
CXLII
2667
DLIII
MXXXV
CCCLXXXVII
3246
MMMCDLXIV
493
MDCXIII
3406
MMMXC
MMCMXXX
466
MCXIV
3544
1934
2851
MCXLVIII
170
MCCXXXV
1002
MMCCCXXIII
MCC
30
MMMCMLXIII
MDCXLVII
MMDCXXXII
3635
1258
MXL
MCDLXVII
MMMCXXXVIII
CLXXX
MDCCLXXVII
1789
521
MMMCLVIII
2792
MMMCDXXXIV
1509
MMMCCXIX
2047
MVIII
MMMCMXXXI
MMCV
MDCCXCVI
MMMDCCCLV
103
1891
MMDCXXIV
1488
MMMDCCCXXXVII
687
2609
1414
MMDCXXIV
MCDIV
MMCCCXLIX
MMCLXVII
MCDLIV
MDLXXVII
MMMCCXIII
CDXXXVIII
1248
1597
MI
DCXXXVII
3547
MMMCCLX
CDXLIX
1110
MMMXXXV
1590
MMMCCXXXV
597
2195
MCCCLXXXII
3278
DCCXC
MMMDCCCLVIII
1428
MMMXXXVI
3266
1826
76
216
MM
MMMDLXXXIV
MCDXXIX
3001
MMMCCCLXXXIV
564
3508
3463
DCXXIII
MMCXCI
MMDCCLXXIII
422
MMMLXXVI
2076
MDCCLXXVIII
MMDC
MMMCCXLI
2936
104
MMCCLXVII
DCCLXVI
3558
MMMDLXXXIV
1705
MDCCCLXVII
MMXVI
MMLVI
DCXXXV
DCXCIV
3607
1203
859
MMCDXIII
1347
1804
MMMCII
MMMDCCXIX
MCLXXXVIII
1932
1290
DCCCLXVIII
CMX
MMCMXI
2076
MMCMXIII
3761
2282
MMCCCXI
MCCLXIX
MMDXCIV
3831
MCCCLI
CCLXXXV
MCMX
3827
2353
572
MMCCCXXXVII
MMDCXXXI
1164
3
CMLXXXIV
MCCCLIII
1109
MMMCLXXIV
DCLXXVI
MMDCCCLXXX
3196
MDLI
MMDCCLXXXIX
2804
619
1369
CCCLXXXIV
DCCXXI
MMDCLXXI
MMCXXVI
2519
MMLXXX
MMMCCVI
MLIII
1648
MMMDLXXIX
DCLXI
MMMCCIV
MMMLXIII
778
1420
MDCXXX
MMMCMXVII
MMDCLXXXIX
MMCDXXX
2646
3155
MCMLXIX
DCCVII
MDCLV
MMCMLXXXIII
3918
55
DX
MMMDCCLXXXV
3688
MMCMXVIII
MCCL
571
2963
3797
MDCLIX
2348
1792
3282
MMMCDXLVI
MMCCCXLII
3857
3975
CCCIII
1137
748
MMMCDLXXXVII
MMMCML
3705
324
MDXII
MMMXVI
1312
2763
MMCXX
DCLXXXVII
CVII
MMMCDXXIII
477
MMMIX
2911
434
2664
975
3011
272
MMMCCCXXIX
MMMCCLXIV
MCCCLIX
3660
3587
MDCLXVII
MDCCCLXXXIX
46
MMMCCCXLI
MMCLXII
MDCCCLXXVIII
3429
MMMCMXV
167
524
DCCXL
2094
1309
MMDCII
2992
MMDCXC
702
MCMXLIII
MDCLXXIII
MCXCV
DXIX
MMDCCXX
3380
814
MXLVI
MMMXX
MDCCXLVI
MCCCXXXV
37
2440
MDCLXXXVII
MMMDCXLIV
MMMCLXIV
MCLXVI
3632
2941
3985
2914
X
1491
MLXXXV
XXXVIII
DCCXCVI
3899
MMMCCCXII
2258
MMDCCLXXVI
1727
1871
2316
MMCX
2663
MMMCCV
1945
3501
CCXXV
CDXLI
LXXXVII
3073
MCDXXXII
3190
MCMLX
1677
2096
2655
MMCMLIV
2420
DCXVIII
CCXXX
3956
MMDCCCXXIV
MMCXXII
MMMDCCCLXXII
MMLXIII
MMMCLI
1214
MCDLXXVII
1448
MCMXVI
1650
425
2627
MCCLXXXVI
MMDCCCXLV
MCCCXXXV
LXXVI
1066
CLXX
LXXIV
DCCCXCIX
MMDCCXCVIII
3679
656
MMMXCII
3102
933
1322
2614
2680
MCDIX
2374
3624
3558
3326
CMXXXVIII
MMCCCXXII
MMMDCXCIII
216
2802
MMDCCXXX
MDCXLIII
DCCCXCVI
422
2551
DCCCLXX
MMMDCCCX
MMMCDXXXVII
CCXX
MMMCLXV
1911
640
1521
MMCDXLIV
CMXXXV
3697
MMMC
481
MMDLXXXII
3831
2917
LXV
MMMCCCXIV
MMMDCCLXIX
2947
654
2930
939
MMDLXXVI
3795
MMCLV
MMVI
MDCXIX
723
MMCCXXI
786
748
3353
3228
3215
MMMCCXXXI
2085
CCXCIII
MMMCXIV
2235
887
MMMCCXLVI
813
VI
MMDCCCLXXXVI
MMMCDLXXI
MCMLXIX
2110
2442
3558
2271
1292
MDCCC
3342
MMCCCXII
MMCMLXXVIII
3558
1000
MDI
1934
1220
MMMDCCCLXXXIII
1315
915
MCLXXIX
MMMCMII
2728
MCMXL
1905
MMMDCCLI
MDCCXVIII
MDCCLXXII
3494
MMMXXIII
1679
1985
MMMDCCCLIV
3145
MMCMXCIV
2892
1865
MMMCMXXII
2054
MDLXXXVII
798
2653
3207
DXCIX
MMMCCCXLVI
3570
MMMXX
MCMXL
3916
699
MMCLXXI
MDXXI
MMDCCLII
1426
3908
3813
MMXXVIII
DCCXL
CMXXVIII
MMCCCXXXIV
3913
3299
2416
323
MMCCCVI
2068
MMXXXIV
MMCCCXXIV
3736
MDCLXXIII
MCDV
MMMDCCCXXX
MCMXLVII
CDLXXIII
890
MMCCCLXXXV
MMDCLVI
1784
2216
3749
3891
MDCCLXVIII
MCDXCIX
3237
MCDV
3602
1866
2108
MMMCCCLXVII
300
MMMLVIII
MCMXXV
CCCLIII
DCVI
MXXXIX
MLXX
1801
DCCLXXIV
MDCCLXXVII
3035
3801
MCDLXVIII
MMCDLXV
CDXXXIX
MMMXLII
MMDLXVI
MMMDCCLXXIX
CLXXXII
DXCIII
MMMDCCLI
MCCXIX
527
MMDLXXII
1271
MMMXLVIII
MCCXCV
2650
MMMCCCXXII
2608
MXXVIII
M
DCLV
672
393
MMXIII
MMCXLIV
MMMCCXXXIX
947
69
MMMDCCCLXXXVIII
MMMDCCLXXXIV
2424
MMMDCCCXVIII
735
1500
549
1081
MMLIII
159
MMDCXLII
1042
1633
2693
DCL
1908
MMMXLII
2388
3864
MCDXIII
MMCDIX
2936
MMCDLXXVII
CDIX
1938
1241
LXXV
MDCLXXI
3257
1424
1058
834
2664
3899
317
MMCLXVI
MCMLXXII
3804
MCMXXIII
3721
3244
MDCLXXXVIII
MCMXXXII
698
LXIII
CDXCIV
993
472
MCCCXL
2347
3120
CCLXVIII
CMXLI
3580
2732
1322
588
3617
MCLXXXVIII
MMMDXXVIII
MMXII
1802
18
2155
MMMCXXXII
MCDXXIII
2840
1824
3939
MMDLXV
CCLXXXV
2643
3909
128
MMDXLVII
CDXCIV
1045
MCCLX
MCCXLVI
2377
MMMXI
1519
MMMCDXXXII
MMMCLVI
MLXX
1511
1320
1058
3839
MMMCCCXXIII
MMCXI
MCDVIII
175
MMMDCLXXXVII
MMCMXLIV
MMMDCLXII
MMMDCLIII
3221
MMMDCIV
MCDLIII
3274
3675
1699
DCCCLXXVI
MMDCCCXIX
1502
1032
MLVIII
MMMDCCCLVII
3938
3884
1335
2896
MCCLXXXIV
MCCCXXI
2954
MMMDCLXIII
MLXXVI
MMMCDLXXXIV
MCDXXXII
22
MCLXXIII
609
MMMDCCLXVIII
757
CDXXX
MMMCCLXXVI
MMMCDXLIII
MCMXC
1219
MMDCCCLXXVII
3771
MCLXXXIII
1522
MMDCXCVIII
3125
2118
1694
MCDXXI
MDCCCXCIII
CCCXCIII
CCXXVII
MMCXXXIX
DCCXCIII
227
286
1253
MDLXV
MDCCXIV
CMXXXIV
162
299
MDCCL
1112
MCMLXVII
CCCXCVII
MMMCCCLXXI
2461
3918
805
3577
3092
1388
DCCLXXV
MMCCLXXXV
DCCX
DCLX
CCCLXXIII
MMCXLVIII
MCCCXVI
MMMXLVII
DCCCLXII
1315
425
3517
1345
MMDCXX
MMCXLI
926
MMMXLIX
330
MMCMLXI
MCCLXII
MCDXL
501
3293
MMDCXXIX
CDLXXIV
MMCCXCI
DCCXXVI
MMDCCLXXXVII
2254
MMCMXXXVI
2357
2578
MDCXLIX
DCLXIV
2309
MMMDCCLXIV
3750
1532
MMMCDVI
MCXLIX
DCXXIX
MCCCLXIV
MCMLIX
1342
MCCCXCIX
MCCLXIII
326
MMLXVIII
1073
CMVII
MMDXXXV
MMMDCCCXXXIX
310
MMMDCCCXIII
373
3217
MMDCCCLXXVIII
MMDLXXXIX
MMMCCCLXXXIV
3622
MCCCLXVIII
MMMCDXLIX
MCCCLXXXVIII
CCCLXI
1423
MMLXXXIV
MMMCCXC
MMMCDXXVIII
DCCCXLII
2903
MCCL
MMMDVIII
MMCCCII
2885
C
2156
DCCCLIV
3316
1554
MCCXIII
MDCXXX
178
MMXIV
MDCXXIII
771
MMCMXX
MMDCCLXII
XCVII
348
DCCLXXXIX
691
DXVIII
2809
MMDCCCLXXVIII
CMXLIV
MCMXXVII
MMCMXVII
MMMDLXXVI
3901
2623
1190
3816
1399
MMMCDXCVIII
1567
L
2123
MMVIII
2365
119
1138
3907
CDLXXXIX
2820
2948
MDCCLIX
3473
MCMXXI
2562
1759
MMDCCLXXX
MMMXXX
2253
1627
492
10
2045
MMMCMXC
2939
1655
3118
MLX
MMCCI
2953
CMLVI
MMMCMVI
MMCCXI
MMDCCCLXIX
3841
2984
1718
920
582
MMMCDXXIII
MMM
DCCCLXVI
MMMDCCCLXXXVII
2454
3828
MMDCCCLXX
1323
1587
73
330
CII
3968
3049
MMDCCCXII
2574
2458
1643
DCCCXXVI
48
2977
3684
MMCXIII
MMMCLXXVIII
2769
MCLXXX
MMCCLXXXVII
MDLX
MCXI
MMCDLXXVI
2341
3866
2122
210
MMMDCCCXLI
LXII
3453
2319
334
1071
MCCCIX
3735
MMLVIII
3883
MMCDLVI
3980
MMMCMLXXXIV
3900
3786
MMDCL
3643
3564
3162
1869
605
MMCCIX
2538
3598
1383
CCX
MMMCMLXXXIX
268
CMXCII
MMLXXXII
MMMCMXX
MMCDXCIII
2868
MCMX
MMCXXX
171
DXCVI
3191
47
2173
3683
2906
DCCCXXXIII
MMMDCCCLIX
1676
CCCXXXIX
MCDLXXXIX
MMMCCCXXXVII
2359
MMMCMLXVIII
MMMDCCXXIII
CDLXXVIII
1971
CLXXVIII
MMCCL
MMDCLXVII
2264
1799
1895
MMCLXXVIII
1184
2641
3409
135
MDCCXV
1810
60
178
DCCCLXXXIX
2524
MMDCCXXXIII
DCLXXIII
CCCLXXIV
MMCLXI
11
1994
MCMLXXI
MDCCCXLVI
MMMDCLXX
3780
MMDCCCXXV
1076
2525
DIX
MMCCCXXIV
1095
CCCXXI
961
3524
MCMLVII
MMCCIII
DCXLV
1211
3717
XCIX
MMDX
1819
MMMCMLXXXV
MLXI
2255
610
3215
1445
MMDCCLIII
613
27
3226
MMMCCLXXVI
CDLXVI
MDCCCXV
MDCCCLXXXVII
MMMDCVIII
DCCXCVIII
2291
3148
MDCLXXVIII
LXXXVII
612
MMMCMLXXXVI
DXXXIV
1633
2299
MMMDCXVI
1970
CCLXIII
CMXCVI
3498
1441
MCCCXVI
DCVIII
835
DCCLXXIII
1567
1602
1494
DXXXIX
MCCXXVIII
3547
3878
MCDLXV
2416
MMMDXCVII
DCCLII
DCCCI
MDXLVIII
MMMCCLXXIV
3135
MDCCCXLVI
MMMDCXLVII
2285
393
MMCMLXXIV
1003
MCLII
1563
MDCVII
3066
275
MMDCCCXLIX
MMCXXIV
CDXCIII
3460
MMDCVIII
MMMCXXXII
1024
1553
DCCCXXXV
MMDCCXVII
MMMCCCLXXXVI
1517
MMMDXLV
1029
2886
3174
1603
3735
XXXVI
MMMDCLXXI
LXXVIII
2179
3026
MMLIV
MMMCMX
2003
3026
3966
2576
MMCCCLXXII
2890
DCLXXIX
MMMCLV
MDCCCVII
3718
1258
2947
1663
MMMDCCXCVII
3936
CCCVIII
MMIX
DCCCXX
178
2698
MCXXXVI
3237
1234
1696
MDLXI
DCCC
2687
MIX
CDXII
370
MMMCDXLV
MMCCCLXXXVIII
MMMCMXIV
DCCLXXX
MMDVI
MMMDCCXXXIII
1167
MMDXXXV
MCLXXV
2109
2474
DCCCLXXXII
MMMDLXXXV
MMCCLXX
MMCMXLIII
CCCXIV
1676
2173
MLXXV
2399
2462
CMXLVII
3456
3256
2637
3255
108
CDXXXIV
DCXL
MDCCLXXXIX
1487
MDCIII
2092
MDXCIX
2693
2810
DCCCXII
MMCMXVI
943
MMXII
DCCLXV
2354
MMCDLXII
MMMDCCXII
3052
MDCCCXXV
MMMLIV
MMCLXXVI
1757
CCCXCII
3132
2140
MMMXIX
1148
CCCXVII
2067
2913
MMXVII
332
3681
MMCCCLIII
DCXLII
MMMXI
1919
3971
DVI
MCCCXX
CCCXXIII
MMDCLXX
2408
MDXXIV
MMMDCCXIII
XLV
MMMCDXXVI
3121
2860
MMMLXVIII
1658
207
MDCCCLXVII
709
MMDCCCVII
MCXIII
DCCIX
MMMDCLIV
3909
MDCXXIV
DCCCXCV
3304
533
DCCCXCI
3973
2229
DCCCXXXIX
3131
3192
1074
3116
MMDCCCXLVIII
MMMCXLIV
1567
MMMCLVIII
797
521
899
MDCCLXVIII
MDCCCXVI
DI
3443
MMMDCCCLXXXVI
3118
CCCXV
CCCLXXXVIII
CDII
3952
CMXCIV
MMMCCCXCV
2684
CXXXVIII
MDCLXXXVII
2234
1422
1127
3309
MDI
1992
715
212
3803
MMCCCXXIII
3044
DLIII
1
2598
2222
LXVIII
3943
MMCCCXXXV
MLXXIII
3178
3786
3901
3637
DXCIII
CCCLXXXVII
968
DCCXIV
1249
2717
2368
MCDLXII
2839
MMCDLI
MMCMXIII
MMCCCXLIII
CXLII
2652
MDCLXI
1454
MCDXCII
MCMLXII
MCCCXL
MMMDXCVIII
MDCCCLXXXII
3966
1426
MMMCD
MMMDCCCXCIII
CCCXXXVII
MDCCVI
1778
MMMCMLVIII
MDCCXXXVIII
MMXI
MMCCCLVII
MMCDLXII
3593
1708
MMDCCCXXVII
3894
MMMDXXVIII
1856
3930
3094
3554
MMMDXCVI
1551
MMMCMXXV
1863
CCXXXIV
MCDXXXVIII
2586
128
925
MMXVII
MMMDCLIII
MDXIII
MMDCLVI
MCMLXVIII
2301
MMMDCCCL
2511
587
MMMCMII
1950
2948
2640
800
312
909
MDLXXXIII
402
851
3167
3528
MMMDCCXXX
MCLXXVIII
2518
2620
2396
MDCCCLXVIII
MMMDCCCLXIV
1815
3510
MMMCLXVII
CLXXXIV
MCMLXXXII
3230
2616
MMMCCXLIII
MCCCLXXVII
CCCXLIV
2391
2160
2641
1415
MMCXIII
CCCXXXV
859
MMMDCXXX
412
3795
MMDCCCXCIII
MCDLXXXVI
MMMCXI
2345
2007
MMDCCCLXXXVI
343
3996
MMCCCI
3571
MDCCLXII
CDLXXVI
393
MMCCCLXXVIII
959
DCXXXVI
DCCCXLI
107
1021
2819
MCMLVI
MMDCCCLVI
MCCCLIII
MCCCXCIV
DCCCXXXIV
2293
706
1153
MDCCXCV
MCDXVIII
1631
MMMCCLXV
MMDCLIII
194
2187
MMXL
MMMCCXLVII
MCD
2258
MDCXC
1145
820
MMMDLXXIX
DCCCLXXXV
20
IX
MCCLXXXVI
2307
1186
2420
CMLXX
MDCVIII
868
647
MMMDCCLVI
MMMDCCXXXII
3762
509
MMCXII
CMLV
MDCCCXXXIV
3260
2649
2068
MMCXCIV
MMXCVII
372
754
MMMLXXI
385
2823
2742
19
CCCXXXIX
MMMDII
1794
CMXCIV
DCCLXVII
DCXCV
MMDLVI
MMDCCCLXXXII
MLIV
3278
MCDLIII
MCCVI
MMXCVII
MMMDII
CCCLI
3084
3513
XVII
MMMCLXXX
645
2593
CMVIII
1654
MMMDCCCLXXII
MMMDCXXXIII
3797
1579
860
1937
2943
3996
304
MMDXXII
DCCXLVI
1386
MMCCCIX
2911
2644
CCXCIII
MCCXVII
MMCCXCIV
CDXLVI
MCCLXXX
MCDXVIII
3789
MDCCXL
920
MMMDXCII
1548
3158
MMMDLXXXV
MMMDLXXIII
1909
DCCCXIII
1695
CMXCV
3068
MMMCMIV
518
75
MMCXCV
DCCLXXII
MLXXIX
MMCCCXVII
MMCI
DXI
MMCCCXXXVII
1298
3755
DCCLXXXIV
MMDCLXVI
2583
MMMCDLVII
1165
MMMDCLXXIV
MMMCXCIX
326
251
DCCCLXXIV
MDCCXL
MMMLXIV
MCCXIX
MDXXII
1586
MMCLVI
3539
1534
MMDLXVI
347
MCCXXV
MMMCDXXXVIII
DCCCLXXXIV
2418
MCXLVI
1724
DCXX
MMDXIV
CCCLXXVII
2666
MMCCCLXIX
2291
80
127
2656
521
MCCCXCIII
DCCXLIX
17
3866
1433
MCMLXI
DCCCLXIX
MMMCLXXXII
3411
1439
373
459
3152
DLXXVII
MMDCCLXI
115
2324
1950
MMMDXXXV
MCMLVI
CDXCIV
2114
CCVI
MMMLVIII
CMXCII
3333
1885
1072
MMMCLXXI
MMCCCXCVII
18
3497
3057
MMDVI
3504
MMCCCXXIII
DLXIII
263
171
LXXXIV
DCCCLXXXVIII
MDCXXXIV
MMMDCLXXVII
MMMCDLVI
1048
CDVIII
CCXIII
3758
2082
DCXXIII
MMCMXII
222
1666
375
3060
3604
1929
MCMLXXIV
MMMDIX
DCLVII
MMMDCCXIII
775
MMDLXVII
2839
MDCCCLXXVII
DCCLXXXIV
DCCCLXXX
CCI
MMLXXII
3485
MMMCLXIV
MLXXXVI
1184
743
XXIX
3660
2503
522
1645
MMMDCXXXIX
3273
3153
MDCXCIV
2682
809
3525
MMMCCCXXV
919
MMCI
2854
98
DXLI
246
1050
MMLXXV
MMMDCCCLX
MMDXXXIV
CV
3842
3926
2715
2598
CCCXXXIX
7
2341
457
131
DCLII
MMMDCLXIX
MMDCCLIII
MDCLXIV
DCCXVII
MMMIX
MCCLVI
MDLII
280
1282
1956
916
749
3975
MMMDXXV
2027
3953
782
2388
MMDCXXIV
2272
2068
MMMDCXXXI
CXLIII
1756
MCXLVIII
MMCMLXIV
MMDCCLXII
1452
1307
MCCXCI
MMMLXVIII
MCCXC
MMMCMLIII
CCLXXXIV
MDCXVII
DCCCIV
MMCCIV
1876
792
3184
3447
CMII
594
907
XXXV
2293
2115
3234
DCXV
DXXXVI
573
DCCXCII
362
3811
2376
MMMDXXXIII
MCMLXXXVII
1356
2920
MLXXVII
3982
853
MCDXXIV
MMMDCCCXCIX
3590
1688
77
MCLXIV
1806
MCCCLXIV
MMDCCII
CDXLIX
1027
3968
3900
163
3907
MMDXXXI
2651
MMMDCC
446
MMCMXXXIV
1631
1304
2930
2757
1610
3946
1095
130
2636
MMCMLII
MMMDCCCXXXVI
884
2619
V
2228
3245
MDCXLV
MMXLVII
2022
3820
MMDXXIV
1338
3602
DCCCLXXVI
3755
MMMDCCXII
3176
CXIV
MMCCCLXVIII
1247
2956
598
MLII
MMCMXLVIII
1593
628
MMMCCLXXXIX
MMXXX
MMMDCCCLXVII
MDCCCLXXVI
3343
1626
2741
78
MMDCCVI
2941
CVII
DLXXIX
CMX
863
XCIV
2624
MMMCDXXIV
743
1336
MDLXXXVIII
1277
2263
CMXC
MMM
CCCLXX
MCMXIII
MDCXXII
MCXLVIII
MMDCCCLVI
3065
463
DXCIX
3597
DXXIX
2744
DCCCXLI
3808
MMDCCCLII
CLXXXII
MMCMXCVI
MMMCLXXXVII
2468
1112
23
3450
1902
MCCXLIV
MDCCLXX
CCCLXX
3250
3594
1597
MMMDCCX
3544
3882
271
MCDXCI
MMMDCCCXC
3274
CCCLIX
DXCI
2778
MMMDXIV
MMMCCCXXXVIII
3628
XXXVII
MCMXXIII
MMMDCCLXXXI
2562
MMMCDLXXXIII
MMMCCCLXX
MMCMLII
2791
CDXLIII
MMMCXCI
MCDXIII
MDCCXLIV
1554
703
3556
2357
1275
DCLXXIV
1038
CXCIII
2984
3765
3843
3935
1715
2511
MDCCXLII
MMCCCXIX
2049
MMMCMXXXI
DCLXXXI
MCCLXVI
MCCVI
CCCLXXVII
1578
DXLIX
MMDCCCXXI
VII
MXCV
1983
2459
3226
MMMDCCXXIV
MDLXXIX
3499
1648
1586
MMMCXVIII
3657
1077
2226
449
MMMDCII
965
3988
1008
1851
838
MMMCCXIII
1425
1062
MCCIX
3192
MDCCCLXI
MDCCII
MDCCXLI
DCCCXLI
1765
MMMCDXI
3729
3623
1941
2550
CXLIX
MMMDLVI
982
2772
MMMXXXV
MCCCXXXIII
MMDCLXVII
MMMDXCIX
1336
2256
579
MDXI
3236
DCLXVIII
3072
MCXCVI
513
MMMCDIV
3301
1236
MMXLIX
MMDCLXXIX
2550
MCCCXXXIII
MMCLXXXIII
MMMCMLXXXV
CCCXXXIX
DCCCXXXI
MMMCDLVI
CCCLXXVII
3893
844
2592
2276
DCXX
DCCXCVIII
MMMDCCCLXXI
MCMXLII
CCCLXVII
2652
1840
933
2627
MDCXIV
DCCCXXVI
MXCIII
3968
MMMCCCXLVI
1273
CCCXXVI
DCXIII
633
MMMDXXXV
MDCLXIII
3498
1969
LXIII
1718
MCCCXXVII
3247
356
MMMDXLVII
1018
DXII
1323
CMXVI
MMDCCCXCVII
3845
DXLV
DCCXCIX
MMMCCCXLIII
MMDCCXXXIII
MCDLXVI
1175
3209
1815
3215
2107
3343
MMMCCCXV
CMXCVII
1877
CCXXXII
2384
1842
2679
DCCCXVII
MMDCLXXXV
3427
MMXIX
3517
MMCMXXXVIII
MMCMXXXII
1417
MCVII
2800
CCCXVIII
1000
2262
DCXXXII
287
1605
MMMLXXIII
CDXL
3663
MCCCI
822
MMMCD
2076
3985
MMMDXXIII
322
MMCCCXVII
MMDCCXVII
MMDCXIII
1414
613
2102
DCCCLV
CCCII
2717
MCMXCII
1856
2885
627
3574
CDXXXV
3148
MMDXIV
MDCCCLI
MCDXXIX
178
MCCCLIX
3357
39
MMMDCXLVI
MDCCXCIII
1801
M
MMDCLXXXV
216
MMCCCXCV
MMCCXCV
1344
MCDXXXII
2280
CDLXXVI
2458
DCCCXXXI
919
1852
MCDXXIII
3040
XXII
MMMCLXXIV
CCXXVIII
MMXV
CCCLVII
173
MMDCCCLXXXIV
MMDXVII
3711
MDCCCXXX
DCCXVI
3341
MDCCLXXXIX
XXIII
MDCCVII
MMMCCIX
MMMCDXXV
1302
1186
549
MMCDLXXXV
CDXCII
MMMDCCXXIX
MMMCMLXX
2207
774
MDXCVII
1115
16
1273
2761
234
3008
2162
735
2779
1935
CDXXXIX
2834
3293
MMMCMLXXXV
3114
1124
1262
1855
1736
MMCCXXXVIII
2798
3285
MMCDXCI
3976
2795
3480
DCCCLXI
715
MMCCLXXII
1116
690
3572
2554
DCCLVIII
DCCCLXX
1392
CLXVIII
MMDCXCVII
2138
2201
2240
3864
1593
MMMCCLXVIII
2548
1497
3100
3583
1774
939
890
1577
3467
2520
1156
DCCXVII
MMMCMLXI
MMVIII
MMMDCIX
MMMDCLXXXI
2637
MMCCCXXIX
MMMCDLXXXIII
3484
MCMLXXXV
2096
MMMCDXVIII
MMMCCXXIII
444
3768
CCCXVIII
MMMCDXLV
1749
582
MMDXCV
CMVI
MMMDXLVI
MMDLIV
DCCXXIII
2762
2041
XXIV
2913
2006
MMCM
MMCCLVIII
474
DCLXXVIII
MMMCCCXXII
2885
MCMXVIII
31
3628
1177
2010
3334
MMMDCCCLXIV
MMMCDXXXI
198
CLXXXIII
371
2790
MDLV
CDLXXII
DCCLXXVI
264
MMMDCCCXCIV
MCCCXXV
2268
734
MMMCXXXIX
MCDXIII
MMLXVIII
MLXXV
23
628
75
3190
MMCCXXV
2655
1313
MMDXXIX
MMMCXVIII
2772
2518
2185
1050
MMMDCCXXV
2276
307
114
MMDXVIII
MMCCLXXXV
2188
3597
MMMDCCLXXIV
26
2443
MMMDCLXXII
2872
MDCCCV
MXXXIV
2523
1267
MDCCLXXX
2894
DCII
3844
CDIII
1894
MDXVIII
DCCXCVI
MMDCCLXV
MMMCCLXXVIII
MCDLXIX
MCMXXXVI
3638
DXLIV
3508
3539
MMMDCCXCIII
2536
259
MMMDCCCLIV
2510
2010
MCMII
1668
596
2992
MMMDCXCVI
283
1074
MDCCCLXXIII
3715
MMMCLXXIV
MMMCLXII
MMMCCCXLVI
454
MMCD
3247
348
MMCDXCI
2790
487
521
2417
MMMCDX
MMMDCXLI
MCCCXVI
MMCCLV
MMMCCXLVIII
XLI
1365
1948
DCCCV
2366
CCXII
2300
MMDCCCXCVIII
MMMIX
2806
CCCLXXI
MMDCXXV
2548
MCLXIII
DCC
222
MCCXLV
MMMCLXII
1424
CCCLXXII
3457
3135
DCXX
3216
MMDCCXVIII
1093
CCXXXII
CLXXVIII
MCCXLVI
MMCCXLVI
CDXLVII
MMMDLXXXIV
XXXIX
1744
2204
487
MLXII
2988
MMCCLXVIII
3505
3655
2379
MDXC
745
2739
MCXXXVIII
CCCLXXVI
MMDLXIV
71
2598
775
811
162
339
MMCCCXXXV
2347
MMDCXVI
2871
MMMDLVI
301
3285
MCMXVII
MMCDXXVII
2758
1985
CMXLII
MMCCLXVII
2654
1796
2788
497
911
MCCXXXVIII
MMMDCCCLXIX
MMMCCCXCV
3786
XIII
3504
MMMCCCV
CCCLXXXIV
MMCCCLXXXVI
2333
1934
MDCCXLVII
956
MDLXXXV
1511
2007
MMMCMVII
579
MDXXI
835
CMVI
CCX
MMMDCCXXXVII
MMMDXLIII
MMDCCCLVII
MMMDCCCXLV
287
1711
MD
MCCX
2469
1711
2282
MMCMXXVII
2408
218
MMMDCCCXXXI
2527
DCCLIV
MMMDCCLXVII
DXXXIV
MDCXCVI
MMDCCCIX
1991
20
2704
708
MMDCCLVII
1468
MDC
2409
1721
MDCCLIX
MMCDLXXXII
MMCMLXV
MMMDCCXL
MMMCDLIV
MMCCCXCIV
357
3782
MDCCXVIII
2846
MMMDCLXXXVIII
1315
2377
31
3056
2295
540
MMDCCLXXIV
MMMCMLIV
MMMCLXXXII
1864
MDCCXVIII
CCCXCI
3512
MMMDCCCLXXIX
3782
DCCLXIII
3485
2368
1690
MMMDCCXXXII
3111
3627
MMMDCCIII
96
3023
2716
249
CMLIII
MMDCCCLIV
MCDI
MCCCXCIX
MDCXII
MCDLXIII
MMCDXXXV
1702
3653
MMDCLX
3464
2939
2212
MMMDCCCLVI
MMDCCLX
1166
315
MMDCCLIX
DCCCIX
CCLXXVI
2592
1318
MMDCXXXIX
1363
CDXVI
3788
MMMCMIV
1685
DCCLXX
2513
MMMDCCLII
3292
MDXXXIII
III
MMMCLXXXI
MMMCCCXCII
1115
CDLXXXI
MMCCCXXXI
3212
MMDCCLXXV
184
394
MMCCCLXXII
MMMV
MMMDXIV
654
407
381
MCLVI
MMMCLXXX
95
3631
MMMDLIX
MMCDXXIII
DCXXXV
MMMDCCCXLIII
188
1338
MMDCCVII
448
762
CCLXXVI
2496
MCM
CDXXV
MLXXX
2592
3322
578
MCCLXXVIII
3638
3999
1226
MDCCLVI
MCCLXVIII
290
2104
DCCCLXXVI
2632
CCXXX
1179
CCCXXVI
3259
492
3206
MCMXL
DCCLXXXIX
MMCLXXXII
1118
311
861
MDCLXV
1147
DCLXXX
3762
MCXX
403
3921
MMCMXXXIV
660
DCCII
MMMCMVI
2671
3238
MMDXCIX
MMDCCXLVI
1760
2201
1825
MMMCXIII
3005
MDLXX
3510
3996
MMDLXXXIII
722
DCCCXV
MMDCXXXIII
CLXII
DCCXXXIV
MMCXVIII
DCCCLXXV
2456
1436
2794
2047
MMDCCL
MMMCCCXL
DCCCXLVII
MLXVII
CMLXI
MMMLII
364
3553
1958
1381
DCLII
1967
3277
3992
DVI
667
1751
2545
MCCIII
MDCXVI
V
MDCXVII
MDCLXXVI
3982
MMMCLVI
MCLXII
1555
2467
2423
1047
3386
DCLIII
2673
741
3929
1397
MDLXXIV
2138
1926
MDCCXXXVI
2521
373
MMCCCLXXXIX
165
3343
MMCCCLXV
DCCCIV
MDCCXVII
MMMDCLXXX
CDXV
745
MMCCCXLIX
3295
3134
MMMDCCXCI
DCCXXXIII
MMMXLVII
3260
2692
MMMDCCCXC
MMDCCCLXXIV
MDVI
2696
MMMCCXIII
MMMC
3383
LXX
MMCXLI
1809
CXIX
2912
618
1409
2140
MMCDXIII
3094
MCDXLIV
MMDCLX
387
2877
3422
MMDCCXIV
MCCLXVI
MDCCXVI
MCLXXI
3229
2210
MDCCCLVIII
MMDXI
MMMDXLI
3118
1500
DCCCXLIII
MMMDCCCIX
MMDCCCXXVII
2834
DCCCLVI
CCXVIII
1404
2385
473
MMCCLXVII
CDLXXXVI
MMDXXXIII
2151
191
MMDCCCXCVII
MCXXXVI
312
1900
3843
3515
DCCCIII
675
MMMCDXCIV
2639
MMMDCLVI
MLXXIV
647
3980
885
306
DCCCXCV
693
MDCCXI
MCCCLXXXI
2742
MCLXXXVIII
1505
MMDCCCLXIII
1937
MMCXLIX
MMDXV
MMMDCCVI
MMMCCCXLIII
CMXCVII
3069
1051
3915
1627
1449
624
1104
2922
MMDCCXV
2566
MMCMXXVII
3527
3668
2005
MMMCCCXLIX
1519
1015
MMMDLVIII
DLXX
MMMDCCVI
MMDCI
2698
1177
2649
MMDCLXXIX
CCXXIV
201
2182
MCMLXIV
MMMDCVIII
MMMCCCXXIX
3210
CCXIV
367
1566
MMMDCIII
MMCLXI
DCXLIII
2885
1698
61
MDCCXXVI
3277
MMMCDLIV
3158
MMXXVI
MCMVI
148
MMMCLXVIII
3380
1149
251
2731
2121
950
1724
MCXLI
MMMXXVII
3646
3118
MMMDCXX
1501
2602
3227
MMCXXXV
3658
MMCXCIII
MMMDCLXIV
MVI
2089
MMDCCCXIX
MCLX
2404
1682
3126
47
1320
1500
2274
3343
3917
MMCDXXXII
883
MMMDLXXIX
2928
2497
MDLXXXIX
MCCLXXII
3208
1841
MCMXXVII
3957
MCCLXII
2199
MMDCCXCV
MDCCCLXXVI
3983
MMDCXXIX
1286
MMMDCCCXXXIV
2210
3385
529
MDCII
MMCDXCV
MCCCLXXII
MMMDCCCL
MDCCXXIII
MDLXXXIII
2981
MMMDCCCV
2773
MMDLVII
MMMCMXXXIV
MMDCLXXX
MCCXCIX
MDXCVI
1603
MMMCDLXXIII
MCDXXV
MMMCMLIII
DCI
1661
964
MMMDCCCXLV
667
868
823
475
MDCCCLXXXI
CIII
MMMCCCLI
990
3587
2004
1562
2711
MMMCMLXXVII
2537
2727
963
CMXCVI
C
DCCXLI
MMMCMXCVII
DCXV
169
MCMXXXVI
MDCCCXXII
CXVII
1787
CCXXX
DCXC
MMMDCXLVIII
MMCCCLXXXVII
DLXII
395
3742
3551
MMMLIII
1791
CCI
2087
1690
2312
CLVI
16
3874
3528
MDCCLXIX
MCCCXXXIII
3480
MMCLIX
3506
1478
MMMCCXCIII
2077
MMMDXXVII
2024
247
1018
XLIX
2258
494
MCCLXXXV
1065
MMMDLXV
MMV
MMMCMXXXVI
2120
741
2931
476
3045
MCDXVI
122
MMMCDXLVI
MMDCXVI
3555
MMMDCCCXCVIII
3750
3505
3062
1305
814
297
DCCCXIX
DCCLXXXVI
DCLXVII
407
MCLXV
MCDXVII
772
629
MMDCCXCIII
MMCCCXXVI
MDCCLXVI
53
MMMDCLVII
75
MLVII
LXXXVIII
3801
MMLVIII
887
MXXII
MCMXXXIV
DCLXXIV
443
3001
MMCXC
138
MMCMLXXXIII
MMCCLXXIX
2668
3943
3548
MMCCCXXXVII
2661
MMCCXXXIX
MMCMXVI
640
DCCLXVIII
371
XCVI
MMCMLXXXVII
CCXXXVI
MMCCLXXXIV
CMXII
2299
106
2714
3148
MCLXVII
MMMCCXCIV
MDXCV
MLXXIII
1853
3595
DCCCXCVIII
MMCCCXLIV
MMMDCCLXVI
MDCCXCVII
MIII
1469
MDCLXXII
MMDCCXXXIV
1312
MMMDCCXXXIII
MMCCXLI
MDXXXI
MCCCXX
CXLIX
CLXXXI
MDLXXVIII
MDCI
147
MMDCCLX
2212
1247
271
2945
MMMCCXX
1225
3052
MMMXCI
1171
MMMCDLXXV
2230
698
2910
3318
MMDLIX
CCXLVI
2878
MDCLXXXIII
1058
CXXXVI
MCCXXXVIII
MMMXVI
1373
MCXLVIII
MDCCCIII
1942
MMDCXXVIII
MMMDCCXCV
MMDCXXVI
2183
MMCDLIX
MDCCCLXXIX
949
814
MCCCXXXIII
3166
MMDXXXVI
MDLXXXVIII
3147
2324
2109
MMMCLXXVIII
MMCMXLV
783
2086
DCCLXXIII
1517
2980
2395
MMLVIII
3081
MMCCCLXXI
MCMLVII
3983
MMCXC
1
2898
3155
2557
LXII
MMMDCCCLXXX
62
1304
MMMDCCCXLIV
1796
3310
271
3862
1216
MMDXII
2224
3836
MCMVII
3368
DCI
3386
2056
MMCCCXXXIII
MMMDCCXXXII
DCCXL
MMMCDVII
2432
2285
MMMDXXXI
MMCLXXXIX
2837
DLXXVII
1697
LXXXII
MDCCCLXVII
301
924
767
983
2332
MMMDCX
MMMDCCCLXXV
MDCLXXV
MMDCCCXIX
3049
2264
MMMCIX
3373
2563
1027
MMMCMXXXIX
CDXVIII
MMCCCXCV
614
3658
MMMCLXVIII
1121
2098
2684
MMMDCXC
MCXVI
MMDXCVIII
MMCDLXXX
DCXLIX
CCCVII
2767
MDCXLVI
MDCCCLXXVII
MMDCXLIV
3134
MMCMXXIII
3633
998
2165
1150
2259
3088
MMMDLXXXIX
CXVI
2888
2443
CCCXLIX
2328
292
1561
MMMDCLXXI
DCVI
MMCDLXIX
LXXXV
3404
MMMDCCLXXV
2554
734
MCCCXIX
1419
990
MMMDCCCX
335
2801
861
MMDCCXLIII
3582
2868
151
MDCCLXXVI
362
1789
MMMDXIX
3708
3942
MCCVIII
MMDCLXI
1869
3142
1846
373
2907
MMMCMLXVIII
3933
MMCCCXLIII
DCCCXLVI
CXXIV
2702
3297
1927
MMXXIII
CXXXIX
2233
MMMDCCCXXVIII
MDCCLVIII
MMMDXCII
MMCCCLXXXVI
CCXVII
361
MCMXXXVIII
1410
MMXII
MMMDCCIX
DCLXX
MMCDLVII
CCCLXVI
3016
CLXII
LXII
MMMDCCCVI
2464
341
1240
MLXXXIV
2116
1620
MMLXVI
3361
2908
3575
CCCXC
697
CLII
1777
403
MMMDCCXXXIII
3646
2186
MMCDXLIII
DCCLXXVIII
MMMCMLII
2421
MMMDLXXXVII
3980
1794
235
MMMCCXL
MDCCCXVIII
1766
789
263
MMDCIX
298
3338
MCDLXXIV
MMCDXLII
MMMVI
DCCLII
2642
MMXCIV
CMXXXI
3343
3888
3209
1214
MCCXXXVIII
1107
MMMCDXXXVII
3506
250
CDLVIII
MMCCCXCIV
1114
X
MDIII
MMMDCCCXV
MDCXXVIII
709
MMMDCCXI
MMMCDXCVI
MMMCLVIII
MCLVI
MCCCLXXV
MDCCCXXIII
614
1248
1081
2774
2383
DCCXCIV
CCXVIII
MMMDCLXXX
MMCXXXII
160
CCCXIII
MMDCCXVI
MCDXXI
DCCLIX
621
MXCVIII
3057
3297
3176
681
MCXCVIII
MMMDCCXCV
2063
MXIX
958
MCLIX
MMCDXX
2170
MDCCXXXVIII
MMMCCCXXX
MDCXXXIX
2196
3708
1027
MDCCCXCIII
101
MMCLIII
777
CMXCV
CDXLIV
MDXXI
3191
2491
MCCXIV
MMMDCXXXIII
1108
2428
2076
1216
DCCCIX
953
MM
MMDCXCVI
MMDCXCIII
768
3080
MCMLXXXVI
MDLXXVI
MMMDCXCIII
MDCCCXXXVI
3859
3664
182
MLXXIX
MCDXVI
DCCXCIX
3006
MCCXIX
3505
1781
2784
MDXL
916
MMCCCLI
1081
147
1273
MMCCXXXV
MCDLXII
MMDCCCLXIV
MMCXCIX
3285
MMMDLXIV
MCCCLXII
MDCCCLXXVII
MCMLXXXVIII
MMDCXXIX
DCCXLVIII
2449
2947
2865
MMDLXXVII
3957
MDCCVIII
MCL
CXXVII
MMMDCLXXXVIII
MMCMXIV
DCCCLXIV
MCLVI
3397
1450
MMMDCCXXV
MMCCC
MMMCMXCI
MMLVIII
MMDCCCXC
393
576
MCDLXIV
MMMDXXII
3431
MCCXIV
MMMDCCXXXIV
MMMCCCXXXI
DXXV
MMCCLXIV
MCMXIII
1185
MMCCXXIV
DCCCII
2302
MMDCCCLV
747
MMMDCI
CMLXXVI
444
MMMCCCXLIII
MMMCCIII
3688
MMMDCCXLV
MMCX
2964
MMDCCCLXII
652
MDCCXX
MMMDLXI
MMCCCII
1149
MMMCMXLII
3941
DCCLV
MMMCDI
1328
MMCMXCIV
MMMDLIX
3985
CCCXCIII
2108
LIV
334
MDCCCXLVIII
MDCXC
MCCCXX
CDLVI
MMXXII
2885
MMIII
DCCLXXXII
2535
1104
MCDXCI
254
3979
2335
CDXLIX
MCCCXXVII
2667
MMCXVI
DCCXLIX
VII
3414
MCDXCI
3465
MDCCCLI
MDXXX
MMDCCCLVIII
MDCCCXI
MMCCLIII
MMMXLVI
MMMCDXXXIV
MMMCCXXII
3848
MMDCVII
2620
2792
465
1106
DCCCL
DCCLXXX
3841
2913
974
216
2307
CMXLVI
CXVII
3033
1929
3274
MMCCCXX
MMCCCXCI
3072
MCDLXXXI
1981
MCDLXXVIII
DCCCIV
718
482
MCCC
CDLXXXI
MMDCXCIX
CCCXXXVIII
MMMCLI
MMCDXVII
1940
3412
875
MMDCCCXLVII
XIII
3779
CDXIV
MCCXXXIV
1973
3550
MMCCXV
1542
1962
MDCXXXIII
94
314
DCCII
MMMDLXIII
CLXXIII
MMCMXC
MCMXLII
MCCCXCI
CMLX
MCDLXII
764
2134
MCDLXIX
242
MMCCVII
1365
MCCLXIX
MDCCCLXXX
693
3260
2923
653
1053
CCCLIII
1736
MMCLXII
2081
874
CCCXCVI
1273
MCCCXCII
2393
222
MMDCCXXXIII
CDIII
MDCCCV
49
MCLV
MMMCLXXXII
MMCDLXX
2789
MMMCCCXIV
CCCII
MMDCLIII
MMMCMXXXI
1878
MMMDCCLXXIII
3386
786
MMDCCLX
3994
MCMLXX
3377
3940
DCCC
475
MDCCCLII
2967
MMCCCXVIII
226
DCCLXX
DLXXV
MDCCLVI
1623
MMCCXV
3134
92
CCXCV
DCXCIX
CMV
2059
DCCC
2499
CDII
941
MMMDCXVIII
3261
MMDCXL
778
2004
3548
2400
164
1394
MMCMIII
220
1968
3049
MMMDCCCXXXVIII
2412
MCLV
CCCV
MMMCXX
3527
CCXXV
MMMXLII
48
1221
DLXXI
1672
MMDCCCXXI
DCCCLVIII
1550
MMCCCLVIII
MDCLXXXVI
2283
MMDCCCLXXXIII
1618
2178
258
3618
1386
MMDCXXXV
3822
766
MMMCDVII
3335
CDXXI
MCDLXVII
MMMCCCXXXIX
3135
1930
3597
MMMCDXXXVII
1553
2468
DCCXLIII
795
MXXXIX
MCCCLXXXVIII
CCXLI
MMMDXLII
DCCLXIX
522
793
MMDCXXII
2281
2990
1490
MMMCDLXIV
MMDCLII
MMMCCCXXI
DCCV
3324
CMXXV
MMMCLXII
MCCXV
1918
3003
3252
2618
3665
2245
3391
184
1750
MCCCXXII
CCCXXXV
MMXXXIII
495
CCCLXXIII
829
MMDCLXXX
203
DCCCXLI
MMCV
MCDXCII
CCXIII
461
MMMXXVIII
MCCCLXXVI
1204
MMMDCII
1173
MCDLXII
1038
MMXXXIX
MDCXCI
2848
MMMCMXXI
MDLXXII
MMMCCCLVIII
MMMDCXXIV
CLXXVII
MMDCCXLIII
1196
3098
MMMCMXLII
MMMXCI
1806
1080
MCDI
790
MMMLXXXIX
MMMCLIII
1711
3297
MMDCCCXXVII
DCCXXIV
MMCMXLV
2738
114
2304
DCLVI
MDCXL
2633
2472
2679
MMMDXXVI
1603
DCCXXXII
MMCMLXXXI
3586
MMDCCCI
18
DXCVIII
MMDCCLXXI
MMCCIX
1188
335
3002
3994
DCLIV
699
1693
MMMLXVII
DLXVIII
780
3034
CMXIII
623
3413
MMCXXVIII
MXCIV
MMDXXXVI
MMCMXLIII
MMDCCCV
MMCCCXLVIII
MDCXLIX
1010
MXXV
MMMDCCCLXXXIII
MMXXXV
MMMDCXCII
MMMCDLXIX
DCXXIV
XCII
MCXXVII
MMCMX
572
MMMDX
MCCCXLVI
3350
1685
MCLXXVIII
165
113
420
2473
322
MMMXXXIX
1444
MMMCLXVIII
MMXXIV
XCVIII
2317
47
2995
MDCCCLXXXVIII
MMCMLXXVIII
1148
CCCXCIII
3579
2181
MCDXI
730
2063
MCMXVIII
243
881
3763
2551
3022
808
MMMCCCXVII
3104
MCXLVII
DXVII
3481
CCCIII
DCVIII
1009
MCCLIV
MMCMXXVIII
1758
2775
MMMCXLIX
1722
CCLIII
MMCCXLIX
MMDCCXXXI
3445
XVIII
437
MMCXXXI
MMCCXXII
MMMCVIII
MMCMLXXXVII
3948
CCLVII
MMMCLV
569
DCCXCVI
2698
MMCCXXXV
2192
XXIII
MMDLXXVI
MDCCCLXIX
MMDCCXLII
MMCCLXVI
849
2971
MDVII
MMDCCXCI
MMMCCLXXIV
DCCLXXXVII
752
3133
411
3674
2740
DCLVIII
1866
1505
MMMDCLXXV
3623
CII
CDXIII
MMCLXXVIII
2735
3052
MMMCMV
2283
LII
DCLXXI
MMCDXVIII
MMCDLVII
314
1676
MMMLXXXV
1818
MMMCCLXII
MMMDCCCXLI
MMCMXVI
2404
1733
504
1635
MDVIII
CMXII
MDCCLXIV
3899
1247
885
MMDCCCLXXXVIII
2590
MMMCCCII
MMCCCL
MMMXXIX
1599
XXI
2271
291
CXLI
3655
2064
MMMCMXXVI
MMDCCCLXXXIV
1118
3032
1228
1388
MMMCLIX
MCCXLVII
MMMDCLXVIII
960
CDI
2146
MCCX
CMLXXXI
MCXXXVI
MMCLXXXIV
MMMCCCXV
DCLXVI
2024
MMCCLXXII
1981
MMMCXLVIII
MDLV
3868
450
3082
DCCCLXXVI
MMDCXXXVIII
1374
633
MMMDCCCLIV
455
577
XXXI
MCCIII
1395
1345
2426
MMMCLXXIX
DCXIV
DCCCXCIII
2365
MMCDLXXXIX
2116
MCCCXLVII
77
2945
MMMCMLXXI
MDXLV
MMCMLXIII
896
2192
1810
MMDCCCXXXIII
1937
733
MDVII
MMMCDXXXVI
3250
MMDCCCLXVII
1969
MDXVII
2267
MMCLXXII
3815
3865
2637
304
MMMDLVIII
3226
1345
547
2689
DCXVII
DCCCLXI
3186
XCIII
1855
3369
DCLXXV
MDCLX
278
MMMDCLXXIX
1379
1604
2343
3839
MMMCLXXXII
LIII
621
MCMXXXI
DCCVI
MMDXXXIV
505
MMLXVIII
1155
MMMCCCX
1630
CMXXXVIII
MCCCXXVI
MMMCMXXXIX
3940
MMCDLIII
420
1613
3398
MMMDLXVI
MDCCXX
MMMDCCCVI
DCCXXXV
MMDCCLXXIV
822
XXI
2011
MCDXXXII
2091
2248
975
MDLXXVIII
DCLXVIII
XXXVI
VII
MMCCXLIV
MMMCLXXXVI
661
MCXLIII
MDXLIX
161
MMMDCCXCVIII
MMCMXCII
MDLXV
MDLXX
MMMCCCLXXVII
3550
3034
1760
3922
DCCCLXXIII
1850
MMCXLV
381
MCMLXXXIV
3037
232
3253
7
CMXCVI
MCCCIV
MMDCCCLXXX
2430
MMCCVI
1427
1333
MMMCCLV
MMDCLXXVI
3516
2920
979
3788
DCCXXXII
1996
3905
CCLVIII
DCCIII
1231
MMMDCCLXXXIX
1287
3527
1540
MDCCLXV
539
MMDCLIII
MCCXXIX
DCCXCIX
MMDCCLVII
306
1422
2192
2036
MMMCXCV
MMCLXVIII
MCXXIX
MMDCCCXXXIII
1337
112
3634
1175
MMMDIV
1291
MMDCLXX
3350
711
MCMLV
MMMCXCVIII
362
3655
189
3534
1246
3109
MMMDCCCXLIV
MMCMLXVIII
MMMCCLIV
CDLVIII
2309
MMDCCLXXVII
1170
1725
MMDCXXXII
1767
MMDCLXXVI
MMMCCLXXXIV
3902
MMDCCLI
MXCVI
3979
MLXI
1843
CCCXXVI
2474
2969
MCCCXCIII
166
3122
MMMDLV
MMMCDLVIII
MMDCCCII
3851
MMMCDLXXI
1215
169
2321
MMMLXXII
1647
LXXVIII
3421
2258
3393
2241
3020
738
3167
413
MMCCLXI
2476
MDCCLXII
612
MDCCCLXXXIII
MMMDCXLIII
3962
MDCCCXXXII
MCDLXXX
2802
3021
MMDCCXX
657
MMMCLXXXII
594
MDXV
880
MMDCXC
MCCXXXVI
MMDLXXI
MMCMXV
1510
475
3648
2669
1051
MCXVIII
2762
MMMCMLXXXVII
MMCCCLVIII
2379
CDLXXVI
MMMCCLXXX
895
3154
1559
3664
3723
CMXC
CMLXXIX
3505
MCCCIX
1851
MMCMLXIV
2829
CXVIII
MDCCCIII
3597
1293
DCCCXCVIII
2062
2907
1529
1698
MMMXCIII
2338
2779
327
MCDXLIII
2330
MMDCCLXXXV
3566
MCCCXCIII
2554
2513
1754
MDCCLXXIX
325
MMMLVI
MXCIII
MDCCCXX
2369
MDXCIX
MMCCLXXIII
MMMDCCLVI
866
2371
MMDCXVI
MDXCIX
MMMDCXI
CMLV
DCCCVIII
2706
2348
302
MCXC
1012
XII
655
408
MMMDCCCXXXI
3194
MMMDCLXXX
MLXVI
DCCLXVI
MMMCXLII
3522
XVII
1108
DCCCXCIX
3354
1635
1090
1049
2147
MMCDLXXVI
MMCLI
1714
MMMDCCLIV
3709
2248
MDCLXXXVI
DCCCLXXVIII
2512
2098
MMMCDXIX
2892
2846
MDCLV
MMDCCCXCVI
MXXXVII
DCXCIV
2058
MMCLXXXIII
1607
3108
MMCDLXVI
964
LVIII
858
MDCXCV
DCLXVII
DCLXXXVII
MXCI
MDCXCVI
MMMDXCIII
MCMXXIV
1584
MMCDXLI
1194
MMMCDLXXIV
1182
1116
MMMCCCLXXV
377
1575
750
611
1484
1146
DCCCLXXX
MMMDCCXVIII
MDXL
MMCMXXII
3036
MMMCCLXXXI
MLXVII
2866
DLXV
2285
643
2014
CDXVI
MMDCCCXCII
MMMXCIX
MCCLXIV
MDCCCII
2437
MMCLXXVI
3295
2434
MMCDXXVI
MMCXXIX
MDCCXCIX
3912
3551
176
1425
2412
CXXII
2556
2678
290
MMMCLXX
2668
MCCXII
MMMCCLXXXII
MMMDCCXXV
448
MMCMLIII
3649
331
DCCII
437
MMMCXXXIII
580
463
MMMDLXII
MDCCCVIII
MMDLXXXIII
MMMCLVIII
75
2160
MMDCCXCIV
MMLVIII
MCMLVII
3308
MMDCCCLXIV
1666
CCCLVI
MMMCCCXIV
MCMXXXVI
2113
MMMXCV
3044
3034
1473
MMDCVII
MMMCDLXVI
1069
MMCMLXIX
2683
MMMDCCXLIV
2633
DCCCXCVIII
MCDXXXIV
2760
2546
3027
1272
663
MDCCC
MMDCCCLXXXIV
MMMDCCCLIX
937
1400
367
1564
MCDLXVI
MMDCLXVIII
1725
2285
317
MCCCXLI
3004
1433
MMDCCLXI
MMMXCV
MDCCIX
2973
669
MMDCXLIV
3845
MMMDCCXXXI
2974
DLXXXI
MMMCDLXXIII
3101
3717
MMCDXXXVII
1243
1592
DCCCLXVII
3938
3522
1210
CXV
MCMXII
763
2965
3063
MDLXXIV
3898
MDCCCXCV
MMI
2902
LVIII
MMMCCLXXXI
MMMDV
MDCCCLXXXV
2814
MCMXXIII
MMCCCXCVII
1028
CCCXCII
371
MMDCLXXII
1216
MMVIII
MMDCCCLXXXVII
MMMDCLXXXV
2084
2669
MDCCCLVII
2627
CLIII
1429
MMCCCXCIX
MMMDCCL
778
MMMDLXXIII
MMDCCCXVII
MMCMLXXXV
MMCMLXXXI
2582
1067
MMCCXL
86
MDCCXXIII
2486
1858
354
1711
MMCLVII
133
DCCLXXXI
MMDCII
CMLVII
2456
3439
2690
MCCXLVII
584
3481
DLXVI
303
MMMII
CDXVIII
426
1468
MMCXVI
759
1937
MMMXLIII
MMMCMLXXVII
MMCMXII
DII
3205
MMLXXVI
MMXII
3255
MMLXV
MMMDXXXV
3426
MMMCMLV
MMMCCXXXIV
528
MMMCDLV
1445
MMMCCCXXII
MCDLXXV
MCMLII
MCCLXXXII
MDCLXXXII
3920
680
1504
3714
MCMXXI
MMMDCCLVI
485
153
DLXXXIII
DCLXXXIV
MMMCDXV
2846
MMDCCLXXVII
1772
MMMLXI
MMXLIII
MMXVI
CMXIII
1550
3510
CCCLXXXI
3777
MMMDCCXXIII
DCCXCV
CMLXII
1076
DCCLXVI
MDLXII
MDCXIV
MMMDCL
3466
3974
MCCLXXII
253
MCCCXLV
2791
MMMXLIV
3807
3031
2414
CMLXXXVII
2545
MDCCC
3794
MCMXXVIII
3958
CCCLXXXIII
MDXXVII
1948
MMMDCCXLIX
CMIV
MMDCLXII
CII
2624
1450
MMMDCXLVIII
120
MDLVI
1382
DCXXXII
MCCCXI
MMMCCLXXVIII
2424
2199
MCDXXX
MMMCMLXXXI
MCDLI
2872
MMMDCCLX
480
MMDCXXXVII
MMDCCCVIII
DCCCLII
DCLXII
MCMLXXVIII
995
3753
2300
CMIV
MMCMXXVIII
1235
MCCCLXXXII
2812
1532
3077
2619
3103
109
MMMCIX
MMMCCXLII
MMMCCCV
3347
CCXLV
MMCDLII
899
2213
2105
1140
1897
MCCCXCV
MMCMXXX
DCCII
DXXII
MMCCCLVIII
MMMDCCCXXXIX
2951
MMDCLXXIV
MMCLXXXV
MMCCLXIX
MMCCXVII
MMCCXLI
CCXIV
3019
3716
2441
MCLVIII
2892
1406
MLX
MMMDLXV
2292
MMDXXXVI
MMCCXV
CCXXII
3342
980
MCDXL
XXIV
MMMCCXCVI
3207
3351
2130
3581
1164
MDXX
575
1417
3741
MMDCCCVII
984
3108
MMDXCV
MMCCLXXXVIII
2036
1482
1783
905
MDCCCXLVII
2644
CDLXXIX
2284
CCCLXVIII
CDXIII
2761
DCCCXCVI
2798
1386
2779
3408
MCDXLIX
XVIII
2259
37
MMMCDLXIV
145
MMMCLXXXIV
2944
472
MMCCLIV
648
MCCCLXXVIII
2097
MMMXCI
3679
MMDCXXIII
1902
MDCXXVIII
MMMXCVII
2395
MMDXLVII
3455
1532
368
1549
2946
MMMCDLXXVIII
1890
MMMDXXI
MMDLXXXIV
MMCXLVI
2902
1027
3748
MMMXLIV
548
3186
1076
1962
3249
DCCXLIII
CCC
MXXXIV
MMMCCIII
MMLXIII
1997
119
3469
650
MMDIV
2624
756
1105
CMVI
87
MMCDXIX
3066
MDCLII
681
CDLXXVII
MDCXCIII
MMMCCXVII
CDVIII
MDCCLIV
MMMDCCLIII
CLXI
MXXXIV
MMCCL
MMCMLX
MMMDCCXXIII
841
398
3182
1901
MLXXIV
MMCLXXX
1688
MMDCCCXLIX
MCXLVI
2911
789
3794
MCDXCIV
3270
1258
MMMDCXCVII
3145
1758
CLXXIV
300
526
2233
MMCLXXXIII
MMXXXV
2003
3541
3405
1378
21
3132
2944
MCCCLXX
173
MDCCCLXXV
MLXXXI
2846
3283
539
DLXXIX
1300
MMMDCCXXXVII
DCCCL
2468
2698
654
MMCLXVI
MCXCII
30
MMMCCXCI
1067
MMLXVII
719
MDCXCIX
MDCCLII
1992
2160
MMMCCCXLVIII
3582
3338
MDCCVI
3323
1590
MMCLI
CMIV
MDCV
1381
CMLXXIV
MMCCI
MDCLXVI
MMDCCCLXVI
494
928
MCDXLIV
MMDCCCXLVIII
MCCC
2046
2281
MMMCMXLIX
2378
MMMCCXLIX
3636
DLXXVI
MCXVI
3760
MCMLXXXVI
MMCCCXVIII
MDCVIII
MMDCLXIV
3024
CLXIII
2256
3545
2170
MMLXXXIX
2431
CCC
1588
XXVII
MMMDLXXIX
1567
MMCCCXCI
MMMDCCXLVI
2180
12
31
MMMCLXIX
1287
CCCLXXVII
1542
MMMCDXLVIII
MCLXXVI
CLXXXIX
DCCCIII
1405
454
3177
MMMCXCVII
CXLI
2950
3144
MDCCIII
DXCIX
3546
CMLXXXV
MMMCCLVI
MMCCLXXXIX
MMXXXVI
3766
MDXCVIII
MMMXI
2431
MMCMLXIII
1111
CLXII
MCCXXXV
2549
52
2635
MMMCCCLXXXVI
DCCLXXXVII
1237
MMMCCCLXI
3995
2113
MMMCCXXXIV
3819
256
MMCCXLIII
MMDCXIX
3980
MCCLXIX
MMMCCCXXIII
1779
3042
1619
1022
2989
570
MDCCXXVI
266
3041
796
2430
CDXVII
MMMDXCVIII
2805
905
MMXV
366
MMDCCLXXXIV
1260
293
MMMDCCCXXVI
3015
CLXXIV
2893
1272
1236
MCCXLVI
MXXXVI
DCXLVIII
1984
1182
MMCCIV
1777
499
2009
MMMXXXII
MMCCCLXXVII
MMCDXCV
CMXLVII
MCDLXIII
3435
2376
MCCCXXIX
2959
MMMDCCCXXII
MMMXXXIX
3722
MMDCXLVIII
3680
MXXIII
MCMXCVIII
953
MMMDCCCXXIII
MMMDCCLXII
822
238
DCCXII
3222
3891
MDXXXIX
457
CMLXX
MMMCDLXXIII
923
2569
DCCLVII
DCXLII
3553
MMMCCXXXI
29
MMDCCLXXXV
1347
113
MDCCCLXXX
1825
1973
2335
MCMLXXXII
MMDXIV
1717
MMCLXV
CCXXVI
3206
MDCCCXL
575
DCLXIV
MXVIII
DCCXIII
3888
1778
2551
2653
MMDXLIX
1908
215
MDCC
253
960
2749
MDXII
CCCLXXXV
MMMCDXCIII
408
MMMCCCLXXIII
3521
MMMDCCCLXIII
658
3955
3395
1551
3430
CXCV
MMCDXXIV
616
1509
MMMCCCLXVIII
MCCLIX
2968
3407
330
2141
2849
1011
3625
MMCMXXIV
MMCMLXV
3280
2916
2528
MMMDCXXI
759
47
201
135
MDCCXCVII
888
MMDCCCIV
2168
413
MMMDCCCLXXXIII
3708
3726
MMMCLXXXVIII
MMDIX
MMCCCXCIV
468
MDCCXCVII
MMMDCCLXXI
3926
CDII
MMDCLX
3727
MMMDCXVI
2293
CDXCIX
DCCLXXVI
DV
MDCCCXXII
MDCCXC
1090
978
1161
DCXCI
1597
MMMDCCCVI
CCCXCVII
2169
MCMXCV
76
MCCXCVII
MCCCXCV
2160
MMMCMLXXVII
MLXXIII
MCV
93
CCCXCVI
MMCMLIII
XLV
MMMDCCXXV
254
DCCLIV
785
MMDXIX
LXIV
1912
CLXVIII
1340
CVIII
3859
MMXCVII
3178
CCCLXIII
3584
MMMLX
DCCCLXVI
DCCLIX
3268
2577
CXIV
2288
307
DCCCXXVI
613
MMMDCXVII
139
MMCLIV
MMMCLXII
2959
19
MMMCCCXL
3932
MMCLXXXIV
MMDCIX
MMMCDXXIX
3786
MMCDL
1365
XLI
683
CDXI
2996
MMMDCCLV
1623
MMMCLIX
MMCMLXI
MMMXXIV
MCMXIV
3439
MDCCCXCVIII
2728
MMMDIV
2387
3338
3603
3569
2610
98
1893
262
2520
CMXCV
MDLXXX
1951
3191
2059
2080
DCCXV
1995
3969
MMMCDXIX
376
MMDCCCXLIX
MMMCMLXVII
DCCXCIX
MMCMLXX
MMCXIV
867
161
MMDCCXIV
MMDCCLXXIII
MDCCXCVI
MLXXXIII
MCX
MCXXXIX
3950
1529
3387
MMCMLXVI
MMCCCLIII
2692
MCMLXXXIII
DCXII
3372
1551
3368
2127
378
CDXXXVI
MDCX
MMDLVIII
MDCCXXX
MMMCDXCIII
365
3664
DCCCIII
1673
L
MDCCLXIV
MCCCXI
1144
DCLXXXVIII
391
MMMCCLXXXIX
2120
1435
1353
3132
276
824
MMXXV
1891
3890
3268
MMCMLXII
MMCMLIV
MCCCIV
488
CCLVIII
DCCCLV
MMDXLIII
MMMCMXL
MMCMLXXVII
2479
CDXXXIX
CCCXXXII
MDL
CLI
2283
1275
3979
XLII
MCCCLXVIII
MMML
MMMCCCXL
MMMDCCCXCV
1823
1702
MMMCMI
3185
MLIX
1423
MCCC
2278
2590
1971
662
MMDXCI
MLXXVII
708
MMMCCXLVII
2601
DCLII
2281
3078
MCCLXV
CXXV
CMXLVIII
3032
MMDXXI
MMDCCCXCVIII
2177
3204
MMDIII
MMMCXCVIII
711
306
1825
2070
MMMDCCCXXXII
MLIX
2948
MMMLXX
2246
1020
3812
1032
MMCCXXXII
921
67
MDCCLXXXV
DCCIII
1630
DCCXCII
1388
2780
2005
DCCCLXXXIII
3516
MMCDLXXXIII
339
243
200
172
2715
DCXVIII
MMDCCXCVII
CCCXXXI
MI
1314
MMMDCXVI
CDLXXV
1753
MCDLXXXV
MMMCDXCIX
MMMCDIII
2536
DXXVIII
DX
MCMXXIV
3804
MMDCCLXIII
XLII
2223
CDLXXVII
MDCCCXIX
MDIV
MCCXXI
3351
CCLII
1838
MCMLXI
CCCXV
1797
2285
MMMXI
MCMXLVII
2252
CMXXXV
MMMCMLXXVII
2276
1633
1856
DCCXLIII
403
2245
1252
1492
MCDLXXXV
CXLVIII
MMMLXI
854
CCCXXXI
3854
MDXCVIII
MMDCLV
MDCCXLIX
411
DC
3797
450
1849
2280
MXXVII
MMMCMLXXXIX
MMMCMXVI
2206
854
MMCXIX
2472
MMCCCXXXV
MMCMIII
MMDCCXXXV
DXXXV
2094
2180
1891
MMCDXLIII
MMMCLXXXVI
CMXLIII
MMMCCV
XXX
1568
2642
DCCCLXIV
MMDCLXXII
2549
MDCCCXC
CMXLVII
501
50
2963
MMDCXCV
MCDXLVII
MCMXVIII
MMCCCXXXIX
MDCXCIX
325
2438
MMMCDXCVII
DCCCLXXI
1263
156
296
MCMXC
1004
592
MMCCCLXXXV
1092
MXVII
MMMDLXXXIII
2812
MCDXI
MDCCLXVI
MMMDCXXIX
CXIV
XC
MMMCL
3321
2545
2588
MMDI
535
MDCCCXII
2115
75
2782
2586
2812
MMMDCCCXIV
1840
MMMCCLXV
MMCMXXVII
II
MMDCXV
70
MDXXX
40
1327
985
924
MMCDLXXIV
1486
MDXXXVIII
MCLVIII
MMMDCCCLXII
2079
607
2157
443
3422
MMDLXIX
3916
3562
CXXXIX
MMDLV
3502
2059
1478
3026
MMMDCXXXIV
3022
2340
CCXXII
3242
1360
MMDLXI
2264
MMCCCLXXVII
MMDXXXV
1987
MMDCCCLXXI
3182
MMDCLXXXI
2691
MMMDCXXXIX
CCXXV
CDLXXII
MMMCLIII
MMMCLI
MMXI
MMDCCLIX
3493
DCIII
CCCXXX
1006
2928
3944
MCXVII
MMCXL
MMMDIX
MCXC
2658
MMMX
MCCCLXXXVIII
1335
MMCCCLV
MMDLXXVII
MCCCXV
MMXVII
CDXXXVII
MMCMXXVIII
1078
318
3536
MLIII
MCC
3646
MMDCXXXVI
2897
MMMCCLXVIII
DXV
MMMCDXV
MCLIX
MMCMLXX
1922
DXX
CCCXLI
CMXXXII
2683
CMI
MMMCCCXC
1036
MMMDCXXX
MMMDIII
MMDXCVI
MCCLXXI
DXXIII
DLXXVI
1270
2285
3916
3127
DLXII
1903
65
MMCCCXLVII
MMMCCL
2993
2563
1565
2646
MCXLVI
MDCCV
MMCCXXI
977
CCXXVIII
3907
3696
MMXI
462
MMMDCCCXXIV
3636
3527
CXXIX
MMDCXCII
MDCXVIII
1063
CCIX
263
MCMLXIII
618
1628
MMMCMXXIV
3706
MMMDCCCLXX
829
CDXXX
3991
MMMDCXI
CXCV
MV
MMMCMXIV
DCCXIX
3092
MMMCDLXX
MMDCCLXIX
DCCLXXIV
CMLXXXIII
MMMXCV
MMMCCLIII
MMDCLIX
2091
2435
MIII
944
89
MCDLXXX
MCCCLXXXVI
MMMCCCLXIV
2973
1354
MMMDXLIII
MDCCLIII
MCCCIII
683
208
1684
CLXXIX
MMCLXXII
3788
CCCLXIV
CMLXXXII
517
806
DCCLXXII
3566
1227
MMMDCCXXXIV
CLXXVII
LXXVIII
MCMXXXVII
MMMDCXXII
DCCCLVIII
MCCCV
MMMDCCXC
1674
1273
MMDCLXVI
3350
1907
3076
CCCLVIII
MMMCMLXXVI
1704
2311
MMII
MMDCXXXVIII
3444
1034
3925
MMCLXVII
865
2948
994
903
155
1162
127
MMCDXXII
1970
MMDCCLXI
DCCLXXXVI
DCCCXCVI
MMMCDI
MCMV
MMCDXXVI
2670
1947
3794
1784
2896
300
MIII
2477
MCLXXIII
MMMDCCCLXXI
996
3511
1955
3370
446
368
1035
MMCLVII
2518
1152
MLXXI
2396
MMMCXVII
2958
CCCXXXII
2745
2947
2460
2907
2763
60
2258
1055
MDCCCIX
MMLIX
49
CMLXXVII
MMDCCXLV
2808
MMCCVIII
739
CMXCVI
MCCCXII
MMMDCCCXLIII
2842
1180
MDLV
432
DLXV
MMMDCLXXXIV
3107
MMDCXXIX
1979
148
3308
352
699
1882
2884
MMMDCCXXXV
132
MDCLXXVIII
MLXXV
MMMCMXLI
2068
CMLXIX
1645
DLXXXIII
1797
MMCCCXLIII
1903
521
3801
2179
1267
DCXCVI
1980
1079
MMMCXLIII
2379
MMVI
1431
MMMXXIX
DXXXI
1341
MLXVIII
408
1058
MMMDCCCLXIV
MMCCCXLI
3453
MMDCLIII
2104
MMDCV
3922
MMMDCCCIV
3917
MMMII
2847
1243
MMDCCCXXXIV
2868
MMDCCC
CXXXVIII
233
MLXXXIII
1207
MDCCX
MMMCDXL
MMCXVIII
MDXXIX
148
2020
MMMDCLXIII
990
MDCCCVII
1249
1347
MDCXIII
2121
MMXIX
2597
MMMCDLXIII
305
3283
3731
MCCCLXXXIII
3267
MMMDCCCLVIII
MDCCCXXVII
CMLXXXVI
CMLXI
MDCIII
MMMCXIV
622
2794
MMDVIII
402
2201
MMCDXXV
MMDLXII
MCDLXXIII
2997
2098
993
MMLV
CMLXXX
528
MV
2638
1169
MMCLI
3415
DCCCXVI
DCCLVI
DCCCLXXVI
DCXXVII
432
717
2530
MDCCCXXV
CDXXI
MMMDL
MCDLXXVI
MMDCCXCI
MMMCXCVI
2936
859
2298
MDCXII
3779
12
CXC
676
3426
MMMXVII
MCXXV
506
993
X
977
3118
3272
MMDCCLXXVIII
556
MMCCCXLIX
3512
2244
3955
DCCXIV
CCXLVI
MMMCCLXV
MMDCCLXXXIX
MX
2676
MMMCXC
223
MMDLXIX
CVII
MMCCXLVII
MMMDCCLXXXII
2517
1950
MCCCLXXVIII
1203
1329
MMMCCCXXXIV
3821
3867
MDCXVII
2088
MMMCCCLXI
3537
MMLXXX
536
1258
MCCCLXXII
2794
2021
DCCLXXXVI
1729
MDCCCXXXIX
MDLIV
3984
2126
811
3199
MDCI
3415
XCV
2746
302
2279
MMMDCCCX
MMMDXCIX
483
MDCCCVII
1928
MMMDCCCXLIV
MMMCLXIV
MCLXXXI
2780
1397
MMMCDXL
1991
MMCCLXIX
2631
1569
CMII
1789
293
MMVI
2327
LXXXIX
2094
306
MMCCLXIX
MMMXXIII
146
1914
MMCCXXX
MMCXIV
MMMCCCXCVIII
DCCC
MMMCLXXIII
MCDXXXVI
2738
643
586
MMMCCXIV
MDCLIV
655
MMCMXLI
1435
1972
3280
1211
447
MMDL
MMMDCCCI
CCCXLII
3086
222
MMMCCCLXXIV
3641
1426
2381
1532
3750
2293
CCCXCI
MMCCCXX
MMMDCCCLXXIV
2543
2205
3341
1145
MMMCDXCVII
MMDCCLXXV
3364
CDXLVII
3618
CCLVII
MMDCXXXIV
CXII
934
MMMXCIV
907
CLXXV
999
CDXCVI
CXXVII
230
MMDLXXXVIII
2338
CXI
MDLXXX
1605
3302
LXXIX
3964
293
3554
MMMLXXI
61
3185
3658
MMMDXXXIII
MMMDCCCXLVII
1442
MMDCCCXCV
XL
MMMCMXC
DCCXCII
3079
MMCXXXIII
MMMDII
1478
MMDCLXXIX
CCCLXXIV
3601
DCCCLXVI
MCLXIV
MMMXCIX
MCLIII
MMCXLIII
3992
MDCXCIV
2515
2907
MMCCCV
3147
MMMCCCIX
CCXXVIII
DCCCLV
1729
MMCDI
DLXXVII
831
2281
3380
2379
364
159
CCCIV
114
1342
DCCXIV
MMCDII
848
2880
MMCMLXXXI
CMXXI
3736
2963
DLXXIX
719
MCCCXLVI
2610
2237
MMXXXII
MCXV
3223
3050
MDXLVIII
2701
MDCCXLVIII
3578
MCMLXXIX
1892
MMMXLIX
3338
MMDCCXCI
3308
1160
MMCXII
DLXIX
1176
2566
2695
MMMDLXXXIII
CMX
2969
MMMCCII
CMII
1192
83
DCLVIII
2203
MDCCCXV
1647
MCCI
3737
4
3431
2330
MCCXIII
1944
MMCDIII
2884
1917
MCMXXV
3095
987
601
MMMCCCXLII
3169
MMXXVI
2558
2018
XLV
2228
3099
571
2616
MMCCCXII
MMCCXL
1651
2437
1787
3238
MMDLXXV
1018
2096
3857
MDCLXXV
452
2608
979
279
2520
2216
3603
CCCXCV
2433
1507
625
MMDLIV
MMMDCCXXIX
2599
DCLXXXIII
MCCCXIII
DCCCLXXIX
1101
MDCXC
1620
476
MCMXLVIII
3810
1536
1641
3975
2156
CCCIII
CDLXXXIV
2494
MDCCLXXIV
297
MDLVI
2490
CDXXX
1620
MMCCLXXXII
1708
2655
3983
MMMDCLVII
MMMDCXXXII
611
MMCCLIII
MDXIV
LXI
MMMCCCLXIX
2658
MMCMXLV
2728
CXXIII
MMMCMXXVII
1411
535
MMMDCLXXXI
800
207
MMDCCCXLIX
MDCXX
396
MMCDXXXVIII
3884
MXVI
1804
2209
617
MDLXVIII
CLXVIII
MCX
MMMDCCCLXIX
3341
1634
MMMCMXI
925
DLXV
MMXXXVII
1475
MMCLXXXV
3882
909
2358
2048
MMDCCXXXVIII
1532
DVII
2964
DCXXXVII
MCCLXXII
MCVI
874
DCCCXCV
1871
1077
CDLXXXIX
MMDCCXCV
CDXVI
854
3159
61
1250
3106
1080
3936
MMDCCCXXXII
440
1285
3563
611
MDCCI
DCLXXXII
MDCXCIX
890
829
MMDCCXXIV
175
928
3900
MDCXXXII
MMDCCXXXVIII
MCCV
1197
14
MDXVI
MMMCMLXXXI
506
MDCXXVIII
MMCMXXXVIII
MCCL
3200
894
3110
CLVI
1973
2612
2912
3839
MCCCLII
854
3767
2510
MCCCLXXXVI
CCXX
2550
1529
DXLI
MXXXV
MCLXXXVIII
1922
2127
2883
3246
MMCCXV
MMMXXIII
1308
CMVII
DCCCLXII
1743
806
2907
MMMDXXVIII
MMCDXCIV
1552
LXXXV
2950
MMMXXI
200
MMDCCXXXVIII
MXXV
MMMXXXII
CMLVIII
MMXV
2099
MDCCCXLIV
2908
MCMXII
MMCCCLXXVIII
2377
MMCMXCIV
MMMCCXII
1654
MMCMXIV
600
MMCCXLVII
MMMCLXXIII
2799
3762
2228
CMLXII
DXXVI
MCCCXXXVII
CDXXXVII
MDCLXXX
MCCXV
2249
707
MMMCLIII
CCCLXXX
DXXX
742
3309
1674
MMCMXLVI
638
MMCMLIX
886
493
MCXXII
MCCCLXXXVII
MCXXXVI
MMCCCLI
550
MMMCDLXIX
MMMDCCXXXI
1091
CDLXXVII
MDCCLXXI
MMMLX
MCCXCV
333
273
CCCIX
MMCCCVIII
1596
1930
MMMDXLII
2098
MMDCLV
MMDL
MMCCXII
1380
3324
2571
CCCXIX
DCCXXIX
3746
904
1311
MMCDXCI
1409
MMCCCLXVI
3523
DCCLXXV
199
1618
MDCLXXXV
1831
DCXII
2759
870
168
CDXCII
MCMXLIX
1421
MMCMLXXIV
CMXLVIII
CCCXVII
MDCCCII
1969
2661
MCDLXIX
2015
MMCDLII
3359
MCCXVIII
1010
456
MDCLI
1721
DCCCVI
CMXXXIX
2518
3638
MMDCLXXXVI
1035
DCLXXVIII
2705
3099
CCXC
MMCXLIII
MMCMXCIII
887
MMXLVII
DCXXXI
MMMCCLVIII
3904
MMMCDXLV
MDCCCXCI
MMMDCXCII
MMMDCXVII
320
1059
MMMDCCXX
MDCCXX
3741
CDLXV
MMMCDXLIX
MLX
MCCCLXXXIX
MC
MCCLXV
MMCCXII
1251
MMMCDLXXXVI
MCVII
1845
MMLXIX
1495
2208
3232
MMMCCCLXXI
820
MMMDCCCV
1938
MMMDCLVII
MMDCCCLXXV
MCDXLIX
MMMDCCCLXIX
3784
MMMDCCXVII
1766
MMCMLXXXIX
MMMCCCLXVI
61
2944
3431
MMMDCLIII
2137
252
DCCCXLVIII
3196
MCCLXIV
224
MMMDXXXVIII
MDCLXXVII
3526
813
1861
1661
CLXXX
3375
LXVIII
1189
3432
MDXVIII
1507
325
828
MDCCXIV
MMLXXII
MMMCXXVIII
2302
CMX
CMLVI
3360
DCXLVI
2222
CML
3931
DCCX
3793
CMXXXI
2685
MMXIII
1672
3061
MDXXXVII
2391
MXXXIV
MMDCCXVIII
MCXLVIII
3927
2563
2234
3175
MMDCCCXXV
MDCLXVI
MMDXXXIV
MMMCCCXXVI
3668
MCMXCVII
MMMCCCXX
MMCCXXXI
2345
MCDLVII
CCXXIX
MDCXXVI
MMMCCCXCVI
910
167
LXI
MMDCCXXIV
MDCCXII
MDCCCXXIX
MMCCXC
MMMDCCCLXII
MMCVI
MMMLXXX
MMCCCVI
3740
MMMDCXCIX
MMMXXIX
DCC
MMDCCXV
2065
MMMDCCXVI
MMMCCXXXI
1806
2395
1761
MMMLXXII
2989
MMCMXXXIV
2170
MMMCCLXXI
CCXXIX
3765
MDXII
281
3166
2762
MMMCCCXCII
MMDCCXLIV
MMCVIII
503
3476
MCMXLVII
MMCMXXVII
2017
3854
MMMVI
MMMXXXIV
524
MCCCXLII
MMDCCCIX
2943
1697
2464
MMMCXXII
2516
MMCMLXII
1881
1046
1637
1603
2083
MXV
CDLXXV
MMDCCCLXI
3236
2657
1783
660
MMMDXLVIII
MMMDLXVIII
MMDCCCLXXI
135
MMMCLXX
3087
MMMCMXL
3867
3256
7
MMMCCCLVI
2188
MMMCMVI
MMMCCCVII
MMCXXXIX
MMCMXIV
36
DXLVIII
CDXLI
1154
2385
MMLVII
MMDCXVIII
45
MMMCLXII
2141
1681
MMMCDLXXIX
1485
MMMDCCXXXI
MMMCDXCIV
MMMCCXCV
3209
143
XLIX
MMDCLXV
1255
MMCXCI
3128
72
MMDCLXXXIII
MMMCDLXIV
MMMCDLXV
1983
CMLXXXVI
DCCCXLII
1725
MMMDCCXCIX
MMMDCLXV
MCDLXI
874
MMDCCXCIV
3402
MCCCLIX
MMCDXLI
DCLXVIII
2490
1113
MMCMXLVI
MMCDXCI
1973
3845
MCXLII
2767
1329
2952
3567
3660
1255
1580
913
DCCLVIII
269
2077
MMMCCCXXIV
MMMXLIX
1919
MDCCLXXXV
279
2230
MMMCDLXXVII
266
932
DCXCII
MDXLIII
2440
MMMCLIV
MMMCCXV
MCLII
MMDCCLXXXVII
1618
2761
MMCLVI
MCMXLV
DCCXLIII
DCC
MXLVI
1848
DXLI
MDCXXXIV
DXXXVI
DCXXIV
MCCCLXXXVIII
CXXXV
MDCCXXVII
3623
MMDCCLX
2585
MMMCD
MMMDCCCXXXVI
MCCLXXXIII
MXIII
3457
491
1038
3170
3286
MLXXV
MMDCLXVI
MMCCCXLIV
DLXII
2519
1966
2504
DCCCXXV
3338
3856
1646
212
291
MDII
MMMCCCLXX
XCI
129
3220
MMCDLIV
3168
2070
MCCCVIII
MMDCCCXXVI
MMDCCCXCIII
MMMDXCII
2428
MMCCXXIII
MCCCXLV
CDLXXIII
3661
3398
3488
1001
3962
CCCLXVII
409
935
3215
CMLIII
MMMCCLXVIII
1072
218
MCCVIII
DLXV
MMMCDXXXIII
MMCMXXXII
CXXXIX
744
1157
2012
MMCXCVI
XXVI
MMMCXXXII
97
MCDLXXXVIII
MCCLXXXVIII
3925
MMDCCXCIII
MMMCCLV
2373
CLXVIII
3106
3789
MMMCMXCIX
2981
3748
637
816
3339
1855
MMDCC
MMMCMXLIX
CMXXXIII
MMDXXIV
CDX
81
DCLIX
MMDXX
2498
17
CMXCVII
MMDCCCLI
MMCDXXXII
566
3682
2917
MMMDCCCXXVI
2751
MCCLIX
MMMCDLXIV
1992
2712
DCCLVII
MMCMXXI
509
MMMCDXLVI
2846
MMDCCCLIX
MMMDLXXXVII
639
DXCI
CMXXXI
MMCDXXXVI
2207
210
MMMCLXXIX
MMCMLVI
1064
MMMCDLXXII
XVIII
1790
MMCMXCIV
MCXXIV
MMMCMXCV
1993
CLXXXVII
DXCVIII
3440
MMLXXIX
MMMCLVIII
MCMXCVI
MMCMXXXI
DCCLXXXV
DCCXLII
MMMCLXXXVII
DCCCXXXVII
3987
2397
MMMCL
560
1002
1863
1770
3263
1498
3156
MMVIII
998
1286
MMMCCCXCIII
1508
752
MDCCCXCIX
MMMCXV
DCCCXV
987
795
2159
MMMCCCXXXIII
2999
MDCCCXLVI
MMLV
MDCCCXCVI
MDCCCLXXXIX
1794
MMMDCCCXVII
2701
510
544
MMCCCLXXXIX
2712
2832
367
3142
3241
3697
MMDCCCLXXXIV
3214
1216
MMDCCCLII
MMLXXXVI
837
3338
2277
1039
186
MMMCCCLXVIII
1711
DCCCLV
MMCMLXXXI
2782
2389
1058
185
MCLXXX
941
DCXXVIII
MCDXXXVIII
1342
3468
51
MMMXVII
599
DCCXVI
MMDCLXIV
MMDXXXV
1217
1946
MCMLXXXI
MDCCLI
2663
MMMDXCIII
L
203
2707
DCLXXXVI
2109
2367
CCCLXXXIX
MMCCXXXVII
2117
2342
1200
1116
MCCCXLVIII
MMMXXXVI
MMMDCCCLXXXVIII
DCCCVIII
2526
MDCLXVIII
3298
3964
MMMCLXXVIII
1343
MMVI
3172
3469
360
1756
CDXCI
MMCCCLXVII
DCCCLXXXV
DCCLXIII
2459
MMDCCCLXXXIV
545
CCLXXXVI
MCLXXXVI
149
DLXXXVIII
MDCCCXL
MMMCCCLXXVII
MMMDCCCLXXXII
MMDCCLVIII
MMCMLXIV
613
2360
3126
3200
MMCMXXIII
MDCCCXX
1537
MDCCCXCI
MMDCXLIV
3340
968
MMMCDLIX
3834
MMLXXX
CXXXVII
3149
MCCCXXVII
3600
2293
3695
DCXI
3675
MDCCLXXVII
2315
2727
CCXXI
MDCCXCIV
MDLVI
DCXCIII
3032
2255
LIV
2905
DCCXXIII
2203
2385
MMXCVIII
1884
MMMDCCCXLVI
1220
1177
2837
MMCMLXXXII
MMLXXI
181
471
3857
MMMCDLXIX
2739
1118
185
MMMCCCXIV
MCCLXVII
MLX
2310
2142
XCII
CC
1569
DLXXXII
1837
MCDX
MMMDCCLXXXV
MMMCCCXCV
MDCLXXXVII
3411
1812
1900
3178
CCCLXI
2667
1740
3485
MMDCCCLXXIV
CV
MDCCCLXXIV
MMMDXXIX
1975
MMDCCLXXIX
2759
MMMCCCLXXXIII
1488
2768
3821
MCLXX
MMMCDLXXXVII
MXX
350
559
358
3914
MCMXLVII
MMMCDXXXIV
141
1348
2418
MMMXLII
DCCCLXXXVI
3935
3308
913
MMMDCXLII
CMXLVIII
DLXXXI
883
MMDCCCXXI
MDCLXXX
2942
CCXXII
2833
MMMCCCLXXX
DCCCLI
3400
MLXVII
DCLIX
3687
MMDCCCXCVII
MCLVI
3597
MMMCXVII
602
2099
MMDCCXV
717
851
3039
MMDCCCXCV
1838
3139
3410
MLIV
3282
2633
CCCXC
582
MMMCXXXVII
MDCCCX
MMMDXCIII
2138
CI
2898
2454
MMDXXXIII
MDCCXXII
MCDXXIV
3906
MLXXXV
CXXVII
2939
937
DCCCXCIV
1451
MMMCMXLIV
2276
MMCCLXIII
2802
703
626
MDCCCXXII
2511
948
864
MMDCCCXL
MMCCXXII
MDC
MMDCCCXXVI
MMCCCXCIII
3289
2301
2966
MMCXVI
MCDXIV
3164
2647
421
2532
310
3056
2121
1688
MMCCCLXXXIII
579
DXXX
MCCCLXX
2205
416
908
3341
MMCCXXI
2281
LXXXI
MMCCLXIII
CCCLXXXV
3763
MCLX
MMCCLVIII
CDXXI
MMMDV
3205
MCDXCIII
MXXXI
CCLVI
MMCCLX
3821
576
1398
1644
3354
606
2209
3538
1615
2020
CCCXCI
3558
DCCCVI
MMDCCCXLIII
3544
139
792
MMMCLXV
854
CLXXX
DCXLV
1084
398
3659
MDCCCXCVI
DCXXVII
MDCCXV
MDXXXII
MMCDXXV
959
DCXCVI
1665
3872
CDXCV
MMMCCI
MMMCMXVII
MMMDCCXLI
CCLXV
MMMCCCLI
771
2242
MMCCCLXXX
973
MMMCCCLXXVIII
622
MMMDCXII
MMMDCCCXXXI
MMDXLIV
MV
2357
2947
94
274
MMMDLXXII
1804
XXII
483
922
MMDCCXXV
DCCCX
1109
DXXXII
3630
MMMCCCLXXXII
DCCLXI
2720
DCCXXXII
MCLXXXVII
3985
2129
2427
MMMDCCLXXXV
2321
MMMCCCXXXIV
MCCCXV
2912
XLVI
3430
913
3603
CCXLV
CMLXV
MMMCIII
792
110
3015
2154
MMC
311
3805
MDCIX
2377
3065
1834
901
2179
1940
1110
MCMIII
MMCX
1175
MMDCLXVI
MMCCXX
MMMDCCLIV
MMMCDXXXVII
1103
MDCCCLIX
3225
2643
MMMCCCLXIX
1352
MMMDCCCLXXX
MMCXC
133
LXXVI
MCDLVII
CMXIX
MMCCCL
MV
CMLXXX
MCI
3689
422
1926
DVIII
539
MMMCMLVII
MMMCXXV
2141
MMMXV
MDXL
MMDCXVI
3745
58
DXCI
MMLV
171
MDXLVI
356
2968
MMMXXII
2012
2559
3703
XXXIII
MMCCCXLIII
CCXXIII
3251
MMDXXXIV
2098
2210
MCMII
MMDCLXXXIII
3570
XXXVI
CLXXXI
1943
MCXXXVI
1085
DLXXVI
2557
MCCCLXXXV
MMCCC
324
MCCC
3316
MMCDXLVIII
1633
1292
MMCDLXXXIX
139
MMMDXXIII
XXXVII
I
3589
499
2251
3501
MMMCCCV
CMLXVII
MMCCCLXVIII
2764
3322
DCCCXXXV
MMMCLXIV
DCIV
DCXXXVI
MDLIV
MMMCCCLXIX
DCCCI
MMCMVIII
2706
3283
3972
MMCDLXXXII
CXLII
1806
MDLXI
MMDXCII
2932
2394
MMCCXLVI
1362
MMMDCCXCIII
2048
DCCIX
MMMCMLXIII
1747
137
DCCLXIX
CDLXXVIII
CMXXXVII
3480
1198
MMCMXXIII
MCMI
DCCLXXX
3792
CCLXXXVII
XXIV
MMDCCCLX
MMMDXXIII
MMMXI
MMDCXXV
MMMCDIX
3019
MMMCDXLVII
2820
479
MCMLVI
DCCLII
3059
283
2076
MMMCXXVIII
MMMDCCLIV
1825
CCCXL
2960
MMMCCXII
MMMLIII
MCCCXCVI
MMCXL
1171
DLVIII
MCCXIV
MMMDCCLXXVIII
3979
3611
MCXLI
CMLVI
1074
MMCCLIV
367
MMMXCI
3447
MMDCCCLXXXV
DXXVII
2520
MDXLIV
2800
3321
2921
CMXLVII
125
DCCLXXVIII
469
1225
3283
DCLXVII
2745
2377
CLXX
511
601
2046
2675
MDCLIV
239
1931
MMMCLXXXI
1005
MDCCCLXXX
3075
MMMDLXV
104
DCXXXV
1055
2371
MDCXLII
MCMLXXXI
96
85
CDXCII
CMLXXX
MMMCDI
608
1207
1282
3661
286
2051
MMMCDLXXXI
1110
CDXVII
816
1761
3032
3821
1669
364
MMCCLXI
MMXXXVIII
MDCCCLXVIII
MMMCMLXIII
DCXXIII
872
CDXXXVII
2966
419
737
3639
1973
MMCLXXIII
MMMLXXIII
3339
MMMDCCLXIII
2116
MMMXXVIII
978
968
DCCCXCIV
CCCXXXV
MMMDCCCXCI
MMMDCCLXVII
1737
3604
MMDCCCVIII
MMMCCXVII
3195
MMIII
MMCCLI
1571
3878
MMDCCLXII
MMDCCXCV
CCXXX
2719
MCCCLXXIV
282
354
788
CDXII
MMCDXXIV
3795
3535
CD
818
MDXLVII
MMCLII
CMLXI
2381
1488
1241
991
MDLXII
2941
1568
MCCCLXXI
3005
MMCCCLXXX
MDXV
1244
CMXCIII
885
3223
2420
1950
MCCLXXXIX
CDXXXVII
MCCCLXIV
855
1382
2934
MMMDCLXVIII
1372
MCCXLVIII
2623
MCCXXIX
3271
MMMDCXXVI
1930
MMMCCLVII
1824
3555
1715
2023
3502
MMMDLXXIV
2251
1436
1683
2133
648
704
3751
1589
MMMCXCIII
MCCLXI
MMDCCCXXXV
DXLIII
2384
1344
944
MCCLXX
MCCCXVII
3510
DCLXXXVII
1836
468
1060
LI
MMMCDV
CDVI
1093
2036
MMMDCCCLXXI
2448
137
3117
2552
MMMCCCXLIV
1084
2286
79
3567
MCDIX
DLXVIII
MCMXLVIII
2270
MCCXCVI
DCIII
3016
MMDCCCXXXVI
MMMCDLXXV
3906
82
MMDCLXXVIII
MMDCCCLVII
3514
MMCDXLI
MCDLXXVI
1666
DCCLV
MMDCCLXXXII
MMMCDXXVI
3579
I
3594
MCVII
3315
MDLXIII
MCXXVIII
MCIX
MDCXXXIX
MMCMXLI
3727
MMCCCLIV
DCXVIII
1561
MMMCCCXCII
3669
MDCLXXVIII
MDCXCIII
DCLXXV
CMLXX
2017
MMMCCLXXXVIII
CXXXVII
940
MCDLVI
1411
LXXXVIII
MDCCLIX
DCXC
2703
MMMDCCCXXXVII
1329
MMMDLII
MMMCLXXXI
DCCCLXXXIX
2255
2778
1830
1431
1761
1854
MMMDXLV
2942
2166
1608
942
CXXVII
3595
DCCCXXI
MMMCXCIV
MMDCXXXVI
906
MMMCCCLXXVI
CMLXXXI
MDCCXLVI
MMMDI
DCCXCVI
MMDII
MDCLXII
3032
394
1883
2795
2277
MMDXIV
1830
3788
CDLXXIII
2303
MMMCLVII
MMDCCXII
3207
2474
3226
CV
1866
2734
691
1714
1377
MDCCXXXVII
MMMCCCXXXI
1650
2815
3335
1788
199
MXXVII
2937
2812
1478
MDCCXXX
MMMDCCXLIX
MMMCCCXXXVII
2588
2532
MMMCLVI
2161
MDCCXCII
98
MXIX
MMCCLVII
MCCXXXVII
MMMCCXCI
DCCCLXI
2445
MCCXLII
480
1784
MDCXXVI
3475
CMXXXVI
1209
2501
MMMCMLXXIV
1420
MMMCXL
DCXLVIII
MMCCLXXIV
295
3481
1506
1865
MMMLXXXVIII
MMCCCXLV
MCDXX
465
2487
MMMDXLI
CDL
1036
910
MXLVI
MMDCIV
MCCCIX
515
MCDXI
541
MMCCXXI
CDXVIII
2047
DCCXLII
MMDCLXXIV
1390
MCMLIX
1682
MCXXII
2632
356
MMCCCXXXV
MMMCDVIII
MMCMLII
3015
DCCCXXX
881
381
1001
3970
450
2861
DCCCLXXXI
1996
2210
958
3576
MMDCXXIV
2822
944
2089
2039
CMLXXXVI
MCCCXXVII
3238
1215
2542
MMMCMXLVIII
MI
3925
MMCXVIII
MCDXCV
2426
2458
497
3776
308
3157
507
3630
MMDCVII
MMMDCCCXXXVI
MMMDCCCIX
MMMDCC
1269
1368
MCXLI
MMCMXXVI
552
MMXCIV
MDXLVI
973
3959
MMCDLXXVIII
MMMDCCLIX
MDXXIV
1065
2779
2472
MCCCLXX
MMMDXCVI
XX
1718
607
MMMCCCXXXVIII
MDXCVIII
MMCCLXIV
347
MMMDXXVI
MMMXVI
1799
427
686
2646
MMCDXXXII
CCCVII
2087
3364
MMLXXIX
MMDCCLXXIX
337
1577
3901
XXXI
DCCXCVII
MMCCXXXIX
DCXLVII
DLXXVIII
1433
MMXC
3859
3851
3803
MMMCCXLI
3603
3718
MCXXII
1379
1515
986
MMMLXXXVIII
1180
CCXXI
CDLXXIII
MMMDCCXII
2063
MMMDLXXXVII
MDCCCLXXXVIII
1561
MCDVIII
1621
2379
MMMDLV
1716
MMMCLXXIII
368
MMDXXI
MMMCCCIX
MMDCCCXXXVIII
1178
3539
DCLXI
346
MMMDCLVII
3250
MLXXIX
MMMDCXXXIV
MMMCMXCI
3470
151
2460
MCCXLIII
201
525
DCCLXX
575
2999
1491
171
DCCCLXX
MMMCDXVII
2281
MMMDCCCLX
MMDXX
DCXXIII
2654
784
2500
MMMCDXCIII
3294
576
MMMDCCLVIII
MMMXXV
MMDCCLVIII
MMMCXCI
1907
MMCXIII
MCCCLVII
MCMLXXXIX
2113
481
3949
3728
3088
LXXVIII
MDCCLI
DXXXIV
925
3834
3577
1936
MMMDCCLXXI
3976
MMDLVI
MCDLXXXV
DCCCIV
3233
522
MDLXXXIV
MMCCCXCVI
MMMCMXXXIX
2694
3338
MMMDCCCII
1779
3239
MXLI
581
MMMCCCLII
MCCIX
2179
MMMCDLXXXVII
2278
CCLXXXV
MCDLXVI
1897
MMDCCXI
87
614
208
MCDXCII
2349
3725
2784
2446
1658
632
MCCCXCII
3890
1924
1526
DXLV
1513
2956
MMXLVII
MMMCCCXIV
2497
MMMDCL
MMMXXXIV
MMCCCLXXXII
MCCCXXV
MMDCXXXIII
DXCI
MMMCMXCI
MDCCXCVII
1447
MDCCXLVII
MMDCCLXX
133
769
DCCIX
MMDXIV
MDCLXVII
1371
528
MMMDXLIX
951
MMMCMXXXVIII
MMDCLXXV
2038
2626
CCCXLVIII
1545
2020
CDLXIV
MCXLIV
MMDCCCXXIV
2496
133
2784
CCCLVII
CCCXXXI
MCM
3384
DCCLXX
MMCCXXIII
2808
2805
1341
2860
2613
MDCXXXVIII
2007
CMLXXXIX
MMDCCCXLIX
MDCCLXXII
MMDCIV
MDCCCLXXI
MMMCCCXXXVI
MMMDCLXXXVI
MMCLXXV
2347
DCCLXX
MMCMXXV
MMMDCCCLXVIII
DXCII
MMCCXVI
MDCCLXXXII
3223
273
654
DCCXXI
MMDLXXXIII
1543
MMMDCCLXXXII
CMXV
2831
3972
DCXLVIII
1415
LXXII
CCXIX
2983
MMMCDXXI
3810
3863
MCCLXVII
3010
2903
DXC
MMMDCCCLIX
3966
2551
899
3679
MMMCDII
2069
942
386
1254
3042
3726
MMMDCCCLXXXV
MD
CCCLXX
1978
MDCCLXXXVII
MMMDCXCII
MMDLIII
MMMCLXV
3299
558
2643
MMDCCLXV
MCCCXXXIII
14
456
MDCLXXXI
DCCCXXIV
MDCXV
2360
CCCV
2032
3374
3074
2408
2303
MCCXI
MCCCXVI
MDCCI
220
MLXVI
2072
128
CMXVIII
2100
MMMCCLXII
MCMLXI
1584
MCCLX
MCDXXII
MMMCCXL
MMMDLXX
MMMCXXXII
448
DCXXXVI
3058
625
MDVIII
MDCLXVIII
CMXLVI
3681
2357
CDLXII
MMMDCCCXCI
MMCCLXXIV
MMMCXIII
MMCCC
3486
MMMCMLXXXVIII
MMCCCXXXIII
592
2430
CDLXXXVI
MMCDXVII
MMDCCCLIX
1850
2110
3079
3302
359
1519
1513
LXIII
1418
3053
CCXXXII
1539
1403
CLIV
272
MMMDXLV
MMMDCCLI
3866
3100
1565
1386
MMMDCCCXXIV
1807
MMMCCCXCVII
2502
MMMCCLXXIX
3557
CMXXVIII
1502
3526
1179
1961
MMMCDXV
1962
MMDCCXXIX
MMMDCXLI
3966
MMMDCCLX
1894
849
MMCDXC
MDCLXIV
1282
MMMDCLII
2921
MMXCV
MMDLXXIX
230
3436
MCLXI
1729
MCCCL
767
3744
2555
MMCCLXXIV
1616
MMCCCXXXIII
327
CCCXXXV
620
MMLXXXV
736
MMCCCLXII
2119
MMMDCLII
CDXIV
1327
DLXXXI
2468
CCCXXIV
572
MMMDCCLXIX
MMMCMVII
MMMCDXLVI
2680
MMDCCLV
1645
CDLXIV
1324
3969
DCCXIV
1041
DXIV
3569
2400
MMMDXLIV
1124
3996
2447
MMDCCCXXVI
CMLIII
MMDLXIX
MDCCCXXXV
2483
2769
MMMXXII
2904
1151
472
1077
DCCXXII
MCCCXLVI
MCDLXIII
CCLXVIII
928
MDLXXXI
2654
933
MMCCXII
MMCDLX
2239
2373
MMMCCCXII
MMMDCLXXVII
MMCDXCV
MCCCLXXI
1618
DCCCLXXX
813
MCMXCIX
MCMXXIII
3401
CCXXX
MMCCXXIII
DI
DCLXIII
3878
2890
MMMLXXIX
726
MCDXII
MCMLIII
46
511
2515
CMLVIII
1994
MDCCCXLIX
MMCLXI
3529
CCLXXXII
279
CCCLXIX
1059
3586
MCCLXVI
3372
3714
2166
3033
MMCCLXX
2018
MMXXVI
172
MMMDCXVIII
MCLXXXVII
CCCVI
MMMDCCLXXXIII
450
1166
DLXXIV
DCCLXXIX
2302
1390
2208
MMDCCCL
CCCLXXXVI
2060
DCCCXXVI
CCXC
1584
2889
487
MXLVII
MDCCCXXVIII
MMCLXXV
269
MMDCXXIII
MMCMLXVIII
1122
1482
279
DCCXCIII
2303
2405
CCCLXXXVIII
1636
2081
2460
MCXCI
517
163
MCLXXXII
MMMCDLXXXIV
2839
CMLXXXII
MMCCLX
MMMCXIII
DCCCXLIX
596
314
MMDCCCXLVIII
3367
2356
2509
697
1883
2680
414
1538
MCCCLIV
DCXCVII
MCVI
MMMC
3659
MCMIII
86
3390
1496
2444
3265
MMCDLXXVII
915
2756
DXCIV
224
MMMDCCCVIII
MMCMXCII
MCCCLXXI
1663
1638
3403
277
3806
MMCCCI
75
3590
MMDCXXIV
1744
DCCCXII
3400
647
207
MMMCCI
MMLVIII
3010
MMCMLXIV
2826
MMMXC
89
1702
MMMDXC
3807
MCMLXXXIII
MMCXLVI
MCDLXXXIX
1849
CCXX
3937
1173
MCCLXXXI
494
MDCCCLXII
MMCDLIII
MCCCLXXV
1259
MMCII
1705
CMLXXXVII
1540
MMDLXXVIII
DCCL
MDCCCLXIX
103
MMMCMLXXV
3169
MMMCMXXXVII
2155
CCCXXXII
2956
2141
432
MMMCCXXVIII
862
2844
MCMXX
CDXXVIII
228
3060
MV
3732
MMMCDXCIII
3621
2039
1860
CCXXII
MCDV
CMXV
2650
DXCVI
CMLXXIX
1420
MMDCXCV
MMCLXXXVII
342
3831
1667
1431
1874
MMDXXIV
MMMCXIX
3719
MMMDII
MMMIV
MMCMLV
673
MMMCMLIX
MMMCLXXIII
3821
MCCLXXVIII
MMMCLXXXVI
769
CLXIV
MMDXXVII
898
MMMCMLX
MMCCCLIII
DLXXXVII
MDCCCLXXXV
1879
967
MMMDCCCXVII
MMMDCCLXIV
3098
3802
MMMCCXCII
MCCLXIII
1804
566
CDXCIV
3167
MMMDCLXXXV
3955
1639
DLXXXVIII
2380
3329
CDLXXXII
MMMDXXVII
MMMLII
2715
3827
MDC
MMMCCCXXIX
CCCXII
MMMDCCCLXI
MCD
1274
MCLXXIX
CXCII
2967
MDCCCLXXI
2894
DXCIII
MMMCMLV
354
2429
MMMDLX
2564
2956
783
2645
2542
MDCLXIV
DCXLII
DXLIV
MXXXIV
395
1312
MLXXIV
CCXCIX
DCCXXXII
2880
1124
MMDCCCLXXIII
1788
MDCCCLX
3877
703
MMMCCCXLVI
2181
CDXLIV
MMDI
3047
MMMDCLXXXI
XLI
DCCCLXXVII
MMMCCLXXXV
2945
106
DXIV
DCCCLXXXIX
549
MDCCCXXIX
502
MMMDCCXXX
2231
2324
MCLXXV
MMMCCLXVII
3822
1225
MCCCXCV
MMMCCCXIV
MDCXLIV
MMDCLII
2091
2787
MMMDLXIV
MMDCCCIX
2320
MDLXXVIII
MMMLVI
MMDLXXVIII
MMMCCXXVII
417
1721
MCCXC
678
MMMCXX
MMCCLXXI
MMCCXCVIII
MMDLVII
MMDCXIV
3713
3278
CCXLII
MMDCCXXXVII
2036
3371
CCCXLIII
3328
2641
MMDCCXVII
MCMLXXVI
MMCLXXVI
3408
1437
125
776
2085
3582
1079
DCCXCVIII
DCCCXXI
1470
2138
MMDCCI
CCXXI
2653
MMDCCLXXXVI
MMMCCXIX
MDCCLXIV
3779
3620
2439
2780
MMCMLXXXI
2726
MMCLIX
MDCCXLV
1617
2431
3618
MMMCMLXXIV
MCCCLXII
MMMDCXVIII
MMDCXIX
2474
2102
MMMDXX
3321
DCCCXXV
3838
CMVI
2921
2836
DCL
MCLXIX
1860
1851
MMCCXXIII
XLVII
DXLI
1771
2212
CMXI
MMDCCXXVII
2066
MCCCXL
MMMCCXII
3070
DLXXXVI
647
MDCCXVIII
MMMCMLXV
976
MMMCCVIII
283
MMMDCCLXXXIV
1370
MCDLXXXII
3628
MMMCCXII
19
980
2288
MMXXXII
523
CCCXII
DCCLXXXVIII
MMMCDIII
MMMCCCLVII
MMDCCCXLV
1839
2367
MXXVI
MMMXCVIII
MMMDLXXXIII
MCCXXXVIII
2013
LXXXIV
1057
MMLXVI
1650
2748
2135
MDCCCXXXIX
MMLI
MMMCCXCVII
MCCCXCVI
MDCCCLXXII
CDXXXIV
MDCII
2086
2478
2264
MLXIV
2205
3994
1777
3650
3027
1847
388
MCCXCIII
DCXLIII
MV
CCLVIII
1055
MMMDCLXXV
1479
MMCDLXXX
DCCCXXXV
2202
1317
83
639
CDXX
2974
CCCXXX
MMMXC
3942
MMDCCCIX
MCMLXIII
MMDCLXXXI
2466
MDCXX
141
259
MMCDXV
MMMXXXI
3712
2020
MMMCCI
DCCCI
801
CMLVII
MMMCMLXVIII
MMMCCLVIII
2311
2669
MDXLIII
1823
MCCCVI
MMMDCCCXXXII
1589
MMLXI
MMMDLXXIV
1354
753
2348
CDLII
MCLXXVIII
30
13
1938
MMDCCC
1875
310
1698
DCCLXV
DCCCLXXXVIII
MMDLXV
1262
537
1890
3002
2939
2955
MCCXC
MMMDCCCLXXVI
1293
3271
542
DCCLXIII
2367
CCCXXXII
2406
3989
179
MXLV
MMCCLXXV
572
2374
MMMCCXXXVII
3429
MMMDCLII
3579
1218
MCLXIII
3319
1849
MMMCCCXXXVII
3031
XLVIII
1072
2651
MCCVI
2665
2347
CLX
MDCCCLXXI
1846
MMCCXVI
1104
CC
468
1728
2907
MCLXXXII
3407
MMMDXCIV
1224
MCDI
CXXXVI
DCCCIV
DCLXXVII
578
MMMDXXX
3000
MMMCDXXI
MMLII
2834
2775
3138
63
2473
MMDCLXII
1375
DXX
2073
2483
974
1213
1704
367
116
2624
MCDXCII
MMCCXXXIX
3612
2088
MCDXXXVIII
MMCCCLIV
973
3297
MVI
512
2336
3235
567
MMDCXXIII
MDXLI
CCXXXI
MMDCLXXXVI
1480
1555
MMMCDXXXIV
717
MMMCCCIX
CDXXXI
3411
818
MDCCLXXX
3233
MMCCLXV
821
DCCLXIX
MMMCMLXXXI
MMMDCI
MMMDCLXI
1310
CMXXIII
3217
MCXII
172
MMMDCCCLXXIX
1355
MMMCCCXLVIII
MMCVIII
180
MMMDLXXIX
MMMCCCXLIII
1656
MMCCXIX
DXXX
MMMCMLXXVI
MMMDCVII
1332
CDXI
MMDL
3356
MXXXVII
CMXXI
MMDCCCXCIII
MMMCDXCV
MMCXLI
2575
CI
MMCCCLXXXVII
MMMDCCCLI
1575
3915
MDLVII
MMCCLXXXVI
315
MMMCDLXIII
DCLXXXII
310
MDCCXIX
3001
1547
MMCCCXIX
DCCVII
403
CMXLIV
1949
MMMLXXIII
2849
3366
MLXII
DCCXLVIII
2305
1284
MMDXXV
2516
3569
MMDCCCXXXVII
MMLXIII
DCCI
DC
MMDCCCXXI
752
534
1539
2936
MCDLXXI
3944
2094
3468
DCCCLXXVI
239
MMMCXCVII
MDXCVI
DCCXLI
512
1194
MCCVIII
1086
1829
LIX
CCCLIV
2889
MCMLXXVI
CDXXXIII
XXXI
3800
MMMDCCCVII
MMDLV
272
MDCLXXVI
MDCXCVII
652
1368
2522
2202
MDXXIV
MMMDCCCXLII
3910
MMMCCVII
2247
MCXVI
MCCXX
874
3667
3088
280
3137
MMMXLI
MCCXLV
MMDCCXVIII
193
MMMXCVI
2979
3573
2170
MMMCDXXXI
MDCCXIX
MDCCXLII
1057
2050
3679
MMMCCXV
2438
3660
1154
659
MMCMLIII
1536
CDVIII
2447
3959
3513
MCMLXIII
1081
CCCXCV
MMMDVII
1505
MMCCCVII
2464
1532
MMCDXXXVI
2769
MCXXVIII
595
MMCCCXCVIII
MMMCDXIX
DCCXL
3180
CMLI
MMCXX
1370
1700
2410
DCCCLIII
CCLXXXIV
1603
893
MMMDCXLVIII
2622
MMMCMXX
2877
2552
1613
1696
MDCCLXXVI
2607
3090
MMDLXIV
MMLXXIII
MDCCLXXII
DCLV
1470
V
MCMLXII
3859
MMMCXXXIV
1006
DX
MMMDLXIX
CCXCII
3924
MMDLII
MCMLIII
MMDLXXVI
988
CIV
547
LIV
3525
2927
3281
CCCXXXIV
MMMCDLXXXIII
MDXXXVII
1488
MMMDCLXXXIV
3874
MCCXXXI
MCLXXXV
MMMVIII
1358
803
MCMXXX
DCCXCVIII
MXCIII
MMMDCCLIX
MMCDXVIII
MMMCCXXX
3075
2061
MMMDCXLI
XI
MMDCCCX
3366
MMMDCLXI
MMMCDLXXX
1816
2029
CCCXXXVII
DCXXVI
MMDIII
2833
3333
MMCMXLIII
1848
CMXIX
MMDCCXXIII
3817
296
MMDCCV
MMMDCXX
MMDCCCLXXVI
2876
295
MMDCXI
3259
MMCDXXXIV
2412
CCXCIV
2136
3297
MDXXXVIII
2281
MCXXXIV
CXXI
MMDXCI
MMMDCCCXXXVIII
DCXIII
MMMDCCXLI
CCLXXVIII
1232
MDCCXII
3310
MMMDXXXVI
MCDXII
447
3210
2675
940
MDCCXCVII
MMMCMVII
2293
1071
MMMDXCVIII
1869
271
2786
1961
2473
MCXXIX
2469
1054
3868
3724
MMDCXCVIII
MDXIV
MMDCCXXX
3191
2226
MMDII
3700
16
3376
MMDCLXIX
3653
3790
3024
CDLXI
989
157
CDXXIII
MMCMVII
1623
MDXXV
MMMCXXXV
1047
3563
73
MMCXXIX
70
3770
CCCLXX
449
CCCXLIV
MLXI
1284
MMDCXXIII
MMMLXV
MMMDCCXV
1384
MMXXI
2020
138
3557
686
182
2638
MMDCCXCIX
MMCCV
27
MMLXXXI
MMMLXXVI
MMCCLXXVII
MMMDLXXV
2715
MMDCCLI
1901
MMMDCIV
3516
3809
MCXCVI
MMDCXLVIII
1963
3995
3467
MMMCCLXVIII
941
CMLIV
MCCLXVII
3380
1185
1548
1246
1061
663
3953
2466
MCCCLXXVIII
2014
1324
CLXX
MMDCXLIII
MMDLXXXI
2987
DCCLXXXI
2984
2158
MDCLXXXIX
403
2104
MMCDXXVII
MMXC
238
3343
1546
MMCDV
MMMCDXVIII
2649
MMMDCCCIX
MMMLXXI
MXIV
MMCCCLXXIII
3344
DCCXLVII
2407
511
MMCD
980
2588
1998
992
MCCCLXVIII
MMCCCLVII
2620
3082
1065
3554
3250
3405
3280
MMMDCIV
2492
CCCLXVIII
2183
CXXVI
2749
1047
MDCX
3540
MCDXVIII
MMDCXLI
DCLXIX
1619
MCMXVII
3843
MMMDCXI
MMMDCCCXCII
MMMDLI
136
MCCLXXXIX
1001
2087
3574
MMCDLXXXV
DCCXCII
MCDXLIII
497
MMCXXXII
760
MDXVII
DCCCLV
645
MMLXIII
MMLXIII
1301
MXI
MMCCXXXIX
283
3931
MMCCXXXIII
818
2178
CCIII
1847
3811
MMMDXXI
3883
LII
2383
MMMCCCXLIV
MMMCDX
2799
MMMDCLXIII
MMMLXIX
MXXVII
1373
MCDXLIII
1734
CXLV
3982
MCMLV
CCCXCV
MMMXLV
MDCXLIV
MCCCXCIII
2316
3602
MMMLXXVII
MCDLXXVIII
2430
MMMCCXCVIII
MMCDXCIII
MMMCDXX
390
101
MMLXXIX
MMDCCXIII
2080
MMDXV
CCCXXVI
MCMXLVII
3773
MDXXVI
CCLXXIV
MCLVIII
3650
3523
CXI
MMMDCLXXXI
MMMCMVIII
2428
766
2887
2753
1808
1190
385
XXXIII
3031
409
1290
CCCXX
CMXXXIV
DLXXVI
MMMLXXXIX
1391
901
MDCCCLXX
CMLXVI
1102
CCCLXVII
2455
MMCLXXII
3671
MMDLXVII
MMMDXCIII
MMMCCCXCV
MMMDCCLXXXI
2367
MMMCCLVIII
620
2333
18
MDCLV
3923
CCCLXXVIII
XXXVI
3909
2212
1326
MMMCMXCVI
3444
MMDCCLIX
3912
1847
MMDLIII
MDCCLIII
1014
671
3898
1930
589
MMDCCXVIII
CDXLIX
MCXLII
MMCLXXII
799
2155
3437
2025
2327
1201
2805
2394
2241
1135
1215
2227
MDCCCLXV
CCXXXI
MDCCCXXXVI
XII
3409
MDC
MDCCCXX
1122
MDCCCIX
MMDCXI
MMMDCXIX
1129
MMMLXXXV
2632
MMCXXVI
1995
1878
332
MXXXIV
MDCLXII
MMCDXCVIII
2351
MMMDLXXIX
610
2979
2291
MMCCXCII
MCMLIII
MXCI
MMDXXVI
MMMDCXXVIII
1502
MMDCCLIV
MMCMXLIX
3109
3394
3309
MMDLXVII
1472
DCLX
38
CMLXXI
3421
1076
MCVI
2300
3577
DCXXXVI
2813
3851
2147
2850
MCLXXXVIII
MCCCXIII
2773
2397
3282
MMDCCCI
3198
MMDCLXXXIV
MCCXXXVI
2918
MCDVIII
DCCLXXXV
486
MCMV
2107
MMMDCC
MCDII
87
3578
3610
MMCMXCII
MMMCLVII
3774
DCCXII
MMDCCCXXXIV
2120
MMMXCIII
MMMDCCXXIX
1519
MDIV
3008
2741
2855
DCIII
2452
MMMDCCXLII
MMDCXCV
41
MMMXLI
MMMDCCXXXVII
MMXXXII
MMDVIII
MMLXXVI
MMMDLXXXIV
2287
596
MDLXXIX
MMMCCLXXXIII
3795
MCCXLII
MMMDCLXVII
1306
DCCXXXII
MMMCMXLVI
680
1195
CCCLXIV
3263
2329
61
MCDXXVIII
2724
MMXIX
MCXIV
1061
CXL
MMDCCLXIV
MMDCXXXVIII
2386
1710
MMCCLXV
CLVI
MDCCCXL
3913
3104
CLV
1553
MDCCXXXV
1366
2666
MMDCCXLIV
506
DCXIX
3766
2471
1649
3670
272
CMLXXX
2660
3132
2711
2202
CMLI
MDCCCXCVI
CCCLXXIX
CMLIII
1643
MMCMLXXIII
69
1888
MMDCCLXXXV
MMDCCCL
CMXVII
MMCCCLX
2944
586
192
1251
2230
MMMIII
MMDCCLXXI
MMMCCXLVIII
MMMCDLVI
MCMXXIX
CCCXXII
2162
3605
LIII
180
266
1046
CDLXX
LXXXVII
1159
3503
DCCLXXXV
2982
DCCCXVI
MMDCLXXXII
3653
MCDLII
MMMCDIX
2757
MCII
MCMLXII
499
1175
CCLXXXI
MMDCIX
MMDCCXLIII
3711
2147
3129
20
595
3294
MMCD
3304
DCCCXCV
3118
MMMCCLXXVI
154
1072
3300
DCCCXXI
DCCXV
1881
MCVI
372
3164
246
2551
MMCDLIX
MMMDCCLXXIV
MMMDCCCXLV
1798
783
MCDLXXXI
2819
DCCLXXXVII
617
DXXIX
1128
1726
MMMDCXCI
MMCCCLI
3338
MMDCLXII
3431
3414
3269
1037
3425
MMMCMLVI
MMMCCLXXXII
MMCMLXVII
1254
MMCLXXV
MMMCCCV
2303
2219
2223
3132
1606
MCDXLVIII
1146
MDLXXX
DCVI
MMMDCCCIX
MMMCMXLIII
2652
3366
3429
3468
MCLX
MCMXLVIII
MCCXIII
CLXXVII
716
2207
2381
MDXXXIX
2157
MMI
2468
MMCMXCII
MCCCLXVII
3598
MCCXCII
MMMDCXV
MMMCMLXVIII
31
MMMDCCCIV
3142
MDCCCXLIII
1865
1161
3803
MMDCCCXX
MCCLXIX
MMML
MDCXLIII
MMMCLXIV
MDXXXVII
CMXXVIII
XC
MMDCCCXXV
MMCCCXXI
DCCCXIII
2618
MMXXXII
CXXXIV
2686
MMCCXXIX
MCDLXXXIX
MXXIV
VI
1092
DXCI
CXCV
2899
1326
MMMCCLXIII
MCMIV
1802
2104
MDCCXLIX
MMMCCXCIV
MMMCCCXXI
1673
2388
DCCCLXXI
2114
1522
CDXXIII
CMLXVI
MCDLXXVI
2363
1132
MMMCDXLIX
MDCCCLXV
MMMDCCXXXIX
MMDCCXXVI
3032
3771
MMCCCXXXVIII
MMDLXIII
CLXXXIX
MMDCCCXCIX
MCCXXXIV
MMMCCLXXVI
2840
DCXCV
MCCXIX
3746
1069
DLXIII
MDXXVIII
MMMXXXI
CCXXXVIII
MMXXIV
MMCVI
1585
MDCCCLXXX
2451
3777
DCXLIV
DCCCLXXXIII
3284
1993
MMMCCLX
MMMLXXXV
3704
1545
MCMVII
MCCCXIII
3765
MMMDLXXVI
3035
2195
MMMXLI
638
MMMLXVIII
1800
MDCCLIV
MMMLX
1624
MMMCDXII
MDXIV
2454
MMMDCXXIX
3679
750
MCCXC
MDCCCV
CXII
3465
1036
MMDCCCLXIII
1604
MXV
MDXCVII
3055
2213
MMCCCLXVIII
2105
491
2673
MMMDCCCLXX
MMCXLVI
MMMDCCCXCII
MMCLXVIII
VI
2013
1307
CMXCVII
3950
1876
DCCCXXII
MCXXXVII
MMCCCLXXVIII
1129
2284
2627
MMLIX
883
2697
MMMDCCCXXXVII
2297
DCXCI
DCCIX
MCCCLIII
MCDLXXXVII
MMCDXXIX
100
MMMXIX
1795
1302
2192
3327
MMDCCC
MLXVII
580
MMCLXXI
CCCXXXV
2385
MMDCIII
3386
DCCXIX
3551
MDCCLXXXVIII
CIV
MMDX
MDXLV
985
3035
2734
1923
MMCXXXVII
750
CCXII
878
MMDCCLXIII
1237
MCCCXII
1430
2675
2304
MMMDCCCVIII
MMMCCLXXXV
MMMCCLXXII
CCLXXVII
DCCXCV
380
94
MMCCCXCIX
CDXVII
3280
MMMDCLXXV
MMCCCXIV
MCCLXXIV
MMMCCCXLIV
2387
MCCLV
689
MMCDXXIV
CDLVIII
MDLXVI
3156
DCCCX
610
MDCCCXC
2226
2158
354
MMMCDXCIII
MMCXVI
564
MCCLXXX
MDCCCLI
DCCCXCII
2290
129
MCMLXVIII
49
MMCDXVIII
2317
3343
1767
MMCXC
MMCMLXXVII
MMMCCLXXXVI
1328
2722
2246
MMMDCCXLVIII
57
778
MMMDLXIV
MMCV
2236
DCLXXX
DCXIII
CIII
2401
1430
MMCXLV
2863
2872
1191
MMMCCCLXXXI
3746
1829
MMCCCXIV
2785
MMCMXIX
MMMCDXLI
2088
1617
MDCCLXXXVI
MMCV
1027
202
CCCLXXXIII
MMCXL
MMMCXIII
3741
MMCCCXVI
MMCCCLXIV
306
MCCXXXIII
3644
2984
CMXCVIII
DLVIII
1478
MXXXIX
91
2997
1417
3066
1440
MMCCLXXVIII
1855
2237
834
MMDLXXXI
CMLXXIII
2419
MDCCCXX
2813
C
1701
3083
3585
85
3971
MMMCDLXXXIX
MMMCMLXVII
MCMXLVI
XXXIX
MMMDCCLVIII
3246
2912
3518
2670
2723
MDCCXC
MMCCXLI
MVIII
1611
3722
102
976
88
CDLVIII
6
MCXXVII
MMMCCLXXXVII
319
2843
3127
1433
CLXXXV
1467
2079
MCCCLXIX
1146
MMMCXVI
30
2518
MMDCCCXXVIII
MXII
CCXXXI
MDLXXXII
MMCDLXXXV
434
MDCCCLXIX
DCCCLXIV
MMDCCCLXI
1597
1932
MMMDXVIII
2921
3735
MCCXXIV
MMMCDLXVII
MCXLVI
2893
MDLXVII
3874
MMDCCLXIX
MMMCMLXXXVIII
2112
2125
171
1880
1598
98
MMCDV
MMXI
1628
MDCCCXV
MDCLXXIX
2840
MMCLXXV
MCCLXXIV
2054
93
MMCMLI
3315
MXXX
2619
2650
CCCXVI
1640
2728
DCCCXXXV
CMLXXVIII
MMCXXXII
MMMCCXCVIII
MCCCLXIV
3656
2077
MMCCXXXV
3334
MXXXVIII
2196
2117
319
MDCCCXXXVII
3984
3670
1819
612
CXVI
DCCXXXVI
3049
1311
2300
320
MDCCXIV
3783
2576
MMMDCLXXX
2332
2481
1876
3236
MMCDLXXII
749
1307
1549
2849
MMMDLXXXII
DCCCXIII
MDCXCIV
MCCXLVII
1423
MDXXIV
MCCCXXXV
XXXIV
MMMDCCLXXV
2492
MMDLXXXIII
DXXXI
MMMCMXCVI
3650
DCXLVIII
CMIV
3506
MDL
3986
CCXLIX
2074
MMDXCIV
2829
XCIV
3778
1313
MMMDCCCXCIX
CMLXXIV
917
MMDCI
MMMCCCXLI
3859
3748
3092
MMMCCVI
MMMCXLVIII
MDLXXXIV
DCLIX
1615
3303
2053
783
1965
3637
MLXXII
MMCDXLIX
MMCDXLIII
3086
1414
3407
3624
MDCXXVIII
3573
MMCXLV
2377
MMDCXL
1598
MMDCCLXVIII
2281
MMMDCCLXXXVI
3509
MDCCCLXX
MMMDCCLVII
MMDCLXXVII
1213
CCLII
MDCCXCVII
3491
3139
MCCLXX
DCXCII
MDCCCLVIII
3000
MMCMXXXI
2424
MMMXLVI
CDXXXVIII
3298
MMMDCXCIX
CCLXI
MMCXCIV
CDLXXXIV
726
MMCMXXXII
MDCCCLII
MLXXXVIII
2394
1673
MMMDCXVII
MMMDCCCL
MCCCXXIV
MD
MMCCLVII
CXXXV
92
MCDX
MMCMXCIX
MMMC
CMXVII
761
3114
3816
3775
2269
MMMLXXXI
DXXV
CCCLXVIII
748
MMMDXI
MDCCXVI
2348
297
MCCCXI
2710
LXXXI
MMLXIX
MMCCXXV
3293
LXVIII
DCCCL
MMMDCCCLXV
1701
CXXXI
2752
MMMDXL
MMDXXIII
3857
3801
1001
185
MDCLX
MMCCCXXXI
2808
MCCXXI
3081
MMCXCIII
CDXVIII
1791
3973
MMMCLXIII
1772
MCCCLVII
2369
3341
MMDLX
MCCCV
1631
3919
MMMDCCCLXXXVI
2906
1416
CLXXXV
MMCXLIII
MMCXCVII
3237
1580
2246
2145
MMMDCCLXXVII
MDCCLIV
1086
MLIII
793
3809
2109
MMMDCCCLXXVI
2590
3670
MMMCMXVIII
57
2033
2084
DCCXXXIX
3512
MMMCXXXVII
MDCCXXVI
2394
CCXIV
1071
MCMXLII
MDCLXXII
MCCXXV
MCCXXI
MDCLXXXIX
1795
1895
2987
1826
MMMDCCVI
3694
MMCMLXXV
1590
2784
MCLXI
CMLV
1920
CMXLVII
1604
1937
MMMCLIII
3493
2180
MMCCCLXXIII
MMMCMXXV
3576
MMMDCCIII
MMCDLXXIX
MMCCCVII
3275
MDLXV
1441
1238
1298
CDLXXVII
2741
MMCXCIV
MMDCXXXIV
1058
MMMCXXXVI
MMMCLXXXVIII
DCXVII
MDXCIII
MXXXVII
471
2346
CX
MDCLXV
1885
3765
1181
MDLXXIV
597
1081
MDCCCXCVI
2304
1580
557
3330
MDVI
DCCCLXXXV
1868
1261
DXXXIX
MCXLVI
1123
12
808
MDXVIII
MMMCMLII
MMLXXXV
MMMDCCXIV
324
3021
MMDCLXIX
MMLXII
MCDLXXXVI
2981
3746
MMMIX
MMMDCCCLXIV
238
3297
1084
MMDCLIII
MMCDXXXVI
1537
25
2477
1496
2864
CMLXXXIX
MMMDCX
597
MDCCCLXXV
1461
MMMCDLXV
CMXIX
802
MCLXXIV
MDCCLIII
852
2929
396
MCLVI
MMMCCCXXXVIII
MCMXCVIII
1590
MCCCXLIX
MMMCCCXXXI
MMMDCLVII
MMCCCV
MDXVIII
2717
MCCXLIV
MCCCXII
1745
1901
418
MMCXCV
968
MMMCDXXXVIII
3226
MMMDXXIX
2320
DCCCXLIII
2064
74
DCCXV
1390
MMDXL
MCDXXVII
635
MMMDCCCLI
3561
CXXXVIII
MMMCCCLVI
102
CCCLVIII
MMMCIV
MCXVIII
3208
2869
MMCLXVI
503
2499
MDCX
MCCCLXX
MCMXXXVIII
650
CCIX
MMCXXVIII
2165
DCLXXXIII
2832
DLXXXIX
MDCCCLXXXI
MMMCMLXXXVI
MDCCCLXVI
MMLXXXVII
MMMCCCLIV
2435
MMMIII
XCII
400
1212
845
MMCDIII
597
2917
DCXCII
CCCXLI
MMCCCVII
3697
MMMCMLV
DCXXXVI
955
CDIV
MMCDXX
MMMLXXXV
1448
CDVIII
2803
MDXLVI
MMMCCCXLV
MCMLXXIII
MMDCCXVII
3667
2960
2551
MMMDCCCLXVI
3353
MMMDCCCLXXVI
DXI
MMMCDXLVI
CCXXVIII
453
3776
1598
MMCMXCIII
2660
2751
MDCXXVIII
MMCCCXLIII
MDXCV
MMCCXLVIII
DCCCLVIII
MMXCIV
978
2787
MMCCCXIII
3132
DCCLXXX
DCCCXXX
597
2936
59
DXLV
898
2670
3795
646
MMCLXX
CMXXIX
MMMDLXI
CDLXXXIV
MMCDXLVIII
DCLXXXIV
539
2323
MMMCCCXCVIII
CCLXXIII
DLXXXIII
DXXXII
MMDXCVI
MCLXIX
601
MCDLXXIV
MCXCIII
MDCL
2201
467
3842
2100
2648
1044
MMMCVII
3602
MCMXCIV
1454
MMDCLXX
3791
MMMDCLIV
3394
3702
856
2138
MMCXII
MDCCCXXXIV
MMDCXII
3909
957
1014
MMCMVII
2682
MMMDCCCXXXIX
DC
MMMCXXXIX
114
1181
DCXXI
902
45
MMMDCXC
3707
MDCCCLXII
DCCCLVII
MMMDCXLII
MMCCLXXV
1403
90
MMMCXCIII
2939
DCXXXVII
CLXVII
DLXXXIII
260
1779
3838
MMCCLX
2195
3250
LXXXIX
1462
MMCMXVI
3193
3384
MDCLXI
1876
2705
866
3399
1862
MMMCCVI
1312
MDCXC
MMMCLXXXI
279
1902
MCCCVII
MMCCLXXXVII
CCLVI
MDXXVI
161
MLVI
220
2273
1223
CCCLXXVI
2010
435
3364
1592
881
1068
253
42
DCCCXI
DCCXLIV
2880
3631
3759
1887
MDII
1213
MMMDCCCXLVI
3759
2924
MCDXCV
361
MMMLXXXV
2678
2964
MMMCMXLVII
2210
MCMLXI
DCLXI
408
MMMDXLV
MCCXXXVII
CXXII
1246
2277
DLXXI
DCCLXX
MMMCCCXX
MMMDXVIII
1666
1448
1287
CCXXX
1328
2340
2626
2661
MMDCCXXXVIII
2543
MMMDCCCXLVIII
MDCCCLIV
3023
MMMDCCXII
2682
MMMCCLXXXIII
MMMCMXLIX
CCLXVI
3766
MMCDXCV
865
CXX
MMCCXXXIX
MCCCXXXVII
3374
DCLXXIII
2403
3015
1326
MXXXIII
2316
MMCDLXXIV
3952
CCXVII
MMMCCX
429
2760
3093
2332
3701
3366
1908
MMCL
247
MMXXX
MMMCLXIII
MMMDCXCIV
2437
CCXCIX
1804
MMMCCCXCIX
2596
MMDLXV
CMLV
3778
MDCCLXXXI
CCCXXVII
519
MMCVI
MMMDCCLVI
2136
MMMDCCXL
1273
DCCCXLVIII
MMMDCCIV
MMDCCII
1617
MMMDXV
225
2025
2890
MMMCMLXXXVIII
1884
1847
MMMCCCLXXI
MMXLIII
2891
MCXLIX
2193
3036
MMDCLXXXV
MMDCXCVI
MMMDCCCXXXIX
MCMIV
3026
3843
997
MMMXXXV
MDCCCVIII
238
CDLXXIX
1572
MDCCCLXXII
MMCDVIII
MMMDLXXVI
CCCLVI
1994
3875
DLXIV
1559
CMLI
1507
MDCXXI
2032
MMMVIII
CXXIX
CCCXXI
2433
MDCLXX
984
1143
DCLXVIII
MCCCLIX
LXI
1236
MMMDCLXVI
MMDXXXVI
1314
3440
2239
MCXCV
1928
MMMDXXIII
DCLXXVIII
3142
MMXXXIX
MDCCLII
2990
MCLXXXVI
742
CDLVIII
1950
MMDCCCLXIX
3112
MMDCCIX
457
MMVII
MCDXI
1553
1985
MMMCCCXXIII
3165
3936
1146
1445
3951
3903
MMCDXXXV
3581
MCCCXLV
MMMCMXXIX
294
MMMLXXII
636
CMLXXXIII
CLXXVIII
2337
MCDXVII
3073
219
MMCCCLVI
MCDXXVII
3651
736
DXXXV
2579
III
MMLX
1879
3022
MMCCCLXXVI
783
2972
233
DI
MXCII
MMCCXCVI
MMMXXXII
DXLVIII
174
DCXXI
DXXXI
3312
MMMLXXXV
MCCCXXXI
2096
407
1359
CLXXVII
CCCLXVII
MMCCVII
MCCCXII
2431
674
MMMXXXV
2157
MMDVIII
MDCCXVII
2093
MMCXXV
MMMLVIII
1282
3196
MCCXLVI
2476
MCCXXXIX
CDLXXXIX
MMMCDXLVII
CCLXVII
619
3188
DCCVI
2844
MMDCCLVII
DCCCLXXIII
3589
2484
1752
CLXXXIV
MMDCLXXIII
MCDLXII
DCCXXI
MDCCCXLVIII
MMMCLX
188
657
DCCXI
2629
MDCCXIII
MMDCLVI
MMMCMXXX
MMCCLX
MMMDXXXV
MMMCMXVI
MMCCCLIII
MCDXXXII
3036
MDCCXVI
1215
MMMCMLXIV
2814
MMDCLXVI
MMCXLVII
2610
17
MMMXIX
1955
CLXII
127
1160
CDXCVII
3460
2148
MCMXXIX
3918
1491
MDCXXXIII
CCLXXV
165
925
3101
395
DXXXIII
CCXXXI
MMCMXXXI
CMLXXI
3325
MMMCCCVIII
CCXIX
3539
MMMCLXVI
MCDLXXXVI
3254
DCCXLV
MDCXIV
82
MMMDCCCLXVI
MMDLVII
3311
2190
1472
MMMDCLXXIII
MMMDCXCII
MMCXXXIX
1182
MMMCXCVII
3057
3205
3875
2938
CCCXCVII
1339
2069
3798
868
3175
1980
785
3670
MCCCLXIII
808
2365
1055
1630
CDLXXXIII
2478
748
3026
411
MCXLVIII
3892
1416
CII
3675
CMLXXII
MMCCLXXXIII
2374
CDXCIV
MMMDCCXCVI
3680
2813
1839
MMMDCLIII
MDCLVIII
1644
299
2314
1411
MMMXXX
1779
MMCMLXXVI
DXXV
MMMDCCCXXXVIII
1794
DLXIII
1643
CI
1792
MMDCCXII
250
DCXIII
MMCCCVIII
CXII
3598
MMCLXVI
464
MDCCLI
MMMDLIX
1687
568
MMMDLXIX
MMCXXXVIII
MDCLXII
201
MCMXXV
1384
438
DXXXVII
CCXXXV
405
MDCXLVII
3839
227
1221
2491
2645
CDII
572
3764
875
CXVII
1578
850
214
MXCVIII
2659
51
1446
MMDCCLXX
973
2808
MCDLXIV
1597
3131
1245
2666
DCCCLXXI
458
MMCMXXXIII
2560
MMMXLI
MMDLIII
3684
XXXV
3691
1154
2478
CMXXV
MMMDCCCLXII
MMDCCLVI
3665
679
MMMXLI
331
MMCXIII
MCMLXXXVI
2332
118
MMCLXXII
MMMCMLXXXIX
MDXXXVII
MCCCIX
3682
MMMXXXV
MMDCXXIV
MMMDCCLXXXV
844
MMMDCCXXXVII
MMMDCLXXX
MMMDXXIX
856
2538
MMMDXLV
1458
XXXVIII
CMXLVIII
3679
MMMDCCCXXIV
1519
1432
2620
3440
MMCDLXXVIII
395
1586
MMMCDLIV
3686
MCXXVIII
CCXV
361
513
1283
DCCCLXXXV
DCCCXVI
2961
2337
MMDCCCXCVII
3788
MCMXL
MMDCCCLX
MMCMLVII
DCXCVI
CCCLXXXV
MCCCXL
MMCDLII
MCCCLXXIV
815
1516
MCCCIX
2481
242
117
MCCCXXVIII
DCVII
MMCXV
3268
MMLXI
1153
MMCDVIII
2635
1217
1772
DCXXXV
MMCLXXXI
MMXCVI
3277
1634
965
2716
DCXC
LI
MMDLXI
MXXVI
DLXI
MMMDCL
2854
1354
MMDCXXVI
373
3591
2996
2972
2201
1601
2320
2209
MMDXXI
3383
MMCMLIV
3334
2880
MMXLVII
MMMCCCLXXVI
243
MCV
MMDCCCX
695
DCCXI
1454
MCLXXXVIII
2346
779
920
MCDLXXXVIII
MMCLXXIV
DXII
1877
CDXXXVII
MCCLXXII
624
983
1264
DCCCLXXXVIII
2511
DCCCXXIV
3901
MMXCVI
MMMLXXVII
MMDXXXV
3955
CDXXIV
2590
MMDCCLXXX
3578
MMDXVI
DLXII
1729
MCMXXXIII
CCLXV
LXXXV
1285
DLXXXVIII
MCDXCIX
MMDCCCXIX
1139
2005
MLXIX
MMDCCCLII
MMMXLIV
MXVI
3896
2964
MMMCLXI
754
1964
MDCCXCVII
2005
2027
3750
DCCLXXVII
CMVII
3264
393
MMDCCXXVI
MMMCDXLI
MMMCDXXIII
DIII
DCCCXXXVIII
1308
2735
1693
MMDCCXXXIX
MMMCCCX
MMDCCCLXIII
193
3962
MCCXI
MMCCLXX
CMLXV
2506
1575
MMDCLVIII
2361
MMMCCCXVIII
MMMCMLXXX
13
MDCCLXXV
3189
MCXLII
MMMCCLIV
MMMDXIX
1998
3959
CMLXXXV
DCCCXVIII
1503
MMMCCCLX
MCDXCVIII
2555
1155
2498
2853
203
374
VI
225
MCLXXXVIII
2414
2979
2716
2508
355
1242
MDCCCVI
2235
MCMLVI
DXXX
MMMCCCLXXXIV
MDCLXXVIII
MMMCC
LXXIX
MMMDCXXXVIII
MMCCXLI
MXXXII
1396
MMDCCXCVII
MMDCCXLV
MCDXLVII
MCCCLXXXVII
2808
2023
117
MCDVIII
648
2212
MMLXXIV
2843
MMLXXV
2624
MXCVII
750
MMLXXVII
2806
700
2456
62
2155
2262
MMMCMLIII
2645
MMMXXXII
2421
826
MMCDXCVIII
2788
LXXII
IX
1937
MDCCCX
MMMDCCXLIX
3528
MMMDCCCLXVII
MMM
2417
MMMDCCCIII
MMMCXIX
MMMCMXVII
856
MMDCCCLI
MCDLXVIII
3983
1644
MDCXLI
2046
DCLVII
2420
MMCMLXXXIII
CXCIII
2183
148
1870
2873
MDCXLV
MMMDCXC
1426
3772
1393
1975
CCLII
MMMCXXV
2945
2082
3760
3314
DLXVI
MMCLVI
MMMCDXXIII
2412
DCLVII
2515
MDCCCLXXIX
MMMCCCLXXVIII
MMMDCCLXXXI
MMMCDXIV
MMDCCIV
2287
MMMI
MLXXVIII
2697
277
CDLXIX
CLXXVII
814
2644
1434
MCMXC
2354
574
MCCXLVI
1472
CDLIV
3170
MCCLXIII
CD
CMXXXIX
DLIX
MMIV
MMCCXLVII
MMCDLXVIII
MCDLII
MDLXI
MMMDLIV
MMMCMXXXVI
2109
288
MMDV
2080
1532
MMCXXII
2848
DCCCXIII
356
2894
2368
MMCCCLXV
MMDCCLXXXV
1010
MDCCXCI
MXCII
MMMDCCXLVIII
MMMCLVII
89
2306
3385
MMCDLX
MMMCMVIII
MCX
MDCCCLXXVII
MMCCCLXXX
1712
MMMCXXII
MMMDCLXVIII
939
MCDLXVII
MMCCLXXI
574
MMMCLXXIX
MMDCCXIV
789
MDLXXXIII
2484
1367
775
2696
MDCXXVI
2651
309
MDCCCX
MCMXXXIII
1141
1569
2539
MMCDX
DLX
MMCXXIII
412
954
MMDLXXVII
MDCC
MMMCMXXI
943
1168
3030
305
1265
MLXXX
312
MMCDXXXII
CCCXXVIII
2376
2296
543
MMMCCCLXII
MDCCCLXXVII
2796
MMCCXC
MMMCCCLXII
1938
1146
1186
MCDXIV
164
MMCMLVII
3503
MMMCCCXI
MDCLXXVII
MMMXXVIII
2949
MCMLXXI
2930
MMMDLXXVI
1213
1138
CMXLVI
3495
MMMCCLXXII
951
MMMCCXIX
MDCXVIII
CMLV
44
3676
MLXXIX
DCCCXV
MMMCLXXX
MMMCCCXCVIII
MMMCCL
MMMCCCXXI
3976
3852
1905
MCDXLVII
DLIII
DCCLXXXVII
3685
CDXCIV
DLXXXVIII
1547
CXIX
3048
MMDCCXCV
MMMVIII
282
MMCDX
MDCCLXXXIX
878
MMCXII
539
1361
370
DLXXXVIII
2844
3513
MDCCXVI
MCCXXXIV
MMCMLX
2694
3235
MMMXXXII
MDCLXXXVIII
MDCLV
MMCXLVI
CDLXI
1587
1449
MCCXIX
DXXXI
1173
507
406
MMCMXXVIII
MMMCCXIII
152
3141
MMCLXV
MCDVII
3785
2263
CCXXX
2692
DXXIX
CCLXXXV
MMCMLI
3087
1782
DLIV
DCCCLXXX
MMDXLIX
LXXII
MMMCLXIX
274
MDCCXXXVII
MMMCCLXV
769
2991
MDCCCLVIII
2523
MMDCXL
MMCMXXII
169
2603
CDXXXIII
MMCLVIII
MMCLXXXV
2413
3871
MCCXXXIV
DCCCLI
577
MMCCXXXVIII
3338
2510
MMDCCXVII
MMMDLXXXVI
3508
CCLXVII
668
590
MLI
MMDXC
3335
588
MMMCDXXIII
2217
MMMDXCII
437
CMIII
MMMDCV
377
2653
2736
867
DCLVI
DCII
1602
2699
MMMDCCLXXXVIII
2237
MMMCCXCIV
MDCCCVIII
DCCXCIII
591
30
MCCXXX
3313
3126
MDCXLVIII
CCCXLIV
MCCCVII
971
2702
MMDCCXCII
CC
2338
DLXX
DCCCVI
MMMDCCLXIX
MXVI
MMCL
MMCMLXXIX
CMLXXV
MMMCDLXXXVIII
MMCDXCVII
1355
1100
1397
MMVI
MMMDCLXVIII
3100
MMDCXXV
MCL
MCMXIX
MMMCD
3711
3858
3386
MMCMXLVII
CDXIX
MMMDCCIV
XXXIV
2732
DCCXI
2483
2791
3868
638
MMMCMXCVIII
MDCCXIII
CMLXXV
CXCII
CCLXXXIII
3646
2477
MCCCXXIX
3835
540
1232
MIX
2600
DCCXXV
448
1266
MCMLXXXIV
157
MMCCLXXVII
MCCCXLV
514
2438
MMMCLXXI
2697
2087
MMMDCCCLXI
MMMDCCCLXXIV
MMCCCXXXIV
1412
MCDLIX
MMMCMLXI
3240
MMMCCCXIX
MMCMXXVIII
204
MMCCCXCII
MMCCCXXXVI
2923
MCCCLXVIII
CCLXXXVI
3081
1920
2162
3243
1592
599
CCCXLIII
3120
390
1538
MMCXXXIII
1209
MMDXVIII
DCXIII
2939
1968
CCCLXXXVII
MDVIII
554
3894
806
MDCXLII
MCLXXXIII
461
2808
702
3151
CCCLVI
2507
MMMDVIII
MMMCMXIII
MDCXXIII
3457
3950
MCXLIV
1833
MCCCIX
3515
CMLXV
DCCXXIII
2128
1487
MMMDL
3706
MMCMXV
MMDCCCLXXXIII
1935
CLXII
617
MDCXX
MDCLIX
336
3027
3357
XLV
579
1440
CDV
MDCLXXX
DCLXXXIX
2036
3279
3879
MMCDXXIII
2807
840
MMCDXXVII
MMMCMLXI
2869
3799
LXXXIV
1479
289
MMMCCCXL
1270
MMMCLXXII
2567
MCDLXXXIV
157
MMLXXXVII
1655
DCXLIV
1470
821
3725
MCVI
MCMLXXVII
1019
238
139
CCCLVIII
DXXXIV
MDCCCXL
MMMCCCXXIV
MMMDXCIV
989
MCDXLVIII
MMDCXLI
1230
CCXXXVII
DCCCXXXVIII
745
1022
3832
VI
MMCMLXXVI
MCDLXXIII
2548
2464
1764
552
2733
MCXVIII
3633
DLIII
766
2202
MMMCXVII
1355
MMDLII
MCMLXIV
2847
669
503
MDCLXII
1163
MMDCCVIII
MMDVII
MMMDLXXI
MCCCXLVI
CCCLXXII
1079
1892
2335
MMMLXXVI
119
MMMCLXXX
MMMDXC
893
2038
MCMXI
MMMCIV
405
151
MMMDCCCII
MDCCCXLII
168
2930
468
MMMDCCXI
2111
MDCCCXII
MDCCXVIII
MLI
MCCCLII
MMCCIII
DVIII
2487
MMDCCCXC
1929
MDCCCXXIII
1058
DLXXXIV
3295
603
74
MCXLII
CCCLIII
1541
3452
1273
2805
MMMCCCLXII
MCMX
XII
DCXXXVI
MMCDXCI
MXXXIV
1012
1946
1207
MMMDCCXXXVI
548
331
2681
923
991
742
CXIII
2131
3757
MMMDCCCXXXII
DXXXVIII
2978
1892
DCCLXXVI
MMCDVII
CCCLXXIX
CMLXXXI
3237
MDCCLXXII
MCMXCVIII
964
3713
3240
MMMCCCLXXXIII
3606
MMMCCCLVI
CCLXIII
3661
2171
MMCCLXXXVII
IX
MMMDCCCLXXI
1723
CCXXXVI
DCCLXXXVI
3197
1966
MMMDCCCL
2376
553
MMDXX
2026
2852
3288
1754
1050
MMMLXIX
1423
3343
951
MMMCCCXCVII
2252
MMMDCCXCIX
870
MMMCXLVIII
MMDCCCXXXVII
MMMCCCXXXVIII
3014
MMCMLXVII
1939
3060
2379
274
MMDCCLXXXIII
LXXI
5
299
MDCCCLXXIV
MMMDCXIV
MMDCCCXXVIII
138
143
1556
MMMCDXCII
DLV
MDCCCLII
MMMDCCLXV
DLI
133
955
1023
2404
MCDXXXIV
363
MMMLXVIII
MMMCCLI
MMMDCLXVII
911
DCLXXIII
MDLXV
1433
MDCCI
MMMCMLXXXV
MDCLXXVII
MMMLXVII
DCXXXV
942
MMMVIII
3101
19
664
3779
CCXXVII
DXXVII
344
2071
MCCCII
MMMXLVIII
MMMCDXCIX
MDCCCXVII
856
2137
MMMXXI
DCXCVIII
496
210
701
384
1309
MMMCLI
MMDCIX
MMMDCCLXXXIX
3138
MMMDCCXXXVIII
MCLXVIII
MCCLXXIV
214
MMDCCLXXXIII
CMLXVI
3582
3512
2846
MDLXXVIII
2535
MMMDLXVII
2524
1308
MMMDCCCXXXV
V
36
MMXCII
DCCXXXIV
586
MDCLXXVI
CCX
MMCDLXXVIII
MMCDXCI
MCMLXI
3299
296
CCXXXVI
3800
3392
MMMCCCXCV
2756
1055
MCCCXV
1638
2593
2293
331
2710
139
2069
1971
1408
3236
952
2155
2139
MCXVI
635
1670
MMMDCCII
MMMDLX
CCXXVI
MMXC
3272
MMMCCCXXXIX
3978
897
3337
CMLXVII
MMMCXIV
DCXLVI
3514
1749
251
3035
MDCCCXLV
MCMXXV
MCDLXXXVII
2007
659
2861
2913
3432
MCMLIV
DXLV
DCLXIX
1029
3291
DXXXV
LXXXI
CCCLXXXVIII
CCCLXXIX
339
MMCCXLV
451
3343
MMMDCCXXIV
188
MCMLXVI
MMCDLXII
1385
MMMDCLXXXI
3751
3178
MMDCCCXII
1381
MMXXII
MMDXXVIII
MMMCMXCVII
2013
1804
MMCMLXVIII
1741
MMMDCXCIV
DCCLXXV
MMCDIV
DCCIX
2180
MMMCDLXXX
MDCCCLXXXVI
3197
MMXX
1261
3794
MMMCDXCVIII
MMMCMXLIII
MXXXV
1606
MCCC
MMMXLIV
MXIII
MCIII
2515
MMMLXXV
MMMDCCXIX
CLXXIX
MMMCMXX
2635
2333
MMMCXLIV
226
3308
MDCCXCVI
LV
681
MMMDCCXL
MDCCI
MMCCCLV
CDXI
2295
3006
3334
MMCDLXXXIII
3322
CCXIV
773
CMXXXVI
743
MMXXVI
3549
279
1159
2540
2613
1795
MXC
533
1805
3987
3881
3035
CDXXXII
CMXXXVI
2991
2873
MMMDXXVIII
MMDCCXVIII
MMMDCXLV
MCCCXLI
MMMDCCXXXIV
MMDCLX
591
MDCCLII
795
CDLXXXIV
743
1102
2185
MCCLXXIX
2669
MMDCCIV
CCXLII
1013
MMMCCXX
446
DCCCXXXI
DCXX
3813
3759
MMCDLXXVII
109
CDXCVIII
MMMCMXCV
MMMDCCCLXXI
MMCMLIV
1053
183
MMDCLVIII
3883
1125
DCLXXIX
3589
3267
2892
MMDCCCXXXV
2796
MMMDCLXVIII
2920
DCCXCIV
98
2158
2481
MDXIX
3253
2239
MMMDCCXXVIII
3499
MMMDCCLXXVIII
3480
2974
837
2423
CCCLXXXIV
3142
3309
3936
3531
420
CCXXXIII
MMCMIX
2288
1231
2638
DCXVII
MMDXXIV
3271
3620
2387
DCXXXV
854
CCCXL
MMMCLXI
2781
MCXL
1028
MMCXLIX
3011
MDCLXVI
2486
MMDCCCL
2832
MCCXCV
1836
MMMCLXXIX
MMCCLXX
MCDXCVII
534
3825
MMMCLIV
3793
3733
MDCCLXV
MMDCCCLXXXI
MMDCCCXXXVIII
3946
CLVIII
2975
182
2754
2625
1731
MMMCDIX
MDCCCXI
3232
DXIII
3618
1781
DCCXX
MCCXXXI
MCLIV
1190
1431
MCMXXVIII
MDCXLIV
556
1594
MMMCMLXXXIII
MMCLIX
3422
2335
3515
972
MMDXXXIV
2964
MMDCCXXIX
989
2449
3377
1215
MMMX
CXCII
1156
MMCLXXXVII
945
MMMCMLXIII
3904
MDCCCXXXI
MCCC
3747
2059
702
CCLXI
CCCXLII
2525
743
2350
MCVIII
488
MCDLXIX
2535
759
1030
MMDXCI
540
645
MMMCCCXLVIII
MMMCDXXIV
MMMDCLXXXII
2034
DCCCXXXV
MMMDCCCLXI
MDCXLVI
2194
MMCCCLXXXIV
488
721
MMMLXXVII
3622
3464
3014
1554
896
MMMCDLXV
MDXLV
LXXXVIII
1697
CCLXXXI
MMMDCCCXLVIII
3607
MMMCDXI
516
MMCCCXXXI
MMDCCCLXVI
CCCLXX
1590
3345
DCCXX
3601
CXX
3051
1
CCCXXXVIII
631
3665
2544
MDVIII
MMCCXLVI
1626
MLXXIII
3442
3807
999
CXXIX
300
2636
3131
MMDXCVII
MMLXXXV
2505
3402
3847
2640
MCMXCVIII
MMMDCCCLXXXIV
MMDCXXXIX
MCDIX
972
MMDCLXVII
MMDCLXVII
DCCLIX
976
MMMDLIX
3314
3081
MMMDCCLVII
3066
1819
MCDLII
DCLX
3485
DCLVI
MXLVI
MMDCCXI
3762
MMDCCXC
3916
1677
DCCCXLVII
CXXVII
3405
3371
MMMCDLXXII
MCCCXVII
MMDCCXCVII
MDCLIV
MCDLVI
804
2562
3129
MMCCLXVI
MCCCXVII
3101
3449
2270
DCCCXLVIII
DCCLXX
MMMCMXXXI
1677
3225
DCCXLIII
CCXCI
3747
3525
3422
MMMDCCCLIII
3482
817
983
DCCLXXIII
196
MMMCLV
1501
2032
DCCCXXVI
MMDCCCXXII
2243
MDCCCLXXIV
MDCCXIX
2495
CDLXIV
DCXIV
MMMDCCCXXXVII
DXXXIX
MDCCLXXVIII
3982
2030
MMDXXXIV
2571
MMDCCXLIV
MMCCLXXXI
1467
MCCXLIII
MMMCXCVIII
2114
CMLXXVI
1947
MMCLI
495
3957
MMMDCCCXCI
2403
CDXXI
3675
MCML
MMDXLVII
MMCVII
MMCMXXVI
3929
2416
3632
MCDXCIX
MMMCMXCII
MDCLXXXIII
MMDCCLXXXIII
3946
3860
MDCCCLXX
MCCLXXXV
MDCCCLVII
MDCCXCI
DLXVII
392
3816
2637
3454
207
2879
3045
MMMXIV
MMCCCLII
MCCXIV
3093
2386
MMMDCCXXXV
1524
MMDCCXCVII
LXXIV
3673
183
1284
CCCXLVI
2650
MDCCXCIV
3899
MCCCXLIX
MMMDCCLXXVIII
MDCCIV
1102
504
DCCXLVIII
MMMDCCXXIV
MCMXXXVII
24
3475
341
MMCCXXXIII
3504
MMDCCIII
MMCDLXIX
2018
3894
CCCLXXI
MDCCCXXXVII
971
MMMXXXIX
1939
509
CMXCV
447
DCCCXCV
3257
CDXCVII
857
2974
MMCLXXXIX
MMCDXXXIII
3623
2853
MMMCLXXXVII
MMDXLVII
1262
62
MMMCCCXXII
DCCCXX
393
MMDCCLX
MMXCVI
3244
MMDLXXVI
MMMDCXXIII
MDXIX
CCCXIII
1563
3491
46
2464
576
CCI
144
MMDCXXXIII
1921
2697
MMMCDLXXXIX
3637
1494
577
MMMDCLXVI
2930
3945
1408
MMCCLVI
CDLXII
1784
2742
3668
CDII
1279
MMMDCCLIX
MCCLXVI
2715
682
MMDCXIX
975
DXC
MMMCLXXX
CDXIX
3882
3992
1639
2004
CDLXXIX
3725
MMMDXVI
MMMCCCLXXI
MDCCXXVII
MDCCCXXXIX
MMCCCLVIII
1350
MCDVII
DCCLXXX
2188
3463
2032
503
2032
3808
1524
2915
MMCLXXXIII
MXXIX
399
MMCMX
MCCCLXXXIV
CXXXI
MCCLX
DCCCIX
1175
LXIII
696
2795
MMMCXCIV
MMCDIX
3262
MMDCCCLX
DCCLXXIII
3383
528
MMMDLXXII
MMMDLIX
CCXXXIV
3117
MXXIII
MDCCLXVI
MMMXCIX
MCMLIII
MMMDXXXI
DCCCLXXX
776
3462
1235
MLXXVIII
DCXLVII
MMMCCCXLIII
92
2253
2623
MCDXLIV
3121
2632
3861
CDLXXXIX
3408
1766
70
MMMXIV
3595
3419
DCCXXIV
CMXLIII
MCMXLIX
MMMXXXVIII
MDCCXLIV
961
2270
2655
MMMDCCCXXVIII
MDCXV
MCCCXXV
MMDCCLXVII
MCDLXVII
MMCDII
342
2603
1706
MCCXV
3173
857
41
3289
2280
2965
2401
MCCXCII
MMLXVII
MCCXCIII
MDCCLXXX
MMMCCCXVII
1285
MMMLXXII
MDCCXIV
MMMCCXXI
CCCXXXII
586
MMDCCCLX
2914
1650
1102
2206
743
2912
MMMCMLXXXIX
2503
MCMXIV
3190
MMLIII
3793
MMCCLXXXVII
MMDLXVI
DLXVIII
2069
MMMDCCLXXXVIII
MMCDLXVII
MMCCCLXXXIII
3757
MMMCCXLV
2049
3253
MCXLVII
MCCCLXV
MMDCXCVIII
MMCCCXXXI
MMMXIV
MDCLIX
DCXXXVII
2958
1061
132
3903
3430
MCCCXCI
1859
1100
MDCXXIII
MMCCXXIII
73
3689
MMMDCIX
944
MMDXXVII
CCXXIV
1980
CCCXCV
1829
2048
MCMLXX
3221
MMMLXXVII
816
MMMCCXCV
MMMDCXX
MCXCI
1653
MMCDXXXII
MMMCCX
DCLXIII
328
2591
DCCLXI
806
1416
DXX
2443
MCXXIV
1320
MMMDCCCLXIV
347
3716
1451
DXLIV
MCLXXII
970
MMMDCXXVI
MCCCXCIV
2295
68
CCCLXIV
DCCLXXXV
822
MMMDCXLII
1080
1626
1718
195
3011
168
1523
MMDCCCXXXIV
MDCCCLVII
221
3903
MMMDCCLXXX
3909
CLVIII
2449
MMDCCXVI
558
CLXXIX
842
MCCCLII
CCLXV
MXXVI
3890
MMDCLV
MMMXLVIII
3987
CDXCI
1393
1705
MMCCCXX
1763
3373
MDCCLXIV
1826
MMCDXCVI
CCXCIII
MDCCLX
MMMCMLXIX
MMMLVI
3210
650
XXXVIII
2093
2911
DCCCXVII
3877
2907
MMLXVIII
MMCDXXXIV
MMDCCLIV
2892
MMMCDXVII
1725
3338
1180
CDLXXXVI
1893
2918
MDCXII
CCXCVII
1707
MCMLXVIII
MMCMLXXXIV
2355
2999
2843
3119
174
3044
2860
CCCXCVI
MMDCCCI
3926
CCLXIII
MMDCLXX
2675
CXCVIII
875
897
382
MMMCMXLVI
2308
MMMDLXXXI
MDCXXVII
694
602
3481
92
MMDCCCXXXIII
1005
MMXI
1098
MMMCDVI
MMDCLIV
2755
MMMCX
DCXV
2515
CCCXXXVIII
MDCCCXXI
729
2017
1076
CMLXII
MMMCMLXXXVI
3412
MMCCLXX
3194
MMCMLXI
1646
MMDCLVIII
3387
1578
1678
MMXXXVI
2343
1696
DCCXXX
DCCXXXVII
MMCXVIII
XLVIII
2519
3970
3333
MMDCCCV
MMVII
1464
405
2312
2044
748
1810
2845
3692
MMDCXX
1538
MMMCDLXI
MMMCCLXXVIII
3184
1566
MCXV
DCCCLV
3260
1467
3490
MMCMXVI
MCDLXXXVI
MMX
MCCLXXIX
DXXIII
1547
CCCXXVI
1230
3518
MMMCLXI
2156
LXXXII
2387
2215
MMDCCXLIII
303
1213
MMMDCCXXXV
1865
DCCCLV
3385
MCMXCIII
MDXI
3366
1623
3815
3163
3060
MMDCCLXXXVIII
MMDCCCLXXIV
DCXXXII
MMMCDXLI
CMXVIII
2384
CDXXVIII
MMMDCLXVIII
DCXLII
CCI
DCCXXXIV
421
519
CCCXV
I
2349
MMMDCCCXIV
MCCCXXV
DCCCLXV
MDCXV
1561
992
MMDCCIV
1091
MMMCCLXXXVII
320
MMMDLXXXVII
1396
CXCIII
3772
DCCXVI
DXVII
MMMXCVII
2582
DCCLXIII
3766
236
DXLIII
3566
MCXXII
1327
MCCCXII
MMMDXXIX
51
2176
MLX
MCMLXIV
CDVIII
3287
DCCXLVII
MMCMLXV
1826
531
MDX
MMDXLIV
MMMCXLIX
902
1041
2326
1953
MCDX
MMCMXXXVI
MMMCDXIII
MMMCMLXX
MCCCLXXXIV
MCDLXI
DCXVIII
452
MDCXX
MMMXXXIII
MMMCCCLXII
2153
1179
22
MXII
MMDCCCLVI
3879
DCCCXLIX
3730
MMMCDLVI
2912
MMLXXXVII
1670
MMVI
70
MDVI
CCCIII
2710
MDVII
MMDCXXX
902
3678
MMXLIX
2679
396
MCDXCIII
1477
2043
2597
1421
MMCCCIX
2053
LXXXIII
MMCCCLXII
3131
CMXLI
MMMDCCCXCVIII
MCCCXII
MMMXCIX
2952
MMCMXLVI
DCCXXXVIII
3593
1986
1420
MMDCCCXXXIX
MMCMLIX
MMDCXXIII
1200
1811
DI
MMCCXCVIII
CCCXCIII
MMDCCXXVIII
MCLVIII
MCMLVIII
1975
1221
2136
3945
MMMDCCLXII
MMCCCLXXXVII
MMMDCCXXIX
3665
569
MMDCXXIV
2111
MDCIII
1418
MMML
3424
6
3418
MMDCXXV
3070
CLXXIV
MLXXXII
MMMCXCVI
CCLVII
1582
1143
MMMCCCLXVIII
192
3667
MMDXXXI
2670
MMCCIX
822
MCCCXLV
1728
3809
3492
MMMCLXXVIII
MMMXXXI
DCXXIII
401
MMMCLI
MMMCCCLXXXI
DCXXVI
2573
3791
3178
920
2397
3400
789
MMDCCLXXVI
3513
CDLXXXVI
978
3160
MCDLXXI
282
MMMXLIII
DCCCXXXV
1361
CDXLII
264
3537
3018
3696
XCV
CCVI
3389
MMMDLIV
1985
MDCCLXVII
678
CMXXXV
1372
2442
1295
1237
MMMDCCCLXXXVIII
495
1100
1756
1650
MMMCDXX
CDLXXVII
2131
MMXXIX
2789
MMCDVIII
MMDCCLVI
CDXXVII
1862
1973
2676
MDXXXV
1286
MMMDIII
DCXXV
1478
MMLXV
MMMDCCXIII
2184
CMLIX
MMMCDXXIX
709
MDCCLXXVII
MMDXVII
1201
3323
509
2536
1622
576
1741
731
MX
MMMCCXCIV
3615
2059
2890
3965
MMCMVI
DCLXX
1256
MMMLXXVI
2502
MMMCCXXI
MDXIII
712
2473
3348
MMCCCLXXXV
MDCCCXLV
2029
MMCCCXL
3957
MDCCCLIII
DCCIX
MMCLXII
CXXIV
3829
1002
MDXXXIX
3733
3787
2832
MDLXIX
MXXII
3380
CDXLVIII
MDCLVII
MCCCLXXIV
DXCVI
MDCCCXCIII
MMDCIV
MMMDLXXVII
841
MMMCXXI
1039
MMMCCCXC
MCIX
2603
409
3571
798
3616
1328
2139
518
MMDXIV
1784
CCXXXIII
2642
1721
MMCCCXLVII
892
MDCXL
MMMDIII
MMDCCCLII
MMMCXLVIII
MMMCCCXXXVI
2563
MDCIII
DCCLXIX
169
MXV
MMMCCCXXXVII
MMCCCLXXII
MMMDCCII
MMMCCCLXVII
DCLXXIV
2260
3001
MXL
2054
2958
MDCCLVI
1074
585
MLXV
DCCLXXIV
MMMXXXVII
1273
MCMLXXXV
MMII
1524
1167
MMDCCLXI
2664
MDCLXXIII
1760
3160
1039
3288
299
1011
3544
3407
2099
MMMLXXVI
DXX
3541
CXXXIII
MMMDCCCVI
MMMCMLXXI
3925
MMMCDXCIII
MDCCLXXXIV
MDLXXIV
1451
3205
3316
MMMCDIV
1635
MMCCCIV
MMDXXVIII
MMCCXV
1893
MMMDCCLXXVIII
1865
CCVIII
MMMDCXL
CMLXIV
2048
1054
CDXXVII
CMXXXIV
MMDLXXXVI
2528
1458
DCCLXXI
3554
MMCCV
736
2161
MXII
MCDI
1865
2471
452
CMLXIV
1894
1298
2547
MCCXLI
2159
1327
MMDCCIII
MMMCLXXVII
MMMCCCLXXXII
MDXIII
3278
3534
MMLXXII
2405
MCDLII
77
3842
3741
MMCCCXXI
3127
2238
847
MDCCCLVI
920
CCLXXXVII
MMMXXXI
MMMCMLXX
MMMCDXCIV
3662
MMMDCCCLXIV
2141
DXXI
1512
MCCCLVII
MMMCCCII
MDLXXXIV
MCLXXXVIII
MMCCLXII
624
1189
1528
1025
755
MDCXXI
156
791
MCLXXXV
22
1387
3537
1028
MMCCLXXX
1473
365
3709
MMDCCCXXII
3840
MMDCLXXXII
MMDLVIII
MCCXII
3911
MLVI
MDCCCXLVII
3497
MMCCLIV
503
107
MMDCXXI
3098
2401
3824
3466
MMCCLXX
MMDXXXV
3058
3402
MMMDCCCLXXVIII
MMCXCIX
2068
3877
2233
1610
1779
CDLXXIV
CDVIII
1824
MMMDCCXXXI
2363
112
MMCCCXXXIX
MCCCLXXXIX
1107
MCXC
MMMCDXVIII
1739
MMCXLII
551
372
MMMCCXXXVII
MDCCXX
3060
3243
MDCXCVIII
2311
3480
2949
MDCCCLXIX
631
2905
1331
235
253
MCCXLIX
2171
1661
3639
1834
3764
MMMCDXXVI
MMDCCCLXXXII
3595
829
DXIX
2269
307
MCMXLIII
MMCDLXVIII
471
3362
158
MMCXXXVIII
626
DCCCLXXIV
1134
MMMXLVIII
2992
1239
MMCMLIII
DXLIV
2239
807
1694
MMMCCXXVI
2764
221
3325
MCCLXXXVI
550
2060
3516
CCLXXXVI
MMMDCLXXVI
3522
DII
3751
2453
680
MMM
2850
1275
389
MMCXLIII
690
MMLXXIX
3912
1475
CMII
306
1921
MMCMXXXV
MMCCXCVI
3364
MMMDCCLXXXV
2175
2221
2959
DCLXXXIV
MMMDCV
MMCLVIII
MCLXXVII
MCCCXLVII
2835
2266
496
MMMIX
MMMDCCCXLVI
3230
MMMDCLIX
2566
MCCXXXVI
2777
MMMXXXIV
633
3945
MMMCMLXXXI
2937
MMCMI
MMMDCCCXC
1619
MDXXII
2869
339
2582
MCXIII
MMCCCXLVII
MXCV
CMX
834
1388
MMMXVI
DXLVIII
MMDCCCXXIII
MCCCVIII
597
MMCDLXII
1039
2942
498
2674
2684
MCMLXI
MX
MMLXIX
MCXLIII
788
1864
MMDCCXXXIX
1247
2364
DCCXVI
3948
CDXXXVIII
943
1202
MDCCLXXXVIII
3984
MCCCI
881
MMDCXLI
MXCVII
109
MDCLXI
DCCLIX
MMCXXIX
1716
DCCXLVIII
2364
2226
MMMCDIX
2557
CDXXXII
326
MMMDCXII
MCCCXCIV
551
3018
MMCLXXI
3988
MMMCDXXXII
MDCCLI
3213
1726
3341
911
3409
1662
MCDLXII
3181
DCLXXXII
2668
MCCCXCIII
MMCLXXVIII
1292
MMDXXVIII
2101
1100
2097
MMMLXXXVII
3088
MXXXIX
MMDCCLXXVIII
3161
2360
3510
MMMV
843
MMMCCXII
1098
MMCMXC
1081
DXLIX
464
3927
MMDXVIII
512
1147
262
MCDXLI
MMMCCI
3203
3451
2446
MMMDCCCL
3421
3018
MMMCXLVI
MCDVIII
MCLXXXII
MCXXX
2370
MMMDCCCVII
MMMCCLIII
2889
MMMDCCCXXXVII
MMCXXXIV
41
CCLXIV
1071
3019
2083
MMMDXV
588
259
1877
CMXXIII
2760
950
MMMCDXCVII
MMMCM
544
MMDCLXVII
2624
1924
2127
2310
1671
MMCCCXXXV
59
1359
148
CMXXVI
190
MMCMXIV
18
1027
MMMDCLI
MMCXXVII
923
1755
MMCXLIV
2876
MMMDCLVII
115
1251
MCDXXV
DCCCXXVIII
1096
175
MDCXXXVIII
MMMDCXVII
1869
MMCCCXXXI
MCDX
MDXCIII
MMCDLXXXVIII
3456
1096
2938
DXXI
2025
2752
981
MMDCCCXI
MMDCCCXLIV
2572
CMXXXV
MMDLXXXVII
XXVIII
3872
581
531
MCDXCVIII
1534
MCCCL
458
1561
MCCVI
MMMDXCVIII
2855
2209
2437
MMCDLXXIV
2875
MMMXXXII
2900
MMCDXXVIII
MDLXXXV
52
3150
MLV
CCCXCVII
1293
DCXLVI
3690
MMMDLXXXIII
MLXXXV
MDCCXLII
3618
MMCDXV
MCDLXXV
1670
MLVIII
266
258
910
DCCCXL
DXCII
203
MMMDCCC
3990
MMDLIII
3283
2283
168
3624
MCCCVI
MMCCCXCVII
3939
2427
3710
MMDIX
MMMCCCLXVI
MMDCLI
CDXVII
MDCCXCIV
1529
CCXXIX
776
MCMLXXXV
1054
MCDII
MMDCXLIII
MDCCLIV
MMMDLXXIV
MMCCCLIX
868
MCCCXIII
274
2482
DCCCVII
DCCXVI
1378
CXII
CCCV
MMDXX
MDCLXXX
2916
CXCIII
MXC
95
1235
MMCMII
MMMDCLXI
3920
1515
MMMCDXCV
MMCCLXXXVIII
1831
3094
3376
3866
DCXLIV
893
2665
1217
MMMCDVIII
1211
MMCCXL
MMDLVI
1145
MMXCIX
CDLXXIV
MMMCCCXXIV
MMMLXXXVI
MMCMXCV
528
932
2902
3610
1256
3066
3438
3779
LXXXV
CCCLVI
2839
DVI
MMMCLXXIV
MMDCCXXI
244
MMCDXVIII
DCCCXC
2726
3297
1423
CMXVII
MMMLIII
MMDLXXXV
MCII
369
DCCCXCVIII
3644
342
66
2953
CCCXXXVII
1778
MDCCCXL
MDLXXIII
1059
MMMDXI
1799
719
3603
3145
MMMCCLXXI
DCCLXV
MMMDCCXX
215
3605
MMMC
CXIV
MMCMXXX
268
2474
MMMDLXXXVII
1210
730
MMMCMXX
MCIX
2957
2284
3135
MMCCC
DCX
1280
MMMDCXX
3705
3738
CCXXXV
1464
1319
DCCLXXXII
MMMCLXI
2454
3007
2345
2594
MMCDXXX
3027
567
MMDCCLXXVII
MMCCCLXI
239
DLXXXIX
MMMDXCI
2194
1441
CDXCII
2965
DCCXLIX
MDCCLIII
MMCCXXXIII
MMMDCCCV
MMMLXIV
MMMDLXXXVIII
1630
276
MCDXC
3165
MMXLVI
3991
MMDXXXVII
MMMXXVIII
1540
MMCCXLV
CMXVIII
CDXXV
MMCDXVIII
MCMXCIX
1539
1347
460
MXXXI
MMMDLXXXII
2345
161
MCCXC
3509
1612
1100
2645
MMMDCCCXXX
703
MCLVII
2921
930
1581
CDXLV
236
MMCCLXVI
1837
1664
MDCCLXXXIII
MMMCCCXCIV
2543
MMDCXI
MMDLXX
571
588
MMMCMLVI
MMDLIV
484
1522
3633
MMCMXLI
MMMLXXIII
MCDVIII
MMCCLIII
1604
MXVI
LXXIX
3859
2854
2042
MMMCDXLVI
MMMCMLXV
2751
1789
1170
3084
DIV
MCCLXXVII
1696
3454
2298
1842
3245
2514
3050
MMMCDXCVII
MLI
CMLXIX
CLXXVIII
MMMCMV
MMCDLXVII
MMMDCCCLXII
3124
2806
290
MMCMLXI
MMDCCXXXV
CCLIII
MCCXV
2696
MMMXV
145
MMCLXXXV
3839
MMMCXCI
542
2078
MCDXXIX
MMMDCCLVII
MMMCDXV
3044
3052
765
1083
3119
1827
MMMCDLXXXI
MMMCDXX
3980
2586
3960
3870
MMMDCCCXLI
MMIII
130
CDXLVIII
MMMDCCXXXVIII
MMCDLXIX
MMDCCCXXIV
2633
3414
2301
467
MCCXXVI
985
MMMXLVI
MDCXCIV
DCXLI
MMDCCXV
2002
MMMDCCLXX
MMCDLXIV
MCCCLXI
MMDCXLV
MMDXXXII
MXXIX
CMIX
389
DCLX
CCV
3986
1231
MMMDCCXCI
DCCCXXX
MMMLXXXI
3378
MDCXC
MMMDCCCLXXI
1642
3660
MDCCCXCIX
MDCLIX
MMCVI
MMCDLXXIX
3341
1007
2543
1350
2860
3509
3698
1316
1989
2561
752
MMCXXVII
2317
MMDCLIV
3557
MDCCXLVII
950
1472
3719
1066
3777
MMMDXLIII
MMCMV
3441
CCL
XXII
2906
267
MCCCXXXVI
MMMCCCXL
202
3515
DCCVIII
MCMX
1859
XXXIV
1899
CCXXI
3670
MMMDXCVIII
2029
22
85
484
2475
MMMDCCCLVI
MCMXXXVIII
CMLXV
CXXX
292
1501
2840
38
2777
176
MMMCMLI
MMMCCXXIX
3120
MCMLXXIX
684
2532
2725
1704
DCCXVIII
288
256
MMLXXVII
3674
1105
1954
MDCCCLV
CLI
3619
DXLV
1917
MDLXXIII
543
2865
CMV
2304
CDXCIV
MMMV
MCMLXVI
DCLXIV
2316
3436
2918
MCMXL
MMMDCCCXLIV
3683
MMMDCCCLIX
MLII
MMMXIII
2810
LXVI
DXIX
MDCCCXLIV
MMMCDLXVI
DCCXCVIII
2785
MCCCXCV
MMCDLXVIII
445
967
MCCCX
2427
MMLXVIII
2509
DCCXLV
CCCXXIV
2459
MCDIII
CXXXIX
1739
MMMCXCII
926
MMDCCX
MMMCCLXI
940
MDXXIV
MMCXXXIV
MMMCLIV
1752
3085
MMCCCLXXXIII
MMMDCCLXIX
1529
3208
1233
2259
MMDCCCXXXVII
DCCCLXXI
136
MMDCXLVII
CCXXXI
3226
MMVI
648
DCCXVIII
2129
MMCCCLVI
378
286
3868
MMMI
3087
MMCCXLVIII
3625
CCCXIII
1810
3053
3756
MMMXXXII
2545
2427
1624
MMMDCCVI
960
CCLXIX
1001
3326
2313
3162
1455
MMLXII
MMMDXC
1514
942
MMDCCCLXV
MMMCCCXXVII
2583
CMXXXI
MMMCXVII
CLXXVI
MMMDCXCV
MMMDLXXIX
3288
MMCXIX
MDCCLVIII
2732
MMDCXCI
621
32
340
MDXI
2108
MMMDLVIII
MMMDLXVIII
MDLXI
CDLXII
CMXV
253
1750
MXCVIII
485
1836
CDXV
DCLI
963
2225
1818
DLVI
MMMLVI
999
2444
DLXXXIII
632
MMMCXXXVI
893
MXXI
MMCMLXXXVI
MMCDXXIV
2437
MMM
MCDLXIII
2967
MMMCCLXXIX
MDL
1613
MDCCVII
MMDCCXIV
MDCCCLXXI
MCDXCVI
731
813
MDXXXVIII
MCCXXII
2221
MMDLXXIV
DXCII
MCMLXXXVII
MMMCLIII
MMCLXXXII
2755
968
MMMDCLXXVIII
587
ML
55
MDCLIII
744
2474
833
2921
MMDCI
MI
129
210
831
MMMCDXLIV
2644
925
2777
1355
LV
MMDCCCXIII
3328
MDX
MIX
CCCVII
MCCCLXXV
CCLXXI
MCDXIV
626
MMMDCXVI
DXLVII
MMCCCLI
MDCCXLV
3756
3857
MMXXXII
MMDCXXXVIII
MMDCCXLIX
MMDCCCXXXII
3018
LXXXIV
2086
MCCCV
LIII
847
2650
MDXLIV
MMMCMLXXVI
DCC
MCCCXXIII
MMCVII
1922
2689
3894
MMMCMLXVII
DCCL
1192
CCCLXII
MMMCCCLXXXVII
MMMLXXIII
DXCIX
MMMCDLXIV
MMCCLVIII
MCCCXLVIII
2771
MMMCCCLXXXI
CDXCI
MIII
CCL
65
3385
2454
489
MMMCDLXXV
377
2445
2891
3619
MMCCLXXXIX
1241
2287
MCLXXXI
1697
1496
MCCCXXIII
2563
DCLXX
1987
2139
3780
2784
MMMDCCLXXXIII
767
MMCCCXXXII
CCCLXI
MDCCCXXXVIII
MMXIV
3973
MCDLI
CDXIX
DCCCXVI
CCCLXIX
3215
MMMDCCCXCVIII
CVIII
3738
3535
MMMCXLIII
MMMCCCLV
2751
2621
MMCCCLXXII
686
955
455
MMDCLXXXIX
CCCLXVII
MDCCCLXXXVIII
DCXC
1559
MMLXXVII
1048
MCCCLXXVIII
MDCX
MCDXI
824
DCXIV
572
2633
MLVI
DCCLII
2730
83
3984
1982
3327
3955
1009
MMMDCXXXIX
MMMDLXXIII
2426
2939
MMDCCCXXV
919
MCMXLIX
3185
3519
3934
2266
2787
MMDCCL
2637
3835
MMMDLX
712
MMCCXV
1767
MLXXIX
2530
MLXX
927
CCCXXVIII
2696
MMDCLXXXIX
2859
MMDCLXXXIV
3017
1681
MMMCCCLXXXVI
MMMDLXXXIII
2885
CMXCVII
MCXL
3844
345
267
MMMDCCXXXIII
1619
1085
MMMCXI
XL
2435
DCCXXI
MMDCCCXLII
1506
3527
MMCMX
CCLIV
MMMCMXCIV
3964
1928
3499
756
MMCCXVII
1181
MMCCXC
MXXIII
451
2084
3373
MMCIX
MMMDCCCVII
MXXXII
MMCDXII
1375
3740
MMCDXLVI
MCMXL
MDLXV
1261
CMLVII
2137
MDCCCXXXVII
2624
MMDLXXXVIII
834
2680
MMMDCCLXX
1014
912
CCCLXXI
2945
3935
MMMLX
1015
785
1708
161
MDCCLXXXIV
CCCXV
MLXVI
3044
MMMCCCXC
439
DCLXXXV
3615
DCCCXCV
CMII
87
DXVIII
CCCXXX
1407
1930
212
3651
MMMCXLVI
1783
MMCDXCI
2474
XVIII
CIX
MMCLXXII
MMMLXXXVI
MMMLIII
DCXXXVI
2995
CCCL
2746
629
1421
2440
DCLXXVIII
1334
1306
2779
2401
MMCLXI
1216
DCXCII
3971
MCDXXXVIII
MMMDCLXXII
MMDXLIX
1097
MCCLXXIII
MXLVI
MCDLXV
2850
MMDCLXXVI
MMCMLXXXV
MMMDCCXLV
MMCCC
MCCXXXI
1188
MCCCXLVIII
399
682
839
3395
MMMCXCVI
CCLXXXV
MMMDXXXIV
2502
MMMCMLVI
2388
MMMDCCCLII
MMDXLVII
2665
3664
MDCCXIX
1171
MMDXV
1104
3223
3078
3731
1651
MMDCCXXXVIII
1881
3935
MMMCCCXVI
846
2726
392
1358
DXXVI
1350
MMMCDVII
MMCXII
328
MCLXXI
2672
2233
887
MCMLXXIII
793
CCCIX
3021
1020
1749
MMMDCCXXXIV
2340
MMMDCCCXXXIII
MMMDCCXVIII
2078
2997
2861
MCCXVI
MMCDXII
3449
MDVII
MMDCCCXXXVII
MMMCMXLIV
MCCXCIV
3907
MCCCXXXIII
MMMCCCXXXI
MMDCCLXXXVII
1298
2865
2745
340
3032
DXIX
834
MMDCLXVII
3206
MMMCCV
172
1805
663
MCDLXVI
2346
2157
2838
3921
CDXXX
MMDCLXXXV
2524
II
MCDLXX
MDLXXII
DCCCLXXXIV
DCVII
MCXCIX
3940
MMCCXLI
MCCCXIII
MMCXCVIII
MDCCCLXXVI
MXCVIII
3269
MMMDCCCXVI
DCII
789
CCXVII
DCCXCIX
MMCDLXVIII
MMMCCCLXXIX
MMMCCLVII
MMMDCCXLV
MDCCCLXXXII
1923
CMLXXVIII
1686
MMMCLXXV
MDCCCLXVI
MMDCCCXXXIX
MDCCCXXV
1579
1778
2921
1618
2736
3360
341
1287
MMMCCI
3096
754
38
1919
3683
1701
MDCCLXV
406
MMMDCCCXLVIII
MMDXXXV
MDCVII
MMMCCCLXXXVII
278
121
1014
MCCXLI
CCLII
3290
CCXCVII
MMI
MMDCCCXVI
991
3718
MCCXIV
2290
MDCCCXXIII
3195
2473
CMLXXIV
1197
370
2918
1068
1111
1984
2352
3541
843
MDCCCLXV
MMMCCXXXIV
MMMDCCCXXII
792
MMDCCXCII
152
MMMCMXXXV
MMMDCCXXIII
MMDCXCIX
326
MCMI
MMCCCLXXX
1067
330
1395
1204
MCLXXI
MXXVI
1492
2043
1351
942
MDCCLXXXII
MMMDCLXVI
CLXII
365
MMXXI
1382
3124
MMDXLI
3982
DCCLXXXIII
3553
56
1148
3075
3727
MMMCXXXIII
1552
2510
MCCCXIV
3095
MDCCXIII
2502
CCVIII
2600
MCCLXIX
1510
MDCCXV
2964
MMMCMLXV
306
3277
MMMCXXXV
MCCCXLIX
3
MCLXXVIII
DCXXIV
DCLII
MCCCLXI
2523
MMCMXXVII
1681
MMMDCCLXXV
MMMDLVIII
2785
MCCCII
2378
102
MDCCLXXVIII
1516
3988
2660
2460
DCCCLXXXVII
2658
MCCLVIII
MMCCCXLVII
1871
1849
MMMDCCXXVII
MMCDXLVI
2267
728
MMCLXI
3675
MDLXIV
275
3357
3182
2788
727
CCCXXXVII
3788
DCLXII
2690
3641
MMCMLVII
MMMXLIII
3923
MLXXIV
2247
504
DCCXC
DCLXXXIV
MMCIV
2527
MMMDCXI
2717
3357
XCIX
1889
MMMDCCCXXIII
1262
3553
XCVII
CCXCVI
1263
DLXXI
CDXXXIX
2374
MMXVI
468
MMDCXII
1229
664
2242
2121
MMMCCVIII
2205
MMMCDLXVII
1446
MMMXV
MDCLXXV
MMMCCCLXXI
3799
MV
2192
DXXIV
2521
3898
2048
MDXCVIII
89
DCCCXCIV
MMCXLVI
MMMCMXXIII
MMMXCVI
2075
1194
DCCCLXXXII
3860
MCV
3048
1117
MCMXCVI
MMCLXXIII
MCMI
1020
218
685
1477
2965
391
CDLXXXVI
MMMDLXXXII
213
CDLXXIX
1629
LXVII
1600
1335
DCCLXXXI
2180
2267
MMCCCXCIII
1450
576
1737
3463
378
CCCXCIX
MMMCLII
2009
MCCCXLIII
MMCLXIX
MMCDXCVIII
1974
3116
MDCCCXL
CCC
MCXXVIII
2501
1199
3903
2446
MMMCCCLXVII
MMCLVIII
840
3678
CDLXXVII
1356
MMCMLXII
1651
CCCXXIX
273
903
239
MMCDLXIV
1769
610
MDCCCLIX
132
MMDCCLXXVI
3770
749
1690
1948
MDXXVI
3878
1823
MMCDLXVIII
2388
MMMDCCLXVII
MDCCLXXV
511
3972
MMMCCXII
2483
MMMCCXLIX
MDCXLV
MMCCLXVII
MMDCCCXXIX
MCCCXC
1227
1534
2350
MMDCLXXVII
DIII
2660
DCLVIII
MCCXXVII
2552
527
1838
MMMDCCCXCIII
MMCXCV
MMCDXXVII
MMCCXII
MMDCCCLXXIII
1833
2727
739
3849
MDCCCXCIV
962
1787
2665
CMLXIX
MCXC
2138
718
MMDCCCXLVII
MMDCCXCIX
CMXXXIII
MCCXXVII
1799
DCLXXVII
MMMCDLXXXIV
MDXXII
MMDCCCVII
3469
MMMDCCCX
3795
1379
MMDCCLXVII
DCLI
CLXIII
2838
MMMDCCXXI
2509
1738
MMMCLXXXIII
MMMDLXXXII
133
1016
78
MMDCCI
MMDXIV
2728
CCXCVIII
MMCCXXXVI
MMLVII
3992
461
2866
MMCMXLI
1508
2338
MDCXXXIII
3216
CMXIV
MMMCCCVI
MMCCCLVI
CLIV
MMLIX
3736
997
MCCCXCII
2905
2080
2185
CMLXXIX
2936
MMDXXI
MMDCXLII
MCXCVII
1334
MMCCLXXXIV
MMMCXIV
1325
2440
MMCMXXI
3844
2158
2434
CCXII
3586
975
2166
MXXX
3408
3038
3535
DCCLXVI
243
562
DCCLX
MMCVII
859
1750
2379
MCMLIII
MCDLXXXII
197
DXCI
643
MDCCCLXVI
1644
2005
MDCXIII
CCCLXVII
DIV
MMMCCXLV
DCCC
CCLXXXVII
MDCCCXVII
1649
MDCCXLIX
MCCXXIII
MMDCLX
3765
46
MMMDCCCXXVIII
390
216
2465
1145
3439
3817
1442
MMMCDLIX
MMCDLXXXI
CLVII
MMMDL
17
MCMXXVII
1892
1442
468
MCCCLXXXVIII
MMCCCLXI
VII
MCXI
CMLXII
MDCCCXXXV
MMDLXII
CXXVIII
MDCCCVIII
MMMCCCXLVIII
534
439
MMLXIX
3895
676
133
DCCCLXXVIII
MCXCIII
3277
2060
DCCCLXXXIII
MMMDCXLVI
MCLVI
3505
2774
DCCLIV
MDCCLXXVIII
MLXXIX
3552
1272
1132
MMMDCCXXIII
MMMCXCVIII
1544
MMMCDXVIII
MMMDCCXXIII
1264
MMDCLII
3636
MDCXXXIV
366
1094
MMMCDXXVII
34
MMCCCXXX
2430
MDCCLXXXIX
MDCLXXXVI
2184
CCLXXXIV
1067
2705
MDCLXI
MMMDCXV
2037
3551
47
1718
2877
DCLXXV
717
DCCXI
3859
3830
1714
MXXIV
1261
3103
MCLXXXIV
160
MMDCCCXXXIV
3577
MMMCCCXXXVI
MMMVI
XXX
MXLVII
MMMCVIII
820
3750
CCXXII
467
492
2078
3868
MMMDCCLIX
DCCXLI
1658
MCCCLXXXIX
1416
MMMCMXXXIII
2257
2915
MDXXXVII
CDLXIV
CCXXV
1616
3821
1139
1990
1814
MMXVII
428
795
MMDCCCLXXXII
2163
67
MMCDLXII
MMDCLVII
CCXXIX
MMCCCLX
1251
3925
379
1296
3681
1931
CDLX
1084
MDLI
134
XVII
1950
DCXCV
1340
MMLVII
MMMCCCLX
936
1025
3853
261
3491
1482
MDCIV
635
XXI
MMDLX
3247
MMMDXVII
MMMCXIX
MDXLVIII
MMMCCCXXXIV
MDCCLXXXV
1820
MXVIII
MMDCLXX
MMCDLXXXI
MCMXXXV
MDCCCLXXXVI
MCCCXXIV
MMDCCV
MDC
CXXX
1369
58
1969
XXIII
2281
MMCLXVIII
2318
MCCCLXVIII
2248
MMDCXIX
MMMCDLII
MMCMXCIV
144
430
MCXXIII
776
848
1653
CDXXXVIII
XXVIII
MMLXXV
2343
MMCCCLXXXIV
2418
MMMDCIV
830
352
1770
DXL
MMMDCXL
MMMDCCCLXXX
MMMCDXXV
1656
270
DCCCII
865
MMCDLXVI
2571
MDCLVIII
MMMCMXXXV
MCDIII
MMMLXXV
2168
1541
MCCLXIII
MMCLXVIII
CCLXX
3375
2061
MMMDCLV
411
MDCCCLXXV
MDCCCLVIII
1704
MMMDLXXVII
MMDCCXXXVII
2307
3441
MMCCCXCV
MMDXVIII
MMDCCLXXXVI
2674
3358
843
MMCLXXXIX
MCMLXXXVIII
1818
1616
MMDXIII
XXII
741
591
MDL
MMCCLI
MDCCXLI
205
MDLXXXVII
1947
246
2849
MMCMXCI
2287
2913
MCDXII
34
3973
MMMCCCLXXVII
3369
CDXXXVI
MMCDXCIII
MMCCLII
664
356
MDCCIV
3561
MCDLXXXVIII
664
MMMDLIX
2988
1883
LXVI
MMXV
MMDCCLXXVI
3343
3983
MMDCCCXXX
MDCCLI
2237
MCDXLVII
MMCXL
MMDCCCXCII
MMMDCCCLXXVIII
2536
2008
MXXXIV
3939
MDCCLXIV
2795
667
3923
CCCI
CMLXXIII
MMDCVIII
MDCCCXXXIV
46
MDCCCXCVII
3335
DCCXXII
DCCXCVI
MMCXVIII
75
2675
1340
299
DCCCLXXXII
3511
3173
MMMDCCCXCVI
2926
CCCXXX
3181
MMDCXLIX
MDCCCLIII
2895
MDLXXII
2535
18
MDCCCXXI
MMMCDXXIII
MDCXXI
2561
1278
MMMDXXVII
1992
MMMDCCCLVI
2085
1633
MDCLXXXVII
2042
MCMLXXX
MMCCLXIII
MMMCCLXIX
1490
MMDXV
MMMCMLXXVIII
DXXIV
MDCXCV
CCXXIII
974
3131
3107
MCDV
831
MCMLXXXIII
MCCLVI
MCCLXXVIII
1144
2326
1700
MMMDCXII
2840
CDLXXXI
MMDCCCXXXVI
3206
MMMCDXXV
1058
1556
MMDCXXXIV
MCCLXIV
1820
2788
1651
DCXV
DXI
330
574
2316
LXX
MMMCXCIX
2688
2448
MCIII
MMMXXVII
849
1592
MCDLXXVI
427
2628
MCCLXV
MMMCIV
MMDCCCLXII
1062
MMCCCXLVI
1043
MMCMLIV
MMMDCCXXXV
XCV
MMCCLXXXVII
MMDXLVII
84
3875
CCCXIX
707
1341
3759
MMMCCCXCIV
MMMDLXXXIII
MMDCCCLXXVIII
MMDXCIX
MMMDCXXIII
385
2722
MMDCCCXXV
CVIII
2556
1904
DCCCXVI
1335
MMMCCCLVII
MDCXLVII
1014
CCCXXX
MDXV
2236
MDCCCXLIV
664
1101
CXXXVI
3071
MMMXLVI
636
1738
3483
3932
258
401
MMDCCXLII
2842
MMMCMLXXIX
DXLIII
MCDXCIII
MMDCLXI
MMCDLXXIX
MMCLXXII
DI
586
MMCCCXXXVII
3528
2311
739
2792
1710
MDCXXX
2604
MMCVI
MCMXXIII
1933
2955
MDCCCLXXXVI
MMMDLIII
1350
1828
3241
3208
2110
3649
MMMXXIV
MMCMLXXIV
1115
MMMDCCVIII
MMMCMIII
2084
256
MCML
MMDXXX
3110
MCXXXVIII
DCCCLXVIII
1940
MMMDCCCLXXII
1007
3359
MMMDCCCLXX
1888
MMDCL
1339
MMMDLXXX
644
1708
2841
MMCMLXXXIII
607
3950
MMXXV
MMCM
2495
153
2175
MMCMXXXIX
MMCXIV
2117
MMMCML
DXVI
MMMDCCCVI
MMCCXVII
3957
CCCLXXXVII
MMCXIV
CLXVI
3682
MCXLVI
DCCXCVIII
3495
1305
730
XXIX
1537
MMDCCLVII
MDCCCXLIII
MMMCDLVII
CMXVII
1523
2992
MCDLXXVIII
DXII
1686
MCMLXXXIII
944
3341
1530
MMCIV
3135
257
697
CXCVI
1032
CCXCVI
CMIX
DCXXVI
CCCXCII
417
MMDCXIV
MCCVII
MMDCCCLII
MMMII
MMCLXIV
MMCDLXXIX
2686
MMDCXCII
3306
974
3673
MMMLXXXII
2638
2473
MMMLXIX
3809
MMCCCLXIV
DCCXXII
MMMCDXCVII
1662
470
2029
3582
3887
MMMDCCXXXIV
MCMXXXV
2131
1787
2798
644
492
3445
3236
2552
MMLII
MMMCDXXX
2986
2526
DLXVIII
MCMLXXX
1644
2872
1459
CCLXII
CLVIII
MMDLXXXV
2191
MDCXLVIII
MMDXII
3288
2414
1000
2559
MMDCCCLVIII
MXIII
570
MDCCCLXXIV
365
2435
3647
3311
3160
MMCCXIV
MMCCLIX
MCCLXXVIII
3797
3103
752
939
1137
MDCCXVIII
1957
2057
937
LIII
2960
3216
3473
MMCXXXI
2752
MMMIV
MMCMLIX
MMMDCCCXIV
315
2713
CMLXX
MMMDCXCVIII
CDXXXIV
DCXIII
3023
1313
2368
1965
1224
MDXXXIX
3385
CVII
3662
3335
MMMCCXXXIV
1477
896
MDCXXX
2628
MMMCDLXII
1599
3699
MMCCLIV
2419
MCCLXXIV
MMCLIV
MDCCCXLVI
MMMCCLXXXIV
MMMCMXXV
MMMDCCCVI
1156
3630
DCCXLV
1254
3108
3514
299
MMMXXXVI
MMCDXVI
MMDVI
3927
MMMDCCLXXIV
1995
726
1154
1790
2460
XXI
MMDCCXXXVII
305
MDCXXXV
CMLXXVII
338
MMDCCCXXIX
MMMCLXXX
1813
DCCLVII
MMLXXV
MDCCCLXVI
MLXXXI
2834
MCMLXV
MMCXVII
MMMCDXXII
1041
3560
2264
MCXXXI
3860
MMMDCCXXX
3452
1420
364
3321
MMMCCCXLVI
2228
MMMCLXV
MMMCCCLXXVII
MLXXIX
1154
MMCLXIX
2748
DCCCXXIX
3789
CCXXXI
2795
CLXV
MMMCLXXV
2170
1162
MMCCXLIV
2016
2774
CMXXX
MMMCCCXLVI
906
MCDXXXVI
1779
1768
2475
MCMXXXIX
1121
392
CMXXXIV
MDCCCLIII
316
CCCXLIII
MMMCCCXXIII
2220
3964
MMMDCCXXIX
842
MMLXXI
DCCCLXIX
3528
MMCMLIII
2168
1728
1516
MCDLIX
CCCLXIII
MMLIII
MMCMLV
MMCDXCI
DCXXVI
DLXV
3731
474
MCCLXXXI
2265
MMXLIV
MMMCCCLXIX
MMDLXVII
81
MMMCXLI
2134
LXXVII
2198
MCDXIII
3961
MMMCXCV
CCXXV
MCMLII
DCCCVI
MDLXXVII
MMDCCLXIX
CLXXXIV
MMMDCXCIV
MCDLXXXVII
66
1696
2786
2661
520
3813
2428
3034
MDXCI
MMCMLII
1073
CCXIX
3911
MMMXXVIII
MDCI
MCCCXI
CLVI
MMXCIX
2978
12
MCCLXX
589
3898
MDCCXLIX
MMMXXVII
2474
3478
MMMDCCLXXVIII
3598
MMDLXXXIV
1005
MCCCXXXV
DCCXX
MDCCCLVIII
MMMCCCXCV
1162
MMMDCXX
3764
3155
MCCLXV
DCCCXX
2951
526
MMMDCX
MCDXXXIII
643
MMCXXVI
2169
MMDXLII
3181
3862
3410
MMMCDLXXIX
3312
MCCCLXXIV
878
MMMCMXLVIII
1458
1550
3538
CDXVIII
1578
CCCLXXI
2532
2108
MMMCCCXXXVIII
1729
MMMDLXXIX
2807
MMMCDLXI
DCXCIII
DCIV
MMDXV
DCLIX
CCXLVI
2678
2790
XXX
MMMDCII
1426
MMMCCLXXVI
2889
DXX
3845
MMMIX
CCIV
MCMXXIV
1344
3002
MMCMLXII
2312
CMLXXVI
1330
MMMXCI
1370
LXXII
DCCCIV
1408
3947
3591
MMCDXIII
MDCCII
2000
MMCDXXXIII
3896
MMDCLXXXIV
CCLXXIV
1819
MMMCDXXX
MCCCLVIII
CLXXXIV
MDCLXXXI
3317
CVI
1083
2255
CDXVII
MMMDCLXVI
5
1608
2530
MMMDCLXXVIII
995
MMMCMXLVIII
MMMCDIII
1342
MMCMXCIX
461
3643
MCCXIV
CCCIV
3918
MCDXVIII
MMMCCLII
MXCII
2924
546
CCCXIV
997
2548
1899
3373
MMMCMXLIII
DCCCVIII
MMMCCCXVI
MCCCXLVII
2711
2770
MDCXLIV
3142
XVIII
1934
2889
2293
2478
CX
MMDCCCXXIV
MMMCMXXXIV
MCMXLV
MDCCCXXXIX
3791
3635
MMMDXII
3291
295
2359
1614
MMMCMLV
2808
MDCCXXII
2134
CMXXXIX
MMCCCLVII
MCMXIV
CCLXVI
MMDCXV
670
971
MMCDIV
3122
305
DCCXVIII
1714
2554
MMMCLXXXVIII
MMMCCLV
CMLIII
MMMCDLXIII
2017
MMMCMLXXVIII
3329
MDCCCIII
3347
3517
CCXVII
XXVII
MMMDLXXXII
2380
CDXXXIV
1414
MMCXXVI
MCCLVII
2156
MMMDXIV
MMCDLXXVI
MCMXCVI
452
MCXCI
295
DCCCXLVII
CCLXIX
DCCCXLI
DCCXVI
1133
MMCDLX
MMCCCXIV
MMDCLXII
MXXXIV
3261
MCMXCI
1785
MMDCCLI
CXLVI
2902
1810
MMCCCXX
605
MDCCCXCI
MMMDCLXVI
2012
3606
MMMXCIX
3795
MCMII
MDCCCLXXXV
3904
MMMCCCXXXV
DIV
DCCXCIV
MCLXVI
MMMCDL
335
MCDXLII
844
870
MDCCLXXXIV
MMDCCCLXXXV
DCCCXXVI
DCIII
MMDCCCXV
1886
LXXIV
2968
3389
1941
MMMDCCXXIV
MDLXXVIII
MDCLXXIII
MMCCLXXIV
2175
1617
MCCXXXIII
MMMDCCXXVIII
DCVIII
1306
1524
DCCLXXI
3096
MCCII
XLV
2869
2177
746
MMCXCIX
1641
2924
2888
MMCCXLV
2304
MMDCCCXL
894
1290
MMDCLXXIII
DCCCXXXIV
1639
3735
3549
MMDCCXCVI
MMDCCXXXI
3044
428
MMMLIX
CDLX
MMMLV
MMMDCCXCVI
CDII
1035
MCMLVIII
DCLXXXVII
MMCXL
XLI
DCCCXI
2834
MMXXVII
CDLXXIV
MMMCCVII
3049
769
MMMCMLXXXII
MMMCDXXIX
281
2752
1676
735
2725
MMMDXXXVII
MMXXVII
MMCCCX
MDCCVI
MLXXXIX
1803
3552
CDXXII
MMCCLXIV
603
1716
1869
874
MMMDCCXII
MMMCVI
MMCCCLXXVIII
2165
3414
XXXV
MLXXXV
3860
3689
1816
3783
MMCDLXXXIV
2255
MMMCMXLIII
MCXLVIII
DCCIII
1079
MMMDCLXI
MMMCLXXXV
2293
3659
3239
MMDCLXXXVI
3149
MDCLXIX
MDL
3518
MCMXXVI
225
MDCCCLIII
MDCCLXXXIII
MXLIII
MMCCCLIX
2827
3425
790
MDLXIII
582
3290
2104
MMCXLIV
3833
3560
597
MLXXVII
526
CCLIII
MMMCDIII
DLVI
968
MMMDCCCVII
528
MDXCIX
MCCLXXII
CXLI
2927
2565
MMDCXLII
MCCLIII
MMCXXIV
XXXIII
2611
MCCCVIII
1563
298
2069
XC
MMDCCLXXXV
MMMCCCLXXXVII
809
818
MMMCCCXCII
DCCXLV
740
DCCCXV
MMMCCXCIII
1823
MCDXXXIX
MMCLI
2054
3353
MMCCLXVI
MDIV
2344
2264
1833
DC
DCCXXVII
DCCLXVII
1728
MCMXCVIII
MCLI
1273
3072
MMMCMXXVIII
MMMDCCCLXIX
832
CCLXXVIII
MMDLVI
MMMDCXXXVIII
CXVII
CCCXCIII
MMMCMXXI
1338
2606
3435
28
MDCCLXXVIII
3580
MMMDCLXX
3142
MMMCDLXXIII
MMMDCCCLXVI
MMCDXXVII
MMCCCXCIII
668
DCCL
3192
2947
MDCCCXIV
MMCCLXVI
MMDCCXV
MMMDCCXXXIII
MMCDLXIII
MMMDCLXXIII
3835
2756
1000
MMMDCCCLXIII
2888
268
2793
MMDCXXXVI
DCCCXCVIII
1391
27
851
551
MCMXCVIII
MMMDCCXCII
MMMCDXCVI
3717
DCLXI
MMMCMLVI
MMMDCCCXCIII
MMMCDXCII
3191
1995
MMMCMXXXIX
DCXCVI
MDCLXXXIX
3907
MCDXVIII
MMDCXXXVIII
CMLXXXIII
1294
1731
MMCCCXXXVII
750
1561
1372
MMCCCXLIX
1020
2835
2601
CMXXIX
CDV
1434
DCCCIX
MMMDCCCLXVI
1989
2161
MMMLXII
2191
862
CMXXXV
MMMCDXLII
MMMCCXCVII
2424
126
2245
1307
1998
310
MMMCLXXVI
1522
127
678
MMMXXVI
MMMCDLXX
MXXXVII
MMDCCXXIX
MMMCDLIX
MDLXVII
1716
2407
DCLXXXII
MMMCD
MDLXXXVII
2475
1842
MMII
MDCXVIII
CCCXXVII
MMCLXXV
MMMCCCIX
DCCVII
69
575
MCCCXVIII
1404
MMCCCL
MMMDLXXV
2593
3422
MCCLXXXVI
1673
3985
CCLXIX
1473
3278
2240
1990
2235
MCDXXVIII
2231
859
1909
MMMXLIX
MMMDCLXXXV
349
726
MMCLXXIX
1360
3917
1825
2999
DCCCX
DCCCLXXVII
MCDXXV
2989
1751
3156
1468
467
DCCXXXVIII
MDCCXXXIII
MMXLIII
686
2366
MMCMLXVII
1908
3040
CLIX
MMMCDXCV
1773
MMCCCLXX
1207
MMCDXCVII
1833
MMCDLXII
3457
MMDXCI
LIII
MMMCCCXXVII
7
CDXXXVII
MMMDCLXXXI
1577
MCCCLXXVI
MMMCMLXXI
566
789
3588
CCLVII
MDXCIII
3268
MMDCXX
1027
MMXXII
MMMCCXXVII
MDCXIII
MMMDCCCXCIII
MMMDCCLXXXII
3614
MMMCMLXXIV
MMCCLXXXVIII
3153
MMCCCXLIII
3829
1791
MCCCXXIV
MMMDCCLIV
149
1906
MDXXXII
MMMLXXXV
DCLXIX
1214
1713
MMMCCXLII
MMMCMVII
MCDLXXVIII
3793
DXXV
1944
2851
MMDCCCLV
DCLXXX
MDCCLIV
MMXXXIX
MDCCCL
3322
MMMCXLIII
3073
2948
2446
2475
1932
942
MMXII
1918
MMLIII
3461
3137
CCLVIII
MDCCXXII
MCMXXIV
MMMDCLXXXIII
2588
DCCCXCV
617
MMDLV
1275
2019
MMMDXLII
1154
MMDCLXXVII
MCCLXII
MDCCXLIII
MMDCVI
MMCMV
DXXXVIII
1029
1769
3181
MMLXXVI
1031
MMDCXVI
CMLV
1881
CXVIII
2787
632
639
2720
MMDCXLVII
2883
MDCC
3954
D
2477
1758
MMMDLVIII
367
2322
793
3981
MCMLX
MDCL
MMCDX
3077
1986
DCCCLXXXVII
1441
2898
MXXXIV
3335
1183
MMDXXXVII
MMCCLXV
2394
CDXCVIII
1646
3023
3216
MDCCXXX
1551
1018
MMCCXLVIII
2255
MLXXVI
MMMCDLXII
DCCLXXXI
MMMCCCXXVII
2573
CCL
LXII
584
3036
CD
MMMCDLXIX
3744
MMMXXIII
MMXXVIII
MXXXV
MMMXX
MMCLXXXI
CDVIII
MMDXXVI
1562
1207
MMCMXXXV
MCDXLV
DXLIV
CCCXXXVI
MCCCXXVIII
3793
CCLVII
3246
MMMDXXIX
3063
MMLV
2893
MDXCI
MCDXVII
MCMXXIV
3757
MMMCCXXXV
2266
MCMXXX
2476
MCCCLXV
MLXXII
1438
MMMCXVI
806
MMDV
3808
MCCCLXXII
MMDLXXX
1927
1223
2638
DCXCIII
3684
MMDCCLI
3819
2168
3404
2133
MMMDCXVII
2063
3091
709
MDCCCXCII
CCXXII
MDXXXI
MXVI
158
MCMLXV
MCCXLIX
251
MCLI
DCCLVIII
2080
MCXLII
3347
MMMCCLXXX
MMMCCCXI
2000
1725
1051
XIV
3115
391
3927
2936
CMXLVIII
2778
MMMDCCCLXVIII
MMMDXXIII
3051
MMXXXIII
MMMDLII
1379
3791
3710
MCCCVIII
3271
DLV
MMMCCCXIX
MCMLXXXV
3087
DCCXXXV
3802
MMCMXXXVI
MMMCCXLIII
MMMDCCCL
1221
635
3597
MMMCCCXVII
3866
MMMDCXIX
1915
MVII
MMCCII
2439
CCCIV
758
MMDLXXXI
MMDCCCXCVIII
MDLXXIV
3197
MCLXXVI
MMDLXXIX
2674
1602
MMDCCCLXXXI
MDCCLII
2818
706
MMCML
956
1193
2225
MMMCCCX
2308
DLXVI
3928
CMXXVI
MMMCDVIII
1612
3767
MMDCXLVII
26
2332
210
MCMXII
MCCLXXIV
346
1113
1627
MMMCCCXLIX
58
MMXLIII
MMCL
MCXXXIV
CDXLI
3731
126
DCCLXXVII
MMCVI
MMCMXCIV
309
CCVII
MMDCCLXII
2675
207
MMDXLIII
MMMCMXCVI
MMMDIV
2476
2275
3732
MMXLIX
MCXXXVIII
CDLV
2563
MMMCMXXXIII
MCDLXIX
3150
CXLV
MMCMLVI
MMCLXXXII
818
141
MMCXXXIII
3421
1361
3511
MMCDXII
MMCMLXXVIII
3281
MXXXVI
CCLXXXIX
2106
MMMCCCX
MMLXVI
CCCXX
2796
MMMLV
MMCCCXCIII
MMMDLX
MDCCCXXXIV
882
3229
2954
CLIII
339
MDCLXXIII
MMDCLXXI
MMCLIII
2670
LXXXIII
MMDCCLXVI
MMMCMXC
MMVI
1839
MMCDLII
1524
886
MMCMXCVII
3510
2983
499
MCCCVIII
1379
MMLXXXVII
CMX
2716
1074
1963
3424
MDCCCXCVIII
LVIII
1819
652
MDCCCXXI
MMDCCX
3422
1981
969
3731
MCCXLVIII
1449
3081
1750
MMDCCCXCVIII
3306
477
MCDXX
MMLXXXII
MMDCCXLII
MMMLIV
650
2989
3934
CDLXXXIII
MCCCLXV
789
MMMCDLXXIII
MDCLX
MMDXIX
537
2810
1271
MMCMLXXVIII
654
885
MDCV
3562
1662
CCLXXVI
1361
3277
623
2832
618
MMDLXX
3581
1554
1275
MMCDLXXX
3807
580
MMDCCXCI
MMMCCCXXVII
3872
MMMCDLIV
MMMCLXXXIV
CDLVII
1725
2137
2657
1294
MMMDXXIV
MMMLXXXVI
3599
2328
MMMDCCCXIV
MCCCXVI
3265
C
2271
3011
1449
MMMCL
CMXLVII
2132
MMMDCC
1473
3520
MCCCLXXVI
2781
MMLVII
MMMCMXL
MMDXCIII
MMDCCCLXVIII
MMMCXXVII
1997
MMMDCCCXXXVI
574
MMMXL
295
795
CCCLXXXVII
LXXII
427
DCCLXX
1998
MMMDCXC
MMCDLXXIV
MMMDXCVII
MMDCLIII
648
2672
2909
2553
DCCLXV
MMMCCCLV
DLXIX
MMMCCLXVIII
MCL
1407
CCXCII
1027
2441
MMMDCCCLXVII
DXLI
MD
MDCLVII
2927
1881
MMMDCLXXVII
3626
2175
MMCMLXX
2708
CCXXXIX
3876
MCCLIII
2149
3818
3476
2918
MMCMXCVI
1868
1186
3222
679
MMDCXCIV
CDLXIV
MMLXVII
3432
MCMXXVII
MMMCCXXXVII
MMCCCXXXVIII
MMMCMXLIX
MMLI
3273
2635
581
2333
949
CCLXII
1433
MDCCLXVI
MMCCLXXXVIII
2182
593
DCXXI
MDCXCVIII
MMMXXVII
MMDCCLVIII
MMDIII
DCCXCIV
MCX
3031
MMMCCLXXX
CCCLXXXI
3699
MMMCMXIV
LIV
MMDCCCXVI
DCCCXCIX
2528
MMMCCC
CCCXVI
MCCCVI
3668
DCXXIX
MDXXX
MMCDXCII
MMCDXXXV
MMMDCCCIX
2176
MC
716
MMMCLXVII
MMCIII
1694
MMCDXXXIV
CDXI
2836
CDXXX
MMMDCCXIX
3806
1425
2583
DXLIX
MMMDCCCLI
3592
LXI
MMMLI
MMMDLXIV
3545
2600
DCCVII
MMXCIV
1254
MMMCCLXVIII
2273
1400
1980
MMDCCLIV
1377
MMMDCXXXIV
MDXLIX
CCXC
1161
MMCDXLIII
1839
3208
MMMDII
3080
67
MMMDCCXCIII
791
2800
DCCCXXI
1240
3674
MMMDXLVII
1217
3376
837
3332
MMCDXIII
747
1513
2769
CMLXVIII
MMMCXXVIII
317
MDCCXXXVII
3704
MDCXLVII
MCMXIV
2445
215
DLIV
MMDCCCXIX
MCCLXVIII
1229
DX
2350
1029
1670
3774
MMMDCXCIII
MMCMXVIII
3332
MMMDCCCLIV
MMMDXXVIII
MCDLVII
MMCCCXII
2971
CCCLIII
DCCCXVII
1321
MDCXVIII
2786
DCCCXLIII
MV
MMXXII
1600
1067
CCXCVIII
MMCDXCIV
2662
2084
CCCXV
MMCCCLXXVI
MDXXXVII
1869
MMMDCXXIX
MMCXXVIII
MDXVIII
MMCXXXVII
MMDCLV
2332
CDXVII
MMDLXXVI
3692
MMDCCCXXIV
MMCDXXIX
MCD
3349
3699
DCIV
MDLXXVII
MCCXI
MMMDLVI
187
MDCCVII
MMDCCC
3491
MMCMLXXXVIII
MMMDCCCXXIII
MMDCCLX
2297
2581
MMMDXXXVII
595
MDCCCLXXXI
MCMXCV
1147
DXCVI
3160
2838
MMMDVIII
2696
2143
CCCXXXIX
2230
1594
167
1199
3858
731
MMMCCLXXXIII
MCCCLXXXI
3737
MDCCCXVII
MDLXV
MMMDXXIX
75
MCXXXIV
MCLXXVIII
MMMXCVIII
1872
DXVI
3033
MMMCCCIX
3360
DLXXX
951
MDLXI
MDXLIX
264
3080
MDLVIII
MMDCCLI
MMMDCCIII
MMMDCCLXII
MMMCLXXIII
MMMDXCVIII
MDCCXCIX
MMDCCCXCIX
191
2345
173
MMMDXXIV
MMDCCCLXIII
2596
2758
MMLXIX
3835
3383
MMMCCCLXIX
3054
1562
2809
MDLXX
C
2159
467
MMDCCXXIX
2643
MCDLXIV
3536
MCCXLIII
1475
3330
2846
CCIII
3210
1885
1879
MDCCCLXII
1784
MMCCCLXXXIV
CMXX
MMMCCXXVI
1112
DCCXCIX
390
MCXXXII
DCCCXCIII
3413
MDCCCLX
3648
3321
2619
2588
MCMXXXVIII
CCI
1577
MMMCMLXX
1834
MDCCXVIII
2450
356
DLXXXI
MMMCXXIX
MCCCLXXXIV
3099
MMDCCCLVIII
MMMDLXXVI
2824
1460
853
3564
MMCDXII
MCCCXXIV
3253
1980
MMMDIX
ML
1020
2055
879
681
1094
MMMCXCV
1966
1730
MMMDXVIII
CMLXXIX
525
MIX
MMLXVI
MMMCCIX
DCLXXX
MMCIV
2990
319
MMMDCCXLIII
MMMCDLI
CDXXX
3766
1610
1015
MDXLV
CCXXXVIII
846
DCLXXVIII
368
3097
1532
MMXXXVI
MMCCCLXX
MMMCLXXVIII
68
1014
3402
3042
540
2770
MMCMLXI
1162
MMCLVI
MMDXXXVIII
1604
2208
MCCCXXIV
3272
MMMCDXCVII
MMCMI
2175
350
2935
215
CCXXXVI
690
MMMCMXXIII
3978
1789
136
MMCCLXXXVIII
MDCCLIV
MDCCCLXI
MC
MMMDCCXII
982
1922
MDCCXLVIII
3207
MCL
MCXXXIII
MDCLXXI
MCDXCII
MDCCCLVII
1528
705
MMCCCXLVI
3140
428
1743
MXXVI
XXXVII
2768
1953
2195
MMCMXLVIII
2005
MMMCMXLIX
MCMLIX
2538
MMDCIII
MMCXIX
DCCV
2896
739
MMMCDLXXIII
MMCCCXLVII
MMMDCXXXI
MMMCDXXVI
CMXCVI
MMDCCCLXVI
CCIX
MMMDXXXIV
3626
MMCCCX
MCCCVI
2161
MMMDCCXXIX
2211
3920
MMMDCXCVI
1628
1581
2281
MMCCCVI
MMMCDLX
MCDXXXV
2864
3672
1530
1632
DCCXCIII
MMCLXXXIV
3438
2187
3805
2541
MMMCDXCI
3603
MMMLVIII
2405
MDCCLXXXI
2279
2176
MCDXVII
1934
3975
MDCCLXVI
3518
2346
MMMCDLXVI
CDVI
2278
2837
DLXVII
3468
1005
MMMCMLXXVII
MDCXXIV
MMMDCCVII
2322
CCXCV
3062
1339
1630
1620
MCCLXXXVIII
2466
590
1478
2445
MDCCLXXVIII
MMCMXXX
MMMCCCXLVIII
1082
MDCXCIII
MCDXVII
MMMCCCXXIII
999
2483
MDXXVI
MMMXXIV
MMMCLXXXIII
MMDCLXXXVII
MMMCXXXVII
3434
879
MDCXCIV
650
2692
2022
3200
3114
2795
MMCCCVII
MCMXCVII
2050
MMMCCLXXIV
144
MDCCCLIV
1351
3244
MMMDCXV
MDCCLX
MMMDCLXXXVI
276
3138
3121
MCXLII
1415
MCDLXXVI
MDCXVIII
2047
LXIX
401
MCCXXVII
3678
3406
MMCMLXVII
MMDCLXXXVI
2629
910
1495
547
MDCCCXVI
3273
2756
MMMCDXVI
CMLXXIII
2126
1420
2494
3750
CXCVII
193
2886
964
MDCLV
610
DCCLXXXVII
2967
MMDCCXC
MMDCLXXVI
1994
517
1616
MMXLIII
3172
DXXVI
2143
MMCLIV
MDCCXLIII
3574
MCCCLXXXIX
3946
849
873
MCMXXVIII
MMCDXXXIII
MDVII
1950
MCXLVIII
3224
X
1469
3554
131
2246
MDCXXVI
MCLXIX
MMMCCXCII
1332
1745
CMXXX
1599
DCCLXVI
DCXCIV
MCCCLXXIX
1445
MMDCCCXCII
MMMDCCXLVI
1433
MDCCXXXIX
MMMCCLVII
1667
MMMDLXXIV
619
MCDX
3985
3675
3899
3306
MDXXXVIII
DCXC
MMMDCCV
533
CMXVII
181
MMMCLXX
652
MMMDCCCI
1009
1642
MMMLXXIV
MCXXIX
MCCCXXXII
336
2219
MCCCXL
3954
LXXXVIII
MCXXXIV
DCCXL
1772
863
MCMLXXXV
MMMCCXXXVIII
801
DCCXXVIII
MMCCLXXIII
DCCCLVI
2243
3054
MMMDCCCLXXIV
MMMDCCXXXV
MMMXVI
3789
3876
2127
MMCDLI
2660
MMMDLXXVIII
205
MCMLXXXIV
1069
3104
MMCMLXXXII
2447
2604
1538
3252
MMMCMLXXIII
MDLVI
MMMCMLXXIV
387
MMMCCXIV
MMDCCI
DCIX
MMCCCXV
MMMCCCXI
CDXL
MMDCCCXLIV
MCXXXIV
705
1630
2052
992
CVII
824
15
MMMCCCXCIV
1196
MXXXIV
2111
3917
XIX
761
MMCCC
MDXXXV
2507
MCCXLIX
MMLIX
MMMCMXXVI
MMDLV
MDCXXVI
308
760
DCCLXXVI
MDCLXXVI
MMMCCII
MMMXXXI
2702
MMMCCL
3463
MDCXXXIX
MMCDVIII
928
MMMCMLXIX
1417
3438
1561
MMMCDLI
MMMCCXCVI
2525
3954
3734
MDCCCXVIII
3162
1074
MDCCXIII
1467
1327
1078
3495
1657
1671
MMMCCXCIV
438
MMDCCLIII
1310
692
43
999
MMMDCLVI
2682
DCXXV
MMDCCLXXXVI
DCCXXXV
3594
3568
MDCCCXIX
DCCXLI
2438
3113
MMMLXXI
CDIX
MDXXXIII
MCDLXXV
MMCCCXV
2572
29
2166
MCI
MMMDCCCVIII
MCDXXV
CCLXIV
3043
2101
3198
CCCLII
3944
3949
3736
MMMDCCCLXVIII
2673
1954
MMCCX
MCCCXCI
MCCXXXI
784
298
2302
2336
1422
MDIV
1574
3783
2679
MDXII
3385
MMDXCII
829
MDCXIX
MCCCXXXI
MMMDLXXIII
DCCLXXXIII
319
II
2405
MMMCMXCVI
1690
2923
1477
744
2388
2725
503
MDCCCLXXXVII
280
479
3019
MMCXLIX
3710
DCVI
MMCCVIII
3284
1945
MMLII
MMMCDV
CXXVII
MDCCCXXXIX
3489
481
3429
523
2480
3100
232
MDCCII
CMXV
MDCCXX
MCMLXXV
MMCCCXCIX
1067
MMDCLXXIX
3034
MDCCCXIX
1012
3863
1326
1306
MMDCCCXCI
1185
1928
CCXXXVIII
1726
3738
MMDLXXXII
MMCDLVIII
LXV
MMXXXIII
2847
1308
3474
3949
1980
MMDCCCLXXII
3357
DCCLXIX
931
3613
3804
483
499
DCCCLV
1569
DCLXXX
722
38
MMDCCCLXXVII
MDCLXI
1348
MMMDCLIX
MDIII
DL
3132
MMMDCXLV
DCXI
DCXLV
MMDXLIV
DCXIV
2935
MMMDCCXXIV
MMMDCCXCVI
MMCCLXXXVII
CCCX
3504
576
MMDCCXXVII
3338
MCMXC
1820
2040
3574
MDCXXXIX
1525
MCCLXXIX
248
MMCV
1533
MMMCDIV
MMMIV
MMMCCCXXXII
1782
3547
2958
1914
MCXXX
1800
MMMCXV
468
MMMDXL
LXXXVII
MDCCLXXXVIII
MCCCLXX
891
3973
MMDXVIII
572
CCCLXIII
MMMCDLXXIII
MMDCCCXLI
MMMCLV
3068
MMCCCXLIV
1889
1806
MCDXXXVI
CCCXXXVI
3252
2650
1796
MDCIII
LXIV
CCCXIII
3711
306
2506
MMMCVI
MMLXXXIV
911
3885
MMDCCLVI
1175
MMDCLV
MMDCCCLXXXIV
2260
1234
2411
MMDCXCIX
3759
MMCMLXIV
DCXCV
CCCLXXXIX
XCI
249
MCMLXVII
MMMDLXXIII
MMMDLXXVIII
1779
1470
MMMCDIII
2549
MMX
MCCXL
MDCCCLV
MDCXI
MMDCCLXXXVI
MCCCI
DCXLVIII
145
2195
3978
3595
2239
3261
3094
MMDCCLXIV
1208
582
3110
3516
MMMDCCCLXVIII
1931
3597
1575
3028
3046
MMMLXXI
MMMDCCLXXIV
MMDXXXIII
3743
1118
DCCXCVI
MMMDCCCXVIII
2471
22
MDVII
MMMCDXIII
MCCCXLII
MDCCXCVI
1299
2108
MMDCCCXXXIV
374
CMV
2648
2378
MMDCCIV
MMMDCLXXXVI
601
3391
MMMCLII
2082
CCCLI
MMCMLXIV
149
1260
MMMDCCLI
1462
718
3399
186
1652
MMMCLVII
CCCXLII
427
MCLXXXII
MCLV
MMMCLXXXV
MMMDCCCXCIII
604
2639
3881
395
982
MMCLXVI
CIV
3379
MDL
MMDCCLIV
2403
MMMDCCXI
MCCC
CCCXCVI
CCCIX
1032
MDCCCI
3151
1024
MCCCLXX
3768
MMCDIV
MMMCDXXVI
621
2655
637
MMMDC
1257
633
MMMDCXCIII
3173
CMLXXXVI
MMCCCXXIII
3608
3462
3884
MMMDCCCXLVIII
613
266
2625
2901
MMCMLVI
3156
DCCCXVI
1864
581
2086
281
DCCLV
MMMCMXI
MCDLXXXI
113
MMMDCCLVIII
1019
DCLXXXIX
MMCCLXI
MMCCX
MMMDXIII
MMCMLXVII
3244
1386
294
I
1963
CCCLXXXVII
MMMCCXVII
3989
MDCLIV
3515
1975
MMDCLV
2082
MMMDCXXXI
1001
2032
MMCMXCV
2785
MCCCLXXXVII
MMMCCXIV
MCMLXIV
386
XXXV
MMMCCXCIV
178
CDLXXVI
1339
3761
1887
DCLXXXIV
3921
MMDCXII
3970
412
3852
2958
DXCIII
MMMDCCXCIII
MCDXXI
2551
MDLXVII
2273
MMCCXXXVII
1784
CCXV
2711
2817
878
2378
MMDCCCXLV
309
343
2828
2137
MCXXIX
MDCCL
3067
MDCCCVII
DCXCV
MMMCCXI
3723
MMMDCCCLXXXVIII
3459
1147
1861
557
2868
1183
MMMCCCLII
3554
MMMCCXVIII
CXV
3204
355
MMCCCXXI
MMDCLX
MMMDXC
MMCDLXIV
MMMCIII
MMDCCCLXIV
253
458
MMDCCLXXIX
CLI
MMMDCCCXIX
MLV
MMMCXII
3061
MMDCLXXXVIII
515
MMMCDVII
MDCXXXVI
1048
1742
1114
2374
MCCCXLII
MMDCLXXII
MMMCMLV
MMCMXV
279
2745
2312
1751
3626
2312
MMMCCCL
DLVIII
MMCCXIV
3611
3503
3214
MMCLXXVIII
1416
MCLXXV
3914
MLI
401
429
MMMCDXXXVI
MMMDCXXXII
2215
MMMCD
CCCIII
MMMXI
MMMLXXXII
515
2222
LX
MXC
CCCXIV
MMCMLXXV
MMDCV
3682
MMDCCLXI
MMMCMLXXII
1631
1351
MCCXXXVII
3918
1193
DCXXXIV
MMCCCLXXXV
3324
MCDXLII
CMXXXIII
1582
CDLXXIII
3015
MDXXVIII
MMMCDXCV
LXXXIX
1054
477
MMXCIII
2639
3436
MDXXVI
2958
CDLXI
MMCCLIV
X
2810
CDXIII
MMMCMLIX
3683
3193
MMMCCXLVI
MMMCMXLV
659
MMMLXVI
3805
MLXXXI
1769
1479
462
MMDCCCXCIX
2200
MMDCCLIV
2003
DV
MCMLXXXVII
1680
MMDCXCVIII
CDXXI
2361
MMCCCLXXIV
MDCXXV
MMLXVII
2694
MMMDLXIII
1873
MMCCCLIV
MMMDCCCXCVII
MCCCXXI
MMMCCCXXXIV
MMCCCXXII
1137
994
MMMCXXXVI
1010
MMCCCXXXVIII
606
MMMCMXLVIII
987
MCCLXI
MMCDXLVI
788
MCDLXXI
MMDCCCLV
MMMCMLXXVII
CDXXXII
MMMCMXLI
CCXXXIX
MMDXXXVI
3506
3993
1169
MMMDXXXIX
MMCCXII
MMMDCXLVII
2277
1765
1541
1506
MMMCDLXXII
814
2334
3340
MMCCCLVII
810
3016
3063
LXX
MCCXXXIX
3904
MMCCLXIII
MDCXIII
MMMDCCCXLIII
MMMDXVIII
3242
3842
MMCCCXXXVI
MDCCLXXXVII
2810
2121
DCCCLVI
3121
MMDCLXXXVII
MMLXXVI
3690
2857
1261
MMMCCXXII
MMMCCLXI
2153
MMCLXXXII
329
126
XXV
504
3053
MMMDCCLXXX
MCMXLI
2207
1429
MDCVII
CCCLXIII
3341
3341
929
3751
2804
MMMCMXXV
507
3837
2768
2493
646
283
DCLXX
DCCCXLIX
1167
3923
MMMCLVII
2268
109
1489
16
MCCLXXVI
MMMCMI
MMXLI
MMMCCCXCVI
3862
MMMDCCCXC
1316
2493
2605
DCCIX
MMMCXXXVI
CMLXIII
MMDCXVI
MMCCXXI
MCDXLII
3666
MCMLXVI
MMMDCCLXVI
3896
MMDCIV
MMMDCXXXIX
XII
MMLXVI
1364
157
CCLV
MMCLXXX
1271
2032
2647
MDXVI
CCCLXXXII
MDCCX
DCCXXXII
MMMDCCXIII
523
MDCXLVIII
MMDCCII
155
2631
2114
454
557
MCXXXV
3381
CXLVII
2547
2147
2470
800
MMMXXXIV
MCMLXXII
2908
MMMDCCLV
1074
3233
294
MMCLXXII
DCCCXXXI
CDI
1280
2615
1914
DCCLII
1212
2428
2170
2555
CCXIX
MMCDLII
1351
MCXXXVII
CDXXV
174
MMCMLXXVII
MMMCMLXXIII
MMCXXX
423
MCCCXLVII
MMDCLXXIV
MCMLXXX
MCCXCIII
3718
MCCCXXI
MDCCCXCII
MMCCXXXII
MCLIII
MMMCCC
1710
3584
2694
736
2419
MMCDXCIX
DCXXVIII
322
MDCCXC
MDCCCLXXXIV
3260
2911
MCDLIV
1774
MMMCMXII
MMCLXVI
3577
1778
2282
3050
MMCMXCVII
871
MMCVII
MMMCCXXXV
2310
MMMDCCCVIII
228
MMDCV
MMLXXXIII
1422
CDXLVIII
3935
MMMDCLXXXVI
1875
MDCCCLIII
3012
2582
DCCLXXXI
MMCMV
MDLX
XXVIII
MDXLIII
3093
MMMCDLVI
MDCCXCV
MMMCDXCII
1052
1264
LXXVII
MMMDCCCXLVII
MMCDXI
2043
V
MXL
DCCCIV
CCCXXXIII
MMMCDLXXIII
2438
2582
MMMDCXXXIX
DCCLXXIII
DLXXXIV
MDCCCXVI
MCMLXXXVII
MCLXXXVII
708
816
500
2447
3874
3364
MDCCXL
3632
MXCVII
3654
1031
MMMDCCCLXIX
2074
2665
DCXL
438
2419
MMMCCCXIX
1322
2410
3613
1790
2521
1930
1653
1252
3415
1687
MMMDCCLXXXIV
1382
MCMLXVIII
CDXXIV
941
MMCCCXXVII
1643
2616
MMDCCLXIII
3523
1060
MMMCMXLII
2540
1506
733
3115
1180
MMMCCLV
2501
3154
131
MMMCCCX
3248
MCCCXI
961
286
CLXVIII
MMXXIV
3931
DCCCLXXVI
3682
MMMDCCCXCIX
LXXIV
1904
MCXLII
MMMDCCCXII
2794
MMCCLXX
MDCCXLII
CMLXIV
MMMCMLXXXVIII
3993
454
1240
DCIII
LXXXIII
2834
1725
MMCCLXXXV
MMDCCLVII
2556
3460
2404
MMDCCCXXXIV
1188
MDXXII
779
MCCCXV
3954
3125
1285
MDCCCXC
3954
CCCXLVI
CCCXXXVIII
CVII
2416
DCLXXVI
725
769
515
1702
MMMCCCLXXIV
620
MMCDXXVII
2305
MMXXXIX
2132
1610
XLI
3112
MMLV
1751
2871
2685
2088
MMMDCCLXXXIX
643
MCDLXXV
MMCCCXX
DCCXLVI
3557
238
MMDLXX
677
3904
1410
2548
CCXVIII
3526
MMDCCXCV
CLXVIII
MMCMXXI
MMCXLIII
1848
1666
MMMCDLIII
MDCCCII
DCCLXX
MMMXXXVI
DXCVIII
DCCCXIV
MMDCCLXXX
91
640
CCXXIV
MCCCXIX
MMMCCXLIX
DCCXXVII
2557
MCDXX
3884
MMXXXI
MDCX
2902
MMCCCVI
MCMLII
MMCMVII
2873
MMMDCXLIII
CDLIV
1211
1330
MMDCCCVIII
1173
446
703
402
MCDLV
744
MMDCL
MMMCCXLVIII
XXVII
3139
DCCCLV
304
MMMDCCCLI
MMCCCXXXI
CCXI
2310
1465
DCXX
CC
2955
1525
MXVI
937
MCMLXXXIV
2379
2782
MMDCXLVI
MMMCMXIX
3265
520
3085
2109
DCCCLXXXIX
709
2717
MCMXCIX
1937
MMDCCLXVII
MMDCLXVI
CCV
MMDCXLII
2341
MCDLXXXVII
MMDCCLXXXIX
3016
DCCCXLVIII
716
MCCXXVI
MMMD
252
3782
2643
DCCLXXVII
3759
3707
3055
DCLVIII
1844
MMMDCXXIX
MMDLXVIII
2949
MMMDCCLXXVIII
3188
1276
CCCLXXXIII
1274
451
CDVII
1694
2869
187
707
MDCLXXX
1212
CCXLIX
944
3702
335
MDCCCLXVI
MLII
MCCXCII
MMDCCXVIII
1258
DCCCLXXXIII
1773
CMLVI
MMMCCXC
MMDCCXCVIII
MMCDXLIX
2296
MMDCCLXI
1387
2053
2906
2009
3956
MMMCLXVIII
2932
1824
LXX
CLVIII
2826
2915
513
MDCCCXCI
2609
MMCCCL
DCCXVII
3286
MMMCCCLXXXIX
MMDCCXLV
MDCLXVI
MMDCCLXVIII
38
207
MCMLXXV
1082
MMCDL
MMVI
2648
MCCXLIII
MMMCLXXVII
1668
2248
MMCCCXXIX
MCXLVII
3581
3849
931
3575
MCMLXXX
MMMCMLXXII
MCDXXII
CLXXII
MCCLVII
3998
781
3346
1376
CCLXXVIII
2259
1448
DCLX
MMCDXXIV
MMCCCLX
2094
MMMDCCXV
3936
MMDCCXCIII
MMDCCCXXXVIII
2383
LXXII
MCCCLXXXVIII
2958
DCCCLXXI
2084
2995
MCCCXL
MCCCXCVI
MMCCCLXXV
1409
1039
MDCXVI
MMMCMXXVI
DCXXXIII
MXLIII
MMCMXXVI
MMCMLXXVIII
DCXIX
2320
1811
2252
1556
MMMDCLXX
MCLXXX
2641
499
2750
1716
CLI
2522
3876
MMMDCXXI
MDCCCXXXVI
628
DCLXIV
MCCCXXXIII
3536
1801
2425
3874
3247
MMCCCXXVII
MMCMXXXI
MMCCVI
MDCCCXXVI
MMMCXLVIII
1791
MMCCXV
MCXLVI
3762
CV
3032
2983
2220
3543
MMMDXVII
MCV
DLXXXI
MMMDCCCLXXXI
CXLVIII
DLXXVII
1146
1953
MCDXCV
MDCCCLX
706
2438
MMMCCCL
CCCXL
310
CDLXI
MMCMXIII
2241
934
3665
MMMDCCCXXXV
980
MMDCCCLII
473
CCCXCIV
3814
665
273
1664
629
509
2849
3775
544
924
1262
2136
MMMDCCCLXXXVII
1893
916
MMDCCCXL
MMMDCXCII
MCDXLV
MMCCXXXIV
MMMCDLXV
2000
750
MMMLXXXI
827
CDXX
3602
MMMDCCLXXVII
1537
1817
MMMCCCXXXVII
MMMCDXXXII
2800
MMXL
MCMXXX
MMMCCXCII
3433
CCCXXX
276
1836
MMDLIV
409
MMCLXII
939
3011
MMMCCLXII
MXLVIII
MMCCCLII
MMMCDXCIII
1605
XCIII
MMCLX
MMDCCCXC
3627
CCXLVIII
1878
2690
1433
1437
MMMDCCXLII
MCMXX
MCXVII
521
3841
3434
MMMCCCLXVI
2597
MMDCCXLIV
3985
MMMDLIX
1756
353
2852
3635
1543
MMMDCCCLXIII
MMCLXXI
222
DCX
438
2513
907
DCCXLIX
MCCCIX
3860
MCMXXVII
MMMDCCCXXV
MMDLXXI
3400
1761
2241
MXXXVII
MMMCXII
MMCDLXXXII
MMMCCCXXXII
MCCXLV
MMMDCCCLXVI
3761
MCMXCII
MMDCCLX
28
2328
MMLVI
3977
1492
2574
318
1715
MDCCCLXXXIX
MMCDXXXV
MDCCXLVIII
MMXLVI
MMMCMLXXXIX
MMCDL
2823
1759
2265
1983
2324
2812
MMMDCLXI
763
1231
MDCXI
MMXXX
MMDCXVI
400
MMDLXIV
MCMXCVI
519
146
MMMDXIII
MMMCCCXXII
685
CCCXX
24
MCXLI
MMCMXIV
3033
880
MCD
MCMLXIII
MDCXLVII
2530
MMDCCCVI
2324
MMMCCCLXXX
1684
MMMCXXXIV
3697
3866
CDIV
965
586
1576
MMMCDLXIV
XXXVII
477
1933
DCCCLIV
MMMDXCIII
DCXCIV
813
CMXXXIV
MMCCCLVI
1198
DCCXCIII
915
CMXVIII
MMMCCXXV
1185
MCDLXXXVII
166
MMMDCCCXXXI
MMMDCLIII
DCCCXLVIII
MMDCCLXX
758
1496
MMMCDLXXXIII
660
142
628
1137
MMMDCCCVII
3900
117
MMMCLII
LII
2041
3107
MMMDCXV
MXXXIX
919
2376
3153
2085
MMDCCCLXXVI
3830
2970
MDLXXIV
CMVI
1141
1735
DLII
CDXXXIII
1057
296
3569
1140
MMMDLXII
847
3286
1179
DCCCXVIII
1472
3844
MMDCCCLX
3895
MMMCCLXXIV
709
MMMCMXCI
934
MMDCCC
MMMDCCLXXXVII
MCCCLXX
1623
3808
3213
838
DCXLVII
3462
2491
MCCCLVIII
MMMCCCXX
278
2227
1497
1579
2421
3555
MDIII
822
4
2888
MMCDXIII
757
V
1186
3952
DCLXXIX
3272
MMMCXXIII
3822
CMXII
3721
2789
3090
2170
1663
MMMCDXVIII
815
2239
MMMDCXXIX
DCLIV
MMCXVIII
1340
MLVI
3814
MMMCCLV
2660
3894
630
MMMDCIII
CDXCVI
1793
DCXVIII
3524
3971
MMMXXXV
3743
MMMCCCXXXI
2227
MCDXCVII
1236
MDCXCVIII
CCCLXXI
2028
MCDXXVIII
2872
340
DCCIV
MDCCCIII
820
MMCMXIII
3272
MMMDCXLIV
MMMDCXLII
258
MMDCLXV
MMMCXC
2073
MMMLXXXI
CCLXIX
636
LXXVIII
MMXC
MMMDCCCLXXXII
885
MLXXVI
910
MMMCCXXIV
MMMCCCXLI
3632
MMCCCXXXIX
MMMCDLXIII
1960
DCCCXIII
3669
3573
2284
DCCVI
MLXXII
3936
3033
2429
75
1521
2868
MMMDCCCXXXI
3616
MMCCCXX
MMMDCCCXXX
MXCI
MMCMXXXII
MMDCCCLIX
1025
2894
MDCCCXXXV
2194
DCXCVII
3753
3238
MMCXLII
MDCCXLVI
1142
MMMCDXXV
3089
MMCCCXXII
MMMDLXXXVIII
CXCIV
426
MMCDLXIV
MXXI
3358
1400
1560
2212
2605
MDCXCII
1113
MMMCCCLXXII
3033
777
739
MMCMXXVIII
DCCLIII
1740
MCCCXCVI
1386
2418
3309
1884
MCMXX
3866
CDLXXXI
677
2466
3280
MMMDCCLXXXI
1954
1050
301
706
1789
1635
1024
665
LXXXII
929
MMDCCCXXXV
1969
376
3167
MMMCLVI
CMLI
2608
3712
3432
1828
1267
MMDCCX
MMMLXXXV
MMCCLVI
MMDCCCLXXXIX
CMLXXXIII
MC
MDCCII
676
2168
2505
MCDLXI
3311
1837
829
MMDCCLXXVI
MMMDCXCIII
MCCL
MMCLII
2965
1745
1248
256
CMXLVIII
2660
2869
MMCLIX
1322
3229
1040
2112
MMMCLXIII
1134
3934
2714
2166
144
3339
1572
162
225
3955
MMMCLXXXIX
MMMCMLXII
MMMDCXXV
MMCVIII
3671
1256
1049
MLXVII
38
736
MMMDCXIX
1267
V
MMMCMLXX
179
3398
MMDCCCXXI
MMMCMXLV
MDCCLXXXII
MMCCCLXVII
2988
1528
1607
MMMCCCXXII
1426
708
MLXXXII
2471
2302
2462
CCXXXVII
3245
MMMDCCCIII
MMMDCCCXIX
DCLXX
3247
MCCVIII
50
930
2109
391
MMCMXIV
3475
1133
3872
2778
3803
MDCXIII
MMDCXI
MMCMXXXIX
2685
446
MDCCLXXIV
3874
MDCXIX
CCXXXIV
DCCCXLVIII
2567
734
CDXVIII
MMDCCCXLIII
517
685
MMDLXXI
DCCLV
329
MCXCVII
1009
3457
MDCCXXXII
2465
2795
1000
267
MMMCDXCVII
965
MMXXV
3844
904
1056
MDCCLXXV
1013
3054
3503
1203
MMDCCXIII
2104
MMCCCLXXVI
2120
CCCXCII
3500
1953
MMDCCCXV
2612
171
DXLVIII
MMDCCCXXVIII
470
LXIII
284
MMMDCCCXLI
3862
DXCII
3057
2222
1752
1070
3334
CCXLIX
2821
MCDLXXVI
1691
MCCXXVII
1810
3562
1005
284
427
CCXIX
MCXXVII
1830
967
2553
MDCCXXXVI
MDCCCXLVII
DCXXIII
661
461
177
MMCCLXXXIX
LXXXVII
2427
MMMCMIII
MMMDCCIX
MMDCXIX
2974
MMMCDLXIV
3572
MMMDLXXIV
MMMCXXXVI
475
MDI
LXXXVII
MMMDCXXXIV
DCCLXX
413
MMCLXXXV
MMMCMXXXV
2052
MMMCCLXXX
MMDLVI
3346
3912
MMMCMLXVIII
316
474
MMDCCLXXV
1878
MXXXVII
109
3473
DLXXXIX
3736
MMDCLXXXIV
MCDLXXXVIII
MMMCCCLXXVII
1661
2120
MDCCIV
2737
MDCCCLVIII
1908
555
640
MMMDCCCLXXV
3196
DCCLXXII
213
MDCCCLXVI
MMMDCCIII
MMDCXXVI
2445
MMMCDLI
MMCMLXVI
3366
1043
2527
3271
3316
MMDLVIII
MMMLVI
MMMDCXII
MMLVIII
3063
2185
CDV
DCCXLVIII
2964
1390
MMMDCCLXXXI
2958
MMMCLII
MMMCCLXXXV
1096
739
83
MMDLXXXIII
MMMDLXXVI
MMCMXCII
3487
2860
MMDXLIX
1327
DXCV
CMII
1556
MMMXI
MDCXCV
MMCMXCVIII
MDCLXXII
953
MMMLXXIII
34
3596
MDCCCXXII
MMMCCCXXXI
MMMCMLXXIX
1276
3512
MMCCCXLVII
496
MCXXXIX
MDLXII
2012
CCXXXIV
1350
MMDIII
MCDLVI
2999
1473
MMLXXVII
3254
2471
2877
3013
MMMCMIV
1217
253
MMDCCCXV
MDCCCXXV
MCCCXXXVI
2139
MCCXX
DCLVI
799
319
2837
MMMCMIII
1998
3374
1011
MCLV
MMCMLV
MMCLIX
CDXVI
3606
MCML
DXLV
MCMXLVII
MDCXXXI
MMMCMLXII
CCXXXIV
1026
1638
2479
3542
MMMDCCXCI
MMMDCXXVII
MCDII
302
3198
MDLXX
MMMXXIX
2565
2247
3957
3390
MCCCLXVIII
1754
MDCCXXXVIII
CDLXVII
MMMDCCVI
2219
535
MMMDXC
3638
MDCCLV
MMCMXLVII
2121
MMCMLXVII
632
644
MCMXXXIV
1970
94
3011
DCCCLIX
MXCVII
198
939
1088
1395
3018
509
MMLXV
554
845
MMMDLV
3404
MMMDCCCVII
388
CXXXII
MDLXXXII
MCDXXX
MCCLXVII
DCCCXLIV
2557
1431
1771
MMCCCXXXII
891
466
1225
1733
2230
3171
1978
DXLIX
3958
CCXXXV
CDLX
2081
3785
MMMCDLXXXIX
2513
3746
MMMDCCLVII
MDCCCX
MMMCMLIII
MMCXXVII
1129
MDI
MCDXI
500
1046
MCCXXIII
2253
MMCXLVII
XIV
MMDCCCXXXII
3770
637
DCCCXXVIII
MXXIV
2698
CCCXCVI
2654
3973
1348
MMDXLIX
1819
DXXIII
MMMCDLXXV
862
MMLI
DCCCXXX
2529
DCLXXXVI
2083
CMXCI
CCCXXI
MDXXII
CDLXVI
2638
MLXXII
3410
CCCXLV
561
CIX
253
1258
MMCDXLIII
1746
841
2183
274
2088
DLXXXIV
CCCXV
2266
DCCXXVIII
MMMLXII
225
MDCVII
3551
CXC
CCXCIX
CMXIV
MCCCXLII
CCXCV
CCXIV
3926
MMMLXXXI
1732
CCCVI
3449
MMDLXXXII
MMMCCCLXXI
1131
MDCXCII
1080
MDCCLXXXIX
3120
3922
2132
MMCMLXXII
3375
MLXXIII
3709
MMDLXVII
1357
MDCCCXXXVIII
MCMXCII
MMDXCV
1177
MCCCXCVIII
MMXXIX
MMMDCCXXXVIII
MDCXLVI
MCMLXXXVI
123
2617
603
2481
282
562
MMDCCXLVII
1616
2366
MMMDCLXXVI
MMMCLVI
668
931
40
MMMLVI
3139
DCCXLVIII
MMMCMVIII
CMLXXXVII
2365
CCCXLVIII
2458
MMDCXXIX
MXXXII
1733
2457
MCCLXXXVI
743
MMDCCXCI
1631
2805
2762
1025
MDX
3830
1060
MMCIV
467
357
120
MMMDCCCLI
398
3273
CCCLXVIII
3191
9
MCLXXXI
452
2921
MMCDXCII
MCCCLXVII
MMMCCCXCIV
MMDCCLVI
1851
MDCCCVII
1565
MMMDCV
736
MMMDXXXV
1557
3025
LXXI
896
DCCXLII
3839
MCCLXXXIV
MMCLVII
2281
MMCMXXXIV
MDCXIV
MMMDCCCLIX
3039
1374
MMMCCCXCVIII
1201
DCXCVI
MMCDXXV
1884
MCCXCIII
3064
2687
3097
2609
MXIX
MMMCDLXVII
MIII
MMMDXXX
MMMCDLIII
974
MMMDLXXXIX
CXCVII
MDVII
1197
528
MLXXXIX
MMCDLXXXII
MXCVII
MMMCXV
2652
3637
1593
187
3516
2703
3190
MMMDCCCLVI
3037
MMDXII
3158
MMMLXXVI
CMLXXXII
MMMDCCCLIII
MMMDCCCXIII
CDXVIII
1723
3750
2019
MXXI
3923
MDCCXXXIX
MMMCCCXLVII
3162
MMMLXII
3019
MMCDLXXIX
1331
MMDCCLXIX
DCCXLVI
DCCXLI
MMMCLXXXV
3552
3363
MMCDLVI
1723
MMMCCCLIII
MLXXXVIII
MCMLXIV
MMCDLXXXVIII
MMMXLV
DXVIII
MMDCXXX
MMMCCXI
1709
3697
MMDCCCXXI
1302
991
MCCCXXX
LVI
2427
193
3546
245
MMMCDXIII
MMMCMXXXVII
2599
3529
MMMCCLXXXI
2181
CL
CDXLIV
MMMCMXCV
1751
MMMCCXXVIII
DCXC
2717
MMDXLV
1473
L
MMMDCCC
MMDCCCLXI
116
DCCXXXII
3861
CCCLXXXII
MMCMXXXVII
CCX
MDCCCXXXVII
3218
438
2033
1593
DCCCXLI
884
MMDCCXI
465
2080
3461
MMCCCLI
DLXXIV
CMLII
1903
MDCCXXIV
112
CVIII
CLXXXVIII
3833
3145
MMCCXX
MCDXXXVII
1203
MLXXVIII
1630
3713
1126
2721
310
DCCCXCVII
MDXXIV
1597
2548
78
2043
2557
DCXLVI
MMMDCCCX
849
1154
3005
821
3174
MDCCXXXI
MMCCCXXXI
75
CLXXXIV
MMMCMLXXXIII
MDCLXXX
523
MDXL
MMCMLXXVIII
MCMIII
2775
MMCXXII
MDC
898
3006
3391
MMXCII
DCCLXXIX
MMMCCCXII
MMMCCLXXI
MMCMLXVII
MDLVI
846
DCCX
3457
CXV
MMMCDXXXVI
2128
MDCCLXI
1980
1283
1660
3651
1528
2558
432
MMCXXXVII
2978
MMDCCCLII
3964
MCDXLI
MMDCCCLXXVI
406
3813
MMMDLXXIII
MDCCCXV
MMMCDXLI
651
3371
2752
2045
2587
2389
MMDCLIV
MCLXXXIX
MMCDLXXI
CCCLXXII
489
MMCCLX
3171
1086
MMMDCCLXVI
MMMLXVII
MMMCMXCVII
3429
2602
MCMLXXXVIII
MMMDXLV
2091
MMDCCI
2025
CDXCIV
134
3671
3834
2835
991
MMCDXII
DXXXV
1133
1445
3020
MCCXXVII
3093
1885
MMCMLIII
LVI
446
307
CCXCIX
MMMDCIV
MCDLXX
DLXII
MLXXI
MCDLIX
3463
MDCCCX
2002
DCXCVI
206
3113
676
468
CDLXXXIV
MCCLXXXII
2024
MMMCCCXLV
MMMCCXCIV
2800
2
MMXCVIII
MMMDCCVI
MMLXVIII
MMMDCCLIV
2102
MMMDCXCIII
MMMCDXIX
MMCLXXV
MMDCIV
2067
2150
CMLXX
2414
2572
MCLXXIX
MMDCXCII
3842
MCCXLIV
2570
2916
562
MDCXV
390
CDXLII
MDXLVI
MCDXXVI
MMDCXXVIII
MMCLVIII
DCCCXXVII
1933
MMMDCXXIX
MDCCLX
466
1206
CI
DCXCIV
2102
MCMXC
3553
CMXII
2093
MMMCDXCVIII
3780
ML
MMMDXIII
3726
MMMCLXIII
747
1699
DCCLXIV
1036
3084
MMMDXXII
3066
481
994
MCCCXI
3347
MCCXIII
1496
MMDCLII
MDCLXX
3548
MCXV
MMMCLVI
MDCCCXVI
2922
2685
MDCXLVIII
MMCXXXVII
MMCDXXXIX
MCDXXVII
458
3289
604
1846
542
MDCCLXXVI
MDXLIII
MCC
MDCXXIV
CCCLXXXVI
3902
MMMXXXVI
576
2547
CCCLXXXIII
MDCIX
225
CXLVI
1758
2725
CCCLXXXVII
127
392
MMMCXV
177
2025
1171
MMCDXLVI
1449
612
DCLXXXII
MCDVIII
MX
2562
2410
DXCVII
CMXLVII
3706
MMDI
2279
1653
VI
1381
MMMDCCXXVIII
MMCLXXX
3091
MDCCXXI
MXXVIII
MCMLI
2931
1090
MMMDCCCXVIII
CXXX
MCCCXCIV
119
MMDCCCXXIV
MMMCLII
MMMCMXVII
2432
1954
MMCMXLI
DCCLXI
3788
2095
1250
2760
MCMVI
373
903
CMLII
1389
1013
CLXXXV
MMMDCXL
2983
MMDXCVII
627
2160
1056
2379
MMMCXCI
1295
MMMDCCCXCV
610
2859
879
893
658
MCCXXXIX
1117
333
MCCXLV
667
3448
511
2810
MCDLV
3558
3066
3773
MMCCXXXV
MCMXC
3635
CCCXIV
1064
3950
2589
2358
2986
3001
XVI
MCCCLIV
3725
1442
MCXIX
DXLIX
1985
CDXCIII
MMXLVI
MCDXLIV
3293
MMMDCCCLXXVIII
3614
CXXXV
DLXXXV
MMMDCCCXC
314
MMMCMXXIX
MMCDI
MMCMXXXVIII
MMDCCCLIV
MMMCCCVIII
MMCXXIII
MMCDIX
MMDCXVII
MCMXCVII
MMMDCCCXVIII
1327
MCCCXXXVIII
MMMDCCXXXVI
MMDXXVIII
MMCVI
2958
276
CDLXXIV
MMMCCLXXIII
MCMXII
MMMDCCCII
555
1241
MDLXXVIII
MCCCXIX
MMCDLXXXV
2012
3020
1683
1245
MMXXX
3492
MDCXLIII
MCCXLIX
MMMV
MMDCCCLXXVII
1406
MDCXCI
1243
MDXLIII
1603
3273
448
3413
2595
XXVII
MDCLXXIV
CLVI
1082
MMDXXX
3156
3772
MMDXVII
DXLI
MMMDLVIII
2645
MMMXIII
1665
MMCMLV
2009
1506
3933
2381
MMCDLXXXVII
2756
1612
3706
426
842
3872
MMMDCLXX
2805
LXVIII
MCLXVII
MMMCCXXII
3101
MMCLXI
3743
LXXV
DCCCXLIII
MCXXVIII
MMMCDLVII
122
MCMLXXII
MMDCCLXXXVI
1821
1214
2740
3382
2796
1980
DCCCLXXI
MMMDCCXCVII
2935
MMLXIX
MMMLXXIV
2351
1657
MMDCLXXXIII
MDLXIV
MLVIII
MCMI
1932
DCXXXII
898
1320
2540
MDCCCXCIII
2031
LXXVI
2156
3345
2505
MMCDXLIV
1035
DCCXIII
DXLIII
MMMDCLXI
MCCCLXXI
2471
MCMIII
2817
MMCMXLV
2209
124
3169
MCCLXXXIV
956
DCCLXII
726
MMMDC
1226
MCDLXXXVII
DCCLVII
MMCDXX
MMMXXIII
MMCC
MMCCLVIII
MDCCLXVIII
DCIX
MMMDCLXII
2647
MCXC
MCXXII
MMMXXII
MMDCCCXV
MMMLXXIX
MMDCCXXXIV
3367
MMDCXVI
MLXXIII
MMMCCXCIII
776
XXVIII
MCCCLXXII
DCCXXXVI
MMMCDXV
MDCCCLXX
DXLIII
MMDCCIII
MMCXXIX
CCCLXIV
1538
DXCII
MDCCIII
MMCDXLIV
3222
MMMDCCCLXIX
MMMCMXIX
MMDCCXXIII
MMMCCXXX
3644
1910
CCLXXXIII
CCLIV
1391
MDXCI
MDCII
MMMCMV
2609
3209
583
MMMCMXI
2002
715
1848
3858
2962
MMCCXVI
1786
MMMDCCCLXXIV
3147
MMXLI
235
MMCMLXXX
1168
CMLVI
2199
MMMDLV
MMCMXI
MDLXII
MMMCCCLXXI
MMDLXIX
1416
474
414
MMMD
3612
MDCCLXXI
3691
548
MMDCCCXXXV
1003
693
MMIV
3131
MMMCDXLIII
3904
CMVI
CCCXIII
1890
2749
1637
3516
CCXV
110
3665
464
1666
MMCCCXXXIX
2527
MMCCCLXXXII
MMMDCCLIX
MMMCCCLI
189
CDLXXVI
MMDCCLXIX
1002
2073
2815
MCDLXIII
CLXXIX
2715
MDCCXXXIV
184
CCXVIII
MMMDCLXVIII
MMDCCCLVII
266
2449
2470
MCXXVI
MMDXCVI
2620
3725
1667
1032
CDVI
CCXLI
643
MMMDCXC
MMMCMXCIX
742
MDCVIII
MCDXXIX
MMCCXLIV
XII
3420
MMCLXXVI
2096
DCCCXXX
246
3074
MCDXCIX
MMMD
2950
1993
3988
MMCDXXXIII
MCMLIX
MMMCCCXCIX
CDXC
DLXXXVIII
899
282
MMCCCXXXI
MMMDCCLIV
MDCCCLXXVI
2374
603
1734
MMXXI
357
MMMCCCXXII
2434
1542
MMMCMLXIX
2315
MDCXLVII
3298
253
MDCCXXXV
1255
MCXLV
148
CDLXXX
CXVII
1060
1863
8
1445
2980
CDLII
MMDCXCV
1188
MDCV
CLIV
2085
1742
1114
CDVI
2485
2078
MMMDIV
MMMCCXX
MMDCCVII
DCLV
3635
3975
3584
1331
CCCXXXIII
MCCLXIII
CMXCII
3783
DCCCLXXV
MCCXCIII
1544
MDCCCXLI
MMMDCLIV
MMMCMLXXVIII
MCMLXX
MMMDXCVI
3746
3752
LVII
354
MMXLIV
3663
929
CLXXXVIII
279
441
MMMCCCII
1053
431
MMXXIII
MCCI
1661
1817
1116
2357
3808
MMLXXXVII
MCDXL
MCCLX
MMDCXXXIX
1513
MMDCCCXLVI
1405
MMMCXXIII
387
MMCDLXXII
3357
CDXII
DXCII
MMMDIX
1576
3993
14
2564
3971
MMMCMXLVII
3342
MMDXXX
MCCCXXIX
3643
2098
MCXLII
2472
MMXCIV
1579
DCCVII
573
MMMCXLVI
422
3012
1006
MCCXV
MCLXXIX
MMMDCCCLXV
MCMXLVII
MMMCMLXXIX
2892
1285
MMMXXVIII
3777
102
66
3045
3054
MMMCCCLXXXVI
3492
MMMLXVIII
CCCIX
3860
1798
540
CXIII
554
MDCXXV
MMXXVII
1568
MMCCI
1857
226
1520
3673
1612
3690
MDCCCXLV
548
MMXII
1688
761
2802
2095
964
MMCDLXVI
109
1165
MCCL
DXXVIII
MMDL
3771
2388
MMDCCCXXXVI
MCDXCIV
2148
3476
2916
2807
2439
DCCCXLIII
2840
MMMXIV
MMMCDLXXIII
1812
XIV
MCXLII
CMLXXXVII
577
MMMDCXXVI
MMDXXVI
MMMCXLIV
1790
251
2536
1064
1771
MDLXVII
MMCXCIV
MMCDXCI
3263
MMMCMII
3403
3839
CLXI
2836
1771
1595
728
2639
MMMCXIX
MMMXV
3647
1319
3013
MDXVI
MCCXCII
1325
1006
1995
MXXXI
3858
CDXLIV
3422
MMMCMIX
1524
1999
2959
3109
MMMCDLXIII
MCMLXXV
2552
DCCCXXXV
MMXXXIII
MMMCCLXIV
MMLXI
2242
MDCCCLXXX
MMDCLXXXV
MCDXXXII
1692
1945
3191
3821
3442
244
DLXX
CCCX
MCMLV
MDCCLXIX
3099
MCMXXVI
666
297
36
1558
CCLXXXIV
MMMCCLXII
297
3822
MMCMLVI
499
1116
MMMCMLXXXVII
872
MDCCLIII
3799
1661
MMDCCXXXIX
MMDLXV
3241
3377
CCXC
1809
MMMCCCXXXVI
MMMLXIX
MDCXLIII
MCCXXXIV
2668
2204
MDCCVI
MDCLXXVII
MMMCLXXX
3746
MMMLXIV
MMDCLXXIII
MMMCMXLVI
2602
2285
MCDLXXXII
1153
2963
MMMCDI
MMMIV
MMDCXLIX
MDCCCIX
MCCLXXXVIII
MMMDXX
MMMDCCCLIV
2159
MMDCVII
MCCLXXIX
MMMDC
3914
MCCCXXXV
CMLII
DCXCIII
611
1898
CMXLIII
3422
MMMCCCLXX
DCXXVIII
MCDXCIII
1882
3574
3847
MCDXLIX
MMMCCCLXV
2046
3902
MCMLXXVIII
3654
3027
3817
1386
543
MMLXXV
139
3359
DLXIX
304
MCCLXXIV
2606
67
MMMCLXXV
1349
CCI
757
DCCLXIII
MDCCCXCIX
67
DCCXXXII
CCCXCIII
CCCXXXIII
MMCMLXV
3142
MMCCLXVIII
146
1408
2382
658
3796
MDLVIII
2001
DCLIII
694
CLVI
3449
CDXCII
3159
MMCCCLXXXVI
84
MMMDCCLXVIII
1145
17
CMXI
MMCCLXVIII
2184
MMXLVIII
MDLXXXVI
2456
1776
1189
MCXIV
MMMCDXL
MDCCLXXVIII
1221
DCCCXLIII
3
2635
2886
3672
1120
1381
MLIV
3597
CDLXII
MMMCLXXXIX
MMMCCCLXXXIX
MMMDCCL
MCCCVIII
MMDCCCX
MMCLXVIII
DCCIX
MMMDXXVII
584
756
2389
MMM
MMMCMLXVI
DCCCLXIII
300
3630
1623
2032
1826
3116
MMMDCLII
MCCCXXXII
MMCCLXXVIII
2772
MMCCC
MCMXI
MXXXII
MDCXL
MLIV
3674
481
MMCCCXX
3278
MDCLXXV
MMMCCCXLIX
1794
CMXLI
MMMDCCCXII
3149
MMMCCCLXXXVIII
444
1808
529
MMDCCLXXV
CXXXIII
MMCLXXVIII
MMMCDLXV
705
MMMDCCCXLVIII
1762
MCMXV
MMCCCXLVI
MMMCCXLI
MMMCCXXIII
MMCLXXXI
MCMLXXXVI
MMCMLVI
3532
MDXXXVIII
192
3527
MMCCCLXXXVIII
359
570
LXI
MCCCXCIV
MMMXVI
MDIII
3038
2305
CCXXI
MMCDLX
MCCLXXXIV
MMMDCCLXXXV
699
2106
2632
MCCCLIII
DCIX
561
MCXL
XXXVIII
2387
MMLV
MMMCCCXI
DCLIV
MDCL
MMMI
1033
3620
1195
1025
2688
MMCLXIV
2110
MMCCXXXVI
3407
MMMCXXXVII
3074
MMMCMXLVIII
258
2319
MXIV
2777
82
2303
MMMCMXII
MCMXIV
715
3115
MMDCCCXLV
MMDCXLIII
MMMDXXXIV
MMMCCCXXIV
872
126
2813
1065
673
MMMX
CCCXXXVII
646
MMMCMLXVIII
MMCCCXLIV
MMCXC
220
CCXX
2263
774
406
2331
MCDXXIX
1729
2715
2897
2265
2565
LXXXIX
MCLXXXVIII
MDCXV
1002
MCCVII
MCCXXXVI
DXCII
2715
CCCLXII
3417
MMMIV
MMMLXXXI
1007
698
MMCXCVI
MMCL
MCDIV
1803
1432
1214
MMMDCCCLXXIII
MCMII
MCLVII
3794
MMMDCCLXIV
3142
LX
MCCXXXII
703
MMMCDXLV
2649
300
1967
MCMXLIV
1239
CLXXXVIII
3029
2057
MDXCI
MMCCXCVII
2838
2906
CMXXII
MMDLXXXII
199
MCMXXXIII
2720
1607
MDCCLXI
MMMCCLXXII
MCDLXXXIX
3143
MCCXXXII
MDCCCLXXXIII
696
3258
1952
MMMDCCCXVII
2725
MCCCXCIX
470
CCCXCII
MMMCMLXIV
MMDCXVII
974
MMCLXIX
MMMLXXXVII
3526
MDCLXXII
1055
2205
CMLXXIX
CMXXIII
2138
MMDCLIII
660
1920
MMMDCLXXVII
MMDCXLVIII
MMDCCXVI
MCXXX
2901
MMMCLIX
1102
1189
887
2425
1345
MMMCCCLXXXIII
765
MMCCXIII
MMCMLI
CDXCII
865
MCLXXI
3295
MMDCCXCVII
3123
MCCLXXIX
1394
MCCCL
1648
MMXXVII
XXXV
MMCXXXV
MDCLX
3663
MDCCCLIII
DXC
276
1855
2006
1612
MDCCLXV
MMMCXXXVII
MMCCCLVIII
MMDCCCLXX
2192
DCXVI
MMCXLIV
3888
MMMDCCCXL
3791
MMMXI
1418
MMCXXX
MMLXVIII
MMCMVI
2419
3920
3350
MDXLIX
MMCII
DCLI
990
3358
MMMDCCXX
MMCLXXVII
CMI
2778
748
CCXXXI
3882
MMCCLXXI
DCCXCVIII
1808
2354
MMMCCCLVIII
MCXC
3139
1846
MMMDCCCLXXVI
1490
669
12
DCCCXXXIV
MCLXXXVIII
MMCXCIX
3529
3429
1789
2650
CCIII
MDLXVII
3734
3114
2512
48
MMCDLXX
579
2936
MMMDXCII
MMCML
340
3341
1264
2482
MDXC
DCCLXII
MDCCCXXII
2021
MMCXXIII
MMMDCCLXII
1954
1708
CXVIII
MMCCXCIV
1555
CDXXI
3310
3457
MCMXC
DCCII
3125
MMCLXXI
MMLV
DCCCIII
2381
1924
2266
CMLXI
DCCLXXVI
1620
DLXXXIII
1478
MDXIII
472
3173
3387
2218
MMMDCCLII
MMCLVII
1910
1107
1376
764
CML
DCCXCI
3378
350
DCCCXXVIII
MMMCMIV
230
CDXLIII
3782
MDCCLVI
1500
CLVIII
MCCXCI
2677
MMMDCLXXI
2173
CDLXXIV
MDCCXXV
1410
1021
MMMDLXXXI
48
3174
3290
1832
1921
MMLXVII
MMCMLXXXVI
MXX
1583
3048
MMMCDV
33
930
CXLVII
MDCXLIII
3901
MCCXXXV
MDLXXVI
MMCCCLIII
MMDCCCXXVI
2751
MMMCCCLXXIII
752
MMMDCCXXXIII
3901
3053
MCCCXII
729
MDCXLIX
1789
3674
3467
51
MMMCCCLVI
DCCLXXII
2380
MMCIX
2048
3902
3106
3495
2172
82
2368
3271
3474
433
2696
2991
1312
316
MMDCCXCVII
MLXXXVIII
CMLXVI
MMXXI
2452
686
3023
DCCLXXXIX
572
MMCDL
3179
MMMDCCLXXXVIII
3356
MMLXI
371
DCIII
713
MMCCCLXVII
3505
DCCCXXI
MMCDVIII
MMMDCCIX
1749
2835
MMMDCLXI
438
1502
MMLXIV
MMMCCLXXXV
485
895
L
1533
119
DCLXVII
MMDXLV
1280
752
CMLII
1780
MDLI
MDCCCII
MMDCCCLXVII
MDLXX
3039
2011
MMCCLVII
2019
MMMCCCXV
DCCCLXXI
816
2865
MMMCCCLXXVII
MMMCCX
DCCCXXIV
682
1438
3680
DCCCXXVIII
2681
MMMCCXLIII
3025
CDLV
2402
2348
MDCCCLVIII
1039
2283
3515
2089
MMCCXXVII
MDLXXV
3616
MDLXXIII
186
MMCMLXXV
2659
MCMLXIII
MCCXIX
CCLXXXV
1602
MMCXL
3330
MMDXVIII
3537
697
1304
42
1889
2952
MDCXXXIV
MMDCXIII
CCCXXI
MMMDXXVIII
2337
514
MMCDXCI
DCCCLVI
MMMCCXCV
2636
CII
MMMCMXVIII
MMCLVII
MMDCXVII
CDXXIV
1293
2158
3410
MDVIII
2607
1950
2344
MMCCCLXIX
2395
MDCCCLXVII
MMCCXC
765
MMMCLXXXVII
791
MDXCVI
MMDCCLXXXIII
2565
3588
3001
MCCLIV
1483
2846
2957
478
3650
3151
MMCCCLII
MMMDLXXXVIII
CCLXXXVIII
MMCCXVI
MMMCMLVI
MDCCCXXVI
2948
3688
MMCDLXVII
MDCCLV
51
3463
DCCLX
MDCCLXVII
3110
1889
2961
2995
MMMDCLXIV
MMMCCCXLV
122
3122
2604
MMDCCXLV
MMCCXCIV
2719
3524
3471
3260
1370
CCLXXXV
1082
CDXXXV
935
1758
2162
MCDLV
678
CCCXIV
MMCMXXIX
1326
2315
2710
457
MMCCXXII
3773
358
CLXIV
MMDCCXLI
MDCXCVIII
1095
MCLXXXVI
CCCXXIII
109
MDCLXXIV
MLX
220
522
CDLII
289
724
XCIX
DV
497
1785
1546
MMMDCVI
MMMLXXXVIII
2153
MMDCCCXCIX
445
520
1305
DCXLIX
MCCLVI
3821
1165
2418
514
CCLXXVII
CMLXII
MMVIII
MMCMLXIII
MMMDCXL
MMMCCCLXXIX
MMMCXCI
MMMDCXXIX
MMMLVI
2570
MMXIII
CCXXXV
MMMCMXLIV
1161
1937
3619
DLIII
MMCLXVIII
MMMLXXIV
3640
MMMDCCXXXVIII
1317
MMXII
MCLXXXIII
MDVI
1276
114
820
MMDLXV
MMDCLV
MDCCCXXV
2645
MMMCCLX
MMMCLI
MMCMLXVII
MMDCCCXCIII
MMDCL
MCXLI
3336
MCCXCI
MMCCLIII
348
MMMDCCCLXXIII
3299
2531
MDCCLXXIX
2174
MMDCXLIV
1965
1402
1139
162
3536
MDCCLXV
CXCIX
1120
MMMDCCXLII
2969
MDCCXXXII
MMMLXIII
615
1787
378
MMMCCCIX
594
1033
486
478
MMMCCCLIV
MMMCDVI
CCCXXIV
805
MMDCXLVI
CCCLXXXIX
MDLXVII
3477
832
MDCCCLXXXIII
CLXXXI
3361
MMMDCLVI
MDCCXLIX
MMDCLXXI
487
MMLXXVI
3058
911
3391
1148
CXLIV
2579
111
MMDCCLXV
MLXVII
1929
MMCDVI
645
CLXXII
MMDCXVI
MMMLXII
MDCCXXX
MMDCCCXLVIII
CCLXI
MMCLXIX
CCCXXIII
MXXXIII
999
2447
519
1458
MMCDLXXXVIII
MMCLXXVI
I
2098
1167
3272
DCCCLXXXIV
2105
3308
1754
3038
2740
MCCII
1381
CCXXIII
MCXCVII
1533
CMLII
MDCXXXV
2450
MCCCLXXVI
3060
MMMCDXII
1780
3453
DII
MMMDCCX
MMMCCCLXVIII
1030
MMMCMXXXVIII
239
MCXII
1366
3316
MMMCDXCVIII
3840
807
MMDLXV
MMMDCLXXI
3828
3778
1945
MMCMXXX
2670
MMMDCCXXXVIII
MCMLXVII
3468
1550
3035
MCMXV
MMMCCXCIX
MMMDCCLXXXVI
1092
3467
MMMDVII
CXCV
2134
MMCMLI
1202
CDIII
2853
MMDCCCXCVI
1100
MMCXLIX
CMLXXV
2619
560
745
MMDCLXV
CCCXVIII
2042
1203
MMMDCCLXXXIV
3319
1784
CCLXXIV
MCDLVI
836
MDCCCXXVII
MDCCLXXXV
3639
CLXXVI
2741
439
1718
1913
DXXII
MMMXXI
MMDCLXIV
MMCMLXVIII
MDC
1529
DXLII
144
852
MDCCCXIII
CDLX
2079
2866
MMDCXLV
568
DCCCLVIII
3427
MDCCLXVII
MMMDLIII
3382
MDCLXXXIV
MCCCLIII
MCCCLIX
2956
MMCCXCVI
3653
MMMCCCXV
1906
980
MMCDXXXV
MMMCLXXI
2873
304
2652
3006
2513
668
MDCCCLXII
MCMXCI
MMMDCCV
MDXXVII
1671
813
MCCLXXVIII
1225
CDLXVII
1050
3539
1857
300
MDCCCXXII
MMCDLVI
3635
CXXXIX
1943
MMMDLXXI
DCCLXV
MMMCCLVI
73
MMDCCCLII
MMCCLXXXVIII
2682
3940
3694
1207
MMCCXV
2016
MMCCCLVIII
MDCCCXLV
MXCVI
MCDXVII
2947
MMMCMII
DCCCLXXVIII
943
303
MMCCCXLIX
3343
2660
CMLXVIII
MMDCCCLXXXIII
3687
2367
XIX
1843
MMMDCCCLXXVI
3001
CCC
703
MCMXXXVIII
75
MMMCXXIII
392
MMCCCXXXI
MLXXXI
2114
2487
440
273
MMMDXXXIII
1343
MMMDLV
MDCCCLXIV
CLXVIII
3467
MMMCDVII
MMDCCLXXVI
DCCCLXXV
668
41
MMMCDLI
MMDCCLXXXI
CLVII
1309
3468
1742
3169
2344
DCCCXIII
2984
MCCCLXIX
2644
MMCMXCVI
DCXL
XXII
MLXXXIII
CXIV
2102
MMMCCCXL
MMMDCVIII
MCCXXVII
436
3249
MMXXXIV
MMMCCCXLIV
MMDLI
458
3596
3005
1713
CDLXIV
CCCXLVI
MDXXXIX
1466
3747
CDXLVI
MMMDLII
MDCLXIII
MMMCCXC
CLXXX
929
1305
1115
2148
195
MMDC
1093
3377
MMMCMLXXXVIII
3296
1217
MMMCLXXXIII
3115
MCDLXXVI
3471
MCLXIII
MMMDCCXXIX
MDLII
MVII
MMMDCCLXXIV
1995
MCMLVI
341
DCLVIII
DCCCXXXIII
MMDCCCXXXII
MCCXVII
1673
CXXXVIII
CCCXLVII
MMDCCLXXIX
MMXVII
MCXXIV
MMMDCCXVI
3076
MMMCCLXXXI
1076
MMMCCC
356
MMMDCCCL
3756
XXII
3782
1572
MLIII
1836
3796
122
3284
2125
3840
1861
1503
DLXII
2686
MMDCXVIII
342
MMMCMXLIX
534
MMDCLXXII
MMDCCCIV
DCXXXI
DCCCLXXXI
222
1277
CCCXLII
MMCDLXXII
580
2435
MMMCCCVIII
MMCXVII
DCCXC
MDXLV
203
CMV
MMDXXXVII
3367
3428
MMCMVIII
1893
536
MCMLX
MMDLXXXVI
DCCLXVIII
MDCCLII
MCCLII
780
MDVIII
3008
1133
MMMDLXXXIV
MCCXIII
3710
805
3546
MCCLII
MMMDCCCLXIV
2365
1537
2914
DLXXXIV
3198
MMMCDLV
MMMCMLIII
1479
845
MMMCMXC
1568
3721
1183
2142
3973
MMMCDXXXIX
DCXXIII
2580
MMMCCCVIII
MMDCCVII
MMMCCXXVI
CCCXLII
199
MMMCCCX
2471
MCXVII
3919
3816
2576
MMDCCLV
301
497
MMMCDVI
1725
MMMCMVIII
3790
DCCXXI
MCXXXVI
1738
MMCDXCIII
3678
MMMCXLV
MCCXCV
MMMCCXXIV
2306
3333
CMLXXV
184
2511
387
MMDCCCLXXII
MCMXXXVI
CLXXXVI
2123
3768
CMVIII
MMMCLXXI
MMMDCLVII
MDCXXVIII
MMMDCCCLIV
2762
MMDCCCXCIII
CDXLVIII
344
1586
MDCCXCVI
MMCCCLXXI
20
1922
MMCCCLVI
MMCDXLIX
MMMDXI
MCCCXXXVI
MCCCXVI
CDLXXI
1591
1637
DCX
1114
3525
1054
MMMCDXCIII
DCCCLXXX
2391
MCCCLIV
3466
MMCCCXXXIX
MMMCCCXXXIII
1818
1782
DCCXL
DCCXLVIII
543
3279
MDCXCIII
1869
481
MMDCCCXXXIII
MCCXXXIX
459
MCVII
LV
2324
3206
DL
1610
MMCXXXIII
CDLXXVIII
MMCMXXVII
168
MDCCCLVII
976
1873
MXCIX
3952
954
1206
1521
386
DXXVIII
MMMDCIII
1928
DCCCXLI
1390
MCXCVI
MMDCXXXII
1782
3213
MMMDCCLI
1362
3552
2812
1091
2809
3319
MMDCCCV
MMCDXLII
1099
MMCMXLIII
DCCCIX
1416
MDCCCXCVI
1957
1672
3274
3908
DCCCLXXVI
2635
MMMCCCLVIII
MMMDLV
2017
MMMDCCCLIV
MMMDCCXLVIII
1016
MMCCXLI
928
MMDCXX
DCLXXXIX
2248
774
DCXXXIV
2645
433
DCCCXCIV
3754
2790
MDCCCXXXIX
MDCLI
2186
MMDCCLVI
MDCCCXCV
3112
XCV
MMMDCXCIX
CCVII
989
VIII
CLXXXII
MCCCXCIX
DCCCXCIX
3702
MCMLIII
99
MMCCCLXV
DCCCIII
3759
MMMCDXII
12
978
1449
DCCXXVI
2608
3172
12
2173
366
MMMCMXXVIII
1206
3953
3647
DCCII
221
3955
MMCXCI
MMMDCXXXI
MMDCCLXXXII
3975
1152
DCCCXXII
857
MMDCCLXXIII
CMXIX
1384
DXI
MMMCCCLXXVII
MXLIV
DCCXV
MMMDVI
MMCCCXXXV
XXII
DCCCLXVII
MDCXXXI
1842
CCCXCV
1292
MCCXCIII
1950
3367
1224
3628
MMDCLXVIII
MXLIX
995
CCCLXXIV
MMDCCCLXVI
MCCXXXIV
MMDCCXXVII
3242
3404
MMMDCLIII
972
1157
1701
3383
795
XX
MCCXXXV
2350
3704
2794
3144
MM
438
MMDCXCVIII
352
1247
MMMCLXV
3678
MMDCCXX
DCCCXXIII
MDCCLVII
656
DCCLXI
CDVI
1577
CCLXXXIX
620
MMCCIII
3903
MMCMXXXI
156
MDCLXXXIX
MDCLXXIII
3952
MMCCCXXIV
1516
3846
3277
CXCIX
MMMDCXXXIV
548
MDCCCXXX
2774
1782
MMMCMXVIII
1140
MMDCCXCVIII
MMCDXCI
475
3487
MMCDLXXX
3232
MMMDCCCXCVII
MDCCXXVI
CCLXXXIII
229
DXCVIII
MMCLXXIV
CCCXCV
2308
MCXXXVII
MMCCCLXXXIX
2022
2785
905
3104
3861
MMMXLVI
1904
3805
MMMCMXXXIV
2517
MMMDCCCXII
MCMLXIII
MDII
2237
MDCCXCIII
1913
2572
3519
MCCCXXIII
MMDXV
3304
CDLXIII
MMMLX
MDCL
1992
923
1490
2200
3673
MCCXI
DCCXLI
1384
3144
391
322
2128
1367
MCCCLXXV
1625
861
1503
MMDXXIX
3214
MDCLXXV
483
2546
2338
2130
MMMCCL
MMCV
MMMCXXIII
MMLXXVIII
1205
MMDCCXLVI
2192
644
812
MMCC
3537
2249
MMCXXVII
MMDCLIV
MMDCCCLXXVII
170
527
23
3322
MMMCCCLXI
117
285
2907
MMMCCXCII
MMMCCIII
952
MMII
1201
1185
CMXV
3669
3193
1395
1219
2250
CCXVI
1369
2815
3471
2378
CDLVI
MMDCCLXXXIV
3048
MCMI
CCLIV
1404
CMXLV
DCCCLXXIV
CCXXXV
MMMDCCXII
MMMCCC
1171
2555
1826
2020
2740
391
363
2651
MLVI
1759
1544
XLII
MMMDXXIV
1595
MMCXLVI
MCCXC
CCCXIII
MDCLVII
2924
3726
MDCXIV
MCCXXIII
3793
797
MLXXXVI
843
MMLXXXI
CDVIII
2024
DCCLXVII
MMMLXXIV
XCV
1012
MMMCMLIV
410
458
3111
CCCLXXVIII
1782
MMMCMLXXIII
MMCMXXXIX
MCDXVII
2543
3226
MMMCCXLI
MCCXXXV
2697
3323
MMCCCXLV
MCDXCI
3853
2413
2763
157
DCXLVIII
2419
2530
722
MCMXXXVII
CCXIV
DCCXXXV
89
MMMCCXXII
3253
MMMCMXCV
DCCLVIII
DLXXI
MMMDCCCXCVII
104
474
3419
MMCCCLXXXVIII
1335
2509
2681
2446
MMCCLXXVI
MCCLXVII
3864
MCDLXXXVI
MCXXXIV
MMMCCCXLVI
3039
CXLVII
3124
MCXLII
CD
2843
3516
617
MDCCL
CXIX
2756
2459
MMMDCCXXXII
2947
1943
1552
MDXXXIII
1775
3423
MMMDCCLXXXIX
MDCCXLVI
1626
3647
162
MCCCXLI
MMCMXXIII
MMCMXXIII
3805
3211
44
CMIII
3243
1604
MCXXXIII
MMMDCXCV
MCXXIX
LXIX
2350
DCCCV
232
1668
1851
MMCCLXXVII
2626
1032
489
MCML
3035
2759
1162
1493
708
3970
MMMCMXXX
MCDLXXVII
1541
CDLVI
2278
CCXLVIII
MCCXXVII
1593
DCCCV
907
2280
3554
3315
3710
3579
2376
MCCCXCI
MMMLXX
630
MMDCXXXII
DXIX
DCIV
MMCMLXXVII
2045
MMCMLXXVII
3090
MMMDCCXXI
1257
CCCLXXI
2915
2808
MMMCMXLIV
3491
CXCIV
MCIII
MMCXLII
2765
CCCIII
841
XCIV
1959
CCCLXVI
2147
MCCXLII
CCCLXXXIII
DCCLXXXIV
2533
1635
DCCLVI
CXCVII
2896
MMCCLIII
MMMDXXVIII
3249
1904
2339
1616
CMLXXXIII
MCLIII
3003
CCXXXV
MMCDLVII
3711
MMCCLXXVI
DCCLXXXIX
MMMCMLXI
1964
MMDCXIV
801
MDCXXI
1558
462
1094
1300
3067
371
1976
3512
3411
1444
DCCCXXXI
CCCXXXVII
286
MMMCCLXXXIX
MMDCCCXIX
MMMCMLXXXIII
2469
MMCCCXCIX
MMDCCCLIII
3040
428
MMCCCXX
MMMCCLXVII
2725
MMCDXLIII
2240
MCCCXI
1178
1721
MMMDCCCLVIII
MMMLXXIII
2987
CXLII
3282
1573
2844
1636
2769
MMDCLVI
MMMCCXLV
757
XCV
MMCMXXXII
2291
MMMCIX
MMMCCLXIX
MCMXXXVIII
CXLIX
CCXCIV
3525
1516
2748
MCCCXLII
MMMCDLVIII
MMMCLXXXII
1703
1701
2318
241
2658
MDCCXC
2426
2532
3111
785
MMCCLI
2727
MMCMXL
2926
2845
2079
DLXXXIII
936
MMMDXV
MMMCCLIX
MDCCXC
3581
CMLXXII
865
MMMDXCII
1509
1845
317
MCXXXVI
1431
CDLVI
MMMCCLIV
DCCCXXXIX
2192
1610
MMCCLVIII
MMMCLXVI
MCDLXXI
CCXIV
3781
MMCCXIII
1816
1315
MCDLXI
3864
1892
2015
572
3870
3556
MMMCMXV
3276
CCCXLVI
1163
CMXXXI
MMDCCLXIV
MCDLXXXII
840
MMCMLXV
MMMCXX
1685
1247
1842
MMMCXXXVII
MMDCCCXXXI
3895
2265
MDCCCIX
2107
66
644
1092
80
MMDXCIX
1781
1912
2008
MCLXXXIX
1006
MMDXXXI
1236
1908
1454
MXCII
507
MMMDCCCIX
3246
2012
CMLXXII
1965
3638
3535
MMCCCXLI
2308
MMCXXVIII
MMD
MMMCDXCVII
881
CDXXXII
2313
MMCCCLXXXVII
651
1517
139
3425
3904
MMMDLVII
MMMDCXLI
1867
364
3257
1542
529
1975
CDXLIX
MMMCLXXIX
310
MMMCXLIII
MMCCCXXXV
MMCMLXXXI
MMCDXLVI
MMCMLVIII
MMCDXXVII
MMCDVIII
3658
2635
MMMCCXLVI
MMCCCII
2149
2017
MMMDCCCXI
MCI
3928
3756
1768
MMC
2934
167
2882
CDXLIV
MMDLV
MDCCLXXVII
302
MCCCXXX
328
1831
2796
MMDLVIII
CLXII
780
CDXCVI
3440
MMMCDXXII
3925
MMMCCXL
MMMCXXVI
MMMDCCCLXXVIII
1291
2968
1847
1678
1145
3026
3535
MCDLI
218
1411
MMMDXL
MMCDLIII
MMDCCV
2123
MMMCCLXXIII
MDCXIII
MMMCXCIV
MCCCLIV
MMMCCLXVIII
3871
CCCXXXII
938
DCCCXIV
CDLXXXIII
MMCXLVII
MCCLII
MMCMXCIV
DCCCLI
1296
1239
2062
682
1766
1114
CDXC
MMMCCXLVII
DCXXXI
MMCDLI
MMCDLXXXVII
705
415
MMCMXXX
84
CCXLVIII
816
MMCMXIII
DCCXLIII
MCDLXXXVI
3125
305
3963
3033
2054
931
2751
1026
MCCCVIII
3789
MMDCCCLXX
251
1371
1097
1459
3708
DCCXCVII
738
MCI
1171
MMDCCCXLVIII
3770
CCCXVI
3296
3930
XXXVIII
2408
XXII
MMMCCCLIII
MCM
150
MDCCXXI
MCLV
1563
2508
DCCCI
2610
DCLXXXIII
806
2314
3159
CCCIV
MMCLXX
3718
76
1395
1539
MMMDCCCL
MMDLXXVIII
CXXXVII
1690
DCCXCVIII
MMMDXIV
MCLXX
1223
3669
MDXLVIII
1330
1187
398
470
1646
MMMCDXCI
1997
LXXXIII
MMMCLVIII
1939
1532
LXX
CCXXIX
MMDCVII
MXXV
3337
2582
MMCLXIV
194
MMDCCLXVI
CCCLXXXVIII
MMCMXCIX
677
MMDL
DCLVI
25
2026
LXXIV
MMDXCVIII
2681
3284
CMXVIII
1107
2761
MMMDCLXXXII
MCDLII
987
MDCCCLXXXIV
MMCCXXXIX
1777
178
3985
2131
MCCXCVII
MMMCCV
1234
MMDCCCX
MCCLI
1148
MMMXLIII
MMMCXL
1215
MMDCXLVIII
1403
MMCCCLXXI
MMCCCVII
1192
3029
1964
MMMDCLXXXIX
458
599
MMMCMLXXXIX
MMDCCCXXXIX
CMLII
MMMDXXI
MMMCMXLV
MMDCCCXXXVII
3488
MMCMLXXXIV
MMMCLVII
MMDLXXV
1776
2846
2662
2289
MMMLVIII
MMCLXXXVI
2552
MMCCCVIII
3951
468
CXXXIV
MMMDLXXI
MMDCCCXLVIII
MMMLXXIX
MMCXI
1257
3862
2519
3066
135
DCLXXXVI
MDXCVII
MMMDCXCIX
3163
MMMCMXVIII
2607
MMXVII
MMMXXXII
CDXLIV
3190
MMMCXXXVI
267
1338
MCMLVIII
MMCDLXXIV
3885
MDCXLIII
1704
942
3919
2561
623
MDCCIX
MDCXCI
MMDC
MCDLXVI
MMDCXXXV
CDXVII
MMMDCXLV
MCCXVI
MDCCLI
MMCMXXXV
MMCXXXI
MMIV
LXXIX
MCMLXXXV
1272
1802
CI
CDXIX
745
MMMDCXXXIII
3298
74
MMMXCIX
CM
MCXLVI
LXXXI
CCCXLVI
1353
3607
MMDCLXXIV
1736
MCMLXIV
2711
MMDCLXXXIX
2914
MDCCCXII
2738
MCXL
MMMLX
CCXX
MXXX
MMCLX
CDLIX
2334
MMCCXXVI
MDCCIV
MMDCCCXX
MMCDXLII
2386
MMCCXXV
CI
CCCXXIV
DLXXXI
44
MIX
MMCCCXXVI
2216
CLXXIX
389
1902
MMMCMXCII
3827
1489
MMCXLVII
118
1133
195
3275
840
2898
MMDXIV
MMMCLXXXVIII
DCCCLII
1378
DCXVI
MMCCXLVII
LXV
MCMXCIX
1607
2434
179
854
2139
MMDCCLXXI
1999
MCMI
2794
400
MMXXIX
896
515
3148
1901
MMDCCCXXVI
1523
1492
2771
MMMCLXIX
CCXXVIII
MMMCLXVII
MMMCMXLIX
2074
1528
132
DCCLXX
1772
3891
MCLXV
3866
CCXLVI
3452
MMMDLXXVIII
MMMCCLXXXIV
2062
709
CDXI
MMDCCXIII
280
3852
796
CXXIX
599
1943
818
331
3366
2819
MDXVIII
336
MMCMVIII
771
3251
MCLVIII
MIV
MMCDXLVIII
1840
2878
688
26
3800
814
462
CCCXXXII
MMMDCCXLIX
CMLVII
2076
MCDLXXXVI
564
681
185
DCCXXXVIII
XLVII
81
MMMDLXXV
2302
MMCCL
3914
878
MCCCLI
3476
MMCMXXX
1807
1141
DCXLV
MMDCCXLV
MMCCXXXIII
MDLIV
1272
817
2489
2962
MDLXXXIII
MCDI
MMMCMXLVII
1353
MMMDCLXXXIII
MDCCLXXXI
MMMCXI
MMCCLXXXIX
MCLXXII
3081
DXCII
MMCCII
3417
MDCLXVIII
2829
CCLXXVII
DCLXIV
MDCCLXV
2635
3767
1118
CXIX
2932
3283
CMLXV
CCCXVIII
MCMLXXXII
1185
MMMCXIV
1280
MDCCLXXIX
3954
MMMCCXL
1059
MMMDCCCXLVII
1255
859
DXXIV
3692
CDVII
3692
1632
513
2168
3228
MDXXVIII
DCCIV
72
CCLX
MMCMXXXIII
MCXXXIV
1503
517
2528
3199
3727
326
3188
MMLXXI
1933
3688
MXCI
716
MMMCCLXX
MDLV
2505
1280
2634
1533
MMDL
MMMLVI
MMCDXLIII
MMCDLXXXV
3550
MMCXLVIII
MMDLXXXI
1713
CLIX
MMMDCXLIII
MMDCCCLXXXIX
786
MMCCLXV
MMCCCXXXVII
3061
MCLXXXV
2014
2627
MMMDCCXCVII
238
1802
2840
MCCLXXXIX
MMMCDXCII
MMDCXXVIII
1494
IV
663
DXCVIII
CCCLXVII
2220
MMDCLVI
MDCXIII
289
2782
1719
MMMCDXVI
3383
MMMCCCL
2076
1663
MMCMXXXIV
3158
MMDCLXII
DXCVIII
MXCI
MMCXCIX
2097
2868
MMCDLXXV
MDCXLVII
3191
1994
DCLXXXVII
DCC
1817
DCCXXXIII
MMMCDXLV
MMMCXCIV
MCCXXXI
202
MDXXI
3446
MCLX
MMMDCXXIV
515
MMMXLII
MMCXIX
MMMDCCCXXXVIII
3321
MCCLVII
MMLXXXVIII
3614
3214
MDCXI
198
2838
2023
1903
DCCLXXI
MMCCCXC
MCLXI
MMDXXIV
97
473
MDCCLIV
MCCXCIV
MDCCLXXVII
MMMDCCLXXIII
DCCXVII
3834
2383
1509
MMMDCCCXIV
1337
CMIII
3643
MMCDLXXXIII
2767
MMDCCCLXXIV
MCMLVIII
2575
1870
MMMLXX
MCLXXXIII
MCCCLXVI
MDCCCLXXXIV
MXXVI
649
MMMCMLXXXVI
1978
1473
894
3851
MMCDXXXV
694
1823
MMMCCXXIX
MMCCCXI
MMDCXXXIII
359
MMMCCCXV
MCMLXXXV
3924
1379
MMDCLXXXII
MMCCCXLIII
3671
712
CMXLVIII
92
MMCMXCVII
3440
CDXXII
1695
2616
MDIII
3624
1315
1082
MMCXV
3002
354
MDCCXIX
MMMDCCCX
735
1509
MMMLVIII
2103
3545
MCCXXVI
MMCCLXVII
793
2291
MMMDCLXXXIV
3187
3966
MDCLXXI
MMMDCXLIX
821
MCMXLVIII
3847
2384
MMMDCXCVI
MMMDLXXIV
MDXXXI
MDCCXCVII
2927
MMCMXXXIII
114
MMMDXII
3970
557
2822
MLXI
3662
252
MCMXVI
3655
DCCLXXIV
MMMDCXLI
MMMDCCXLIV
MDCLII
MDCCCVIII
3867
3979
2288
2024
3131
CDLXIII
513
MCDXXXIV
MI
323
MDCCLIX
MMXXXII
XXV
CMXX
1864
MMMCIX
MDXCIV
421
MMCMI
MMXXXVIII
347
2879
MCXVI
3343
CMXC
207
2093
3694
2370
MMCCCLXXVII
2753
MMMCCLXXIII
1044
MCCCLXXIX
105
MDCCLXVIII
3683
2079
CXXXVII
2499
65
MMDCCXXVIII
MMMCLXVII
2082
2628
1451
MMMDC
984
853
3944
254
MMCMLXXXII
33
MMDCXCIX
2157
CVI
3318
MMMDCXVIII
MMMDCCXIII
MMCXIII
1078
MMCCCXI
2794
CLXIX
MMMDXXXV
309
2676
527
MCCXCII
MMMDCCLXII
2252
CCLXIX
MMCCCLVII
2520
MMCDLXXX
CXI
CLXVI
3007
2321
716
MDCCXXVI
801
MMMCXXXVIII
MMCCXXVII
2189
MDCII
1807
3165
MXXXI
2379
MMDCCXXV
MMDXL
848
CCCLXI
MIV
1917
MMCMLXXIV
MMCXX
CDXCVI
CL
3886
MMCCLXXXIII
487
MCXXXIII
CMLXXXIX
MMCDLXXVI
1309
1757
MCCXLVIII
MMMDCLXXIX
91
2808
3610
MDLXXV
MMMCXLVII
171
MDXIII
MMDCCCXIV
1581
CXCIV
MMMCDXLII
MMCDXXV
1153
2458
MCDLI
CCCXXIX
MCMXCVI
3179
MMCCLXVI
MMDCLXIX
3168
MMMDCCCLXXXIX
MMMDCCCXCIX
MMMCXLIX
1352
CMII
MMCCCLXXVII
MMCDXCIV
3622
3170
254
3034
MCCLVI
503
1695
1290
3684
2658
MMMDCCL
2850
MMCCXX
MMCMXLV
MMDCXVI
MMMCCXXIX
900
CCXXXI
MMMCCCLXXXV
3309
MXLVII
1623
2935
1283
1215
49
MDXCVII
CMXVIII
2782
MMDCCXCII
MMMCLXV
2360
1841
MMCLX
3350
MMMCCCXVI
MMDLIII
MMMCMXLIII
2266
MDCCIII
2034
3030
861
3484
MCMXVI
MMCVI
2845
MDCCXX
3531
MCMVIII
3079
3492
1170
2497
CDXCVII
2599
MMMDCCLXXII
2942
3987
MDCCLIX
360
1481
632
237
2141
DLXXVI
93
199
3347
3181
2204
2830
MCCCLXXII
3798
CMLXII
3126
CMLXV
MMMCDXCV
1842
MCVIII
CXCVIII
481
1091
MDCCCLX
MMCMXCIII
MDXVII
MDXII
1153
DX
MMMCCCLXVII
1099
MMCMXLII
MCMLXXI
MCMXLII
MMCXXXVIII
MMMDXCIX
3896
MDCLXXX
896
MMDXLI
MCXIX
1034
909
79
1394
MMDIII
MMMCMXXVIII
2963
1494
DCXIII
2854
MMCCCXXVII
MCDXC
2464
MCCIII
DCCLXXII
MMMCXCIV
MMMCDXVI
MMDCCLXVII
3302
1343
2657
1677
1752
604
1913
MDCCCXLI
DCCCXII
501
DLXVI
457
MCMIII
MMCDXCVI
1893
MDCCCXXXII
MDCCCLXXXV
DXXIX
CCCXX
881
MDCCCII
MCMXLVIII
DXVI
3266
3510
2059
MDCXCV
MMDCCLXXIII
1834
CCCXCII
MMMDCCIX
2462
2643
MDCCXXIV
479
2320
3830
1856
MMCCCXVIII
1050
2785
1550
MMDCCCVI
1226
MMMDCCCXXVIII
994
1318
MMMCCCXLI
XXXII
21
MMMCCC
3923
2057
MMMCXLVII
XXXV
MCCCXXXVII
MDXVI
DXCIX
2331
MMMCCCXLI
514
MMMLIII
1782
CXVII
1104
326
MCLXXIX
1894
984
MMDCCXXIII
MMMDCCXXVI
MMDCLI
MMMDCCCLIII
MMLI
3850
CMXVI
3339
814
2294
MDCXLVIII
MMCCCXL
DCCXCI
MMMLVIII
2312
1343
1280
2441
MMMDCCIV
562
DCXCII
2035
2495
1025
1721
1507
MMMXV
MMDCXXII
2910
MMDCXCVII
980
DLXXV
2528
MMMDCXXXIX
1698
3856
3703
MCCLXVIII
1740
MI
MDCCCXVI
3823
CXCI
MDLXX
MDVII
CDXC
1457
105
102
MMCLXXVII
1830
MMMCCLVII
MMCCCIX
2904
MMMLXIX
MMMCDLIX
3550
MMMDCCCLXXI
528
MMMCDXCI
MMMCMXXIX
MMCLI
3135
MCCXXI
MDCCXIII
1192
3859
MMMCCCLXXV
MMCCCLXIX
3764
481
603
2762
822
MCDLXXXII
MMDCCCXXII
695
442
983
2611
1071
341
925
591
MMMCDLI
MCXLIV
2012
MDXCIX
1468
MMMDCXLV
2431
MMMDXXXVII
3560
MMMCCCXCII
MCCXIX
561
MMMCMLXI
MMMXVII
396
MDCCXL
1148
1472
DCL
DCCCXLVI
1567
589
3745
MMMDCCCXXIV
MCCCXL
DCCCXCII
2715
MMMCLXIII
MMMCMLVIII
3753
CLXXIX
MMMDXLI
MMDCXLVIII
MMMCCLV
MMMCLXIII
CDXXI
MMMDCLXXVI
MDXLVI
CDXXII
MMCXXXVIII
2045
CDXXXVI
385
2064
MMDCXXXI
MXL
MMDCCCXXV
MMXXXVII
MVI
2982
2420
MMLXXXIV
MMMCCXXII
1643
500
CXCIII
DCLXXXII
3238
94
30
DCCXX
MMCDVII
362
1818
CMLXV
MCDLIV
CDLIX
MMDCXLIV
MMMXII
MMDXXX
582
MMMCXXX
186
MCCXLVII
MCCCXXX
MMCDXCVI
MMMDXXVI
2264
3104
DCCXCVI
2069
MMCCCLXXXIX
MMDLXXXVI
1146
719
MMMCCCXLVII
MMDCCLXIII
1778
906
DCCLXXXV
3852
MMMXCIII
CDXLV
2314
MMCCCLXXX
MCCXXXVII
1923
DLXII
836
666
2754
3826
621
MCCXLVI
MCDLXI
MDCCXCI
2493
MCCX
MMDCCCXXVIII
MMCMLXXI
3384
1923
111
415
DCCI
MCVIII
360
1045
MMDCLXXV
1909
2056
CLXXIII
230
MMMCXLIII
2927
3609
1826
1887
414
MMMCCLIV
II
CDLXXXIX
3883
MMMDLXXXII
3812
1243
MMDCCCXCIV
DXXXIV
MMCCCV
3504
CCCXVI
3967
576
2940
MMMCCLVIII
3258
MCMXXIV
CCCXLVI
MMCDXCV
MMCDXXXVI
MCLXXXVIII
DCCLXXVIII
MMMCDXXXVII
3327
102
MMCXCIX
673
2506
MDCCXXVI
MMLXXVIII
3823
1314
DXXIX
1226
853
MMCLXIII
DCCXIX
1521
DLXXIX
MMMCLXIII
36
MMDCXLII
2787
MMCLXV
DCCXLVI
MMDCLXIV
2306
MMDLXXXI
1756
MDCXXII
2754
3478
DCII
306
3986
MDCLXIII
MMMCCCLXXVII
CDLXIV
MMMDCXLVI
CCCXLV
783
DCLXXIX
3440
2616
MMDLXIX
LXXVII
MCCCXLVII
CCCXL
3762
1983
MDCXXVII
MMCCCLXIV
CCCLXXXVII
DII
1826
CDV
DCXXVII
2739
3227
CCXVII
MMCMXCVI
MMCCCXLI
MMCDLXXI
3056
MMDCXVIII
2976
DCLXXXIII
DXXII
401
MMCDXIII
MCCXXXVI
MMMCCLXIX
2069
MDXXI
MCCLXXVI
MCCCXXX
DCCCXXXI
3401
836
18
2445
3407
2509
3774
923
MMMXXXIV
1609
2497
791
17
CCLV
1884
1084
2881
MMDCCCXXXVII
1172
CXXXIV
3707
40
MMCCXXXII
MMCCCXLII
1745
CCXVI
1129
MMMCMLXIV
1968
MMMCCC
MMMCDXXXIX
MDCCCXLIV
1272
2842
MMMXXX
1498
3518
MMMDV
1126
2436
DCCCLII
MMDCXXIX
CLXII
MXLII
130
MDCLXXIII
CDXVII
3185
MMMCLXXX
3253
1288
MMCDLXXV
DCXXXV
2981
1017
MDCCCLIV
MMMLXXV
MDCCXXVIII
1083
MCCXXXI
CML
2925
2210
MLXV
MMMDLXXVII
CDLXIV
3941
MMDCCCLXXII
2247
742
648
2297
527
1977
MMMCDXLVI
804
396
54
901
3960
MMMCLXXVII
XLV
3212
1290
1173
MDLXVII
MMDCCCXC
3181
DCCXXXIII
MMMCCXLVII
DCCLV
2105
241
3550
DXX
823
MMCLVII
CCXXXIX
985
MMMDCCCXXIX
649
2546
MMDCCIV
MMDCLIX
752
2130
816
DXXXIII
DC
1394
CMLIII
MMMCCCII
914
1540
MCMXII
3414
3323
XXXIV
III
CVIII
712
3378
1545
MMDCCCLXXXV
MCDLXXXI
MMMCXXVI
698
MMCCXCV
3820
MXXXVIII
3895
MMMDCCLXXXIII
1892
1123
MMCDXXV
2078
MMCMXLIII
607
MMCDXIV
DLXV
705
MCDLXXXII
3763
CCCXLV
MDLXXXII
MMMDCXCVIII
569
1842
401
MMCMXXIV
3269
MMMDXI
3605
2557
2155
MDCCCLXXX
MMMDCCLXXII
3635
781
MCMXII
MCCCLXVII
MMMXLI
MCCCLXXXVIII
2082
604
MCCCLXXX
MMMCXCI
2186
MMDCXXIII
MMMCMLXVI
3222
2036
1596
MMMDCCXIV
3174
MCCLXIX
1350
MCMLXXXVII
MMCCXX
789
MDCLVIII
3636
2927
2360
3776
MMCCXIII
MMCCCLXXVII
1191
MMMDCC
1665
MMMCCXXIV
CV
388
MDCCCLIV
703
3597
MCCXXIX
MMCCLXXXIX
704
MMMDXXIII
2564
3831
1622
MCCLXIX
DCLXXXIX
MDCXXXII
1464
MMCXXIX
1983
1761
MMMDCCXCVIII
871
328
3837
3059
MMMCMXXXIV
2902
248
MMDLIX
2838
MMLXI
MMDCCCLXXXI
MMDCCCLXXVI
MMCCXCVII
569
MDCCCXXXVI
MMDCCCXII
MXXVII
CCXXXIII
MCDXCI
1813
DXVIII
1939
2778
MMMCMXXIII
MCDXCI
MDV
MMCLXVIII
MMMCMVIII
MMMCXCIII
1645
MMMCMLII
MDCCCLXIII
3496
3111
1677
MCMXXXVIII
3
1808
MCMLIII
3672
3727
MMCCXI
2068
2433
1115
852
MMCXXXV
MMMCLXXXVII
MMCXXII
MMCCXCIII
XXXIV
MMCMLXI
MMDXIV
3774
DCCCXVI
2580
3769
1593
1384
2283
293
932
CCCLXVIII
DCCXCIX
MCXLI
1420
1680
MMMDLXIII
MXXVII
1726
VII
1422
MDCCCXXIX
MDCCCLXXXIX
1545
1599
517
1351
3762
MCLVI
3652
MMCDXCVII
245
3296
MMMCMLIV
447
MDCCLXXXV
2745
2972
MMMCCLXXXVI
2140
2377
2594
MMMDCCXXVI
1473
MMMXLIX
1497
MMMDCCXXV
MMMDCLXI
917
1755
1259
701
1939
778
2275
MMCXCII
483
3279
MMMDCCXLV
1529
822
MMCCVI
3017
MMMCMLVII
3800
792
837
DCCXCV
1881
CMXLV
1266
2943
MMMCLXXIII
3123
MCCCLXXXVIII
1478
DCCCXVII
CMLXIV
MMDCCLXVII
1969
2368
1685
1934
MCDLIX
MMMXLVII
3376
MMDCLXIV
MMXIV
779
130
893
3430
MMMDCCXI
MMCCCLXXXIX
MMDCXLIII
3211
535
2159
2093
3551
MMMDXCIX
2242
MDCXXX
925
MXLII
2415
1957
MMXCI
MMMDXCVII
442
361
3788
MMMDCXLI
CDL
MMMCCLIV
1370
362
1465
2131
CXCIX
MDLXXVIII
MCDXVII
MMCV
3715
MMCMXXXVIII
304
449
1671
MMMDCLXII
557
646
2239
CDLXX
MDCXXIV
3960
789
1002
1307
1356
MCMXCV
MCDI
DCXX
MCDLIX
MDCCLXXI
XXX
1498
3348
MMMCCVI
3513
1033
90
2117
MMXV
3528
MMDLXIII
MCCXLIV
3433
MMDLXVII
MMMXCV
1993
MCCXII
3601
MMMI
2512
CXXVII
MCCCXXI
3432
DCXII
MMLXI
MMMDCCLXIV
2441
392
99
DCCLXXXIX
3360
2229
MCDXXX
3011
MCXCI
598
CDLXXIV
2561
MMCML
MDCCLXXVI
MMMCCIV
DCCIX
1154
XXVIII
CCXXVIII
1040
2944
MCCCXXVI
1474
CMXLVIII
MMCMXXXIX
MMMDLII
437
MMMCCXXIV
MMCCXIII
MMMCDXXIV
MMDCLV
MCCCLVII
399
MMCDXXVI
192
3654
MCDLIII
2858
CCXLVIII
MDXXXIII
MMDCCCXI
MMCCLXVII
1339
503
921
696
2628
243
2761
MCDLVIII
CXVI
MMMCMXIX
MMMDV
MLXXXIII
MCCCLXXXIX
MMMDCCXLII
MCXIII
MMMCCCLIX
3213
CCLXXXIII
3317
MMCXXXIX
MCMLXVIII
XLII
532
250
MMCMLIV
3993
3614
MMMCXCV
MMCXXXVI
3181
MCCXXXVII
MMMDVII
2767
MMMCDLI
1961
2804
710
MMMCMXI
287
DCCCXLVIII
CMXIX
MCMLIV
3805
1034
424
MDCCCLXVII
MMMCDXCVIII
MMCDXXI
2840
MMLXXIII
3027
286
DCCCXLI
MMMLXXVII
3582
DCCCXXXVI
3828
MMMDXXXIV
MMMDCLXXIX
MVIII
DXXIV
1962
113
CIII
3636
1112
3180
1556
2495
MMMDCCCXLVII
MMMCIX
DCCCXCI
MDCXCV
1411
MDCCXVIII
1637
1080
MCCCXXV
MMMCCXCVI
2001
3074
MMMDXLIV
363
662
2995
2705
MMMCCCXCVI
1924
1181
DCCCXCIII
DCCI
MMMCXX
MDCXLVI
852
MDCCIV
MMCDLXXXIV
CCCXCIV
135
CII
MMMCCLXXI
MMMDCLXXXIV
3149
3336
2190
MMMCCLI
MDCCCLXXXII
902
MCCXLVIII
XCVI
MMCLXXV
1773
1504
DCLXXXVI
2506
LXVII
MDLXXI
MCDIII
3754
MMCCXCVII
MDCCCXXXVI
2632
MMDCCXXVIII
MMMDCXIII
MMDCCXXIX
1508
MCCXXXII
1499
MXCIX
1148
1990
2530
3225
CCXL
818
1501
XXXVII
1700
1463
MMMCCCLXXXVII
MMCXVI
CLXIX
MMCMXC
MMMDCLXIX
MMDCCCLXXXVI
MMDCCCLI
MMMCLXXIX
MMCXVII
3797
MMMDCCXLVII
805
1374
1244
2664
MCDXXXVII
1447
MCDLXVI
MMCCCLVI
2882
2671
MXX
384
MMDLXIII
2894
108
2184
9
809
50
3413
948
CLIX
MCCCLXXXIII
MMMDLXVIII
217
1929
CCCXXXVII
CMXLI
MMCDXXXIII
262
391
788
MDCCLXXVII
MLVI
645
MMMXLVII
2779
2203
3181
1824
CMXCVII
2266
3021
MMMDCCLXXXVII
MMDCCCLXII
DCCCXXV
MMDCCXXXII
MMCCCIV
1159
MMDCXXXIX
MCXCI
391
416
MCCCXXVI
2226
MCDXLVII
MMCMLXXIV
DCCCXXIV
3965
MMMCCCLVI
1866
2472
MMMCLIII
929
2272
1020
891
MMCCXV
MMMCCXXVI
2972
CLXI
MMMLI
2848
MCMXXXII
3765
MMMCCCLXX
3052
MMDCCLXV
MCXXXVII
MMCMXCIX
MMMLXXVIII
DLXIII
3950
2447
MMCCCLXX
228
1836
MDCCCXXV
X
3469
3918
MMMCXX
MMMLIV
972
MCDXLIII
729
3325
MMMDXLVII
2097
3954
MMMXVIII
MMMDCXXVII
819
DCCXXXI
MMMDXCVII
417
MMCXV
1671
MMDLVI
3505
MMCXCVI
2593
CCXXXVIII
MMLXVIII
MCLXXV
3596
MMMDCXLV
1083
CMIII
DLX
MCDLIII
1792
MMMCCXXIV
3344
394
3731
548
3368
MMCDXXIII
MMMCCXLII
MCLXXXIV
CCXLIX
1871
CCLXXIX
CXCVIII
MMMDCXLV
2376
2194
2119
3186
MMMCMXCV
CDXXXII
3828
2028
3780
CCCXLIX
MDCCCXC
CDXI
MDCCCXVIII
3264
MMDCCX
CLXXXVIII
3615
CCXXII
805
65
1218
MMMDIV
CDLXXIII
3270
MMCXCVIII
3091
DCCCXCIX
MMMCMXVII
3936
MMMDCLXXVII
704
MMMDLXXIV
MCCCLXXXIV
MMDCXXI
MMCCXC
3791
MMMDCXXXV
MMMDI
CMXXX
3338
1540
MMMDCCXV
3897
MCCXXXIV
2468
MDXLI
829
3468
MMMDCXXXI
3523
MCMXV
MDLXIV
MCLX
2216
1047
MMDCCCLII
MDCCXC
MMMCCCLXXIII
MMCMLIII
MMDCLXII
2981
528
MMCCCLIII
DCCLXII
3
CLXXVI
MMCDVIII
663
3465
MLXXIV
673
2267
3455
DCCCXLIV
LXV
2440
2400
MMCMLXXIX
MDCCCXLI
3166
III
MMMCCCLXXIII
3125
2433
1303
MMDCCCLXXVII
2419
372
1577
1542
2479
1594
1380
1620
1269
2325
1471
1156
CDI
451
MMDCXXXII
MMMXIII
MMMCDXXXIX
20
MMMLXXVIII
MMXLIX
MCXXV
MMMDXLI
360
2921
611
3525
MCCL
MCCVI
MMCCXIV
CXXV
3830
2450
MMDCCL
MXIII
2662
LXI
MMMDCLXXXVIII
CMLXI
MMXLIX
MMMDLXII
2398
MMCCXIII
1618
3434
DXI
MMMCCCXLVI
MMMDCLXXIII
MCDXCIII
2546
1709
MDCCLXXVIII
MMMCMLXII
2873
710
MMMDCCCXXXIV
1556
2012
MMCCCXCIV
1507
MMMCCCLXXV
465
3204
3052
DCXIII
MCCCXIII
MCDXXX
MCMLXX
271
MDCCLXXII
2171
MMCCLXI
CCXXXIX
3314
DCXXXVI
MCDLI
MCCCXXIV
3461
DCXCVIII
2106
MMCLXXIII
1398
CDXCVIII
2088
MMMDCCLXXXIII
2171
2322
MV
2256
MLXXVIII
1779
3421
MMCMXXI
1965
MMMDLXXIX
3255
DCCCLXXII
CDLVII
3212
MMCDLXIV
MMDCCXLIX
CXCIV
3498
2703
2577
785
MDCCXXXIX
2710
1536
MCCXVII
MMMLXXXII
1599
MMMCXXII
MMMDCXXIV
1823
MDCCCXC
317
2154
CDXXXIII
MCCCXVII
DCCCXC
801
1569
MCMII
CVIII
2967
2241
DCLXXX
MMCCCXLIII
MMCLXXXI
2000
DCCLVIII
1890
2727
CDIV
151
DLXXVIII
2180
1742
2770
603
233
CCXXXIX
210
2518
MMDLXXXI
MDCCLII
3150
3517
CMLIII
MCCCXXXI
MMMCCII
3093
MMCX
619
MLXXXI
2367
1663
MMCCCLII
MMMDCC
MMCCCXLII
3823
MMCDLXXX
179
XXXVI
DLXXXIII
MCDXIII
3660
MMDCCVIII
MMDC
DLI
MMCMLXXX
MMCCXXXII
MCDXXXIII
DCLXXXI
MMDCLXXXV
2341
MMMXXXVI
MCLXXV
MMMDLVIII
MMCMXLVIII
MDCXLVI
1458
MMMDCCXXXIII
99
MMDCCCLXIX
3286
DCXXXIX
2554
658
2803
2417
MMMXXXVI
3320
377
CMXXVII
MMCMXXI
MMMDCLXVI
472
CMXIV
MMDCCVIII
MMDCCLXXI
MMMDIX
MMCCXXXIX
CCLXXXIII
1094
MMMCMLXIV
3260
1725
48
MCCCLXXIV
269
2806
1922
CCXIX
CLXXIV
2687
DCCCXXVIII
539
MMMCDXLIX
3149
2382
MMMCCCIII
MDCCCLXIV
CCCXI
3990
MMCMXLIV
MMMCVI
3200
462
3293
2157
1720
MDCXXII
71
696
MLXXIV
3991
3428
XXVI
2209
720
630
1186
MMDCXXXIX
2070
MMMCDXLV
MMCCCXXIV
MCXCVII
912
3772
9
MMMCDXXXVII
MMDCXLIV
MMDCCXCVI
MMMXXVII
3875
2162
3592
362
549
MCDLXIV
CCCXCIII
DCXCIII
1776
3661
MMDCXXI
89
745
785
MMDLXXII
925
1950
3274
MCMXLIX
MMMCXXV
2192
MMDXL
1102
3397
MDCXLII
2948
MMMDCCCLXII
MMX
2674
2886
CMXXI
MMMCLXXX
MCDXXIV
CMXLVI
3007
2349
2882
2449
742
MCCCLXXIII
MMXC
3795
3610
MMMCDV
3557
MMXVIII
1853
DCCXLII
3681
3208
MDCCCXCII
154
MMMCDII
CCCXXXII
3714
3716
1633
42
1742
2454
1685
910
MMDCLIII
1291
156
2869
MMMDCCCXCIII
1832
MDCVII
2936
MMDCCCLXXXIV
MDCCXLIV
2517
MMDCCXXXVII
574
MMCCXXVII
MMMCDLXXXVI
533
1882
3428
3332
3732
MXI
MMMDCCXXXII
MCCCLXIX
MMMDCVI
MDCXXII
MMMDXII
MMXXIV
3825
MDCLXXV
MMDCCCLXXXIX
2244
2474
2106
MMCMXXXVI
441
MMMDCXLVIII
MMDCXVII
3194
1962
MMDCLX
MMCMXX
1098
MMMDCCLXXXIX
2153
DCXXVIII
3270
LI
MCDLXXIV
1027
3438
2242
MMMDCCXLV
MDCCCXXXIX
MDCCCLI
102
3061
MCMXXXIII
2409
MMCCXXVII
2601
563
2635
2134
MMDCXCIV
MMCXXIV
DCXLIX
603
MCDLVI
2187
MMDCCCIII
CMIII
MMCDI
LXVII
2145
MMDCCCLXXI
DCCXXIV
2314
MCMLXV
3417
CDLV
2094
MMDCCCLXIX
MMDLXXI
CCXLIX
MMCCCXV
473
MMCCCXCVI
MDLXXI
94
1845
3706
MMMCCCLXVIII
MMCXXXV
MMMCDXXII
2614
3319
1583
2785
2491
1104
345
CXLIV
217
MMMCCXXIX
DXXXVII
MCCXCIII
CCCLI
MMCCXCI
750
615
1971
MCMXXVII
MMMCDLIII
CDLXXVII
MCMVI
MMMCMXCV
2534
MDCCCLXII
2670
MMMCCVII
MDCCLXXXVII
MDCCCXXXIII
3300
MMDCCX
MCMXV
3881
1083
1600
116
MMCMXLIV
MMCCXI
MCCXLV
DCXXXII
MDCLXVII
MMMDXXXI
3525
2015
595
1803
XCVI
1838
2213
MCCCXVI
769
MMCCCV
1186
2149
MMMCCLXIV
MMMLVI
3831
DXCVIII
MMCCXXXIV
MMMCCCXLVIII
533
1889
MMMDLXIII
3281
2153
3107
652
3289
548
1207
2142
CVIII
LXVI
34
MDCCLXXVI
CMXLVIII
MMMCMXCVII
MMCMV
MMDCCCIX
3157
MDLVI
MCCIII
994
2601
2573
MMMCMLVI
MMMCCXCV
MMDCXVIII
MMMCCXLVII
2178
2416
1165
2432
MCDLXXII
MCCXXIX
29
MMMDCLXIII
DCCCLXXVI
MMMCCLXXV
825
MMCCLXXVI
DCCCXLIII
MCXXXIV
2809
1764
MMMDCCLXXVIII
MCDXL
MMMCCCLXXXIV
CLVIII
MCXLIV
1308
CMII
MMMDCCLXXXIX
2673
MMMDXLIX
MMCDLXXXI
MMMDCCCXCIX
2325
MMMDCXLVII
3171
MDCCCLXXXIII
459
MCCLVIII
MMCDLXVII
1842
3882
1785
CDLXVII
1926
3043
MCMXCVIII
494
CDLXXXVII
2758
LIX
CCXLVII
1230
1981
1470
MMMCCXCV
MCMI
1965
2204
MLII
MMCCLXXXIII
3576
1709
CCCLXXX
CCI
MCMXCIII
787
3323
199
1759
60
XII
2237
3228
MMVI
928
1172
DCCCXXXII
MMMDCCXX
DCIX
3012
1604
MMDCXCIX
1786
1375
XCIX
2216
MCCCXLIX
MMCCCI
706
MMCDXIII
MMCCXXXI
3553
1070
C
872
2103
3400
MMMCXXXVI
MMCDLIX
2014
MMMCDXXX
MDXCIII
3689
MMCDXI
619
MMMCLXXXVI
162
2889
DCXXVII
471
MMDCCXXX
MMDLXXI
MDCCLXIII
1197
MMCLXXV
MMMDCCCLI
3611
3069
MMMCMX
MMCXXXI
MCDXL
MX
DCXXV
MXLVII
MMMDCLIII
CMXXXVI
3741
3282
MMMDCCCIII
1820
2079
MDCCCXLVI
1545
2888
DCLXXXIII
MMMCMLXXXI
1444
MMMDCXXXII
2860
MDCCLXIX
MMDCCCXXIX
MCLXXXI
DXXV
MCXXXII
MMMDCCCLXXIII
891
3961
DLXXXVII
346
2935
MMMCCLXXVIII
3245
2205
MMMXLV
MCXXXII
1472
MMLXXI
MMMCCLVIII
MMMCMLXXXV
MMCCLX
MMMDCLII
3090
MMLXIX
MMCXLVIII
MCDXXXVIII
3533
MMMCCCXLIV
MDCCXLV
2374
3930
MMMDCCLVIII
642
DCCCXX
MCMLXXXII
3554
135
1003
MMDXX
3655
980
MCL
MLVII
MMCCCXVII
MMDCXCIX
1676
2412
369
1699
DCCCLXV
MDLVII
1453
MMMCDXVII
432
DCCXLIII
MMMDLXXXIX
MMCCCXXII
2419
391
MMCCCLXXXIX
MCLXXXIV
MMCDXXII
MXLVIII
DV
MDCCXXI
MMCMXII
864
685
MMMDLX
MMDCCCXXIX
3686
194
MMMCXIX
502
2053
MMDCLXXXVIII
553
1786
3718
MXLI
1466
CDLXIX
MMDCCCLXXVI
MMDXXXIV
2947
MMDCIX
MMMCDLVII
MDCCLXXX
868
CLXXXIV
1832
3442
MCCLIV
MCMXIV
1386
MMCCXIII
CCCXXXVI
107
2981
510
MXLV
733
MCDXIV
CCLX
1646
2224
1890
MMMDXCV
1911
MCCLXXXV
1742
MLVIII
483
1990
MMCCLI
2019
DLXXX
767
CCCVI
DCLXXXIV
1582
63
2666
3234
MMMCCLXIX
MDXV
MMMCXXXVIII
MMMCXXXII
369
2363
CXCIV
877
DCCXLI
MMDCCCXXVIII
CDLXXIV
MCDLXXXII
MCMXCVIII
2092
808
2686
MMDCCCLII
1529
3727
MMXII
MMMDLXIII
1672
DCCLXXVIII
CMIV
1857
3621
3469
441
625
MMDCCLII
CCCLXXIX
761
1661
DCLXXII
483
1817
779
3616
1427
1268
MDCCXLIII
MMMDCCCXLIII
2850
398
254
462
MMMDCCCXCIV
XLII
261
1112
2311
MMMCLXXXIX
3040
2985
3770
3112
462
XLIX
823
3005
CCCXCVII
MCCXCVII
3176
2993
721
MCLXII
MMMCCXXII
DCLII
MMCMLXV
2723
1703
3928
792
1739
2504
MMCDXCIX
2612
3833
1318
MMMCCXLIII
MMDCXXV
3596
CCCXV
297
MDCXVII
CMXLII
MMMDLXXXVI
1031
MMCMLVII
3203
669
MMMCDLXXXIX
MMCDXIX
MCXCVIII
DCCXXXII
MMMCI
10
MDCCCLI
2645
671
3466
113
MMMCCXLIX
MMMDCCCXXII
MMMCCXLVIII
MMMCXCVI
343
2726
MDLXX
400
CMXCII
2861
LXXXIII
2444
1650
CMXXV
CCCXXXVII
2211
3006
820
3291
1158
3360
3162
2295
CDVI
MMCXVII
523
MCDLXXV
2492
3268
DCCCLXXVII
CDLXXXIV
MCMXLIII
1288
MMMDCCLXIII
1599
MMMX
64
1165
MMMDCCCXCV
663
3377
MMMCCXXXV
MMMCDLXXXVII
CDXXXIX
CCCXCVI
136
MMDCL
1383
2249
2160
MDCCIX
MCXVII
DCIV
1300
3148
3736
2635
2442
MMMCCLI
DIV
3859
1149
CDLV
MCCCXXXVII
1271
2942
MDCCCXCII
1480
1127
2431
3109
MMCCLXX
DCCCXII
MMMDCCCXXXIII
2587
1674
MMMCLXXXII
3107
MDCCCLII
MMMCCCLII
MDXXX
706
2426
2782
MMCDXII
MMMCMXLII
MMMDCXXXIX
MMMDCCLXXI
MCCLXXXI
CMXXIV
MMCCLXVIII
2410
2263
MCMLXXXIII
MMMDCCCXCV
535
MMCCCXLIV
1209
2720
CMXXXIV
MMCLX
DXXIII
1701
MMCCXXXI
MCCLXI
2034
1581
MMDXLVII
CCXXIV
2970
391
DCLXXII
MMCCXXXVII
MMCCCLIII
XLIV
215
MMXCVIII
499
MMMXLV
MCDXLVI
MMMCMLXXXVIII
XXVIII
MMCDVIII
MMCXLV
1147
MMMDCCXCVI
MDXCIII
LXI
MMMCCLXXI
MMCCXCVII
MMMCCCX
3599
1370
3223
MMDCCCXLVIII
1109
2415
CCCXXXVII
MMMCDX
2997
MDCCLXXIV
DCCCXCII
MMMLXII
133
1894
3887
XCVI
1709
117
MCCC
MMCCCXCIX
MCMVI
3807
MMMCDLXI
MMMCMV
MMDCVI
MMCCLXI
MMDCCCXLIII
DCCCXXXV
3221
MMMCLXXXIX
MMMDIII
MMCCCLVI
2736
MMCLXI
3433
MMMDCCLVII
MMMCXXVI
MDCCLIII
MCCLXXVI
2505
3870
3126
1660
MMMCXXI
MMMCCXLVI
1434
656
MMMDCCVI
3710
MMMDVI
MMMCCXXV
1639
282
DCCXLI
DCXXI
901
3608
DCCXCVII
548
DCCXIII
MDXLIII
CMII
3642
CCXCIV
3697
3462
513
MMDCCXXXII
CXLII
3853
MMMCMXVI
DCCXXXVIII
MMDXXVI
1306
2429
1615
MMCCLVIII
MCCCLXII
3271
3263
2813
MMMCMLXXXIII
MMDXCIX
MMMCDLXXI
MDCXVI
MMCMLXXXII
MMCMXXXVI
MDCLXVII
290
220
DCCLXII
2611
MMLXVII
MMMDCCCXLII
1831
2142
674
38
MMMCDLXXI
CXCV
1872
147
2377
1673
948
MDCCCXCIV
1400
247
2190
MMMDCCCXLVIII
3029
MMMDCXLIX
DLI
904
MMXCV
135
2356
MMCCXLIX
DCCCLXXXVII
MMCCCLV
MCMLXX
MMCMLXXXIV
104
MMMCDLXVIII
835
MMDCXXX
3055
MMCDXL
MCCX
MMMDCCLXVI
MMMCXVI
1742
MXXXV
3895
3214
740
1078
MDCXCIII
3476
CDXVI
2663
MCCXI
MMMDCCXXIV
DXIII
2866
1138
1945
500
MMCDLXXV
1530
1784
CMLIV
3694
2223
2814
2969
MMMDLXXV
3247
878
13
MMCCIX
1948
MCDXXV
MMCCXCIX
1030
3899
MCMLXX
MMCMLXXX
1537
CCCXXXIX
2824
MDCCCLX
MMMDCCCLXXVII
3397
3539
CCLXI
2697
CDXCVII
MCDXLIV
CDXX
2507
DCCCLXXVII
798
2687
MDCCCXC
2292
MCMVIII
CMLI
1442
MMMXCIX
MMCXCVII
MDCXC
2415
2852
MDXLVI
499
126
CMXXVI
DCLII
MMMDCLXIX
238
MDCLIV
2072
3212
MMCDV
745
649
CMXCI
MMMCXL
1586
3962
MDCCCLXVI
MDCLXXI
MMCCCII
3272
3418
904
1583
877
MMMDCCXLII
MMCCLXXXV
MMCMLXVII
MDCCXXX
3164
MMMCDLXVI
1002
CLXXXVI
2361
2726
1058
635
CDLXIV
2200
CDXLVIII
2414
MMDCCCLXXIX
1891
42
1896
1024
MMMCDXLIV
MCCCLXXII
3486
MDCXLIII
1844
MCCCLXXV
3603
1196
3284
MCCXI
1264
1179
MDXXV
3627
MMMCLXVII
CDXXII
MMMCMLXXII
507
1826
3225
513
2189
2195
1070
2902
606
1232
MCCLVII
MMMCCCXXXI
2408
MMCCXXXV
1574
2800
MCDLXVI
MCMLXXXIX
640
MMMCDLXXXIII
MMXLII
DXXVIII
CCCLXXXIII
1776
MMMDLXXV
CMXXXI
679
3296
94
MMMDCCXX
558
3104
MMCLX
1737
2230
792
1264
CXIII
3133
3262
CCXLVII
3200
MMCDLXXVI
2836
1146
M
DXI
MMDCCXV
MCMLXXVIII
3964
1136
MDCCLXX
MMMCCLXXXIII
CMLXII
2845
72
MMCXXVIII
MCMXVIII
MDCCLXIV
CCCLXXI
1698
CDXXXVIII
2076
CCCLIII
MMCDLIII
DLXXXI
3478
270
MDCLVI
CDXC
MCDIV
MMMDCXCVII
1796
CCCLXX
DCCXCVII
1816
MMMCMXLVII
363
3690
MMDXXI
2352
2164
MMMXIV
DCCCXCIII
1858
CLXXV
MDCLXXIII
1389
15
MMCMLXXXII
851
380
MMMCCLXVII
CXXIII
MMMDCCCXXIX
MMMCDLIV
921
3191
MMMCMXLIX
3307
1530
3094
1871
MCDXIV
MDCCXCIII
2833
MMMCCCLXVIII
MMXCVII
MMDCXCIV
DCXXVI
CDLXXXVII
MDCLXXXV
211
2247
1665
MMDVI
LI
3715
1916
1412
2243
2953
3293
1726
MDCCCL
2343
DCCCXXXIV
MMMDCCXXXII
1773
MMMCCXXII
MMDXLV
2254
MMMLIX
DCCX
CXCII
3561
3085
MMMDCCCLXXXVII
696
MMMXXXV
LXII
MMCL
44
393
CDXLIII
3093
DCCLXIX
MMCCCV
1969
1784
682
CDXLVI
DCXXIV
2266
1777
MXIII
1101
1446
MMDXXV
MMCCLXXII
CMLIX
MMCCCXLI
1158
DLXXII
2516
444
MCMXXX
2189
MMMCMXIX
885
CLXVII
MMMDCCCLXXXII
3650
2396
1869
3702
3658
MMCMLXXXV
MMCDXLIII
CDLXXXII
MMMCCXLI
3355
MCMXXX
MMMXXXVI
MMXXXVIII
3184
473
CDLVII
CDXXII
MMMDXXIII
MMDCCLX
661
XVI
MMMDIV
MMDLXXVII
CDXLIX
3164
MMDCCIV
3398
1408
MLX
DCCIX
CDXIX
DXXXIV
MCCCXXX
1834
MCDLXXXV
3958
399
MMMCCCLVII
3816
MCCCXVI
MMMDCCCXCVIII
927
DLXXI
393
1264
MMMDCL
1666
MMDCCCXXXVII
530
49
2866
CMXIV
MMCLXV
639
1835
MMCMXXIX
1889
98
MCMLXVII
CDXCIX
3247
1897
MMDXXXIII
DCCXXVI
MMMCLVIII
2655
928
DCCCXXIX
CCLXV
LIV
DXXXIV
2425
3192
LXXXIV
2313
MCMXX
MDCCCVI
DCXCIV
648
MMMCCXXX
3821
261
XLIX
3541
MXCVIII
MDCCCLXXXVI
355
DL
3243
CCCI
MCMLVIII
DCXL
MMDCCCLXXIX
XLVIII
718
3530
CLXX
1260
MMMCXCV
807
3145
MMDLXXXIX
709
MCCCXXVI
MCDXCII
MMCCLXXIII
CCLIX
MMMDCCCXVII
516
2342
MDCLXXIV
MMCCLXVI
3364
DCLXXXI
1822
MCMXVI
3658
MDCLXXI
2913
2831
1906
2836
CDXLV
CCLVI
2367
3086
1964
MCMXI
MMMXXXVIII
CCXV
284
MCCCLXXXIV
956
CDXC
786
3012
MMMDCLXXVIII
2069
3713
1002
359
CCCXII
MMMDCCCLX
MDCCLXXVIII
MMDLXXX
DCCCII
MMMCLVII
322
MDCCCXXXIV
784
249
MMMDXIX
1462
2754
3113
MXXXVII
DCCCXIV
2260
443
MMMCCCXXX
1996
MMCCXCIV
1421
2948
1046
ML
MMMCDLI
1645
MDCVII
282
MDCXXXIII
3851
MXLIII
CLXXVI
MMCLXXXIV
2329
3498
MMCCXXIII
3196
820
MCLVII
MMCDXXIV
735
1727
3024
3346
3904
MDCLIV
3451
CMXXXIV
CCXII
2968
995
MMCMLXXXI
1468
MLII
CCCXV
CCLXXXII
MMLXIV
MMMDCCC
DCCCXXIV
3209
MMDCCCXL
1117
1428
DLXIII
MMMCCLX
DLXXXII
2434
XLIII
DCXXV
3478
MDCCCVIII
MCMVI
1354
1754
1231
MLXXXIII
MMCXLII
MCLXXXVII
110
MMDCCCXLIV
DCCXXVI
2041
MMCMV
1734
MCCCXX
MMCIV
3198
3892
174
1580
2134
MDCXCII
CXXIII
MCLXXVII
3991
1365
2704
2581
MMDCCXXII
2813
XXIII
DCCXLIV
1731
CCCLXXXIX
MMDXXIV
DCLXV
1160
MMDCCLXXIV
2852
2622
3950
MMMVIII
3716
1876
MDCCCLXXXVII
MLXXXVIII
119
1492
1158
2481
3412
3573
1994
288
3234
MCCXLIX
MMLXVII
3733
1421
MMMCMLVI
2486
701
DCCCLXI
849
LX
2830
MMCXXXIX
MDXXXIII
3881
972
MMCMLXXXIII
1252
MMCXC
761
MMCMLXXXVI
MMCDXCII
3274
MLIV
616
MMVIII
2742
1580
1406
1387
MMMCLXXIX
3029
CDLXXXIV
3980
MMMDCXLIX
3723
MMMCLXV
CCXCVI
3335
MMMDLXXXIII
MMDCCIX
MCCI
CCXXX
3607
DCCCLXI
3440
CIII
1075
MCMLIX
MMCMXCVII
1514
MMMCCLXXII
2818
MMCI
MCLXXII
2100
2805
MMDXXI
377
MMCVII
MMMCDLXI
3551
MMCDLV
DCXCV
MMMCCCVI
MMMXCII
3332
734
MMMD
DCXLVIII
MCMLXXXII
666
MDCCCXVI
MMCDVIII
MMMDCVII
1288
686
MXLVII
MMDCCLXXXIX
2544
MMDCCXXXVII
MCMLI
MMMDCCLXXVIII
MMDCCCXXIII
MDCCXVIII
3395
538
MMMDCLXXXIX
3780
3187
MCLXXXVI
MMMCCV
2403
42
MMDCXXXVIII
MLXXX
2378
540
DLII
1289
2750
XIV
MMMDLXXXVI
MCMXXV
301
MCLXVIII
MMCCLXXIX
3940
CIII
MMCDLXVI
3
MMCMIX
1165
1594
1183
MCCCXIII
MMCMLXXXIII
3979
3064
MMXXXVII
1698
3116
2709
CXXXV
71
MMMLXXIII
MMCXLIV
967
MMCCLXXVIII
MMMDCCI
1080
MMMDCCXLIX
3155
MMMDCCXVII
LXXII
364
3812
MMMCCVIII
1590
1615
MCDLXVII
3286
3662
MDCXXXII
MMCXXX
MMMDXXIV
3765
MMCMXXXI
2998
1011
3706
3456
MMDCCCXXVII
MMDCCXX
3394
MMCMXLVII
689
MDCCCIV
MDLVII
DCCXLVIII
2630
MDXCII
2503
55
DCLXXXV
2694
MDXIX
2211
3183
3892
MMDCXII
746
2640
1267
MMMDCCCXX
2965
MDCXLIV
CCLXVIII
MMMDLII
2877
MMDCCXCVI
1660
DCCLXXI
2865
MMMCCLIV
MDCCCLXXVII
590
2562
1940
MMCL
MCCCXXXIX
MMMXCIX
MMMCCXIII
MMMVII
688
MMMCCCL
3408
MMMCMLXVI
MMCDXCV
DCCCXLIX
MMMXLIII
MMMDXV
MMDCXXVII
MMDXLIII
1920
MMMCDLXXXVII
MDCCLXVII
709
MMXCIV
1716
MMDCCXCVI
1055
MCXCV
1879
CXLVIII
1274
CMIV
MMMCLXXXIV
MMMCDXLVI
180
2400
MMMCMLVII
387
2041
DCCLXXXI
MMDCCXXXII
MMML
CMXXIX
854
DCCCLXXXVI
1222
3188
MMCDLX
MDXLIII
MMMDCLXXXIX
1621
936
2032
DCVI
MCCL
2655
MMMLX
939
929
CMV
2815
MMDCXXIV
3390
MCCXLVI
MMMCLXXII
3593
826
3009
MMMCLXV
DCCXIII
MDCIV
MMMDCLXXXVIII
MMCMXXV
MCMLXX
DCCCLII
1177
1820
CDVII
MMCCCVIII
MMMCDLIX
MMMCCVII
MDCCXLIII
2425
1021
1586
1504
MMDCCCXXIX
2275
MCCXXXIV
DCCXCVIII
DCCCLXXVI
3968
2319
MCCCXXXI
3691
MMMCDLXXV
MMMDCCCLXXXVII
679
3489
MCMLX
2013
262
MMMLXXXIII
MMMCDXLIII
560
2543
10
DCCLXXXII
MDXII
DCXCVII
3923
20
553
MMMCCXXXVIII
LVIII
MDCCXCI
MCCXXXIII
1593
MMDXLI
3615
2351
399
54
MCCLXI
547
MMMCLIV
MCLXXXIX
616
MMMDCCX
MCCXXXIX
MDXCI
3118
321
613
2773
2760
DLXXXIV
MMMDCCCLXII
2994
2673
1279
CLIV
3127
481
MMMXCIII
MMCMLXXII
34
1938
2813
3219
MDCCXXXII
MMMCCCXCVI
MCDXXXIV
2974
MMCCLXXXVII
2312
3194
CMXI
2807
MMMCDLXIII
1790
MMMCCCLVII
CLII
263
MLI
MMMDIII
MMMCCXCVII
MMCCLXXIII
MDCCCLXXV
636
LXX
DCCCXII
2367
MMDLXVI
1045
MMLXXXIII
MMCLXIX
2446
2631
1055
MMCMXXVIII
306
1216
MDCCLXVIII
1562
DCV
516
DXXXII
3359
2888
CLXXXVI
2426
618
2628
2046
CCCLXXVIII
1909
2825
MMLII
MCDII
DCCXXXVI
229
1904
MMMDCXXXVII
3526
2553
CXXII
3567
1293
2426
2236
CCLI
2963
2986
MCMXXXIV
160
2663
MXXXII
793
2654
3821
2287
MDLII
MDCXXXV
1507
MDCCCLXX
3034
CMLXXIII
1771
MDC
MDII
87
2641
2103
2433
1617
3511
MMMDCCCLVI
DCCXXXI
DCCCXII
MCCCLXXXIII
MMMDLXXXII
MMMDCCIX
MMCDXCIII
3500
1161
652
107
MMCXII
MDCCCXII
MCCI
2370
MMCDLXII
MMCMXL
MMDCCXXX
1501
3269
MCDLXXX
2986
MDCLXX
M
3961
CDLVIII
2509
MDCCLXXXV
2989
MMMDCCCLVIII
3184
3208
47
MMMCCCIX
3953
MMLIV
MCCC
MMXX
MMCMLXXIV
1501
DCCXV
2532
1987
3479
1176
MMCLXXI
MMMDCXXIV
1611
2517
MMCMLI
MCCCXXXV
2788
145
MMCMXVI
CCLXXIII
MMDCCCXLVIII
3441
MMMCMXXVIII
MMMDCCXXXIII
MMMCLIV
2054
256
636
CXC
2898
589
CMLVIII
MCXIX
CDLXXXV
MMMCLXXVI
3749
3492
3319
1006
MMMCXI
901
1730
3567
2535
1667
132
1933
MCMLV
MMMCMLXIII
DCXLVI
MMCCXLIX
888
2537
MMMDCCIII
2765
2818
1962
2546
2671
MCDXLVIII
1516
3256
DLXVI
MMMDXVIII
1131
MMMCMLXII
1585
MDCLXXVII
3082
MDCCXXIX
DCXXIV
MMCLXIX
115
MLXV
1806
2975
1031
CCLXXXIII
MMMCMXXVI
MXXV
253
2035
3829
MMMCLX
3564
3539
MDCCLXVI
2908
1542
MMMCXLVII
DLXXXIX
3788
MMMDCCCXCII
CMXXIII
2642
2040
MCCCXXXV
MMMDCCXCII
1848
DCCVI
2859
CL
1083
MMMCDI
MMDCCLXXXI
DCCL
MMMDCCXIX
DCCCXCIII
1474
MMDIX
872
1977
3335
CCCXXIV
172
MCMXLII
MCCLXIII
MMCCCLXXIX
MCCCXXXVII
MMMDCXLIII
MCCCLXXXII
3380
MCMLXXXVIII
521
414
MMCCCL
MMMCLIX
MMCDXCIV
340
2168
MMDCCXVIII
1470
2484
2332
MMCCCXIX
MMDCLXIV
2836
935
759
MDCCCLVII
CMLXX
1329
MMMDCCC
XL
CCCLXXXVIII
1272
XII
1650
2058
659
3603
1801
2292
MMCDXVIII
MMMDIX
494
MMDXXXI
3014
42
MXXXII
633
3153
MDCLXXXI
MCLXIX
CMLXXVIII
MDCCCXI
3590
CXIX
MMDXLIV
2043
CMXCIV
1399
MCCLXXVI
MMDCCVII
3321
3589
3746
2802
CLIX
3066
CDLIX
MDCX
MMMDCCXXV
MMDCCCXXVII
CMII
209
MMMCCXCVII
1176
DCCXXXIX
3767
MDCLVI
MMMDCIII
2300
3946
MMDCCCLXXXIV
MMCMLXV
1509
3386
MCCLXX
3430
MMXXXIV
195
1751
425
CCCXXI
518
3371
114
3573
968
MMMCCVIII
CDLXXIII
MDCCCLXXI
3671
2900
CCCXVIII
2128
DCCCXLIV
2489
MMCMXCVIII
3001
MMMCLVI
CCIX
CCCXLVIII
MMCMLII
3813
1281
MDCCCLXI
MMMDCCCXCII
MCMLIV
MMLXXVII
MMMCDXL
MII
1869
MMMDCXCVI
2409
344
CMXXXVII
CMXCI
MMCCLXXX
698
27
CLXXXV
1372
MCLXXX
DCCCXVI
379
MMMDCCCXIII
1524
MMMCDLXXIV
MMMDXCVII
CMLXXI
MMDCCLXVI
1539
MDCCCXXXII
MMCLXXXIII
MCCCXIII
CMLVIII
1215
DCCLXVIII
1346
1733
MMLXXXVI
MMMCCXLII
1691
3843
MDCCCXLV
MMMDCXXXVII
3130
CCLXX
MMCCCXCIX
CMXV
DCCCL
1398
MXXIX
3030
MMMCCLIII
1725
MMCMVII
MMDCIX
DCCXXXI
XLVI
MCXXII
MMMDCCCIII
3569
2248
3486
2410
1253
2936
MMMDCLX
3820
MDCIX
3283
1570
2090
MMMDCXLVI
CMXLIV
1695
MMMCMLXXXVII
MMMCDLXVI
DLXXI
974
3304
MMMCCXXV
1956
1914
818
MMMCDLIV
3161
585
1548
483
MMDCCCLV
3727
MCLXXV
MDCCXX
2547
3846
3808
MMCCCLXXIX
MCDLI
MDXLVII
309
MCCXI
MMC
CDLXXXI
DCCCXLIV
3096
109
CCCLXXXVI
CDLXXVI
807
XCIII
1888
MMCCIX
3085
3406
MMDCLIV
1984
745
MDCCCII
MMMDCVIII
3979
3957
MCDLXXXVI
2186
238
2894
295
CLXX
MCLVIII
MMCDXLIV
1263
MMMDCLVII
892
MMMCDXLVI
XXI
672
3085
MDCCCXXXIV
CMLIX
MMMCLXXIII
MMDCCLXXIII
MMCCCLVI
MMD
341
MMMDCCXCIX
3563
DCLXXV
3378
140
415
1086
MCCCXIV
3026
3151
3054
3229
MMDCCLVI
3177
MDC
1920
MMMDCLXXXII
3522
MDCXLII
180
CML
1288
2204
1516
MMDCCLXXXI
DCCCLX
MMCCV
MMMCCVII
1278
MMMLXX
MCMXLV
2753
2627
MMMDCCLXIX
MMMCCCXVIII
3643
MMCMXX
MMMCMXLIII
MMII
2131
MMDCCCLXXVII
3797
600
DCLXIII
MMDCXVI
61
3270
MDCCXXIV
CMXLVI
MMLXXXVI
MMMCD
107
3503
1659
2983
MMMCCCLXVII
MCLIV
317
MDLXXIV
CCXLIX
880
2337
1841
MMCMXVII
2651
453
MMMDCLXIII
MMDCCCXXII
MMMDCCCXCIV
3280
VIII
MMDLVI
1688
MDCXLIII
MDLXII
CMLXIII
3510
424
DCCCLXXXVIII
2511
551
1656
3199
1632
MMMDCCLXXXIX
MMDLIII
1687
MMMDXXXVIII
MMMCCLX
3455
48
2877
3776
MDXIV
1779
DCCCXLIV
MCCCXVI
MMCVIII
MMCCCXXXV
350
CCXCIV
MMI
MMDCCLXXXIII
MMDLIII
1328
MCDLXXXI
MDCXLI
MMDCLXIII
2440
MMMDLXXXVI
MMMDCCCVII
MMMCCCXI
2695
3534
MCCLXVII
MDCLXV
MDCCXCIV
2919
MMMDIV
CCLXXXII
270
MMCMXXXV
MMDCCCXLII
CDXCV
MCCLIX
MMXLII
DCXVII
XXXIX
CIV
2009
2735
513
217
2084
MMMCCCLIV
2385
3710
116
MMCCCXCV
MCII
2132
MMMDCCV
2118
MCLXXXIII
1796
2342
CCCLXXXVII
849
CCC
MCLXXVIII
2093
1838
3621
65
1532
MMDCLV
2198
MCXLII
1127
714
44
CCLXXXIV
MMDCCCLXXV
MMMDLVII
1989
MMCCCXXXIX
DCCCXXII
866
MMDCXCIII
266
1890
MMMDCCCLXXXVIII
1912
3664
MMMCCXXIV
MMMCMXCVI
DXVII
2736
3629
CCLXXXV
DII
CC
1700
3658
MMCLXIV
MCCCXLIV
2951
MMMCCXCV
194
2668
40
2083
888
1112
3734
1808
MMMDLX
2531
MMMDLVIII
MMMCDLXII
MMMDCLXXVII
676
CDLXXIV
CMLXXIV
MMMDCXIX
3381
3551
2190
3588
MMMCMLXVII
3350
MDCCCLXIV
MMMDLVIII
2774
188
1630
MCCXLIV
MMCXX
424
MDCXXXVI
455
MMDCCLVI
3722
737
MDXLIX
307
MMDCXXIV
MMMCIII
MMMDCLIV
MMMDCCCXLIII
CCXII
1669
MDCCLIII
MMMCCCLIX
446
3064
3902
3726
3655
DXLII
MMMCCCXLIV
MCMXCVII
MCXLVI
2067
DCCCXLV
122
MMMXII
3646
MMCMLXXI
MCCCXXI
1385
MMCMXVII
MDCCCLXXIII
MMCDLXXXIV
CXXXIII
3157
2016
CCCLIII
2139
3996
MMDCCCXCVI
2525
540
1793
816
808
MMMDCXCIII
CDLXXXIX
MMMCCCV
MMMDCCCLXVI
MDXCII
DCCCLXVIII
379
MDCCLI
2937
MCLXXXIV
XVI
MMXIII
2981
2399
3068
627
MMMDCXX
1633
859
MCDXXI
2686
MMMDCXXXVII
MMCCCXXVIII
3004
MCMXCIII
464
MMMXL
939
MDCCCLXXIX
1239
2643
2289
1851
3586
MMCMLIII
1089
1371
MCL
MMMDCCCLXXXVIII
3245
MMMDCCXLIX
2251
MCXC
1121
DCCXVII
MCCCXXXVIII
MMMCLXXII
961
3985
1293
MMDCCCXLII
CCCXVII
MMMXCIII
MCCCLXXVIII
MCMLXI
MMDCCXXVI
3907
601
MMDLXXV
MDCCXXIV
3944
CMXCIX
1572
MMMCDLIX
2695
MMMLXXIX
LXXXIV
MXVI
MCMVI
MCCII
588
MMDLXVIII
2893
MDXVII
MMDCCCXXXVII
MMDCCIX
2339
MCCCXXXV
3204
2933
923
MMDCCCVII
897
MMCLII
3764
MMDCCCXCVI
657
CCCLXXXIX
3169
825
561
MMCCCXCIII
MMDXXX
3285
MMMDCCXXVI
1731
360
1505
MMMCCXXIV
MMCXCVIII
2065
MCCCLX
MCCCXC
3315
MMMCLXXIX
MMCVI
2295
MMMIV
962
MCDLXXIII
1790
DCXXXI
MMMDXXVI
2268
2601
MMMDCC
MLXXXIV
MCDLXIII
MMMDCCLIX
927
1259
1605
3748
MCCLXXXIII
MMDCCXXIV
MCMXC
719
2164
1947
DCCXX
329
3150
1294
MC
3939
2239
DCCCV
937
70
3018
MCCCXCIII
MMCDLXXX
2217
DCCLII
337
2995
MCCCIII
3744
MMMCCXXIV
MCMLXXXIX
CDXIV
MCCCLXXXIV
1323
1782
MMDCXXXVI
DCCCLXXXV
MMMDI
1177
3071
2743
2669
3960
1843
MMMLXIII
MMCMXCI
961
MCDLXXX
MDCCVI
1422
290
MCMLXXXIII
MMMXLVIII
CCCXCV
MMCLXXVII
MMMCLXXXVIII
3644
1515
CIII
MCDXXV
DCXCVII
DCCCXIX
1717
1703
2722
3097
2061
3698
3780
754
MMCCLXXXIII
MCCCLXXIV
3557
CLXXX
MCI
DCCCXXII
2739
MCCLX
MMDCLXXVIII
MMDCCCLXXVIII
690
MMDLXIII
DCCCLXXIII
MMMCCCLIX
MMDCCLXXX
3179
2480
MMMLXVIII
1793
MCMXXI
3101
3301
874
MMCCXXXII
MMDLXXXV
2426
XXX
DCXXV
CCXVIII
657
CM
3942
3095
MDCCXXXIII
3262
DCCLXXVII
512
3531
1311
MDCCCLXXVI
MCDXLII
2185
MMMDCCCVI
2849
MMCMXXVII
2332
MMMCDLVII
MDCCLXXIII
CMXV
822
MMMCCCLXIX
3827
1074
1904
1932
525
MMXCIX
653
528
MMMCCCVII
DCCCXVIII
MLXXVI
767
MDCCXXXIV
MMMDCCCXII
1746
MCCC
MMCCCLXXXI
MMDI
3538
MDXCIII
3812
1483
MCCCLXXIV
CCXLII
946
MMMCCCLVIII
MMCCCLXXXVII
2424
MMDCCCXLIX
144
MMDCCLXI
DCXVIII
891
3476
MMMDCXCI
MCCLXVIII
DCCV
MCMXXX
3431
3646
364
3803
47
3138
MMMXXXVI
XV
2809
DCXXXVII
MMMXXXIV
MMCMLXXXVII
2890
3925
DCCCLIV
CCCV
3796
DXCII
MMDCCLXXVIII
MMMX
MMMCMXCVIII
3503
MMCDXXXVIII
MMMCDXII
MMMCCCLXX
MMMDCXLVIII
MMMCMXI
MMMCXCII
MCMXCV
618
MMMDCCCLIX
2479
1970
1308
DCXII
58
MMDXXXII
3589
MMMCCXXXIV
623
2839
3986
2334
MMDCCCXLV
MMMDCLXXIV
3100
MMMDCCCXCII
1914
1413
1843
468
CML
MCMXLVIII
2637
MMDXXXV
DCLXVIII
DCCCXCVII
MCDXXXVIII
745
MDCCCXIII
3488
MMMCDXXIII
DCCCXLVII
1083
516
2676
MDLXXXV
MMCCLXXVII
631
MMMDCCCLXXXVII
DCCCLXVII
MMMDCCXXXIX
1618
MMMDCCCLXXXVII
340
MMMCCCXXIV
CCLXXXIII
MMMCCCXXVIII
2179
2601
3574
CDXCII
MCDLXIV
3298
784
MMMCLVIII
1739
MMDCCCXXIX
DCCCLIV
CCCLXXIX
2812
MMCDLXVII
2784
MCCCXVIII
MDCCCLXXXIII
598
MDLIX
DCCCLXXXVI
MMM
879
531
3340
MMDCCLX
1757
MMDXLIV
MMCMXLIX
3801
3384
MCMLXVI
MMLXXXVII
979
2757
MMMCCLXXII
MMCMXX
3822
56
1757
MMMCCCXIII
131
673
2694
MMCCCV
673
DCCCLX
2985
700
MCDVIII
MDCXIX
DCLXXVII
3358
MMMDCCCXXX
MMCCLIX
MMCDLXXVIII
XXXI
1770
CCLXXI
DCCCXLIV
2816
1533
DLXXXV
MCDLIV
416
3790
3020
CDLXXIV
CMXCV
MMMLXII
1792
DCCCXCII
DLXVIII
MCCXXIV
3037
843
3673
1927
834
MMCMLXVI
MMMDCXXXVI
827
2864
631
MMDCLXXXIV
CCVII
2301
3745
2609
MCCCXLII
CCLXVII
1801
MMDLXXXII
3600
3406
1567
3851
382
1876
MMMCXXVIII
MCXXIV
1322
3352
990
DCLVI
MCMLXXXIV
1923
2428
MMDXXXIII
3458
MMCXXXVI
2895
2725
1563
MDXLV
2614
3566
MDLI
CMLXXVII
1197
CMLXI
MCCLXXV
3275
MMDCCLXV
1917
1102
MDCCCLXXIX
3995
1217
MMMCMXXVII
3906
3962
1021
90
578
MMCXXVII
MCCCIX
3599
MMCC
3191
412
MMMDCCLXXXVII
DCCXXIX
2639
326
MMMDCCCXXXIV
MMMDCXLI
3624
DCLXVII
CDLXIX
MMMDCCLVI
MDCCCXVI
3172
3902
440
2805
MMDCVI
DCCLXIX
54
834
MDV
3704
1088
3247
1388
MMXXXIII
913
MMMCDLXXVII
1042
MMDCCCXCVI
3214
CDLXIII
CMXXX
2151
2084
MMMDXV
3956
1682
MCCCLXXXVI
2291
1831
3006
1235
MMDCCCXX
MCM
MCDIII
456
LXXXI
MMMCLIII
3922
MMDCCXXXV
758
761
1071
MMMCCLXVIII
2920
352
1612
45
MMMDCXXXIII
2639
1062
1578
1485
LXXVIII
MMMCCCLXXVI
MMMDCCXC
MCCCXLV
2047
2644
MMDCCCXI
MCI
MMDCCCXIII
MMMCMXCIX
159
MDCCCLXXXVII
2131
MMMCXXIII
1339
MMMDCCXCIV
MMMDCLXXI
1133
MMMDCCLXXXIV
MMMDCCXXVIII
1057
1105
202
257
MMMCMXCI
463
CCCXXII
2018
1108
16
3816
MCCLXXII
MMMCDXCIX
CDLXXXIX
1312
2977
MMDLXIX
MCCCLXXXIII
DXXXVII
MMDCCVI
3017
2241
2004
MMMXC
MMDXXIII
MMMCCCLI
2757
466
MMMCCCV
1024
719
MMMCDXXXIX
MMMXCIX
MMMDCCCLXXXVI
1118
1821
2200
MMMCCCXCVII
600
MMMCCCXXVI
MMCCCXLVI
1343
3527
DCCCXXXVIII
692
1112
1336
90
M
MLX
MMMCMLXXIV
MMCDXCVIII
2960
XIX
34
3663
2457
3764
966
MMDCCVIII
408
1183
MMMCCLV
MDCCCLIII
3251
1821
1672
MCCXL
356
1228
1743
MMCDLXXII
2325
MMMCCXCVII
2313
83
2417
LIII
MMMDCXII
MMDCLIII
3901
CVIII
3357
CDXXIX
214
MMMLXXXI
MMMXII
2099
1736
1088
MMMCLXXI
MMMDXLVIII
1110
MCCXCVIII
MDXXXIII
CLXXIII
DCCCXIII
1632
MMMXLV
DCLXX
1962
MMDCCCLI
MMMCCCXIII
MMMDCLXXVIII
MMMDLXXII
MDCCLXIX
MMDCLXXXII
2092
LXXXVII
2736
MMDCCCXXXVIII
MCLXXVIII
2888
DCCCLXXXIII
2967
DCCLXIV
MMCLXXV
98
2716
3
MMCCCLXXXIII
MDCCCLXXXVI
1594
3074
3285
MMMDLXXXVIII
1515
317
2816
329
2832
109
MDCLVI
3892
3635
3861
DCCXXXIII
1073
3986
MMMDCLXVI
2028
DLIV
MDLV
MMMCCCXCV
2957
2253
MMMCDLXIII
2073
2238
CMLXXXIII
MMMCCCLV
MMCXXXVII
499
926
MMMDXXXIV
3058
3017
214
MMDCCLXIII
1638
2539
423
MCMXXIX
MMCCXXXVIII
893
1483
MCCCLVIII
3808
2782
1445
MCCCLXXXVII
MDCXXXI
2677
MDCXCII
MDXXXIX
2676
MMMDCCLXXXV
MDXXXVI
MDLXXXIV
MMMDCXVI
MMMCMXXXVI
MMCDLXVII
MMCMXXXI
639
XC
MDCCCLXXVI
MMCXXXVI
3262
2078
CDLVIII
2243
1014
1972
MMMCCLXXII
3001
1189
3738
3291
3474
DCLXXVI
MMMCCLIV
MCCLXXXII
MCMLXXIV
2567
MLXXXIX
2923
3982
3227
MDCXXX
MCDXXXIX
1801
3693
73
840
967
MMMLXXXII
3799
CCCXXIII
CCCLXXV
3086
1126
1478
2289
1455
1717
MMCCCXCVIII
1372
MMDCCLI
3869
452
390
2538
MMMLXXIII
1209
MCCXLIII
MMDXLIII
DXC
2062
2988
MMCCXCIV
MMDXIII
1719
2911
CDLXVII
2495
924
1875
MMXXXVI
DLV
426
MMDCCCXII
2997
3720
MMMDXIV
MMMDXXX
CCXLI
MMDXXXV
3781
48
1178
1937
1829
1791
2603
MMMDCCXXX
777
CDXCV
333
MMCLXVIII
MCXVI
DCCXVI
MMCLXXIII
1765
3938
MMMXLII
361
MDXXVIII
CDXCVI
MMMXLIX
1541
CMLXX
2244
CXCV
514
LXXIV
MCDXXI
3852
1467
MDIV
2008
DCCXXXVIII
MMDLXXXII
1814
3354
CCCXLVIII
249
MMCCLXX
551
2223
MMMDCXLVII
377
MCCCX
LXXXVI
349
2685
2237
MMCCCIV
CCV
2181
LIX
3504
885
MMCCCVII
MCCCLXXXVI
3479
MMMCDLXII
688
2297
2538
MMDCCXII
MMCCXXXV
3170
MCCCLXII
MMDCLXXV
2555
850
1353
3740
MMDCCII
MMCDXXXVIII
MMCCCXL
3815
1398
208
2447
145
MMMCCCXXVI
MMLXXII
830
MMMDXXIX
MMMDCLII
DCLXXVIII
228
847
2263
960
322
MXCII
2447
CDLXIV
MMCCCLXIV
MMDCCCLXXV
3277
2474
MMCCCLXXXVI
2683
MMDCCCLIV
561
DCXLVIII
MDCLXXI
518
MXXV
1755
DCCXLVII
MDCCII
2144
MMDCCCLIII
MMDCCCIV
MDCCIV
MMDXLIX
1286
MMMCMXI
3223
MMCCLXXXIX
1300
2492
1826
MMMCCCXCI
MMMDXVIII
MMMDCXCI
MDLIII
655
MMMCDVII
MMCCCXLI
MCCLXXVII
3803
DLXI
MDCCCLXXXIV
1675
3397
MDLXI
3623
12
1845
MMDV
MMCCL
MMMDCCCXLVII
783
MMCCCXVI
MMDXII
MCCLXXXIX
1001
MMCCCIII
MMMLX
XXXVI
3537
2229
68
MMMCCCLXXXI
1428
3746
1171
895
2373
MMMLVIII
1167
MCXXV
DCCLXXXIV
MMDLVII
621
1816
688
MCCCXXXIV
3672
MMMDCCLIV
CCLX
MMXXXIII
2884
1447
MMMCCCLXXXIV
492
MMMCCCLXVI
2228
3576
MMCMV
MCCCLXXV
3818
136
1484
CCCLXXXIX
MXXX
MMMCDLX
868
2598
MMCMXLVII
MMCCLXIII
MMDLXIV
905
MMDCCCV
DCXCVII
XLIV
2254
MDCCXCV
1388
MMCCLXXX
MCXXVI
229
MMDCXCIII
2244
MMMDXCIV
1380
MMLXXI
3601
MDCCCV
MMDCXXVIII
MCXXXVI
MLXV
3704
871
MCCLXXXVI
1618
3148
1836
DLXII
DCCCXXXIII
3674
3331
3082
3327
MMDCXXXIX
3900
MMDCCCXXVIII
810
MMMCDXCII
CXLIV
MDCCLIII
2009
371
1655
685
MCVII
2589
522
MMMDCCLXIV
357
DXLII
3941
X
2326
CMXXVII
3992
1680
DCXCV
3257
1655
DCCXXXI
MMMLXIV
2908
MMMCCXXIX
2710
MMMDCCLXXIII
3784
MMDLXXVIII
MMDXXXVIII
2386
MMDCCXCVII
CCLXI
2624
MCXXXVII
MDLXIV
DCCCLXXXI
2057
MMMDCCCV
MMMCLXXII
MCCLV
CDXLV
3945
MMCCIII
MMCCXXXVIII
2738
203
MMMXXXIX
3024
MMMCCLXXIV
910
898
3891
MMMCCLII
DCLIX
MDCCLXXXIV
MMMDCXCI
1030
1899
MMMCDLXII
1198
3353
3176
MMMCMXC
1007
DCCCIX
2458
2496
3466
878
633
MMDCXCVI
1109
MMDCLXII
3188
3579
MMCXXVI
MMDCLI
MMMCXCIX
1539
MMMDCLXIX
1663
MMCCXXXVII
MMMDCCXCII
2762
2830
1078
765
MMCDLXXI
1456
MMMCMV
MMMDCXXVI
3329
2737
2881
252
642
MMLXXXIII
3508
CDIII
3186
1124
2834
3666
1895
MDCXXX
2902
2380
2691
MCCV
DCCXXI
CMLIII
280
MDCCXLV
MCCCVIII
3752
792
CCCXCVI
MDCCXXI
3837
1823
MDCCCLXXVIII
551
CMLXV
CCXLI
865
MMMLXXVIII
MMMCCCIV
MCXCV
3519
3245
MCDVI
MCCLXXXVIII
MCCLXXXIV
MDCXLVIII
355
1399
MMCMXCI
675
MCMLXXXIII
1214
MDCCI
MDCCCXL
DCCLIV
1789
2636
1861
MMMDLXI
3165
3194
CMXV
3904
MCII
MMDCXVII
3946
MDLXXIV
3594
179
142
49
MCCCV
1508
CXCII
676
743
1541
839
1176
3530
MCXCVIII
2493
II
3231
MMCCCXCVII
2738
MMMDCCXXXIV
DCCCVI
3099
1599
MMCCLXIX
CCLXXIV
MMCLXIV
MMXII
1304
MMDCLXXVIII
372
MCMXCVI
CCCLVIII
94
MMMCMLXXIV
MCMXCI
MMDX
3128
1161
509
MMMCDXCV
2659
MMMDCCLXXV
2601
MMDXCVI
MCDXXXIII
CCLII
MMDCCCII
MMMCCCLXXVIII
291
MMMCCCLXI
1345
CI
MMDXIX
MMCMLXXX
MCMXVIII
MMCDXI
1157
733
2959
MCDXXVIII
CDLIV
1463
MCDLXXXVIII
DCXXVI
1243
MMMCMLXXXII
MCMXL
559
MMLXVI
373
3257
997
MMDCCCXLI
MCCCI
MMCMVI
563
MCCCXXX
MMDV
MCDXCII
MMMCMXLIII
2190
MMMCXI
MMDCCLXXII
433
174
2317
549
3912
MMMCCLXXI
MDCCCXL
MCDXXXII
3624
3606
2182
3755
MMMDLXXXV
MCLXXIV
3296
2784
CDLXVII
MMXCVII
2973
3983
3108
XXXIV
1496
2893
MMMCLXIX
MCXVII
210
MMMLXXIII
1628
1000
MCCXL
MMMCCCXXXIII
165
MMMDLIX
DCCCLXXXV
136
CCCXXII
2084
474
MDCXXXII
CXCIII
3282
MM
MMMDCLVI
CMLIV
2709
1067
1436
DCCLXII
MDCXXXIII
CCXXVIII
MMCMLIX
1455
472
DCCXLI
2731
MMCCXLVIII
MDCCCXXXVIII
308
MMMCMXXXI
243
MMMDCCCXLII
3026
1257
MMMCXXXII
MMMCCLXV
3403
MMMCCCXLV
MMMCLVIII
MCCCXVIII
860
MMMCCLVIII
2226
MMDCCCLXXXVIII
712
2893
MMCMXLVIII
1383
MMMDCXVII
MMMCCCXXXIV
MMMCMLIX
CMVII
2171
XCVII
1781
MMCDLXV
MMCMLIII
MMDXI
MDXLII
3024
MMXLII
MMCCCXII
2380
881
796
DCCCXXXVIII
CCLXXII
MMMDCIII
MMCXX
MMCCCLXIV
CCXXXV
3748
MMMXXIV
1375
MDLX
3121
1859
2729
DCCCXXIX
225
MMDCCCXL
MMMIV
3339
1614
CDLXXV
MDLXI
MCLXV
MDCCCLI
MCCLII
MMCMXCVII
3306
2122
MMMCCCLIX
1520
DXCIX
MMMCI
1072
731
MMMDCCCVII
MMDCCXCVI
2867
3563
2218
MMDXL
2293
MMLXXII
MMMCCLXXI
MMMDCCLXXV
MCCCIV
1105
2392
2681
DCCXLI
MMCDXXXV
DLII
2348
1660
638
CDLXX
3812
MDCCCXXV
305
2877
3715
3487
MCMLXXII
3377
3653
MMXXIX
MMCCLXXIX
MCCCXLVI
DCCCVI
2450
MDCXCI
3841
MMDCCCLXXXII
2782
1128
MMDCCCXXXV
1636
MMDLXIII
2206
DLVI
222
CXXXVII
2777
1680
MMMDXII
MMDCLIV
MMDXVII
CXI
2755
2196
2347
MXL
CMXCV
MXCVI
110
MMDXXXVI
MCCCLXXII
1964
3454
MMMCMXLVII
MCMLXXXV
MCDXXXVI
1320
223
2612
2321
DCCXCIV
3686
MMMDCXXVII
1445
MMMCMXXXVI
3045
MMMCDXXXIII
416
MVI
DCCCL
3187
CCCXX
461
DCCXCIII
IV
735
3226
MMMDCXV
1632
1348
1359
1123
1460
1146
658
MMMCDXII
CCXLVIII
CMXX
1538
CCLXIV
151
MMMDCCCLIV
MMDCCCXV
3665
3930
912
2955
388
1127
L
418
MMMCXCIX
MMCMXXIV
3611
605
MMMDCLXV
1529
MMDCXXII
DCXXII
2909
3580
MMDXXIII
CMLXXXVII
988
MMCXXIX
856
981
MLXXIX
MDLIX
23
3519
1691
14
1723
CXXIX
2827
CMXXII
MDCCXI
709
2685
MMCDXXXI
2821
2497
CCCI
DCXXXI
2254
775
973
MCXXI
3771
2600
3076
389
LXV
CCX
253
2441
2737
303
2849
1019
450
451
328
2825
2769
3455
DCLVI
306
DCCLVIII
2017
MMDV
MMMLXII
1805
2852
1621
683
1081
2925
MLXVI
3960
MCMLVIII
MCMXLI
82
3808
MDCCIII
3261
MMCMX
197
2274
34
3333
2726
1352
329
MDCCXVIII
MMMCMXXXVII
MMLXXVIII
2109
MCXXVI
3880
MMDCCXLIII
2921
MMDCXXXII
759
2395
3996
1281
MMCXVIII
1423
MDLX
1750
MDCCLXIII
MLXIV
2781
959
266
3243
1701
1309
2530
MMCCXCIX
896
170
2984
MMMDCXLV
2215
MMMCMXXXI
CCCXCIII
2898
DCCCIX
2321
1800
216
MMCMLXII
MMMDCCXL
703
1207
CDXL
MMMCDLXXIX
533
MMCDXCVIII
MCLVII
CDXII
MMDLXXXIII
MMMCCCXXIII
336
3247
781
MMMLVII
CMLXXIX
MDLXXV
423
986
CML
MMMCXCVII
MCCV
1726
MMLXXXV
2837
CCLV
2298
3389
1634
LXXVIII
1899
DCLXXIV
469
2266
318
MMDCCLXXIII
MMMLXVII
3642
MMCCCLXXIV
CDXIII
1074
939
1875
MMCMLXIII
600
3116
2994
CCCLXXXIV
DCCXII
MMCCCXLIII
3072
1474
MMM
CXXIX
3723
23
MMMLXXV
1368
MMCLXXVI
MDXLIII
MDCXXXVIII
940
MCCXCII
241
3468
MMMCMXXV
MMMDCLI
MDXVI
MMMCMXL
2715
138
779
1256
MMMCMLXXXIV
MMMCDXXXV
798
1563
MMDCXXXVII
CIII
2823
876
MMMCDXII
CCXXXVIII
1140
1121
1147
2228
1701
1904
CCXXV
MMDIX
3521
MMCCXCV
MMDCCIV
MDII
1430
MDXXX
MMMCCXXIX
931
1136
958
MMMCMVII
MMMDCXXXIX
874
3999
MMMCMXCV
MMMDCXXV
MMCLXXIII
MMMVII
1225
MMDCXXXIX
MMMCXCI
MMMCMLXXXVI
3677
MMMCCLXXX
MCLXXIX
MDLXXII
MMMDLIX
397
854
MMMCDXXVII
MMDCXLV
MXLVII
DXLIX
1121
MMCXLIV
3987
MMMCCCXXI
CMXXXVII
3007
784
2633
2887
3733
2949
2012
MMCDVII
2886
MMMDCCCXCVI
1541
MMCXLII
1168
768
2178
1502
2767
2018
MMCCCLXXXI
MMCX
MMMDCCLII
MDXCIV
MCCCLXXVI
MMMDCCCIV
DXVIII
MMDCCXXVIII
1994
MCLXVI
CCCLXVI
2283
CCXIX
3586
CCLXXXV
3468
MXCVIII
CDXII
34
MMDCCCXLIII
MDCCLXXXIX
MCMXXXV
MMMCLI
2890
DCCLIX
3631
69
MMCMXXIII
DCCCXXVII
MDCLIV
1294
MMMDCCCLXVI
MMMCCLXXVII
1840
CDIX
MDVII
MDCXXX
681
3357
MCMLIII
3523
MDCCXV
409
3615
MDCLXIX
MMMCCLXXI
2106
MMDLXXXII
3094
CLVIII
MCCLV
MMDCLXVI
3251
3445
2609
2642
2400
2108
2342
220
94
MMMDCCXXXIV
2702
DCIII
2751
621
MMDCIX
MMMIII
MDXCVI
MCMXLIX
CCXXXIII
522
MDCXL
MMDCXCVI
3983
MMMDCCCLXXX
MDLXI
3373
2157
MMDCII
MXCI
MDCCXIII
MMCMXXXV
MCDXI
3173
MDCCCXL
CMLV
MMMXXX
3716
3990
2661
MMCCCVII
CDXXI
3864
MCCXCVIII
3687
1316
MDCCLXIX
DCCXCIII
1657
303
DCXXXII
1112
1677
101
DCXXXI
2556
3545
3570
1658
2693
786
1134
MMMCMLXIX
2515
MMMDCXLVII
MMDLXXXI
2990
MMMCCXL
CXXXII
MMCDLVII
844
DCXC
MMMCDXCV
MDCCLXXX
MLXI
MMDLXXXI
MMMCDXLVIII
MMMDCCCLXXIX
MMMDCLI
3670
MMMCCCX
CDXVI
MMCCXXIV
3511
1491
MMDXLVII
DXLII
MMDCCCXXVII
1217
1008
MCMXL
71
MDCCCV
2789
MCCCLXIX
2056
3686
282
DCCCXCVII
1829
3562
1758
1951
1691
MMMCCCXXVIII
2217
CDXLIV
2111
1635
MMMCIII
2330
1798
3558
MCCCX
MMCLXXXIX
4
1439
2820
2330
722
3276
MMDCCXLVI
MMDCCXXXIX
CL
3364
901
3863
MDCXV
1833
3840
MMCMLV
3770
981
MMCLVIII
1950
MMCDLXIII
2965
1549
1618
MXLIV
MDCCCXLVI
1667
MDLVI
3826
2200
3600
2294
3797
1761
3725
1495
MDCXXII
DCCXLII
2730
1533
MMCDXXXV
2329
3648
2661
MMMCLXXXV
CCCLIX
2007
MDCCCXCVI
2133
MMDCCLXXXIV
2104
3492
MMMLXXX
MCCLXXIX
MCMXL
965
923
MMCCCXXV
2413
MMMDCCCXXXII
MMDVII
1413
1927
3932
2343
3886
MMMCLXXV
MDLVI
3617
3895
MMDXXIII
DXIII
473
1205
2723
1364
MMMII
2727
2144
DCLXXXIII
MCCCLXXXVIII
1947
331
MMCCCXI
2388
MDCCIII
2340
CMXL
MMMXLI
2556
MMXXXIX
MXC
799
3469
MMMLXXXI
3373
MDCXCVII
MMMDCLVI
3310
381
3086
DCCLXXXIV
3265
MCDLXXI
2961
MMDCLVI
MXCVII
3510
MMCDXIX
MMMCMLXI
MDCCLXXXV
MLX
1177
MMMCMLXXIX
233
574
MDCCLXIV
MMMCLVI
3568
305
2345
MMDXLVI
MMMDCCCLXX
3906
1557
MMMDCCCXXVIII
3120
CDLIV
2615
MMDCCCXXIX
MCMX
MDCCLXVI
1068
2033
MMMXXXIV
399
MMCDXXIV
MDCCI
362
1009
3889
474
926
3671
MMCLXXVII
1001
CDXCIX
1202
MCXXXII
MMDLXXXV
2408
DXXVI
2943
3118
MDCCCLXXI
3191
1931
3904
DCCCLXVII
MMMCCLXIII
317
3519
1033
2294
2131
1587
MMCXXXV
1846
MCLXX
DCCLXXIV
MMCCCXCIX
417
MMDCCXLIII
3502
CDXXIV
1345
2893
CDXXIII
CMLXXXV
DCCCXXI
MMDCCXXII
2177
MMCDLVI
3580
1216
2011
MMCXLIX
MMDCCXCVI
2160
MMMDCCLXI
MDCCCLXIX
CMXVII
MMLXIII
2915
MMDCLII
MMCDXLVI
2249
DCCCVIII
2729
MMMDCXCII
75
CXC
1408
MMMLXXIII
962
CCCVII
DXVI
MMMCCXCVII
MMDCCXCVI
1559
CLIII
174
3961
CCLXXIII
MMMDCCXCII
MMLXV
1853
DCXXX
1023
1384
1093
MMDCCCXXXVII
MMMCCCVIII
MCMXVIII
3391
MMDCXXVII
3634
MMCDXVIII
MMCDXXXI
MMMDCCCII
679
MMCLXXI
MMLXXXIII
3671
MCMXLIV
MCCXLIX
2367
MMMDCXIV
3412
MMI
MCMLV
2760
MMCCCXIV
DXXXIV
3189
MMCCCLXXVIII
198
3445
MMMXLVII
MMMXV
302
MMDCV
MMMCXXXVI
1146
3903
114
MXCVIII
1137
MMDCXLVIII
1174
1795
1058
MCCLV
574
763
1144
MMLXX
MCM
1962
MMMDXLVIII
CCXXII
MDCCVIII
MMMCCCVII
2483
CCXVII
3583
MCXVII
3657
848
CMXXVIII
3217
CCXII
MMMCMXXXI
MMMDCCCLXXII
MMDCVII
265
256
231
MCMLXIX
MMDCCLXV
DCCCVIII
2884
CDLXXIX
1165
MMMCMXLIX
2954
327
MMMDCCXCVII
2061
MDCCCXXIV
DCCCLXXXIV
L
L
759
MDXXIV
MCDXVII
MMLVIII
2858
CCLX
3499
MMDCLXXXVII
2652
MDCCLXXVI
3756
DCCCLXXIII
2752
2445
3234
1597
MDCCLXIV
1853
2210
MMMDCLV
MCDXC
2814
36
MMCXVI
1531
MMCCCLVII
457
MDCCCLXX
2413
678
173
MMMCDI
MMCDXCV
347
MMMCCLXXXII
MMDCLIII
MDCCXLI
1238
1235
MMMCXLIII
3276
689
MDCCCXXIII
MMMDCCCXVI
2193
771
1703
1569
3746
2178
1038
MMDCIV
MMCCLXX
3631
MMCDLXX
3677
2048
127
2199
1736
3465
2584
MMDCCLVI
3730
CDXXIV
MXXIII
MMMCCCLXXVIII
3217
MMMDCCCLVI
458
660
MMMDCX
CCCLXXXII
867
CMLX
DCXXXIX
1054
DCCCLXIII
MMDCCCVI
3746
1979
MMMCCCXXIX
MMCCLXXVIII
MCMXXXIV
1
3557
2574
3504
MMMCLI
3141
MXXXIX
1017
1561
MMMCDXCV
1536
1577
MMMCCCIX
3245
376
MMMCMI
MCXXXIII
MCCCLXV
MCLXVII
DCXVIII
3821
3354
MMMCCXXI
850
DCXLV
2804
MCCXVIII
MCDLXXXIII
MXXIX
MDLIV
MMMCMLXXVI
412
MMCCCLXV
2325
MCXLIII
3616
MDCCV
612
MMCXCVIII
3633
3795
482
MLXXXVIII
3420
CMIX
3479
3209
1037
3797
81
MMDCCCLIV
MMDCCCLVIII
2329
XXX
3379
MCCCV
1550
2310
XC
1036
2152
MMMCDLXI
3848
1565
3779
124
MMXLVI
2798
2727
MMMCMLIII
MDXXXVII
2349
944
MDCCCV
MMDLVI
657
182
3522
3976
MMCCCXIII
65
184
621
3740
CCXLVII
MMMDXXXV
MCDXCVIII
1867
1966
2709
3743
MMMDCCIII
MMMDCCXLIX
MCDLXXXVIII
3886
MMCLVII
MV
310
3896
MDCCLVII
2795
MCDLXXXV
MMMCXXVIII
832
39
3628
MCMLXXXVIII
2921
MCDXCI
3486
33
699
CXXXVI
DCXXI
3204
3668
DXII
2507
2312
MCXLIX
3602
328
DLII
3474
MDCXXXVI
MDLXIII
2618
MMMDCXXIV
405
3528
7
3370
3111
MMXXIII
2931
2549
MMMCDLI
MMMCMXCI
MMDCXLV
115
MMDCCXIII
MMMDCCXL
D
MLXXXV
2214
3080
2754
MLVI
MMCDLXXI
MCCCXXVI
MMMCMXXII
MMMLXI
3586
3528
557
1174
CCXCI
MMMDCCCXIII
CLXXV
2484
1805
CMLXX
MMCCCLXXXVIII
1496
961
2989
2273
3429
631
3976
MMCXVI
MCXI
1070
3088
MMMCMLX
MMCMLXXVI
1395
1736
MMMCMLII
485
MMMCDXXIX
1249
MMCCCXLVI
CDLIII
582
CCXXIII
MDCXIX
MDCVII
MMDCCCLXXXIII
1935
MMDXXXI
702
MDCXXVII
3601
167
1156
CCCLXX
3039
MDLXVIII
312
3077
MDCXXI
MDLXXXV
MCMXXXIV
MMMDCCLXXXIX
MCXXXVI
248
12
MMMCCLXXXVIII
MMCDVIII
3298
MDXLVIII
2319
1886
MMMDXXXV
516
409
MMMDCCCLXX
536
CCLXXXIX
1362
1101
329
MMDCCCXX
1332
806
MCXII
1286
2917
DCCI
3813
408
MDCCLXXXI
1691
MMDCXCVII
MCDLXXXII
MMDCXXXVIII
658
662
1107
MCDLV
MMMCCCXII
967
3982
757
CDXLVI
3309
MIII
MMCXLII
2682
MCLXXXVIII
1339
MMDCCLXXX
2317
MMMCDXIII
3013
MMDCXXXVI
MMDCXXXII
532
MMDXXV
1656
MCCCVII
MCDXIV
641
MMMCMXLIV
1301
MDCCXCV
MCCCXXI
207
MMCMIV
2726
3666
MMDCCLVII
MMMDCXCIX
MMMCCCLVII
1065
DXXI
MMCCCXLI
3100
DXXXIX
3726
MMCCCIV
1059
3218
MCMLXXIV
DCCXLII
430
3873
MMMDXXX
MMMCDI
864
MDCXX
3411
MMCDLXXXIII
2930
1578
CMXXIV
1472
1788
MMDCCLXIV
MDCCXXXVIII
2062
MCMXXIX
2047
MCLXXVIII
MDCCXX
MMCCXCIII
1548
3505
1861
MMMCXXI
2134
MMMXXXV
133
2908
MMDCCXLVIII
1714
526
3115
DCCLXXX
2308
2974
1559
3804
MMMCMXCVI
DXII
DCCXVI
MMMXLV
DCXI
2835
MCCLXXVII
MDII
324
3217
MMMDCXXVII
2515
2432
MMMCDXXXIV
MMMDCXVI
MMMCXXIX
3321
MMCMXXXIV
MMLXII
MMCLXIX
MDCCCXIII
3886
1627
MMD
MDLXIII
MMMDCI
MMMI
3
MMCDXXXI
2286
1780
689
3889
3325
1585
596
2028
MCCCXXVIII
855
3351
LVIII
MMMDL
MCCXLVII
MDXLVII
MCCLXXX
1145
MMMDCLXXXIX
619
CCLXXIII
MMMCLXXIX
257
MMMCCCXXXIII
DLXV
MDCCLXXX
929
MDCCLXXXI
MMMLXIV
DLXXXIII
1751
1059
3617
DCCXIV
3031
1540
762
MMCCCXCI
DXXXVII
MMCCCXCIII
MMMCCLI
290
1
MMCIX
626
DCCCXXX
820
MMMDCLXXXIII
MCXXIV
2422
DCLII
1595
MMMCCCXIX
2658
1829
2730
MCCXXV
MMMCDXXV
3208
MMMCDXCV
CXLII
MMCLXXXII
LVII
MCMLXXIX
MMMDCIII
MMDCLI
MMDCCXXXIX
MDCLXXXIX
150
MMMCMLII
836
2871
DCCLIV
917
3117
MDLVI
3487
2130
MLVI
2854
MMMDXXXIII
MMMCCXXII
3717
358
MMMCMVI
383
3642
MMCD
2213
MMMCDXLIV
2001
2220
1030
2781
628
CDXLV
2340
CCCLXVI
MMMLXXI
477
MMMCMLXXX
2923
MCCCXXXII
MMMCLXXVIII
MMDCCLX
MMMDCCLXXX
2236
3359
1054
3218
1281
1374
CCCVI
MMDCCXLIX
3759
829
3256
3844
MMCLXXIX
3142
CCCXCII
MDXLVII
1192
MMMCD
XLIII
MDXCV
DCCXXXIII
2337
MMDCCCXCIII
3677
MDCCCXVIII
2918
572
MMCXXIV
MMCDLXXV
DCCCLXXXII
2101
MMCXV
MXXVIII
1079
DCCVI
2363
2157
2497
3373
2198
MMMDCCXLVI
3206
MMDCCLXX
3366
MMMCCX
3284
MXLV
MMMLXXXIII
MMDIV
2363
3303
MMCXVI
MI
MMDCCCLVII
CXXXIX
CCCXLV
MCMXXXVII
2659
262
MMDXXVI
3723
1127
DCCCVIII
MMCDLXXVII
1074
MCDXLVI
MDCCXLIV
MMCDLVII
MCXVII
398
DCLXXXIX
1978
322
MDCCIII
274
490
MXVI
MXXIX
3910
2428
DCXLII
1589
3336
CMLVIII
2799
MMLXXIV
1383
DCCCII
MMCXCIII
MMMCCCXXXIII
MMMCMLV
3589
765
MCXXVIII
CMVII
1624
DCCCLXVII
CCXLVII
MMCCCLXXII
CCCXXVI
CXLIV
MLXXXII
MXCI
MCMXXV
142
MMMCII
DCCLXIX
CCCL
1420
255
1227
MMDCLXII
MMDXC
LXVII
MCXII
MDCCCLIV
MMCCXXIV
MVIII
MMMLXII
591
3666
MMCMLXXIII
MMXXIV
3195
MMCCXXXII
CCCXCVII
3547
1976
456
MCMLX
CCCIII
3261
1125
MCCXLVIII
2372
MMMCCXXI
1637
2114
2614
1558
MCCCLXXXV
3437
DLIII
MXIII
2377
MMMDCCCXLVI
MMMCMLVII
MMDCCXXVII
CDLXXVI
1406
CMXLIX
3681
3107
2195
3954
CCCXCVI
MMLXIII
1032
MDCCCLXXIII
2194
MMMDCCLXXXVI
MMCI
MMCMLXXIX
550
3779
2150
CXXXII
CCXXIX
DCLIV
CMXCVII
MDCCCXXXIII
MMMCMLX
573
972
2748
1367
181
448
1815
DXXIII
MCV
3621
351
MMMXCV
164
3631
MCCXXXVI
3309
2041
811
DLXXXVIII
3590
1399
859
762
1498
MMMDCCLXXIV
2452
MMMDCII
930
MMMCCCXLV
1385
MCDLXXXI
MCDXXII
MMCCXXXV
260
MDXLIV
CDXIX
MMDCCXXIX
2574
3805
MMLI
CMLXX
MMMLXXXIX
MDCXLIII
1662
MCXVII
232
MMXXI
3614
1333
MMMDCCXLVI
MMMCDXCIII
53
1151
514
MDLVIII
1580
MDCLXXXIV
MMMCDXC
1304
MMDCLV
MXXV
CCXL
2337
2841
DCCCXL
2354
876
3498
MMDCLXXXVII
2152
3563
MCLXXX
1579
445
3269
1639
CCLXXXIII
DCCCLXXXIII
2588
1174
MDCXLI
128
MMCMLVII
3958
3694
3843
2573
MMCCXCI
MMMCVIII
93
1057
MMCDLI
MMMCMXVII
2572
2435
MCDXLIV
1679
2984
MMCDLI
1612
2748
2463
DCCCXCVII
DCLIII
433
MDCCLX
DCCLXII
MMLXXIII
1822
1255
MMMXLVI
CCCLXXXVI
MMMDCCLXIV
MDLXXXIII
2825
1589
MMMDXCII
MMMCMXXIX
MMCCCLXXXVI
MDCCCLI
MDCCCXII
3109
MMMCMXCII
MMMDCCCXXXVIII
3157
MMMDCLXXI
MMCCCXIII
DLXXXVIII
2126
3388
524
1199
CLXX
MMMCDLXVI
MMCMLXXVI
3552
MCXLIV
1276
2317
MMMCCL
2113
2299
3383
557
1637
MMMDCCCLXXII
3175
522
MMCDXIV
MMCCCXL
1827
206
MMMDCCLXXX
1951
2214
319
3929
MMDCCCIX
CDLXXXVII
2460
1629
1211
2409
MCIV
2614
434
2133
465
CXCI
2518
MMXXXVIII
MMCCCLXI
MMXLV
1865
MCXI
3957
MMMDCCCIV
MMMCXXXIII
CDXCVI
MMMDCCCLVII
3262
MMMDXI
130
929
1463
MMDLXXX
2584
1125
MMXXVIII
MMMCMXVI
2426
2848
3551
CDXCII
3478
MDCLIX
MMCCCXVIII
MMDLXXIV
MMMCDLXV
CXLVII
MMDCCCLVII
MMMCMXCII
CDXLII
MMCDXLV
MMMXXX
3279
445
CMXXIX
MMMCCCXLV
1389
2673
MCCLXXV
MCCLXII
MMMDCLXXXI
1212
CXII
2576
CMXXXIV
MCMLX
1032
1871
3414
MMCCXLIII
MMMCMXXXIV
MMMCCCXXVI
2151
MMDVII
55
DLXXIV
1622
3762
182
MMMCMLXXXIV
CCCLXXXVII
1215
2205
MMMDCCCLI
3822
804
MLXI
MMMCV
MMMXXIII
1048
2386
2047
DCCIX
1832
1436
MMMDCLXX
544
MMMCLXXVIII
1364
MMMDLXXVII
MXXII
MMDCCCXC
MMCMXLVIII
3989
CLVI
116
XLIII
785
MMDCLVI
CCXXXIV
2626
1937
MCCLXXV
MDCCCLXXXI
2234
MMMCDXXXIV
697
2404
3662
3344
MMDCXLVI
2606
3765
3369
MMMCDXXV
720
MDLXXIX
1539
655
MMMDCCCXXXIX
92
932
2430
DCCCLXXXVIII
MMMCXXX
3338
416
1490
MMMDCCCLXXVIII
MLXXII
3348
1376
136
MMXXXV
36
2980
2472
MCXXIX
3309
3084
MMCDXIII
2092
MMMDLXIX
543
1852
1870
LXXVII
MDCXXXIX
MMMCCCXXI
1506
2214
MMCXVI
1024
1211
1831
MMCLXXXVIII
3882
1846
DCCCLXIX
1536
461
MMLXIV
1608
3028
2526
692
MMDCLXXVII
2240
CMLXVI
MMDCXXXIX
DCX
MMMCCCLVI
MMMCMXXXIX
3397
2591
1534
CDXCV
3759
361
MMXXIII
MCLXXXVIII
MMDCCXXIV
MMCDXCVII
DCCCXLVIII
1821
1592
1394
732
3766
CCL
MMMDXXII
MDLXVII
2077
MMMCMXII
377
MMDCVII
MMCCLXIX
MMMCMXCIII
MCDLVII
1013
193
CMLXI
3977
3407
CCCXXVII
MDXVIII
CCXXXVIII
3876
MDCCCXCII
CMLXXXVI
1397
1012
MMMDCXCIV
2623
MCMLVIII
671
CCCL
MMMDXXVIII
2440
MMMDCCXV
MMMDLXXXVIII
11
MMMCCCLXIX
2550
MMDCCCVI
MMDV
2335
3391
MMMDCCCXIII
CCXV
MMDCCXCI
MMCDLXXXIV
3815
MCMXIII
840
3841
MMMCXXXII
MCDLVIII
1933
MMDCIX
466
3263
MMCCXIV
391
2096
MM
MDXXII
CCCXXIV
DXXX
1737
MMMCCXCVI
2291
3913
MMDCCXLV
MMMCXXIV
MCCI
3757
2895
DLX
1730
2486
CCXVI
CLXXXIX
MMCDXCVII
282
3358
DCCCLXVI
CMXCVIII
MMMXLV
MMMDCLXXVII
3340
DX
CDXLVIII
1494
219
MMMCCCXCVIII
2929
CLXXXVII
523
3403
DIV
2528
MCCLXX
598
389
CDV
MMMCDLXXXIV
2023
MMMDCCXL
2134
3374
3174
CXLV
MMMDCCCXXXIV
3663
DCCCLXIX
3395
1336
568
MMMCDXXV
1272
MMMDCXXXIX
1789
XCVIII
MDLXXIV
MMDCCXI
MCLXIX
1728
27
MMMCCCXLIII
598
2207
MMMDCCXXVIII
1009
2552
3545
2376
3343
MMMDXCVIII
1902
MMMCMXLVI
1
MMCLXXXIV
1455
2355
MCDLXIII
3013
374
931
1786
1997
2150
739
2112
MMMDCXXXIX
3806
CDXCII
2386
MCDXXIV
MMMDCCXXXII
MMMC
1845
872
MMCXCVII
MDCLXXXI
MCCCVIII
MVII
3894
MDCCXLVII
MMMCMXXVI
MMCDLIV
3976
1447
MLXXIV
MDCCXV
MMMDCXCIII
DCLXVII
2303
MMMCMLIV
3669
2705
MMMCMLXXIX
1233
2985
1164
MLXXVI
900
1589
3242
MMCDIV
MMDXL
1495
MMMDCCXCIII
DCLXI
MMDLXXI
MCMLXIII
2526
348
2998
MMMDCI
DCXLIV
MMDCCCLXV
1531
3004
2832
MMMDCCL
MMMDCCXCVIII
461
2456
1512
MMXI
86
3237
3468
MXCI
1684
3108
MDCCXXXVII
MMCMXV
MMDCCIX
357
374
DCCXXXI
2554
1144
2706
1949
MMMXCV
2514
1889
MMMDCCCXCII
3339
1068
2718
MCMLXIV
2121
MMCMIII
2208
2403
648
3581
2726
2818
3306
3818
MCCXXVII
104
691
151
1123
3695
MMMDXLVI
MDCCIII
DCCXXXI
MMCMXII
MDCCCLXXXIV
MMMCCCLXXVIII
CMXLIII
2051
MLXXVII
CCXCVI
MMCCLXXXVII
3891
MDLXXII
944
2298
MDCCLXXII
MCMXCIX
154
DCLXXVI
CDLVI
MDCCXI
MMDCCLIX
MMCLXXIX
3751
MMMDCCLXXI
MLIII
MMLXVIII
MMDCCC
MMMXI
MMCDLXIV
MMMXXVI
3700
3474
3953
MMCC
3406
MMMDCL
3571
MMMCCXLII
MCCV
CDXLVII
CCLVI
MMMCMXCIV
MDCCV
MCXVII
MMMDCCCLIX
MMMDCXCIV
1922
MMDXCVI
2878
MMCMXCII
MMMDCCLXV
2688
3752
DCCXXII
CDVI
MMCMLXVI
3140
CCCLXXXII
815
3501
MXLIV
3974
MMCDLXV
1873
2075
4
2209
3305
MDCLII
1929
MMMCMLXIII
1968
MMCCCLXXXIII
LXVII
MMCCXCV
MMMCXXXIV
LXXXV
CMXLIII
3418
3897
MDCCCLXXXI
3186
1170
MCLXXV
MXXII
3753
DCCXXXII
2698
MMDCXIII
MMMCCLXXIV
1108
MMMDXIII
CCLXVI
MMMCLXXXVI
MCMXVIII
MDCLI
3618
121
MMDCCLVIII
MMCDLXXII
MCCCLXVIII
3878
368
2088
2826
MMMDCLXXVI
136
3599
2416
3219
DLIII
1268
MDCLXV
2594
1731
2680
368
47
MXXXII
3629
MCCCLXXX
914
1146
1867
MMDXLIX
CCCXXXV
1153
MDCIX
MMXCII
MMMCDVII
3877
2481
MCMLXX
3510
1319
MDXLII
3953
442
MMMDXXII
3997
1632
MMCCCLXXVIII
1669
2008
MMCMLXII
MMMDXII
3343
1436
3746
MMMCMLXXIX
MCXXVII
MCCCLXXX
MMCCXCII
2411
3678
711
1469
MCCXXI
MMMDCCCLXVI
518
24
CML
3127
304
MMCLIII
825
2115
56
1554
MMMCCLXXVII
MMCCCVII
2864
MCDXXXII
2815
749
CMLXXII
DCCXV
969
1988
277
3522
272
1820
MMMDCCCLXXII
1444
MMCMXX
2422
2058
1202
3133
MMMDCLXXXIX
DCCCLXXX
855
996
1860
MDCXV
2253
3300
CDLXXXII
3475
2368
2033
2433
474
625
MMMDCCCLXXXIX
2287
MMMDCCCXXXII
MCMLXX
MMDCCXX
2925
927
MMMCCXL
DCCXIII
1033
2345
MMMCMXXXIII
MDCCLXIV
CLXII
MMDCCCLIX
DCCCIII
1382
MDCXCIX
MMDCCIII
MCMXII
74
1800
MMXLIX
2032
214
2996
MMCCCXVIII
MMMDCCLXVIII
DCCCXXXIV
3448
MMDCCLXXXIV
MMDXCIV
83
MMMCCXLVI
2813
MCXII
MLII
1237
MMMDIII
1107
DCCCXLVII
3176
MMCCCXII
401
MMMDCXI
2087
MDCLXXXIII
314
3841
2036
DXXVII
1786
2921
MMCLXXXV
MMCCLVI
MDCCLXXV
1874
MDCI
1574
MDCCXIV
2111
359
1980
1417
2731
2234
MMDXLIV
MMMCCXLIII
MMCCLXXVIII
MCLXX
MMMDCXCIII
563
3660
2601
MCCXXXVIII
MMLIX
VIII
MMMDCCC
3681
205
2113
2033
MMMCDXXXV
3277
MMMDCCXLVIII
CCCXXXIII
2961
MDCCLI
3137
1050
MMMDCCXXI
MMCCLXII
901
MLXXXIV
992
MMCDLVI
2512
MDCCCXLII
1347
MDCLXIV
2913
CDVIII
MMDXCVII
3457
MMCMLXXXI
3449
MCMXCVI
1638
282
CMXXXVI
DCCCVII
3909
1211
295
166
536
705
263
MMMCCCXXVII
2595
MMMLXXX
2184
CXCVIII
653
76
842
MCCLX
2491
1109
2200
3142
CCXXVII
MMMDCLXXXIX
MMDXX
3101
MCDLXXXV
MMXXXIX
1371
CCXXIV
1031
1423
MMDCCXXXIV
MMCMXC
MMMCCCXCIX
3622
2866
MCCCLXXI
2968
525
DCCCXCVII
MCCLXV
744
214
203
MMLXVII
MMMDCL
MMDCCLV
MMMLXXI
3585
3803
1494
MCDLXIV
MDCCXX
MCCXLV
CMVI
MMCCCXIV
MMMCIII
MMCMXL
495
1608
MLIII
MMCDXLII
DLXVI
166
MMCMLII
3366
MDI
MMMDCCLX
CCXVIII
2869
DCCXXX
1239
MMDCCCLXXXV
MMCXX
1947
809
MMMCCLXIII
MMDCCXLIV
2231
838
MXLIV
DCCCV
3709
CCCLXXXIX
MMMCCCLXIII
MDCXXXVII
CCCXVIII
3117
CCLXXXIII
MMMDCC
MDLXXIII
1441
2796
2981
1536
MCCCXXXVIII
MMMDCXII
MMCDXXV
1084
CXXXVII
548
392
158
MMDCXXXII
3545
MMDCCCXIII
2624
3367
MMCCXXIV
MMMCDLXXXII
6
1580
MMMDCXLI
MDCCLXXIII
799
2221
MDXLIII
1909
1672
1679
MMMCCXCII
DCCXXIII
3780
MMXII
MMMXXXI
MMMCCCXV
1532
1478
1529
XVI
MMMCMLXXXIV
MMDCLXXIX
CCXVI
1871
683
MMMCMXCI
MMMDLXII
1018
1336
3412
1127
MMMXCIX
1243
MMDCCCL
2700
CCLIV
DCCCLXXIX
1755
2999
MMCCXXXVII
661
MMDCCLXIX
MMCCCXX
DCLVI
MMMCMXCI
DCLXXXVIII
3297
MCCLXXXIV
1065
1501
X
3267
MDCXCIV
MMMCCCXX
3484
390
MMMDCIX
DCCXLIII
2932
1407
283
1582
3080
MMMXXXVI
3654
MMCDXCVIII
MCCLXII
2259
MMMCCCVI
MMMDCXXXII
95
1804
782
MMDXXXVIII
XXXIX
1390
1794
CCXL
MMMCXXV
MDCXXXIX
MMMCXII
CCXLIX
2087
1627
CDXLII
1213
3826
3122
MCMLI
DLX
DCCCLXXVIII
2582
3696
2925
3299
MMMDCLII
MXXXIV
MCX
CCCLXV
CCCXVIII
367
MCDXCVII
DCCCLXXXV
3954
1056
MMCCXI
416
MMMCDXLVIII
MMCCLXXV
1678
DCCCLXIII
3511
MMMCDLIX
2762
MCDLV
2504
182
3975
2725
MMCCXLI
2447
MMMC
3562
XLIII
MMDCCCXXVIII
MMLVIII
350
MXLVIII
DCCCXCVI
2562
1218
2173
1587
MMDLIV
219
DCCLIV
CCLXVI
MMMLXIII
MMDCLXIX
3071
351
MMCXXIV
MCCCXCIV
3692
3290
MMMCVII
601
3284
DCXXX
2824
1018
MLII
MMDCLV
1119
MMDCCCIX
1524
1226
1097
1608
MMCCCLXXX
951
CDX
CCCLXXXIX
2565
2174
622
3979
DCCLXXVII
3537
974
CCCLXX
500
1744
MDCCXXVIII
929
3267
MDLXXVII
2615
891
3843
3264
335
1832
DC
MMDXXIV
600
3457
MMDCCXXI
MCDXXVI
MMDLXXXI
1850
3544
638
MMXXIV
CVII
MMMDCLVII
MMCDLX
MMDCCXXXV
377
3533
638
237
MMCXXVII
MMMCDXLVIII
MVIII
2294
1061
3385
3952
305
1281
MMMCCCXIX
1916
CCXLVIII
1740
LXX
2405
3072
2407
245
DCCCXCIV
MMMXII
3109
MMMDCLXIV
2043
MLIII
2213
MCDXII
MMMDCXCVI
2791
492
DLIV
2112
83
MMMDXXX
MMMCCXXXVI
DXLVII
LXXVII
2812
DCLXXII
CCCIV
406
1940
DCCXCII
3325
973
3569
MDXCVI
MMMDCCCXCII
2924
2796
3607
CCXVI
XIII
CLVII
MDCLII
MD
3545
1620
MMMDCCCLXVII
833
MXLVI
MMDCCXXX
284
2426
2969
MMMDCCCXLIV
MCMLXXXII
1810
1146
2828
MDCCCLXXX
2476
8
1747
MXX
MMLVI
1099
MMCDLXII
3674
MMDLVII
MMCDI
MMCDIII
MCMLXVII
MMMCDXIX
2040
MCXLV
MMDCIV
2626
MMMDCCXIII
MCLXI
MCLVI
MMLXXVII
MCMIX
167
3073
1185
MMMDLIV
MMMDV
3432
2030
DCCCXXXVI
2995
3690
137
1907
2633
3611
MMDCXLII
1582
875
2216
MMDCCCXII
MMMCCCLXXXIV
MMDXIV
MXCVII
1491
MCMLXX
MMMCX
3716
MMCXXXVI
MMMCLXXXVIII
MMCDLXVI
MMMDCXLVII
DXLVIII
CCXLV
MMCDLXXXV
MMMDCLIV
921
503
MMCXCIII
MCMLXXXIII
CMX
2067
MMMDCCCIX
DCXLVII
3875
1254
MMIV
MMMDCCCXXVI
MDLXXXV
1996
MCXXIII
MMMDXIII
2840
MDCCLXVIII
MMCMXXVIII
3853
MMMDCCCIII
CDXCIV
DCCCX
DCCLVI
1669
MMLXXVII
MXXVII
1854
1233
MMII
MMCDLXXVIII
1160
XII
1425
3205
DCCCXXII
1707
2277
2552
3699
MMDCCCIX
1558
MMCCXXVII
MMCMLX
2207
585
MCCCLXXXV
695
3812
3085
DCXLIII
MMCDXIV
MMDCCXVI
MCXLIII
MDCCC
3118
2226
1432
583
2683
2884
MMMCXLII
3461
CCCXCIII
183
2218
1064
DCLV
844
1102
MMMCCCXXXVIII
MMLXX
1540
123
DCCLXXI
3470
CCLXXVI
2681
2394
MMDCLXIX
MMCCCLXXXVII
MMLII
527
3248
MCCLXXV
MMDCXX
3890
3565
MCDLXXIX
LXXXVII
1653
CCXXXVI
MCCII
3479
1228
MMMCCXXXVII
MMMCDXVIII
1451
MMMDXCVII
1009
MCMXXXII
38
LXXXVIII
MMMCDXXXIII
MMDCXIX
MMDCCL
1698
2681
2121
2318
MDXIV
MMCLXXXV
1551
MCCCXLIX
151
MCMXCIV
MCCLXXXIV
2040
MMCCCLXXIV
113
2358
1415
MMMCCCL
3090
MCLXVI
2755
MCCXC
MMMCCIII
MCCCLII
1561
1704
797
2683
MMDCLIV
1017
703
MMMXIII
MMMXXI
MMMDCCXX
30
MMMDLXI
MDCCCXCVIII
DCCCX
MMXCIII
3175
2375
318
MMMCLII
MMDCCXXXIX
1753
1379
3197
MMMXXXII
DLXXII
1606
2217
MMXLIV
MMDXLVIII
1130
MMMCDII
CCXLII
MMXXIX
MDCCCLXXXIV
870
2144
DCCXXVII
MMDCCLI
3228
MMMCDVII
155
3711
2180
1964
3357
1536
MCCCXXVI
2357
1749
MCML
2653
2397
MMXXXIV
MMMCCLXXIII
MMCCCXXVIII
3303
445
2337
277
MMDCCCXLVI
2909
2437
MCMLXIII
CCCXLVIII
1596
1457
2966
MDCXCIII
337
3623
3295
DCCLXIX
MCCLXVI
MDCCCLXXXVIII
2808
DCXCI
MMDCCXCII
490
DCIX
3969
MMMCXC
3191
MMMDCCXXI
MMCCVIII
CDXLVII
CCLXXX
3639
MMDCCLIII
2503
1880
CLXXXVI
MMCMXXIV
2864
826
MDCCXLIX
3023
CLXXXIII
MCCCXII
2654
2138
MDCXCI
MMMDCCXXXII
CCXI
232
1374
2123
1653
3963
2781
MMMCXXVI
DCLXXIV
255
DCCCXC
2306
2411
3899
2892
1677
2980
2488
625
DCLXIX
CCLXXIX
29
MMMCMLXXVII
1056
1268
MCLXXI
MMMCCCXXXIX
DCCLXXXVII
2418
9
CDLXXVI
97
MMMDCCCLXXVI
MMMCCCLII
MMDCCXCI
1994
1876
MMMCDXXIX
2977
DCLXXVII
MMMC
MCLXI
1175
MMMDCXLVIII
3856
MMDCXLV
MDCXLIII
2704
3738
MMCLV
CCII
3788
82
DCIII
MDCCXXII
MCCCXLIV
MII
DXCVII
2314
594
MMCXLII
MCCIX
2148
MMMCCXXXV
MCCXXV
3795
DCCLXXXIII
MCCCLIX
CCCVI
3137
MMDCLXXII
DLI
DCXXIII
MMMDCCXXI
3983
1152
MMMDCXCIII
496
2442
445
MMMDCXXXIV
1390
MMMCMLIII
409
MMMCDLXVII
159
CCLXIV
CMLXXVI
3397
MMDCCCLXXXVIII
3960
3972
LXXXV
3558
1237
MMDCLV
MMCMLXIX
2635
1767
MMCCXIII
2727
1913
CXXII
3121
3867
MMMCMLII
1287
MMMDCCLXXVIII
CMLXXXVIII
2375
3346
DCCCVIII
2361
1077
MMMCMXC
3688
2106
2622
MMDXLV
MDXXXIV
MMMDCXXXIX
MMDXCIV
MMMCLXXX
MMMCLXXVI
2853
3142
3779
2173
1555
DCCCXCIX
2365
MMMCLVII
MDCCXLVIII
2711
1551
2622
CMLVI
262
CCLXXV
255
3483
2054
1719
MMDCCXXXVI
MMMDCCIV
MMDLVI
265
339
CXXIX
CMXXIX
MMMDCCLXVII
3417
MMMCDXXXIV
211
2661
683
1376
781
1002
178
225
MMMCCLVI
2774
1690
DCXLVIII
MMCDLXIX
MCDVI
MDCCLXVII
2944
MCXXII
MDLXIX
3009
2319
2193
672
MM
1696
974
MDCCCV
MCCCXLVIII
2691
MCCCLXXXII
615
MMLXXXI
3775
3902
MMMXCI
2957
DLVI
2988
MMMDCLVII
3369
CXXVII
3964
2586
2209
585
345
MMDCLXXV
MDCCLXI
MMMDCIII
MDCCXXXIV
1495
2208
MMMDCCCXXII
MMXCIII
2578
1753
912
2004
CCXI
3445
CCCXXX
1023
3135
MDCCLIX
CCCLXXVI
2932
3264
MMMDCCXXIII
MMDLIII
2510
1609
3614
1181
CCCLXI
MMDCCCXIV
DCCCXCVIII
3297
2606
MMMCDXIII
MCDLI
DCLXIII
CLVI
3690
1817
MCLV
3041
CLXXVI
792
957
2634
452
DCCXLVII
2812
MMMLXI
2424
DCCCXCI
2171
288
1720
MMMDLVI
CMXXXI
MDCCCIX
MMDXCIX
2297
MMDCLXII
1257
52
3644
914
1542
2727
2455
MMMCCCLIX
MMCMLXXXV
MCCXXIV
3094
1431
1246
DCI
MMMCMXIV
MDCCCLXIV
MMCDXXXIV
MMMCCCLXXI
DCCLXIV
MMCVII
2287
DV
MMCCLXIV
CDLXX
2823
1333
MCCLXIII
238
DCXIX
MMCDXCVII
3417
3813
MCCXV
2552
2511
MMMDXLVI
DCCL
3314
XXII
MMCMII
3148
2504
2340
MMMDCCCXLVI
MMDCXXVI
1488
MMCXVI
1112
MCXXVII
3298
LXV
2402
MMMCCXCVII
3135
656
3037
MMMDCXXVI
2521
2773
MMMDCLIII
CCCLVI
1538
3754
3562
DCCCLXI
1096
MCCXXVIII
3356
CDX
CMXXXVI
1158
MDCCXXVI
2924
73
CCLIX
1096
DCLXXXIII
MDCCCXV
147
1803
3585
MCMXXII
265
MMCCXXXIV
1324
MMMCMLXIX
2013
460
MCCCXXIX
MMDCCXI
1977
CLI
3520
CDXXXVII
2368
2984
MCXL
MMCCLXXXIII
MCMXVIII
1607
MMMDCCXX
DCCCIV
2262
3703
MCMXLI
DCCCLXXV
3339
MMMDCLXXIX
883
3222
MMCD
MMCCCXXVI
MMDXXV
3936
1184
1596
CCCXCII
MCMLIII
MMMCCCLXXI
3832
1843
MMCIV
MMDCCXCVIII
3468
MDCXXXIV
3672
MMMCCXII
186
3687
MMDCCLXXI
3967
1797
3606
2175
3437
749
MDCLIV
MIII
MMMDCXV
MMDCCLXXXIX
1530
2753
MMCCCXXXI
49
3414
3683
1399
MMMDIII
1139
MMMDCCCXXIV
MCXLIV
862
MDCXXXIII
MMCXXXI
MMCII
2004
2680
MMMDCCXCV
MMMCCCXLVIII
2810
680
MMMDCCCX
310
MMMCCCXIX
MXXVI
1829
MMMLVII
1258
1686
MMCCCXVIII
2018
597
MDCLXXXVI
MCVIII
1799
MCCCIII
3235
CDLIII
3562
MMMDCCCVI
3029
MMDXCVIII
3930
MMDCCCVIII
MMCDXLIV
1069
3038
614
3154
3744
MDCCLXXIII
3595
DCCCXI
DCXCVIII
CDV
1585
MMXLI
MMMXXXIX
27
MCDXLVIII
MMMCMXXII
173
999
MDCCLXXXVII
3681
2558
MDLXXXVIII
MCMXLVII
DCCCX
MMMDCCLXIV
635
2885
MMCVII
MDCCCLIV
MMDCXXXVII
MMDCLXXXIX
MMMDLXXIX
MMCXXVII
MMCD
DCCVII
2703
MMCDXCVII
MDCLI
MCXXXII
1160
CMLXXXI
3926
2264
1220
577
MMDXXVI
1836
MMMDCCCXCII
MCMLVII
MMMDCCII
MMDCCXCIV
MMDCCCVIII
2847
2534
2251
2997
966
MMMDCCCXLI
MMMDCCLVIII
MMCCCLXXV
MMCMXXVIII
MMMX
MMMDCLXXXVIII
MMDCCCI
DCCXLV
MMDCCCXXXI
2554
1333
MMMCLXXXV
2525
MMMLXV
2165
1754
MMMCMII
MDCLXIX
DLXXV
3283
MMMCLXXVI
1682
DLXXV
MLXVII
3494
MMDXVII
2449
1597
1666
CCLXIV
3013
MMCXXXIV
2148
2371
CCCXLII
MCCXXVIII
2190
DCCCX
CCXLV
MMCDLVIII
766
1859
1546
CCXCV
3883
MCDXLVIII
2295
2288
3469
MMMCXXXIX
MMMDCCCV
MMCXVII
456
706
604
2304
3675
1601
MDCLXXXII
MMMCDXIII
777
MMXXXV
1439
MMMDCVI
MMMCCXXVII
MMIV
MMCCCLXII
1778
MMMCDXIX
MMCMXXIII
475
27
1271
MXCI
2428
3649
3675
MCMVII
722
2052
CXLV
2694
3755
CDIX
2127
CCCIX
707
MMMDCCCLXXV
MMCCCXVII
3652
1189
MMCCLIV
3154
66
1259
1795
2757
72
CCCLXVIII
MDCCCXIII
3727
MMCXXXIII
MDCCXXV
DXCI
MMMDCCXXVII
2867
MMDCCCXXIV
MMDCCLXXVII
1194
DXXXVII
413
MLXX
CDXXXI
781
XLI
MMMCDLXXIV
257
MDCCLXXVI
3735
2934
MMMCMXXXVI
1839
1683
627
3271
2881
MMCCCLXXXVII
3235
MMDCCLXIII
CDXXXIX
647
3498
2909
2623
2402
MMDLXII
MDCXII
MMDC
CDLXXVII
1517
2919
MMMLXXII
MMMLXXII
2986
1928
1803
MMCDLXVI
MMXXVII
CDXLIV
3356
13
1763
1258
1281
MMCMLIX
CDLXVI
MMDCCXIV
2404
2805
1346
3251
MMMDLXXXVIII
2345
3822
MMDXXXVII
3338
3209
3877
372
CDXCIX
MDXXXII
1814
MMCXLII
1905
MCCCVI
3572
2591
3904
CDXXVI
MCMLXXI
MMCCCXCII
MMMDCVII
2143
3259
CMXCI
3455
DCCCLXXVII
MCMXIV
2379
MMCCXXXIX
MMMDCCLXXX
2828
MCMLI
XCV
2718
2305
2863
1438
MDCCCXLI
MLXVII
3608
538
3859
3939
MCCXXX
644
MMCCLXVI
CDLXXXIV
MMMCCCXXXVI
282
3439
1725
MDCCXCV
3335
MMDCXXVI
MMMDCCXXXVIII
MDCCLXXXIV
MMCLXXXII
916
1719
1203
3782
DCCXI
MMMDCCLXXXV
CCV
MMMCCXII
MMMDCCCIX
2221
CIII
MMMCLXXX
MMMCMXIX
MMMDCCCXV
CXXXVII
1567
2964
MDXLV
LXXIV
3839
1239
248
3240
3870
597
DLI
2643
MMMCDXLIV
MMCDXXXIII
40
2122
MCDXII
MCXLIV
1155
1632
850
3066
2803
MDLIV
3253
MMMCMXXXV
MDXLIII
681
187
988
2405
DCCCVIII
MMMCDXCV
CCX
1082
2601
3781
CDLXIV
DCLXXXII
MMMCMXXXIV
MDLI
803
1972
772
MMMCLXXXVII
MMDCCCLVI
MMMCCCXVII
94
352
CCCLXXVII
MDCCLXXIV
1825
MXXII
MMMCCXXIII
MDCCCXCI
MCMXLII
3305
1020
MMXV
CCI
3560
DCCXXIX
749
MMDCCXXXVI
1893
MMXXXIX
MCDL
1836
2476
2270
MMDCLXXXIV
1920
DII
2866
MXIII
601
MMMDCCCXV
MMMCDLXXI
MCDXC
1529
3372
1212
MMMDCCIV
2922
MDCCCLXXXVI
132
MCMXLIII
CDLVII
MMMCMXXIX
1958
2913
MMMCCXXXIII
MMMCIV
CMXVII
MMMDCCCXXXV
1112
MMMXC
2392
937
MMMCXCII
MCMXLVI
1638
DLXXIII
MMMCMXXX
CDXCIII
132
MMCCXCII
2761
MMMDCCCLV
MMMVI
1982
MDCCCLVIII
MDCCXXXVII
854
MMDCXCV
MDCLXXIX
MMMCCLXXIV
DCLI
MDXXXIV
1464
3551
1713
3126
MCCXXXVII
2384
2119
MCCLXXXVII
MMMXCIX
CCCX
1494
MCCXCIV
3492
MCDXCIII
MMMCCLIX
CCC
1635
CCLXVIII
1163
DLXXX
DCCXLV
MMMLXIV
DCCCLXIX
2206
MDCCXXXIV
3498
MXCIV
2311
1283
MLXXXII
1298
MMCDXXXVI
1426
CXLI
950
3022
1411
1895
MMDLXXXIII
DCXXXVII
MMMCXXXV
3221
MMDCCLXIV
2548
2428
DCCXCV
2061
CXVI
CDLXXXVI
CDVIII
MDCCCXCIX
2430
MMCDXXXII
967
MCCCLXIV
187
MMCCCVII
828
MCMXXXV
3974
1930
1444
MMCCXCII
MDCCCVI
MMMCDXXVII
911
512
615
3238
MMMLXXVIII
MDCLIV
1806
MMMDCCLXXV
2070
1817
MMMDXXXVIII
MMMDCCCLVI
3407
DXXI
MMCMVII
MMMCMXXX
CCCXXXVI
MMDCCCLXVIII
MMMCCCXI
3095
279
CXIII
3767
1152
2
CMXXXVIII
MMMDCCLVI
349
726
1615
MMDXX
3078
MMDXLIX
1194
1271
MDCCLXXXIX
1623
MCDXLIX
369
3175
DC
324
2891
MCCLXXVII
3101
MMMCCCLXXXIV
587
MMCXII
MCDLXXIX
MCLXII
MMMDCLXXVI
MMMCLXXXIII
2002
3804
MMXLI
558
MMDLXXVIII
MDCCCLXV
CXLVIII
DLXV
3906
MMMDCCC
285
MMCXCI
2031
242
1318
MMDCCCLIII
MDXLII
MMCCCXCVI
3004
MMCCXII
3928
1219
3839
1045
DCXLV
MXXXIV
1577
DCXIX
565
22
2100
2440
MDCCXXV
MMMDCCCXCIII
3959
2144
MMDCCCXCV
2493
390
1301
XIII
MMCMXCIV
2002
MMLXIV
DCCCLXXII
MMCMLX
3880
692
1436
CMII
MMCMLXXXIII
MMIX
1817
500
54
3947
MMMDCCCXXXI
CMXXIX
MMDXVIII
MCCC
160
1036
MMMXXXVII
3326
MDCCLXXXVII
MCCXLIII
431
2789
2239
3369
666
MMCDXXVIII
MMCMLXVI
2099
3435
2165
CDLXXXIX
MMMCXCII
MLXI
2890
319
MCXXXV
2336
3790
1705
2899
170
MMCMLXXXIX
913
639
2277
1988
MMMDCCCXCIX
MXXXV
MMCMXCIX
MMDCCCXXXIX
3590
MCXLIV
1965
MDCLII
3528
MMMCCCLXXVII
2734
963
MCMV
3349
3001
LX
MMMDCCXXVII
3878
MCDLX
CCL
MMMXXVI
2930
1460
MCCLXXXVII
131
3953
474
DLXXXVIII
MDLIII
3985
MMDCXXII
2910
MMDCCXCV
2662
423
967
2411
MMDCCXVII
MMMCMXXX
2587
2423
1984
3891
DII
2132
2026
MCDXXIV
790
CMXIII
536
MMMLIV
3657
DCCCLIV
2282
MCCCXIX
1671
3520
MMCCXII
2528
LXIV
DCLI
MMCCCLXIX
MMMCLXV
3306
3675
2068
MCXCIV
659
MMMCCXLI
251
3798
MMCMXLVI
MCCCXLVIII
764
2333
MMXII
MMDXXXIX
MMMCCCXCIX
3145
MXXIII
3008
1846
693
MMDCCCLXVIII
2931
MMMCCXCVI
MMMCDLXXXI
DCVII
XXIX
1873
2060
2257
CMLXXXIII
666
1968
3796
MCCCLXXXI
MDCCLXXX
MCMLXXIII
714
MMMCCLXX
MMMCCCLXXXVII
137
1611
227
3257
494
MMMCCCX
2834
1082
1640
MDCXXXVII
1570
1315
MMMCDXL
3479
3866
MLXXIV
1943
MDCLXXXIV
213
1453
MLIII
MMMCMI
1160
3889
3635
2772
216
MMDCLXXV
MDCLXXXV
DCVII
MCXC
CMXXIX
943
1391
1757
2710
MMCMLVI
MDCCXLVIII
3672
3640
3306
LXXXIII
3099
211
2410
1854
MMDCXCIV
MMMCCCXXIV
MMDCCCLV
3793
MCMXLVII
MDCCXC
794
1663
CMLXXXVI
MDCCXXIX
MMMCCXVIII
1943
MCCCXCVI
1828
1023
DCXXXVIII
MCCLXXXV
MMMCDVII
1353
CXLVIII
MDXIX
MDCCXCII
MCCXLIII
MDXXXIV
65
3759
1611
86
3950
3288
1898
2099
127
2487
1241
252
1931
2763
DCCXXIII
MMMDCCVI
MMMCCCLIX
321
702
51
2793
2386
1895
844
3176
2576
MMMCMXLVIII
MMCDXXIX
1352
MMCLXXX
1109
1636
3403
MMMCMLX
CMLXVI
1020
3790
MMMDCXXXII
1289
CMLXVII
MCLIX
MCCCXV
MDCCCLXXXV
MCXCIV
3756
2251
MMDCXCII
2618
743
MDCCXLIII
584
174
MMCXCV
2406
3685
MMMLXXI
1215
1043
500
MIV
MMDCXXIX
981
DCXCIX
3016
MMCCCXCII
DCCCVIII
2259
1163
MMCLXXVII
CCCXX
MMDCXLI
MDCCXCVI
802
MCCCLII
MMCDLXXI
2598
3487
3036
LXVI
2332
1108
DCCCXIII
2256
MCMIII
MCCCXXVI
2544
2922
798
1064
3158
MCMXLV
XXVII
MMMCXXIX
1883
MMCCVIII
3328
378
MDII
1132
2490
2121
2380
3798
MDXCIII
161
589
2995
1831
MMCCXVII
621
2021
729
MMMCXXXIV
2542
MDXLIII
401
MDCCX
MMDCCCLXVII
MMMDXIX
MMMDCCCLXXXVII
2878
MMMCDLXII
1157
MMCCCLXXVIII
1593
MCDVIII
MDCCCXXXVI
MMCCXCI
2805
2624
CXL
3840
2206
1772
MMCCXVII
MMMCDXCV
MMMCMXIV
MMDXCIV
916
MMCMLXIX
2234
1993
237
3950
MMMDCCCXXXV
2622
3729
CMXXXIV
MMMCMXXXVIII
3011
1841
MMDCCXXVII
MMMDCCCXXI
MCLXXVI
1849
2582
450
3977
CDLXXXV
MCCIX
1824
CMXCV
CCCII
606
3930
3225
MDXCVIII
153
MDCCXXX
1609
MCDVI
MMMDCCCXXVI
1713
CCLXXVIII
MDXCI
2717
3954
1351
XCVII
MMMCDLXXII
3310
CMXXX
2437
MMDCLXXII
442
2725
576
3290
MCDXI
666
1659
2255
MMMDCCCXXX
780
1716
MMMCCI
MDL
MCMXCII
MDCCX
3623
MMCCCLXXVII
MMDCXXXVII
451
1537
CDLXIV
2606
2984
499
MDLXVII
2900
2521
1581
210
3126
950
MCCCLXI
MMDL
MDCLXIV
MMMCCCXXXVIII
1976
DCCLXXVI
MDCCCXV
MMMCCCVI
3688
XCIV
CCCXXIV
3050
MCCCLXVI
3991
3249
MMMDCCLXVII
CCXI
CDXXXV
CCCXXVII
2326
439
2749
MMMDCXLIV
2297
CCCXC
MDCCCXXXVI
MXLVI
3615
MCDLXXVII
2561
MMDCCCV
MCLIII
916
MMMCDXLVII
74
DXC
2280
46
DXI
CDLXXVII
CCLXII
MMMCCLXXVII
DCCXC
2524
1267
MMCCLXVIII
MMCLXXVI
3628
MDCLXXIX
MDCXV
DCXX
CMVI
1864
3184
MDLXIX
MMDCCCXCI
3661
MMCCCXXXIV
851
1598
MMMCLVII
790
2113
1858
2003
1050
MMMCXXXVII
CCLXXV
CLXXVII
956
1216
940
1776
MMMXCIII
685
MMCDXXI
MMMCCXLII
MXVII
737
MMCMXCVI
1995
CDXLII
2954
DCLXXII
MDCCCXXV
704
CCCXVI
1628
3315
3979
MMMDCCXXVII
2624
MMMDCLXX
MCCLXXII
1054
CMXLV
1230
MMMDCCCXLVII
MCV
1983
3022
2729
2598
MCCCLXXIII
CXIII
CCXLIII
DCCCXC
MMCLXXI
DCCCXVI
MCCCLXXXVIII
MMDCCLXXXIX
2895
1702
1900
3104
3577
DCLXIV
MMDCLVII
MMCL
MCDLXXXV
CDXX
MMCLX
MLXXXIII
1826
MMMCCCXCV
MMMCDXXXIX
MMMXVI
3578
2146
811
2027
CCCXLVIII
MMCLXIV
3397
MMCCLXI
MMMDCCXX
DCLXXX
CDLXIX
MDCCCXXIII
2250
826
3191
MMMCCCXXVII
890
MMMLIX
MDCCCXXX
CDXXXIX
3972
242
MMMCCXXXIX
MMDCCCLXXXVII
1118
MMMDVI
MMMD
1779
1918
3750
2935
2195
3673
CCCLXXIX
MMDCLXXXVII
DXXXII
MDCCCLVIII
2086
MCXLI
MMCMXXV
MMMDCCXXXI
1931
CMXX
2582
MMMXVIII
MDCCCXLIII
2889
MDCXI
3286
MMCDXLIII
432
MMMCCCXXIII
1908
2035
MMMDCCCXXXVIII
858
3090
MMMDXII
MMDCLXXIV
3152
MMMCDLIV
2689
MMCCLV
736
DCCCLXXXII
MDCLXVII
MMDCLXXXVI
79
3640
MMMDCXXX
MDCCCVII
XLIV
2531
MMXXII
2889
CXCIV
MMMDCXLI
204
3072
872
MMCDLV
359
MMMDCLXXII
3310
3582
MCXCII
942
731
DCCXLIII
MMMCCCLV
2803
195
MCLXI
MMMCCLXI
MMCCCXCVI
176
MMDCCCLXXV
MXLVII
2028
MMCCCX
2942
MMMDCCCXXVII
MCCVII
MMV
3028
1604
MMDCLXXII
3969
MMLII
CLV
CXXXVIII
MMDCCXLVIII
1817
MMMCCLXXIX
MCMXXXVI
MMCDVIII
3552
1139
MMCCCXLV
3699
2598
3486
204
MCMXV
514
2628
1774
2201
3630
2103
1992
2390
34
1502
3081
MMMDCCCII
MMDXL
MMMDCCCXXI
658
346
63
1416
2571
1615
2818
2060
3576
MMMDCCCXVIII
1063
MMCCXVIII
1764
MMCCLXXXVI
1696
2044
3219
MMDCXXV
MCCCXCVII
2971
MMDXXIV
CDV
1128
485
3466
MMCCCXX
92
216
MM
MXLVII
477
DCLXXXIX
MMLXIX
2673
2582
2189
MMCDIX
582
2544
2750
CXXVII
MMMDCCVIII
MMDCCLXXXIX
MMDCCCXXXVI
1727
435
MDCCXLIII
MCMLXIX
377
MCMLXXV
2570
MCLXVI
2977
MDXLIII
2164
1219
2713
XXXIII
1135
3566
MMMCDXXXIV
CCCLXI
2600
MDVII
3104
1159
75
1050
273
MXXXIV
MMMDCXCIV
MMDCCXXXIX
XCVII
1249
1147
3559
3144
1430
MMMCCXCIII
MDCII
MMMCCCLXXVI
MMMDCCCXXX
MMMCXLI
MDCCCXXXIII
MMMDCCCXXI
215
MMLXXXVII
MDXLI
625
MMCCCXLI
MMDLXXVI
126
977
3688
LXXXIV
MMMCCLX
MMMXVIII
497
1504
CDIII
MMCXXVI
2466
579
3726
342
2364
MMMDCLIV
MMMDCCCXIX
MMMCCLV
3034
1819
2273
MMMCDXXXI
1049
MCCCXIII
MCDXXX
MMDLXXVI
3008
783
1559
3630
2146
DIII
MDCCLXXIX
2028
MXCIX
MCCCXCVI
1910
MMMDCLXXXVII
3603
MMCDXLVIII
696
MMMCD
2190
MMDCCCXXVIII
3989
2835
87
DCCXCIII
1344
413
1065
2664
MMDCCCLXXXIV
MMMDCCCLXI
1356
MCCXIV
MMMDLXXXVII
3111
MIV
2618
MMDCCCLXII
MMCMXXXI
MDCCLV
2356
MMCDLXXXVI
MXXX
MMDCCLXXXIII
3202
2765
2925
869
DCXXX
DCIII
DCCCXVI
DCCIV
MMCDXVI
729
MMCMXCIX
MDCXXII
MMCCI
2052
MMMCLI
446
3973
CDXIV
MDCCCXIV
2712
MDCCLXXIV
1342
MMMDXXXV
3501
222
MMMCCC
MMMCML
MLXIII
MMCCXV
MMLVII
2569
398
2231
2905
DCCLVII
LXXXVIII
490
MMCDXCV
307
CLXXIII
MCCCLXXII
3462
3641
MMDCLXVII
MDCLXXV
DXCII
X
3774
MMMCCCXXXIV
45
734
2183
1501
2153
MMDCCCLXXIX
3379
415
2989
MCMXC
147
MDCCCXIV
689
MMMDXVIII
2519
3842
MMDCCCXLIX
MCCCXXXVIII
MCCCXLIV
MCD
219
314
CCLXXII
1924
CCLXII
3890
2953
117
800
68
MMMDCCXLVI
MMMCLIII
539
MMMDCLXVI
MMMCCCLXXXII
CLXXII
3621
169
2931
CCCIX
1508
1228
MDCLXX
MMMCLXII
571
1941
DLII
MMCCCXLI
MDCCCXCVII
3587
MMCMLI
1408
MMDCXLVIII
3218
3495
1911
MMDXXXIII
318
MMCMXL
MCCLXXII
538
MDCCCII
MMDXXXI
1129
1579
302
MDCCLIV
DXXXV
1478
CLXII
3902
MMCXLV
1481
MDXXII
3169
136
125
DCCCXVIII
1784
MMMDCCCLXXXIV
2858
2617
3780
1203
CCCXXXI
MMMCMLXXVIII
MCCCXV
161
MMCDLXVIII
3700
CCCXXVI
950
DCCCL
MDCXL
3706
MMCCCLXXX
MDCCXCII
613
962
MMDCCCXXXVIII
23
1599
CDLXXXI
MMDCCCXX
MCDXLIII
2537
2004
2958
MCCCLXXIII
1430
1145
2599
DCCCXXXVIII
MMCMXLVIII
MMMCCLXIII
MMCDX
MCMXXX
MMCCCXVII
MMMCDLVIII
1895
CMLXXXVI
DLXXXIII
577
CCCLXVII
242
2264
MDCCVI
MMMCCCXXIX
2829
1403
MMDLI
2640
MCCCVII
444
2718
1099
867
MXLIX
839
555
223
MMCMXCI
DCCXXII
3521
1907
1586
3411
MCMXCVII
3328
341
MMCCXLIV
CII
MMDCCXCII
MMCMXXXIX
MMDCCCLXXXII
2402
MMCCVI
2524
C
MCDXXVIII
MCDVI
MCMXCVIII
2714
MMCCXXXI
MMXLIX
66
2957
MCCXCVIII
MMMCMXXVIII
MMMCCXLIV
MMCCCII
3424
584
DCCCXXXIV
MDLXV
MCCCLXXIX
1125
3674
MMMDCCLXXXIV
770
CDXCIX
MMCCXXXVI
MMMCDXLVII
MMMDLXIV
DCCCLVIII
385
DLXXVIII
DCIV
MDCCCLXXXVIII
2754
DCXIII
721
2385
2412
3839
2978
1335
2414
1532
MCCXXXV
MMDCCCLXIII
703
MMMDCXXXVII
CDLXXIV
MCDVI
MCMXXXIX
CCCXLVII
1209
1505
3331
DCCCLXXVIII
MMMDXXVIII
1015
MDXI
9
3472
MMMDLXXXVI
1986
MMMCDIV
3887
MDCCCX
MMMDCCCXVI
MMMCXX
MMCCXCI
CCCXXI
MMDCIII
2522
CMXXXIV
CCLIX
1371
3191
3185
1416
MMMCDXXVI
MMMCDL
3572
699
823
2027
MMCMLXXXVII
2770
MMCLIV
MXXII
2804
1387
MMMCCVII
MMCMXC
1843
1030
MMMDCXLVIII
1157
MMXXI
615
CCCXXVIII
867
1301
MMMDCCXXXVII
3930
CLVI
CCLXXVII
928
MMDCCLV
526
MMMXCVII
2342
CCCLXVIII
DXCIV
MCDXCIX
DVI
2387
CLXXXIX
DCCCXXX
MMMCLXI
3929
2299
1597
1911
MMDCCXCV
209
MDCCLXXXVIII
659
722
1641
2171
MMIII
MMMDCCLXXXI
2121
DCCCXLVI
MCDXIV
MMMCMXLV
351
341
3
470
DCCX
MXI
296
160
3204
1572
MMXLII
1090
MDLXII
MMMDCIX
MMMCCXXXIII
2629
MMDXLIII
2830
CMXXI
MMCXIV
MCCCLXXXIII
877
1733
1131
3678
3187
MMDCCL
1115
549
MMMDCCCVIII
CDIII
MCDXVIII
MMMCCCXXXIV
1559
3387
2147
MCCCLXXXV
1173
MMLXXV
3559
2021
2702
3043
329
3556
1010
1638
MCDXXXVIII
3865
MMDCCXXVIII
MDCCCLXXIX
MMMDCXC
MMMDCCXCII
MCCLV
MMDCCXC
2576
MCXCV
2974
MCMXXIII
1483
2386
MMDCCLXXIII
MMDCCXX
3787
MMDCCCXCVIII
1367
MMMDCXCIX
MCCXXXII
MCMXCVIII
1289
MDLVIII
MMCMLXXX
MMMLXXVIII
MCDLIX
3219
3292
909
3791
2818
DLVI
1323
MMMCCCXXXIX
MCMLXXIII
MMCCCVI
2562
1889
813
1719
DCCCXV
24
3727
2051
MMMLXXIV
3349
1295
2307
2889
MMDCCCLXIII
MMMCLXI
2923
CCLXII
3474
MCCXCII
3868
MMCCLXVIII
CDXXXVI
3563
3610
MMMCMLII
242
CMXCII
1136
1798
MMCCCXLIII
CLXXIX
MMMCCCXXVII
454
CMLXXXIV
1273
3344
391
MMMCCCLXXXVIII
MCDLXXIV
DCXCIV
MMCCLXXXVIII
3846
DCLXXXIII
711
MMMDCCCLXXXVII
MCCCLXIV
667
MDXXII
3060
MMMCCCLXXIII
1663
1562
534
3203
1828
1563
1821
2206
2755
558
MMDLXXX
3678
78
807
MMLX
3826
1199
2846
1875
2203
2492
MMDCCCXIII
CDXVII
994
3837
MMDLXXXV
3114
3531
1094
MDCLXXVIII
MCCCLXIII
MXCI
MMMCXXXVIII
1611
2134
2952
2970
3415
MMCCLXXXVII
LXXXIX
3400
2807
2727
MMMCCLXXXIV
MMDCCXCIX
3617
MMMCMXXVI
2907
CCLXXVI
MMCCCXXXIV
725
DCCCLXV
MMDCCLXXVIII
2770
MMXXVI
CCCXVI
1123
588
DCCXCVI
MMDCCLIV
2853
MMMDCCXLIX
MMCMLXVI
646
DCCCXVI
1253
MMXXXVII
MMMDCCCXIII
848
MMMCXXI
DXLI
MMCCCXXXII
XXXVIII
3547
MMMCLXXIX
MMDCLXIII
1913
306
MMMDXVIII
MCDXVI
MMCLXXXVIII
MMDCXLV
CMXCIX
MDCCXCIV
MMMDXL
3422
MMMCIII
MVII
MMMCXXVII
MMCCCLXXXVII
887
MMMDCCCXLV
2056
3735
466
2786
CLX
DXC
MMDCXXXIII
MMCMLXII
MMMDCCXL
1360
2424
MCCXLV
2665
3926
MMCCXCVIII
DLXXIV
3021
1191
MDCCCXIV
2507
MMMVI
DCXXXI
MMMDCCXI
1659
3829
606
MMMDCCLIX
MMMLXXVI
CMLXII
3149
MMMCMXXXIII
749
2727
MMMCDXCVI
MMDLXIV
CXL
536
MMCCCXLIV
MMDCXLVIII
2890
3864
MCDLXXVI
550
1166
1303
MMMDLXVII
DCCCXIX
1018
974
172
995
MCCLXXXIX
MCCLXXXI
3240
DXCI
1245
CMLXVII
3069
MMMCXXI
2511
MMDLXVII
MMMCXCVII
MDLIV
MMMCMXCVIII
MMDCLVI
MMCCCXIV
708
MMDCCXXIV
2428
836
1139
CDLXVI
3755
MCCLIII
216
MCLXXXVII
3128
2239
1216
52
DCLXIV
MCCVIII
MDXC
3211
3544
1198
2370
1408
366
1547
1223
2938
MMCCXIII
2185
MDCXLIV
1895
MMMCCXLIX
2206
1099
MMCMLXX
377
MCCXCVII
MMMDCCCLXXXVII
317
CMXXIII
MMMCCXIII
LXXVII
780
2121
MMCCXXXIII
MMCMIX
CML
MXCIV
MMIV
DCCLXI
3934
345
2007
1715
MMCXCII
DCXLIII
3983
1334
CMXXVII
3176
MMMDCCXI
1638
CMXLVII
MMDCCLXXVII
LV
1803
MMMCMXXVIII
2866
MMDCLXVIII
1945
MMDCV
MMMDCXL
3340
MDLVIII
MMDCLXXXVI
MMCMLXXVI
3856
CMLXVII
MMMDLIX
MMCMXI
1125
1800
CLXIV
3971
MMCDXXXIII
DCCXXV
473
2040
MMCCCLXVII
634
2721
CDLXV
3552
MXCIII
MMDCCCXIX
MCXII
3511
CCXCII
1547
MMDLXXV
3568
MMMCLVI
MMMDIII
3169
LXXXI
CMXXXIV
143
3917
MMMCXXXIV
2594
3029
3935
766
33
3690
MMMCLXX
MCCXCIII
CLXXXIII
3210
2833
1848
DCCLXXII
MMMCCXXXVII
2307
MMDCCXXXII
2395
1884
626
2792
2578
2628
MMMCDXCII
3893
360
MMMCCCLXXXII
MMMDLXXXI
MMMDCCLXXXII
2290
609
3916
2837
DCCCLXX
1620
1903
923
MMCCCXLV
2457
MMMCCIV
DCCCVIII
1735
MMMDCCCIII
1192
MMCMLXV
CL
1608
1874
232
2359
DCXIII
MMMCCLXXI
MMMCDXVII
2896
198
MMDCCLIV
1464
461
3098
595
MXLV
MVIII
1178
MMMDCCCXCVII
CDXLI
3974
750
3445
MDCCCXXXVI
2913
925
MLXI
3846
2024
3046
3105
MMMCCCXLII
2860
DCCXCV
MCCLXXXVIII
CCCLXXIII
2879
XXII
3838
DXXXIV
CLXII
2096
MCDXLI
MMMCXLV
MXXIV
MMMDCCCXLVI
2861
2910
3966
3244
318
3659
3389
CMLXXIX
MMMDCCXLVI
CCLXVI
2026
3421
MMCXLV
1750
2257
MMCDLVIII
1438
3367
2352
CCV
DCCLIII
2124
CLXXIII
2151
MCCCXXX
2526
MDCLXXXII
3428
79
3303
MDXXVII
1811
981
2808
MMMCDXXV
561
DXIV
2572
MMMCMLII
3709
MLXXII
MDCLIII
472
MMCLI
MMMCCXXX
3355
CXXXV
MCCCXXV
MMMCMLXIX
MMMDXXIX
DCCLXXXVII
3010
MMMCDLXXVIII
2316
CCXCV
MMXXXIV
1457
DXXXVII
MMCCIV
1813
1869
224
DCXC
974
2920
MCCLXII
MMMCCLXX
MMDCCXLVIII
MMMCMXI
2476
3053
1114
MMXLIX
1459
1598
2237
2334
MCDLXXXVI
447
2375
CMXX
3198
2212
MDCXXIII
MMMXLIII
881
3901
1460
3583
MMMDXLII
3551
2732
2092
MMCCCLXX
2257
645
MMCCLXXXIII
531
MCCLXXI
225
MMCMXX
MMMLXXXVI
MMCMXII
MMCDXXX
MCCLXVII
2432
2630
MCCXCI
CMX
2025
MDLXV
DLXXXVI
2597
1871
2584
3218
XXVI
1062
MMXCVIII
3939
MMMDCLXVI
2705
583
MDCXLIII
DCCLXVII
MCCXI
CMXCII
183
DCLIX
MMMCCCXXXIII
3690
239
MDXXXVI
MLXXII
MMCCXCIX
1379
MDCCCXCI
2930
2573
MMCLV
2699
1870
1691
MMDCCCLXVI
3162
3433
CCXLII
MMXCV
1014
508
MMDCCXCI
1460
3598
MMMDLI
MMMCDXIII
MMMCCL
1765
DCXXVII
350
MMCCXXIII
MMMCCCXVI
2737
MMDCLXIV
3067
MDCXXXVIII
MMMDCXCIII
2776
MCDLXIII
988
MCCXLVII
MMMDLXX
MXCV
3392
2095
3638
MDCCLXXIX
574
MMCMXIII
3688
MCCCLXXXVII
2952
316
352
MMCLII
MMDXXXVI
1921
2665
3493
3177
1495
MMCMXCI
MMDCXIV
3286
466
CDXIV
MMMDCVIII
MDXX
3236
MMMCCCLXVII
3461
1009
MMMDCLXXVII
DCCCXL
137
1282
2481
MCDV
MDCCIV
559
MMMCCCXXXIII
CDXII
2650
DCCLXXXV
CDXXIX
635
MCDXVII
MMMCCCLXXVII
CCXXV
590
1262
2997
1780
708
L
409
69
MMCDLV
MMDCCLXXXVII
1213
3488
3985
MMDCXCIII
CLXXVIII
MMCMLXXVII
942
MMCCCXL
2688
MMMCDL
3604
360
DCCLXXIV
1799
2819
3576
3467
141
LIX
MMMCMLXVII
1729
2656
2957
2671
MMLXVI
1396
1044
271
DLI
1584
MDCXXXVI
CCCXXXVI
1236
MDCCCXXV
CCCXCVIII
MMDCXLIX
1095
MMCCCLXXVII
CCLXXIV
MCCCLXXXIX
3580
MMMDCCI
MCLXXV
MMDCCXLVII
3649
MLXXV
770
2983
IV
CDLXX
1482
MMDCXLV
2439
192
CLIX
1873
2373
MMDCLXXVIII
MMCMLXXXVI
1401
MMMDLXXXI
CDXXXIV
369
DCCLXXXIII
DXLI
2201
MMMCDLXXIV
MMMCDLXI
MMDCCCLXV
MMCMXX
2794
702
3268
XXII
MDLII
MMMDCCXIII
769
3211
MMDCCLXXXIX
MDCXCVII
MDXXII
CCCXCIII
MMMCMI
3180
108
MMMLXIX
3835
3667
37
3600
1241
DCXLVIII
2591
1263
MMCII
MMMCDLXVIII
1467
MMMDCLXXXII
MCDXCVIII
3288
3444
MCXLIII
2638
MMDCCXXXVII
2551
MMCIV
CDXXV
2643
3730
DCCCXLVII
923
1148
CCCLXXXIII
2144
2828
3188
2190
1387
533
777
MMMDXVIII
1193
1590
DXXXIV
3827
687
92
MDLXIX
CCCXLIX
MDCCCLXXVI
MDLXXII
MMDCCXXV
1670
DCCLVIII
MCCII
IX
MCMLXXXIX
MCMII
21
3869
3017
2607
1524
381
804
1776
MCDVI
MMMDXXXII
627
MMMCDXI
MMCCLXXXIV
376
MMDCLXXXVII
MMLXXXV
37
MMMCMXLIII
CCCXXXII
3356
3593
62
3216
MDCCCI
MMMCMXXXV
MCMXLIII
CXXXIX
1143
3112
MMMCDLXXXII
1121
912
2086
3921
2510
1699
1299
MMDCCCXXXIX
XXIV
1392
3922
494
MMMDLXXVI
MMDCLXXIII
2007
3209
MMCCXXVI
MMCCCLXXI
MCCCLIII
3503
MMMDCCCLXXXVII
2076
3829
MMCXXXIII
3982
MMMCCXIII
MCLXVIII
MMCCXIX
475
2579
2252
62
MDCCLXXV
CCCLXXXI
MCMV
MMDCC
1114
1924
1517
1939
2560
2380
306
MMCMXCII
MMMDLXVII
DCCLXXXI
MMDLXXV
MMXCVII
LIII
CCXXXIV
MMMXLIV
MMCDXXIX
MMMCCXXXV
MCLXXXIII
MMMLXIII
580
3473
MMCMXIV
3335
MMCDLX
3450
615
2764
533
10
230
MMCCXXXII
3071
DCCCXIII
2676
2222
1568
DCCCX
MMC
MCCXXVII
3217
MCXVII
400
1522
II
MMMCLXXXVII
1267
MCCCLXXVII
1966
DCLXXXII
MMCCLIV
1183
MMCDXXXIX
1270
3134
MMDCLVI
MCMXVII
CXIV
2776
CDLXXXV
MCLXXXVI
MMLXIX
1434
MCCCVI
CXIII
CMXVII
1743
1245
2538
1247
MMDCXXXVI
DCCCXCVII
131
1231
CDIX
2460
2325
1273
1665
CCII
2917
MDCCCLXVIII
CCXLVI
MMDCCLIV
678
CXLI
MMDLXXII
MMMCCLXXVI
CCCLVI
CCCXXXVII
MDCCXCIII
MCDXLIX
2713
MMCCCLXXIV
1321
MMCCCLXXIV
931
CXC
424
1872
MMCMXCV
MMMXXXIX
MMMCMI
CLXXXVII
1418
233
2868
MCLII
CCCXIII
1621
3658
MMCCXXXIV
2280
8
2970
MMMCCXXVI
MCDLXVII
CDLV
836
MMMCLXVII
3552
MDLXXIII
MMMDCCCXCVII
MMMXCIV
3400
2652
3028
CDXCII
MMCCCXXIX
CCCXXVIII
MMCMIII
3264
1488
CMIII
1091
1743
MMCLII
718
MMCCCLI
MDCCCLX
CCCXXXI
MCCCXLVI
1573
MDLXXVIII
MMCMLXXI
2973
894
3130
MDCCXXXVIII
MMCCV
3012
1825
MMMCMXCVI
DCCXI
599
3683
3050
MMCCXXII
471
1011
3355
232
332
1490
DVIII
CDXXXVI
1491
CCXLII
XII
3571
CDL
1053
629
565
MMMCCLXXXIV
MMDLXXXVII
868
2098
MMMCCLXXXII
MMMDXCIV
1612
976
763
2853
DLXVIII
MCDLXXXIII
MV
MMMDCCLXVIII
1550
MMDCCCXLV
893
511
325
2909
MMCMXXXII
2161
MMLXI
1358
MCLXXVIII
MMMCMXXXI
MMMCXXXII
CLXXXVI
3654
MMDCCXCV
CDXX
3666
MMMXLII
1104
MDCCCXV
MMMCXXIII
MMMDCCCXCVII
CMLXXIV
726
MMLIII
MMDIX
CLXVI
3450
CDLXXII
749
677
DCCCLX
MMMCCCXXV
MDCCLXVI
826
MCLXVI
216
1325
212
MMMCMXXXVIII
MDCCCXCVIII
2326
762
MDLIII
3733
747
MMMCCLV
3655
MDCCCXXXV
258
1423
909
XXVII
797
MCXXVI
MMDCCXLVIII
MCCCIX
759
MMMDCCXIV
1909
MMMDCXXXII
MMCDXXIX
MCCCLIX
3745
773
MMCLXXIV
MXXXVII
2957
859
1382
1205
CDXLVI
MXC
1701
DCLXVII
MMCLVII
MMDCCCLVII
3591
3848
1393
3749
MCMXLVII
MMDCCLVI
MMMCMXXXVI
MMMDCCCLXXXII
3009
3537
3167
XLVII
2690
MMCCCXXXVI
CCCXLV
327
2009
MCCLXIV
2650
986
3274
92
3558
486
1156
MCCLXXXVII
1938
DCCCLXVIII
245
302
MCCXX
MMMXLII
2362
DCCCLXIII
2944
MMMCCLIV
DCCLXI
1797
1405
1726
3298
2143
MMDCXLV
MMDXCIX
3242
MMMLXXI
MMMDLIX
735
795
MCXLIII
3012
3462
MMMCLXII
MCDLXXVI
MMCCCXCV
174
MMMCMLXXXVI
MDCLXXXIII
MMMCCXLI
MMDCLIII
MMMDCXCI
1065
2860
2935
2896
865
CMXLI
6
MDCCLXII
MMMDCCCXIII
2411
2515
MMMDCCLXXV
MCDXXVIII
2749
1975
2522
MDCXCVIII
DCCLXXII
69
590
XCIII
1191
895
MMMDLXXXI
MMMCDXXII
DCCCXLIV
XXXIII
MCCCXXI
3555
DCCC
MMDCCCLXXVIII
998
1753
2895
1272
3625
MCCCXLVI
822
1078
2961
758
DCXIII
2860
1551
3226
DCC
MCCLVII
1854
444
2434
MMMXXIV
2272
MMCDLXXXVIII
2929
3896
3477
MCMXXI
2383
MCCCXCV
CLXXIX
783
MCLXVII
DCCXL
CLIII
1952
MMCCCXXI
MDCCCLXXXIX
309
DCXXII
3322
3498
MMMCLXXIV
1483
3089
3084
2420
MMIX
MDCXXVII
2670
1101
31
CXXV
1218
3492
MMMDCLXXXVIII
MMMDCCCLXXXI
1579
2052
MDCCXXXIX
840
MLI
218
243
MCMIV
MMMDCXXIV
MCCLXXXIX
3369
CLXIV
MDLXXXIII
DCLXXV
2727
DIV
CMXXXI
3724
2372
MMMCCLXIII
MMIX
2815
CDVI
CCCXCVI
1947
1349
MMCXVIII
2183
MDCCXCII
MDCCCXCII
DCCLX
MMCXXX
CCCLXXIV
2434
MMMCCLXXII
MMCCCXXXIX
3390
3820
2634
MMMDCLIII
2735
MDCCCXCVII
838
MDCCLXXIV
MMMLII
MCDXVI
168
MMCCVI
570
232
DCCCLXXIV
MMCMLXIV
2154
1508
MCCCXL
2698
345
MMMCCLXXIX
2790
MMCXCIX
MMMCCXXV
3680
2437
59
488
DCCCXLIX
1949
1386
2571
3513
2929
MMDCXLVIII
MDCV
MMCCCLXVIII
MMMCCCLVII
MDL
CML
CIV
39
663
MMMCCXXXVII
MMDCCXCVIII
1813
MXLVI
1509
XCII
1635
2996
CMXLIX
1621
MMDCLXXXIII
3229
MCDXIV
MMDCCLXXXVI
MCDXC
3981
1957
MMMDCCCXVIII
2114
MCCCLIX
158
2032
3782
2247
1497
MMCDLXIII
LXXXI
1966
1312
583
257
3683
3589
1359
MDCXLVIII
1891
1253
3121
10
CLXX
MMCXXXV
2916
MMMCCCXXX
MMMCMXXXV
MMMCMI
2252
948
MMCCXXII
MMMDCCLXI
DCLXXXI
840
2375
CMLXXXI
CMLVIII
XVII
3553
2926
MDCIX
MDCCCI
2949
3263
3839
2681
MCDXXXI
3070
DXLIII
541
MMCDXXVI
2005
MMDCXLI
237
MMMCCXXI
3450
1921
3721
1687
MDCCLXXXI
DCLXIII
MMCCCLIV
807
MMCCCLIII
MMMCXXVII
MMCDIV
3154
3148
673
917
3434
MMDCCCLXV
MDCCXCI
1501
2514
1579
DCXXVII
CXLI
3202
DLIII
2855
MMCXVIII
3495
MMMCMLXXII
MCLXXXIII
2995
MCXXX
DCLXIII
MMDLII
MMMCCXCIV
DXCIX
466
MMDCCCLX
MDCLIV
3683
MDLXIX
3388
CMLXXIII
1698
2670
2236
2451
3234
2360
MDCCCXXVII
DXCIV
3466
3567
MMCCCXXXV
904
3031
149
MMMDCXIII
MLXXIV
2260
1393
875
926
699
XCI
2288
MMCCXVII
MMLXIV
3984
MMMCCLIV
CCV
MMMCDII
3448
124
2064
MDCCCXCVII
MMCXXI
892
919
3229
MMXXXV
MCXCIII
MMMCCCXIII
MDCCCLXXXV
687
CLVIII
1753
MMCCCLXXXVIII
345
MMCMXCVIII
756
MMLV
MMMDCCCLII
3314
MCLXVII
MMMCMIII
MMDCCCXIX
MMMDLXXVIII
1087
MCI
1011
MMMCLXXVI
3426
XCII
MMMXCV
2618
654
1147
3681
405
MMDXXII
872
MMCLXXXVIII
2739
MMMDCCLII
DCLXXIX
1947
DCXCVIII
515
3715
CCXIX
MMDCCLVII
MMCLVII
MDCCLVI
77
24
211
3369
2528
620
718
819
3549
1573
3572
3548
2726
MMMCCLXXXVIII
MML
MCCXVII
2446
MLXXXIV
MMDCCCXXI
MMMDCCCVI
MMMDCCCXI
MCLI
MLXXXII
1944
2907
MMDCCCLXXV
MMMCDXXI
1717
3337
2262
174
891
2886
MMDXC
2343
MDCCCXVI
MMMDCXXXVII
DLXXXIV
MMDCCCXLIII
MCLXVII
MMCXCV
616
3872
MMMDCCLII
3249
161
MMMDCCXVII
1334
MMMDV
CMLXIV
2676
MMDXXI
MMCCCLXII
MMMDXXV
MDCCCXIV
3937
DCCXXXIV
3872
MMMCI
2386
1586
774
MMMDLXXXIII
MDCCX
MMMDCCCLIII
MMDLXIX
CDXL
MMMCCCXC
MMMCCLI
MMDCCLXIX
MMCMXXIX
MMMCDIX
3811
1518
MMCLXXX
MMCDXXIX
1150
MCDXXXVII
MMDXLIII
MDCCXLVI
1209
900
2652
1554
3203
CCXXXVII
MMMDCLXXXI
DCCLXXV
3597
CMLXXXIX
3893
DXXIII
3853
3721
MCCCI
MCDLXXXV
MMMCMXXXII
CCCLXXIII
MIII
879
1030
DLIX
63
MMMCIII
MMMCCXXVI
MCMXIII
1127
MDCCXCVIII
1882
483
1428
CLXXIII
646
1976
CDLXIX
MMII
MDCCXCII
MMMCLV
2980
MMMCCCII
MCCCLXXV
284
MMMCXCVII
MCDLXXXIV
CDLXXX
1526
MXCV
2366
2655
2640
MMMCDXXXIV
1870
2630
DCXVIII
2281
CLXXIII
3946
2697
CDLXV
3930
MCCCXCVI
DCCXLIII
2681
75
MMCXXXIX
2720
MMMDCXXIV
53
3027
MCMLXXXVIII
MMMCLXVII
710
2021
MMMDCCCLIII
982
DCCCXXXIX
MMDCCXXXIX
DCXXVIII
MDXCV
2379
3077
2941
1185
3281
3674
MMMDXXIV
MDCCCXXXIII
MCLXXVI
MMDCCXLVII
957
CDXXV
MMXLVII
1742
1352
3019
1487
649
MMMCLVII
1567
MXLV
3376
LXXXV
3695
CMXXXIV
2020
169
DCCCLXXXVI
MMCMLXVII
1693
3822
281
192
3098
MCDLXX
MMMDCCLXVII
MMMCCCLIV
3635
MXIX
MMDCCXII
MDCCIX
MMMCDLXXXIX
1805
1900
1879
DCCXL
3664
2802
1846
MMMD
1095
2048
CXVI
2252
MMCDV
1019
3222
918
15
MMMLXXXIII
3223
MMMCCXXVIII
3897
2641
CCCXX
2030
2975
3198
MMCDXLIII
373
1421
2367
3412
3273
470
2229
MMDCCCLXII
1612
931
1732
MMMCDXLIV
DXXVII
CMLXXXIX
MDLXXX
MMDXLIII
2664
MMMDCCCXXIII
3316
2728
2243
DLXXXIII
3238
3025
3483
MCCCXCII
3582
MMMCXLIV
MXXVII
3434
MCCLXXXIV
2312
MCCXLVIII
LXIV
CCI
MMDLXXXV
1075
MDCXX
3937
664
MMMCMXCVI
125
484
MCCXCVIII
2063
3814
MCCCXXIX
MMMCMLXXVII
MMMCCVI
MMDCCCXLII
382
2000
1566
402
1151
3623
2285
MMCMXLII
298
MCXI
1683
MMCCXIV
3818
3470
MMCCCLXXXV
MMMDCXCVI
DLXXII
412
MMDLVIII
438
3114
CMXLVI
MDCXXIX
MMMDCCCXCII
3133
MMMC
MDCXXXVI
3520
2633
MMMDI
2671
3192
1955
1920
DLXXI
MMDCCCLIX
MCCCXLV
DLXIV
125
3622
CXVII
CCLX
MCCXIV
728
265
MMMCL
MMMCCCXLVI
540
1284
MMDCCXCVII
3242
MMCLXXXIV
60
19
MMMDCCLXVIII
2470
1252
MDCXL
DCCXXVIII
MMMCMXXX
546
19
3493
CXLVI
2034
197
2863
DXXXI
MCCC
MMDCCLIV
MMLX
MMMDXCIII
DCCXXXIX
MCDLXXXIX
2220
MMCXVII
MMLXXXIX
MMM
3968
MDLXXVII
627
2417
CMV
3678
131
587
MMIV
3597
MCMXIV
3460
3154
MDCCLXI
CMLXXII
2602
3416
MCMLIII
MMDCCVIII
MMMDCCLVII
1029
MCXLIX
740
2731
MMDCXCIII
CCXLV
CDII
3908
MMCX
923
3348
680
869
MDCXXI
MMMCMLXIII
3597
1529
2192
CCCLXV
735
2277
MMMCXCII
MMMDCLIV
1008
3709
MDCCCXCIII
1374
1591
1423
2451
DCCXLV
1989
MMMCXLVI
MCMXXIV
MMMDX
CCCLXXVIII
XLV
1443
4
CMXXXV
2039
MCDLXXXV
1359
MMCXIX
DLXXXVIII
MMDCCXXII
MDLXIX
MDCXXXVII
36
MMCVII
MMDCLXXIV
3779
321
MMCLX
2609
MMMCDLXXXVIII
1340
3508
2239
830
2089
2522
CDLXXXIX
2658
2660
MCMXCVIII
712
17
557
682
2237
MCMXLIX
CCCLXIV
MMMDCCCXLVIII
MMMDXCV
2984
1579
CMXLV
3827
MMCCCLXI
MMDCCCIII
155
3220
3886
DCCCV
27
2988
MDCLXXXVII
733
MMCLXVII
DCCLXIII
DCXX
CCLXXXVI
3456
1977
MMMCCXLIX
1684
2929
1785
MMXXXVIII
CX
DLXXII
610
MCXX
219
MCMXXXV
173
MMMCCCXCIII
408
MMDCCXCV
2308
MMMXLII
463
MDXXIII
MDCXLIX
MMMDCCXXXIX
3119
MDCXC
2237
2587
MMMCCLXXXIII
MMMCLXXI
3856
817
1531
MCCCIII
3664
MDCCXCIV
MMDCLXXXIV
2835
MMDCCXXX
2921
MMMDLXXI
DCLIX
MMCCCXCIII
CXVIII
MCCLXXIV
MMCLXXXIII
1999
1998
MMMCDXCVII
2348
MDCXC
MDCLVIII
MDXCVI
3016
1717
3777
2201
620
955
2872
1158
1877
1866
MMCLXXVIII
CCCXXXIV
1043
MDCCXV
2076
CMIV
1049
2603
MLXVII
2936
MMMDLXI
XXVIII
DLXXIX
2818
2999
MMCCXXXVII
3958
551
1793
866
LXXII
MDCLIX
MMCCXXV
3176
2830
2721
3552
1141
MMDCXLII
MMCCI
DCCCLXXVIII
MMDCCXXXII
MMCXXVI
MMCDXCVIII
MCCXLI
3838
3260
380
736
2408
760
CCXXXIX
3454
3813
CCCXVII
MMDLXXXIV
MMMDCXVIII
1544
2873
3295
3716
MMCCLXXV
443
MMMCCCXCIII
DCCCIII
MMCCCXVII
MMDCVIII
MMMDCCXXVII
1129
3095
MMMDCCXLVI
MLXXV
867
1387
MMMCCCLXVII
141
3044
1790
366
135
2120
1504
MDCCCXLIX
MDCCXXV
MDCCCXXI
CMLXXVI
507
MMCCCXXIII
MMMDLXXI
3345
MCV
MMMCCLVI
1313
MCCXXII
CMXCII
MMCXXXV
MMCXCVII
142
CDLVI
1622
MMMCCCLXXX
CDLXXXIX
1692
2699
543
MII
2114
2759
MMMCCLIX
MMMDCCLXVIII
DCCVII
CCCLXX
DCLVII
1361
CXCI
CMLXXVI
1381
CLXXXIII
2251
MMMDCCCXLIX
MDCCCXXVII
3536
MMLII
3714
DCCXXIX
868
MCCCLXXV
3223
X
1553
3921
MMMCXLV
DCCCLI
MMMDXI
MMCCLIX
2147
626
2604
1409
1509
LXIII
MMCDXLI
CCXVI
2074
3823
3131
CCXCIV
MCMXIII
50
MMMCXXXII
1277
MC
2702
2839
MMMDCLXXXVIII
197
MCCCV
MMMCMXXVII
1423
MMMLXXIV
MMCCXIII
MMCCXL
MLXV
2992
MMDCCXL
3036
MCLXVI
3990
1276
1754
700
MMMCDLIII
MMMXCVIII
2671
MMI
733
MMCMXXXIII
2382
192
MMMCLV
MMMCDLXXI
2227
MMCCCXCVIII
CCLXXXIII
1424
MMMCL
CCCLVII
985
MCLXXXIII
DCXLVI
1273
1094
3642
DXIII
3850
CCCXXIV
MDCCCLIX
658
MLXXVII
1737
MMDCCXC
3465
1994
MMMDCCCLXIX
3322
2235
DCIX
3772
2017
1576
146
MMMCVIII
CDLXVI
1805
3275
2655
106
2488
MMMDCLXVIII
2974
MMDCXLII
3169
1234
3981
704
MMDCCXCVI
987
2648
2311
MMMCCLI
MMMCMXIII
2169
MMCXII
761
MDCXIII
CMXXVII
2302
1094
472
1627
MMMCCXLVII
2012
243
737
3089
MMMCMXL
DCCXXVIII
2785
VII
3045
MMMCMLXXXVII
2356
CLXXXVII
3286
CMLXXIII
MXXXV
1473
1062
3654
2109
525
MMMCDLXVIII
898
780
MMMCMXXVII
469
MCMXVIII
MMDCCCLXV
MMCCCXLIII
DCXIX
3366
MMCCCXVI
2242
MMDCCLXIII
50
MMCCCLXXX
709
207
3323
2030
MMMDXCIV
1772
MMDCCCXXII
MMMCCCXXXVII
1323
3417
MMMCDII
3308
MMMCCXVIII
MVIII
MDCCCXLV
MMCLVI
MDCCCXV
1881
1692
1303
MMMCMLXXVI
1860
MDCCCXI
MCDXXXII
DLXXVII
931
CDXL
3931
MDLXIV
3576
MMDCCXI
MMCCCXLVI
CCXXIX
MMCCCLXXXV
938
2114
2535
DCXCVI
MMMDCXLVII
160
MMCXXX
LXXXVI
DCCCXLI
MCCCXCV
710
2689
1651
1271
MMMCMXCVI
3746
555
372
1745
2823
2740
3499
3681
MCCCXXIX
CCCXL
3532
1896
3001
CXCII
748
MMMXXVII
2241
1608
MMDCCCXV
1604
1897
49
199
807
MMMCDLXXV
MDCCCXXVIII
LVI
MDCLVI
2501
MMMCLVII
MDCXLIII
3054
3805
431
MMCLXVI
DCCVI
MMDCLXIV
2109
MMMCCXLI
CMXXXI
XXXII
MMMDCCCXXXVI
LVI
MMMCDLXXXIII
1042
LXXXIII
MMCMLIII
3810
MDCCCLIV
MMMDXLII
MCCCXXVII
3829
953
MCDXVIII
MCCXXV
3757
3571
2034
2229
3550
3668
MMMDCLXVIII
1841
1852
1243
98
MMMDCCCVI
MMCDXCV
3523
1284
196
1699
MMMCCCLVIII
2008
MMDCCLXII
MMCMXL
1837
MMMXXX
MXXXIX
2784
MMCMXLV
CCLXXXIII
1467
2455
1717
MMMLXII
913
MMMCMXXXV
MMMCMXIX
572
DLXXXVIII
231
3231
CCCLXIII
1702
3436
1406
MMMCCXCIX
MMDCXLII
763
CDXXXIX
2556
MCCXCI
MMDCCXCV
MMMCXLIII
3450
MCDLXXXIII
3922
1527
MMMDCXCIX
CDLXXXVIII
3052
432
MMMDCCCXIX
MMMCCCLXVI
379
MDCCCLXXX
1882
MCXXIII
227
1437
1240
3218
MMMCMXXI
MMCXCVI
2925
MCCCXXXVIII
MMDLXXXII
1395
849
MMMCXLI
341
3039
2119
MCXIV
3021
MMXXIII
952
MMDCCLXXVIII
3367
2399
MMDCCCXLVII
1822
MDCCCXLV
DCCLXXXIII
XXXIV
2594
MMCDIII
MMCM
1575
MMDXXXVIII
2006
3988
2292
MMCCXXIV
2164
3618
MMCMLIV
MMCMXCIX
MMMDCCCXCV
2549
CCLVIII
DIV
195
1176
MDLII
457
2168
1872
1280
3484
2887
2251
3451
MMCCXXXVII
MMDCCCLVIII
MMMCMLXXV
MDVI
CDLXII
MMDCCCXCVIII
MMCCXLI
3827
CLXXXVII
MDLIII
CDXCVII
771
251
2058
1259
2204
MMMDCCLIV
1228
DCCCXXXIII
803
MMDCCCXXXVII
3198
MMMDCCCXVIII
CCCXXIV
MDCCCIV
3070
MCMXLIII
1261
MMMCLXXI
MMMCDXLV
MMMDCXXIII
MMMCCIV
3778
MDCCXV
1261
3293
MMMCCVI
MDCCXXXIII
433
2670
638
DCCXVII
CMLXXXIX
163
MDCCCLXXXIII
MMMCII
1653
3847
1834
2334
MMCMXXXVIII
MMMCXLIX
MMDXCII
3097
DCXVIII
MMMDCXXVII
512
2427
MDCCXCI
2268
MMDCCC
MMXXXVII
3004
MCDLXXXVIII
MMDCXXXII
MDCCCLVIII
MDCXCVIII
3185
2640
3089
2750
2755
CCCXXIX
2397
837
CXXII
DCXVIII
DCCCXVIII
2843
CMXCVII
1207
MMCCCXLVII
CLIV
MMMDCCCLI
2535
MMCLXXVII
LXIV
MDXIV
333
CDXXVIII
1257
3081
MCMLI
1913
1259
2571
MCDXLIV
2329
MMDIII
3717
MMDCXXX
374
3833
1048
MMDCCXLV
576
240
CCCXXVI
MMDXXXIV
3055
MCDLI
MMCMLXI
MMCMLXXIX
1842
MMCLVIII
MMMCMXIII
MMCDLXVIII
353
3600
2285
3407
2467
3723
252
MCDLXXXV
1720
MMMLXXI
MCXLII
3597
CXX
2563
MMMDCXCIX
3557
MMDCCLXV
3295
2394
MMCCCLVIII
3876
MCXCIV
MMMCXXXV
MMMDLXXX
MMMDCCCXXIV
94
1593
3378
3508
249
DCLXXVII
MCCXLVIII
2371
928
MDCCCXVIII
MMMCMXLV
2034
MMMCDXL
305
MCCXII
MDCCCI
MMMDLI
MMDCCCXXV
DI
2890
3203
393
1986
MMCMXLIII
1572
MMDCCCXCIX
3859
MMMDCCLVI
2581
3668
1722
MCMLXXXV
116
CCXXV
CCIX
CCCXXXII
295
2927
MMXXI
491
2329
DCXXXII
MMMDXCI
3407
LXXVII
789
2665
MLXXXIX
3684
DCCXXVIII
MMMDCCCLXXX
3699
505
1896
MMCCXXX
1349
MXC
MCLIX
MCCCXCVIII
DCCLXXVI
MCMXCI
769
1047
3554
MMDCVII
3886
MDCCCLIX
1287
2385
2430
3230
MMMDCCCXI
3171
1704
2712
DXLVII
MMDCXXVIII
223
1023
MMDCCLI
3217
391
699
563
3915
MMCLXXXIV
MMMVI
MCMLXXXIV
MMDCLIII
1710
3300
10
1074
MMMCDLII
MCCXXII
MMMDCCCLXXIV
2535
MMMDCXCV
DCCCLXXXVI
1750
MMMDCXLI
3465
MMDXVIII
3050
2299
CCCX
MMDCII
MMCDXXII
2520
MMMDCCCLXVI
MMMCCXLIV
3101
1975
MCIV
MDCCCXLIV
401
3796
MMXXVII
CCXXIII
2396
MMDCCCLV
MMDCCXCV
MDCCXXXI
CDXCVI
MMCMLIII
232
2983
1044
3179
1643
MDCCLXIX
3986
CLXIII
1210
DCXXXIV
MMMCLIV
MXLII
1119
2332
MMDCLV
3688
2054
LVII
MMMDCCLXIII
658
DXIV
MMMLXX
2861
3565
1065
MMMDCLXXXIX
2858
1864
MCXLVIII
296
2150
2791
MMDCCXXXI
MMMDCLXXXVIII
169
1864
CMLXXIII
1714
MMMCCXXXIII
MMMDLXI
CMXXXIX
MCDXIII
136
MMCCCLXXXI
3215
1201
CMXLII
MMMDCCCLVII
1119
MMMDXLIX
MDCVII
MDCLXXI
LXVI
MMMDCCCLXXXV
MCLXXVII
3825
2619
MDCCCLII
MMCMLX
MMMDCXLIV
MMDCCCLXXVI
CDLXV
1987
MDCL
1975
1443
1168
MMCMXLV
CCCIII
CCCXXXV
2211
MMMXC
MCCLXXIV
MMDXX
444
346
665
MMMCDXLIX
118
MMDCLXXXVI
2995
MMDCCXXXIV
MMLXXIX
1659
1933
3688
MMMXCVIII
1949
1016
379
MXVIII
MMMCCLXXXI
2246
3420
MMDLIII
761
MDCCXVII
2672
23
55
MMCCCVI
629
1306
3193
MDLXVIII
MMLXVII
247
MMCCXCIV
MMDCCCXXXII
1172
MMMDCLXXXVII
MMDCCIII
DCCCXXXII
3298
2360
CDLXXIX
1681
433
2834
3176
MMDCLXXX
2953
1801
3172
624
MDCCXXI
DLII
MMMDCIX
MMMDCCXXXII
MMMCDLXIII
3197
CDIII
2023
3696
MDCCCXCVI
MMMDCLXXXIII
3917
3440
3948
DLXXXIX
MMCDXCVIII
CDXCVIII
MMMCLIX
3745
MCCCXLVIII
MMCMII
270
MDXIX
3411
452
3096
MMCCCXXXIV
MCLIX
2788
CCXXVI
1186
MMMDX
MMCLVIII
MMXXXVI
MMMCXXXIX
2573
MMMCCCLXXIII
MMCLXXXII
1080
2381
160
MMCDXLIX
MMDCCIX
MMCMLIII
567
MMMDCLXI
MMDCCCLIII
1398
DXLVI
2979
3408
MMDCCXXVI
MLXVIII
1853
1732
2771
1651
MMMCCCLXXXVI
1016
MMMCCCXIX
MXLVII
MMCDLXXXIX
CDXI
DXXXV
MXXXII
3501
825
1636
MMMCCCXXXII
1134
MXXX
MMCCCXCVI
MCMXCV
3967
295
MMCMLII
MMCCCXLI
MMMDCCXCVI
3456
46
1648
3700
DLXVII
MMMDCCLXXXVI
MMDCCX
3591
331
MMMDCXII
2884
1006
1820
2974
MCDLXI
MMMDCCLXXXII
3873
MMCCXXVII
MMMDCCII
2376
2952
2018
154
3298
MCCLXXI
MDCCXCVI
3695
1779
MMDCCXLV
MMMCXLII
121
1754
1326
CI
1406
1656
3440
MCDLIX
1455
1536
2245
MMCCCXVI
CXXX
CDXXI
MMCDLIV
XXXV
MCMXIV
MMMDCCXXXI
692
385
CDXXXVIII
X
MMCCLXXVIII
3266
335
575
CMLXXIV
MMMXCI
MCMXVI
MMDCCCLXVIII
MCMXXVIII
2532
3776
1839
MCCCVII
CCCXXIII
2944
MXCIV
LXVI
MDCCCXXXVIII
722
939
MMXXX
MMCCXLVI
2775
MCMLXXXII
2577
720
1034
729
3114
MDCXXV
702
2473
CXLIV
DCCCLXXIX
1522
2707
MMMDCCLXIX
1384
CCLVII
DCCX
MMMCLXXXII
3507
347
3732
1787
CDLXIX
1808
1765
693
929
MCMLVII
861
2897
1215
MMMLXXII
2922
MMMDLXXVIII
3909
296
255
1976
CLX
2575
581
3926
1952
MMXCIII
1618
1794
1231
MMMDCLXXXVII
1943
1081
1242
2761
MMMDCCCXCVI
MMMDCVIII
MMDCCCLXII
MMMDCCXXIV
MCDXCIII
1190
XXV
MCCCLXXV
141
MDCCLXXIII
1479
3041
1456
MLVII
3070
MMMDCCXCIX
874
3611
MCXCIV
453
792
3386
DCCCXCIII
MMMCCXCV
DCCCLXVI
MDCCCLIX
1503
LXXXIX
418
3711
CXCIX
MCCLXVI
650
MMMCDXV
697
2286
3676
MMMCCLXXI
3094
MCDIV
MMCCCXCIV
MDCCLXXVIII
2161
MMCCCXIV
3487
1019
DXCVI
2380
CMXXXVIII
MMDCCCXCV
3889
MDCCL
1299
2021
MCCLI
2278
818
MMMCDXLVII
3346
MMMDCXVIII
3976
2819
3149
556
MMMCCXLV
MXXVI
MMMDCXCIV
MCDLX
CDXXXV
2752
CMLVIII
2325
MMCMXXII
MCCCLXXVII
MMMDCCXXVII
DCXVII
MMMCMIII
DLII
1325
1068
MLIII
2339
CM
MDXXXIV
VII
3259
MMDCCCXLVII
1067
MCXXX
MMMDCXVI
MMMCXXIX
1648
MMMDCCCXCVIII
366
MDCLVII
CCCXCV
CLVI
MCCLXXXV
MMMDCCCXVII
3637
MMMCCCLII
3060
1455
881
MMCVII
MDCXXI
617
MLII
MMMCCVI
524
MMCMLIV
MMMDCXCII
MMCCCLXXII
MMMDCCXXXIV
2848
3829
86
1838
MMDCCCIII
260
MDCCLXXXII
MMMCDLXXVI
MMDCCXXXVIII
CCCLXXVIII
MMMDCXCIX
2885
1432
DCXXIX
DLXI
2493
3802
8
MMXLV
MMCMXXII
777
893
804
2201
1444
MMCXXXII
MMDCCXLV
3335
1143
MLII
2302
MMCCLXX
DXII
2426
MMCXI
3075
1636
2881
MMDCCCLXXVI
MMCCLVI
DCCCLXV
CCCXLIII
MDCCXXVII
MMMCMLXXXIX
MCMXCVII
MCXLI
MDXLIX
3421
2868
2678
3048
DCCCLXXV
MMMDXLI
318
DXXXII
1558
MDLXII
DCCCLV
2013
CDXCVI
MDCXXXVII
2886
1308
3408
MMDCCLXX
DCCXLIII
MML
MMCDLXXXIX
977
MCXV
949
3910
3965
MMMDCXXXIII
MMCCCXVI
MMCDLXXXI
MDCCXCII
716
MLXXXI
2545
DXXXVII
MMCCCXXX
MMDCXLV
MMCXVI
MMMCI
MDCCLXIV
439
2750
3176
2238
XCVI
MMDXCII
MCXXVIII
CXIII
165
MCCLVI
404
2000
380
DCCLXXXVIII
MMMCCXC
1586
1507
MMCCCLXXV
172
MDXXVIII
1090
2908
MMDCLXXXV
MMDCCCII
827
2504
3390
826
3233
DLXVII
2929
CCCLV
DCCL
MDCCXV
2525
3250
DCCXLVIII
289
MLXX
MMCXXVIII
1872
3156
119
3555
780
213
MDCL
1629
1439
MMDCLXIX
MMCCCXLV
MMMLXXXV
1867
MMMDCCXLII
MMMXCVI
CCLXXXII
MMXLVII
MCCLXXIV
MMCMLXXXI
MMCCXLII
MCDXXXVIII
MMMDXV
MMDCCCXXVIII
CCLVI
66
XXXIII
CMLIII
MMMDCXLV
LXVIII
1958
MMMDCCCLIX
1594
MMCMV
MMDCXXV
3840
1822
CDLXXIV
MMMCXXXIX
DCCCLXXX
CCXXVIII
MMMCCXCIII
MCMXCV
MXXXI
3603
DCVI
3250
1972
CXVIII
982
3619
3372
MDCCCLXXIV
CCIV
1427
MMDXXV
551
1056
3411
754
MMMCDLXXXVIII
522
DCXCVIII
DCLXIV
DXVIII
3416
MCCCLXVIII
886
3131
428
1542
DCCLV
DCCCLXXIII
MDCXL
MMIV
MDCCLXXII
2231
MDCLXXIX
DCLXIX
1637
MMXCI
1997
2566
313
2070
2778
3214
MDCCLXXIV
234
1937
DCLII
MMCVIII
22
MMCII
2702
2694
MXXII
1046
1355
41
483
978
MMMCXVII
3086
CLII
MMDCCCLXXXI
3705
725
626
MCLXXVI
3950
MMDCCCXXXIX
MMMCCCXXXV
2569
868
1792
2728
3807
MMXVIII
MMMCDLXXXIII
MMMCLXXXIV
586
2895
MMDCXVIII
MCDXXXIII
3286
3926
MIII
3051
1900
MMMDCI
CCXIII
MMMCCCXXXVIII
MMMCCLXXXVII
2031
1382
MMDCCCXLV
MMMCMLXXIV
DLXX
MXLII
MCLXXIX
1573
MCDLXXXIII
MMCCXLIV
MMMXXIII
MCCXLVI
1581
645
1413
MMXLIV
203
MMLXIV
MDCCCXXII
MCDXLII
MXVI
3170
CCXI
CDLXIX
2764
1319
MMMLXXIII
1307
MMMDCCV
MMMDCLXXIX
3924
1432
DCCXLV
MMMDCLXXV
MMCCLXXI
218
CCXXXIV
2949
MDCXXIII
MCCLXVII
VIII
DCLXXII
26
MCCCXI
CDX
MMCCXCI
MDCLVI
MMDCCCXLV
MMMV
V
293
MMMDXLIX
MCLXXXIV
3560
DCCXXII
2406
889
733
DCCLXVII
717
MDCXXII
1733
2654
DCXIV
MCCCLXXX
2233
1375
629
MMMLXXXIII
3726
MMDCCXLIII
598
MMMCMLXXVII
MMMDLVII
DCXCVIII
977
CLXVIII
472
CMLVI
2302
944
3641
3465
784
MMMCCCX
MMMCCCLXXVIII
3905
186
MCCLXXVIII
DXC
2825
2897
MMCCXLVIII
DXCV
113
MMMCLVII
MMDIV
3858
MMDCCCLXXII
MMMCCLXXIX
CMLXXXII
MMDCIV
MCDLXXII
MLXXIV
MCLXIV
3080
2715
DCCCXXIX
3473
2476
2293
751
MXXVII
MMMDXCI
MMDCX
MMDCCXXVI
1837
3558
DCCXLVIII
DLXI
2351
MMMVIII
MMDCCCXXXIV
3368
MMMDCXIX
MMLIX
1032
MMDCCCLXXIX
2464
2738
MCXLVII
MMMDCXVI
1794
167
3132
DXXI
3828
2571
1439
MCXLIV
3553
1862
93
MMMCMX
1718
2215
MMMDCCXI
MCCLXXVIII
DX
CXII
MMMDCLXXXIV
1697
2842
XII
MMVI
CDIII
1772
MMMDCCXVIII
52
1951
313
1979
CDLXVI
1461
2484
MMDCCCXLVI
721
CCLXXVII
MMMCMXXXVIII
CDXXXVII
1699
1805
3957
993
MXL
1723
CCXXVI
CCCXL
1109
2569
MMDCCXVII
1399
MMMDCCCXVII
181
MMMCCCXCIV
3464
754
3706
MXXXVII
MMMDLIX
2440
221
MDCCXV
MMMDCXIII
MXCII
CCCIX
3661
MMCCCLVII
MMMDXXXII
2356
MLXXXIII
156
MMDCCCLXVII
MDXCVI
388
3872
2779
2681
2040
3207
MCC
MDCCCXXIII
MMCCXCVII
MMMDCCCIX
3140
MMLXXVII
MMMDCCCLXXV
2423
2217
MMCXXXII
MMMCCXV
3205
MCDXLII
2958
1242
DXLVIII
MXXXVIII
2013
MCMXXXVII
MMDCCCXXV
CCCXI
MMCLXVI
1741
615
1177
2083
2099
3097
MMXLIII
2588
2389
411
2824
MMCDLX
MCCLVIII
975
489
MDXCIII
1573
1485
3750
3695
MMCCXCVII
314
3972
DCCLXXII
3952
2358
186
MCM
MMCMLXXXIX
57
557
MDCCLXXXV
1380
2070
DXXXIV
MMLXX
MMDCCXLIII
3316
MCXLIII
MMMCXCVII
MCMXXIII
MMMCLIX
MDCIII
3993
2041
DCCCXLIV
MMDCCCXCVIII
3755
MMCCXII
MDCXXXV
3899
MMMDLXXI
MMMI
3774
3613
199
MMMDCLXXXVII
2123
MMMXXXIV
XI
MMXXXIII
MDCCXXV
3656
DCCCLVI
2556
106
3094
1875
MMMDCCIII
MMCMXXXV
MDCCXXXV
150
MLIII
MDCLIV
XXVII
MLXV
MMMDCCCLIII
DXXX
MCMXV
2329
2303
DCCCXIII
3837
119
3834
MMMDCCCLXXV
3507
2564
2468
DXLII
CCLXXIX
1803
3955
2112
2178
3532
MCMXXXIII
MMDCXLVI
1301
809
3436
2298
CLXVI
547
149
3999
1601
174
MCDL
CCCLXVII
MMCLVIII
MMMDCL
MMMDCCXLIV
DLVII
2151
MMMLXVII
3583
MMMCMLXIII
2306
MMMDCCCLXIV
MMLXVII
CDXVI
3055
CMLXII
MDCCLXXVI
DCCIX
1774
MDCXLVIII
MMMCCLXVIII
3229
MDCLXXIV
MMDCCLXXI
MCMIII
CCXXXVI
2790
MMDLXXXVIII
2480
MMCCXXXVIII
2080
CDXXXII
MMCCCLXII
MCDXC
DCCLXVII
MDXLVIII
1677
469
MMCMLXVII
MMMCCXCIII
341
MMDXI
1507
LVII
21
2743
2722
MCXXXIII
MMDLXVII
MMMCDLVI
MDCLXXXV
VII
3249
2445
MMMCLV
3693
MMMCCLXXXIV
3841
MMMDXIII
1432
MMMDCLXIV
MMMCCCLXXI
10
DLVI
1178
MMMCMXLIII
2592
2931
DCCXXXI
MV
MDCCLXI
2827
MMMCMXLIII
3789
3495
MMDCXLI
1486
MMCCXXIV
MMMCCCLXVIII
MMMCCCLXXI
MCCCXIII
MMMDCXIV
MLXX
2512
MMMCCLXXXIV
MCCXXIV
2036
3574
DCCXXI
MMDCCXXIV
MMMCMXVII
46
MMDXLVI
1198
3906
MXLIII
MDCCXLIII
2456
1827
DCCLIII
DCLXXIV
129
MMCDLXXX
MCCXC
663
CCLI
3398
MCCXXVII
975
615
3363
MMMDXI
474
2300
MMMCLXXI
MMDCLXXIX
DCCCLXIII
2486
X
1197
MDCCCLXX
DCCLXX
216
MCLXXI
282
MDCCXXXVI
CDXIV
MMCCCXIII
2255
2806
2339
2856
302
MCMXXIII
1775
2443
MMCCCXXXIV
MLIX
630
3535
2320
DCCCLXXXIX
1665
MMMCCXXV
MMMDCCCXIV
1554
2885
3963
MMCCCXIV
MMDCCCLXXIV
MMCMLI
MMMDCCCLVIII
1314
DCXIV
589
XXVIII
CLXXII
1006
2544
2168
MMMCCIII
XXII
2663
2936
323
MMMXXVI
1396
538
MMDXCIII
3496
2746
2368
MMMCXLV
461
437
525
MMMCMLXV
3881
832
DI
3745
2937
3808
1333
MCMVI
MMMCXXI
2354
1066
MCMXXXVI
MMCCLXI
488
1242
DCXXXIV
2577
MMMDXXII
1487
CCCLVI
CMLXXIV
3334
2409
1176
MDCCCIII
MXVIII
1579
MDCXLIII
518
MMMCCLXVII
MMMCCCXXXIV
MMDXI
MMMDCCXCIV
MMMCLXXVI
1933
355
1024
1159
2018
1393
1494
3402
MXXXVII
MDCCCXCIX
307
DLVI
CLXXVIII
MMMCXXXII
1933
MCLXVIII
MMCCCLXII
MMMXLII
1272
3061
MMMCDLXXXI
MMDCCLI
534
1120
3178
MXCIII
3878
287
DCXXX
DCLXXXI
2937
2317
2497
CMXXI
1002
MDCCCXLVI
DCCXXXIII
DCCCXCVIII
3043
2640
573
MMMCCXXXV
MMMDCCCXXI
CDLXXII
MMMCDLX
3058
MMCDLIV
MMLIII
1658
1072
1133
MDXXVI
MMDCCLIX
MMMDCLXXIII
879
MMDLXIX
MMCDXLVII
743
MDCCXLIX
MDLXXVIII
1301
1857
MMCDXXXIX
MDCCXXXVII
3731
3041
MMMDCXXXVII
436
2666
MMMCDLXXX
MMCCCVIII
186
1307
304
MMLVIII
1025
1640
2955
DXLV
495
MMCCXV
MMCDLXXXVI
CDLII
MMMDCCIX
CDLXVIII
CDXL
981
3654
1766
MXLI
2673
3827
MMDLXXXII
939
MDCCVI
1968
CDXXIX
1897
MCMLXVIII
2778
2967
568
MMCLXXXVI
MMCMLVIII
MMDCXXXVII
347
MCDXVI
2249
961
2372
MMDCCCVI
2164
3569
DCCCLXXVIII
MMDXLIV
MCLXXXI
47
MMCCXLII
MMLXXXIV
119
3295
CCXXV
CDL
3242
2742
3257
CCCXLIX
MMCXIX
3864
3688
MMDCCLXXX
CVII
1041
2667
1715
MMCCIV
1158
MMLII
DLXXXIV
89
3195
214
3719
156
MMLXII
MMDCXXXIII
2646
MCCXII
MMCDLXXXVII
MMCCXXVIII
MCXXXVII
2169
MMMDCCVI
3146
DCLXI
MCCCXLI
MMMDCXLVIII
56
2098
MMXLV
1217
MMDLIX
MMMCCLV
MMDCCXCVII
58
1526
MMDCCXLV
872
MMMDCCCXLVI
MMCMXCVIII
3130
1937
CXXXIII
1718
2782
15
DCCCXLIV
MMXCI
DCCLXXVIII
MMDCL
MMLVI
990
64
MDXLIII
3259
MCVII
CCXCVII
MCDXXXVI
MMCDXL
3584
MMMDXXXVIII
261
MMMDLXXXIV
MMCMXVII
774
3538
3878
MMMCCLXII
1519
MMDLXXXVII
3658
764
3689
MDCLXXXVI
93
MMMDLXII
54
2033
MMDXLVI
MMDCXXII
MMMCMLII
162
3495
1757
1338
990
DCIX
1268
863
CCLX
827
MMDCCCXXIII
2919
DCXXXVIII
MMMCDL
3534
1001
2196
MMMDCCXXVII
MMMCDXCV
MMMCMI
CCCXCIII
MMCCCXCIV
MIII
MDCL
584
2138
MMDCLXVII
2144
MMMDXC
2339
MMMCMXLI
1107
2497
MMCCCII
CMXLVII
639
1380
MCDXLIV
MMMCCCXXVIII
MMMLXXII
689
MCDLXXIV
1462
1265
MCMLVIII
DCCLXXVIII
16
MDCXXVI
MDXLVI
MMCCCLXXVI
CCXLVI
MDVI
2721
MMMCCCXCIII
MMMCCLXXXIV
751
MMMCXXXIII
2847
225
3569
965
858
1194
1431
2140
MMCLXXXI
1057
666
CXXVI
MDLV
2944
1867
MMMDCCCXLI
810
MDCXCV
2780
MMCCCII
MCDLXXXIV
MMMXXIII
2678
MMMDCCCLX
MMCCXXIV
DCCLII
MCLXI
810
XVIII
704
MMCCCX
588
MMCCCLXV
1664
929
912
MMCCXXXV
253
1236
1920
3351
3740
897
3623
MDCCCVII
3711
361
CMLXXVIII
171
776
MMMCMLXI
2953
1299
CDXL
234
MMCLXXV
MMCDXXV
MMMXCVI
MMMCLXXXII
3486
2665
MCCCXXIV
MMMCLXXIII
1215
3891
2163
MMCCLXII
1228
3071
3068
MMMCMLXXVIII
104
3077
3722
2097
MDLXXI
MCMXLIX
266
1501
MMMDXCVIII
2637
MMDCCCXCIV
CDXXXIV
MMMCDVIII
MMCCCXXXIV
MCXXIV
2840
2228
MMMDCXXXVIII
DXCIII
LVII
MMCCCL
MMCCCLXII
CXCVIII
1749
DCCCLXIV
DCXLIX
DXCI
DCXC
DCCCV
3168
MMMCCII
MMMCMX
1452
MMDCXLVIII
MMCCXLIV
CCCI
3662
MMCDXXXIII
MMMDCCLXXXI
2079
MMMCLXVIII
2408
MCCXLII
1937
MDCCI
MCMXXXV
CMLXI
MMMDXXXV
MMCMXCI
CCCLVII
MMMDCXLVI
3894
2789
2391
3218
MMCCCLXVIII
1999
MMMCCLVI
1412
DXCV
1513
3864
LV
MMMDCXXIX
ML
695
DCCLXXXVI
MMCDVI
DXXXVIII
MDCCVI
1976
MMDCCXLIV
2744
MMDCLXXXVI
2541
3153
MMDLXXV
1976
MMMDCX
MMCDLXVIII
3030
1226
2285
MMDCXXII
3235
1959
285
1086
MMMCCVI
1587
MMMDCCCLXVI
1806
MI
MMCDXCII
442
MMDCXXVI
3705
2385
MDLXXXVIII
3239
897
3370
768
1817
CCLXXX
2592
MMMCCCXV
MCDLXXIX
MMMDCCLXXVI
MMMDCCXIV
1607
MIV
MCCCLXXIV
3284
MMMCCLXX
CDXXVI
MMMCDLXXVIII
MMCCCI
MXXIII
59
393
DCCLXXXV
2420
1042
3485
446
635
3384
1623
MMXCIII
2337
MMMCCCLXXXI
MDXLIX
1043
MMDXLVI
MMXCVIII
MMDCXXI
MMMDCLIX
MMCXLIV
DCCXII
CDLVII
3593
DXXXII
MMMCDXCIII
MMCCVI
406
447
MDCLXXXV
98
3777
1288
MDCLII
1059
CLXXIV
MCMXLIX
MMMDCCXXIV
MCCLXIX
1402
3110
MMMCDLVII
356
MMMDCCCLXXVIII
MMDCXCIV
MMLXXXII
MXCIV
LXXXVIII
MMCXXXVII
DCCCXXI
MMDLXXXI
3628
3043
3021
DCXLIV
250
MMCMVII
3657
CCV
3763
MLXIII
2551
1796
410
214
3872
664
MMDXCVI
MMMDCXXI
1079
935
MDLV
MMLXVI
MMDCCXXIV
3989
MMMDC
MMCMLXXVII
MMMXCV
MCMXXXIX
MMMDCCCX
126
2935
MCCCLXXXIX
889
MMCDVI
913
MMDCCL
2689
MMMCDLXXI
DXXI
3253
MMXCV
2095
3969
MDCLXXX
2465
MMDCCCXIX
CDLXII
CCXLVI
1527
DCCLXXI
MDLXXI
2923
3749
MCCCXL
MMCCXXIII
MCDI
224
CDLXXXVII
1327
MMDXVII
CCCXLI
CCLIV
3142
MCCXXXIX
3340
450
DXXXIX
MMMCMXLIV
1316
1292
2017
2588
MMCMLXX
MMMLXXXI
2798
MMMCCXLV
242
MMCMVIII
MCMLXXXVI
316
109
1817
179
MMXCII
951
2542
CDLX
924
839
DCCCXXVII
3975
461
917
MDCXXVII
2029
CXLI
446
MMCDXLIV
MMMCCIX
CXXXVI
MMMDCCCXXXVIII
889
2535
2605
MMCXLIX
DLXXXIII
3052
DCCLXXV
MMCMLXV
201
MMMCMXCIV
DCCCXXXIV
MMMDCXLII
3236
2794
CXVII
3471
3915
2374
MMMCXXX
MMCMXVII
1247
MMMCCLXXXIII
DCLIII
MMMLXXIV
MMDL
3111
CMLXXVI
MMCDLXXX
MXXXIX
MMCCCLXI
2147
MCMLXXXIX
3479
2220
MMLXXV
3118
896
MDCLXXXII
CCCXLIII
1630
1224
1305
2045
MLXXVII
MDCCCXXXIV
DLXXIV
194
740
2882
1549
MMMCDXLIII
CMXLIII
MMCCCXXVI
196
1988
MMMCMV
MCDXLV
MCCCXXV
MMDCCXXXII
MMMCDLXIV
1592
1223
CLXVII
MMMCCCLXXIX
MMDCCV
2160
MMMCMXVII
MDXXX
MMMDCCLXXVII
MDLX
2425
MMDCCCXI
MMDCCXLV
MCMLXXXII
3505
MMMCDXCII
MMDCCCXCVII
MMCCCLXXIII
3197
825
1613
853
3084
840
MMDCCCLIV
CXI
MDCCCXXVI
905
1815
79
MDCCXCIV
2198
651
MCCCLIX
MMCLXX
2206
MCDLIX
MMMDCIV
MMMCCLXXXII
MCMXLI
MMCLXXV
1855
834
2372
3780
MMCLV
3275
MMDCCLIV
2911
1
3980
2371
MCDXLII
MDCLXXVI
MMMCCCLXVII
3902
3758
2247
MMDCCCLVIII
3843
2497
329
MMMCMLIX
2763
MDLXXVI
MMMCLXXVIII
445
MMMDXXXIV
2328
3662
3990
CDXXVII
1652
MDCXXXVI
503
457
DCCXL
519
MMMDXXI
3330
760
MCMLXXXII
380
2273
MCMLXVI
MMMCCCLXXVIII
MMMDCXIV
2129
1794
CXXIII
3616
931
MLXXI
DCCCLV
MDXCIX
11
XI
3582
MMDLXXXIII
MMDCXLII
399
1149
632
MDCCCVI
MMXXXIII
DCCCLXXXVI
MCDIII
CCCXLII
CCXV
MMMDCXCIII
2489
1474
2671
3288
2259
CCLVIII
63
MMMDLIII
468
DLXXV
3928
3438
MCCXLIX
1737
MDCCCLXXIV
XXXVI
MDCCXLIII
MDLXXIV
625
MMCCLXXVII
MDCLV
1305
3254
MMMDCCXLVIII
CMXCIII
2389
282
MCLXXXVII
CMLI
1174
DCCCXXXVI
1894
MMMDXIII
2171
366
829
MMLI
MMMDCXLIV
3950
1648
MMMDCLXXXVII
II
DXCVI
2092
403
638
DCLXXXVIII
MMCMLXXXVII
1964
1472
MMCCXCIV
MMDCCXII
MMMDCCXXV
437
CDLVIII
2410
DCCLXVII
1984
1664
MMMCDXXVIII
821
3863
DCCCLXII
614
MCMXLVII
MCDI
981
2043
MMLXXXIV
MMMDCCCX
1545
1102
MLXXXVIII
MDCCCLXXIII
CCXCIII
414
MXLIV
1484
465
MMCMXXXIV
336
DCXCI
1493
27
1350
CMXL
1626
CLXXXI
MCML
CMXXXIV
MMMDXXIV
DXLIX
1709
3349
CDVII
3416
XXXVIII
2331
MMMCDIX
MMMDXXXV
259
MCDLIX
3410
481
CCCLXXV
61
988
1543
595
711
3298
3880
MMMDLXVII
701
MDCCLXXII
2540
608
MCCCXLVIII
412
MCCCLXXII
3880
1005
MMMCC
2906
509
MMDCCCXCV
208
1196
2930
DLXI
MMMCCCXI
CCLXXXVIII
3922
MMMCDLIII
DCCCLXXXI
3191
260
MMMCMLXXXV
60
2264
3784
MMCCCXXXVI
3427
1922
2623
MMMCCLXXXVII
DCLXXXIII
MMMCXX
3183
MCDXI
415
362
763
355
3333
191
MMDLIV
185
MMD
MMCCLXXX
1899
3350
DCCCXI
MMDLXXV
3372
1379
MMMCCLXVI
MMCCXII
1044
MMCCVI
706
CLXVIII
774
3659
678
2592
2376
3681
2836
MMMCCCXCIX
2024
MMCXLV
3279
3010
MDCXVIII
MMMCM
MCCXCVI
3698
MMCCXXII
MMCLXXXV
376
MMDCXCI
2787
CDLXXVIII
MMDCCIV
DLXVII
829
1569
MMDCCCLXXIV
3443
MMCDXXIX
MMMCDLXXXVII
CCCXCIV
2958
MMDCXCVI
72
MMMDCCCXLII
MMCCXXXII
244
270
304
559
2008
MMCDLV
1419
CMLXV
CCCXXXVIII
MMMCLX
CLXXXIII
MCXVII
MMMCDLXXXVI
2225
2379
MMDCCLXXXIV
MCDLXXXIX
MDCCCL
972
2942
MXVIII
3442
MDCCXCIII
2157
1904
2832
MMMXXXVIII
309
322
1808
135
CDLVII
MMMLXXXVI
MDCXXXIII
MDLXXXI
MMCDXXVI
1022
3900
MMMDCLVIII
822
779
DCCCLXV
3112
2426
MCMLXXXVIII
1212
MMMLII
CDLXVIII
MMCLXIV
MCXXVII
1655
MMCCCLXIX
1437
531
MCMIV
2898
3545
MDCCXXXIII
3280
347
3671
3169
387
CMXIX
2830
1966
MMMCDXV
220
MMMCLXXI
MDXLVI
MMMCDLX
MMMCCCXXVII
3338
2351
MMDCCXX
269
3341
3256
MCCCLXXX
660
MMCXLVI
LIX
MI
3461
963
776
XXXVI
3482
684
MCMXLVII
2774
XXV
3843
MDCXCIV
3855
DCCXXVII
3927
MMMCMXC
DXXVII
2816
3706
2969
782
MCDXX
1846
656
MMMCXCVII
MMDCCCLV
DLXXXII
2009
MMCMXVII
1786
MMDCCCLXXXV
3381
MMMXV
MMVII
MCXCI
MMDCCVII
MMMDCCLXXII
2369
325
1821
3117
MCXIII
107
3336
LXXXIV
67
MMDCCXIII
MMMDCCXCII
85
994
MDCCCLI
1759
1242
627
2248
625
MMLXX
1750
486
14
MMMCCXL
DCXLIII
MMMDXXVI
MMMLX
3021
MCDXXVIII
2653
1747
MMDXXXVII
I
DCLXXV
3336
MMDLXXXIV
124
873
1166
2915
MMMDCCXVI
3609
MDCIV
1723
MMMCMXC
MCCXL
MMCMXL
CCLIV
MDLXXII
MMCCXXXIII
2243
2199
2166
CCXCV
3956
2665
MMCCCLXVIII
MMDCLXXI
2169
MMCCXXIV
557
DCCCLXX
CMLXXXIX
MMMXIV
761
MCMLXXXVIII
CCLXV
2643
3249
CCXLVI
MDCXXVIII
1663
MMCCCLIX
212
MDCXII
MDCXLIII
1915
MDCXCVII
MDCCCXXII
MDCCCLXVI
CDLXV
MDCCCV
111
875
CLXXXVII
1645
DXXVI
1918
127
620
138
3821
MMMDCLXII
721
3179
MMMCMXXIX
MMMDCCCIII
MMCDXC
603
684
CCCXC
DXVIII
MMMCCCXXV
636
MMMDCCLVII
MMCCXCVII
980
DCCXCVII
3278
1737
3120
DCXXIX
MCCLXXXVII
MMMCMII
MCXCIV
3495
2201
CXLVI
MMMDCVII
MMMCCXXIV
MDCCCXXVI
CCCLXXIX
2854
1557
1071
3695
1742
2303
MDCCCXX
544
MDIX
210
LIV
MCDXXXVIII
MMMDCCLV
MCCCLXXVIII
MCMXXII
MMMCDXLV
3843
MMMDCLIII
2068
MMCCCL
1331
MLXV
3183
596
CXCVIII
MDXVII
54
MMMCCCLVIII
3176
MMMLXIII
MMMCCXIV
MMDCXVI
MMXCVIII
DLXXXV
MMXXIX
DCXCV
MMDCXCIV
2920
3578
245
3647
1786
2902
MMDCXXX
MMMCMXCII
MMDLXXXI
CCXXX
DCCLVIII
2883
2369
MMMCXXIII
MMMCXXXIV
MMDCCCXVIII
622
MMCCXXIV
1175
885
3064
MMMCCLXXXVII
DCCCLIX
3982
MMCCLXIII
2554
MMCDXVIII
2596
1455
MMCDLI
2045
MCMLXXIV
MMMDCCCI
1500
MDXLVII
729
3546
MCMIII
2288
MDCCLXVI
LXXIII
MMCM
MMMDCCCLXVI
3267
MMMCMLXXIV
MMMDCCCL
MMDCLXI
2072
MMMXXV
MMMCMXLVI
MMLXXXVI
MMDXXV
CMXLII
MMMDCCXXV
3717
MMCCXXIII
2704
MCCXXXVI
264
2763
CDLXVIII
611
1751
3145
826
492
1338
1075
MMCLVIII
1564
MDCCLXIII
2544
2160
2908
MMMDXXVIII
1546
958
736
2944
1253
3488
3629
2915
1030
2609
318
MMCCVII
687
1808
330
MDCCCLXXVI
2957
3733
DCCXC
2599
MCCVIII
MLXXVII
MMXXIV
1820
3025
560
3963
2548
CCCLXXXIII
1323
2137
MMMCCLXXVI
1764
DCCLXV
2260
MMMCCCLXXVIII
CLII
MCXLI
2188
3152
1199
MMCLIV
1451
MMMCCXXXVI
CLXXXI
2207
MMDCCCXLIV
MMMDCXXXII
DCCXCII
CXXXIV
2491
3054
1726
2804
3425
MMDXII
251
359
CCCLV
704
287
MDCXXXVIII
DLXXXI
69
DCCCVII
MMCMXIII
MMDLXXXI
984
MCDX
MMDLXXXII
CMXLIV
2451
MMCII
527
2019
MMMCCLXXXI
MMDXI
MMMDCXCVI
MMMCCXCII
104
MMDCLI
2146
MMCDLXIII
2534
II
MMMCXV
CCCLXX
MMMDCXXXIII
3984
2793
MMDCLXXIII
MMMCDXLIII
330
MMMCMXXVIII
CCCXXXVIII
636
3989
MMMLV
1639
2101
298
MMMDCCLVIII
MDCCXXIII
MMCMXXXIX
3908
MMDCCLXXXVIII
1021
MDCCCXCIX
3099
1307
2107
3179
3218
135
2975
3590
CCCVII
560
MDCLXXIX
2628
142
DCCCXVI
MMXLVII
MMDCCCXXXIV
2642
2567
MDLXXIX
MMMCCLII
634
MMDXXXII
MMDXCVIII
CMXXII
3644
MMMCCCX
MCCCXC
MMCMXII
MMDCXXII
CMXLV
1993
1381
MMDCCCXCVIII
3228
CMLVII
3014
MMCMIV
3543
3417
DCCCLXXIII
DX
MMMCCCLXIII
3528
2667
MCCXLVI
1167
MMMDCCCXCVI
MMMCCLXVII
2804
381
1994
MMCMLXVII
1542
CMXCI
3347
MMXXXV
3129
MMMDCXXIII
14
3091
688
79
MMCCXIII
2126
2798
MMMCCCLVIII
MMMDCCXCIV
2876
MMCCLXII
1865
MCLXXX
1400
303
1605
MMCCXLVIII
MMLXVIII
3487
3745
CDLXXX
57
2835
2618
MMMLXXXIX
796
194
MMMCLXXVII
1836
CMXXXV
1403
1566
413
DXXIII
3133
3792
MMLIV
1921
2605
MCCXCIII
MCXV
MMXLI
MDCCCXLI
MCCCL
1548
2565
1080
915
MCCCXCVI
MMMCCCLXIV
2590
MMMCCCLVII
3141
DCCLVII
LV
CCCLXXIX
MMDCCCXLIII
MMMCCCXXXVIII
842
MCIV
1814
3234
1335
2550
MCCXI
MMCDXXXIV
673
1168
CCIII
2733
MMMCCCLV
1305
338
2062
MCCLXXXV
1479
91
MMCCCXLII
3266
1511
453
MDLXVIII
MMMCMLXXXIII
DCLI
2639
MMMLVI
CMXC
MDCCXCVI
DCLXIX
DCLII
MCMXCIV
258
1533
MMCLXXXI
CCCXXIX
MDI
MCMXXI
1141
1940
MMMCDXXXIII
2009
DCLXXV
507
62
MMMCXV
3634
MMMXXVI
CDXCII
231
CCCXLVI
MMCMXI
983
MMMLXI
MLXIX
MMMDXLIV
MMMDCXXXII
MCVI
MMDCCLI
1513
CLVIII
2114
CMXCVII
MCDVI
1410
DCCII
MDCCXV
3542
MCCXV
CCCLIV
2443
MMXLVIII
1046
796
1570
MMCMLXXXV
520
1889
1634
MMMCCCLXXXIII
MMCMXXIX
1462
818
2710
MMDCXCIV
MCCXCIII
MMMCDXXXVI
MMXXXIV
MDLX
2208
CCCLXVIII
MCMXLVIII
MMCMXXVI
1900
1972
MDII
MMMCXCVIII
MMCDXCVIII
MMMCMII
1626
563
MCCIX
MMCCCLXXX
2624
3694
MMMXLVII
MXLIX
773
MDCXCII
MMMDCXIII
MCMVIII
MX
MDXLVII
2781
MMXXXIX
3541
3844
MMDCCLVIII
1926
1953
2943
MMLXXVIII
MDLXII
MCDLXXVII
DCXXXV
CCCLVII
MMCMXIII
3005
934
MMMDCCXCIII
2251
2649
MDCCCLXIV
MMMCCCXXV
MDCLXXVI
2170
DCCXXII
MCLXXIV
1530
MMCCCVIII
2827
634
MMMDCCCXIII
895
215
MMMDCCCVII
MMXLV
MMCXCIV
MDXCVIII
3222
445
2010
2957
MDLX
3606
MMMDXLIV
2359
MMMDCCCXXXIX
MMCMLXXIII
1633
MMMCXVI
MMCCCLXXXVIII
2207
1127
3943
MMDLXXVI
2496
3656
MMMDLXXXV
1363
505
CCXLI
796
MMMCCXLVIII
CDXCIII
649
MMCDXCV
MCLV
MMMCDXXIV
2644
3569
42
CDXIII
2452
MXXXVI
MMMI
MMMDCXXXVI
MMLXXIX
2357
2020
1904
1806
MMMCLXXIX
80
MMMDXLI
MMMDCXXV
MMDCXII
MMCXL
MDXXVI
CCLXXVIII
301
MMDCCLXXIII
MMDIII
MMDCCCVI
47
MDCCCLXXXIV
1160
MMDLII
MMDCVII
MMMCDXLVII
MMMDXXIX
MMCCXI
2998
1557
MCMLXXXVIII
3392
MMCMXLIII
1956
3163
1834
2061
MDCCXXXIX
1079
2891
731
CMLXXVIII
3571
MMDCCCLXIX
2282
DCCXXXVII
3083
DIX
MMDCCCLXXIX
2102
MCMLXV
CCLVIII
3544
377
2141
2979
1550
279
MMMCCCLXII
MMMCCCIX
DCCCXXXVII
MMMCCLIX
MMCXII
MMMDCXLIV
CXI
1897
MCCIX
MCDLXI
1080
3769
1299
DCLXXXI
3496
MMMCMLXXVIII
MMMCCCXCVI
MMMDCCXXXVI
MMDCCLXVI
2898
410
MCCCXXXI
MXXVIII
MMMC
MCCCXXXVIII
MDCCCLVII
2047
CDVII
MLVII
1046
CDXXVIII
DCCCLXV
MDCCLXXIX
115
3336
MMMCLXV
MCMXCV
3042
DCC
MMCLXXI
1806
CLXXII
152
MCXXV
DCCXXI
MMMLVI
3630
MMMDCCCXCIX
CDXII
1830
MMDLXXXVIII
1795
MCLVII
3940
531
MDLXXXVIII
MDCLXXXIX
1592
3312
MMCDXXXIV
MMMXCIX
1261
MMMDCCCXXXVII
1595
3696
MMMCMXXX
MMDXCII
3336
912
2826
MDCXLVIII
MDCCCLXIII
MCXLIX
1576
MXLII
MMDCCXII
MMCDXVI
2250
153
1606
MCCXCVI
2949
MMMCDXXXIV
MMMXIII
MMMCCXII
2246
2564
1662
49
3685
CDXLIX
MDXXVIII
3927
682
CCCLXXXIX
MMMCLXVII
DCCCLVII
MCD
MCMXCIX
3416
MMMCCCLXXX
DXLIII
941
533
1420
C
MMMCMLXXIX
1588
DCCCXLII
MMMCCCXLV
MCXXXIV
920
MMMDCCCXXI
2392
1620
2648
122
XCIV
MMXXX
MMDCCCXIV
MMDCCLXXVIII
2148
DLXIII
MMMCMLX
2327
MCDLXXXIII
MMDCXXXVIII
3461
DCCCXIX
DCXXIII
3444
2754
3062
MMMCXCVIII
3017
CCCXCIII
CLX
3974
DCCXXIII
DCCCXLI
742
CMLIII
MMCDLVII
MMDCXXXVII
MDXXXI
MMCLXXXVI
3331
940
619
89
DCCXVII
2258
3818
2474
MMMCCCLXVII
1260
MMMDLXV
MMMDL
DCCLVIII
MCCCXLIX
3617
2391
CDXXXVIII
3613
884
MCCLII
1991
MCDXXI
2478
MMDCCCXLIX
3702
2241
MCCCLXXVIII
VII
1513
3687
DCCCXLVIII
MDLXXX
1764
MMXIV
MMMCCXXVIII
1938
MMMDXXXVII
3098
DCLXXXII
MMMCXVII
MMCDLXXIX
MMMCDXLVII
2265
3747
2886
2094
MDCCXXXII
MMMDCCXCIII
MMDXLV
MDCCCV
1991
3637
CLXXIV
MMMCDXXXIII
658
2890
DCLXXXII
CCCXXXIV
900
1806
2471
3236
MMCCCXIV
MMMDXXXI
721
2646
1067
2343
MMMLVII
2646
2482
3969
1187
1260
MCVIII
3033
1883
2516
MMMDCII
3726
MMMXLIII
2938
MMDCCCXXVIII
MMCXLI
DCCXC
2528
MMCMV
MLXXXVIII
MCMLXXII
3334
643
3249
2686
CXLIII
1873
DLI
3428
MMMCCX
MMMCCCLXXIII
MMMDCCXXIII
MMMXLI
852
1382
MCXCVII
1029
3266
2948
CCCXII
MCLXXXIII
MMMCCCXCII
653
CLXXIV
3690
1728
MMMCCLXII
MMMCCCXCVI
2021
MMMDCXIX
CDXXXIX
1251
MMMDCXCVIII
MMMCMII
MMMDCCLXIX
MMDCL
MMDCCXIX
MMMDCCCXXVIII
2656
CCXXIX
961
2936
MCDXX
MDCCLXXVII
2335
3500
MDXXX
1345
1461
2050
3342
MCXXVIII
CCCXXII
3252
CCCXCVII
MMMCCXCIV
MDLII
1192
2655
MMMDCCLXXIII
MCDXI
MMMCMLXIII
MMDCCCLXXXIII
3618
1738
MMMDCCCII
MMCMXLVI
2863
MLXII
2623
ML
439
MDLXXXVIII
604
401
133
MDXLV
MMDXXVI
MCMLII
MMMDCCCXXII
DCCCLXXXI
MDCCCLXXI
1254
MCDLI
MMMDCLXXIII
MMMDCCL
MCCCLI
432
MDXCIV
1816
973
CLXXXI
172
1932
1034
DCLXXIX
MMCCXCV
DCCCLIV
DCCLV
3120
1468
3912
MMCMLXXIII
3107
CXCI
MCMLXXXVIII
2344
DCXXXVIII
2518
3982
MMMXXVIII
MMMCXXII
MDCLXXXVIII
MCMLVII
1549
MLIV
CCCLXXIV
MMMDCCCLIX
1612
MMCXXII
3298
MDCCCLIV
MMMDCCCXXXII
130
2134
MDCCXCIV
MCXX
MDXXVI
MMCDXXXIII
MX
MDCXLVII
1653
1751
XIX
MMMCCCIII
2597
3161
3164
2166
1695
MDCCCXXXVIII
MMMCCCXC
CCCLXX
MDCCXLVI
3384
MMMDCCCXXXVI
DCXXXIII
2803
MMCCXVIII
821
2401
MMMCDXXI
3356
28
MMMCCCXV
3847
MMLXXXI
58
MMMCDXX
522
1507
MMCMXXIV
2782
MMMDCCCXXIV
2299
852
CCI
1123
MDCLVI
CMLXXII
3186
401
1156
XV
2879
840
1307
1982
CMLXXXVII
XIX
3448
1051
2702
1184
MMMCDXLIX
2380
CXIX
789
595
LI
CCX
3418
3168
MMMLXXXVI
302
MMCDLI
3872
3619
3722
435
MMMXXXI
715
3844
2519
MMDCCXXV
2991
203
3530
MCCCLVI
MMDCCCXXXVI
MMLVI
CXIV
2718
MMCCCVIII
MMMDCCLII
MDXXI
2683
1991
848
MDCCXXIX
635
MCXXXI
MCLXVI
1993
MMMDCCXXIV
2930
MDCCCLXXXIX
MMDCXCVIII
MMMCIX
MMMXCIV
1997
MCCLXVIII
MMMDLXIV
DCCCV
MCCVI
MCCLXXV
2094
MMMDLXXXII
3970
MMDCCXXIV
MMCCCXIV
MCCLXII
CXLIX
MMCCCXCVIII
44
2101
MMDLI
MMCCXXXVII
MMDCCLXI
MMMCDXLIV
841
DLXX
MMDXLIX
1533
1182
3468
2379
1487
MMDCCXXXVI
1746
MMMDLII
1564
2184
DII
LXX
MMMCXLIV
CMXLVI
3327
1499
2708
3044
1382
3285
MDCCCLV
CCXXV
MCCLXXVI
3285
MMMCDLXIX
MCCCXXX
249
2601
2970
1841
3841
MDXXXI
MMCCXXXVIII
1162
MMDCCCXC
MMCCCXXVI
1867
3068
2984
455
1901
2327
2563
MCCXLVI
MCCCVII
DCXXXV
509
2604
2285
1323
MMDCCLXV
MMCMLXII
279
DLXXVIII
3714
LI
MMDXXVI
MMCCCII
MMDCCXXIV
MMMCMLVII
CCLVI
3780
441
3342
MMCMXL
810
3581
MMMCLVII
MCCLXIV
3073
DCCLVI
2215
DCCXI
CDLXVIII
MMDLVIII
MMMDCCCXLV
990
CDXLIX
MMDCLV
2107
2962
3822
MMMXXI
MMMLV
1796
MMCMI
MMMDCCCXLVI
MDCCCIV
DCCXII
3206
3892
MMCCLXVI
2126
2138
MMMCMLXXVI
DCCCV
CLXXV
2840
1600
904
1397
MMMLXVII
DCIX
2107
MMDXXI
MMMCDLXXII
1566
679
2395
MMMDCCCXVII
1033
3777
1436
CLXIX
3289
3904
1490
2627
MMMDLXXXIV
MMMDCLX
2877
MMXXXV
MMDXXXVIII
1131
2642
92
DCCCLXXXVI
186
3392
MDCCLIII
MMDCCXLVII
MMDCXXXV
762
MMMCMX
MMDCCXII
MMDCCXXXII
3197
DXXXIX
1817
3206
XXXVI
MMMDCCCXXIII
MMDCCCXXXVI
3416
3856
1729
MDLXVIII
MMCCCXXXII
1607
5
MMMXXVII
DCCCXLVIII
3300
CMLXXI
MCCLXXXVI
MCCXIV
MCMI
MCCV
MMMDCCCXXXIV
1223
1584
MMCDXI
MCDLXXII
MXCVII
1268
85
2849
1304
3216
CCCI
MDCCXXV
MDCIX
MCDXV
1606
3092
43
MMMCCCXXXV
3686
MDCCCXLIII
DCCCV
1542
3589
MMDCCCLXXXVI
3426
MDCXLVII
DCCCXCVI
MDCCCVIII
3395
649
MMDLII
MMMCXXXIII
2164
1939
CCCX
MMDLXXXVIII
MMCDIX
MCMLXXVI
860
DXLVI
MCDLXXXVII
3874
CDXIV
DXXXVII
3375
CCCLXXV
845
3916
2453
L
1997
3674
3624
2503
DCCCLVI
CMLVII
3205
LXXXIV
MMMCCCXXI
748
1367
877
1740
3079
DCCCXCV
MCMXII
576
3782
MMDCCXXXI
3090
2117
3735
3686
3179
MMCCCLX
MCCCV
CCCXVIII
608
177
MMMCLV
CCCIV
DCLXXIV
3676
2598
MMMCLXIII
3180
1286
MMDCCXIX
2797
1530
2322
MCLXI
MCCCXIV
1473
1085
2725
MXVIII
1053
MMMDXCI
MLXXV
1630
2383
MMDCXCV
MMMII
473
MMDLXIV
DCLXXVII
2381
DCLXXXIII
DCCCLXXXVI
2398
MDCCCX
1546
MMDCCLXVIII
MDXLIX
DCCXXXI
MMMCDVI
MMMCCXIV
1213
MMDLXVI
CDXI
2423
CDXXXVIII
467
CCVI
3581
MMCMIX
MMCCCLXXXII
MMCCLXXI
MMMLXXXIII
1770
1612
304
CMLXXXIV
580
MMCDXCIX
MMCLXXV
994
240
3049
MMCXLIV
MMCCCLXVI
2953
2797
CMV
40
1476
2547
392
1140
MMMDCCCXLIII
MCCVI
1031
MCDXXXIV
1746
1922
MDCCCLXXX
MMDCCXXII
LVII
2687
CMXXXVI
2453
2676
DXIV
2430
1918
1614
1588
MDCCCXXV
MMMCMVIII
2701
3651
1510
MDCIII
MMMXVII
MMDCXXVII
3207
698
1359
DCCXXXVI
734
MMDCXXIII
MMDCCCXVI
MMC
3620
3030
3227
1743
DVI
3860
2390
2543
CCCLXXII
3673
MMXXXIX
MDCCCXXXVII
MCDXCII
3410
MMMCCXXV
2594
721
MMMDCCXXII
1842
3674
919
MDXLVII
DLXX
3524
3551
1557
2506
3666
MMLXVIII
MMDCCLI
MMLXIX
918
MMMCLXXXII
MDXXXIV
MCCCLIII
1365
3705
2559
MMMDCCCLXXXIII
MMCCCXVI
XVIII
MDXLV
1757
855
2523
MMCLX
MMMDCCXC
1335
739
80
3043
MMDCLXXX
MMMCDXLI
2750
518
CLXXVI
55
1106
MMXCVII
MMMCCXCV
3920
1016
MMMDCCCIV
MDCV
3662
2221
2873
MMMCLX
707
MDCCCLXXVI
MMDCCXCI
MCDXIII
333
510
539
MDCCLXIX
2402
DCLV
1258
2620
MMMDCXIX
561
646
MMMDCCXCVI
786
MMCDLXX
MDLXIX
MDLXIX
3403
2194
MMDLXXIV
1505
MMCCXLI
1528
MMMDCCLI
1636
MMMLXX
3318
134
MMDCVIII
1781
MMMCCVII
2039
3737
2805
MMMCDXXVI
1343
MMCCLIII
MCCCLIII
MMMLXIX
928
764
3398
MCXIV
MMMDCXX
MMCCXLIV
817
MMMCMXXV
MMMCCCXXXI
903
856
MDLXI
DCCCII
578
MMMCCXLIV
1593
MMDXCIV
737
419
1361
2601
3359
MDCCCVII
CCXCVIII
385
MDXXXV
XLI
MMMDCCCLXXXIII
DLXXXIX
CCCXLV
MDCLXV
MMDXLIV
2051
DLVIII
3930
MCCVII
1469
LXXXIII
2540
MMMCLXXXIII
3966
MMMVI
1373
MMMDCCLXIII
MCDXCIV
3936
3141
3173
2167
830
MMXXI
MDCCLII
1214
3930
MMMDLXXV
MMCDXCI
3053
3525
MLXIV
DCCXXXV
2739
3519
MMMDCCXXXVII
2455
MDCCXCIX
35
MCCCXXVII
MMCLXXXI
MMDLXXVII
MMDLXXVII
XXV
2039
MMCMLXXXIV
MMDCCCIV
1076
MMMCMLIII
72
MMCDLXIII
MMDCCLV
584
MMCDXXIX
MXLV
2548
MMCDLXXX
MMMXXXVI
MMMDCCCLXXXIX
3999
MXCIII
3605
2189
1755
MMMDCCLVIII
MMDCXXXVI
MMMDXXIV
MCDLXVIII
MMMCXXXV
CMLXXXI
3079
DCCCLXVIII
DCXCI
466
MMXL
CXLVII
2837
MMDCCCXXII
MCMLXXXVII
3471
MDCCLXXXII
MMDCCIV
602
MMMCXXX
MMMCCCLXIV
3134
978
34
MMMCCCVIII
MMMDIV
CMLXXII
IX
MMCCXLIX
1113
2350
DCXL
2171
2166
DCCL
628
MMLXXIV
2902
MMMCDLXXVII
3959
3198
1221
MMMCL
MCMLIV
835
MMMCMXXVI
2266
1646
2216
1818
2056
120
MMMCCCLXXVIII
MDCCCLXXXVII
1301
MXVI
MMMDCCLXXXIX
3657
2520
MXXIV
457
MMMDCCCLVII
DCXIX
MMMDCXXXIX
1667
3466
MMCMLXXII
MMDCLXXXIII
3294
CCXLVII
2186
2476
MMDCCCLXIX
3525
CCCLXXXI
CMLX
1732
1505
MMXIV
3332
MMMDCXLII
MMMCDXLII
MMCCLIV
MMMCMLXXVIII
MMMDCLIII
3440
1826
81
407
CXX
LXVIII
1954
CCXXXII
DXLVII
2943
2791
MMMDXII
MDCCXXVI
3696
MMDVIII
CCXXV
MMMXXIV
1669
2230
2151
CXIII
2838
MMMCCCXXXIV
614
MDCCCXLII
3408
481
MMMCMLX
3668
CCXVI
MMDCLI
3667
24
215
266
MDCXXXIII
MMMCMLXXXIII
MLXI
MMLXXXIII
MDCCXCIV
2057
CLXXIII
MCDXCVII
MMCCL
3372
MCCCXXVI
391
MDCCLXII
CXL
MCCCLIV
MCMXXI
3726
293
1943
582
1077
537
3082
3748
MCLVIII
MMCMLIV
294
3353
2309
990
41
2956
2899
617
2794
MDCCXXXV
3313
MMDCCLXXVII
DCLXXXIX
446
MMMDCCCXCIV
3750
3425
MCMLXVII
MMMXLVII
CLVIII
MMMDCCCLXXIII
2505
MDCLVIII
2490
MDCCCXVIII
3452
838
3995
MMCCLVII
MDCCCLXXIV
MMCMXXVI
MMCCXXXII
182
970
1851
MCXXVIII
939
MDCCCXCIII
MDCCCLXXII
MCCCXLVII
MMMCMLXXXII
2997
MMXXV
CCXXXIX
2123
1828
MMMCCCXLVII
MMMDXXXII
1301
2809
3417
2952
MMCMLII
3355
3896
2551
3023
91
MDCVII
MMXXXIII
3040
MMMDCCCXXXVI
2735
MMMDLXXXIX
CCXXXI
CCXV
1616
2558
MCCLXX
948
MCCCLXXII
MMMCXXX
LXXXVIII
MMMDCCXI
297
3321
CDXL
MDCCLXXIX
2010
MMDCIII
160
3687
CDIX
3302
3149
CDLXXIX
3751
449
3351
3333
2333
MCDVII
873
151
MCDLVII
MMDCCCXXXVII
3523
972
MCMXLI
CV
2603
3277
3810
1021
MMCCCX
247
412
1065
MMMDCCIX
MCDVI
667
2127
3228
MMMCMV
2630
181
1837
CM
MMMDXXXIII
1205
DCCCLXXIII
CCCXXIX
MMMCCCXI
CCCXLIII
868
3621
644
438
MMMDCCLIII
839
673
DCLXXI
MMCXLVII
MMMCDXII
1036
1373
MMCXL
DXXIV
3457
MDCVI
DCCCLXXIII
337
2291
MXCI
LX
MMCDXXII
1837
1032
CXLIX
MCCCXIV
MDCCCXLVI
2207
MCMXCVII
3375
MMMDCIV
3804
1676
CMLXIX
MMMCCCLXXXII
DCCLIII
13
2388
MMCCXXIII
320
3629
MMDCCXLVIII
CCCXLIV
MMLXXXIX
3683
MCXXII
359
MMMDCLVI
MCCCLVII
MCDXLVIII
MMCCLI
1163
MCML
2581
MMDCCCXXXI
792
3718
MMCXXX
2573
DCLXXIII
2110
1412
MMMCCCXXVIII
3881
MCMLXXVI
3141
301
1251
422
175
MMCCCLI
MMCDX
1486
MMXI
MMCXCIII
2692
MCDLV
MCCCXLIX
263
2942
1671
DCCXXV
463
MCCCLXVII
3839
MMMDCCCXIV
MCMXXXII
MMCCCXCVII
MXC
2327
486
1852
3206
MMCDLXVI
MCMLXXII
335
MDCCCLXVIII
3050
3812
3136
49
MMDCLX
MMMCLXXV
MDCCCLXXIII
MMLIX
3685
DCCCIV
302
1371
MMDCXLIII
MMDCCCXCIX
800
1242
CMIII
2783
492
CCCXL
2459
1532
MCLVII
694
MDCCCLXXIII
3570
1432
MMCCLIII
CMIX
3173
MMMDCCLXV
2970
CMXIII
1599
1553
MMMXX
CLXXXV
MMDLVIII
MMDCCXXIX
1883
MMMDCCXLIV
MCMLXXII
MCCLXII
884
CCCXXX
MCMLVIII
MMDCCLIV
MMMCDLX
CCXXI
MMMDCCCLXXX
MCCXX
3917
2393
2325
DCCCLXI
476
3176
DXXV
MCMLXXIII
MMMIII
1054
1865
1687
MMCLXXIII
1172
MDCCXLIV
CMI
3218
MMMCCXVIII
CCLXIII
MDCCII
CLII
2897
MMCDXCIV
XC
MDXXVIII
3406
MCCLI
MMDCXXXV
MMCCLXVIII
1256
3362
MMMCMXCV
2262
3419
MCMXCVIII
2123
MMMDCCCXXIX
2777
MCDLVIII
726
MMMCCLXXXIV
MMMCCXIX
3872
CMXXIX
3648
CMLXXV
3379
1787
MXCIX
XXXIII
MDCCCXVII
MMMCXLII
2377
MMCCCLXXXI
DCCLXXXV
MCMXL
MMCMXXXVIII
2741
MMCXXXVIII
2413
1349
MMMCCXCVII
36
MMMDCLIII
CDLXIII
1819
1687
223
2498
776
MMMCCXVI
CDLXV
3455
MMMDXCVI
2978
DCCCIII
CCCXV
2663
MDXXXVIII
892
3078
MMDCXCII
1618
MCLXIV
3946
MMDCCCXXI
819
1221
MDCCCVI
MMMCMLXXVII
DCCCLXXVII
MMMDCCXXXVII
MMDCXCI
3023
1844
3756
2948
MMMCCCLXXVI
1652
1292
723
41
22
3004
1281
MCXCIV
3579
3340
MMDI
2027
MMMCMIII
3224
CDXLVIII
1973
DCCCXXXII
882
LXXIX
2519
2070
2817
2216
1549
MMDCCLIV
MCXII
227
MMCDLVIII
MMVII
CDLXV
1688
2980
MMCCCLXXI
2790
MMDCCLXXVIII
3521
MMMCCLVI
MDXXX
MMC
MCDXLV
MMMDCCIV
3267
2506
3517
DCCCXXXIII
2007
3961
MCXC
MVI
MCCCLXXXI
CDX
3639
2343
543
MCDLXXIII
DCCXX
DXXXVI
2851
MMMDCCLXXXVI
397
MMMCCCLXIV
43
1514
MMDCCL
2918
1249
MMMCDXVII
837
2984
1107
MMCMXCVI
2020
MMCCII
MMMCVI
3434
MLXXXIII
MMCMXXX
MCMXXXVIII
CCCXCVI
2515
MMMCMXXX
MMMXXXVII
MMDCCXXXVI
MMMCXIX
MMDCCLXXVI
3504
MDCXL
615
MDCCCLXXXIII
3819
2977
XXVIII
MMMLXVI
MMCLXXIX
1676
535
3117
3993
2076
3061
MDCCCXXX
MCDV
CDLXXXV
MMMCCCI
3386
MCCXXXVII
MMMDLV
CCCXXXI
3673
CDXCI
DCLXXXIII
MCCCLXXXIV
581
II
MCDLIV
MMCCCLII
3938
CDXXVII
MMXI
CDLI
MMCDLXXXV
2874
3508
CCLXXV
MCDLV
MDCCLXXI
MCMLXXXVIII
MMDCCXXXI
MLXVIII
MMDCCCXLVIII
L
MMCCXCIII
MCCCXLIII
MDCCCXXXVI
MMMDCCVII
CCCLXXII
MMCXXXVIII
CDXLIV
MMCCCXXVIII
1364
MCCCL
MMMCCCLIV
MMCLXII
371
CXCII
MMDLXXVII
2172
MMMDXCV
MMCXLIII
DCLXXXV
DI
2034
MMCMXCIV
3984
MMMDCCCXVIII
MCCCLVI
MCCCLXXXI
DCCCLXX
1138
CXCI
3640
MMMCCXXVIII
MMDXXX
2679
MMDCCCXL
1347
660
MCCIV
2139
3676
964
835
MMCII
3754
329
2238
3447
MMCCX
MCMXLII
215
CXCIX
MDCXII
MMDLXI
DCCXX
270
CCXCV
MMMDCCCL
2000
MMMCMLXXXIV
MMMCMXCVI
CCCI
MCMXLIII
3297
MMMCCLXXIX
2009
MMCDXXXIII
CCCLXXXIV
CXXII
553
MXLII
323
1803
MMMCCXLV
MXCVII
2308
2300
MCC
3374
2454
MMMCCLXVIII
2992
3916
DCCCXCIII
1700
1069
2811
MCDXXIX
3951
1492
269
2962
2400
1197
DCCCXLII
CDVIII
MCCCLIV
1697
MMMCCLI
1262
1029
CCCLXXXVII
3056
MMMDCCCIII
MMCCCLXIX
449
MCCXXVI
MMMDCCCXXX
1609
CCCXXXII
2507
3457
3232
MMCCLXXXIV
423
363
636
3390
1060
CXXII
1002
1405
862
3956
2724
274
CMXCVI
MMMCLXXXVII
CXXXVIII
2340
776
MMMDCCXLII
MMMDLVIII
3179
DLXVI
MCMXXXV
3570
MDCCLVII
1852
MDCLX
DCCXLIV
2790
MMDCV
MMCLXXVIII
3637
3951
MMDCXXXIV
980
3318
1709
DCCCXI
3551
737
MMMCMXXIX
MMMCDXXIII
MMMCLXX
3588
1143
2327
CCCV
3310
DCCCXIII
MCDXXX
MMDCCCXLI
MDCXXXI
988
CCCXVII
CCCXCV
MDCCCII
MMMCIII
MMCMXXX
3468
MMMCXLVIII
2511
3983
1713
1272
470
MMCX
DCCCLXXX
2901
MMDCLXXVIII
3622
3290
MDCXIII
MDCCCLVIII
1124
MCCXXVI
MCCLXIX
DCCLXXXVII
MMMDCIX
1074
3422
2152
817
2263
MMMCVIII
221
MMDCLIX
MDCCCLXVI
MMMCLXXXIV
3518
MDCIX
3759
1823
DLXV
MMMDXCVIII
MMCXLVI
3390
CCCLXIX
MMMCMXXVIII
764
MMLXVIII
MCXXIII
MMMCDLXVII
1380
CDLXXVI
DCCXVII
MMMDCLXXIX
2353
3406
CCXXXIX
1124
2379
2748
1299
52
675
954
MLXXXIV
1951
MMCMLXVIII
MMCCCXCIV
MCDIX
3729
236
3768
MMDCCCLXXI
DCLVI
2265
MMMCDXXXIV
MMMCLXXVI
MDXCI
MDLII
MCMLXXIV
2651
1827
3823
MCCLVI
3750
1271
2699
MMDLXVI
MMCMLXI
1395
DCCLXX
MDCCXXXVIII
MCCXVIII
DCCLXXXII
MMMDCXLIII
MCXLVIII
MMDCCCXI
MMDCIX
IV
MMMLIII
1100
MMCLX
1661
MMCCCIX
2907
1323
2030
MMDCCLXVIII
DCLXVI
3
MMMDLXX
MMDLXXXV
3563
1285
579
MMMDCCCIX
CCXXXI
851
2854
1246
MCCXXXV
309
815
MMMCLXXVI
MCCCLV
MCMVII
1489
1336
1638
1376
MDCCCLXVIII
MMMDCCCLXXXIII
3900
MLXII
MMDCCCLXXXI
3173
1253
920
MMCMXXXV
2563
1073
868
3508
MCCCLXXVI
MDCLXVI
3242
MMMDCXC
MCCCXIX
MCCCXLVIII
MMDLIII
MDCCXCIII
MMDXXVII
MCMLV
CCCXCIV
MCDXXXVI
3239
MMDXXII
CCCXXIV
294
3534
873
603
DCCIV
1300
2762
MMMDXIII
241
MMDCCXIX
MMMCCLVIII
411
42
MMDCCLXXXII
1334
1960
3864
CLXXI
2745
3019
MMCCVI
MDCCXXXII
MDCCCLX
MMCMLXII
MMCDIII
DCXIII
1354
3780
DCCCXLIX
CCXCII
3272
1636
CMXVIII
2165
486
2787
3895
1013
3303
3121
3148
MMDCCXIII
2416
2672
1879
CDLXXXVI
1336
2546
MDCCCXLIV
2350
XLII
MDCCLIV
2786
CCLXXIII
3228
MMDCCCLVI
DCXXV
MMMDCXXI
MMCDLII
3980
3149
MCDXIV
1920
1407
1069
914
2453
MMDLXV
7
406
MMDLVI
2760
1017
3159
MMCCLXXII
2712
MCCLVIII
2387
914
CCXXXV
CCCLXXVII
2892
MDCCXIII
CDXVII
1929
3244
MDLIX
3898
3595
DCLXXVII
2667
MMDCCL
2368
760
MDLVI
2661
MDCXLII
826
MMLXVIII
MMMDCXXI
773
CCXI
359
CXXXVIII
3681
427
XXVIII
MMVIII
MMMDLV
MMMDXXXIX
1916
MMDCCCLXXV
MMDCCXL
MMDLII
MMCMXI
MMMCCCLXXIX
2656
3408
DCXL
MMCVII
MMCI
237
2475
MMMDXXXI
827
MMMCMLXI
MCXXII
2195
127
262
MMMLV
MMMDCCCXV
MMMDCCLXXIV
3476
30
MMMDCL
524
183
2109
2964
MDCCXCVIII
MMMDVIII
1534
1878
2592
429
MMCCCI
695
2453
MMMDCCCLXXXVIII
MMCMLXXXIX
MDCCXCV
MMMCCCLXXX
MMMCCCXXXVI
2967
777
3131
959
MMMCCCXXXVIII
DCXLIII
718
3349
2851
2793
1473
MDCLXXXV
MMMCCCXLI
MMCCLXVII
CCCXLII
311
3966
1351
MMMXXVII
MDCXCII
MMCCCXXXVII
MMMXIX
MMCMXIX
MMMCDXXX
3391
MCMXXIX
CCCXCVI
287
MMDCCXCV
3337
MMXLI
MMDCCCLXIV
2517
MMCCCXCII
DCLIV
2624
768
MCXXXIV
541
2587
CXVII
1937
634
1383
3154
DXXVI
2523
MMMDCLXXI
2615
240
3280
2932
MMCCCLX
MCXXXI
155
MMMCCCLVIII
CXIII
MXLII
2152
XXII
XXIII
515
2634
2012
2482
2595
MDCCLX
MDXI
MMCDLX
3648
DCCLXVIII
CDXXII
MMMCLVIII
MMCDXCIV
2474
568
1773
2965
937
2001
2499
MMCLX
MMCCCLIV
3524
1664
3125
731
MMMCCXCVI
2509
2874
772
MDCCLIX
MMMDCVI
MC
2998
3916
2314
VIII
MMMCXLVIII
679
3379
1509
3027
2271
DCCCXV
MMCMLXXI
MMDCCCXCV
3737
MMMLVIII
MMDCXLIII
MMCMLXXXIII
3914
MMCCIX
3798
2789
MMMDCCXCIII
MLXI
MDXCVI
60
2700
3225
MMDXVII
DCCXXXIII
MMCCCXCVII
2327
1162
1175
MMDCVIII
MCDLII
MMDCCCLXXXV
MMDCCXV
588
1599
MCCLXVII
638
MMDXLVII
MDCCCXXXIX
21
1042
CXV
DLXXX
MMMDCXIII
1380
LXXXI
2407
CCXVI
3977
871
1577
MMMCXLVII
3392
MMMCCCXXVIII
MMCDLXXXIII
1652
MCLXXVIII
MMMVI
MMMCCCLXXXIX
MMMCMXXXIV
3774
342
1492
1451
2781
MMMCMLXVI
2514
3725
DXXVIII
MMMDCCCXLIV
1674
CCLIV
2206
1248
MCMXX
DXVII
MDCCLXXXII
XL
CMX
76
3719
MMMDCLXVII
MMDXCV
1956
MMCCCL
MCDVI
MMDCXLVI
689
2692
CCX
1790
3786
MMMCCXLVIII
MCMXI
DIV
3278
DCLXXVII
MMMDCCCXLIII
MCCCLXXII
DCCXLVII
MCCCXCIII
MMMDLXVII
1004
2656
CCCLVIII
977
498
2591
944
1750
MMDXXVI
1167
MDLXIX
MMLXI
928
MMDCCXXX
MMCCXCI
2664
1778
MMCCCLXVII
3420
1285
2248
2335
3502
1632
151
2694
187
DCXVII
MMMCCCLX
2820
MCDXXXIX
3890
1886
2743
MMMCDXCI
MMMDLXXX
CMLXXXI
MMMCDLXVI
928
2852
2121
CXLVIII
MMMCCLIII
3985
2948
3394
MMMLXI
293
MMMCCLXIV
2664
MMMCVII
2764
828
2566
992
XXXVIII
2343
MMCMXCIX
1039
MMCMXL
DCCCLVI
MMMCMLVII
MMDCLXXIX
1915
MMMDCXXVII
3149
MCDXXXVI
MDCCXXXIX
MMCDXLIV
705
1015
CCCXXXVI
MMCDX
MCCCXCIX
3824
MDCCXXXVI
703
1679
MMMXXXVII
MMDLXIV
361
1810
2302
MCCLIX
3637
MCCIV
MMDCLXX
2764
2103
MMMDCCXXXI
MMMCDXXXIII
2477
1866
MMCCCXXX
MMCXV
2242
2256
MDVI
470
CCXXII
525
XLV
299
MMMDCLXXV
MMMCMLVI
2550
MMCMXCIII
MMMXXXIX
2987
MMMDCCXCIV
750
735
MMCCCXXVI
MCXXXI
CCCXLV
MMMDCXXV
3521
MMDLXXX
2565
MMDCCIV
CL
1305
CLXXVII
MMCCCXLII
1827
2159
MDCCXXXVII
3999
MMMDLXVII
DCCXLVII
MMCXXXV
MCCLXXVIII
2033
MCMXLVIII
175
1870
3939
MMMXVI
MMMDLVI
MDCCXC
3489
3009
3004
3765
MMMCCCI
MMCCLXXXIII
1613
3912
3880
MDLVII
219
3722
3739
DCLXVIII
843
MCMXLII
3842
MMXCIII
CCCII
2120
MDCCXCVI
MMCCLXXV
MMDCLXXXIV
1823
1921
3277
MDCCCLXXIV
1419
MCCCLXXXIV
2277
3778
CMXXIV
3880
994
MMMCMXXVII
MCCCXC
1459
450
3457
1382
MCCLIII
3875
910
MMLXXXVI
MMMCCXII
DXXXVI
1448
2196
1510
2511
457
1523
2075
DCCLXXI
MMMDCCXCVIII
187
CMXCVI
2786
MMMCVII
1748
91
MCXCIV
3965
CCCXLIII
MMCCCXCVI
MMMDCCLXXXIII
DLXXX
1799
2672
893
MMCDXLV
MMMCCCLXIX
XXVII
122
MMMCCCLXXXVIII
MMMCCXLI
MCXLII
3094
MDCXXXVI
MMDCCLXVIII
74
656
MDCXVI
2237
1324
1624
3635
MMDCLIX
CMXLII
221
MDCCCLIV
DCCCLIX
2434
MMMDCCLXXX
2445
MVII
CCCL
459
MMMLXIII
MMMDCLXXXVII
3133
DCLXXXIV
666
1264
MDLXXXII
3284
1772
MMDCCLXXVII
MMDCCCLXXVIII
MMCCCLXXIV
3374
MMDLXXXV
MMDCCXLIII
1554
DCLXV
MCDXXVIII
MCCCV
MMMCDXXVIII
MCLXV
3771
3751
1416
596
MMCMXCVIII
1567
MCDXXIX
2956
MCCCXCVIII
CCCXXXVII
MCDII
CMXVII
3785
MMDCCLXIII
MMMLXVII
MMCMXXXVIII
DCCLV
MMMLIV
555
2837
267
121
MMMCCCLXX
2638
MMDCLXXXVI
MMMCCCLIX
MDCCCLXIII
MMCCLXXIV
MMMCCXXXIV
2307
2531
1768
1681
403
2477
MMCCLXXXII
1053
CCLXIX
3147
443
149
2271
CDX
MCCCLXXXIX
3661
MCCXXXIII
2551
1551
MCCLXXII
MMMCLXXVIII
MCDXCII
MCCXVII
MMLXXIX
2697
1904
MMDCCXLV
3139
1054
MMMCCXX
MCCCLXXXIV
511
MMMDXLI
MMMCCLXXIII
MCCCXCIII
MCCXLIII
MMMCCCXXVI
458
3266
2302
2006
MMMCXCVIII
MMMIII
2427
MMDCXXVII
MMDCCCLXII
CCCLXXI
3827
MMMDCI
2809
DXXXIII
MMMDCXXXI
712
MCDXXXI
MMMLXVI
MDCLXXXVI
1769
MMCD
131
1677
MMDCCXC
MCXXIX
2078
MMMCCXXVI
MMDCLXXI
CXLIII
1914
985
MDCCCXXII
2331
MCXIV
3823
CDXCII
MMMDLXIV
CCXXIII
MDCCXVIII
MMCCLXI
MMDLXXXIX
MMMDCCCLIII
CCCLXXXII
MMDCLX
MMMCDXXVIII
CCCLXVIII
MMDCXXX
MMXXVI
MMDCCXXXI
MLXI
MMMCMXI
3419
3374
MMMDLXXVII
MMCLXVI
DCCLXXXVI
CCCVII
702
3383
MMXXXIII
21
1678
2608
MMMCCCLXVIII
3526
MCMLXXVII
3954
148
CCCXXI
MMCCCLIII
3499
2155
3382
3862
MMMCMV
CCCLXXIV
MDLV
MDCCLVIII
DCCXXXI
3081
2662
MCIX
2062
MCDL
MMMDXXIV
MMCCXV
MMMDCCXLIII
MMCCXIII
CMXCVIII
3613
3183
3693
2995
MMMCCCIX
1192
MCCCLXXVI
1940
2087
454
3320
XLVI
MMDCCXIV
3789
MDXLV
MMCCCLX
213
485
3581
3044
1535
873
MMCDXXXVII
MMCDXCVII
1475
MCDXII
MMMCXCI
1559
1668
MMMDCXVI
CDLI
MMDCCLXII
2024
2135
MMCI
MMDLXXX
MMCL
MCDXXX
MMMDXXI
CMXCIX
1823
MDCCLXXXIII
2122
MMMCXXVII
DXXVI
656
CMLXXIV
DCVIII
2183
2076
MDCCLXXXIII
1685
2585
300
MDCXC
1914
3274
2880
1266
1830
CCVII
DLXXX
2563
1794
MMDCCLXXXIII
3080
MMCXXII
MMMLXXV
3193
3832
2652
MDCCCXLVIII
1150
3550
MMMDCXII
1055
617
3856
1503
MXXII
MMCCCLXV
MMDCCLXXIX
XLVI
MMDCCXIV
MDCCX
DII
931
MDCXCIX
2361
934
3253
CDXLVI
MMMDCCCXXXI
MMMCDXIII
611
MDXCVIII
3778
537
MMMDCCXXXVII
MMMCMLIII
2790
3607
1661
MMCCLXXXVIII
893
MMMCCXXXVIII
163
519
MMMCMVII
3383
CLII
2737
2336
3393
2234
1176
1213
207
284
MMMDCI
32
MMMDCCLXXIV
2787
CCXLII
MMMDCLIX
MCMXXI
1614
MMCDXVIII
MMDCLX
3717
MMDCCXXXIV
3821
MMMDCCLIV
1434
MMMCXIX
3848
MMDCLXXXV
2663
MDCCCXVII
MMDCXCVII
MMMDCCCXLIX
2016
MMMCDI
271
1026
764
MMMVIII
1056
CMLXXXVI
CXL
3061
MCCLXVIII
MMMLXXXVI
1790
MDCCXLVIII
1184
1686
2159
249
DCCLX
885
2132
3642
205
903
CDLIII
MDCLVI
MDCLXXI
MMMCCLVI
275
2957
2727
DCCCXXV
833
MMMCCXXI
3983
MCLXXVIII
2833
2321
877
MMMCMXIV
1561
MMCXXI
1316
MMMCCXLVIII
2711
2777
MMXX
MMMDXLVIII
274
1545
MX
154
MMCDLXXXIII
2010
MDCXXI
MCDXXXIX
MCCCLIX
1814
DL
MMMDXVII
391
689
154
3638
XXXVII
2385
1311
MMCMXLIX
2770
MMDXIII
MDCXXI
3537
544
2205
MCMLXVII
CXXVIII
MMMDCCLXIX
668
2742
2199
3827
MMCCCXXXIX
MMCLIX
2823
CDXXIV
MDCLXXXV
3096
2498
DCCCLXXV
MCDLXXIX
CDLVIII
356
MMMCDXLVIII
1503
MMDLXXXI
209
MDCXLVII
MMCCLVIII
3386
1260
DCCXCIX
224
2355
CMXLV
MCDXXIX
3486
3460
MDCCXXVI
3256
MMCDLXXXVII
MCDXLI
MMMCCLXXXII
MDXC
MMCXIII
631
382
3002
226
MDCLXXXV
2819
CMXCI
MMMCMXXXVI
3841
MMXXV
MDCCCXXX
CMLXXIX
2620
2371
MMMCCCX
3296
1871
3823
MMDCCCLXXVIII
2090
1127
MDII
3156
MMMDCXIX
MCMXLIV
193
MMCIV
MCCLIX
907
MMDCCXIII
2477
2766
XXVI
3699
2585
MMMCXXV
MMDCCCXCI
MDLI
3906
MDCCCLXXXI
350
1731
3383
1130
3952
MMMDCXXIX
MMDCCCXVII
3134
3336
MMMCLXII
3868
3692
MI
3672
MDCCCVI
3177
MMMDCCCI
MMMCMXCV
MCLXXIX
MMCCLXXXVI
3940
MDCCCLXXX
2426
CCCXXXVII
1791
CDLXXI
MDCCLXXXVII
3467
1007
MMDCX
MDCCCLXXXIX
CLXV
2192
1401
MCLI
1530
MMMDLXIII
2765
MMMCCCXXXV
798
DLXX
477
1600
114
MMDCXIX
MDCXLVII
1912
3611
3764
MDLXXXVII
MDXXXI
DIX
350
895
2263
MCDXLIX
MMMDCCCXXXVII
607
2599
MMMDCCCVIII
261
MMMCCLXIV
2818
MMDCLXVIII
2304
3826
MMMDCCXCIII
MMMDCCXLVII
MMMCDLXXV
2455
512
21
3032
XXXIX
1221
3114
1784
3063
MMDII
3516
CXCII
MMMDLXXXIV
MLIX
DLXXIV
3524
1412
3162
MMCMXXV
MMDCCLXVI
569
1687
3780
MMMDXXXIII
MMCCCXIV
MMMDCCCXLII
MDCCLXVI
MMMDCXXXV
358
1335
MMMDCLXIII
1234
MMDCCLXXXIX
3312
1854
MMMDCCCXLVI
3787
MMMCCCXXX
3603
3533
1995
1444
CMXLVII
3821
MMMDCCCLI
MMDCVIII
1697
3409
DCCCLXV
MMMDCXCV
1467
2371
MMDCII
3533
MMMCCCXLIX
17
2553
MDCCLXVIII
2540
MLXI
MMMCXII
MMMDCCLI
MMMCDXXXIII
3865
1644
3150
XXXIII
869
CDLXXV
2872
3654
537
1537
2100
CLXIII
LXXIII
2245
3154
MMMCXXXVI
MMDII
801
81
MDCCXXXVII
1353
543
CMXXIV
3148
DCCCIV
3383
MMMDCCCLI
2558
3170
MMCMLXXXIII
MMMCLXVIII
2450
1327
812
MMCMLXXXVIII
477
MMMCDXCII
MMMCLXXIV
1974
591
1886
MMMCLXXVII
DCXCIII
MCLIII
3636
3485
442
MMCDLXXXVI
3222
MMCXLII
MDCLII
3168
MMDCCCLV
MMMCMXXVI
MDCCCXC
MMMDCCCLXXV
2179
569
MCCXLI
MDCCIII
DCCCXXIII
CXXXV
MMMCDXLI
MMCCI
MDCL
294
1539
MMMCCXLVI
MMXXIX
1617
MMDCCIX
MMDCCX
3443
3805
459
MMMCDLII
117
3729
CXXII
3860
LV
CCCXXX
DCCXXVIII
MMMDLXV
MMMCCXXX
2799
2539
583
CMLXIII
3449
3087
1402
252
2666
3989
3810
MMMCMLVI
MMMLXXV
MDCCXXXV
MMMDLV
MMDCCCXCIX
859
MMMCCXC
MMMCCXXXII
3713
MMMCCIX
481
2575
244
MMMCXI
CXXXVI
MDCIX
CMXVIII
3225
CCCXXXIII
2436
MMLI
MMMDCCVIII
MDCCXX
2309
2890
MMMDCCLXI
1864
911
2548
DCLXXXI
364
2070
671
MMCCCLXXIII
1877
MMMCMLXXXVII
MMCCCLXIV
1936
MMCLXXI
2919
1622
MMMCCXXXVIII
2829
MMMCCCXXXII
1028
1046
DCCLII
CCCLXXX
445
1406
2129
DCLXXXIII
MDCXXXI
2812
1190
DCCCXCV
MMMDXXXIII
279
MMMLXV
MCDXX
408
MMCXXXII
914
1677
2651
1502
MMMCCCLXXIV
CDXXVI
824
1010
870
MMMCCCLXXI
MMCDLVII
CDXV
MMMCXXXVII
MMMCMXXXII
MMML
MMMLXX
MMCDLVIII
CCXC
870
MMCIV
MMDXXV
3504
2525
3832
MMDCCCLXXXIII
MMDCCCXVII
MMMCXXXIII
CLXVII
1358
MDV
MCMI
2595
MMLXXV
3870
MMMDCCXXIII
XCIV
1464
MMMDIII
3299
1514
3831
1536
MMCXIX
MMCMXXXIII
3756
MMDLXXXVII
431
836
MMMDCCLXXXVII
1636
MMXLII
276
3807
2772
3123
332
1312
2947
MMDCXXVIII
MDXLIII
1088
MMMCMXXVIII
MMMCCLXXIV
MCD
1476
407
2952
1550
CXLIV
MCMVIII
MMCMLXVII
1244
380
2251
MMMCLXXIV
DCLVIII
2681
604
3658
3237
1798
DLXXXVI
3043
3677
2477
1982
3685
MMMCV
2998
180
MCCCII
1212
CMXXXVIII
2730
2591
1962
MMMCCCXVIII
3042
MMMCCCIV
CCCXIII
1534
1960
1733
MIX
3879
CMLXXVI
MMMCDIV
597
1728
903
MMCCCLXXXIV
DXXIX
MMMDCCCLVII
MLXXX
3227
MMMDLVIII
CCCVII
CMXIV
1201
3339
MDCCCXXI
MCCCLXII
DXCVIII
1728
1569
MMXIII
2953
2286
MMMDCXLII
MMDCCLIII
MMMLXXXIV
MMMCMLXXXIII
DXXIV
1379
CMII
MMMCLX
MMMDCLXXVII
660
MMMCDLXIII
MDXII
2769
MMCIX
MMMCMXC
MMMDCCCLXXXVII
2660
1492
1104
MDCCCIV
MMMDLXXVII
MDCCXLIX
MMMCMXLIV
DCCCXLIII
3734
3454
MMMI
1669
CDLVI
DCCXLIII
MMMCCXXIX
MMMCCXI
70
MDCCCLI
2692
1355
MMMDCCXCI
MMMDCCCLXIII
1536
DCCCXCIII
3264
MCDXCI
MCXVIII
293
CLXIV
3238
2187
745
1532
1072
DXXXI
2466
MMMCXXVIII
CDLXX
3
546
1764
3793
MMXXV
938
722
2997
550
MMMCCCXXIX
CLXX
LXXIX
2752
MMMDCCCIII
2175
1845
317
MMCDLII
XXX
2298
557
643
CXCII
2328
2577
2008
MMDCCCXLVII
MDCXI
MMDCCCXCII
MXLVII
1504
CDLXXX
MMDCCCLVII
3494
528
MMDCCCXXX
MMMDCCXVII
MMCCXXIII
MCDLXXXIV
MMXXXVII
636
DCCCXXVII
MMCCCVI
DCXXVIII
CCXXXVII
768
MMMCXCV
2675
MCCLXXV
432
2909
MMMDCCCLXXXV
MMDCCLXIV
CMXXI
CCCLXXXI
MCM
3493
MCDLXXXI
MMCXXVI
MMDXV
MCLXXXIX
2426
224
MMXLII
2042
2628
MMMCLXX
MMMCMXCV
MMMCCCXLVI
CCCXLVI
MMCCCXCVI
MMCLXXXII
MMXCIII
MCMLXXVII
CMXXXVIII
CCXX
929
3499
3404
903
MMMDLIII
MMMCXLVII
1701
MMMDCCXXXIII
2293
2503
3852
1462
MCMXIII
1064
1134
MMMDCCCXXII
MDLXXI
2394
MMMXLIV
3865
MMXXIV
MDVI
MMMDCCCXXIV
3609
364
DCCCLX
3541
2680
MCMLXXX
MDCCXVI
1243
MLV
2250
MMDCCXXXV
1961
MMCLXXXV
MMMLIX
2051
244
3876
MMDCCCXXXVII
DCCCXIV
3860
3692
3178
1281
1812
MMMCCXIX
1972
MMMLX
MDCCCXLIX
1335
156
751
CMLXI
3875
1331
1012
MMMCDXXXIX
MDXLVI
386
1526
1925
CMVII
MVIII
MMCDXIII
3716
1111
679
MMMDLXXXVIII
MDCCCLVI
64
920
697
MMMCCXCVI
3215
MMCDXVIII
MDCI
MDLXVIII
24
979
3342
2828
3481
MMMCDXXVIII
CCCXLV
MMXXXV
2584
2993
MCLXXXIV
MMCMLXX
MMMCMLVII
3838
1439
1683
MMMCDXXVII
MMMCCCLXV
3100
MMDCXLIX
478
CMXIII
MDCVI
CMXXVII
722
321
1595
DCCCXLIII
797
MMDCLVI
1851
3901
MDCLXII
2720
891
944
1881
842
2756
MCXXIX
266
MMCDXXXII
MMIV
2747
MDCLIX
MMCCXXXIII
2466
MMMCCCLXXXII
17
MMCCCXX
699
MCCCXVI
1533
1244
CLXXVIII
MDCLXXXV
MMMDCCLX
3891
2330
MDCCXLV
MMCCCLXXV
704
MDLXXX
MLXIII
MMCLXXX
2690
CDXLIV
MMLXXVII
1987
2455
MMMDCCCLXIII
MCCCXCVI
MCCCLXV
MMDCCLVIII
3552
2780
CCCLX
DCCCIX
MMMCDVI
1531
MCMXCV
MCMXXXVII
2604
DLXXII
MCDXCVIII
MMCDXXXIII
MMMDCXLVI
DCCXLVIII
MMMXCIV
2563
2984
3388
MMDCCXXII
938
1330
2465
LXII
3105
3205
3671
1095
MDXLI
2178
MCCXXXVII
MMDCCCXV
1046
MMCLXV
1844
3529
1222
2842
2556
3895
3911
MMMCMXLIX
MMCCLIII
382
MMMCDLVIII
MDCCXLIV
MMDCLII
DCCLXI
3530
1374
812
3562
1508
1451
269
CDLX
3438
13
DCCCXV
3776
2888
MMMDCCCXXXIII
2816
MMMDCCLXX
LXXXV
MMMCLVIII
3787
2965
MMMCMLXX
1934
MDCCCXVIII
MMCXCVIII
MMCMXLIV
MCCCXIII
MMMCMXXXV
DCCXLVIII
263
2739
1792
2196
986
MCCCXXXVIII
1140
2137
2015
3368
1886
3788
MCMLXXII
DCCCLIX
1521
MMDCCLIII
MMXLIII
MCMXXX
2067
3836
600
2546
MDCCLIV
MDCXIV
DCXXIX
3060
MMMDCCCLXI
1558
1610
1828
MCDLXXXV
MMDCCLXXX
2102
145
604
1919
MMCCCXII
1508
258
MMDCCCLXXXII
2134
3151
MMCDXLII
MMDX
1586
MMMDLXXVI
MMDLXVI
CCCXCII
1065
MMMDXXI
2103
MMDCCLXXV
3809
MCXXXIX
MMMCCXLVI
LXXXVII
MMMCCLVI
3781
MMMCCXXXVIII
MMXXXIV
MCDLXXXIII
262
MMMCMXLIII
MMMXVI
3285
3247
1706
CCCXCI
1792
MMMDCCLXXVIII
1308
DCCLXXXIV
MMCXLIV
1326
DCCCXL
MDCCCXII
MMLVIII
MMDXXVI
MDCCLXXVIII
MMMCCXII
1924
2025
2006
MMMDCCCLX
MMDCXLII
858
3432
2084
MDCX
MMMCCCXCVI
2409
MMMCXLVI
MCCXLVI
2540
2538
MMMCCLXXII
1861
2075
1259
1710
MCDLXXXIV
MMMDCXXXV
MDCCXXXVI
90
3858
MDXV
MCDLXIV
MCCLXXXIX
MMMDXIII
CMLXXXII
DCVII
1703
MCMLXVIII
3931
3532
MMXCVI
1048
MMMDXCIII
MMCMXXXIX
MMCMVII
3630
MMMDLVII
2102
XC
3323
3100
1708
3080
DCXLVIII
MDCCCLXXXIX
345
3088
3321
2085
DIV
1448
1717
MDCCCXIX
3954
MMDCCCLXIX
XXIV
MMDCCCXX
117
3499
2851
1168
3785
2835
2018
MMCMLXXVII
3840
3796
MMXLV
2384
MCXXIII
2344
DCCCXXXIII
3510
MCMXCVI
CMLXXXVI
2423
1761
1120
MMMCLXXVI
3412
2423
MMMLXXIX
MMCCCLX
MMMCLXXXI
2385
MMDXLVI
MMMDVI
3627
979
MCMXCIX
2000
DCLXXIX
1919
3291
MDCCLXIV
MMMCDLXIX
CCCXXIX
203
3386
MCXXXIII
MMCLXI
MMMCLXXXV
3121
2912
2327
MMCCCXCIII
2347
MMMDII
2008
MCDVII
MCCXLIX
3000
1236
1288
410
477
MMMDCCCLXXVI
2519
MMCDII
MMCDXVIII
3726
MMCMXIII
MMMCCLXXX
594
MMDXV
1104
MCCXXXV
1525
678
3878
CCCLXVI
DCCCXXXIV
MMMDCCLXIX
1252
DCCLXX
CLXXXIV
284
2072
MMCDXXXIV
2360
59
MMCMXXVI
DCCLXXXV
DCVIII
MDCCCXXXIX
1285
MMMV
MMMDCCLI
3016
DCXXI
1306
MMII
CCCXXXIII
306
375
DCCXXII
312
MMDXLIII
MMCDXLIX
CXLII
MCML
342
DLXXXVII
MMMCLXXIII
3675
CDXIV
CCXXXV
2348
362
MMDCCCLXXVIII
MMLXXXIV
MMMDCXXI
3241
MMDCCCXVIII
1234
MMCMXLVII
MMMCCVII
MCMXLVIII
550
591
3592
CCXLIX
3370
3225
MMCXIII
3445
3438
DCCCLXXIX
896
2855
MMCCCI
MDCCXCIX
3477
MCMII
MMCXIII
560
MMMDCCX
MMDCCXLII
2418
612
CMXLI
MMMDCCI
MMMDCLXIV
MMLXII
3902
3358
MLIV
1085
1672
CXXXVII
MCIX
MMCCCLXIII
1221
2454
72
MMMCDXCV
MCCCXXXI
2076
MMLXXXVII
2719
MMDCCCX
437
MMCLXXI
225
MMMCCXXVI
DCCXCV
3842
MMCCLXXIII
MCDLIV
1969
CXCII
1840
2443
MMMDCCXXXIV
3441
1412
904
1045
1625
182
1567
CXII
MMCDXLIX
548
3401
MMXVI
MMCCXLIII
CCCXXXVII
731
MMCDXCIX
3581
1958
MMMCCXLVIII
69
31
MDCLXVI
MMMCMXXXII
3636
MMCXL
MMDLXXXIII
MMMDCLXXV
734
2240
MCLIX
MCMXCII
DCCLXXXII
1850
204
2826
83
1370
1159
MCCLVIII
3526
3459
MMDCCVIII
2616
3243
MMCCLXXVI
40
1218
390
MLIV
2443
MMCMX
MMDCXLV
3530
MMCDXII
3376
3670
803
MCCCXI
CMLXXXI
488
3985
597
1331
MMMCMXCV
863
DXXXIII
MMMDCCL
CMLVI
MMDCCCXXXIII
CLXXXI
991
MCDXXXVI
3774
2843
MMMDLIII
MMDXXXIX
MMDCXXVI
MMMCDX
CIV
253
MMMDCCIX
2842
3863
MMMCCLXIX
1817
MMMLVII
CX
DCLXI
MMMCDXXXI
587
MMMDLXIX
1957
2955
1832
MCMXCIV
2219
3294
176
496
CCL
MMMDCLXXIX
MMDCLXXXVI
DXII
1360
LXXXV
3523
DLII
MIX
3304
2760
2397
DCCCXXXI
142
DLXIV
1370
MCCLXXI
2254
2609
3235
MCLXIX
MMMCDLXXX
MDCXLIV
DCCLXXXIX
DCCCL
1740
1153
MCDLXXVIII
CXVII
3894
MCCCLIII
354
40
MMMCCCLXX
1116
1768
MMDCLVIII
2388
MCXXII
MMCCXLIV
MDXCIII
2405
3589
MMMCMLX
MCDI
MMMXCII
633
MDCCXXVIII
MMCDXCIX
3904
3541
DCXIV
I
CMXCI
3764
1763
3863
MCCCXCVI
3397
CCLXXXVIII
1662
1285
902
3154
720
2312
1761
MMMDCCXIX
1075
2179
1278
1455
1473
DCX
3828
1995
DCVII
CMLXIV
940
MLXXXVI
MMMC
7
CDXXV
1625
MMMCXXXII
MMCDLXXXIX
2130
MMMDCCCLXIX
362
MM
MCMXLIV
DXXX
250
DCCCLXIII
3534
DCCCXCIV
2522
745
MMMCDXCVIII
2110
MCCCXXX
MMMDCCCLXXXIII
696
MDCCXXVII
825
165
MMMCXIII
MMMCCCLXVIII
3819
MMMCCCXXXII
625
2521
MMMCCCLXXXVIII
1326
MDCLXI
MMCLXXXII
MMMCMLXVI
2737
303
DXLIV
1026
CMXI
MMMDCLXIX
CMXXXI
193
LII
CDXXIV
MMDCCCXLVI
2450
1944
2841
1355
MMMCCXL
CCLXXVI
MMCDLXV
753
MMDLXI
CCCLI
CCXVI
622
MCCI
MMMLXXIX
MDCXXXIX
2712
MMCDXIX
3667
MMMCDLI
2119
MDCXCII
800
2697
MDCCCLXX
MDCVIII
CCCLXXXVI
211
MCCXLII
3037
DXCII
3437
3878
319
DIX
MMXLVI
LXXXVI
3511
1983
MMMCCCLXXIX
MMCML
MMMCDLV
118
DCCCLXII
2232
3176
MDCLXXVIII
53
3540
2160
MDCCCIII
MMMCDXLVIII
3953
MMMDCCL
LIV
969
2182
641
466
MMDIX
274
2930
275
1710
2924
838
MMMDCLXXXV
3701
MMMCDLXV
654
MMMCXI
2364
MMMDCXXXIV
MDCCLXVII
2826
477
3921
MDXLIII
2816
CI
1959
387
602
2043
MDCCLXII
MMCMXXVII
MXII
CCCXL
MDCCCLXXIV
MMMCDXLVI
MMCDXXXIII
MMMDC
3244
2080
MCCCXXIX
3364
MMCCCXXX
MMMDCXCVI
140
3593
MMCMLVII
1992
MMMDLXXXII
DXLVIII
1801
MMMCMXXIII
3272
2820
3003
MMMCXVIII
1543
3730
MCMXXX
MMCML
2601
3499
CLV
173
MMMCXCIX
MDXVII
MDCCCLXIV
MCXLI
1378
CMLIII
MMMCMXXXI
MDCXXVIII
MMDCXLIII
MMMLXXXII
MCDLXXVIII
1495
1361
3596
878
CMXXIII
MMDCCCLIII
928
MCDXLI
2810
3351
1608
MMDCCLXXXIII
DCCXVII
MXX
894
2317
482
DCXXXIII
1775
1850
MMCLVIII
3744
DCCCLXVIII
1807
1509
2708
3099
MMMCXLII
MDCL
DCCLXI
MMDLXIX
2841
1191
MDLXXXV
2799
MMMCCCLXXIX
2011
3877
MDCCLXXXVI
3799
3594
MMMCCXLII
MCLII
MMCCXXXIII
MMXVIII
MMDCCCXLIX
3236
MDCCCXCIII
1109
CCXLVII
1952
MDLXXXII
MMDI
MCMXXIV
2633
MMDCCXXIX
3324
MDCCCXXXVIII
2362
3998
MMDCCCXLVIII
3214
2081
170
MDCXXXI
MMCCCLI
MCL
1932
MXIV
MCDLVII
MMMDXCII
MDXVI
MMMCMLXXXVIII
2651
MMMCDXVII
472
MMCDXCIX
2801
3616
MMMCDXLII
MMDCLVI
543
2539
918
2126
MMMCMLI
MMMCXCIV
MMXLVIII
MMCVI
MMMCDLXVII
CMXLVI
2794
1482
3198
2866
MMMCI
MMMCCCXVI
CCXXVIII
1171
3165
DCCXXIX
1958
MDCCCLXXXVII
MMCCXLV
CLVIII
CDLII
3274
MMCXVIII
1834
MMMCLV
CDXXX
DXCIV
MMCCLIV
MDCLXXX
XLIV
MMLX
MMMCDXXI
2475
2018
CDXXXII
MMCCL
2463
MCXCIX
MDCCCLXXXVIII
1913
2805
MMDLXI
MMMCCCXI
926
2914
3765
CLVI
2497
MCDLXIV
MMMDCIX
927
MCDIV
1882
3765
MDCV
MMMDCCLXXXII
MMMCMXX
3180
714
CCCV
MMCMLXXX
MMMDLXXXIV
86
291
MMCVIII
1420
CMLXXII
MMCLXXVI
1266
MMMLXVIII
3110
MCDL
MMDCVI
668
MCCXIX
MLXIV
2308
2886
MMMDCCCLXXI
DCCC
2825
766
MCCLXXIII
3703
MMMCXL
MMMCCCLXXXIII
MMMDXXVII
MMMDCCCLX
2110
145
3694
727
1068
2086
2147
1283
619
MMMCLXXXI
MMMCMLXXXI
MCCLXXIII
MMXXXI
MDCCLVI
2203
MCCCXXIX
MMCMLXXXIX
3632
1177
MDCLXVII
MMMDCCLXIII
MMMDCCXCIX
MMMCCCXV
546
MMCCLXI
DCXXXVI
1008
MMCCVIII
MMCMXCIV
CCXXVI
23
MMMDCCLXIV
853
1199
3672
MMMDCXLIII
MDCLXXVI
2964
2994
DLXI
3164
MMDLXXXII
MMMCDLXXXIX
1080
666
MMMXCV
3741
MCXXIII
MMCXXIV
MMMDCCV
1350
MMMDCXCVI
1196
MCDLXXXVIII
MDCCXII
MCDLXX
MCCXXIII
525
3473
3597
3532
2870
1707
MMCDXXX
737
MDCCCLXXXIV
3319
MCMLXXIV
MMCCCIII
MDCCLIX
MCLXXVI
XCV
MMCV
2083
3643
DCCXXV
3662
MMCCCLIX
1203
MCCCLIII
MMMCDXXX
2347
CDLXXX
2173
1166
MMCXCV
MMMCLXXXIV
1618
3311
MDCCXCV
XCIX
1947
DLXXVII
MMMDIII
1900
MDXXXVI
1103
MCMIX
509
3189
MCDIX
305
MMMDIV
633
1477
DCCXV
MMDXXIX
236
MMCCLI
MMMLXXIX
MMMLXIV
MMMCDXCI
MMLXXXV
191
1560
2432
MMMDCLV
445
2776
MMMCXLIX
MDCCLXVI
3534
1441
3086
532
MMMCLX
DCLXXXIII
1940
MCDLXXXIII
MMMCMLXXVIII
2765
MMCMXCI
MMCCCXXXVI
2506
MCCCXXIII
3534
MMLXXXVI
CMLXXIX
578
3451
2805
2756
MMCCLXXXV
DCCXVI
4
MCMLXXXIII
2208
DLXXXIV
807
MCDLXVII
MDCCXLII
1476
686
MCCXCV
3153
1679
3487
MMLXXXIV
MCDLXXIII
MMMCDXIV
MMMCLIX
MMCDXII
DCXV
CXVI
1917
2735
3040
2696
41
1175
1360
MMMXCII
MCDXXXIV
1810
MMDCCLXIV
353
1258
MDXLIX
CDXLII
MMMDCCCLIX
2995
MMMDCLXIX
1767
DCCLIV
331
MDCLIV
139
MMDCIV
MMMDCCCXLVII
3859
MCCCXCVIII
MMMCCCXXXIX
2610
MMMCXI
MMCLXII
1654
MCCCLIII
2267
2588
DCCCXL
DVI
CCXXXVIII
3827
MCCCI
MMMCCCLIV
2804
1438
CCCLXXXVII
MCDIII
MMCDI
3559
1818
2981
MMMCMXLIII
2126
2119
2033
3022
MMII
978
MMCCCVII
MCCLXXV
3746
1743
1223
1876
MMCCLXXXV
MCCLXXXVIII
2695
3379
2544
2163
CCXCIX
2777
MCL
500
MMCMLVI
MDLXXVI
MMCDXXIII
CCLXXXIV
968
2377
MMMCXVIII
2403
MCDLII
MCDLVI
3345
1012
541
DXLVI
2150
2848
1421
MMMLXX
MMDL
MCMI
2999
2905
MMCDXXX
MMMCDLII
1326
1898
MMMDCCCXXXVIII
MCXLVI
3184
3669
2228
3497
DCLI
DCCCXIV
1735
11
288
MMMCDLXXXI
3200
3018
MMCDXXV
1659
DCCLV
CCCLII
1817
MMMCMXIII
3948
MMDCCLXV
916
MMDLXXI
MMCCCLXII
1903
MMCDXXIV
2312
931
2268
2059
CCCIII
CCXIV
MCCLXXVII
MMXXXII
29
MMMCDVIII
2584
MMMCMXCIX
MDCCCXXV
DCXXXI
MCCXLI
MMMDCXLII
958
955
MMMDCCCLXXXV
1044
1561
CCCLXXIX
DCLXXXV
2105
3789
1519
DXXIII
1923
MMCCLXXXVI
1722
CLX
2932
MCDXXIX
MMCCXLIX
MMCMXLIV
3111
CDLIV
MCCCLXXXV
639
MMMXXVI
MMMCDLXXVII
MDCXLIV
2636
3750
494
2988
271
2413
982
3067
MCLXVIII
1788
2095
MMMDCC
MMMCDLXXXIV
2372
229
MMMCDXXI
LXXV
1913
698
MMMDCCCLXXVII
MMMCCLXXX
MMMDCCXL
MMDCCCLXII
552
2957
2496
MMCCLXVIII
CDXXXIX
2782
CCCXXIII
DCCXLIII
176
2237
MMMLX
3247
MMCCXLI
2750
MMMDCCXCIII
1348
1351
MCDLXXIV
1896
411
CDXCV
MMMCCCXXXII
1955
3170
CDLXXXII
MCLXXII
MCCCXXXVIII
MMMCCVII
3111
DCCIV
2275
491
1888
MMCCLXXXVIII
3149
1396
MDXCIX
MCCCLXXIII
1735
2995
MMCDVI
54
MMCDXIII
MMDCCXCVI
MMMXV
MMMXLIV
1097
48
MMMCCCXCI
MXVII
CMXXX
CDLXXXVI
2716
CXXX
MMDCCXLVII
1988
3489
MDCCCXCII
MI
2285
2610
217
MMMDXII
MCCXII
3517
688
DXLI
MDVIII
CLXXXVII
MMMDCCLXIV
442
MDLXIII
CCCLIII
2845
MMMDCCCLXII
2783
1329
844
1662
DCCCIX
3880
744
2690
3954
1940
3140
3066
1527
DXC
CVII
CDLXXVI
DXIV
CMLIII
2243
2241
CLXXXV
CMXCIV
2075
1346
MMMCDXV
MDXVI
MCXVIII
3649
MCCCLXX
CCXL
1526
1570
2349
MMCMXLIV
MMXLII
MCCCII
3980
MMMDCLII
1318
2338
3300
2708
MMMCDLXI
242
802
379
1880
603
MMDCCXCV
MMMDCCXXXIV
MDCCLXIII
1010
MMCDLXI
1092
938
954
MDCCCXCI
1813
MMMDCCXXXVII
1096
894
184
2400
218
CCCLXIX
MMCDXLIV
MMMCMXII
750
MCDXCIX
3790
MCXXVII
MMCCCXVII
1322
MCCVII
MMMCXCI
MMMCLXXXVI
MMMCDLXV
436
26
CDXXIV
DLXV
2714
CDLXXXVIII
MMMCCCLIX
2018
233
MMDCXL
1709
MMDXXXV
3960
MCXXXVIII
MMCCCLXXXI
790
CMXCIV
173
MCDXXXI
3094
1777
MMXCVI
1025
MDVII
1791
MMVI
MMDCCCXC
MMDCCLXI
1148
MMDCCCLVII
3509
3999
3527
1368
1304
731
MDCCCXLVI
345
3904
MMMCDXLVI
1393
2958
1787
MMDCCLXVII
MMMCCCXLII
DXL
2754
MMMDLXXXIX
MMMDCCCIX
MDCCCXLIII
MMMCCLX
MMDXCII
CDLXIII
MMDXXXII
MMDCCXCI
2110
2870
1681
MCCCLXXXIV
3571
3253
MDCCCLXXII
XCII
MMDCCXLV
MCCLXII
3166
3658
3713
MCCCXIII
3923
3722
3081
MDCXX
813
2772
MMDCCCXXIII
MMMDCCXXV
1974
MDCCCX
2247
2532
MCCCXCVIII
1099
MMMDXXXII
MMDLXXV
MMDCCCXXIX
MMCCCLXXXVIII
3124
MMMCDXXXIX
MMMCXCVIII
2582
MDCCLIX
2293
CML
2384
MDCCCXVI
MMDLVIII
1092
2544
MMMDCCXV
1798
MCDXLVII
3585
1844
LIV
MCLXVII
3613
MDCXV
622
2579
MLXXXII
MMDCCLX
750
3802
MMCMXLIX
CDXLVII
637
867
2597
3690
MMMDCXIX
3691
83
DCCXVII
3224
295
215
3800
MDLXVIII
CMXXXVIII
MMMDCCXCIX
MMMCCCXCVI
MMCCCI
1455
1395
3388
19
MMCMLXXXVII
MDXV
1622
MMCDXV
1220
MMMCCCLXXIII
3298
DXLVI
MMCCCXXXIV
2420
1928
MDCCXX
DLXXVII
MCDXXI
MMCXLII
MMDCLXXXIII
3782
DLVIII
CDXII
MDCCLXXIII
2748
DXVIII
2871
1277
589
CXC
1569
343
3106
2340
MMMCDXI
1943
1894
MDLVIII
MMMDCCCI
2865
MDXXXVI
1157
546
2897
327
MMMCMLXXVI
2478
2552
2140
463
MMXXXI
MMMDCCCLXX
MMMCDLXXVIII
DCVIII
MMCCCVI
MDXIII
DCCXLII
1031
MMDCCCXXXVIII
1677
MDLIX
MDCCCLXI
CLXXXVIII
2938
403
MMXCVI
MMDCCLXXVII
3475
2003
232
1285
MCCCLXXV
MDCCXCIV
1278
MCDXXXI
MMCCCLXV
MMCCCXLIX
MMMCCCLIII
1520
LV
3507
MDCCCLXI
3086
MMDCXXV
1968
MMMCLIII
MCCCXIII
3721
DCCCXI
MMMDXI
2624
762
1093
992
MMMDCCLX
MCCLVII
3743
CXX
3700
254
MMXXXIV
2562
MMCL
MMDCCLXXXIX
MMMCDXCIII
2864
CCCXCVI
2612
DCLXXX
2712
1843
1982
1170
2659
1514
896
MMMXXI
CMII
MMDCCCXXXVII
LVII
2872
2797
985
2785
2560
CMXVI
313
MDCCLXVIII
3760
2123
2131
3096
3607
MMCCCLXXXII
MMDCCXXXV
1471
3620
3963
MMMDCXXXII
DXXII
1541
507
CMXXIX
854
216
CXLV
MMDCLXXVII
1200
MCDXXXVI
1130
1362
3836
MDLXXIX
3963
2933
282
2723
CMXLI
2147
MMCXCIII
DCCCLIII
MMDCCXXXIII
MDCCLXXX
MMCMVI
2575
2472
MMCMLXVII
MDCCXLVII
1785
1762
828
MMCDXLIV
262
208
1770
MDCCCXLV
MMCXVIII
MMMLXXXIV
13
2402
MMMCMLXXIX
MDCCCXXVI
3758
MMCCCXXIV
2841
394
204
1741
3625
MMCMXLVII
1371
DCXXXIV
1851
MLXXI
DCCCLXXXIV
3650
1171
DCCLXXXII
MMDLXXXI
3965
DCCCXLIV
1688
2289
1603
MMMDCCCXLV
DCXVIII
789
3827
2556
2140
2488
3659
MDCCXXXV
1018
2018
XCVI
2678
213
2556
30
DCCCLXII
3086
MMMDCCXXIX
MCMLXI
MMCCXIII
MMCMXLIII
1214
CCC
MMCCLXIII
3129
881
293
MMDCXLI
3670
MMMDCLVI
1867
DCCCVIII
3496
958
CDXXVIII
MCCXXVII
MMMDXXVII
MMDXXIV
MMDCXXIV
1593
MMCCCLVII
MMCDXCI
3406
2279
MDCLII
483
MMMDLXXXVIII
DCCLXXXVII
914
MCDXCIII
681
DCCX
1401
2098
MMDCCLXVIII
MMMDXLIII
2345
49
MMCCXL
MCCLXIV
DCCLXXXI
3367
MMDLVI
7
MMMDLI
MDLXXXVI
3475
CCCLXV
CXXX
MCCCXLI
1235
2835
3032
3715
MMDXXXIII
1121
MDCCCI
MMMCCXXXIII
271
1352
852
MDCLXXX
DCCXLVI
MMDCCLI
3181
3067
3647
3113
2177
MMXXXIV
3557
1871
2848
MMCMIX
CMLXVI
698
2689
3345
MCDXXVI
697
616
MMCCXXIV
CCCLVIII
CCXXVII
MMMLXIII
DCLXVI
CDIV
MMDCCLVI
MMCMLVII
3442
1256
MDCCLXIII
MMDCCLXXXI
2691
2764
MMCXXX
317
1952
MMMCMXXXIV
MMCCCXCIV
MMCLV
CXLV
1543
MCDLXXXII
2812
2638
MMCMLXXII
MMDCCCXVI
147
1425
MDC
204
MMCXXIV
MMCCLXXXIII
DCCLXXV
MMMCMXVI
DXLIX
3744
3912
MMCMXXIV
MMMDCCXCVIII
3060
CDXXXV
1241
3285
2301
914
167
MMCCCLXXXVI
409
CDLXXXI
MMCDXX
949
MMMLXVI
MCCCLXI
MCDLXXVII
DCCCXXXVIII
96
1889
2383
3039
MMMCMXI
810
2650
3766
MMXXXVIII
MMDLXXXVI
825
1616
1641
3975
3884
3478
981
MMMDXIII
2394
771
CDV
233
MCMXLIX
CLXXXIX
169
MMDCCXXVIII
MMDCLXVIII
793
MDCCXXXIII
CCXLIV
2593
CMXXV
2310
958
MMMCCLX
MMDLXXII
2239
2119
MMMDCCLXII
MMCXXXII
IV
MMMDVI
3900
MMDCCXCVII
1894
3355
3090
MCCCLXXVII
61
2873
MMDCLII
2241
1669
MCCXXXVI
MDCCCXCIII
MCMXXV
1083
MMDCCLXXXIII
MCCXXVIII
928
MMMCCCLV
CCXCV
3704
MMMDCCXIV
MMCLXVII
1549
3494
MDXIV
DCV
57
MMMCXCVII
MDLII
MMCCXXV
MMMCLXXV
DCLXXXV
1101
3399
MMMDXIV
3676
MCCCVIII
3252
CLIV
3268
1729
CMLIX
MMMCDLXX
2681
1281
MMCXXI
2876
2448
567
2801
3569
1693
1296
MCDLVIII
DCCLIV
MMCDLVII
1527
MMMCXXIII
411
MMDXXII
601
MDCLXXXIV
3447
MMMCMLXVI
1059
MMMXCIX
3085
915
MDCIII
3399
159
MMDCXLVII
MCDXXXIX
390
3643
MCXXII
MCDXLIX
DCLXXIV
MMCMVII
MMMCMXXXIX
3944
CDI
3848
MMDCCCXV
MMMCCCXX
CCLXXXVII
DCCLXIII
MMCDXXXIV
CMLXVII
MMMLIII
3544
2433
3454
MMCDLXXXVIII
3412
739
MXLIX
2192
340
3721
539
MXXXVIII
1259
866
MMCCCIII
27
3100
3895
MDXXVI
85
2907
MMCCXXIX
MMCXLV
MMCMLXI
796
1473
MMMCXXVIII
MMMCMXL
2525
843
MMCCLXXXIV
3243
2310
3003
MMMDCXCI
1915
DCCVIII
324
MMMDLXVI
328
MMLXIV
1947
MMCCCLV
DXLIII
1248
2176
MXII
1880
2738
MDLXXX
CCCLXXVIII
1355
MDCXI
573
393
CDLXXIV
CCLIX
MMCCCLX
1280
1258
MDCLIV
588
MMMDXLI
MMMDCCLXIX
2407
MMMCMXXI
3764
MMDCLIV
CXXXVI
1414
1307
LXXXIII
MMMDCLXIX
DLXXVI
MDCCC
MCCCXVI
CCCLVII
MLXXXVI
MMMLXXX
LXXXI
MMMCMXXXV
1188
1751
MMCXIX
XXXII
MMCCCXXXVI
CMLXXXVI
MDLXXVII
2413
DXXV
MMMDCCCIII
MMMCCCXLV
MDXLIII
MMDCCCI
MDLIX
3582
561
1214
204
377
1097
1618
MMMCMXLVI
MDCCCLXXVII
808
MCCC
MDCCXXXIV
CLXXXVI
1795
3801
3158
CMLXII
MMMLXXXVIII
278
MMMCDLXXXVI
MDCCXCVIII
MMDXCVI
1
1631
CCXX
MCCCVII
1851
3431
2316
3006
MMCMLXVII
99
MDI
XIV
MDCCXXXVII
MMMDCCCXLI
MMMCMLXXVIII
DCXXVI
3342
MMMDXLVI
2131
MDCCCLXXIX
MMXXXIII
MDCLXII
246
MMCMLXXXVIII
MMMXXXII
CCCXCIV
911
2042
3103
1034
3746
1489
2561
167
546
MCMLXVIII
137
MMCLXXXII
MMCDXXVI
MMDCCCXLVII
MMDCCV
MMCLXIX
3110
DCCCXXXV
1782
529
344
MMMCCLXXXI
1701
2711
535
DCCXLI
3055
953
MMXXIX
MMDXXIX
MDCXXIII
780
MMDLXXXV
DXVI
3463
2029
1799
790
419
MMMCLVI
1576
MMMCCLII
MCCLIV
3324
1506
1411
MMCXLI
MMMDCCVIII
MMLXXXI
MCXLV
219
XVII
1096
CMVIII
DCCXXX
2234
MMMCMXLV
705
3144
MCDLXXXIX
MCLXXIX
1775
MMCMXCII
3365
MDCCCLXXII
MMDCCCXLVI
2806
2432
3717
3819
1965
2386
MCDXXXIX
MCCXXXI
1042
MMMDCCCLV
MMDCLXXXVI
MCCXLVI
MDXLIII
MMMCMXXVII
MMMCMLXXIV
85
MMCCCLXXVII
DLXXXI
MDCCLXI
MD
267
2513
3063
MMDLXXXII
MMMDCCCXXII
3546
CDXLIII
2073
3367
MDCCCLIII
1902
MMDCX
MMMCDLXXXI
1452
MCCCLXVII
DCLXV
1453
268
MMMCCXXVI
2754
MMMDCCCLXXIX
MMDXV
520
1615
DCCLXIII
DCCCLXXXVIII
268
MMCMLV
2700
MMCDXXXIII
MLXIX
MX
MMDCVII
2642
308
MCCXXXVIII
MCDXC
2358
1464
CCCXXVIII
490
MMDCCCXII
MCCLXXIV
MCCXXVII
2072
777
3597
CCXCIX
625
3680
1030
1937
MMDCLXII
3315
MMMCCCLVI
MMDCXV
204
852
2786
934
3369
3967
412
591
1720
3134
MMMCCCLVI
MMCMXXXVI
MDCCCXXXV
3848
2618
VIII
CCCXCIX
MCCVII
2458
1274
2003
2495
XXVII
MXXXIV
2101
MDII
3832
MMMDCCCXCIII
DLXXXVII
2785
MDCCCXLVI
CXII
2747
MCMLXIII
220
2863
2804
MMMDCCLXXXI
MMMDCCCXXXII
VIII
1005
MMMDCCCLII
3404
651
MMDCCXXXIII
2713
MLXXVIII
MMCCCLXXI
1463
DCXXXIV
3647
MMMDCCXXII
MDCXCVI
MMMCCXLVIII
MMCDLXII
876
LXX
MCCCXLVI
MMMXLIV
MMDXLII
DCCCXXXII
2632
3523
64
MDCCCXIII
MMDVI
MMMDCCCXXII
3443
1959
1305
2216
3642
1456
MMDXCIX
477
470
MCDLXV
CM
MMDXXXIV
CDLXII
1447
MDCCXLII
MMDCCCXXV
119
2930
2609
CXC
3743
1019
1908
1814
3350
MMDCCCXL
3170
CCXIV
DXLIV
476
442
3957
2120
MCCCXIII
MMMDCCCXLIV
DXLVIII
1505
3313
1355
XCII
DLXX
MMMCXLI
3971
3217
1874
3056
2612
DLV
3471
MCXXVII
MCMXI
2046
X
2139
DLXIX
MXCVII
DCCXXXIII
MMCMXXVII
MCCCXLVI
MMMDCXLVIII
2621
860
1181
1590
3864
3198
MCDLXXXVII
MDLXXXI
1690
MCMLXI
3321
MCCIV
379
MDLIX
3513
MDCCCXCIII
MLXVIII
MMMCLIII
MDXVIII
MMCCX
35
604
3974
MCXXX
3369
3781
488
180
1622
150
CLVIII
892
3813
1689
MCDXCI
2474
1988
MMMDCLIII
3211
DCXXXVI
982
CCCIII
2549
1519
3258
MCMII
1180
MMMCCCX
MMMDLXXVIII
2046
MMDCCLIII
CMLXXVIII
CDLXVIII
MCLII
CMLXXXVI
706
1340
MMCIII
MMMCMVII
2553
2003
2879
MMMCCXCI
1243
DCLXXVII
CMV
1412
DCCLXIII
MMDCXLIII
1093
CMLXXVI
1461
3791
3075
MMDCCLXVIII
CLXXXVIII
2934
MDCCCXXXVII
MMMCCLXXXIII
3740
726
MMCCXXII
MDCCCXCV
2938
MMDCCCLXVII
MCCXXVII
912
MMMDCCCXXXIV
MMDII
1832
3504
1897
3238
114
3113
2274
MMXXIII
MMMCMXCII
MMCCCLXII
3377
3905
3218
987
MCCLXI
1476
MMMCCLXIII
411
3536
MCMXXIV
931
MDCXXXVI
366
MCCLXVI
MMMDCCCLXXVIII
MMCDLXXXIV
2642
3471
1983
278
857
1295
MMMCCLXXXIII
MMMCXLVIII
3637
3437
3201
2974
MMMCXXX
DCCLXXIV
MMDCCXXIII
6
3840
MMMDLXI
MMMDCCXLIX
MCLXXXVIII
MMX
3751
3721
1376
1346
DCCXXXIX
718
2065
2732
1969
2980
1884
MLXXVI
MLXI
MMMDCCLXXXIV
MMMCCXVIII
3925
1477
MDCCCXVIII
MXXII
1394
DCCCLIV
MMCCXIV
624
MDCCCXXIV
2533
MXCVI
3225
MMDCXXII
2111
1246
CCLXXXIX
MMDLXXIII
CMXXXIV
2210
DCLXXVI
CMXCII
MCCCXXXVIII
156
3393
2689
2880
MMCCLVIII
2357
388
DCCCLXXIX
MMCCCLXXXI
CCCLXXVIII
MMCM
CCLXXXV
1127
MMLX
MMCCXXXI
2545
3422
1255
2329
MMCCXCI
MDCCLXXXIII
585
3786
MMDCCCXCVII
1826
MMMDCCCXCIX
1002
MMMDCCCLXXXII
3668
MCMXXXIX
3949
MMDXLVI
MMMCLVII
3463
MMDCCCXXXIV
MMMDCLXXXVII
MCCXVI
MCDVI
2701
MMMCCXL
3167
CDLXI
MMMCMXV
2333
MMMCCXXVII
MMMLXIV
925
2122
MMMCDLXXIX
2222
MMXI
23
2780
936
17
LXII
2357
MDCLV
MMDCCLXXXIX
2202
3196
MMMDCCCLXXIX
512
637
971
2910
MMMLV
LXXVI
2711
MDLVI
MMMDCCII
2545
1079
MMMLVIII
1636
2745
368
CMLXX
MMCMLXXXVII
MMLXXXII
588
CCLXVIII
999
1993
MMMCCCXIII
MDCXLII
MMMCCCXI
MMCCCLXIV
CCLXXIX
CCCLVIII
2672
3325
MMDCCCXVI
453
CCXVII
482
MMCCCLXXXVII
MDCCCLXXII
3352
462
MDCCXXII
DCLXVI
1914
MII
MCMXCVII
2683
2086
MMLIII
CDLVII
3721
20
453
LXI
1555
1371
MMDLXVII
379
3814
MCDXIV
3981
449
CCCLXXXVI
3410
2596
MDCXII
2203
MCDXXXIII
1241
MCDXCIII
MCDXCVI
MMDCCLXV
MMMDCCLXXIII
2050
3752
MXXXIX
DCCCLXXXII
MMMDCCCXLVIII
MMCCCLXIII
CCCXXIV
3874
957
3929
MMCCCXC
2032
MMDXXXIII
2528
2122
MDLXV
MMMDLXXXIX
MMMCCCLXII
MMMCCCXL
624
1401
3224
MMMCCCXXIV
X
MMDCLXI
907
MDCCLXXI
1004
MLXXII
MDCCCXXI
3216
MMMDCCCLXXXVII
MMXC
MMMDCCLVIII
DLXXXIII
MCXXII
3243
1028
MCCLI
3115
MMMCCCXV
MMMCMXXXI
MMMDCXIX
1010
2621
CCCVII
MCCCXCVI
74
MMMCCLXII
CMLVII
MMDCCLXXXI
2146
MMMCXX
1595
3027
3871
VIII
DXVI
CCCLXXI
3962
MMCMIII
222
DCCCXLVII
2462
618
3500
MDCCCXCIV
3162
MMDLXV
CDXIII
MMMCCCXXVI
DCLXVII
1054
2658
MMMCCCXI
300
MMCXCVII
CLVI
2250
MMMCCCXLIV
MMCCXXXI
3109
2494
391
MDCLXXI
DCXIII
2691
MMMCCXIV
3462
2708
3494
MMDCXLVIII
MMMDCLI
2996
1182
2679
1512
MDCXCI
3075
3697
DCCXLVIII
2797
MCIV
MMDCXIII
1091
MDCCXVII
3796
CCLIX
CCXXXV
1909
489
MMLXIII
MMXVI
23
2433
MCMXXXI
3051
940
273
2960
2913
MMMLXV
796
MCCIV
DCLVII
414
3866
3998
801
MLXXXV
2146
MMDLXV
2235
2436
837
DCCCXCIV
MMCDXXX
3374
CMXXIV
MMMDCXCVI
1956
MMDCCCXXX
2380
3878
3941
2061
MDXI
MMDCCCXXX
MMMDCLXVII
2103
3095
MMCCLXXXI
242
3745
MMDCCLXXVIII
MMMDCXCIV
2579
DCCX
3252
DCCCXXIV
MMDXXIV
MCMLXXXVIII
MMCCXLIII
MMMDCCXXV
2339
MCDXLVI
2345
MMCDIII
DCCXXXVIII
MMMCDXLVIII
1828
MLXXXIX
243
MMMCDLXXXV
MXLIX
697
MCMII
2715
1864
847
2785
395
500
MMXL
MMCXI
1635
CMLIII
MMMDCLXVII
425
2935
MDCCCLXXIII
497
MMCXV
2606
1489
3190
2666
MDXCIII
2672
2503
3845
3601
MMDCCXXII
1318
2960
MMMCMLVIII
1779
DCCCXVIII
MCCCLXVI
MDCCLVI
MMMCMLIV
62
1478
2242
3902
2838
3601
MCCCLII
2442
179
MMMCMLXIX
MMMDXCI
3194
MMMCMXXVIII
MMCMLXIII
MMCCCXV
3984
3244
MMMCXXIX
MMMLVII
3266
DXLII
1368
CDLXVI
CCXLVIII
MMMXXXV
599
MDCLXIX
LIII
388
3846
MDCCCLIX
MMCDLVII
2302
2275
2453
MMMDCCXXXI
CCCXLIII
MMMXXVI
3837
MDCCLXXXIX
2834
MMMCMLVI
2316
MDCCCLXXXIII
955
MMMCMXLIII
MMCCCXIX
MMCIII
MMMDCCLXXV
MCCXXXVIII
MMDCXXXVIII
3480
1819
12
MMCDXXXVI
3968
MMMDCLIX
865
960
3239
1305
1076
75
699
1884
CMLXXXI
739
MCDXXXIX
2557
MCDLXXIII
2195
3586
1130
1081
MMCCLXXXII
767
3612
2504
3189
304
DCCXXIII
3255
3973
DCCXVIII
MMMDXXIV
2820
3503
3280
2631
MCCX
2827
259
542
2459
MMCMXL
2073
3900
MCDXXXII
MDCCCX
MMMDCLIV
MDXXVI
MMMDCCL
1367
3292
MMMDCLXVII
DCLXVII
MMMCMXCIII
3835
2683
MMMCXXVIII
MXLV
MDCCCXI
2793
1779
MMMCXXII
578
571
3284
MCMXXVI
DCXXXI
MMCCLXXV
153
808
3468
MCMXII
MCDLXXVII
MDCCCV
3997
1724
2917
640
1209
2099
1612
3684
MDCCCLXXXIII
MMMDCLXII
MCCCXXXIII
MCCCVI
1296
MMDCIV
697
MMMDL
2282
MMCCXC
3093
MDCLXIX
1902
1406
MMMDCCIV
MCMV
MDCLXXX
46
2198
CCLXXIII
2699
DCCCXXXI
3007
MCDLXIX
DXII
1948
CCCXLIX
DCCCLXXXVIII
3539
DCCCLXXIX
CCI
MMMCMXXXVII
MMMDCCCXC
3899
MCLXXXIV
3592
2987
MDCCCXXIII
MDXVII
1345
2075
CCCXVI
MMDCCCLXXI
541
MMLIX
DCCLXXXVII
1439
MDCCCLXXV
DCCCXXI
CXCII
DVIII
28
MMMCCCLVI
2882
3166
MMMDLXXIII
DCXVII
MMMDCCCXCI
CCXII
3909
MMMCDIII
MMCCLIX
CMLXXXIX
CCCXV
2511
DXXVIII
MMXIX
DXLVII
MDCLVIII
MMDII
CMLXIX
3003
2163
2693
MMDLV
3974
303
3863
3421
MDCCCII
MCDXLI
MDCCCXCIX
1267
1552
MDCLV
MMMDCCXII
3730
868
594
3598
3709
MCDLXXXIII
3772
MMMCDXV
MDCCLXII
MMMCCCXCIII
CDLXXV
MDXV
1559
MMCCVI
MDCLVIII
2161
2797
MMMCMLXXXIV
LXXIV
1980
LXXVII
269
2731
3324
3578
MMLXX
MMDCCCXXXV
320
MMCXLI
MMCCX
MMDXXIV
1555
3970
CCLIX
1692
MMMDCXCI
MMCLXXXVI
CDXLVII
DC
3831
2658
CCLXXV
CLXX
MCLXVIII
1825
MCCCXLVIII
MMDXXXIV
3270
DCXXIII
1876
MMXXIV
2569
3843
MMDCCXXXIII
1777
MMCMLX
1391
MMCMXCIII
CCCXC
3069
680
MCXXXVIII
2748
2728
MCCCXCI
2500
3548
DXVIII
351
MCMLXX
DCCXVII
232
DCCXIV
MMMDXXV
MMCXXX
2266
MMMCDXCVI
2045
1753
MMMDCCXII
MMDXCII
218
1150
MMMCCXXVIII
MMMDCCXXXIX
MXXXIII
2075
LXXXI
2557
CMLXXX
MCDLXXVII
MMDCCLII
MMCCCII
1106
MLXI
3634
2760
CLXXI
MDCCXCVI
2749
2437
MMMCCLXII
MDCCCVII
MMMDCCCXXI
CCIX
3850
2498
MMMCCCLII
531
3867
MCDXC
1717
MCCC
CCLX
2005
MMMDCXVIII
MMMDCLXXIII
2682
1349
376
2072
MDCCLI
3938
MDCLXXX
DXXI
MMLXXXVII
MMCCLII
MCCCXLIII
453
CCLXIII
1668
1650
MMCMXCVI
586
CMXCVIII
150
MCXXIX
DCCCI
MMDLXXX
306
1394
1521
973
861
3531
935
904
241
DXXXV
MMMDXXX
MMMCDLXXXV
1953
MMCDXLVII
DXCV
MMMDCXC
3920
MMCCCXLVIII
MCCLVIII
3464
1352
2135
MMMDCX
2533
MMMCCCVII
MDCLXXXVII
MDCLXX
MDXCI
1472
MMCCXCVII
MMDCCCIX
MCMXCII
LXVIII
MMCCCXLIX
MMMDCCCLXIII
MMMCDXLIII
MMMCMVII
DCCXXIX
MMMDCCCXCVII
MMCLXIII
MMMDCCXCI
3337
891
DCCCXXXIX
MDCCLV
MMDXXXIX
MMMCMLVIII
3456
MCXXXIII
1117
MMXCV
127
MMMCXVII
MMMCMXLVIII
MMCC
3324
MMMCMXCVII
MMMCMXII
CCCVI
899
1780
1776
804
3300
2411
DCXXXVI
MMDCLI
MMMDCIII
751
2188
MMMDXCI
MMCDLXXIII
MMDLXXXVI
3163
260
CDXXII
MMMCCLIII
1422
MMMCCXCVIII
MMCCCLXXIV
2543
MMXC
MMCCLXXX
MMMCDXXIX
MDCCCLXVII
DXXX
264
MMMCCLXXIV
1682
MDCCCXXXVI
MMCCCLXXVII
MDCCXXXIV
MMMCM
3628
MCCCLXX
MCDXLIX
MCCCXXXI
820
MMDCII
3391
682
2615
MCDXVI
MMCCXXXI
MMCCLXXXVI
3278
177
1092
MMLXXXVII
1486
1530
MMCCCXXXV
MCDXXXV
203
3238
MMDLXVIII
3862
MCXLI
MDCCCV
CDLXXII
CDV
MCMXX
MLXVIII
MMCMXXXVI
MXCV
3399
MMCCCV
3269
2602
855
3369
3603
CCCXCVII
CCCLXXXIV
2384
MMCCCLXIX
DCCCXCVII
CXXIII
MMMCCLXXV
1348
MDCXXIX
MMMCXCV
3542
3247
MMDXIII
CDLXXV
957
2212
MMMDCCCXXVI
DLX
403
3254
1294
86
MMMCCCXXXIX
2319
MMDCLXV
MCLXXXVII
3152
MMDXCIII
MXCVI
MDCCCLXXXV
1662
2930
3899
1646
1604
MMCDXLVIII
MMMLX
MCLXXIII
MDCV
MMMDCCXXIX
3403
1498
MCXXIV
MMMDXIX
2711
3344
CXCII
MMMCDXL
MMCDLXIX
MCMLXXXIII
2000
438
MMMCDXCVIII
186
2232
CLXXXV
MMDCL
MDCLXXXII
3652
2812
910
CCLXIV
3390
1093
1382
MMMDCCXXVI
1349
356
CCXLIX
DCCCXXXIV
2744
DCCXXXIX
MMMCMXXXVIII
449
2940
1750
117
1232
756
MCCCXC
CCLXI
MMDCCCLII
2569
MMMDXXVIII
2350
MMMDCCCLXXXVII
MMMDCCLXXXIV
2230
MMDCCCXCVI
MDXXXII
MDC
MMMDCXXXIX
MMMCLXXXVIII
MMMCCCXCVII
2833
2078
MMMXXXIII
1214
3397
2616
MMDLXVI
MMMIV
3331
MMMCMLXXXVI
1102
MMMDCCCLV
2283
CCXXVIII
MCLVI
966
MMMCLXIII
MLIII
CXI
MMDCXI
DCXLI
1370
MMMCXIV
MDCCXCVII
LXX
MMDCXXI
MMCCVII
DCCCLXXIX
MMCDLIII
2063
MDCCXLIV
MMMCMV
705
MDCCLI
3604
LXXXIX
CCCXXIII
3136
MMDCCXI
MMMCMLIII
2011
3722
MCMLXIX
2108
MMDCCXLVIII
3540
613
MMCDXV
MMXCVI
MMMCXLI
MMCMLXXIII
MMMDCLXXXIX
CCCXXXIV
25
2285
384
1197
917
MMMCCXCIV
1551
3369
2310
MMDCLVIII
CXCIV
DCCLXVII
1091
MMCCCXLI
2261
DCXLVI
956
2453
MDLXXXVIII
MDXCIV
MMCXLII
MMDCLXI
MCDLXX
MMCLXVIII
MMCCCLIV
MDCXCIII
DCCLXXIII
3258
MMMDCCLV
1637
MMDCXIV
MMMCCCXXI
3229
MMDCCCI
309
DCIII
MMCMLXXII
2202
1833
MDCCCLXXI
MMMDCCLXXXI
3092
2093
3632
MCCL
3549
CCCIV
DCXIV
CLXXVI
MMMCXLV
MDLXVIII
3322
MMMDIII
MCCCXCVI
MCDLV
MMMDCXXXI
3472
1886
MMCCCXXV
3775
18
1567
1915
1014
3041
3544
1853
948
2284
CDLXXXVIII
154
MMMCV
MMCCLXXIX
3921
2149
3012
MMCMLXX
MMCCXV
CLXXIII
DCCVII
DCIX
CDLIII
3827
MMXXXVI
MMMCCCX
MLXIV
1534
MMDLX
MMMDLXIII
2780
376
1555
111
XXXVII
MMMCMLXXV
747
1290
DLXX
MMMLXXXII
MMCCXCIX
MMMDXCI
MMXXXIII
3190
CCLVII
DCCLXV
844
MDLXXVIII
MMDCLXXXV
2452
MMMCMLXXXI
MDLXVII
MMCCXCII
MLXIII
1610
272
MMCDLVII
MCCCXV
MDCXLI
1166
268
DLXXXIX
456
MMCLVI
1198
2766
3964
3701
MMMCDXCVI
221
MMDCCXXI
3325
MDCXXVIII
1579
60
2242
3005
MDCCCLXII
MMMDCLVI
3073
MMDCCCLXXXIV
CDIII
MMMLXXIII
2759
849
MMMCCCLXXVI
MV
547
MCCCLXVIII
MMDCCXCVIII
2482
MMMDLXXIX
3213
1995
DCCXLIV
2490
2766
MCCLXXXIX
1739
MMMDCCCLVI
MMDCCCXIII
199
669
MMDLV
444
DCCLII
MMMCCCXLV
338
XXIX
MMMDLXII
MMCCLXXIV
MMDCCCLII
765
MLXXIII
MDXXX
MMMCDVI
MMMCDXV
3231
MMMLXIX
MMCDXX
577
3280
MMMCCCXXIII
MDCCCXLIX
1761
MMMDCCCLXXXVI
3874
1821
MDLXXVI
3536
2855
1416
DCXLIII
MMMDCXCII
MMMCIV
MMMDXLIX
2465
CMLXI
55
1728
1078
3394
1753
412
1939
2917
1208
1991
1035
MMDCVIII
1172
1428
CCCLXX
MMCMI
MMCIV
2314
1213
MMCMLV
939
MMCCLXX
1143
MMMCCCXCVI
2690
DCCCLXXVI
MMCCCXCV
MDXXXVIII
333
2487
1297
1037
DCCCXCII
262
67
CCXIX
MMMCCCXXV
XCVIII
3543
MMXIV
72
622
MMDLXXIX
MMDII
MII
MMCMLXXXV
MMMCCLIX
2809
MMMCMXC
MDXIII
MDCCXLIX
MMMCMXLVIII
MMCMLXXII
3211
836
3303
881
1774
504
MMMCCXLVIII
986
3329
3660
3895
MDXLIX
MMMCXXVI
MMCDLXXXVIII
3502
CCCXXIV
1924
CMLXXIV
MMMCDXL
1405
MMMCDLIII
2024
MMMCMLXXII
MXIII
1436
MMCXIX
2772
MMCLXXIV
MDXIX
1940
MMMDXXXII
MMMCLVIII
413
CCLXI
MDX
MCCVI
1561
MCMXXXII
2995
MMMDCCCXLI
MMDXCVI
2432
CCXXXI
2394
2089
1915
MDCCCXLIX
MCDLXII
694
MMMDLII
1672
DCCXXIII
3007
3068
MMCCXVIII
2841
MMMCXXII
2427
1344
3996
2513
1192
709
1244
CXCV
XCVIII
3058
3997
1831
CCCXXIX
582
3926
2674
MMCCCLX
940
MMDCCLXXXIX
1885
MMMCMXIX
1824
MMCCCXXV
MMCCXLIV
MMCCLVI
MMDCCXXIII
MMMDXXXIII
MMXCV
1451
MMMXXX
566
700
MMMCCCLXII
MMMLXVIII
MMMDX
MMDCCCLX
CCCXL
MMMCXL
DC
977
152
MDXLV
2806
MMCLXIII
MMCXVI
CCCXXXI
CCXXI
1602
893
2049
MMMDCCVI
2287
3623
2465
MMMCXC
DCCLXXVI
3201
MMCXLVII
867
CLXXVI
26
549
3736
1656
CMLIX
DCXCVI
MDCCCLIX
858
MCCXLIII
MDCCLXVIII
MDCCLXXI
MMMCIV
648
618
1424
CCCXLIV
MCXIII
3630
1257
3039
MMCMLXV
410
1729
3070
3394
MX
8
MDCXXXVII
3917
MMMDLI
MMDCCCXLIII
770
MMXLVII
1106
MMCMXXXI
MDCLV
1354
709
2065
2253
CCLXXVIII
1278
MMMDCLXI
LXXVIII
CI
CCXXV
415
MMDCCXCV
598
2088
902
3979
3172
MMCML
3938
961
MMMDCXLV
MDCCXXIX
DCCCX
MCCCLXXV
MMCCCLXXXIX
MMCCCXVI
MCLXXV
148
MCCCLXVI
MCXIX
1145
393
MMMCCCLXXIII
MDCCIX
3122
MDCCCXCVIII
1981
MMMDXIII
2525
264
2042
MXXXVI
3635
MMMDCLXXXIX
3814
MMMCMXXXI
2663
1871
MDCXXVIII
484
2191
MMMDII
MDCCCXLVI
2087
3773
66
1684
1489
MMMI
2498
DLXXII
MMCCXLVI
CDI
3786
CMXXVI
CCLI
3791
2662
MCMXLIV
MMMCDXVI
93
MMMDCCCXXXVII
566
LXVII
MCCCXIV
221
MCCXLI
2122
3547
1705
3984
MMMXCV
628
CCXXVII
3170
1396
1466
1082
325
3119
432
MMCMLXXXII
MMDCXLII
3772
MMMDCLXXXIV
MMDCCCVIII
3749
2532
MMMLXVI
CCCXCII
MMCXL
2162
3612
2982
2435
CCXXIII
1054
2613
MMDCCCXCIII
213
1941
162
MCCLXII
MCMXXXVI
MCMLXVII
3262
MMMDCCCLXIV
1092
939
MMMCDX
CCXXXV
3075
MMMDCCLXV
3270
CVIII
115
2016
1519
MMMDCCLXXX
3293
2296
1841
MDCLXXXIX
MCVII
133
1545
MMCCLXXXV
MMCMLXXIX
1390
MDCXCIX
3090
MDCCCLII
3896
1712
MMDCCCXXXV
MMCMXV
2134
438
3806
832
1011
491
DLXXXVI
50
CCCLXXIV
MCMLXXVII
DCCCXXIV
1243
1296
MMCCCI
1586
1502
3823
3855
MMDCCLXXI
CMLXIV
2433
1571
1057
MMMCDLXXVI
MMDCCCXLV
254
MCCLXXIII
640
CCCLXVIII
MMMDCCCXLV
MMMCXXIV
MMMXCII
1337
MMXL
CCLI
MMMCDLXVIII
MMMCDXLIX
489
2639
MDLXI
871
MMMCCCXXXIII
MMLXXVI
MCMLXXX
MMCDXLII
1849
1728
747
3251
973
MDCCLXXI
MDCCXXXIX
MMMLXXXI
1306
2486
MMCDLXXVII
MCDXII
MMCCCXLVIII
MMLXI
875
3858
MMDLVI
1527
1628
MCCCXXX
MCCCXVIII
3586
242
1618
3527
1556
MMDCCCXLV
209
MMMCLII
1437
3138
1623
170
2799
2515
CXXIII
1552
DCCXLV
265
MMMCMLXXXVII
622
MMMCLXXVII
MMCLVII
2774
MMLXVI
3018
DCLVII
MDCCCI
MMMCCCLI
MMMDXIII
CXLII
MMCXXVII
CMXCII
DCI
3584
MMMCMXVI
CDXLVIII
977
1696
MDXXXVII
2103
2360
MMDCCLXXXVII
643
364
1580
MMCDVI
3834
MDCXVIII
CIV
1755
MMMDCCCXXI
MCCXIV
DCCC
MMDCCCXLVI
MMCLXXX
MCCLXXI
2251
2177
1292
2537
MMMDXCIV
183
307
CMXXII
2509
2651
1215
2559
2179
902
3474
277
DCLXVIII
MCCLXXXVII
DCXX
1179
MMDCCCLXXI
3392
2250
DCXI
3758
3978
MMDXV
MCCXXVII
279
2254
MDCCCLXXXIII
MMCCCXIX
1274
2152
3837
MCMXXXI
CLXIII
MMCCXIII
MMCDXCVIII
MCDLXXXIII
MMCCCXXXVIII
DCCXCVI
MMMDCCXL
MMMDCCIV
DLVIII
1809
MCXVIII
2595
MDLXXXI
MCDLXIII
3321
MCDLXXI
3666
1344
MMMDCCVI
2252
52
1676
1882
1734
1358
MMMCCCXXIII
2764
2327
MCMLXXXIII
2353
2176
MMCDXCVIII
MCXXX
CVI
MMCCCXVII
1630
MMMCLXIX
3333
1935
MMMLXXVIII
1728
3227
2895
2661
3130
3771
3664
MMCCCLXXXII
MDCCXXXVI
3797
2302
MMCDXIV
MCCXII
872
1944
1062
1846
577
1926
1238
2520
MMMDCCCLVI
MDCCCLXXIX
MMMDCXXIV
1108
MMDCXCVII
2262
MDCLXXVII
3534
MCDII
1276
MMDXCVIII
2041
MMMCCCXXXIII
MMCCXXVIII
MMMCXIII
2949
MMDCCXXIX
3944
344
663
MCCCXXXV
CMLXXIV
500
1905
3588
3879
696
433
125
MMDVI
1978
MMMCCCXCVII
2182
MXCIII
3816
MCXL
2811
MXL
MMDCCCXXXVI
38
MMCMXVI
1056
1697
2185
DCCLXXXV
2692
MDLXXVIII
64
DCXXXVII
3129
3582
MMMDCLXXXIII
DCCCXVII
MMCMLXIV
660
307
MMMDXLII
618
MDCCIX
MCDXIX
MMMCCLXIX
DCCCL
2114
565
MMMCMLXXIII
MMMCCCXLII
3498
MMDCCCLXXII
MCDIV
799
LXXV
MMMCDXV
MMMCLXXXVIII
MDI
XCIV
MMMXLII
MMCDXC
1756
CDLXI
MDCCXXVII
MMCCCLIII
DCCCXII
MMMLI
MMXXVI
MCMXCVII
MMMCDXV
MCDXVI
3458
3443
MCMXIII
MMMLXXXIV
MMMCCLXV
MMCCXCVII
MMMDCLXXXVII
3003
MMMLXXXI
2768
2018
DXCIX
3218
MCCXVI
319
2193
MMDXXXVII
MCI
MMMLI
130
MCMLIV
MMDCCCXXI
2466
2130
1062
MMCXXXV
2267
CCXLIV
3010
3079
MMMCCXLIX
328
MMXLI
MDCLXXXVIII
3174
3782
2996
234
CDLXXIV
MMCCXXXI
DCCLXVI
DCCXXXVII
MMDCCCIX
2492
1118
1748
DVI
CMXXVII
248
1442
DCCLXII
515
3918
3338
MMMDCCXLI
1884
DXXXI
3953
MMCCXXXI
DCXXXVIII
MCCXXXV
395
68
801
2152
991
398
MXXIII
MDCCCLXV
CLXXIV
3876
MC
3814
842
2914
DCCCXLVII
920
MMXXXVII
DCCLXXXIX
MCMXXXI
2972
1022
1001
DXCI
840
MMMCCCXLIII
MMMDLXIII
MIX
MDCCCXX
1319
1676
2833
MMCLXXII
1933
CCLVIII
IV
MMMCXLIX
MMMDCCCXXVII
MMMDXIII
MMMCCLVII
2116
MMDCCVIII
3889
MDCCLXXXIV
3850
CDXXXIV
3084
MCDXLII
MMDLXXVI
1343
2227
1666
MMCMXLIX
MCCCXXXV
2683
CDXLIII
MDCCCI
MMDCCCXCVII
MMMDCCCLXXIII
3959
MDCCCLXXIV
MDXLV
2412
1431
3722
3826
3789
MMMCDX
MCXVIII
MMMDCLXXIII
2199
MMMCDXVII
MMCDLIV
MCMLXVIII
1699
MDXXXI
MMDCXLV
3012
1741
MMXLIX
MMDXXIII
MML
MMCMXXVIII
CDLI
2653
336
MDCLXV
MMMCDXLV
145
3921
MMXXX
448
MMMCLXXII
CMLIII
LXXXIX
52
MDCLXXXVII
2074
MMDCCCLX
1743
MMMDLXX
3119
MMMCDXCIX
391
1816
MMXCVII
CDLXXVII
MMMCCCXL
1409
79
659
MMDCCCLXX
1262
MMCDII
439
824
367
MMMCCLXXXV
MMMDCCLXXXIV
MCCCXXVIII
MMMDLXXIV
MMXIX
MDIX
MMMCMXXV
2700
MMXIX
MMMCCCLXVI
2431
2884
1338
CCXC
DCCXLV
185
MDCLXV
MMDCCCXCV
2576
476
1376
MMCCLXIII
1316
1595
649
MMMCMLIX
DCLXXXIX
CDLXIII
MMCDXIV
MMCCXXXV
1452
MMMCXXIX
1693
MMMCMLXXVI
MMDCXLVII
MMDCCLIX
2299
MMMCDLXVI
666
3632
1753
1811
MMLII
MCMI
MMMDCCXXXVI
151
MMMDCCCXXVII
3215
1702
M
MMMDCXLV
1475
1613
XXXIII
1219
1619
MMMCXX
MDCCXXXVII
1439
2696
MMCDXXIV
518
3910
MMCXXXV
286
MMMDCCCLXII
DXXXII
MMMDXVII
MMMDCCLXXXIV
1950
3238
MMDCCIV
1773
42
897
MMCLXV
1743
1910
2037
MMMDCLXXXVII
MCCCX
77
MMCCI
890
MMCCLVII
MMMCXXXIX
MCDXXXII
MMCIX
DCCXLVIII
1670
XXV
MMDCXCI
MMCDXXII
136
2527
MMMCCXLI
MMMDCCXXV
672
3444
MMMDXLVI
MCLXXIV
MMMDCCLXI
DXXVIII
2088
2061
679
DXVII
MMMCC
MMMCCVIII
MMDLV
MMDCXLIV
3456
871
MMCMLXXI
MMDXCIII
193
MMMCMLXIX
2003
CCXCII
MDCLI
CDLXXXI
3665
DLI
3596
3773
MCCCLX
MMXII
MDCCCLVIII
3311
CCXXX
DCCCXCVIII
MMMCDLXIV
MMMCLIII
422
MCCCVIII
437
468
MCMLXIII
CLXXXIII
MMMDCCV
3264
MMDCCCXC
3023
MMCCCLXXXV
689
MMMDCCXXXIX
2567
3027
CXLIX
MMXCVII
1070
MMMDCCLXXIII
3726
3083
MMXCII
986
MMCDXVII
MMCCCLXXXII
1759
2967
MMDCCLXXXV
MDCCCXVIII
MMCXII
DCXXIV
CCXCVII
MMDCLXVIII
MMMCCCXVIII
MMMCCCXX
3988
2190
MCCCXLIX
DIV
3779
694
2389
MMDLII
MMMDCCXXVIII
MDCCLX
MMCCCXXI
DLXXXVIII
DCXCIX
187
MMMDCLXXVIII
3758
2399
3749
295
MCCCLXXXVII
690
MMCLXXII
1984
MMDCLXXX
2872
MMCCLXIII
MMMCCCIII
2647
MMMCDLIX
DCCLXXVII
MMCCXXXIII
MMMCLXXI
2296
2040
MCCCXXXVII
MCCCXXXV
MCCCXXXVI
1608
MLXXVII
CDLX
MMMCMLXIV
3074
3141
1470
1664
MMCXXI
2051
DXCIII
L
974
MMDCXXX
MDCCXVIII
3716
3327
3991
57
2023
MMMDCCX
3073
DLXXX
3322
197
MMDCCCXCV
1680
MMMCCCXLV
1609
MMLXXIX
MMMCDLXVIII
LXV
3331
941
164
1702
3395
801
2340
MMDCXXVIII
MMMDCCCLXXVII
3243
MMMDCCCIX
MDCXLIX
3521
123
1914
MMMDCCVIII
MCLXXVI
3305
CDXLIV
2133
MMMDCCL
490
1487
2082
715
MMMDCCLIX
MCCCLXIX
MXXXI
MMMCCLXXXVII
MCMXXXVIII
697
MCXCIV
DCXCIX
3737
297
174
416
MMMCXII
DLXXXVIII
951
3016
DCCCIII
MMMCLIII
MMCMLXII
3643
MMDCCCLXX
487
9
MLXX
649
119
MCCLXXXVII
2298
MMDCCXLV
MCCIX
1115
887
1920
2738
1451
2947
396
331
MMCMLXII
MMMCCCXLV
MMDLXIV
MCCXL
MCDXVIII
3848
MMXXVI
3772
I
82
MCCXCIX
363
MDCCCXXXIII
MMMCLVII
2586
MCDXXVII
3488
MMMDCLXIX
MMCCL
MMDCCCLIII
2515
DCCLXV
493
1688
3878
MMXIII
MCCXXXIV
2954
MMMCXVII
MMCCXXXI
1649
MXXI
MMDCXLVII
MMCCCLXXXIII
CCXII
1515
MMMCCCVIII
2601
MMMCDLXXXIX
3328
224
1662
MMMCDXXV
MDCCCLIV
1369
2792
MMMDLXVIII
MMMCCXXX
2035
MMDCCCII
CCCXCI
MMDCCCLXVI
612
101
3965
1994
342
117
1373
2328
398
DCCCLXIX
MMDCXLVII
MCCLXII
1443
MMMDCCCLXXVI
82
MCMXXIII
MMXXVII
1153
MMMCMLXXVII
2731
MMMCDXXXIX
454
1503
MMDCCCXCVIII
DCIII
1946
2798
1789
291
MMMCDXXVII
2120
MCDXXIII
MMMLXIII
DCCCXL
2453
DLXXII
XLVII
MMMCDLXXVI
1165
3297
DCCXCVIII
3069
3933
MDVIII
MMMCLXXXIX
3588
1037
3807
2323
3681
DCLXXIX
MMDCCCXLI
1697
MCMLXI
MCCCLIX
1842
MDLXVII
DCCXCI
1550
1949
653
1718
2119
MMCCXV
MMCDXXV
CDLIV
1863
1158
MMMDVIII
1598
3790
MMMCLXXI
2413
MMDCCXXVII
3760
CCXLI
MMDXXIII
MDCLXXIII
705
3178
DCCXXXV
2758
MCI
CDLXX
MMMCDLXX
170
MMMCDLXXVIII
MMCMII
MMCCCXCVII
MMDCCLXI
MDCCLXXXVI
3470
MMMCMXCI
729
MMCXIV
MMMDCCCXLI
MDV
2505
1167
1210
MMCVI
MMCCCXCIII
3767
1842
MMDVII
2094
MMMDCCLXXXVIII
CMLXXII
1833
217
MCCXI
MDCCXXX
1571
1374
475
2324
MMCDXLIII
MMDCCCVIII
MMMCCCXVI
2880
3282
374
565
1555
MMDCCLXXI
MMMDCCCXVIII
773
839
MMDCXXVIII
3947
MMLXVI
2645
3915
527
MCMLXX
DCLXII
MMMDCCCIV
554
MMDCCXVIII
31
DCCLXXXIX
3134
LXXI
1503
CCXXI
CMXL
MMLXXI
2324
MDCLVII
MMMCMXXXVII
127
787
1500
2473
2935
500
MDCLXXV
MDCLXVII
3092
1613
2739
2604
1311
MMCDIII
MDX
2347
3030
MMMDXCIV
681
MMLXI
110
3189
MMDCLXXXIII
3636
CCXLII
MMDCV
3939
CCCXXX
MMDCLXXIV
MCDLI
MMCLXXXIV
MDLXXXIV
DCCCXXVIII
MXCIII
2307
CCXCIII
716
MMMDCXXII
DCCLVII
CLXIX
MMMCDXXIX
MMMDCXII
MMDCCCI
1493
1704
CMLI
2639
MCMV
2067
3652
MMMVIII
MCCLXXXIX
854
1095
MMMCCCLXXI
3330
MMDCCXX
MMDCCCXIX
DLXXX
DCCLVIII
MXLVI
CCLVII
3446
MCCCXXXIX
MMMVIII
CDIII
MMDCXXIV
1665
MMCDIX
2983
MMMCDXXVIII
CIX
MMMCCCXX
309
MMMDCLXXVII
DCCLXXXI
MMCMVIII
3423
1368
IV
DXLII
141
3889
MMIX
MMCDLXVI
MMDCCXLVII
2787
960
MMXCVII
MMCDXCII
3780
MCCCXXIX
738
MMDCXLII
MMMCCCXIV
MCCCI
130
DCCCLII
3972
1568
MMMCCIX
MMMDXXVIII
CDLXXXI
CMXXXIX
MMCLXXVI
DCLXXIII
2142
MMMCCCLXVII
1216
DCCCLXIV
717
94
786
MMDCLXXX
MDXCVIII
3141
287
1401
3353
1096
MMMCCX
2697
CMLXXXVII
1364
1616
1764
CMXXXI
MMDXXXIX
MMMDXLIV
308
1023
3701
MDCXXXII
MXXXII
MMCCCXLIII
818
2448
2928
MMDCCCIX
MMCMXLIII
MDCCXX
226
2033
806
MMMCCXCII
906
2185
1709
CCXXXIX
534
MMCCX
MMDCLXXXV
3482
1174
3976
DCCXXV
664
667
2483
MMDCCIX
MMCCI
318
MCXXII
1025
MLXXX
2341
MMDCXVI
2367
1429
3973
1073
CCCLIX
824
1797
MMMDLXII
MDCCCXXXV
1415
1883
MCMLXVI
1584
DCCCXXI
DCCCVIII
2404
2564
1535
1123
2978
2776
MMCMV
1901
MDCCCLXXXIX
MDCCII
3307
30
CLVI
CCLIII
MDCCLXII
3438
1218
1
MCDXCII
MMMDCLXXV
CCCXLII
887
2576
MDCLXII
MDCCCXVI
MMDCCCLIV
1867
3322
DCCCXCVII
DLXIX
863
3797
MDCCXVI
MMCLXXXV
MMDLXXXVI
3148
2135
MMMCMLXI
1707
1284
CLXXIV
CXIV
462
1756
3410
3390
2968
DCCVII
MMCDXXXVIII
DCLXXV
3495
MMMCLXXIX
330
3885
1556
MMMCDXXXIV
MDCCXXVI
MMDLXI
DCCCXI
DCLXIII
2879
1468
3977
CCXL
MMMDCCLXXVI
2927
MMI
MDCCCL
2599
410
358
1122
871
MDCCXCVIII
919
MDXIX
1279
2577
189
MMMCMXLVII
1594
2271
MXII
3948
DCCCXCVII
MMDCXXIII
CDXIII
366
1422
MXVI
343
3777
1713
2107
2209
CCCLXIX
MMDCCXCIX
CDLXXX
2458
2736
MMDLXXXI
2137
LXXI
2145
2199
2274
2295
3918
CDLIX
1621
MMMCMXLI
MMMCDXCIII
3801
3187
CCLXVI
3862
2190
MMCCCLXXV
31
2519
1372
2447
3480
843
MMDCCCLXXIII
MMMCCXV
MDLXXVII
MMMCCXCII
MMDCLXVIII
MCMLXXXVIII
MMMDCXI
1956
3453
MMMDCCLXI
1667
3686
MMMDIX
MMMCCIV
3975
2572
3509
3037
MCCXVIII
2622
MCDIV
MXLVIII
MMDCCXXII
3693
MLXXIX
MCCXXVIII
MMDCCCLXXI
CCCXLIII
MMMCLXXXV
2434
MMMLXXVII
MMMDLXXIV
3357
3542
MMMDCCCI
3795
3694
2407
2950
MMMDCCLI
1292
359
3815
MCMLIV
636
MMCCCXCIII
MMMXCIX
2647
2595
3941
1808
2782
MMDCXXII
3502
LXXVII
MDCCV
7
485
1531
MMMC
1656
MMCX
2459
MMMXI
MMCMXXXIII
3786
2023
2219
2560
3828
MMCCXCIV
MMMCCXCI
1856
3107
2170
MDCCCXXVII
1307
MMDCCCLXXXII
362
CDXXXIII
MMCCXXXV
3992
1311
MCDLXXVI
2326
DCCCXLII
1609
1982
MDCCCXCIII
2510
1171
MMMLXVII
MDCCCLXXVI
2940
MDCLXXVII
MMMCMXC
MCCLI
76
MMMLII
2825
3745
3985
DCXXIX
CCCLXVII
MMCDLII
1941
DCVIII
XL
MMCCCLXXIX
1391
3042
MMMDCCCLXXXIX
MCLV
510
1728
3784
MMMCCLII
MMMCCVIII
MMMCCCXLVII
2449
1622
MMDCCLXXIII
3011
3624
140
MMMDCCCLXIV
MMMVII
1731
3911
1762
1166
2806
MMDCCLXXX
MDCCCVII
2732
CCCXLVIII
3733
MMMDCCCLXI
767
1733
DCCXLIV
2923
349
MDCCCLV
MCCCLXX
MMMLV
MMMCCXXV
MCCCLXII
DCCCXCIV
MCCCXLIII
MCCCXIII
MMMDCXCI
1727
809
MDCCCXCIX
2471
1469
DL
343
1222
1827
3155
24
MCDLXIII
2873
DCCIII
70
MMMCCXCIV
2551
1929
DXV
416
305
1532
MMLXI
3516
MCL
MMCMLXXVI
1132
3243
779
CCXI
2784
3779
505
MCLXXVII
CCLIII
779
MDCCLXXXIV
MMMCDVII
MXLV
XXXIV
475
DCCCXII
194
403
CLXXXII
1757
1866
MCCXLIII
2390
MMDCCCXXVII
51
CXLIV
3662
3711
3356
MCDIII
MCDLXXXIX
MMMCDLXXXVIII
MMDCLXXIV
MMCCCLXXVIII
MMCCXXV
2136
1198
3583
CCCLXXXIX
3627
3871
MMDCCLIII
1592
MCCXV
MMCCLXII
3710
MMDCCXXXI
MMCCIX
LVI
3043
1807
408
3394
DCCCLXXVII
905
3857
MDCCXXVII
313
395
CDLXXXIII
CCLXXIII
MCMXXXIV
MCXXXIV
MMDCCCLXXXIV
MMDCCCLIV
2353
1221
MMCMXXVII
2486
719
2731
2962
MMMCCCXXII
MMMCLIII
DCCCLXVII
CLXXXII
C
XCV
3135
MMMCCCVI
MDCXII
MCCCXXXVIII
1212
MCMLXXII
MMMCXXII
MMMDCCXXXIV
CCCLXXX
874
MMCCXXII
1148
MMMCMLXX
276
1957
MMMCCCXXXVI
1468
MDLXVIII
MMMDCCCXLV
1409
2484
DXXIV
771
2949
1383
MMCXCVIII
2688
MMMCVII
MMDCCCXXVI
MCMLVI
MMMCMXCI
3131
CCCXI
DCXXXV
3422
CCLXXVII
MMDXCIV
MDCCCLXVIII
1936
MCMLIV
MMCMLXIX
640
943
MMCXXIX
3231
MCCCXCVIII
3416
1715
3606
3505
MMMCDXXV
MDCXXXVII
DCCCLXXIII
3210
1089
1797
MMMCCCXXX
318
3573
CCCLXXIII
1387
MMLXXV
2110
MMCCLVI
3496
3923
MMMCCXLI
3364
MMMCCCXXVI
MDCXC
DXII
188
MMCMVII
2486
2609
37
1040
MMDLVI
CXLIV
801
649
DCCLX
MCMXXXVI
MMMCCLXIV
MMMCMXXXI
184
1435
3911
MCCCLXXIII
2506
MDXXXII
1069
MMDCCCLXXII
MCDXL
2466
3613
MMMLXXVIII
2761
2486
2101
3786
MCCLXXI
2917
CXVI
1102
467
2415
3310
366
8
2273
MMCMIV
MCCLXVII
MDCXVI
MCCCXII
681
941
MMCCCLXXXIV
2592
MMDCCXXXIX
2004
232
2731
CDLVI
MMMCMXXXI
MMMDXVIII
MMCLXII
1060
3723
1846
MMMCMXXXVII
MMMCMLXXIII
2285
902
XXIV
MMMXC
862
MMCDLXXXIX
MMDXL
MCMXCIX
2069
3072
DCCCLXV
3145
355
1206
MMMCCCLI
MDCXXII
1958
2766
1323
836
531
1970
47
MCLI
76
MMDXL
MCLVII
2050
MDCCLXVII
MCCLXIV
777
709
MMCXXXII
DCXXIV
DCCCXXXIII
MMMDXLIX
CDLXXXIX
MDCCCLXXIII
1448
2332
MMMDXXXIII
2038
2791
DLXXX
DCCXXXVI
3256
190
3236
3534
MMMDCCXCIV
682
880
1539
1391
3055
CCXLII
MMMCCCLXI
MMMII
MCIV
2714
CMLXII
MMDCCXCVIII
MCCCLII
1357
MMMDCCCLII
1504
502
MXC
MDVI
2537
1692
176
1974
MMCCCLXI
MDCCCLXXXVII
MMMCMLXIII
2678
935
MDCCCLVIII
3870
2725
MDCCCXVII
1370
1093
MMMDCXV
1543
3107
MMMCCXXVIII
MCCLXX
1146
MDCCLXXXVIII
MMCCXLII
529
2377
2579
2109
MMDCCLXI
2831
CXXI
2088
1454
MCCCXXXIII
2517
2503
2399
MCDXCVI
3765
MMDXXXIV
DCCCI
MMXLVI
MMDCCCXXXVII
MIV
MDCCCXXXIV
44
DCXXXIV
MDCCCXC
192
3369
3473
1996
2421
DCCLXII
3983
325
CXCVIII
MMDXIII
2280
3064
2300
1325
MMLII
CDLXV
DCCXXXIX
MCCCLVII
MMMDXLV
DCCCXV
MMCXXIX
1487
MDLXXXVIII
MMMCMV
1713
MMMCCCVIII
2553
CDXXX
1478
MDLV
MMCCLXXXVI
MCMXIII
1301
MMCCCIV
2793
3329
148
MMMDCCCLXXII
MMCCXXXIX
1295
MMMCCVI
CCCLXXI
MMCMLXXIII
MMMDCCCLX
MMCDLXXXIV
MCXI
1388
MXCIX
MDVIII
MXXX
3981
463
2881
MMMCMXVII
MMCCLXXXII
CMLIV
511
854
748
3459
127
1524
466
DXXXII
484
DCCCLXXX
2401
367
2449
1623
1859
MMCMLXIV
1202
1562
239
1743
MDCXVIII
MCDI
3584
MMCMXXVI
MMXC
XXIII
MDCCXCIV
MCCXCVI
978
1532
MMMDCXC
MMCXVI
626
CCCLXXIX
MMCDXCII
1773
1903
MDL
1716
1418
1088
MMDCCCXX
1449
3757
MMMXXXVII
DCXXVIII
MCDXXVI
3071
3982
326
3927
MDLXIV
MMDCXIII
1157
MMDCCLVII
1515
MMMCVIII
3025
CLXX
MMDCCLXXV
DCCCXIX
DCCCXXXIX
695
812
MDCCL
1073
1565
MDCLX
3089
3102
2857
MDCCCXCV
1062
MMDLVIII
1826
2048
3235
1879
3492
3170
MMMDCXLVII
CMXC
MMCCCXCVIII
3213
1558
2057
1375
1027
MMDCLII
MMMCCCII
MDLXVI
MMDXLVII
504
MMDCCCXLII
MMDCCCLIV
MMXLVIII
3470
MCXCIX
2873
3831
MMCDLXIX
2650
915
CMIX
MDLXIV
2357
MMMCXCVIII
MMDCCXC
DCCC
1939
MMDLI
MCLVIII
MCMXCIX
1075
223
MDCXLI
MMMDCCLXXII
MDCCCXL
MDCXC
MCDXXX
1501
MDXVIII
MMMXCIII
908
2279
942
1003
LIII
3827
3145
716
MMMCCXLIX
2678
1109
2363
DCXCV
3563
1512
2056
1882
MCCCLXXVIII
MMCCCIX
MDCCCXXVI
624
MMCDLVIII
MCDLXXXVIII
MMMCCXCII
2716
2137
1150
MXXXIV
1020
MCCCLVII
3641
MMDCCCLXXIII
CLXIX
746
MMMCCXC
748
700
439
CCLXXXV
109
MMDXCIV
MDLXXVIII
2405
2673
MCDXXVI
MCMLXIII
3914
CXXXII
MMCCCLXXXVII
206
MXIII
MCCCXIII
1428
MCCIX
MMMLXXIX
1334
MLII
DCCCXXI
CCCIII
1009
1329
3528
3010
1529
MCCLXXV
2424
2130
1238
1949
725
1198
MMXXIII
MDCCCLXXIX
MMMCMVIII
MMDCCXCVII
569
MMIV
3519
2318
MMMCMLXXXIX
2912
3820
CCCXLVIII
888
MMMDCCXLV
MMMDCCCLXII
981
MMMCLXV
1559
MCLXXXIX
391
3951
MMCCCLXVI
MMMXXXVIII
MMDCCCXCIII
MI
MMMCCCLXXXVI
DCLXV
2577
LXIV
DCCCLXXXVII
3960
MCXCVII
CDXXII
MMDCCCLXVI
3912
1984
151
3350
429
886
CDLXXXV
2726
MMDCCXXVII
2738
2630
MCCXXIII
366
467
MDCCXLII
2305
3970
3192
MMDCX
3638
2038
MDCCLXXXVIII
MLXXXV
MMCCXVI
3352
XCVII
57
DCCCLXXIII
MMMCXCVII
140
MMDCCLXXXVII
3399
MMMDCCLXXXII
2579
474
MCDLXXVIII
1799
MMDCCCLXXV
1994
748
2407
MMCCCXXXIII
3005
3637
MMCCV
773
MMDCCCLXII
CCCXXXIII
3216
MMCDLV
3424
708
MMCCXCVIII
MMMCDXXXIII
2022
MCDLVII
2155
MMDXXXII
169
175
3732
LXXXIX
MMDCCCXXVIII
2398
2069
DCCLXI
3255
2530
MMMDCLII
MMCCCXIX
CDLXXIII
237
MMCMXIX
MMDCCCXII
MMMCDXXXI
DCXXXI
2378
2827
MCDXCVIII
MMMDLXXVI
MMMCCXV
DCCXCIV
3830
2135
1679
MMCXCVIII
2886
MMMDCXCVII
261
2812
2800
CXXXV
3780
MMMCMXVIII
3659
1170
MMMDCLXXXVIII
86
2602
1614
CDXLVII
MMCMLXXVIII
MMCDXIX
1428
DXXXV
MLXXVI
1515
MDCCCLXIII
MVII
MXLIV
MMMCDXCIII
MMMDCCXXXI
LXXIV
1309
175
DCLXXXIII
DCCCXXXI
MDCCI
DCCCXXXVI
CCXLIV
DCCLVII
DCC
MMMDLXXV
2120
739
MCCCXLIX
3471
MMDCCCXXXI
MMMXLIX
DCIV
1312
MDX
MMCMXXXIII
MCLXXX
3103
1944
1525
MMMDLXXVI
MDCCCXIX
1953
MMMDCV
1964
3847
MMDXV
2500
MMMDLVIII
MMDXX
3045
MCDXVI
2367
1274
258
463
MMCDV
MMCDLXVI
168
1860
1737
2313
3387
MMCMXCVIII
MMMDCXVIII
MMMCMXVIII
3588
3225
MMDCCXVII
1190
MDCXCVI
103
2405
3522
DLXII
3708
1981
2089
1747
MMDCCCXLV
1421
CLXXIII
MCDLXXI
MMMCDXXXIX
2305
MMCMXLV
DLXVIII
1415
MMCLII
MCXIX
2576
MMMDCCCLV
590
1337
2599
2096
20
MMMCMV
545
1243
MMDXXXI
3846
1002
495
MMDCCCLXVI
2031
3995
1257
DCCCXLIX
517
MMCMLXXXVII
MCCIII
1469
933
2209
1794
MMCCXLV
2817
MVII
3990
329
MDCXXXV
1177
1492
MMDCCCLXXVII
1388
MDCXVII
DCCCXXXIV
DCLXXII
1968
643
592
MCCCXLIV
3726
MCXX
CMXLI
CMLXXX
2766
MMDCCXCIV
MMMDXXXII
MMDCXXXIII
DXXIV
CMX
670
DCCCXXXII
MMCMXXXVI
CCXCVIII
MMMDXCII
LIII
MMCDXIV
3219
MCXVI
MMCCVIII
1260
239
806
MMMCXVIII
1163
MMDCI
MMMXIX
MMDLXXXIX
3550
2571
1487
2534
691
2182
3993
3658
9
3555
MCLXII
MCXCVIII
MMDLXXXI
3220
2058
MMMCMLXXX
DCCXVII
XXVI
3844
218
MCCLXXXI
MMCCXIII
CXLI
2595
2040
1544
2108
1563
DCCCXCI
1853
3562
MCCCXII
2923
MMCMLXVIII
3394
MLXXXVI
143
3751
DLX
MMDCCCLIX
CXLV
MMXXXVII
1303
3609
955
MMDCCL
1815
MMCCLXXXIX
MMCVIII
MMDLXXXII
1909
3427
XXV
MMXCV
953
286
3205
MCDLXXXV
MDCLXXVII
MMMCCCXCV
408
DCCXCII
1489
MDCCCXLVII
309
139
1582
1022
DCCLXXX
20
1874
2219
MCCXCVII
MDXIII
1783
CCXCII
MMMCMXVIII
775
3625
MDCCCXCIX
292
3105
DCXXXI
DLXXXIV
2392
2208
CCXIII
MDCCLXVII
3578
3688
MDCCLXXIX
3381
MMMCXXXII
MMML
2453
925
418
DXXXIII
1218
CCXX
MMDCCCXXXII
3725
3712
886
3337
MMDCCCIII
CCXXXI
3618
3898
2469
MMMDCCXXXI
738
2584
307
MDCCXCI
MMMCCXXX
2054
295
3612
877
MMDCCXXXVIII
3906
MCCCXLIX
2045
MMCMLXVIII
1835
2417
CMIX
MCDLXV
CMLI
MMMCCXXXII
520
LXIII
931
1979
MMCMXXX
MMMCCCXCI
MMMCCCXLVII
2939
DCCXXXII
MMMDXCV
1760
MMCMLVI
MCIV
C
MMCCCVIII
358
DCCXCV
214
DCCCLXVI
CCXI
53
1693
1441
MMMDCCCLXXI
2537
1788
MMCDLVIII
2428
MMMCCCLIII
3115
DCCLXXXIV
MVII
3044
3275
1326
1182
1540
MCLIX
MMMCCCLXIII
3488
2515
MMMCMXCIV
2073
MMCCCLXVII
DCLXVII
2165
MMMCMLXI
MDCCCXC
3298
1888
MMML
3935
MMMCMXXVII
MMDCCCXVIII
DCCCXCIII
DCXCII
MMCCCXCVI
MMCCCXLI
1416
867
MCDXCII
37
3987
1311
1816
CDVII
MMMCCXCIX
326
MMMCMXLIII
514
DCCXCVII
511
3009
1883
MMCLXXXVIII
DCCCXLIV
3865
MMDCCCXL
CCL
2573
1325
MMCMXLVI
756
3512
MMIII
3331
2340
MMCCCXV
1061
2635
120
1005
3261
1760
3920
MMMCLII
1114
3813
3681
1413
2653
1454
1084
1676
1624
1782
MCCXCVII
1999
3881
MMDCCLXXV
357
MDCV
816
2058
90
3071
1510
MMDCCXXXIX
2240
MMDCCCLX
869
MMCDLXXV
MMCCCXLIX
CLXIV
MMDCXLIII
1288
1012
952
126
2147
3516
2030
3461
MMMCDIII
MMMCDXXVIII
3272
964
MDXC
1610
MMMCCCXIII
MCCXCV
2612
2464
MXV
CII
1421
MMMCMLXIII
2002
MCCCL
2797
3598
3742
270
361
DCCCLVII
MMDCXI
MDCCXXXIV
MMMCCXXI
MMMCDXCIV
3054
1691
3979
3086
MDCCCXC
3755
3143
CDLXVI
MDCCLXXXIII
MDCCLXXV
3578
2824
CCCLX
CDVII
243
DXIV
1124
MDCXC
MMMDCCCXCIV
MMDCL
2770
2080
3697
MMMCCCXLIV
MMDCXIX
3525
MMCLIX
1975
MMMCCCXXXVII
1939
3112
2015
2595
832
MLIII
MMXXX
3423
1699
1654
1475
2598
MCCXCIII
MMMCMXXI
3575
DCCCLXXVII
CDLXXII
2635
3464
MDCIV
MMDCCCXCI
MMCCXXI
MMDXVII
2753
CMXXXVI
MMMDCLI
MMDX
MMMCLXXXV
365
MCDLXV
CXXIII
2375
2998
DCCCLIV
XLIV
MMMCCCX
MMMCDXLVII
3174
3070
MCDLXII
MDLIV
129
768
MMCCCLXVIII
3853
3416
3641
MMMCCI
XVI
MMMDCCLXVIII
2926
CMXLI
273
3471
2797
DCLXVI
97
3336
3310
MMMDCCCLX
2053
3230
290
MCCXXXII
184
2617
257
2453
MMCCCXCVII
CMXLIII
MMMCXLVI
MMDCXXXV
MMDCXXIII
1135
MMMDCCCII
MMMCDXXXII
3635
DCCXXXI
MCMLII
2294
1587
3819
MDXVII
2114
MCMLXIII
MMCMXXXIX
1598
2720
MCDXCIII
775
517
1236
1135
1094
LXXXII
812
CCCIV
687
MMMCCCLVII
3073
CMLXXVII
1589
MMXXI
208
MMMDCCCIV
MMMCLXXXVIII
DCXXXV
1808
MMMCXLVII
MMMCCXCII
DCCLVII
MDCCXL
965
2569
CL
MMMCCCLXXXVI
CCXLV
MMMDCCCLXXVI
581
MCCXXXII
DCCCXLVI
MMCMXXVI
3813
970
MMLXXI
2687
3117
1527
2694
2254
MMMDCCXI
MMCCCLXV
2506
1116
3222
MMMVIII
3741
MMCMLXXXV
MMCDXLIV
2161
MDCLXIV
3834
1117
391
CDLXV
CCCXCVIII
DCCLXII
MMVII
3397
1550
1540
97
3437
MLXVIII
262
MDCCCXXXVI
2371
2381
MMMDXL
3054
2326
2312
MMMDCCCXLVIII
2111
MMXLIV
MMMDCCCLXXXIV
DCCCXXIV
3777
3473
2447
125
3383
2287
MMCDLXII
MMMLXXV
MXLVII
MMMDCCVI
MDCLXXXVII
CCCLXXXIII
2230
640
MDCCCXXV
2498
3646
MCII
CCLXXXIV
2424
MDXVII
MMMCDXCII
MMDXXIX
1825
LXXVI
1573
MMMCCCXCII
MMMDCCVI
MMMCXCVI
2442
3141
216
MMMCCCLXIV
MMMCCXXXVI
CCXXXVI
3176
CCCLXXII
MMCCXXVII
2862
MMMCMXIV
2570
1831
3817
MMCCCIX
MDXXXIX
MMCV
MMDCCCXLVII
1260
MDCCCLXIV
3247
MCXCIV
260
1105
2825
MMCCLXXII
MMMCCXLVI
MMMDCCCI
MMMCCCXI
MMMDCCLXXXVI
MMMDCCXLVI
CCXLVI
1680
1118
718
3068
CDXXIV
3004
CCXCVII
153
239
MMMCVIII
DCCLVI
CCCVI
3178
2105
MMMCDXXIV
1036
MMMDCCLXXII
CMXCII
MMMCLXXXII
MMCCXLVIII
3913
MMCDLXXVIII
1144
MMDCCCL
MMCMVIII
CDLII
MMDCCCXXXIX
MMDCCXLI
MMDXCVI
2929
629
3740
2860
MMDCCCLI
MXXX
1020
3949
662
323
MMCCCXLIII
DCCCLXXIII
MMCCCLXXXI
265
MDCCCLXI
CCCLXVI
CCCXIII
CMXCII
2053
CCCLXIV
2536
2693
MMCMLXIII
CCXXXVIII
MMXCIV
2941
MCLII
LXXXIII
647
MDCCII
1085
1854
MCCCLXII
194
2974
2621
MMMCXXXV
MMMCXLV
CXCVI
MMMCXCIX
1125
MMMCDXCVI
MMMDCLXIII
2369
MMDCXLII
CLX
MMMDCXXXIV
MMMCDXXXIX
MCCCLV
1945
940
2007
MMMCDLVIII
1510
911
MMMDCLII
3143
1424
1921
CCXCV
1987
1937
MCDLXI
3048
MDCCIX
3903
1356
MDCXIII
MCCLX
3710
3842
1587
MCDLXIII
MDCCXLVII
1437
DCCCXX
MMCLVII
2474
MMMCLXXIV
MCXXXIX
1552
MMDCLXXXIII
CMXX
2372
2661
1409
3889
MCMVI
3613
3473
2898
2269
540
DCCCLXXXIX
2532
MCCCLXXI
1304
MCDLXV
2502
MDLXVI
1827
MMMDCXC
MDCLV
1227
MMCDXXIII
2099
MMDCCCLXXVII
MCMXXXIII
MDCCCLXX
MMCCCLXI
626
2056
1342
DCXXX
3312
CMLXXVIII
3042
283
DCCXXXII
MMCLXXXIX
MMMCCCLXXXII
CXXXIX
2318
MMMCXXXI
DCCCXXVIII
308
MMMCMXLVI
CXLVIII
MMCXXXVII
MCDXIV
1371
MMMLXVIII
MDCLIII
62
MMCCCLXXXV
139
MDCCCXCIV
410
108
81
CXX
MMMCCXVI
2224
MCCCXXI
MCCCLXXIX
MCCLXXXVIII
431
DXLIII
2930
475
MMMXXXI
MMMXXII
MMMDXLIII
MMLXXII
MMDCCCXI
MDCCCXXVII
3628
1163
779
1994
3951
1854
MCCCLIX
1194
MMMCCCLXIV
2301
MMMDXC
CDXIII
543
2229
MMMXLVI
CCLXXVI
6
MDCCXX
MMMDLXXXV
52
DXLII
30
1708
1848
1334
MCDXXXIII
3239
MDLXXVIII
MMCDLXVI
CCCXIV
CLXX
2580
MMMCXXVII
MCCCXCIII
DXXIII
MMMLV
MMLIII
MLXXV
2490
964
MMCCLXXXVII
MMMCLXXXV
MCCXX
MII
MDCCLXXX
902
MMMCCVII
MCMXIII
2240
2361
DCCLIII
DXXIX
2531
1315
CCXXIV
MCDXLVI
3220
MDCCXXI
MMDCXVIII
CCCI
MMMCLXXXVII
2158
MDCCCLXXXVIII
MDLXXXVI
3533
3528
2751
262
3062
1964
MMMCDXXXIV
MCDXXIV
3439
MMMDCXLIV
MMMXXIX
CMXXXI
1593
2192
MCMXIII
459
2702
1083
1197
963
437
MDCCCXX
MMMDCXCVIII
MDCCXL
DCXXIII
1582
1122
XXXVII
1475
3408
XLVII
2688
3504
484
2231
MMMDCCXCIX
MMCDXCI
2325
CDXLIX
2122
3408
MDCCCXXXII
1426
MCCCLXIX
MMCDXXXIX
DCCCXXVI
MMMDCXIII
MCXXVIII
1848
DCCCLXXXVII
1945
3337
3676
MCLXXVII
MMCCXX
1366
MMCDLXXX
MCDLXXXVII
MDCLXXVII
2652
2913
2445
MMDCCXXXVIII
3504
MMCXLVI
CCCLX
3558
839
3016
CMXXIV
MDCLXVIII
3252
DCCXLII
CDXCII
CLXXXI
3109
1971
MMMCDX
LXII
MCCV
558
MMMDCXXXIX
DXCVII
MMCCCI
3567
3053
689
MMDCXIV
MMCMLXVIII
3083
MMMDXXXIII
3661
1263
1307
1643
MCCXXXIX
3885
3770
1780
1437
3126
2606
CCXI
1501
MMCMII
3659
1323
1448
1419
724
297
2029
MMCCCXLVI
MMCCXCIII
CCCXVIII
CMXXIV
789
MXLV
MMDCCXIV
3277
MCMXI
1938
MMDCLXXVI
MMDCCLXIX
MMDCVII
1041
MMCCCLXXXVIII
CXXXVI
1306
MMMDCCIX
MDI
3498
420
MMCCCXVII
CMVI
MCCXXXVII
3961
MDCCLIX
882
DCCXXXVIII
3655
CCCLXXIX
MMDCCLXIX
MMMDCLXXII
3105
896
649
145
CXXII
2502
DCCCLXVIII
MMMDCCCX
2545
CM
CCXXVIII
MMMCDXCIII
3117
1799
MMMDXXXVII
152
42
CDXXXIII
2079
3300
115
1176
3971
1293
2960
1684
1633
958
2676
MCCC
465
MMDCXXXIII
MMCXVIII
DCCXLIV
1755
MMMCMXXIX
MMDCCCXLV
MMDCCXII
213
925
3807
495
612
272
1561
MMDCCXXVIII
MMCMXLVIII
MMMCMII
3109
MMMDCXXI
MMMCMLXXXVIII
1129
176
202
2524
MCCCLXXXVIII
795
MCMXXVIII
CMXXVII
CCCLVI
2957
2572
1168
CMLXXXV
2133
3283
MCCCLXXXI
3993
MCDLXII
MDCCCLXI
MDLXIX
1830
2148
MMMCDXXVIII
3387
1858
3400
2670
DCC
DCCCXLI
MMDCCCLXXV
DCLXXII
MMCCCXI
CCXXXVII
1536
MCMLXXII
116
MMDCCLXI
MMCMXCV
MMMCMXXVII
MMXXIII
MMDCX
1598
1051
MMMCDLXXXV
CCXXX
1395
481
MCMLXVIII
1840
MMMCCCXXIV
1965
1377
DCCCXXIV
MMCMXX
767
2777
636
MMDCCCXL
MMCCLVI
1690
1687
1221
MMMIV
523
1985
456
3838
MMMXC
CDXXV
MDLXIV
MDCCCXXXI
1266
3827
MMMDCXXVIII
MMCDXCV
1709
DXXXVIII
2956
2379
DXXXV
3593
1727
3140
3950
MMMCXLII
MMLXII
MMMCCCXXI
3238
MMMCLV
7
DXXXVII
1748
350
MMMLXV
MMMCCCXXVI
1715
CCCLVIII
1442
2063
2742
MMCLXXIX
2925
CCCLXXVII
MMMCDXXXVIII
532
3896
MCXXXVI
CCCV
3809
DCCCXXX
CCXCIV
LXXIII
MMMDCCIX
MMCCLVIII
MXIII
1596
1888
2821
MMCXLIV
3657
MMMCCCXXX
MCCCXII
411
1168
MMMCMLXX
2799
MMCLII
CXX
MMMD
MMCMLXIII
2019
164
MMMDCCCLXXV
MMCDXXVI
3391
MMCLXIV
MMDCCCXLIV
MMMCMVIII
3355
2165
MCXCIV
MMCCCXL
MMDCCLVI
MMMCCCXIII
2549
MMDXLIX
MMMCCCXLI
547
2879
706
MMMCCCXVI
1684
2184
678
1743
MDCCVI
MCCXV
MCLII
2984
1883
DCCCXCIV
MCCVI
3403
MMDCCCI
3967
3676
MLI
2278
689
1523
2148
3979
1108
MMMDXXVIII
228
MCCCXCVI
MMDCCLXXXVIII
284
MMMDLIX
MDCII
2428
MMDCCLVII
MMMCCXXXVI
1921
3721
MMDCCCVII
566
CMXXV
3120
1981
MMDLXXIV
3286
3383
MMXXVII
3702
2977
3949
MMCCXXIX
MDLXXX
MCDLXII
MMMCCCLXII
CCI
MMDCCIV
1008
MDCLVII
MCCCXII
1747
790
343
MCMXCIII
1200
774
3930
2541
DCLXXXVII
CCCLXXVII
2058
2053
MMMDXXXIX
MMMDCXXXV
MCCCXVII
DCCLXXXVII
3685
CMLXXXII
966
DCCCXCII
MMMCCCXII
2664
1915
DXXVI
804
MMCCCL
353
409
DCCC
2936
MMMCCCVII
MCDLXXI
891
MMCLXXXIX
MMDXL
1444
2276
MMMDXIV
1608
CMLX
CMLXV
17
DCLXXX
MMDCXLV
MMMCXXIX
DCCII
MMMCCXXXVI
MMMDCCCXXX
CCCXLIX
1281
2551
MMMCCCLXXVIII
3900
3567
MMDCXXXIV
MDCXLIX
3122
3137
251
DCXI
LXV
MMDXXXVI
MMMCCLV
2312
DCCCLXXXI
1768
MMMCCCXXXIII
992
1047
1353
MMMLXXXII
CMLXXXV
MCDXX
161
DXCVI
LXXVII
542
CCLIV
2612
MMCMLXI
1327
3061
MMDCCXCV
3243
3193
1403
575
MMMLXXVI
MDCXCVIII
MMMDCXLVIII
2000
MDCCIX
3276
MMMDCCCLXVII
MMMCCCXLVII
1407
CDXC
DCCCXX
CCCLIX
2632
MMDLI
1596
MDCIII
MMDLXVI
MMDXXXVIII
MMMDLXI
MMLXXXVII
2353
MDLXXV
CCLXXIX
768
MDCCCLIV
156
MMMDCCIX
407
2044
MMCCCLXXI
1006
3901
CCXXXI
3171
1666
1377
3339
417
3509
106
911
3059
1254
MCXC
MMDCLXV
2995
1405
2816
MDLXIV
2310
3273
310
3354
MMCLIV
MMMCCCXXX
332
MMXVIII
3802
MMDCCCXCVI
MDCCCXLIV
628
2798
2074
3863
202
564
569
MMMDLV
DCCCLII
2308
MDLXII
DCCCLXVII
MCLXVI
1242
2621
MMDCXLV
307
DXXXIX
MMMCLI
1614
MMMDXCIV
1884
CCCXLIV
3820
998
MMCCCXCVI
MMDCCCLX
CCCXXII
2872
MMVII
MMDCCCLV
1560
MMMDCXLVI
3663
1717
MMCXLVI
3728
3395
MLXXVIII
DCCXIX
1080
1259
MMDCCCXVIII
1379
MMXLVII
3644
MMDXXXVI
MMMDCCLXVI
477
DXLI
3221
MDCCXLIV
3755
2270
2555
436
MMCCXX
XXIV
MDXLIV
1576
619
915
2040
MDLXVII
CCCXVIII
MMDCCLXXI
CDLXXXVIII
2109
2990
2
MMDCCCLXI
MMDLXXXII
CCLXVIII
DXLVII
494
MMCMXLV
2103
830
DCXLI
916
2613
MMMDCLXXXIX
1908
2810
MMMCLXII
MMMDLXXXII
LIV
MCCCLXXXV
1138
2435
MMCCCXLIV
MDCLV
1849
1937
MMMDCCXLII
MMMCCXCVIII
3727
MXIII
282
3076
3114
CDXXXVIII
MMMCDXCIII
476
3365
CCLXVII
MMMCCLXX
MMMCCLVII
MDCCCXLIV
2985
2875
3216
1704
DCXXII
CCCLXXXV
3365
CCXCIV
1178
2195
MMMCMLXXXVII
1302
DCCCXCVII
3668
MMMCCCXC
1849
MMMCDXLVI
MMMDCLXXII
CDXXXIX
524
2699
2475
CVIII
DXXXV
DCCLXXXVII
MMMLVI
1630
CXXII
MMMCMXX
MMCMXC
1609
MMDXXXI
CCIII
MMMDCCCXXXIX
3899
1310
2044
635
MMCDLXXII
495
MMDCCCXCVII
3299
MMMDCXXXV
MMXLVIII
1275
MMDLI
3900
MMMCCLXXXI
MMDCCCLIII
2318
MMDCCCLXIX
2603
MMMDCCCL
MDCCXI
3941
CDXXXVII
MMMDCLXXXIX
MMMDCXIII
MDCCCXLVII
3988
1758
1978
951
1662
2137
CCLXXXIX
2336
2522
1966
MMCCCXLII
MCCXXXIV
CMXXXVI
560
1377
MMMCXX
MMMCMIII
3455
544
MMDCLXVI
1377
MMCDLXXVI
764
1163
1781
3135
3506
3143
1724
2312
1961
CMLVII
MMMCMXLIV
MMMDCCLXXXVI
DCXX
MLV
MMDCCLIV
MMMCMXLII
373
MMMDCCLXXIX
MMMCCLXXXIV
MMDCXCVII
MDCCCLXVII
157
MCXLII
604
CDXLV
MMMCXXXI
1068
1463
MDCCCLXXXVI
2089
DC
767
167
CLXXIX
1331
MMCC
MMXIV
MDCCCXXVI
367
DCCCLV
647
1483
MCMXXXII
909
3119
1754
3889
DCCXXX
MMMCCCXXVI
97
2743
MMXXII
MMMDCCXVII
1352
MMCCLXXII
3616
MMCCII
MCDLXXXVII
2577
MCCCXIII
MMCMXXX
3925
MXVII
204
3343
MMCMXXV
3126
1299
3962
377
2466
MMDCCCLX
32
MCXXXVI
CCXLV
2544
1586
MMXII
1271
CCLIII
2930
338
3287
MDXI
3171
1264
MMMCCLX
MMDXVI
MCCLIII
MCDXXXVII
1858
1170
2163
MCCXXXIII
MDCCCXXXV
3833
374
2508
MDCCXXXIV
MMLXIX
2557
1322
1606
777
MMCCCXXX
MCMLXII
MMXCIII
2316
2160
1277
MCCXCVIII
3186
DXLVII
MLVII
3582
MMMDCVII
MCCCVIII
1204
MMCCXXI
388
MDCCCLXVI
MMMCXCI
2029
CCCXIV
MDXL
CCXCI
MMCMXI
1503
DCXXXIX
1825
MMCDLI
CLXXIII
MMDC
MMDCLXXI
CCCI
3775
1209
MMMCCCXC
1462
MCCCXXVI
CMXVI
1661
3009
MMCDLXVI
209
3497
579
MMCCCL
MCMXLI
MMDCCVI
MMXXXI
1657
3653
3752
DCXLIII
MCCCXIX
CXXVIII
3175
3752
MDCCLXXXVI
MDXIII
1862
MMCLXIII
MCCCLXXXVI
CCXLVI
2896
MMDCCXLVII
733
MMMCDLXXXV
1973
MCMXLVII
2253
1850
1260
2866
MMDCCIV
MMMCX
DCCCXXX
MMCCLXXXVI
MMMDCCXLI
1184
3222
489
MMCDXXIV
MMMCMLXXXV
3824
CCX
CCXXVIII
MMMDXLV
1525
3102
1296
1066
DCXCVI
MDXCIV
731
2150
MMMCCCLXVIII
1253
3383
3408
DCCCLIII
MMMCDXXV
MDCIX
3430
MMDCCCXCVII
CCXC
3312
974
MMMCCLXXVII
3442
MMXIV
984
MCCCLXXXI
3075
CMLXVII
767
MMMCLXXVII
MMMDCLVII
MMMXIV
3690
270
1118
3712
MMDCCXLVII
MCCLXXXV
1268
3511
2295
165
3673
MMCDXXXIII
MDLI
CMXXIX
DCCLXXXI
MMMI
283
DCCCLII
2803
MDCXLVIII
3163
MMCMXCV
MCCLXXX
DCLXVII
CDLVII
2689
1456
176
855
MCCCLXI
2482
3443
2189
MCMX
2495
CCXLVII
387
MMDCLVII
MMLV
2865
MCCCXXVIII
DXLII
MMMDCCCXCV
MMDXXIII
MCMXXX
2688
1862
LXIV
MCCCVI
MMMCMV
341
MDCXXXIII
1036
MCXXXIX
2489
1645
1293
MMDCCCLIX
2069
MMMDCLXI
MDCLXXXII
MCXXXIX
CLXXXVI
MCLI
1805
3809
179
469
MMMDCCCXVI
MMMDCCLXIX
1537
2547
MMMCCCLXIII
MMDCCLXVIII
MCLXVIII
873
MMCDLXXVIII
MMMDCCLXVIII
XC
3258
DCCCXXXVI
2445
MMDCCXVIII
764
MMMCCII
2069
1486
3015
2572
DCXXII
1728
3967
MMCDXXV
2145
MCCCXXVI
3727
DXXXVII
MCLXXVI
462
3375
MCXLIX
MMMDCCLVII
2661
1274
MLIX
316
MMXCV
3879
3895
MCMXXIX
50
CCCIII
3444
1291
MMDCCXLI
387
MMCXLV
MMMCLXIX
3040
XVIII
1885
MMMCDXIII
CXLVII
1721
MMMCDLXXVIII
1793
MMMDCCV
3208
498
DCCXXV
830
1204
3655
MMCCXLII
MMMDCCLV
1035
3788
MCDXCVII
MMCDLXVI
MMCXLIV
21
2895
MMMXLVI
578
MMDCCCXXII
3329
3538
3959
2412
2475
MDCCCLXXIV
1025
838
MCCXXXII
MMMCCLXXXV
MMMDLVIII
MMCDLVI
245
3721
MMCLXXXIX
MMMXCIX
599
MDCCCLXXVI
CCLXII
14
3495
2051
MCLXV
CLXI
MMCDXXIII
CCCIII
3110
MMMCMXXV
3231
1543
CDXXXIV
3818
1764
MMDXCIII
MMMCCXII
345
315
MMDCLXXVIII
MMMXLIX
MMMCMXVIII
MMDCXXIV
2329
2199
277
DCCCIX
3360
CXVII
3570
MMCMXLV
3928
MMDLVIII
MDVIII
1070
CCCX
3839
MDCCCLIV
2432
902
MMCCCXCII
MXCIV
1765
1398
CMLX
1258
2932
3985
MMMXC
MMMCXXXIV
MMMCCLXXXIV
1365
3391
2304
MDXXIII
MMMCCLXXII
MLXXXIII
1014
195
MMDCCXVII
MMMCCCXII
794
MDXXVII
MDXIV
1597
1045
MMDCLXI
MMCXXV
MCXL
725
1343
3328
758
MMXXV
MMMDII
MMMDCCXCI
DCXX
379
470
MCCCXVIII
MDCCCLVI
2670
MMMCIX
MMDCXCIII
1574
CDXC
MMMDX
2053
1147
MMMVI
MDCLXII
2663
910
DCCXXXII
523
2711
MMMCDXCVI
3933
3880
2463
MMDCXCIV
MMCCVII
MMMCMLXXXIV
3683
2966
496
3243
MMMXXXIV
MMCCCII
CCCXCVIII
2723
MMMCMXCVII
230
MDLXXIII
CDXVII
MMMLXXI
CMXXII
230
MCXCIX
MMDLIII
MMDCCCXXX
2086
1241
MDCCCXCV
3302
1943
CDLIX
MMDCCXCIX
MMMDCXXXV
2470
793
2486
234
MDCCCXXXVIII
88
3820
DCLXI
MMMXVI
MCDL
665
1890
MCLVIII
2066
545
MCDVI
3592
1659
MDIII
MDCCCXXIX
3860
MMDCCCLXXXIV
MMMCXCIX
1816
MMMCLXIX
2478
3608
1790
MMMCCXVII
2153
1483
MDCCCLII
1413
MMMDXXII
CDLXXIII
240
MCLXIV
MDCCCLV
MMMLX
2226
2426
2586
2373
CMXLIII
1208
MMMDCCXI
MDCCII
3652
1653
3939
MMMCDXXXI
MDCCXXXIV
MMMCCCLXXXI
MMDII
DLXXVIII
MMCCXL
MDCCCLI
MMDCLXXX
LXXII
MMDCCCXC
3991
3293
3031
2479
3253
3109
MMLXIV
MCDLXXXI
MMDCCXVII
1946
2582
MDLXVIII
278
3341
1030
3157
DCCLXV
3357
MMDCCCXII
MMMCMXLVIII
1037
2137
MCCCXCVII
DCIII
2848
MMCIII
MCMLXXXVIII
2699
2395
2656
MDCCCLXXXVI
914
MMMDCCVIII
3684
1627
MMDCXCVII
MMCCCLI
XCVI
2100
MDLXXXII
1651
MDCCCLIV
3287
MXLIX
MMDCXXXV
1810
450
983
MMDXVI
701
2936
MMMDCCLXXV
LXXXII
806
2108
DCCCI
396
MMCMXV
MMMDCLXXXI
CMLVII
2692
1413
567
MMMDCCLXXXIX
CDXXXVIII
1148
1184
MDXLVII
MMCMLXXXVII
CXCVI
MMCDLXIX
1517
3917
CMLXXXIII
MMMCDLVII
2016
MMDCCXXXVIII
MMDLXXXIII
3469
1136
MMDCIX
MMCMXXV
MCCCLV
DCCCLXXI
CCLXXX
MMMCDXXXII
CMLIII
MMMCVII
MMMLXVII
MCLXXV
519
56
XLV
1990
MDIV
2216
2571
MCDXXII
DCI
CCCLXXXIV
MDCCCLXIII
MMCMLXXIX
609
MX
2199
3023
2978
MMMCMLII
CCLXXXIV
MMMDLXXXI
MMDLVII
MDLXX
1781
2369
3702
MMMDCXIV
MCXXXI
990
2492
164
CCCLXXXVII
3889
893
MCLXXIX
3874
DCCCLV
MMMCCCXCIX
MCMXXVII
MMCMXXIII
XXI
2663
1960
287
MMMDCCCXII
65
1596
151
3624
MMMXXVI
2311
444
MMCCCLXI
MMMDCCCXCVIII
2071
MMMII
2416
719
MMMDCVI
MMMCCCLXVIII
MMCDXVIII
CCXVII
MMCDXVIII
2419
2273
CLXXXV
CMXCIII
13
DCCCXCVI
1651
3813
3557
2859
CXCIII
3138
1584
MMCMXCII
MCCC
1956
1796
2037
143
CCIII
MMDCCLXVII
3323
2918
MMMDCLII
MMMDCXXIX
1157
MMMCMLXV
MDCLX
57
907
519
CMXII
MDCLXII
2642
1556
1337
3472
DCXL
39
3031
MMDLIII
2789
DLXII
3619
2199
DCIX
MDCV
DCLXV
MCLXXXIV
MMX
3412
MDLVII
1069
324
CCCLVII
MDCXXVIII
783
717
DXXVII
2076
MMCCXVII
MCCIV
449
MMMLXXXIX
MMDCCLI
540
CCXLV
MMMDCCLXV
3696
2907
MMDCCLXXV
3681
455
1283
MDCCXXVI
1484
105
MMMDVIII
MMMDCXXXIX
1846
MMMCLXIII
MMDCLXVIII
CDXXXIX
891
MMMDCCCL
2668
CCCLXVII
1870
1793
1780
3776
CCIV
2610
MMMDCXLV
MMMCMXXXIX
MCDXXVI
MMCMXCIX
2355
MMMCDXXVIII
1064
3668
1782
560
MCCCXXV
MDCLX
3156
872
MCCLXXX
3454
2236
DCCXLVI
MCLXXV
2542
1066
2228
MXLVIII
2787
175
MMDCCCXLIX
MMMDCLXXXIX
3374
MMDCCLXXVII
1855
2184
1705
1568
2289
MMMXXV
3020
3177
MMDXXXI
DCCCLXIV
1031
2140
MMLXXXIX
MMMCCCXX
MMDCCCXLII
CLXX
3970
1227
DXL
CXLVI
312
MMMDXXXVI
211
MCXV
111
CDXCIII
3248
3395
902
MMMCDLXXIII
3406
CDLXXIX
2363
MDCCXLVI
1282
DCXXXIX
3616
MMCDXXXII
2774
3576
3610
MMMDCLXXXVII
2933
MCLI
2256
1973
CMXXIII
2288
MCMXXIII
1692
1419
1856
MMCCCL
808
2956
3313
2840
MMCCCXXXVI
MMMDCXXXV
3489
2264
MMMDCCCXCIII
427
DCCCI
MMCDXXVIII
1200
961
660
MMMDCCCLXIII
2941
3315
MDCCCXXXVIII
1901
MMCMXXV
CCCXIV
2112
1981
3993
CXXXVIII
272
843
3817
MMMCXCIII
1843
1418
2625
2426
MDCCCIII
2824
MMCLII
MDCCCLX
CLI
MMCXLII
DCV
MMMDCCCLXXXVII
MMXXVII
MMDCCLXXXVIII
485
2626
1942
926
MMDCCCXVIII
1610
MMDCCLII
3200
2436
2478
2333
3945
3519
193
MMMCDXXIII
MDCCLVI
MDCCCLXXXVIII
903
150
1009
2830
CCCLXIV
2980
MMMCDLIV
2408
1345
MMMCCXX
453
MMMDCCCLXVII
2699
3700
VI
3747
MMDCCXLV
MMCDXLI
MMMDCCLXXIV
947
MDCCCXLIII
954
1493
2830
3758
CMXXIX
MDCCLXI
MMCCCXCVI
MDLIV
DCXXXVII
583
CCL
MMCLV
1816
3865
DCXXXIV
141
MXXXVII
MDCCCXXXV
906
IX
88
MMMCMLXIX
2779
3585
MMCXXXIX
CMV
CDXLV
154
1687
3791
3527
2394
MMMCMXCIV
MMDCCLXVI
2404
3254
950
MMMXCIII
CMXXXIII
MMDVI
1832
MDCCXCVIII
2119
2325
MMMDLVI
MMVI
169
1425
1487
504
1211
2943
188
MCXI
MMDCCXXXVI
141
MDLVIII
1413
509
2860
3931
1554
CDIX
CMXXV
DCCCXLII
3172
2836
MMMDCCIV
1600
DCCLXVIII
1533
2328
1953
1823
2377
3156
3765
DCCXV
MMDXI
1591
CCCXII
MMMCCXXXIII
MCDXLII
193
2792
MMCMXVII
MMDCCXXXVI
MMMCDXXIV
CDXLII
DCCCXX
1918
MDCCLXXXV
1335
3177
DCCCLIV
CCCLX
MMMCDXV
DCCLXXVI
3274
MMCCCLXXXI
2031
MMCCXXXIII
396
500
1267
2959
LXXVII
1324
CDXCI
MDCCCLXI
MDLXXXII
MMMCMXVIII
MCLXXXVI
MMCD
2305
2994
MMCDII
MMCXVII
2075
3032
MCXCIII
MMMDCXLIII
1604
DLXIX
1740
1503
MMDXXVI
3917
LV
3621
1225
DLXXIII
CCCLXXVII
1033
388
1281
1931
MMDXXVI
2254
2054
DLXXXV
1782
3445
3877
1053
MCDLXXXV
1952
970
599
66
DXXXII
839
XVIII
MCCCLII
MMMCCCXLVII
MMCDXXII
DCCLVIII
MMDXCII
MMDCCXXXIII
1577
MCCCLII
336
756
3712
MMMDCCCXLII
1193
MMDCCXVII
2224
MCCXV
357
MCLXV
3590
3940
3530
MMMDXC
2962
MMMCXX
2192
MVII
1168
MDCCCXL
3228
MMMCDXLI
CCXXIV
1652
CCXXXIII
2647
MMDCCCLXI
MMMDCI
2091
MMMDCCCXLI
880
MMCCC
MMDXXVII
2004
1078
802
MCL
MMDCLXXIV
2675
1495
MMMDLXXXIV
MMMCDXL
3963
DCXIV
DXV
MCDXCIV
2352
2321
MMDCCCXXXVII
372
1420
MCXC
1368
1628
3158
MMCXXXIV
1020
2964
MMDCCXCIV
1240
MDCXVI
1645
MMMCDXVI
3908
MMMCCXVI
1370
949
1240
205
38
MCXII
MMCDXLVIII
CCCXXXV
2584
1726
2928
DCCLXVIII
3891
MCCCLXXXVII
318
MMMDCCXX
179
2541
1580
MMMDVII
CDXXV
MMMDCCLXXVIII
1947
3431
MCCCLXIX
MMMDLXVI
1734
MMMDCCCLXV
1349
MMDCCXLIX
2479
1647
3743
MCDLI
3880
1731
3552
2612
MMDCCCLXXV
1778
MCDXXXVIII
MMCMXXXI
DCCXCII
MDCCCII
MMCCXIX
MMMDLXXIII
CCCLIX
DCCXLIV
3300
2930
MXCI
368
988
MMDCXXI
MMCCLXXIII
529
2474
MMMDCCCI
MMMDCL
MDLXIX
2778
DCCCXLVII
MDCCLXXXI
2319
1743
MMMCCCIV
3227
MMMDCLXXVI
MMMDCXXXIII
2330
MMDLXXVII
DCCCLXXI
MIX
1086
1688
377
3921
1656
MMMCDLXIX
2652
3449
2973
MMMCCCX
MCLXXXIII
2366
1392
3685
DXLVII
MMCLXXXI
3030
1812
MMDCCLXX
558
281
CDLXXXIX
MMCCCXXXVI
MDCCCXIV
3167
MMMXLVII
401
MMCCCXII
MMDCCCXXXII
1264
DCCCLXXXIX
3452
1535
1349
1015
2358
2299
1128
672
MMCCXXX
LXXXVI
MMMDCCCLIX
2808
MMMCMLXXVIII
3823
755
3572
3499
CDXXI
2999
MDCCCXCV
1745
CCXXXII
3055
MMMCCLXIII
2872
52
832
MMDCCLXXIV
2879
MDLXXXIII
MDCCLXXX
3262
2417
2365
2689
1897
1416
MXVII
MCCL
2169
MDCXXXIII
DCLXXII
3634
821
CMXX
MMCXLVIII
2036
MMCCCLXXXI
2545
1982
MMMLXXXVII
440
MDLIV
DCCCXXXVIII
MCCLXII
MMMCMLVIII
2427
DCLVI
189
1902
MCMLXXXV
2934
MMDCCLVIII
3227
MMDCCXCIV
MXCIX
2132
MCCCXXXVI
MCDXCVII
DLXVI
MMMDCII
1464
MMCXXXVII
MMMCCCXLV
130
1518
190
MMDCCCXCVIII
3302
MMMCCXLI
MMCCCLIII
MMDCXLIII
1473
558
2766
416
3751
CCCXCIII
3487
DCXXIX
DCCLII
1685
90
2795
MMMDCCLXIX
3756
605
CLXXII
1465
DCCXXX
LXXVIII
3591
335
CDLXXXVIII
3686
1462
234
1352
MDCCVII
1777
1615
CCLXXXVI
2570
3820
3179
2585
CCX
MDXXXI
MMMDCCLVI
MMMDXCIX
707
MCCCLXXVIII
200
959
MMCCXIII
1012
CCCLXXIII
MMMDCIII
761
3582
CMXXXIX
CCLXXVI
191
DCCXIV
2981
380
453
MMMCMXXV
3127
MMCDIII
2062
MDCCCLXXIX
3325
MMLXXXV
MMMCCXLI
MMCDXLII
MMCCXLIX
MMDCCXL
2175
MMCDIV
608
LXXIV
898
MMXXIII
1806
1448
456
MDCCCXXIX
2032
MMDCXXVI
MMMDCCXCIX
3984
MMDCCIV
2310
61
MMCMI
DCCCXLV
3586
MMCDLXXVII
3345
3648
303
MMDCCCLX
345
DXXI
1061
2043
3527
MMMXXIII
MDLXXX
DXXVII
MMCCLI
1625
3807
1583
458
MDCCCXXXVI
MMMDXXXIX
2725
2543
MMMCCLII
852
MMMCDXXXVII
MDCXXIII
3288
MMXLVII
976
3903
3278
2124
198
11
MCCC
CMXVIII
2612
3368
MMMDCXXXI
MMDLXII
3875
MMCLXXXI
2654
337
MMCDXXXI
MMLXXXIII
MMDCCCXVII
MMMCCLXVII
1379
2236
2888
1444
DCCXVI
1694
3398
1853
3068
MMCLXXXI
MMMCDXIII
164
MDCXCV
3114
3354
CCCVI
MMCXLVII
2669
1728
CDLXXXVIII
MDCCCXLVIII
MCDLXXI
MCCCLXXXII
1757
3848
2414
1511
1545
MMMCMLIV
3855
2577
3448
253
904
MMMDCCLX
1860
MMMDCCIX
MCDLXXXV
DCCCXXII
MXIX
MCDLXXX
3460
529
3047
1578
MMCMXI
3659
3460
MMCLXIX
MMDXXXVI
2169
MMMCML
DCCLXXX
MDCCCXCIII
MMMDXLVI
DCCXIV
MCXXXIV
1460
MMCCXLVI
XXX
1618
213
1871
3017
1506
MMMCCLVI
MMMDCCLXXXVI
1412
MMCCCXXVIII
MDXCII
MCDXXXVI
2312
MMMCCXV
MMCCCLXXVI
MMMDCCCIII
MMCLIV
696
1843
2785
836
2788
CCCXIX
922
MCCCXCII
MCCCIX
CMXII
1094
2579
2201
CXXIX
MMDVIII
1737
3932
MDCCCLXII
MCCXIV
561
1733
CXCI
MMCMLXXXV
MMMXXVI
2274
2400
3401
MCDXX
CDXXXII
MCCXX
3807
1806
MMCDLXVI
MMDCXVII
3171
1822
MMMCMXVIII
2909
594
CDLXXI
CCCLXXXV
MCDLXIII
2405
599
3901
MDCCCXLV
2219
MMCCLXVI
3382
MMDLXIV
MMMDCCCLXXVIII
2799
MMCCCXXV
1105
1570
930
2130
1718
MMCMLXI
3647
2411
MCCXXV
2586
1115
2034
561
MCLXVI
MCCXLIII
379
MMMCMXXXVI
2140
MMLXXVIII
3672
MDCCII
MDCCLXXIV
MDCCLXVI
1095
657
2565
MMMLXXVII
790
MMMDXCIII
MMCDIV
DCXCI
MMMDCXXXIX
654
2652
MMXCV
MMMDCVIII
MCCLVII
1809
3567
DCLXXIII
1696
3961
2518
3832
1108
MMCMXCII
MMMCDXXXIV
364
MMXIII
1636
MMCMLXXXIX
MDCCCX
86
MCDLXVII
2421
DXIX
MCDXV
MMLIX
1899
1663
2863
2074
MMMCCCXLII
CCCXCVII
3733
MMCCCLX
2001
CVIII
MMMDCVI
MMDLXXIV
3015
CCCXCIV
1130
DCCXC
810
CCCXXXVI
1885
3178
1135
MMMDXXV
2398
411
2382
MCXC
MMCDXLVI
729
XLVIII
DCCLXXIII
3726
MDXXI
3209
MCXXIV
XXX
2558
3542
333
CCCLXXXV
XLIV
3104
MMMCMLXXIX
3643
324
2633
502
233
MMCCCXCIII
MMMLXXXV
2370
DIII
MMDCCCXXIX
MCCCXXIII
1678
2932
MMMDCCCXXXIII
1196
CCCXCVII
2488
790
MMMDCCXVII
MMDCCCXXXIV
MMMDCCCXVIII
3130
MMMXL
1857
2727
3141
861
LXX
MDCCLVII
482
MMMDCCCXXVI
398
DCCLXII
MCIV
277
MMCCXC
CDLXIII
2074
MMMDXLI
CMXXXI
3996
MCMXL
1738
MMCLXXIX
MMMCDLV
DCCCLXXVIII
MMMCCXIX
2707
CLXXXVIII
MMDCCXX
836
MXXXVII
MMMDCXXIV
2156
CXXXIII
1415
3615
CDLVI
768
3670
3638
2497
MDCCCLXXIV
MMXIX
CDLXXI
MMXXXV
MMCDXXIII
MMCLXX
MCLXXVI
3938
1472
2370
2008
2037
MMCDLXXV
756
MMDLX
1531
MXXXII
3352
3695
DCXXXIX
MMDXCIX
MMMCL
MMCCXLVI
1816
2403
3698
MMMDCCCXLVI
3650
MMMXLV
3109
DCCCLXXX
3900
DLI
MMDCCCX
1392
MMMCMXXXVII
MMMDCCCLXVII
MCCCXXXV
CLXX
MMCCCLXIII
3924
3554
MDCCC
MCCCXLIV
MMMDCXVII
MMDCCCI
1051
1776
MMCDXVII
MLIV
MMXXIII
384
2447
MLXXXIV
MMMDCV
2176
MMDXXXVII
MMCCCXXVII
MXC
491
580
MMCCXXX
MMMCMLXXIII
MCCII
3865
MMCXXXIX
MMI
453
MMDCCLV
MMMCLII
2764
MMDCLXXXVI
815
MDLXXXV
1228
MMMCXV
MMCDL
2184
MCCXCIII
2831
XCII
1997
MMMCXCIII
3287
MDCCCXCVII
2382
805
DCCCXXX
MMDXXXVI
3022
3855
2312
1113
261
MMDCXXII
MDCLXXVIII
1214
MDV
CCLV
MMDCXXI
3430
MMCDLXXXIII
68
32
MMMDLXVII
MMMDXXIII
CCCLXX
MLXV
MMDCCLX
3554
DCCCI
MMIII
MMMDCCLXIX
MCDLXXIX
3756
1611
MMMCXXVII
1930
MMCCCXIV
3799
1863
MMCCCLVIII
MMMCDV
3821
217
1685
MCCCXXXIV
1567
3199
2741
830
2098
3725
MMMDCCIX
3539
2645
2631
3405
2570
2390
2129
MCLXXVII
CDLVIII
2259
MMCCLXI
LXX
854
LXXXVI
MCCCXCVII
CCCLX
MDCCVII
3882
3424
MMCLXXXII
2809
MMMDCXXVIII
2398
MDCXXII
1307
CXXXIV
3326
1185
MMMCMXXVI
CXLIV
MMMDLXXXI
MMCVIII
DCCIX
MMMLXXX
MMLXXVII
3783
2961
845
MMDCCLXII
MMMDCCXXXVI
650
MMDCCCXXXV
MMMCCCLXXV
MMDCXCVIII
DLX
2098
MMMCCLXII
584
MCCXLIV
3884
MDCLXVII
2911
MDCCLXXVIII
MMMDCCXCVIII
3578
1673
DCCXI
49
1490
3503
3464
640
1288
3559
IX
3251
CCCXIII
MMCDXXX
DLXXXIX
MMCLXV
MMMCCCXLVIII
46
2824
2315
MCMXL
MMMCMXXXVII
683
546
3521
MMMDLXXXIX
MMDCXX
MCCCLVIII
2631
29
MMCCLXXV
MDXXXV
MCXXXII
3067
MCCCV
MMCCV
3159
3507
MDXCVIII
3973
3157
MMMVI
MCMVIII
1822
1926
MMDCCCX
583
729
3513
1866
3654
MCCCLI
MMMCCCLXVIII
2084
1469
1815
CCLIX
DCLXXXII
1538
2749
2575
761
MCL
CCCV
3925
1078
1191
2690
1675
1684
2643
MMDCCLXXVII
MMMCDXVI
748
2972
3082
MMDXLV
2993
DCLXXXIII
3861
1735
MLIII
691
2647
MMCMXVII
MMCMLXXXIII
5
DCCCXLI
MMMDCCXCIV
DCCCLXXXI
MMCMXI
3425
3773
MMMCDVI
2114
1955
682
2814
MMMDXLVIII
MMMCCCXXII
2570
2188
MMMCXXVII
342
CCI
2747
2638
933
1693
CCLXXX
MCDLVI
MDLXXV
3223
295
CDLXV
MMDLIX
1151
MMDCXLIX
2110
DCCLV
1839
2905
CXCIII
MMCVIII
MMMDXCII
3204
MMCDXL
2983
MCDXLVIII
3687
CDXI
CCCLXXIII
MMDXXXIV
1792
MLXIV
MMDCLI
3910
2288
1096
DCLXXII
1143
MMCXXI
295
686
XXI
CI
MCCCXCVI
DCCIV
IX
3337
1161
2490
DCXXXIV
1900
3173
754
CCCXIX
MCCXLI
MMMCCLXXX
309
550
3423
MMCCLXXXI
115
2409
MMMCDXXVII
DCXI
MMCMXCIII
CLXI
867
953
MMMCCLIV
CXLVII
1134
MDCXI
DCLXXVIII
2857
MMMCMXCVII
1370
2678
XXVIII
MMMDCCXXVII
MMMXLVI
2231
2316
276
2637
48
DXCIII
1966
2894
3655
MMCMLXIX
CCLV
MMMDCCCIV
1793
MMCCXXVI
853
271
3001
3603
CCLVII
DCCCXXXIX
98
MMCCXCIV
MMCMXL
3950
1035
MCIII
2285
MMDCLXIX
MMMDLXXXIV
2470
1118
DCCCXLII
1173
3563
963
2044
MDCLVIII
3578
2841
1099
3980
1846
352
CCXXXVIII
MMMCCCXXXVI
2208
MMMCMLVIII
3708
MMMCMXCV
MMCDXLIV
3116
MDCCXCIII
MDCCCXXXVIII
3040
MMCDLXXXIV
MCMXXXIX
1958
MMMCX
692
1828
2202
3049
3538
1394
DLXIX
2387
2630
MMMDCXCVIII
2582
3787
XXXI
47
MMCMLXVI
MCCXIII
3304
MMCCCX
3995
2641
2909
CDVIII
MDCLXXXII
MMCLV
291
421
MCMLXIV
2634
83
550
CCCLXXXIX
1686
662
1567
MCCCXLVII
MMDLVIII
2244
MMMCCXLI
CCCXXX
MMMDCCXXX
CDXI
MMMDCCCXXII
MMCCLXXIII
324
MMCCCXLI
MMXCII
2612
MMMDCCCXCIX
MMXLVIII
MMMXXXV
3639
2212
828
MMCXXI
MMCMXI
CCCLXXXIX
MMMDCCCXXII
MCDXCVI
MMCCCLXIV
MMDLXXXII
MMCCXCIII
MDCCCXXVIII
3529
1120
MMCCCLXXXV
926
DLXXXIX
2841
MDLVI
MCLXX
1664
MCCCLVIII
1797
2309
2191
308
MMLXXXVI
3870
1022
1499
1175
DCXIV
88
MMCMLI
DCXXVII
1259
2185
138
3373
1431
3876
MMDCCCXC
1465
2879
570
348
2635
11
MCCLXIV
MMMDCXLIV
MMMCMXLVIII
MDCCLXXIII
XLI
2150
IX
3220
195
2779
3563
803
1262
CCI
810
MMCD
153
MMMCXXV
2070
733
MMMDCLXI
MMCCCLXXV
MMCMXVIII
MMMDCLXXXVI
2340
DCLXXIII
396
MMMCLXIX
1062
CMIX
63
DCXXIX
3144
382
1525
2968
MMMDCCXXXVI
MCCLXXXVIII
204
1240
2779
1036
MDCCCLXXVI
2568
952
DLXII
MCMXXIX
MCCLXIII
DXLIX
DCXXIV
1695
MMMD
MMMCLXV
3904
1718
3779
2156
1388
2189
MMMCCXXXV
3755
MMCCLXXXII
2749
3120
2641
1226
1005
3172
2801
191
MMCMXLVIII
MMDXIV
1903
MDX
2883
MMMDCCXCVI
MDXCVIII
1606
2841
2916
DXCIII
3712
MDCLXX
MMMDCCCXXVII
MCDXLII
317
1198
449
MDCCXIII
MMLI
MMDCCXCVII
MMCDXLIX
MMMCIII
MMDCCXLIII
CDX
747
3175
404
2263
MMDCCCVI
MMMCCIV
3555
3645
MMMDCCXL
MCDXLIII
3352
CCCLXIII
3598
MMCCCXXII
MCDXXVII
MDCCXXI
3300
MMMCCCLXXVI
3491
CMLXIV
2063
2390
3168
MMCCCLVIII
MMMDCLXVIII
XIII
2500
CXCIX
3514
3369
MCCCXLV
MDXCVII
MMMDCLXXXII
CCCXCIV
2453
708
472
MCCIX
2742
2680
MMCCCLXXX
CMXLVII
691
MDLXV
CCCLXVI
MMCMXCVIII
229
1861
1143
LXXVII
1875
MMDCLII
MMDCCCXX
MMMCCLXXXVI
MCCLII
1242
MMCCLXII
2927
MCCXXXII
CLI
MMDCCIV
1732
MMXLIII
CDXIX
MMMCDXXVI
1273
CCXLIX
2458
2310
1491
1630
20
DLXV
MMDXXV
MMMCDLXXXVII
2649
MMMCLXXII
MMMDCCLXXXV
MMMDCXCVII
1638
LXXIV
MMMDCCXCII
2291
327
MMCMXLIV
MMMCDLIII
DCLXXXVI
740
3034
MMMDCCLXXVI
2211
3417
MMMCDXCIX
MMMCDXIX
1754
3531
3379
MCXXXVII
665
1763
MMDCXVI
DLXXI
69
544
DCCCXI
1099
MMMCCCIII
2288
MDCXLIII
MVI
1507
MMDCCXLVI
MDCCXLIII
DCCXXXIX
2932
LXIII
1137
3444
DLXXXVIII
CDXXXVIII
MMLXII
DCCCLXXXIV
1341
268
MCMLV
MXXI
MMCDXXXVIII
DCCXXVII
MMDCCLXXII
MMXXXIV
535
685
3220
DCCXXX
1992
MIII
2734
DCXVII
CCLXXII
2535
3527
MLXXIV
CCCLXI
MCDXCVII
3427
MMDCCLXVI
MMDCCXXIII
MMMXXVI
MMCMXVII
MDCLXXVI
1848
3473
MMLXXXIII
MCCXXXVI
920
MMDCCCXXIV
3564
3283
1602
MMCDXL
MCDXLIV
2410
MCMXXVIII
CCCLXI
933
2047
1364
1286
MMMCDLXXXII
2827
DCLIV
CCCXV
DCLXXVI
DCLXXXIII
MDCXCIII
MDCXVIII
MMMCCV
1988
MCMXVII
MMCCCLXX
MMMCMXLIX
MMCCXXXIV
CCCLXIX
MCCIX
CVIII
MMDCCXCIV
397
3286
MMCCCXLIII
CCXL
444
MDCCCXL
MMMXL
2765
MCCLVIII
MMDCCCI
2351
957
CLXXXVIII
2173
MMDCCXXII
2382
CDXLI
3478
MDLIX
2847
XX
494
MCDLXXXIX
2602
1434
CDI
2102
MDCCCLXXV
1217
MMMDLXVII
3444
69
1881
MDCCXCVI
MMLXXXVI
CCLIX
805
MDLXVI
MDCCCLXXXIV
MMMCXXXV
3892
MMMCCXLI
30
1442
3625
MCDXXXIII
317
MMMCXIV
607
234
1851
676
3116
3611
2391
3537
2809
1583
MMMDCCCXLIV
MMLXXXV
1686
DXLV
168
MMMCMLXXXVII
MDCCCIV
1177
MMDXLVIII
357
MCDLXXXIX
MMCCLXIX
3136
2954
1482
MMMCLXII
3050
MCDLXXV
914
2871
1229
2472
CCLVII
2721
1176
DCCIX
599
1732
45
MCDXCII
MDCCCXXII
MMXXV
3240
3147
600
3768
MMCCXXX
MMDLX
1139
MCDLXXX
536
CCXXI
2011
DCCLXXIII
1714
965
DCXXV
MMMDCLXXXI
3420
3254
MMCXLV
2435
1259
MDCCCX
3894
CCXCV
MCCCLXV
MMDCCLXVIII
MMDCXLII
1798
DCCXXXVII
3416
312
MMCCXLVII
3190
MMMXII
808
MMCLXXII
1755
MMDCCCXIX
3428
MCLXXXI
MCLXXIX
MMDCCCXXIX
1339
3366
MMDCCXVIII
MMMCMLXXVI
MMCCCXXX
2060
3585
3149
3515
XXVII
DCCXXVII
3078
DCCCLXVII
MMMCDXXXVII
MCCCLXXXI
MLXXXVII
2527
601
DXXII
CCXXXV
1793
1757
64
MCLXIV
1762
MMMCXLV
MMMDCLXXXVII
MMCML
118
MMLXXIX
2160
3453
MMMDCXXXVI
MMMCDLXXXI
3106
CCXXXVI
3459
111
2051
3465
DCCLVIII
3879
CLXII
MMCDXCII
259
2944
CLXVIII
MMDCCIX
1689
MMMDCXXXV
MLXXXVIII
55
CLVIII
1991
3570
2088
MMMDCCCXLIV
2490
2812
MMMCXIV
2062
CCCV
1647
MMDCCLXXII
1226
MMMCCXXVI
136
2866
MMCCXXIX
MXLIII
MCDXXXI
432
2642
597
1939
DCLI
MCMXXVI
MMDCCCLVI
MMMDXLIV
2168
CDXVII
1483
DCCXXXIV
1900
2502
3315
CLXI
MMDCLIX
389
991
MMDCCIII
580
MCCCXII
3480
MMMCDLXIV
MMMDCCCLXXII
MMMCCL
2137
2638
LXVII
816
1656
MMLXX
911
MMCCCXLVII
MMXLIX
1622
MMCDXXIV
MMXXIII
1583
CCLXV
MCMLXXIII
MCDLXXIII
2548
MMDCLXXIII
347
3531
DCCCLXXI
DCXC
MMCDXXXVIII
MCCXCVIII
MDLXXVIII
MCDLXXVI
MDCLXIII
MMDCXCI
CDLXXI
MCC
3983
355
1155
MMCCIX
MCDI
MCCXVI
2944
MDCCCXXXIX
1995
353
MMMDCCLXXXIV
MMMDXLVIII
CLX
CCLXI
1942
972
3581
MMDCLX
3214
1290
MMMDCXLIX
MMCCCLXXXVII
1378
MMMCDLXXXIX
1380
3935
1411
MLXIII
MMDCCCLXXI
MMMDCCCXLIX
MCCCIX
2213
1547
2180
MMCCLXXVIII
3823
MCCCLXXVIII
2869
3985
MMDCCCXLVI
DLX
3637
1048
3817
1517
1207
1956
LXXXIV
MMMXLV
MMMDCCCXXX
MMMDCCCLXX
1737
2684
MMMCXXXVI
2423
DIV
3296
MMMCMXLII
MMCDLXII
3258
MMMDCLXXXVIII
2298
CDVIII
3753
3506
1950
CXXIX
MCCCXXVII
1539
MCDXI
MCCCVIII
MMCLXXXVII
3105
MMMDLXIII
3278
MMMDCCLII
MCDXXIV
MMCMXV
MDXL
2901
2544
2095
MCMLXXXVIII
DLXXII
2527
MCCCLXXXVI
3811
MMMDCCLXXXIV
3684
MDI
1675
2949
3407
2308
MMCCCXXXII
DCCCXCVIII
999
MMXXXV
2817
2255
MMMDCCXXXV
1192
MMDXLIX
3315
3739
1029
MMDLXXVI
MCLXXIV
2857
3556
MMMCCCLXXVII
1708
CCCXCVII
744
MCMLXVIII
664
MMMCLI
476
MLXX
LX
MMMDXCVI
MMDCCCLXXXIX
3881
MMMCDLXXXVIII
3914
2338
MMDCCLXXXIX
1158
1535
MCDLII
708
914
3255
MMMCCXXXIX
2605
2794
2679
MCDLXXII
DCXXXIX
MMDL
360
2352
117
MMMDCCCLXXII
2484
MCCVI
3636
2572
MMMCMLXXXIV
1341
379
MMDCCLVIII
MMDCXXIX
MMDCCXXIII
MMMDCCCXXXVII
95
MCCCXLIX
MMDXXXVIII
DL
MMDCCCXXXV
CMLVI
3875
3490
CCCXCIII
MMCLXXIII
MMMII
3397
1512
MDLIV
294
1199
501
3847
MMCMXXV
3127
MMMDCCCLXXVII
3042
1570
3840
1844
1232
MDCLXIV
MMCCCXL
CV
262
2511
2801
15
MDCLXXIX
MCCLXXXII
MMCCCV
2146
3756
3476
3507
350
3810
2882
MDXXXVIII
1547
CXXIV
MCMXXVIII
2592
1773
3470
3671
MMCXLVI
MCCXXXVIII
578
469
MMCLXXII
3647
DIV
3212
1066
MMMCDXCII
757
DCCLXX
MMMLIV
MDCXLI
MMDCCCXCVIII
MDCCLXXXIV
2656
MMDCLXV
282
XCV
MMMCCCXCIII
3345
2669
MMMCXXXIV
MMCDLIII
2100
1923
2995
CCCXLVII
MDLXXXIX
DCXXVIII
3956
MMDCCCLXII
897
3478
1596
3252
MMMCCXLI
1348
MMDCCLXX
2475
DCXIV
MDCCCLXXV
3630
MDLVIII
3743
176
MXVI
1974
3962
MLXV
MDXCVII
1959
3724
3017
2148
CCCVI
MMMDCXXXVIII
MCLXXXIII
MMCCCXL
MMCCLXXXII
MMCCCXCI
938
725
MCCCVIII
MDXLIII
MCII
1756
MCDL
2921
2947
1049
DCCCXLVII
MMXXV
3835
934
3743
1653
1536
1407
1855
MDCCCLXII
2764
MCDLXX
MDCCLXXII
MMMCCCXXXIV
DLXXI
MMMDVI
2536
MMMCCXXXIX
1990
3559
1532
3409
38
MCCLXIV
3855
2905
DCCXLVII
MMMDCLXXXII
DCLXXI
3762
1176
DCCCLXXXIX
MMCMXIV
MMDCCLXXXII
MMDCVI
574
3914
MMMCMX
1910
MMMDCCCVII
MMMDXXXIV
MCVIII
MMMDLXI
LXXV
DCCXLI
3511
MMMCDVI
2129
1166
MMMDCCXLVI
MCCXCV
635
MCCCLXVI
1318
MMCDXLII
MMCCCXXXII
763
MMMDXCV
MMCLXVIII
MDCXXXIV
267
CDXCVIII
805
3114
1423
593
3401
MMMCLXXI
MMMDCCCLXXIX
DCLXXXVI
733
380
DCCLXXVI
2806
MMMCCCLXVIII
MMMCMXIV
64
1256
MDCXLV
660
3817
872
MMMCLXXXI
3963
2904
MDCLXXVI
715
MMCCCXXIV
2806
MMCCCVII
2794
2832
MCMXIV
MDLVIII
3202
3495
MMMDCCCXV
MMCDXXXVII
MMCCCLXXII
3418
3425
219
MCCLI
3842
MMMCDLXXXII
DCCXII
MMMCCXX
XX
161
DCCXI
MMMDCCLXXXIII
3264
938
647
CCXXIV
DXXXVIII
1108
MDCCXLIX
CMXLIII
3082
2836
168
MMMDCCCLXV
MMMDCXXXIV
256
1015
1136
3305
MDXCIII
3399
CCXXXI
839
1341
514
MMMCXXXII
2338
500
MCXLVIII
3641
3130
DCCXXXVII
MMCCXXXIII
2293
1829
MXCVII
MCMXCIV
1386
MDCCLXI
668
MDCCCLXVI
MMMDXIII
3495
CLXXXI
2781
CMXXXVI
MMCXXI
3533
MMMXCIV
572
516
MMDIII
MMCDLXXXII
MMDLXXVIII
MMDCCCXLIV
V
2575
3636
2321
CXXXII
757
1074
1217
624
1136
DCLXXXVI
MMCCCXCVII
MMMCXLIX
MMDCLII
DCCLXXXV
MMDCXI
MDCCLXXIV
1822
MMMDLXXII
MDCCCXXXVIII
2780
MMLXXII
DCCLI
288
MMDCCLXX
3576
2316
168
1941
CCCLXXXIII
MMMDXLIII
3948
CXVIII
MMMDCCCXXVI
2202
MMMCCCXXXVIII
3295
MMMCCLXVII
2267
3539
MMMCXXVI
211
MMMCML
MDCLXXIV
744
MMMCDLXXXIV
822
MMCLXVI
3280
1972
MLXV
2266
447
MMCCVI
2198
CMXXXVIII
2561
1518
3495
1572
MMCMII
1596
DCCXIX
1667
MDXXXIV
MCCXXXVIII
173
CXVI
DCCXXIII
1571
CMLXVII
1087
3281
1551
MMMDCCCLXXXVIII
2973
1632
MMDCVI
2908
3389
MMCDLVIII
MMLXXIV
MMCMXXIV
1545
MMXCIX
MMDCCCXCI
MMCCXCVIII
336
MVI
2930
3849
DCCCLXXXII
2722
1349
2667
MMMCCLXXXII
3591
DCCCII
3826
2576
MMMCCXIX
513
1397
1801
MCCCXXII
3548
1283
CCCLXVI
3240
1447
MCIV
CCCLXXVIII
MCCCXXVII
3671
MCCCXXVII
MMMCL
MMCMXCII
DXLI
430
911
998
MCLVII
3603
DCXV
MMCCXLIX
MMMDCCIII
MMMDCXVI
MMMCDLXI
MDCXXIX
MMMDCCXXIV
DCCCXX
MDLXXVI
MMDCCLXXXI
3142
1950
2328
3140
DCCCLXXXIV
MMDCCCLXXVIII
2282
MMMDCCXXXVII
MMMDCVII
MMXXVIII
MCCCLXV
MMDCCXCVI
MMDCCCIII
MMMXCV
361
MMDXXXV
MCCLIX
MMMCCXLIX
MMMDCCLIX
CCCXLV
2388
MMXC
MMMDCXCII
MDLXII
CLXXVIII
MCDLXXXIII
CDLXXIII
DCLXXIV
959
2006
CCLXXXIX
MMMDCXLVI
MMDCCCXCIV
2738
2536
MMCDXLVIII
3360
1342
MCCCLXIX
2122
1523
2082
1483
3892
3552
3121
DCCCII
MDCCCXVIII
1876
2484
CDLXVII
MCCLVIII
2390
3088
DCCCI
MMMCLXXXVIII
250
DCLXXII
2720
3913
2818
3749
1058
1176
MMDLXVI
1485
MCI
DCXXXV
DCCLXXXIII
3728
MMCMXCIX
3687
MMDCXXV
2444
3753
2393
MDCCCXX
2347
969
MMCCCLXXVIII
MMDIII
1331
2461
MMDCCLXXVII
3462
MDCCXVI
3547
536
101
MMMDCCCV
MMDCCXXXVIII
MMDXLIV
1164
MMMCMXXVI
464
2479
MMMCDXLIX
583
3894
MCCCLXX
MMMCCXXXV
2317
2868
MCCCL
CCCXXXVI
1173
CXIII
CDXXIX
4
3645
MCCXC
MLXVII
CDLII
MCMXV
MMMCDX
MMMCCCLVIII
1867
CDXCI
1899
3144
MMCDXXV
MCCXCIX
MMDCCCXLVII
426
MMMLXV
CDII
MMMDCLXII
MLXXI
1679
3541
MMDCCCLXXXVI
3240
CMXLI
MMMCDXXXI
MCCXXIV
38
1807
MMDCCCIV
CCVIII
880
MMMDXCII
MMMCCXXIX
MDCCXII
MMCMXVIII
DCCLXVIII
MMMDCCLXXIX
3541
DCXCIX
CCCLIII
MMMCCCLII
2712
MDCCXLII
3629
DXXXII
MCCCXIV
2408
MMMDLX
3939
1659
MMMXC
3226
MCVI
MMCMLXIX
3413
MMDLXXXV
329
MMMDCCLXXVI
1627
202
MMCMXXXIX
2479
CXXXVII
MMCCCLXXII
1489
MCXVII
MMMCDXL
23
2714
MCCCIII
3893
2038
1362
MMCXXIV
939
2681
MMMCMXLI
MDCCCXXVIII
MMMLXXV
DCLI
MMMDLII
1969
1992
MMCMLXVIII
2438
1340
3011
MMMCMLXXXV
CMXXXIV
628
CMXLII
MMMDCCCXXXIX
3392
MMDXCII
MMMDCCCLIV
3111
MMMCCI
630
2943
DLXXV
MX
1344
DCCLVI
MMDX
MLXV
MMCCCXCVII
MMMCCXXX
MDCCCLXXVI
3029
1474
MMCMXVI
3153
MCCCLV
MMMII
2496
3780
CCLXXVII
CMLXVIII
MMMCCCLXXXIII
CCXLIV
MCMXXXVIII
3067
MXCIII
MMMDCCCIX
3140
417
MMMDCCCXCIII
MMXXII
MMMDCLXV
54
2822
MDCCCLXXIV
1504
MCXXVI
1474
MMMDIX
MMMDXIV
MCCCII
MMMCLI
XCVIII
MCCXXXVIII
2728
2461
1702
MMDCCCXLV
3868
MMMCCXXXVI
1263
MMDCCXII
MMCCCXXXV
MDLIII
MMDCXXI
1827
1653
2233
MMCMXCVI
MDCCCXXXVIII
1317
MCCXXXI
MMDXXX
MMMCDLX
MDXXVIII
171
1153
2355
MMDCXLVIII
447
782
MMDLXIII
192
MMMDLXXIX
MMDCCXLII
MMMDCCXII
2170
MCCCLXXV
MMMX
CCXCIV
1051
1076
MMMDXV
2999
MMMCLXXVIII
3397
1453
756
DCCCLXI
MMMDCXXXVII
1162
MMCCCXLV
1555
DCCCXLV
3787
MXC
1813
MDCCXCV
2968
1197
3984
1353
MLXXVIII
1500
3089
2741
MMMDCCXLIV
MMMDCXX
DXLI
1839
525
1014
2542
1441
77
2634
2183
MMMCMLIV
CCXLVIII
MCDLVIII
2079
CMXX
MCCXLVI
MMDCLXXXVI
MMMCCLXVI
3193
1405
3978
MMMDCXXI
1183
DCCCLXXXVI
3512
DLXXXVII
XLIX
MCDV
MMCMV
611
2708
CDII
MMDCCCLX
MCMXLVI
2338
MMMCXVII
DVI
MDCCXCIV
CIX
1059
1408
1461
3784
MMCCCLXVII
1318
1643
1208
MCCIX
274
MMDLXXIII
MMMCMLXXXIV
497
860
MDCXXXIX
MDCXCIX
1740
1720
354
MDCCXCVI
MDCCXIII
3315
MMCDLXXXV
DCCCLXIX
1176
MMMII
CXCI
MDLXXXVIII
MMMDCLXXI
MCLXXX
MMDLXXXIX
MDCCLXXXVI
MDCCLXXXIII
MMMCXXXVII
2466
MMMCCLXVI
MMMDCCCXCIX
709
MMCDLXXII
MMMDCCLXXX
CDLXXX
984
1564
MMMCMVIII
2609
1296
3974
CCLVI
700
2101
MMMDCCLXXIX
CCCXLIII
957
MLXXVIII
MMDCLI
MMCLXXIX
MMCDXXXII
MDCCLXXVI
MMDCCXXXIII
1520
MMDCCCXV
2939
3022
MDLXIII
MCMXXIII
MMDCCL
MMCCVII
2793
3389
MDCXIII
MCCCLXXXII
1410
MMMDCCCXXIX
XLIV
MMCCLXX
728
1998
MMMCCCXCV
MMMCCLXXXVI
2189
MMDCCCLXXXIX
MMCCCLXIX
957
2767
LX
2132
MMCXXV
1540
DCLXXX
1044
MMCDXCI
1889
2924
3168
CCCXVI
2864
MDCCXXXIV
840
DLXXXV
MMMDCIII
MCVIII
3075
MMMXX
MMDCCCLXV
MMMCMLXXVIII
3598
MMDCLXXII
2731
MCCXLIII
2777
MCDXLII
2532
2756
1883
1122
MMMDCCCXLV
2743
3873
MMDLXXXV
3910
MDXVIII
CCCXLVI
MCC
CCLXXXVIII
1741
MCDVII
MMDXXX
2420
2111
MMMCDIII
938
MMMDCCXXXVIII
MMCCCLXXVI
2378
MCDXXIV
1618
MMMCCXLV
CMV
MMCMXVIII
MMDCCCXL
MDCL
MMCCCLXXXVI
MDCLXXI
CL
MMMCLI
MMCCCLXIX
1088
18
2127
552
CLXXXVIII
MCCLXXXIII
CMLXXXIV
CLXV
650
237
MMDCCXCVIII
CDXCIX
188
434
CCCLVI
MMXIX
MMMDCI
MMMCXXXIV
MMMDCCXIII
MMCDXCVII
328
MMCCCXLII
DCCLXII
MMMDCCLXXXIV
2627
DCCCLXXIX
MMMDXXXV
MMDXLIII
MMMCCCXXIX
1087
3028
MCDXLVIII
1107
MMDCCL
2727
MMMDCXXIX
CDXX
CX
2528
2515
2953
MMDCCCXXXII
264
2939
3279
2473
MMMCMXCVII
3733
2125
DXX
3887
2032
MMCLXXVIII
3023
CCLXXII
MCCXCIII
1179
MDCCCXLII
2705
MMMCCLIV
26
3232
MMD
MDCCCLXXV
3704
1452
2318
918
3257
3975
1951
2951
CMXCVII
CMXXXVI
3518
MMMCMLI
180
MMDCXLVIII
3195
MMMCCCLXIV
CMXXXI
3990
3953
554
3525
2688
1035
MXXI
2522
MMMCDXXIII
1143
282
2309
3937
DCCCLXX
MMDLXXXIV
3401
DCIX
2735
MMIX
1174
CCCLXV
CMLXXII
2873
MMDCCCXXXIX
MDLIV
2053
1299
564
803
MMMCL
1885
MMDCCCXCII
MMMDCCLV
DCCXCIV
MMMDCXXX
MMDLXXIV
MCCVI
MCCCXLIX
MMDCXXX
2976
3751
1406
MMMCMXXIV
MMMDCCCXXX
135
MMCCCXIX
MMDCCCLV
128
MMMCD
MCDLVII
MMMCXLIV
1118
3539
3338
2635
1993
MMDXV
386
MMVI
2345
MMCLXXVIII
1805
177
MCMXVI
3878
MCMXCIII
1877
3335
MCDLIII
761
CCCLXIII
MMMDCCCLII
580
CMLXXV
MMMLXXVII
759
CDXXXVI
44
DCCXI
1817
405
2419
2300
2962
MXLVIII
MMMDCLXVII
1179
MMCCCLXXXV
MMMDCCXVI
3576
3636
MMCMXCIX
1123
MMCLVII
MMCDXVIII
MMMDCCLXV
483
936
3358
DCX
3080
MMCCIII
MMCDIV
CDXII
MCMXL
1456
MMMXXXIX
MMMDV
MCCXVIII
780
162
2451
MMMLXXXIX
CDLXIV
3550
1730
2215
DCLX
MMMLVIII
MMCCXLVII
MMMDCXVII
MXCI
3488
MDCCCLI
767
MMCCCLXV
MMDCCXLVIII
1500
CLX
1655
MMMCDXLVI
3219
CIX
MMCCCLXVI
MMCCXLII
MMDCCXXXVIII
MDCCCLI
MCCCLVIII
MMMLVI
MMCDLXXI
2885
CCI
MMMCDXII
MMCLXXXII
MMMDCCXXI
1543
3079
MMCCLXIX
3416
MMLXXI
MMMCCLXXXIII
814
3961
MDCCXXXIII
1908
DLXXXV
DXXXIX
1832
3300
2307
1626
2485
679
1130
761
MMMDCCXCIX
MMDCCXCIII
208
MMMDCVII
CMLXVIII
MMLXIV
2337
1663
DCCLXXX
CXCVII
1324
111
2886
CCLXVI
3063
326
1901
CCLXXXVII
MMDXXI
1321
MCCCLXI
MMMDXLIX
MMMDCCVI
1103
CCCLXXVI
1544
CCXCVI
MCDLXXIX
3398
1721
MDCLXII
663
CMXVII
2229
2945
1572
MMMCXC
2389
3930
656
CMLIX
2806
MMMDCCCXX
432
MMMCXXXIV
MDCCCXII
MMMLI
2663
MMMCLXVI
1036
2844
MXXXVIII
MMCCXLII
MDXXXI
2766
2840
DCXXXIX
MMMCMXXXVII
3580
2327
MMMDCCLXVIII
DCCCLXXI
3315
3534
1798
MMMDCCII
2833
XXXVIII
MCLXXVII
78
1752
1353
2174
3824
MMCDXXXIV
1983
2363
MXXXIII
MMCMIX
MMXXXI
MMDCCCXL
LXVIII
112
DCCLXXXI
MMMCMXXVIII
1515
1217
DCLXXXII
377
MMMDCCCXXI
3345
1926
MMMCCCXLIV
1329
2545
CIV
MDCCCXXI
MMXIII
MMMDCLXVI
CCXVII
MCCLI
3125
MMMDCCXCVIII
DCCXVII
CMLXXVII
CDIV
MMLXVII
MMMCCCVII
1953
MMMCMLXXXV
589
515
DCCXXII
MMMCCLXII
MMMDCCLXVI
CCXXIII
MMMDL
3831
433
3447
3882
3368
MMMLXVIII
CCXXIX
DCLXXX
3575
CDXLVIII
MMXXX
MCDLVI
775
3814
MDCXIII
MMCCLXXX
3220
3196
1687
2998
1762
MMCCCLXXXIV
MMCCLXVII
MMMCMXCVIII
MDCCI
MMMDCXCIV
MCMLV
549
3101
3045
3775
372
126
2098
MMCCCXLI
2443
DCCC
CCXXVI
19
MMMDLIII
2345
CMLXXXVIII
3335
1842
MDLXIX
MMMDCCCLXXXV
MMDCLXXII
959
1492
DCCLXXVII
2789
28
2216
MDCCCLXXXIV
1803
2535
2355
3598
MMCCXXXVIII
3434
2583
2375
MMCLXVIII
CCLII
3179
MMMDXCVIII
1154
2348
CCXXXVI
MMCCX
MMMLII
1839
1698
854
DCCCLXXX
1025
MCCXXXV
MMMDXCIX
3260
1917
MMCDLXV
1981
MMMCLIV
1514
833
479
2521
3569
MDXX
MDCLII
4
DCCXXVIII
2264
2636
MMCCXXV
XCV
1665
1820
MMMCDLXXVI
2075
MMMDXCIII
255
CCCLXXXIV
MMMCMXLIII
34
711
MMMDCCCXXI
3882
DCXXXIV
2439
1838
MMMCLVII
MCMLII
2
CLXIX
3821
MMMCMLVI
CCLXV
543
1178
2872
MMMDXIII
CCLXXXI
1478
2224
1903
DCCL
MMMDCCCLXIII
MMMCCCXII
LIX
MLV
3699
CCIX
2887
124
2219
MXVI
MMDXVIII
MCCCXX
MDCII
2327
CXLII
379
MCCCXII
112
MDCCCXXII
2818
2799
245
MDCCCLXXXVIII
MCCCXLVII
MMDXCII
CXLVII
3602
833
DCCCLXXII
MXLI
1817
MMCXXXVI
MMCCCLXI
1589
MMDCCXLII
MMMDLXXXIII
533
2860
MMCMXVI
2632
DLXI
MDLII
3649
2345
MMLX
2631
MXXVIII
MXLIV
MMMLXXV
MMDCXXV
2045
MDIV
DCCCLXVII
MMMDCLVIII
5
1903
MMMCIV
MMMDCCXVII
MMDVII
194
1082
2805
MCXXVII
MDCVI
201
MMMDXL
2360
1929
2027
MMCCLXXIX
194
3475
DXXXVIII
MMCDXLIX
DCLXXVII
DXVII
MCDXXV
CXLII
MMMDCCXXVI
941
MMDCCXXXIX
MMMDLXXXIII
3176
MMCCXLI
MMDXXVIII
3235
CDXL
MMMDLIX
MMDXXVI
CCLXXXIX
MDCCXLI
MDCLXXX
1182
253
MMMDXLI
1469
MDCCCLVIII
MMDCCCLXXXII
2737
MMMDCCVIII
3756
3307
3898
2902
MMLXVI
MMCCCXV
2682
2535
552
DCXXXV
MMCCXLV
MMDCXXIV
MMCLXVI
MMMDCCCLXX
2347
MMMDCCXXXVII
434
MMLII
3154
DCCCLXXIV
MMCDXIX
MMDLXI
1685
1480
CCLXXXI
1426
359
945
2906
666
1038
1208
MDCXL
1754
3936
363
MMCCVII
959
MMMCMXIX
702
1144
754
CCCXXIX
MMCMXXVI
3444
MCCXX
MMCCLV
MMDCCCXVII
DCCXIV
1747
MMXIII
CCCLXXXVI
2125
CMLXXXVIII
3237
MMMXLVI
MCLXVII
MMMCLXXIV
MMDV
MCMLXIII
CMXV
X
MMMCLXXIV
3912
MMDCCXVIII
1067
MMMCCCXXXV
19
XCV
1463
MMDX
1362
CXXX
193
2353
MCXXVII
2056
MMCCCLXXIII
MCXXXII
MMCCCXXIV
3262
1255
582
897
2495
2230
MCMLVI
MMDCII
168
1914
945
DCLIV
MDCCLIX
2809
2250
MCMLI
2385
1447
3452
2339
MDCCCLXXXI
2538
MMCCXLV
MCCCXVIII
3868
3405
MMMDCCCXCV
MXIV
MMDCCX
2157
MMMDCCCLIII
MCCCXI
2309
MCCCXIX
3337
DCCXVIII
857
CCXXVIII
479
MMCC
3593
2635
MMMCDLIV
MMMDCXIII
LI
MMCDLXXXII
MDX
DCLXXXIII
3134
DIII
1417
1069
3438
988
610
CDLXXX
3709
1484
MMMXLVII
MMMCMXXII
CMXXXIII
MDCCCLXXXII
3316
2151
346
2186
MMMCCXIV
MMCD
64
917
301
MCCXCV
MXXVIII
MMCLXVIII
CCXXI
MMMDCCLXIV
MCCLXV
MXXVI
1950
MMMCDXLI
MMCMLXXX
2339
MMMCDXXXVIII
1023
MDCCCXLVIII
MCDLXIX
3010
2013
MMCCCIX
MMMCCCLXXIV
MMMCMXCIX
3317
MMMCMLXII
MCDXXXIII
3639
3511
3393
MMCDLV
MCMXXXII
MMCDIII
3108
MDCCLXXIV
3539
MMVIII
DCCLI
MCXLVI
XXV
2337
454
MMDCXXIII
2730
1997
3889
2872
2170
MMMDCCCIX
CCXXVI
2100
147
2783
MMMCCXCIV
MDCCLXVI
292
MMCDXII
MMXXVIII
MDCCCXXXI
MMMCMXXXII
3273
3332
254
100
MCDXVI
MMCCLXXII
MMDCCCXII
717
MMMDCXCI
DCCCLXXVII
MLV
MMCMXLVIII
MMCXXIII
MMMCXV
MMDCCXLV
2703
670
3165
3900
MMCCXCIX
MMMDLXXXIX
2927
MCDXXXV
1638
CCCLXXXIV
MMMDCCLXXI
MMDCXXII
CCCIII
CVIII
2336
MMMDCCCXLI
MMCCXXXIV
2840
MMCXXXVIII
2108
2975
MMMDCXV
634
3944
1092
3910
3327
MMVI
1290
CMVI
MMMCDLII
910
1312
3738
1837
271
3228
3669
2825
MMDXXXVII
CCCLXXXVI
DCCCLXXVII
MMMCCCVIII
904
28
MMCDXC
MCDLXIII
221
1586
92
DCCV
3206
MMMDCCCXCVII
617
MMCIII
1005
3947
1568
DCXXVII
2774
MMMDCCCLVII
MCCCXVIII
MMMDCCXCIII
MMMCDLVI
1967
468
1388
CDLXX
1321
DCXXXVII
MMDCCCXXXIV
MDCL
3252
3835
MMCCCXVI
3188
MCCLXII
MCCCLXXI
MMDCCCLII
DLXXVI
970
MLXVIII
1163
MCDLXV
3385
518
857
2938
1751
MCDLXXXIII
1613
3577
3835
2018
MMMCMLXII
MMMCDLXIII
3044
1680
MMDCCCXXIV
3218
1900
DXXII
1097
MMMVIII
243
MMMCCCXLVIII
2489
406
3563
MMCMLXXXI
1172
MMMCXVII
DCCCXCVI
3815
3258
CDXXII
516
MMMCDLXXXVI
MMMDCXXXII
207
MMDCCCLXXVII
MMMCMXLIV
1659
618
MCCCLVII
3493
2224
3658
MCDXLII
748
MMMCCLXXVIII
1890
3990
1168
3437
724
CXII
2552
2181
834
MMMCCXCVIII
3994
3213
1314
MMDXCII
MMCMXL
MMMLXIV
MMCDLVIII
CCLXXV
3906
1809
3882
1331
MXXX
MMMCLXXII
MMDCXXIII
1863
338
1764
MMMDXXII
2919
MMMDCCLXXIX
2883
MDCCCVII
CMLXXVIII
308
MMMCMLXXVIII
2482
MMMDCCCXXVIII
2720
MMCMLXV
MDCCCLXXXIV
1178
MCCII
1051
3529
620
CDLIX
1498
542
MCCXI
2908
3069
1048
3488
MMCMXVII
MCMXLVI
MDCCCXLVI
1795
CCCLII
3196
123
384
2298
MCMLXXVII
2719
MMXLIX
MMMCDLXXX
MMMDCCXXVIII
3803
DCCXXV
MCCCLIV
MMDXXIV
2012
MMMCMX
3674
608
DCCXLII
MMMCLIV
2326
1155
MMMCCXXXVI
MMDCCLXXVIII
887
793
2559
MDXXVIII
CLXXII
3654
MMM
353
2092
MDCXLVII
3028
DCCCXV
MMCCXCII
MMDCXXXIV
381
2333
3539
1058
MMMCMLXIII
MCXXXIX
DCXXX
MMCLIX
MMDCCLXXXV
651
1502
592
2587
2144
3420
MMDCCLVII
3918
3301
572
MMDCLXXXIV
1409
MDVIII
2350
CDLXVII
MMMLXIV
2572
121
MMDCLXVII
MCMX
MMMDCLXXVI
973
MMCLXXIX
MMMDXXII
2479
MMMDLVI
3805
3814
981
MMMCLXXVIII
DCCLXVI
1080
76
3498
1154
MDCCLXVIII
DCXXXVIII
2255
MCDLXXI
1214
MMCMLXXVI
CMLXXXIX
MMMDCXLII
133
CCCLII
MCXXVII
MCDXXVI
MMMDCIII
MCCXXXII
150
924
MMMCCCLXXXI
CCCLXXXIX
15
1269
1415
MMMDCLVI
MCCCLXIV
MCDVI
MCLXX
2477
CDLXXXV
MMDCXXX
MMMCDLIX
3975
DCV
244
CCXXXIV
DCCCXLII
3605
1629
2839
2902
MXCIII
2756
3391
387
MXXII
3136
580
MMMDCLXXX
MMMDCXIX
CMXV
CMXLVI
CXXXIX
1439
MCMLXIX
1800
CDXIX
1142
MMCLXXIX
MCXCV
3762
3459
MMDXXII
2892
MMMCCLXVII
3405
MCCLX
MMMCDLXIX
MCCXCVIII
3094
MDCCCXLI
MMCCLXIII
3100
MMCXX
3703
CCI
2921
254
2229
LIV
MMCMLV
197
1796
2808
2458
2514
1942
346
11
CCCXXX
2344
2726
366
3862
1087
3824
870
369
MMCLXVII
2909
MMMDCCCLXIV
CXC
1972
XXXVIII
MMCMLI
CCCXXXIV
64
2753
MDIII
MMDCIII
MCDXX
2480
MCLXXXVI
878
604
3630
MMDXXXV
2975
MCCXIV
MMDCCCLVII
1626
19
2562
3116
CDXLIV
DCCVII
1211
1159
MMDCCCLXV
2475
MMDCCLXXIV
MMMCDXCVI
1861
DLXXIII
2660
2810
1962
345
MMMCCCLXXXI
3604
MDCCCXXXVIII
722
1395
MCCCXVI
3922
1161
1427
MMDXXV
MMCXLVI
1661
MMMCCCXIV
MMMDCCCXCI
3565
1837
DCCLXXXV
MDCCLXXXVII
MMCCLXXXIII
484
MMMDXLIII
MMMDCXXXI
851
MMCDLXVII
DCCLXVII
MMCDLXXXIII
MMCDXXXIV
1133
3017
2889
2960
MCXXVI
MMMDLXVII
MMMCDLXIII
MMDLXI
MDCXXXI
MMMCXCIX
MMMCCXLI
MMMCIX
MMMDCCCIX
2221
MMDCCI
2256
1317
1188
3294
CCLVI
MMMCCXIV
2386
MMMCCXLI
3197
605
3905
MMMCCLXIX
MMMDCCXXXVII
MCLVIII
LXIX
MMDXV
2482
MCCCLIV
3906
MDCCXCV
CDXLI
MMCMII
MMDCXCIX
2265
DCCCLXXI
MMMDCCCXLVI
MDCLX
DCXLVI
3260
MCCXIII
696
MMLXXVI
MMMCLVII
MMMCCCXLII
116
2210
MMLXXIV
2079
MMDCXIV
2871
2901
75
3878
556
DLII
DLIV
265
MDCCV
1629
670
MMMII
DCCCLXXVIII
MMMDCCLI
DLXXXVII
3811
MMCMVIII
MMDCCLXXXIX
CCXXVI
MMLXXIV
MMMDCXLV
MMMCXCIX
CMLXVI
MMDCLXX
3138
CMXXXIV
3185
525
CCCLXXV
MMDCCXLV
MMMXCVIII
3525
MMMCDLIV
MDCXI
MCCLXXIV
1543
CML
MXXI
2539
MMMXCI
68
2673
3890
MMMCCCXXXI
3173
CV
MMCCCX
3920
MCLXV
3068
628
II
2857
DCCCLXXXIII
2964
3106
3648
297
MMDCLXIII
MCDLXXIX
MMIII
MMXXXIX
1377
MMDCLVII
2797
MMCDXIX
MMMDCLXXXII
2837
MMDXXVI
CLIV
MMMCCCXLII
MCCLXXIV
1583
CMIII
549
2653
MMMDLXIV
1134
MCLXXXVI
3649
MMCDLXX
MMMCDXX
3392
MDCCCIX
MMMDCCCLXII
MDLIV
1100
MMCXXXV
843
MMMDCCCL
MMMXXXVIII
2160
MCMLVI
2429
MCCCLXXXIV
2786
CCCIX
MMMDLXXXIII
992
3354
2246
CMLXXXVIII
MMMCDXCIII
353
CCCVII
MCMLXXV
CCXV
CCCLXXXIII
MDXXXV
CXLI
237
MMMCCCXXXIX
528
MMCCCXCVI
1951
MMDCCCLXXX
MDCCCXCIII
MDCCXXII
250
DCCCXL
MCXI
844
CDLXVI
2968
1329
MXCIX
MCMVII
MDCIV
MMDCL
CCCXL
3207
MDXC
1012
3550
MDCLXXXIV
MDCCI
2397
MMMDXXI
3490
3004
MCMXXII
1466
MMDCCCV
21
3580
MDCCCXLV
DCXII
DX
2948
1076
MMMCMXCV
MDCXXXIV
MDCCCI
1788
1216
CMLXXXV
830
1037
MCDXCII
MCCLXXIII
2439
MMXVI
MCXCVI
2671
3371
MMLVII
MCXXXI
MMDCXXXIII
MMCL
1435
MDCCCI
427
MMMDCXCVIII
1137
MMCDLXXI
MMMLXXX
MDCXLIV
1449
DCCCXVI
MMMCDLXIV
47
2020
MMCCCLIX
2208
MDCLXIV
DXV
2042
532
MDXVI
118
MMMCCCXXXIX
2720
MMDCCXLVI
3451
2919
MCCCXVI
3177
CVI
2590
3536
2611
464
MMCM
MMDCCXLV
2763
319
897
192
866
MCLI
DCXXX
DLXXVI
MMDCCXXIV
2854
473
240
DXC
MMMDLXXXIV
MDLXXV
MMMCDLXVIII
MCMLIX
MMDCCLXXIX
597
2633
1118
MDCCCXXIV
MMCCCLXXXVI
MMMLXXIII
MMDCCCXXI
924
MCCXXXIX
MMMDCCC
MMDCL
498
2221
MDCCX
2740
2447
DCCCXIX
CDLXXXVIII
MCLXXVI
DCCCLXXVI
DCCCLXXXVIII
1576
3244
MMCCCXCIX
MXLIII
1080
3150
MCCLXXXI
MMMDCCLXXXIII
MMMCCLXXXVIII
3966
3713
1236
3550
1788
MMDCCCXCIV
3848
1505
MCCLIV
982
1723
MMMCDXXVIII
26
CXX
MDCCXCV
3975
1713
MXIV
26
1482
MMMCMLIX
MMMCDLXII
2644
2828
3597
MMMCDLXXIX
478
3129
2456
MCMLXXVI
DXCI
2682
MMMCCXXVIII
1848
3727
3250
2832
1721
MDLXVII
3093
3188
2955
3972
MMMCCCVII
1015
MMMCCLXIII
MMMCCCLXXVI
3574
781
MMDCXXIX
441
1550
MMDCCCXCII
MDCCCXXVIII
DCXXXI
1489
126
CMLXXXIV
2378
MCDXXXVII
44
842
1785
MMMCCXLII
MMCDXLVII
3602
343
3225
MMCXIII
1713
MCMLIX
2269
3
1444
80
3854
MMCDLXXIII
MMCCLXXV
876
2544
MMMCCXXXII
MCXCVI
299
MCCCLVI
DCLXXXIX
MMMCLII
CDLXXVI
3506
1369
MMMCXXX
MMDCCCXV
486
1842
2099
3451
DCCLXXVI
2062
CCL
MMMCMLXXXIV
MMMCMXCIX
672
MMCCXLIV
CXLVI
MMMCCCLXVI
DCCCXLIV
MMDXXVII
MCCCXIX
2428
MMMDCCCXCIII
MMCDLXXXV
622
MMMCLXIII
MMCDLXII
2955
MMMDCLXIII
DCCXII
234
2634
1896
CMLXII
1814
228
74
1223
3494
450
MCCCXLIII
743
MMMDCCCLXXXVII
382
3238
3445
DCCCLII
2638
980
914
792
498
MCMLV
2751
3741
3468
581
191
3511
2087
921
700
CDXXI
1115
589
MCLXXXVII
MMMCCXIX
3497
MLVI
MMDCXXXI
MMDCXCIV
CLXXVI
678
CDIX
2211
MMMCXVI
3290
2631
380
128
3361
CDXCI
773
3503
MMMCMXXXVII
144
2736
2253
MDCXXIV
2308
MMCLXXIX
3316
2684
3984
MCCXXXVI
MMMCVI
MMMCMXXXVI
MMMDCCXXXII
MDCCXLVI
MMMCMXXV
2996
2362
DCCLVI
2795
369
MMDCXXVII
743
MCXCIV
MMDXIV
1701
1817
MDCLXXXI
3988
3914
CCCXXXV
795
MCCLX
MMDCCXXVIII
590
2418
81
3210
MLXXII
MMMDVIII
MDCXXII
MMMCCXXXIX
3123
3136
MMLXXXIV
1775
MMMDCCXLI
285
971
698
2343
2093
341
CDXXII
2542
919
373
2179
3126
3115
MCCLVII
2240
MMMDCXCVIII
CMLXXV
2290
2982
1599
646
1769
MMCDXLVII
3648
CCCXVI
2248
1301
2777
DCXX
MMXCIX
MMMCDXCII
1650
99
2726
MMMCMXCI
2687
MMMLXXIII
CMXXXIII
1029
1485
2595
MCDXXXVIII
1307
2310
MMMCCLXXV
MMCMLXIV
MDCCCXLV
CDLIX
MCDV
LV
MMMCCCXLIV
999
1241
296
CXXXVII
MMMDCCXII
MMDCCCLXVI
3124
2817
MMMCDXIV
2774
CCLXXX
1254
MDCXCI
MMCCCXXXVII
DCLXXXI
MMVI
2745
1191
1960
3709
3665
MMMCCXI
MDCCIII
MMDCCXCIV
3363
DLXXVI
288
MMCCXXXVII
569
MMMDCCCLXII
395
MMMCDLIII
MMMXLV
2853
1703
3793
1493
1976
777
3549
3312
MMCLXXI
48
MCCXXIX
MMDCX
2619
2204
DCCLXXXVIII
MCMLXVII
MMMDCCCLXXXVIII
388
MCDLXXX
3853
3699
2554
2792
MMCDLIII
MMCXLVI
2148
857
1456
MMMCDLXXXVIII
MMMCDXXXV
944
DXXIII
1670
MMCCXIX
MMCCLXX
3183
617
MDIX
DIX
1438
3564
MDLVIII
MMCX
CCCXCVIII
CMLXXVI
MMMLXXI
MCCCLXXIX
CXVIII
2931
2558
3752
MMCCCLX
CCCLV
2416
LXXXVI
614
1900
MMMDCCLII
1249
2884
DCXX
MMMCMLIX
DCCXLV
MMMCDXCIX
MMCCCLXX
2461
1936
2787
CXLV
545
MDXCVIII
465
MDCCI
MDCCXXXIX
MMMDCCXCVII
2799
2233
902
3662
2728
MMMCXCVII
XIX
DCCCLXV
1333
997
MCCLXXXV
MMMLIV
1584
2459
MMMDXXXV
64
MDCLX
MXXXVII
969
2309
DCCCXXVIII
MMDLVI
3160
MMMCCCV
439
2532
DCCLXXVIII
CCCXCVII
2124
422
MDCXXIX
MMMXIII
MCDXXXIII
MMMCLXXII
MDXLIII
MCCCXXXII
MMMDLXVI
2155
3375
CMXLV
967
2082
2844
MMMI
1827
803
MMMDCCLXXXVII
MMMCDLXXXIV
CCCLXXIII
3865
3847
MMMCDXXVII
MMMCCLXXVI
CXI
MCDXVII
842
MCCCLXXI
3082
V
CMLXV
3546
MCMXLVI
2763
1706
1615
559
3010
3365
1776
MMMCMLIII
CCXCVI
MMMDCCLXXII
CCL
1210
MMMCCXX
529
MMMDCCXXIV
3965
3662
872
MCDLX
CLXI
MMMDCLXXXIV
284
3694
CMXLVI
2715
3988
MMDCCLXXXII
3181
3734
385
1638
MDCCXLIX
MMCCCX
895
MDXXVIII
1884
MCCI
2525
1910
2532
2837
2627
MMDCCXLVII
914
XVIII
MDCCCXLVI
DCCLXXXVI
2568
MMXCIV
2626
207
2735
227
3176
MCXLIX
DCXXXIX
1384
MMMDXLII
MMMCLXVII
MMMDCVIII
1342
1013
MMMDCLVI
MMMCCCXCIII
MMDXXXVII
MMMDCCXXXVIII
MXXIX
2030
MMLIX
MMDCLVII
MMMCCCXXVII
2134
2520
DLXII
1881
2292
MDCXXI
3424
DXXXII
CLXV
DCLIII
47
1913
MMDXC
DCV
2014
721
MMCDXL
MDCXXXVII
MMMLXIX
3850
MMCMLXVIII
DXLVIII
MMMCCCII
MMMCDLXXIII
3540
3332
86
2698
1292
MMMCCCIII
3437
616
688
1062
1149
2170
CCLXIX
2091
MDXXXI
423
MCCVIII
MCCCLVIII
MXXXII
MXII
2492
ML
MMCCXCIX
V
MDCCCLXXXVIII
MMDCXXVIII
1592
DCCCXXVII
1334
MMMDCVI
DLXXV
2184
MMMCDXL
2956
1051
2541
MMDCCXXVII
MMCLVIII
2231
MMCCCII
MMDXXXVII
435
881
2035
MMCCCLXII
3634
124
276
2777
MMMCXXXV
2141
MMMCII
3826
MCCLXXXII
MMMCXC
MCDLXXI
282
MCCXC
MMMCCLXV
MMMCMXXVIII
3340
1983
3856
1186
MCDXXIV
3632
3451
1091
MMMDCCCLXIV
1735
MMMCCCLXIV
3755
1914
MXXXIX
2585
MDXCIV
MMMDCXII
3552
1641
964
MDCCXIII
MCXLIII
3127
MMCCIII
DCX
DLXII
1751
695
1588
511
MMMDCLXXI
1687
828
MMMDXXXI
1197
229
3368
1099
CV
MMMCDLXXIX
MCMXXXVIII
3978
254
2338
773
2841
2165
MMMDCLIV
1589
MCDXXVII
1222
914
MMMCCLXXIV
140
CLXVI
MDCCXCIV
CLXI
MDCCXCI
MMLXVII
MDCCLXIII
810
MMDCCXLIII
281
MDCI
2125
MMDCXXIX
2248
DCCLXI
2598
984
440
XI
MCLXX
CCXXXIII
CCXXVII
MCCLXXXIV
MMMDCVIII
MDCCXL
MCII
1653
MDCCCXLIX
MMDXI
MMMCCLXII
2339
MMDXXIII
2453
255
MMMCCLXXIX
MLV
MMCXXIX
227
MMCDXV
MDCCCLV
3297
MMCDXXIV
MLIV
967
210
756
DCCCXXXI
MCCCXCV
3517
2776
MMDXVI
MDXLVIII
MMCDXXIV
1307
21
836
MMMCXXVII
CCXLII
MMDCCXXIV
MMMDCCCXIX
MMMDCCCLXXXI
MMDXCVIII
DCCCLXXX
MMDCCCXIV
MLXXIII
MMMDCCCXCV
MMCCLXXXVII
MMCXXXVIII
5
DCCCXIII
3751
MMMDCCCXXIX
2969
1083
MMCCLXIV
241
279
2596
MMMCMXIX
MMMCCCXV
2999
17
1394
CCXXI
MMMDXXXVI
MDCCCLXXVI
MMMCCCXXXII
435
1967
CCXXVI
2740
MMLVII
3751
MMCLX
2805
1721
MCXXXIII
MMCML
MMVI
MCMXLV
669
MMDCCXIV
CMXCVII
2709
2401
3534
MCCXCI
MCMXXIV
1206
MDCXL
3960
3973
MDCLXXXIX
MMCMLVII
MLXVIII
MDCCXXXVII
MMMDCCXXXIV
465
MMMDCLXXII
MMMCDLXXIII
2951
1649
2689
1883
MCCCLI
2381
1940
1517
MMMCXLI
MMDCCXLIV
DCCXXXII
MMCCLXXXVIII
MMDCXLII
530
2950
2457
80
MMDCCLXVIII
DCCCXLVI
2818
2239
1241
MMCMVI
MDCCLVI
3625
3688
MMCCXI
MMCCCLXXXVI
163
2681
3488
MCCCXLV
MMCDX
656
3676
DCCCIV
MMMCCCXLIX
DCCXCIX
791
3558
2256
MMMCCCVI
1920
MCCLXXXIV
MMCDXL
MMMDCCCXLVI
2213
DCCXIII
1065
MMCMXXXIII
2262
1026
1644
1145
3690
2590
MCCCXLIII
1103
XL
3554
MDCCXCV
MMCXX
679
MMMCD
1428
669
3093
184
2179
2029
2545
DCLXXXVII
MMMCCCXVII
MMMDXCVIII
335
CMXC
3213
DCCLXVII
418
MCCCXCVI
MCDXIII
MMMCCXXXI
MCMLXXXV
MMMDCCCXXV
492
2985
MCDXLVII
199
3049
2707
DXXXI
730
CMXIII
MDXLVI
MDCCCXLI
593
CDLXXVI
MMMDCXXXIII
MMMDCCXXXVII
MMMCXXXVIII
XVIII
MMMDCX
MMMCCCLXV
3141
1661
MCDXLVIII
MDLXXXIX
1822
MMLXVIII
255
MMCDVII
MMCDLVII
2167
CCCXX
341
977
626
MDLXX
3915
238
MMCCXLVI
3422
MMCCLXXXVII
2469
MMDCCLXXII
MMDCCCLIX
2088
MLXXX
3023
2019
MMMCCXV
MMMCLXXXIV
1664
3233
MMDCLXVII
MMCMXCIX
1764
MCCCLXXII
3526
680
3940
151
MMMCMLXXVII
MMMDCCCLIV
MMCXCVIII
MMCMLXIX
MMMDCCXCV
MMDCCXLII
MMCLXX
XXIX
3772
MMMCMLXXXVI
308
MMCCXCI
2527
3351
3933
1833
MMMCDXXVI
1154
2286
DCLI
1491
1808
599
MMMDCCLXVII
3886
MMMDCCCLVII
MMCXXXI
MMMCCCLXXXV
817
MMMCXL
MCXCI
CD
2969
2369
MMMLXXXI
MMDCCLXIV
1293
3529
1853
CI
DCLV
1717
3085
MMCDLXXXVIII
248
1695
2358
803
MMCDLI
CCIV
2613
3930
814
MCCLXXVI
MDCCCXCV
2434
1431
1114
1891
3290
3756
1593
2163
MMDCLXXXVII
2685
MMXXXV
MMMDCXIX
2741
2362
MDCCLII
3806
1325
54
CDLXXV
3129
MMMCCXXXVIII
366
3249
2230
MCCLXI
MMMCDXCI
833
MMDCXLIV
CCCLXII
MMCMLX
765
MCVI
3285
MCMLXII
2503
MCDXXI
1017
MMDCXLVIII
MMCCLXXXVI
XXX
MMMCCCLXXII
3564
3123
3360
DCCLIV
3531
LXIX
MMCIX
MMMDLX
MCDXCIII
3057
3236
3815
MMMDLXI
1140
MCCXCI
2598
2065
2420
1605
545
MMMDCCXXVII
2519
3865
2524
MMDXXII
2300
MCDLXXI
XC
3168
3150
3341
1534
3419
CCXXXI
2337
MLII
MCCXCV
2186
CDLVIII
2632
MDCCXCIII
LXXVIII
2740
2969
MMDCCCLXXXV
MCMXLIX
2769
MMMCMXXV
MMDCXCIII
3843
CCC
MMDXV
LI
2372
MMMDLIX
3147
MMMDCCCLXXIII
3889
MCDLXXVIII
2004
MMCCCVIII
MMDCLXXV
2109
MMMCMLVI
MCXXVIII
MMMCCXLVII
MMCCXXIX
763
CMXI
2902
1398
MMCCCLXV
DCXXIX
4
736
MMMLVI
1115
631
761
3774
1038
3367
MMMDCXCIX
LXXXV
DCCCLXXV
503
489
3690
CCXXXIV
MCCCLXXXI
451
MMCCXXXV
2804
1121
MMDCCCLXIV
MMLIX
MMMCCL
MDCCCV
MCXCVI
MMCMLXXVII
3740
456
1400
CDXIV
2607
MMCCXXXI
3072
CLXIX
1644
MMDCCXXXVI
1962
XXXII
MMDLXV
3116
844
MMMCCXXII
MMDCCCXXXV
MMDXIX
3903
425
3191
3727
MDCCCLXV
147
2591
MMDCXLIII
MMLXXVII
MDCCCXXIV
MMCCLXIV
3511
CCLXVIII
MCXIII
1984
MCLVI
MMMDCLVI
MCMXLVI
115
3497
892
MMLXXIII
3532
3784
3049
1680
CDLIX
MMDCXLIII
3818
MMDCLIV
1313
MMMDXCV
1801
2895
298
979
MMCCLXII
DCCLXXXIX
MMMXXXII
MMMDXVIII
MMMDCLXXII
MCCLXXXV
2058
2146
2774
XXXII
MMCXXXVIII
MMDCXCI
1815
DCLXXX
MMCD
CDXXXVII
DCCXXXVI
782
MDCCXXIX
MXLI
3565
MCCLV
MMMCCCXXX
1120
376
2186
MDCCVI
129
2613
558
MMMCCCXCVII
2048
2797
1678
MCL
MCLXXV
MMMCCLXXXVI
2108
MDCCCLXII
648
MMMDCCXXVIII
CMXXXIII
MMCDXCV
2259
3299
3657
CCXXV
MMDCCLII
3881
MDCCLII
1053
MMMDCLXXXVI
1422
MCXIX
MMMDLXXVII
DCLXXIV
1479
MMMDCCCLXII
MDCCCXXVI
MMDCCLXXXV
MMXXVII
1132
877
CDXCVIII
MCDXVIII
CCCLVII
MMCDXLVII
MMCCV
2331
1645
MMMVI
1328
MMDLXXXII
MDLV
3315
MMMDCCLV
MMMCDXXXVIII
MMLXXXVI
CXCIV
MDCCCXIV
821
3951
MCCCXXV
CCCLXXXIV
MD
668
MMMDCLXXXIX
LXXIV
MMCCCXXXII
924
3136
MMMCLXXXIV
MMDLXVI
MMCMLV
870
MMMCDLXXXVI
MMMDXCIX
1067
1058
394
DCXCVII
DXXXIII
2275
3155
MMXXXII
2061
779
MMDCCXXVI
795
2116
MMMDCXLVII
3149
MCMLXVIII
MMXLIX
2978
MMMCCXLVI
3711
2233
2936
MDCXL
MMMDCXIV
CCLXXVIII
1322
MMMCCCLXXXIII
1534
1626
MDCCLXXVII
419
1137
MCCCLXXII
541
MDCCCXXXI
DLXXVI
3078
MCCCXXV
1228
1478
1476
3772
3392
DXLI
643
3574
MCXXIII
2917
496
MMXCVIII
MCCX
MMMDCCCXXXVIII
MMLXIII
1111
MCCCXCIX
2303
MMMDCLXXXIII
CCXV
MDVI
534
3645
MMDLXXIX
CCCLXVII
MMMDCCCXL
2246
MMCLXXXIII
MMMDCCXXXIV
78
974
MMLXXXVI
283
3706
1911
3411
MMMDCCCXLVII
MMMDLXXX
139
3892
MMDCCCLXXVI
MMMCMXXXI
2412
MMDCCLXXXVI
MLXXVII
MMCCXLVII
MMLXIV
1511
MMMDCLIII
DCCCLXXVII
1081
CXXVII
MMCMV
MCCCLIV
1856
645
MMDCCCXI
2208
1549
1189
MMMCDLXXXV
2955
2437
1631
2245
MCCXXX
1959
846
3232
1773
459
MMCCCXXVIII
3756
MMCCCXXXVI
MDCXV
919
MMDXVII
2583
1423
DCCCXC
MMMCDXCIX
MDCCCLXXXVI
3379
CDLIII
3978
1118
CXLII
MMMCCXXVII
1543
MMMCMXV
MMMDCCXXIII
486
1605
MCDXXXV
889
MMMDCCCXVIII
2159
CMLVII
MMMDCCCXXII
MMMCMXCVIII
MCXXXVIII
2956
DCCCXXVIII
MMCCXCVI
1152
3435
MMDCCLXXVII
1960
3125
MMMCMLXXXI
2945
MMMCCCXXXII
940
3868
MMCDV
2100
MDCV
1448
684
1717
MMMDLXXX
DCCCXC
DCCCXLI
1266
MMCMLXXII
3485
2217
MMCCLXIII
2279
MDCCCXVI
DXI
2456
3231
915
363
MDLII
MDCCXLVI
2071
MMMXVIII
MMXCVI
DCCXXIV
888
MDXXV
MXXVIII
1407
2062
1386
MCMLVI
MMMDCCXXI
886
CCCLXIX
MDCCLV
2025
CDLXXXIX
2304
MMDCCCLXVI
691
MMCMLXXX
DCCCXXXII
MMXCV
MMDXXXIV
MCCCLXXXV
3323
MDCCCVII
MXCVI
2726
1518
MMMCXII
93
DXLIII
2668
CDXCVIII
3600
DXXXI
3341
3450
MCCCLXXXIV
MMMCCLXVIII
CMLXII
1766
CC
19
MMDCCCXLV
3813
CXXXI
2616
DCCLV
3152
MMXVI
MMMDCCCLXIII
2743
1213
MMCXX
2554
371
2845
MMMDCXXXVII
1252
MCCCXX
MMCCCXCVIII
DXXXIII
2669
2857
1330
MMDCCCLI
MCXIV
3609
938
MMDCCCLXXX
CCXIX
MMMDCCCLXXXVI
767
1927
MMMCCCLV
CDLXXXIII
1950
MDCXLVIII
2222
DCXXXI
958
MMMCCCLXXX
MMMCXXII
2993
1972
2276
MCCXXXII
3448
167
791
CCCXCV
MCMXII
3134
167
3712
1567
1188
MMDCCXIX
699
715
MMMCCLXX
999
812
638
2522
2512
43
MCLXXIV
2442
1852
MMCCCXXV
CMXXXVII
3551
MCDXLVII
584
MMDCCXXIV
MMCCXLVII
MMMDXLVIII
MMDCCCLVIII
MMDXXI
CXXXVIII
MMMCMII
MMCCLXXVII
2490
MMDCCLIX
MMDCCXIV
2082
DLIII
829
MMCDLI
MCDXXVII
DCXI
1203
MMCCCLXXIV
MMCCXLVIII
MCXCV
MCMLXI
1224
MCDLXXXI
3120
355
MMCMX
2859
30
2513
2906
1456
MDCCCLVII
MMMDXCIV
1396
MCC
MMDCCCLXIV
MMMDCCLXXXIII
MLXXX
2867
2781
2615
3650
428
XXI
3110
1137
MDLXVI
1369
1943
MMDCCCI
CCCLXXXIII
MMMCMIX
DCCCIX
MMMCXI
CXXXIX
MXCIII
MMCCLXIX
CCLVIII
MMMDCCCLXXXVII
97
DCCCLXXXIII
2110
1173
3863
D
2745
MCMXLIX
2619
MDCL
CMXXXI
CLXXVI
3577
2072
3458
2696
MDCXXXII
3003
3474
286
MMMCCCL
1743
3742
MCDXVII
MMXXIX
CMXI
2383
MMDCXII
2486
2274
LXXXIX
3773
MMCLXXXV
MMMCMLXXXVI
MDXII
DXIII
MDCCLXXII
MMMV
MMCCCV
240
MMCXIX
MDCCCXCI
311
1326
DLXVIII
MMMDCXCVII
1067
616
MMCDXLV
MCCCXIII
1736
MMMX
DCCCII
471
CLXVII
CCLXXI
2377
3762
3191
2001
CCXIX
MMMXXVIII
2592
MMCM
MMCCLII
678
MMCCXXXIX
MMDCCCXXVIII
249
2343
3019
MMMDCCXXIV
3429
MMCMLXXXIX
MMMCDLVI
1249
317
MMMDXCV
2079
2503
MMDCCLXVI
1304
3114
539
836
MMMCIV
3212
775
MDCCXXXVII
3290
2623
3628
2124
MMMDCCCXLI
DXXXIX
MMMCDLXXI
MCMLXXII
CXCVII
1620
1455
MMMCMXXXVI
3337
2379
3930
MDCCCXII
MMMLXXVII
2858
2633
CLXIV
2844
CCCXLVI
1783
MXI
DCVII
3742
1607
MMMDCCCXLVI
MMDLXXXVI
3050
MMXXXVIII
2903
2862
3919
767
MMMCCCLXXXIII
MMMCCLXXX
MMMCCXXVI
1144
DCCXCII
CMIX
MMMDXLII
746
MMDCCIX
MMMCCXI
MMMCMLXI
MCLXXXVI
2292
1585
CDXXXVII
3670
3919
2325
2751
MDCXXII
1665
MMMDXCI
1238
MMMCDLVII
MMCCCLIII
MMCCXV
CDXLVII
CCXXII
3598
MMDCCCX
2333
DCCVII
2989
LXII
2377
3247
MCCLVI
MDCCCLXXXII
MCLIII
MMMCCLXII
801
1728
2379
MMMCDXXXVI
MMMCXXIV
MMCCXXXI
1101
744
1687
MMMDX
MMDCXXXVII
MMMDLXXIX
MCMIII
MCLIV
1449
MMCCCLIX
MMMCLXXX
MMMCXXXIX
957
MMDCCCXXXI
1247
2744
MMCMXLIII
MMMLXXIX
MMMCMXXXI
CCCLXVI
CDLXXII
2955
2161
MMMXCIX
CDXXX
3122
MMMVII
382
MMMCXXXIII
505
MMDCCCXLIX
MMMXXXVI
1604
1046
MMXC
MMMCXXXV
587
MDCI
1183
MMMDCCXXXV
1918
MMDCCLV
MCD
MCCXLVIII
1721
CXV
MMDCCLIX
MDCCLVI
MDLXVII
1588
MMMDCCI
2971
402
DCCCXXIV
627
3752
1296
1574
1369
MMMLXXVI
MMMCCXXIV
MMMCXXXIV
CLIII
MDCCCXXVII
1629
3849
3688
2781
2289
1312
1252
633
MMMDCCI
530
3381
2240
MCDV
1022
857
MMMCDLVI
MCLXXXIV
3183
3579
485
MMMDCCCXLIII
3177
MMMDXXVIII
2466
3432
2812
2148
3185
MMMCCXXVIII
DCCCLII
1292
MMMCMLXXXVIII
2927
2477
3808
MDCLXXVII
MMMDCCXCVI
2071
2839
2508
796
MCCCLXXXIV
CMV
MMMCDLXIII
981
3684
CDXCIX
MMCMXCVII
MMDCCCXII
CDLXXVII
MMMCCLXXIII
3400
1358
3959
MMMCCLXXXV
2918
MMDXX
MMCCCLVI
342
383
727
463
DLXXIX
MDI
MMMDII
MMMDCCLXXXIV
MCMLVIII
MMMCCXIV
MMDCCCLXXII
1559
MCMXXIV
CXXIII
2776
2726
2851
3605
903
MDCCLXXXVIII
2086
MMCMXCVIII
MMDCLXXXII
902
2182
1010
CLXI
1755
743
MDCCCLXXI
3804
3069
MMMXLVII
672
MMDCCLIX
3325
816
MMXCIX
MMMCMXC
CMLXVI
DCCCLXXXII
MMDCCCXLIII
162
3152
MMDCCLIII
MDCCLV
MDLXIV
MDCCCL
967
MCCCLXXII
1705
3603
3419
MDCCCXXXII
949
2569
2104
397
3518
MMMCCCLXXVIII
280
1895
3991
MMMCDLXXXIV
1327
2054
710
2619
1827
113
1981
1514
653
CMLXVIII
MMDCCV
2971
MCCCXXI
MMCCI
MMCCXLVI
MDI
742
MDCCXXI
3272
2682
MMMDXXXV
3066
3971
MMCXLV
MMMDCCCXCVI
1247
2773
1452
MMCCXCI
3816
MMDCCCXXXV
MDCCCXXVII
3868
2759
MCCCLIII
MMMDCCXII
MMCCVIII
3562
3545
MCXCIII
1322
52
XVI
CMXCIX
MMMDCCCV
MDCCCXCVI
CII
865
CCVI
1638
DXCVI
221
CCLXVIII
MMCCCXXVII
MDLXXXVIII
1155
1630
MMMDCXXVI
MMMCMLXXXV
2489
MMMDCLXXXI
3847
MMMCXII
189
MCDXIII
841
MCLVII
1529
1343
487
CCLXXVI
MCCIV
3969
655
MMCCXI
MMMCCCLVI
1035
CXXXII
2945
675
1672
MMMCXVIII
MDCLXXII
CXXXVI
3063
CCCXCIX
MMMCDLXXXVII
399
587
1380
CDLX
2124
MMMDCLII
MDCCCXXXIV
MMCDXXVII
MMCMXLV
DCLXXV
3955
DCCCLXXXVII
2693
MXCIV
1373
280
3230
1697
MDCCXXXIII
MDCCCLX
906
MCLXXXIV
3850
1528
1541
2799
MMMCDXXXVII
DLXXX
MMDCXXII
3297
3821
3946
968
921
MMCII
MMDCCXCIX
1971
MMMCDXIX
2717
1347
DCCX
DCCCXLVIII
MXLI
76
DLXXIII
2113
3807
1465
181
CCCXVII
MDCXLVI
2189
DXLIII
3674
MMMCMLVI
MMMCCLXXXVIII
773
CDLXV
CCCXLVIII
MDXLII
MCCXXII
3525
MMCXXXVII
MCMLXIV
2896
MMDCCLVII
CXXXII
MCCXIII
MMCCXCIV
1971
MCLVII
1585
MMDCCCXCVII
2092
993
MDLII
DCCCXXII
MMCMXII
MMMCCXXXIII
MDCCXCIX
MMCMLVIII
778
166
1643
MMMDCCCII
1251
MMDXVIII
842
3681
1623
MDCCLXXXVI
2577
MMCCCXI
MCXXI
CCCLXV
716
1821
DLVIII
MMCDX
MMMCLXVIII
820
MDLXXXI
MMDXCI
1940
3622
382
MDCCCLXXXVI
1869
MCDLXXXIV
2319
DCVIII
MMCMXCII
2890
MDCLXVII
MDCCLIII
1166
MMLV
MCCCLXIII
DCLI
MCMLVIII
355
491
MMCDLXXIV
2222
DCCCXV
MMCMXLVI
1882
3259
1079
3850
3812
MMMDCXVII
3713
825
1293
MMMCCLXXX
MMDCXCIII
1671
2718
2330
2526
MMCCXVIII
MMDLXXX
1692
MMCCCXLVI
MMMCMLXVI
143
3047
CCCX
330
MCDLVI
MMMCXXXV
MMMDCCXV
MMMX
DCCLXXV
1474
3093
MDCCLXXXVII
3772
MCCLXXXII
3761
MMMDCCXLII
61
961
DLXXII
MMDCCCXLIV
1916
MMMDCCVII
CCCXLII
2645
DCXXXV
1204
MMMCCLXI
MMXLIII
CCCXCV
MDCXLI
MMCDXXVII
1147
MMMDCXXIX
1072
MMMLXIX
MMDCLXV
3221
444
MMCCCXX
24
1583
DCCCXCVII
2125
3465
MMMCCXIX
1908
2139
1468
MMMDCXCIV
2064
1605
3103
MMDCLXXVII
MMCCCX
944
248
337
1023
MMCDLXXX
956
CDLII
983
MMMCDLXXXIV
DCCXLI
2603
933
1193
MMCCXXXVIII
MMCDXXXVIII
797
MMMCCCXLVI
MMDCCVIII
1897
DCIV
MMCDXLIX
MDCXIV
MMDCLXXV
MMDXXXII
MMMDCIV
MCMIX
2729
MMCDXXXV
MMMDXCVI
CXVI
DCCCLXIII
2606
1967
MMMCI
2261
CXXXIV
3813
3365
198
1603
MMDIII
MMCVI
560
MMMCDLXIII
1556
CMXXXIX
1891
V
3364
MMMCLIX
CLIII
CMXXXIV
2920
MMMDCCCXXII
327
489
MMDCCCLXX
MMMDCXXVIII
DCCCLXXXII
1775
MCDXXVII
MDCLXXXI
33
MMMCLXIII
MMMCDLVII
930
3518
1993
2473
3234
MDCCCXCVIII
XXXIV
CMXCIX
MCDLXIV
1372
MMMCMXLVII
711
MMMCLXIV
MMMDXXVI
MMMDLXXXIV
CLX
1010
MMCCCXXX
DCXXXI
MMDCCCXI
DCCXXI
MMCCLXIII
2364
2504
2516
3332
2691
DCCCLXXIII
MMMCDLI
3668
CDXXX
3131
2988
3779
MCCXLVI
MMMCMXC
MMMDCCLI
797
2168
1220
710
2404
CCCLXXX
79
MCC
MLXVIII
3413
1504
3539
CLXVII
2285
3680
MMCMXXI
DCCCXLVIII
MMLXI
708
2483
DCLXXX
MMCDLXXXV
MDCCXCII
MMMDLXXVIII
MMMDCCXXXVI
759
MMCLXVII
1856
CDLXXIV
3103
MDXV
3722
1882
2003
MDCXX
MDXX
2352
306
MMDCCLVI
1910
3129
106
1337
740
MMMDCCCXXIV
CDLV
1411
2175
MMCCCLXXVIII
MMMCCLXIV
771
1479
MMMDCCCLXXXV
DCXXXIII
MMMCMXXXI
1795
MMCDLXX
MCLXXXVI
1366
MCCXC
MMDCCXCI
2464
CCCII
2474
MCCXLVIII
3822
CLXXI
MDLXIII
2636
MMCCXLIX
MCDXL
2389
3830
CCCXXV
101
MDCCLXXV
2156
240
MMMCCCXXVI
1471
1513
3809
CXV
MMMDCCCLXXXIX
MCXXVIII
1623
2939
MMDCCLX
MMCCCXCIV
654
352
2651
MDCXV
899
1157
XLIII
MDCXCI
3673
MMMCMLXXXVII
2036
1927
2342
3514
MDCCCLXXII
MMMCDLXXXIX
MMMXCI
139
3418
724
MDLXXIII
1565
2306
MCXXXII
3239
862
MCMXIV
MMCCLVIII
2794
MDCCCXXXV
1648
618
3106
DCV
1887
1580
3173
MMIV
2339
MDCCXXXVII
MMDCCLXV
3957
2428
MMXV
3536
MMMDCCXXI
MMMDCCCXCVIII
3557
MMCCCLVII
MXI
2859
MMMXC
2734
2437
437
1821
MMCDXXXVII
MCMXLIV
1617
1850
MMMDCCCXXXVI
3047
2329
MDCCXLIII
MMMDCCXLIV
MCXXIII
631
MMMDCCXXXVIII
MDCCCLXXI
489
CMXXVI
3068
1414
1760
MMMCMLXV
185
MMCCCL
1063
724
2165
3130
MMDCLXIV
125
299
608
MMXLVIII
2278
829
DCCXLIII
127
228
356
MMDCCLXIX
DCXLI
3351
2216
MCDXXVI
1394
CXXX
839
DCXCIII
MMCDXLVI
3518
2411
3501
99
DCCI
2051
2923
MCCCXVI
MMCCCLXI
MMMCCLXXVII
MMMDCCXLVIII
MDCC
DLVII
228
3369
2701
CXCII
DCLXX
MMDXCIX
3271
MMDLXXXIV
3620
MDCXLI
957
137
2034
MMXXXV
1443
MMMCCXXV
145
CDLXXXIV
3493
DCCCL
2197
MMMXCVII
MCCCXXIII
MMMLXIX
MMMCCCLIV
MMDXCIII
MMDXXXV
442
MMDCXLV
CCXLV
MLXXXVI
893
2539
138
559
CCXXXII
1929
MMMDCXX
MMMCCCX
3771
CCCXXV
621
2656
3337
3835
MMMDLXIV
MCXCIII
3509
1948
MMDCXX
1127
MMMXIV
1598
2954
1785
MCDVIII
1456
623
2867
1389
MMMDCCXLIV
LIX
2741
954
MMMCMLXXV
2343
MMDCXLVII
2193
2051
MMDCCXXV
1335
MDCCXCIV
MMCCXVI
796
MMMDCCCVI
MMMCCXXVI
MMCCXCI
1876
2968
3708
2180
MDCCXXII
MMDCXLVI
2081
MCCLI
455
546
1971
3933
196
1658
MMDCI
1061
2660
MLXVI
MCCCLIV
DXLIII
3092
MMDCCXLII
MDCCLIX
623
XI
1848
3423
MMMCDLXI
MDCLXXXI
CDXCI
MLXIV
2713
789
2129
2564
MMMCDLXVIII
145
610
MMMDLXXXI
LXXIV
1830
1584
3945
6
DCCLIV
981
MMCDLI
1006
MMXI
547
MDCXLVIII
MMMCDXC
2858
MMMCIV
MDCV
658
1635
1625
3154
MMCCCXXXVII
2428
LIII
2636
DLXXIV
MMMLXXII
2695
MMMDXX
MMMCCXCVI
MDIV
MCMXLII
MCXXXIII
2197
MCCCXLIII
MDCXXXII
DCCCIII
3682
MMMCCII
1389
278
MCCLXIII
3603
CCLXI
1521
1081
DCCCXII
1312
1097
1048
3343
CXLVI
60
CLV
MXXXVII
MMCCXCIV
MDCCCLXXVIII
3864
1191
1734
772
CXLI
555
3025
DCCCXX
DCXLIX
CLXXVII
255
3617
301
MDCI
211
MDCCLXII
MMCCIV
MDCCLVII
LXXXIV
3254
1845
MCCCLVIII
MDLII
1564
1049
3253
2705
MMMDCCCXLVI
1765
1357
MMMCCCXCIX
846
2371
366
MMCCXXXIX
MMDCCCII
488
2257
2698
1749
91
1381
MMXCIII
MMMCCCLX
708
3976
3276
3462
MMCCLIII
2074
1498
3601
3551
1635
2098
3496
DCCCVII
CCCLXXX
MMMLXX
MCMXXIV
MDLXI
MMMCXXVIII
2408
3422
MMMCMXXXI
3968
931
2084
DXLVII
MCCCI
MMDCCCXCIX
DCXCVIII
215
CDLXX
CDXXXV
46
3836
MMCDXLI
3267
MMMCMLXXXVIII
XVII
2432
207
476
1693
MDCCXXXV
915
1258
CDVII
352
3460
1211
MCDXIX
1087
MCLXXII
MMMCD
3934
1693
2908
MMCLXXXII
3854
2227
2217
CMLXIV
MMMCDXXIII
3049
MCDLI
MDCXXIV
MCCXXXIV
702
MCDLXXXVII
MMMXXIX
1809
MMMCMLIV
321
2289
MDXXXVII
3782
MMDCVII
3068
1065
MMCLXII
DCCCXIV
764
1520
889
MMMCMXLI
MDCXIII
1742
2636
DLXXIII
MCDXXXII
1555
3763
MMCCCI
MMDCCCXXXV
350
MMCCCLXXX
CCCLXXI
3116
MDCCLXXV
3489
1761
266
MMMCCVI
CXI
MMCLIV
521
MXXXIV
3666
MCCCXLVII
3130
DCCLIII
3746
MMCCCXXV
MMMCCXXIX
MDXXXVII
118
MMMCCCXXIX
DCCLXVIII
MMCXLVIII
MMMCMXXVII
3022
952
MMCDXXX
587
3874
1225
MMDXX
CCXIV
3835
MMCCCVI
419
698
1637
MMMCDXXV
963
2445
1758
1910
207
CCCLXIII
3565
438
CCCXC
2739
1043
CDXCIX
DCCII
3120
CCXLV
1004
260
2007
3288
3452
CCLXIX
CMLVI
MMMDXVIII
1369
687
CCLIII
475
2896
2852
MMDVII
CMXXII
1354
416
MMMXLVII
184
3039
MMMDCCLXXIII
MDCCXXX
MMMDCCCXI
MMDCCXCVI
MMMCDLXVI
1184
1837
MMDCXVI
MMMCMXXX
3460
3984
1685
MMMDCCXXIX
3797
515
1709
1477
3912
266
MMMCXXXIII
MMMCCLIV
77
MMCDVII
1891
3917
DCCLXXII
CCCLXXIII
2740
MDCCLXXXVI
MMMDCCXXXIX
1906
MMMDCCCLXVIII
1849
3955
MMMDXV
DCCLXXVI
345
505
3993
2118
VII
1279
LXXXV
CCXXXVII
MCDXC
MMCMXCII
1225
3945
MMCLXIII
978
200
2457
CCCIII
MMMCMXXX
2346
2487
2970
2456
DCCCXCVII
CMXCIII
MMXCVII
212
MDCXXXII
MDXIII
MMCMLXV
3071
LXXIX
1580
MMMCD
MMDCCLXX
291
1616
2522
DCCXIX
1552
1260
CCCXCII
MMMDCCXLVIII
MCMXIV
MMMXLIX
3460
3643
47
626
1244
3845
1279
357
C
820
MMMCMLXXXVIII
CDXXVI
MMMCCLXXXII
1555
MMXLV
611
MMMDCXXXIV
MMMCXCIII
2169
MMCDXC
MMCLXXXV
MMDCCCLXXI
MMMDCIX
MDXLIII
3798
MCXXXI
1242
MXXXIX
MLXXXII
MMMCCCXVI
413
2875
3821
1050
MMCMXLIV
MMMCLXXXVIII
3134
2328
548
DCCCLXXVIII
3522
DCLIV
3951
3260
MMCLIX
3415
MMCCLXX
MMMDCXCII
3148
MMCCCXXXI
MXXI
MMMLVI
1212
CMXLV
3866
MCLXV
2054
3203
MCCLXXVIII
MDCXXXVI
2897
MCMXL
MCCLX
MMCMXCIX
2733
MDCLXXXVI
MMDCCLXXV
2309
XXXIX
MMMCCCLIV
3172
MMMCMXLIV
MMMCXXXIII
MCMLXXVI
MMMLXXXIII
1085
MDCC
MCCXLIX
MMXI
924
464
1730
MDXLI
CCXLIV
MMCXX
MMCCCXXVI
3987
DLXXIX
3622
MMDCCIII
MMMCCCXV
MCMXCV
959
MMMCCCXCVIII
DCCCXCI
MMMDCCCLXXVIII
3453
390
MCDXXVII
3667
CDLXXIV
MCCXCV
3063
MMMCCLXXXVII
MDCCCXXXVII
DXCI
CDXXXII
CMXCV
89
MMV
CCLX
1580
MCLXVIII
MMMDCCCLI
2754
MMIX
MDCCXCVII
805
1413
1257
MMMCCXXVII
DCCXXXVII
1272
3818
608
3908
MMCCIII
2542
340
MMCMLXV
3800
MMCLXXXVI
3903
MMMCX
MMMCDXIII
3981
82
2594
1500
1946
MMMDCLXXXIII
MMCMXXXIX
1414
150
1656
892
858
3372
1829
225
1277
MCMXCIX
2004
1811
MCCXXXIV
MMMDCCLXXIII
3523
2571
1441
CLXXVII
40
1963
1615
MCMXX
83
1293
245
MDCCXII
MMCLXI
MMCLIX
MMMDLXII
3095
3995
1198
347
MCMXLIX
3230
2146
MMMDCXII
MMMDCCCLXXXII
1216
91
MMMCCXXI
12
CDXLVII
1805
932
MMCCXCVII
616
MCLXXII
DCCLXI
MMMDCCCXCV
3849
MCXXXII
MCCCXXX
MMDXXI
MMCCI
DCLXXXVIII
MMCCXLVI
2630
2111
2019
MMXII
MMDCCCXXVIII
MDCCLXIX
MCCLXII
1379
3838
MDCCXLVII
MMMCDLXXXIX
MMCDXXXII
814
MMMCCLII
1131
656
1560
67
1129
1299
1922
MMDCCCXXXI
1909
MMMDCLXXV
MLIII
1298
MMMVIII
1353
256
383
MMLXXXV
CCXLVIII
1252
MCDXCIX
MMMCCCXXV
MMMCXXII
516
MMMCDLXXVII
2926
673
961
MMLIX
CDXVII
417
MMCDXXII
2696
MDLXXII
MDCCLXIV
MCCCXXXVI
1860
MDCLXV
MMDCXCI
MMDCCLXXVIII
MMDXX
MMMDCIX
2007
2349
102
MMMCMLXVIII
MCDIII
MMDCCXXVII
CCCXXXIII
MMMCDLVII
2124
3019
CDXCIX
3481
MMDCCCLXIII
1153
3632
CMXXXIX
3123
DCCXLIII
2434
674
2143
MMMCCCLXXIX
LXXXI
1753
MMDCLXXXVI
MMCMXXXIX
MCCXLIII
MMMDCLXXXIV
502
214
1555
1982
3969
2396
2922
MMMCXIII
MDCCCLXXXIX
699
MIV
1860
MMCCLXXI
929
1848
1537
765
2737
86
DCCLXXXI
CDV
1291
MCXXVI
MDCCCIII
2055
MMMCXVIII
3845
3423
1977
3733
CXI
3475
1681
3819
MMDCCCXXXIV
MMMCCCXXVIII
3241
1765
2780
MMCXLVIII
1849
MMDCLIII
2147
1986
CCVII
3556
DCCLXIV
3237
CCLVII
DCXXVIII
3576
3754
MMDCCCXLIV
1740
MMMCDXCIII
MMMXXVI
1629
CLXXVI
CLXXXI
133
CCLXXII
1502
MMMDCXLI
MMMCDXCIX
818
CLXXXIX
419
2973
881
942
CCCLXXXIV
2706
MMMDCXLII
2922
MXCII
MMMCCII
2443
1238
MMCLXXXI
662
MDXXXI
13
MMDCCCLXXX
MMMCCXCI
1712
3449
1613
MDLXXX
MCDLXII
28
CMXXXIII
810
994
CXXIII
MMDXXVIII
3184
3059
MCMIII
190
MMMCDXCVII
MDCLXVII
3963
2056
3068
611
MMCCCXXXII
318
CVII
CXLI
2030
2012
MMDCCCXIX
3036
1977
2626
2072
MMMXX
2846
1261
1715
9
1345
3049
MMDCCCLXXXVIII
MMCCCXI
3209
MCLXXXIV
2846
XLII
MMMDCCCVII
MMMCXII
670
2857
MMDCXXX
1264
MCCXLVI
MDXCIX
MMDCCIX
3199
MCMLXXX
963
CXLVI
2496
317
MMMCCCXLIII
2036
MMDCCCLXXVIII
MMCCCLIII
1933
XXXIX
1905
3848
2893
MMCMXLV
2526
3777
950
2169
MCCVII
1878
CMXXVI
MMDC
1905
3769
MDCLXXXVII
3386
148
MMCDXXIX
7
MCMLVIII
DXC
MMMCCXCVII
MMCCCLXIX
CDLXVI
MDLIII
MMCMXCVII
MMXXIII
1521
327
MDCCCXLII
3565
1228
1976
3884
559
MMMDCCCLV
MCCXCVII
MMMDLXXIV
MMMDCXLIII
3034
MMMCXLVII
CXV
2510
558
MMMCXXXVII
MMCCLXXXVII
2078
173
713
2828
MDCXII
MMXLIII
DCLXXIX
1359
MMMCDXCIV
MMCDXXV
1255
3469
2437
DCXCV
MMMXCIX
1270
CMLXXXVIII
MMDCLXV
324
3141
MMCMXXX
453
MMMCMXXI
661
MMDCCXL
MMMCCCL
CCXCVI
2635
CDLXI
2573
MDCCCLXVII
CCLXIX
CDVII
DXI
MMCXLIX
2658
MMCCCLXVII
1576
2567
310
3562
2924
MMCCCLXXIX
MDCCX
CMLXI
MMDXV
MMMDCCXIII
II
812
2082
MMMDCCCXXI
MMDCLXXX
3667
MMMCXXXVII
MCIII
755
MMDCLXI
CCCLXXXII
3529
2150
MMMDCCLXII
186
1524
1808
2090
1447
3973
321
MMMCXCIV
2995
1982
MMDLXXXVI
MDXLVIII
MMMDCCLXXXIX
CCLXV
436
MMDCXXV
1635
MDXXVIII
3546
2734
MCCCXXI
CMLXXXVIII
489
MMMDCLXXVI
MMCMXXVII
3031
1795
DCCXCIII
3782
379
MMDCCCXXII
3578
MDCXXXVII
3784
MCCCLV
1080
3375
515
MDLXXVI
59
MCLXXXVIII
1359
3988
1870
MMCCCXXVI
844
328
1232
3739
MMMXCIV
1810
1610
1007
MMMCMXVII
69
3903
3723
MMMDLVII
DCCCLXXVI
1365
MMCCCXCIII
520
3021
1616
DCCXCV
DCCCXV
MMMCDXXXVI
MMDCCLXXXII
3483
DLXVIII
1029
804
2201
CCCLXXI
1225
1179
3911
MCCXCIII
1460
MMDCCLXXIV
3354
1237
CCXIII
MCCCXXXIII
736
691
3483
1938
3965
MMMLII
MMMCCXCVII
544
3297
15
311
658
MMDLXXXIV
DCXCII
MMCCCXXIV
MCCXXXI
MMDCCCXIII
MMMCMXVI
LXIX
MMCXLIII
145
DCXIX
XCI
2205
1073
490
MMCMLXXII
MCLXVI
671
3796
1889
3706
MCMLXXII
149
CCCXCIII
612
700
MCDXCVI
MMCCXXVII
3756
MMDCLXXIX
1002
1526
2411
1024
MMMDCCXXI
MMMDCLV
MCCCXCIII
CXXXV
MCCCLIV
1399
MMCCCLXXXV
2690
1384
1509
MMCCCLVI
961
3026
3663
CDXXXIII
24
CXXXVII
MCLXXXII
3869
MMCCCXLI
DCCXCVII
MMDCLXXV
MMMCCCLXXXVI
MMMXXXVII
MCMLVIII
MMMLXXVII
MCMLXXVI
MLXXXII
2016
MMDCXXXVII
MMCMXII
2422
MMCCCLXVI
2296
2205
MMMDCXLII
MMCDLXVIII
MMCLIII
MDCXXXI
MDCCXC
MCMXXXII
MMMCCCXCIII
MDCCCXVIII
MMMDCLXXVI
DCCCII
154
3674
MMMXCIV
3987
DCCLXXIII
MDC
CMLV
1018
MCMXXVIII
MMMCCLX
3078
MMDXXV
148
3473
CMXCV
1766
3258
MMMCMXLV
3530
CLXII
MMDCXCVIII
MMDXC
MMMDCLXXX
1217
1303
435
DCCCXCIII
190
DCCIV
MMDCCCLIV
CCXXV
DCCCXLV
CCXXXV
MMMCCCLXXXIX
2786
2251
MMMCMLII
527
3421
3442
339
3008
MMMCCCXXXV
658
3301
MMMCDLXXX
MMCCCXCIV
MDCLXX
2881
3830
DCXXXV
2326
149
CCCXXXII
2466
MMMDCCXVII
MCMLXXXIII
3592
1110
MMMLXVIII
DCCCLXXVIII
3514
2890
MLXXXIX
CDXXXIII
2988
MDCXLV
MCIII
MDCCCLXXXV
3005
MMMDXXV
MMXXVIII
MMCMXIV
MDCCCXCII
472
MMMCDLXXII
XII
MMCCXLI
MMMDCCLIX
CDXX
2241
3243
MMMCCXLV
2966
3811
MMDCCCLVII
MMMCMXXVII
MMXCVIII
MDXLII
2822
3985
66
CCCLXXXIII
MMCDLXIV
920
2678
2958
MMMDCLX
1343
890
MMLXXVI
MMLXXII
MMLXXXVI
963
MMDCCCXC
1299
MMMCXL
2033
MDCXLIII
DCCCLI
3499
MMDCL
MMCCCIII
951
137
MMMLIX
MMMCXCIX
1318
2614
MDCLXVII
MMDCCI
2813
958
DCLXXIV
1808
MMDCXVIII
MMMDXCIII
325
MMMLXXIV
MMCMLIX
MMMCDLXI
MMDXXXII
MMMCCXXXII
3408
MMMCLI
MMDCCCLXXVIII
2770
DCLXII
3725
MMDCCCXIX
DCCXLVIII
3572
MMMCDLXXIV
MCCCXCII
679
1179
3085
DCCXXV
3704
2923
MMDCLXIV
2817
1124
436
2972
787
MMDCCCIV
MMLXII
MMMXII
DCCLXXIV
MMCCCLXIII
MMMXCI
365
3426
MMDLXX
MMMDCCCXVI
MDLVI
391
1604
3406
1905
MMMDXXXVI
MMMDCCII
2305
MMDCCXXXI
MMMCCCV
MCDLXXVI
1333
842
2861
MMCDXI
1457
236
241
3772
1580
MMMDCCCLXXXI
DXXI
2169
215
DCXXIII
MMDCXXII
3887
2898
1762
MMMCMXXXII
MMMCMLXXV
450
1181
MMDCCCLXXXIII
1889
MMMCCCXVI
MMMDCCLXII
MMCXLVII
DCCLXV
MDCCLXXXIII
MMDCCLXII
MCDLVI
MMCDXIII
MDXLIII
2400
MMDCXLV
199
658
2302
1740
3235
CXXIX
MMDCCXXXIII
DLI
XVI
1681
3811
2720
MMMCCXLVI
2653
CCXXX
3835
MMMDLXXV
CDI
CDLXVII
1574
433
MMCXLII
MDCCCXXXII
MMDXIII
1115
1214
561
MMXXXII
MMCCLVI
1864
MDCCCXCII
MMCCXXXIX
3380
1047
1877
2824
2036
3755
MMCXXIII
2048
933
2175
MC
299
1726
MMMDCCXXXIII
1204
MMMXLV
MMDCCCX
MMDCXLIX
3082
2115
1568
3851
3539
MDXI
MMDCCLXXXVI
3408
1014
MCMLXII
1651
731
2728
2675
792
DCLXXII
MCCXLIV
3558
DCLIV
MCCCXXVIII
MDCLVI
MMCCLXII
MMXVIII
MDXXIV
1437
MMMDCCXCV
MMCMXXXIII
2753
1387
3325
3945
MMMCLXXIII
222
2709
2586
612
DCCCLX
1638
1760
MCXIX
3851
3091
146
1697
884
MMDXC
3812
MMMCCXVI
CMXVI
MMMDCCCXXIX
664
1633
MDCCCLXXIV
MMCCCLXX
CDLXIV
2880
MCDLXV
MMMCDXXXIX
CDXXIII
2638
1697
MMMCMXXXVIII
MMMDCCXXVII
MMMCDXXIII
DC
MMDCXXIII
1723
3343
1480
1467
MDXXXIV
MMMCCLXXXII
3806
900
3624
3987
3412
MDCCCLXIV
MMCDXLVIII
MMCCCLXXVIII
3643
895
631
1811
2423
MMDXX
MMMDCCLXXXV
MDCXCI
151
MMMX
498
2459
3974
MMLXXXVII
DLXXX
DCLXXIV
MCCXXVI
MMMCDIII
MMMCCLXXXI
DCCXXVII
1876
CLXXVII
MCDLXX
CMXII
1615
MMCDVII
MDCLXXVII
3387
CLI
429
3425
718
MDXIX
MMCDXCVI
3410
MMMDCXCVII
2844
CCXVII
2459
DCCXCIV
MDCCXVII
MMMCMLXV
103
3693
748
MMDCCCLXIII
MMCLXXI
MMMDCLXXXVIII
DCLXXXII
CMLXXII
2544
1230
MDCCCXXXIX
655
742
2214
3387
1265
MMCCCXXVII
MMMCCLXIV
MMDCCCXIV
MMCCLXXX
LXXXIV
651
MMMDXLVII
3946
XLVI
MMCCLXII
1468
1864
1681
2894
113
MCDXCVIII
22
2991
DCCCXLVI
MMDCCIV
3236
3398
1968
642
2739
1974
1378
1500
1878
1558
MXLV
MDCXLVII
2230
MMMCCCLXXIII
MMMDCLXXVIII
452
2263
2346
807
396
1140
MMMCMXXXVI
42
817
3750
2807
1427
MMDCII
MMCCLXIV
MMCXXIX
MMMCIII
1112
2325
1813
2892
3308
MMMDCLXII
MMMDCCXCVII
1461
MMMIII
1430
MDCCCXXIII
739
DCCLXV
2929
2583
1295
MMMCCXVIII
MMCMXXIV
MLX
MMDCCCLIV
MMMCCXCIX
1980
415
2324
505
3058
3227
MXXVII
MMLXXXIV
3498
2445
MMCMLXXV
CCXIV
1119
3419
CCXII
CII
3223
882
3215
2407
MMMCCXLII
MMCDII
MCCCLXXII
MMMLXXI
2545
MMMCCCLXVI
1394
MDCXCV
2275
DCCXXXVI
1219
MMMDCCLXXII
MMCLXIII
1242
522
3301
3931
MMCCCXXVI
MMMDXIII
2974
MMDLXXXV
MMMDCCLV
XIX
1334
MMCLXV
MDCCVIII
MMCMXXV
297
280
3220
1380
3629
DXIX
1249
MMDXII
3816
1766
3782
MMCMLXIX
1800
MDXLVI
MMXIII
1799
MMMDCCXLVIII
2085
MDCCCIII
DCCCXIII
3822
CCXXXIII
2654
2954
DCCCLXV
MMMCDXVII
1737
XXXIV
MMDCXVIII
MCCLXXIX
391
262
MMMCLXXX
MMMCDXLIV
MMDCXXXVI
934
2071
MDCXCI
MMMCCCLXXIV
1269
MMCDLXXXVIII
2211
MDCCLXI
1948
3036
3439
2560
2146
DCCXX
MMCDLIII
CCLXXX
2791
MDCCXL
MMDCLXXXVIII
1120
674
386
DCCXLIV
MMCCLXXXVII
909
MMMCLXXXII
MDCCLVI
2053
MMMDXXII
2419
MMMXXXVI
MMMDCCXLVI
MMCCCLIII
446
1991
DCCCLXXXV
MMMDCCLXIII
DCCCXCIII
MMCDXXIX
985
1952
2502
CLII
3482
1499
3868
MMMDCCCXCIV
2209
MCCLXIX
465
923
MMCXCV
DCLXXXVIII
CCCXCVII
MMCCLXX
1779
1336
170
MCMXXII
CMXXVII
1858
MMMCMLXXX
551
DCXXVII
1300
MCDXVI
MMCCXXX
1133
1562
MMDLXXX
MMMDCLXXXIX
MMCMLVIII
3493
1106
1059
MMDCCXXXIX
CCCXCV
MMCCLI
695
MMMCI
MMMCCLXVI
1095
MMMCCCXXXVI
3034
35
DXI
MMMDCLXXVII
3748
MMDCCXCIII
3893
MMMCMLXIV
CX
504
2581
1069
MMXCIII
204
MMDXLII
2582
MCCCI
DX
2935
2582
1880
MMMCXXIV
MMMDLII
MMCDXLV
DCCCLXXXVI
3069
MDCCXL
MMCCXLIII
3591
2449
1662
1439
MCCCLXXIV
3200
MMCMV
MCMXLI
2073
MMCMLIX
MMMCCXXXVI
MDCCXXII
1268
MDCCXVIII
MCDIII
2589
2137
MDVI
1264
MCCLXII
1045
CDXXXVI
1392
MDCCC
3875
970
MMMCLXX
3594
MDLXV
770
CCXL
856
MMMDCCLXXX
MMMCCCLXVII
MMCMLII
1561
2756
2531
1282
MDCCCXCV
CMXXVIII
3630
3031
MDLI
488
1420
478
207
MLXXVI
MCDXXXII
2785
MMCCLII
1301
MMMCDXLV
MMMDCXXXIII
MDLXXXV
MMCCCXIII
MMMCDX
DCCXLII
MMCLXXIII
XCV
311
3367
123
MCMLXXXVI
1630
MMMDCCIX
1808
MMXLVI
MMMCCLXIX
165
MMMLXXXVI
2052
227
CDI
723
MMMDCCCLVII
3585
3745
MDLXXXIII
3761
475
MCMXI
146
MMMCLXXXII
2442
MCLXXXVI
2571
155
MMMCCCLXXXIX
1066
3480
3958
MMCCCLXXXVI
1840
DCCXCIV
MMMXCVIII
526
MMMCDXV
2842
1312
1228
1865
2984
2692
1348
MMMDCLXXXIII
MMCDXCVII
3644
DLXXXIV
2678
MCDXIX
MDCCLXXIII
MMMLVII
CMXLII
MMDCXXXV
812
539
MMMDCCLXVII
2971
1642
MMCCCXII
MCCLXVI
1701
MMDCCCLXXI
DLXXVII
MMMLXXX
2325
CDXCVII
1914
MMMDCCCLXXXVIII
CDXLIX
DCLXXVIII
3947
MMMDCIX
MMDCCLXVII
2060
975
739
1375
1194
MMCDLXXIX
1571
2374
3084
3161
188
MMMCCCXXXIX
MMCCXII
2431
3085
2094
MCDLXXXIV
MDLXXXVIII
1240
MDLXIII
MMMCDXIII
CLXVI
1844
3768
MMMDCCLVI
2709
2316
MMCMLXIX
MMMCLXXXIV
2261
1130
520
MMMDCCCXLII
MLIX
MMMII
LIX
3510
MMMCCCLXXVIII
MMMDCXXI
DCCCVIII
MMMCCLXXV
1080
2646
3692
MMMDLX
666
148
MMCXXVII
3994
2791
MMCDIV
DCIII
MMLXXXI
MMCXCIX
CCXXXVII
1456
DCCLXXXIV
3354
MMMDXLVI
MMCCLXIII
207
2817
MMMDCCLXXIX
DCCXXII
MCCCXXXII
MCCCXVII
2217
3600
26
DXCIV
3590
2
1169
1756
2728
1738
MCLXIII
1553
2508
MMCLIV
MMCMXXX
945
DCLVI
CCLX
DCCXXXVIII
MMMDCLXXII
MMMDCCCXCIII
3341
2030
3871
MMDLXXIV
MMCXXIII
2064
CCCXXXIX
MDXXII
MDCI
MMMCCXLI
1582
MMMDCCCXXII
2547
3869
1997
MVIII
303
MMMCDLXXVII
672
MMMXC
1904
1500
MMCCCLII
109
2420
3169
622
1387
3761
2029
MCLXXIV
2844
969
1314
CCLII
MMMCXCV
292
1067
3124
MDXLV
DCCXCI
51
3608
MMMCCXCIV
MCCXVIII
2475
MMLX
2972
MMCDLXXXV
14
3689
3165
3547
3953
MMMCCCVIII
DCCCLXXXV
MDCCXVII
MMMDCCCV
944
MDCCVIII
2269
MMDXXI
100
2308
MMCDLXXXV
MMDCCCLXXXVIII
1930
3828
XCIV
3103
3398
629
MMCCCLXX
MMMDCCCLIV
673
MMMCDLXXII
MCLXXXVIII
1227
MCCXLVII
2012
1515
731
DCLIV
DCCLXVIII
DCCXIV
MMMLXXXIII
MLX
MMDLI
MMMDCCCXCVI
94
3589
DXXIII
MCMLXXII
DCXLV
2841
290
2317
DXLV
MMDVII
2689
752
MMMDXLV
881
CMII
1165
DLV
MMMDCXXVI
115
MDCLXXXVIII
214
268
1259
MCCLII
DCCXLIII
CCLXXXVI
XCVII
3866
MMMCCLXXII
MMMCCLVIII
MCCXXIV
3540
MMCMXCI
788
2452
MMMCCCXXII
MMLXXXVI
MMDCCCLXXIV
2999
3877
MCDXL
MMCDXXXV
DCCCIII
3278
MMMDCCCXCIII
2183
2187
2464
MMCCLXXIX
1963
3387
LXVIII
MCLXXII
CCCLVII
MMDCCXI
MMDCCCLXXXIX
MCDLIII
3464
CCCI
CXLIX
752
2605
MDCCCIV
MDCLXXVII
MMMDCCCLIV
DLXXXVIII
3761
MDLXXXIX
3639
MDCLXXII
CCXXVII
MMCCLXXXVIII
MDCCCLXXVIII
MCCCXLII
1127
3818
CCXCI
3182
1638
CMXLIII
3741
3158
1299
MMDCCCXXIV
873
MDCCXXXVIII
MMMCDLXII
289
2443
MMDCCCLXXXVIII
CMLXXVI
594
957
3467
CDXCI
MMMCIX
2641
MMDCXXI
MMCCCLX
MMCDXXVI
41
DCCCLXXXVII
MMCDLXII
MXXXII
MMMCMLXXXIX
1013
2562
3503
1703
LXXIX
440
MMMCCCLIV
2505
497
2262
MMCCLXIV
MMXLVIII
MDCCCXLVIII
2642
MMDXXVI
3622
946
CCLXXVIII
925
DCXXXV
2395
2525
2727
DCCLIII
2735
MMMCCCLVI
1840
2786
CMXXV
3236
3928
2168
MMMCLXXII
MMXXIV
MCDI
2877
CDVI
MMMCCXXIX
1810
3647
MDCCCXXVI
2546
MCXI
3972
DCCCXIX
2762
2657
739
1554
2392
3650
CMXLII
3897
1805
2930
1596
MDCCCLXXI
MMCCCXCIV
MCMLXV
MMMDCCCXXXVI
DI
2254
MMDXCIV
MDCX
3542
MMCDLXVIII
2998
1637
799
CXCV
MMMDXCV
DCCLXX
MMMCCCXXXIII
MMMCMLXXIV
LXXVIII
743
2838
MCCCXLII
MDLX
2927
MMXX
1597
CDLXXX
2551
213
211
MMMCCCXCIII
3567
2805
1812
1772
MMCMXIV
672
MMCCCXVIII
MMII
1700
3114
CDVI
3426
3320
MMMDCXXXV
DCCCLXXV
CDLXXXIX
1825
2538
181
226
2441
MCMXLI
MMDCCCIV
MMCCXIX
1516
1137
MDXXI
3974
1910
MMCMXXXVII
1523
MMMDCXX
290
1329
MMMCMLVIII
596
MDCXCIV
MCLV
MMCLXXXIII
MMDCXLV
MDCCXXXII
3280
1113
3134
513
MCXLI
MMDCCCXLVII
MMDXC
CDXI
5
MMCMXV
3591
MMCCLXV
MMMCLIX
3833
3804
3981
2687
3782
3001
3900
2350
2285
MMDCCLVI
MMCCXXI
CCCXXVII
MMMCLXXXV
MMD
MDIX
612
MCLI
1637
2111
2975
1351
2282
24
1869
3929
3166
MMDCCXLIX
MMDCCLXIX
889
3248
MMDVII
DCCXXXIV
390
MXLVIII
242
1614
2340
MMMCCXLIX
MMMDCLXXXIX
2507
1494
1547
934
1692
CCCXCI
MDIII
MMMCCCLXIV
MMDI
2578
MMCMX
1260
3832
CCCLIV
MMDX
DCC
160
MMCDXIII
1875
687
MCDXCVI
MMMDLXXV
566
1805
1641
DXLI
2252
3435
MLXIV
MMCDIII
MDLXXIX
MMMCMXIV
MMMDCCLXXV
DLXXIV
DXXXVII
3947
112
MMMCDXCVIII
2535
3469
MMDXCIII
3604
DCCLXXXI
MCCLII
3129
3062
3852
CXXXVII
MMDLXVI
MCCXCI
DCXLVIII
MMMLXXXIV
CMXCVI
MMMCCXXXV
3074
11
494
MXXIX
3546
MMMCCCLI
1139
MMCMXLVII
1303
MMCXXXIV
2089
MMCDLXXII
MMC
MMMDCCCLXXI
2129
MMMCCCX
2122
82
MMMDCCCXXVI
2259
MMDLXXXII
MMMDXXIV
3248
MCCXLIV
CLXVI
304
1793
2355
MMMDCCCXCV
132
563
MDCXCII
2956
1229
2865
MCCCXXXI
MMCCXCVIII
MCMLXXXVI
2794
CCVIII
CCLXI
1588
MMMCDLV
MMMDCCLXXIII
MMVII
MMDLIX
2877
1608
1170
2899
2030
949
2546
MMDCCLXIV
1190
1858
MMMDCCCXLVI
MMCCCXLVII
MCMLVI
3565
MMDCCCLXXXI
MMCDLXIV
MCCCXCIV
2260
MMCXVI
2874
1150
MMMDCXXXI
MMCDIV
MMCCX
XXXIV
1153
1889
1680
580
LXXIX
323
MDCXCVIII
2662
MMMCCXXVIII
MMCCXL
MMMCCCXCVI
1434
MMMLVIII
3670
DCCLXXII
MCLXXVII
MCCLXII
3030
MDLIX
1421
3741
MMMCMLXXXIII
MMMCCXXXVI
DCCCXXXIX
CXVII
MMCV
3866
MDVI
1008
CCLXIII
1360
DCCIX
1946
905
DCCXXII
MMDCCXXV
3914
888
DCXXXVI
DCCCLII
3814
DCCXCI
2626
2441
MMCCCXLIV
3962
931
MDCCLXXV
MMMDCCCLXXXIX
3867
3923
2603
337
1286
23
336
MMMLXXXI
MDLXXV
2506
2114
MMCDLIV
1457
MMDCCCXXXIII
MMMLXVIII
MMMCMXVII
MMMCCLIII
MMMDCCCXV
MCCIII
LII
MMLXXXIX
CXCIV
1408
MMXCIV
2314
3194
MMMCMLXXIII
3045
MDXXII
704
2265
CCLXXIX
3774
1819
2466
MMCCCXXXI
MMDCCCX
2796
3499
MDCCCLXVIII
MMDCCCXXIII
MMMXCV
2069
MMMDCLXV
2033
1486
1173
MMMDCCXIV
MMCDLIV
2757
974
MMMXXXIV
MMMCCXXV
819
MXXXIII
2138
1963
771
CCCLXI
MMCLXXXIII
MMDLXXXIX
3200
853
3024
3022
CCLXV
22
MDXXXIV
3779
DLVI
123
MMMCVI
DCCCVII
MMMCXCVI
MMMCXLVI
3308
MMDCCLI
MMMCCCXLIX
MCDVII
2837
2228
CCCXCIX
1386
674
MMDCXXVII
1948
2585
3855
2569
MMDCCLXXXIX
3673
CMXCVIII
MMMCMLXXXI
MCCCXIX
MDLXXV
2180
3988
MMDCCLXIII
MMDCX
2281
MMMDCCCXXXVII
MDXCIV
460
1932
1897
CLIII
2450
MCM
MMCCLXXIX
2181
1563
MMDCCLXVI
MMDCCCXCVIII
DCCLV
CLXXVI
DCLXXXIX
3213
105
MMCCL
1344
MDCCCLVI
MDLXXII
MMDCCCLXIX
2793
LXXXIV
2983
MMMCCLXXXVIII
DCCCXLIX
MMCDXIII
MMMCMLXVII
3998
DCLXVI
2578
MDCXI
3311
3905
2421
DLXI
MMMCDXCIII
MMDCCCXIII
MMMDCCCXVIII
MCCX
MMMLXX
MMMDCLXXI
MMMDLVI
MCMXLII
MMMDCXXX
1189
CLXXXVI
3177
DCCCLXXIV
2706
MDXI
MMLXXXIII
MMMCDXXVII
DLXXI
MCXXXVIII
MMDCLII
115
MMMCDLXXX
CDLXXXI
CDVIII
64
CCCXVI
MMDCXXVI
MDCXVI
1492
MMMCDXX
3913
365
MMMCMLXIII
MMMCDXLVII
398
3219
MMXIV
CXLV
2304
MMMDCCCLXXXV
1872
CCCLXIII
3557
1278
MCCCLV
3446
MDXXXVI
994
CCCXCVIII
2837
MMDXX
3418
MMMDL
MMCCCLXXXVII
1152
835
MCDLXI
MMCMXI
MDCCCI
CCXCII
2933
3349
3131
566
3598
22
2273
758
42
MCLVI
MCCCLXVIII
MDXLI
III
892
1615
1449
DCCXCVIII
1930
CDXCVIII
MMMCDLI
357
1690
2762
3136
DCCXLV
2233
MMDLXXXVII
MCCCLIV
2120
96
1211
1748
2037
3552
1749
582
937
867
3440
MMCDLXXV
1340
MMDCCCXLV
MMCMXCVII
DCCXCVI
1737
286
3007
MMMCDXLVII
DCCLXIII
3411
MMMCCXLV
1553
1872
1262
1670
348
MMMCMLXXVIII
MCCCXXII
MMMCDXXXVI
209
CL
3406
MCCCII
3154
3258
1574
MDCLIX
MMMCDXVII
XXXV
1900
3895
3030
3968
MMMC
65
834
3890
1045
MMCMLXXXVII
CXXV
DCXXXI
MCCCXXXV
3897
3435
1236
MMCMXIX
1058
MCMLXIII
2343
MDCCCLXXX
2506
MMMCDLVI
1322
CCXLIII
945
CCCXLV
MDXLVI
DCII
491
MMDCLXXXIX
MMCXVII
MMCCCXCIV
1494
MMMCCCLXXIV
MLXXXII
XXXV
MMCDXXXIII
MMMCDLXVI
1743
1735
1599
MMDCLXIV
MMMCMIII
MMMXCV
MMCCCXVI
MMMCCXCIX
2031
2617
963
MMMDCCLXXXI
215
2927
2527
858
MDCCXII
MCMLI
MCDLXXVI
MMMDCIV
MMMCCCLXV
CXXXIV
573
MMII
MLXXIII
1808
MMCCCLXVIII
MMMDXLVIII
MDCCXLVI
MMMLXX
MMMDCVIII
511
259
542
1554
22
3578
2518
3335
DCCLVIII
CLIV
MMMCLIV
MMCLXXXIII
DCCLXXVI
530
106
MMMDCLXXXVIII
1874
DCCCLVI
541
1901
700
MMMCDXCI
MDLII
MMDCCLXXVIII
MMMCDXCV
MMMCDLXI
2447
MDCCCXLIII
2224
MCMXIV
936
DCLXIII
MMMCD
1872
21
DCCVI
MMDCCCLXIV
3398
2733
746
MMMDCCLXXX
1320
MCDXCIX
DCCXLIX
MDCCCLII
2411
21
1324
3228
2004
DCCLXXXIX
MCXXIX
169
MDCCXXXVI
CCXXVIII
MMCCCXXXI
3856
3194
2697
2033
3983
LXXV
MMMDIX
MCCXLIX
1813
DCCCV
1495
CMLXVII
MMMCDVI
3481
2343
MDXXVIII
CCCLXIII
2352
1969
947
CDXXI
3532
MMCXXIV
MMMLXVI
1500
DCCLVIII
2173
2464
MMMCCCXCVIII
2466
MMCLXXXIII
DLXXXIII
2463
2906
861
1863
3619
MMMDCCXVI
MDCCCLVII
2699
518
MMCMXXIX
3932
MMMDXXXVII
3905
MMMLXXXII
MDCCLXXXVII
2332
388
2743
MMMDCCCXXIV
MMCL
DCCCLXXII
CMXIII
399
2874
1098
MDCLXXII
CDLXV
1623
3014
LXXVII
MMCMLXXVII
3954
CCX
MMDCCCLXXI
DII
3206
658
2679
145
MDCCXLII
MMMDCCXXVII
272
MDLXXXV
2545
MDCLXXXVIII
MCCXXVII
583
2382
2115
DXLIX
2985
MDVIII
CLXXIV
324
3509
MMCLXXXVIII
243
811
3145
2800
MMDLXV
3798
3021
2740
1537
MMMDCII
MMMCCLXXXIII
MCXXIII
2907
MMMCCCXXXV
1962
MCDLXIV
XLIX
MMMCMLVII
MMMCMXXVI
3213
3978
3865
243
3744
MDCCLXXXI
MLI
1325
MCCCXIX
1100
3314
MMCCLXXXIV
DCCCLVIII
122
CCCLXXXVI
LVI
MMDCLXXVII
191
12
2990
XLVII
MMCDLXXVIII
1474
1200
1594
2942
3191
762
MMMCDXCIII
MMCCXLIV
538
2944
MMCCXXXV
DCLXXXVII
MMMXVIII
2443
MMMCMVIII
2178
3320
DCCXXIX
761
1277
3271
MMMCCXL
85
1556
MCDXIII
CXXXII
MMMCDXXXIV
2870
3725
34
MCMI
DCCCLXXXVII
2237
DCCCXLVI
CMXXXII
MCMXXXIX
MMDCLXXIII
3501
679
MMMDCCCIX
2392
MMCCLI
3528
DCCCXLVI
MMCDXXX
3398
899
3379
1878
3657
3867
746
MMDXLVII
1544
MMMDCCCLVI
CLVI
DCCCXLIV
3449
MDCCCV
MDCCCXXXIX
MMMDLXXXVII
1736
1327
MDCCCLVII
1275
3238
MCLII
MMCMLXXXII
MDCLXXII
859
MMMCCI
CCXLVIII
DCCCXVI
3330
MMCXCIX
MMCXXIV
986
CMXLIX
CMLIII
MMCLXXXVIII
MMMCCCXLVII
MMMCCCXVIII
384
DCCXXXVII
MMCDXIV
MMMDXI
1361
3685
MMCXXIII
3391
MDCCXX
3165
843
CCLXXXVIII
CCLXXX
MMCCXXI
189
3161
CCCXXXIV
181
163
MCCXIII
DCCXCVII
MDCCCXVI
54
262
2060
CCXXVI
MMMDCXCIV
1635
CCLXXIII
2174
1386
3238
1556
782
744
1214
818
MCXIV
MMMCDLXXII
CCCLXVII
DCLXXIX
DCXCVI
1641
26
CMII
1848
MMDCXLV
MCCCLII
209
3827
1278
1476
MMMCMXXXVIII
DXXVIII
192
MMMDCCXCII
MCMXI
MMMCCCXCVI
MMCCCLXX
1696
MDXXXVII
2172
2374
MMMCCCLVIII
3878
MDXXXVI
MCMLXXI
DCCLXXXI
2841
DCCLXXIII
MMCCCXLV
MMMCMLXXXIV
MMCDLXXXIII
MCLXV
DXCVI
1037
CCXXVII
1304
3696
MDCCLVIII
1468
535
MCMXLVII
519
MCCCLXXXVIII
MMMCDXIX
278
2030
1100
MMMCCCXXXVIII
MDXII
3525
MDXL
2011
3094
2457
DCCXC
MMDXXIX
MCCVII
MMCDXIV
MMMC
1093
248
3838
3323
MMCCCLXXXVI
DCCLI
MCDLXXXVI
2324
1837
2849
912
529
DLXX
MCMXXXIX
MMCCLXXIV
MMCCCXXX
321
MMMCCCII
1939
2444
3439
MXXV
MMCXLVI
3728
MCXV
2274
MMMDXIX
DCXXX
1641
DCXCIII
3888
MXXX
MMDLXXIX
3309
2504
14
DCLXV
MMMCDLXXI
568
2916
2427
MMCXCI
DCXCIX
DCCXCVII
MMCCLVIII
2693
1245
MCCCXL
748
CDXCII
MMMDCCXXIII
1803
2816
MMMLXXVII
789
1462
MCLV
3157
DCXV
3902
MMMCMXXXVIII
CLXIII
CCCLXXXIX
3053
773
2190
MCCCXLIII
2058
1530
CCXII
1606
1176
XCIII
CCCL
1315
MMMCCXXXIII
1677
MMCCCXVIII
MMMLVIII
MMCCCXXIV
1472
2941
3304
CMLXXIV
3831
MCDXX
769
CCCLXXVII
703
MMCMI
MDCXCIX
315
MCCLXVI
19
MMDCXL
MMMCIX
MMCCXI
3830
1089
MMMCMLXXXII
3178
3461
2095
2860
1907
MCCCLXXX
XLII
24
MMDCCLIII
MDCCCXIX
MMCDLXII
CMXVII
2444
2474
DCCIV
MMDCLX
MMXXIX
1683
CCXVII
2579
MCDXIX
3431
CDXXI
MMCCCLXXVI
MMMDCCCLXVIII
1222
1131
MMMDCCXLI
MCCCLXXXI
3786
1712
2954
173
MMMCMII
MMMCMXLIV
193
MDCCCXLIII
MMXXIII
951
MCMIX
3250
879
2396
2139
MMMDCLXIV
MMCMXCVIII
3033
2462
567
MMDCCCXXXII
740
918
2141
CDLX
3003
2343
9
MCDII
689
MMMCCXLIII
2837
MDCCLXI
3834
593
2946
MCCCLVIII
MMMLXXXVI
1777
2357
MMLXI
MMMCMLXIX
3486
DCCLXIII
2942
3351
DCLXXXIX
2398
3644
1640
MMDCXV
1225
MMMDCXXV
2682
1556
MDXXXI
502
MMDXXX
134
2180
MMMDCCLXXXI
1425
MDXVI
776
291
MMDCCCXLVII
MMCMLXXVIII
2225
MMMDLIII
1181
CMXXIX
MCDL
MMMLXIV
MMCCCXLI
CCCLXII
3956
MMMDCCCXXXI
MMMCMXXIV
MMMDCCCLXXXII
MXX
908
1342
3623
CDLXVI
640
1692
1481
1875
MDCCCXLIV
2075
2850
870
3483
119
3760
3627
1697
152
745
CMXLVI
MMCDX
XL
MCCCXCV
CXIV
1588
3979
MMCDXXV
CII
MMMDCLXXX
MXVII
2096
MDCCCLX
2764
1673
2225
MXLIII
DCCCLXXIII
MMMCMXXXIV
MMMCCCXXXIX
MMMCDXLVII
3978
3956
1169
3320
3021
MLXV
2074
MMDCCCXCVIII
MCDXXIX
CLXXXII
MMCMLXXXV
3854
604
105
125
MMCMLXXXVII
1232
DXXIV
MDCXLIII
2492
868
3413
2690
3886
3456
MMMDXVI
MCCLXII
MDLXXX
MDCLV
1674
2742
MLXVII
1018
DCXLII
MMMDLXIX
MMMCDLXXX
603
MMDCXXIV
1709
MXCII
3685
CDXXXII
2890
MMDXXVIII
MCCXLII
MMMCCLXXXVI
MMMXLV
DCCCLXI
1209
3905
49
2309
MLI
1767
MMCDXCV
MCMLXVIII
MMMCL
1590
1315
MDCCCLVI
2812
MMXXXVIII
MDCCCLXXV
MMMCMLXX
3930
1272
MMMLXXXVIII
MMMDLXXXIV
656
MMDCCCXXXII
3017
MMMDCXXV
2051
1289
3202
1570
1426
MDXXX
MDCCCXLV
MMMDCCXLIX
MMCMXX
CCLXVIII
3994
MLIX
3541
MLXXIV
2616
1487
3815
MMLXVII
MMDCXXIV
56
1750
MMCMLXXIX
2676
1885
378
DCCIX
MMCDXIX
MMCMLVII
1342
3176
MMDCXLVII
588
1679
CCII
2704
2694
3653
MMDCCCXVIII
3969
2842
MMDCCXLII
2213
708
MMMCDXXXIV
MMC
MCDLX
3129
3812
642
CCLXXXVII
MXLI
MXIX
DXIII
MCDLXIX
3413
CMXC
CML
MMMCMLXXVIII
MDCCCLXXVI
2244
MMCXII
730
MMMDCLXXX
204
MLVI
XXV
104
1457
3291
MMCCLXXXI
CCXXV
3676
3496
DLXXIX
2130
2491
2531
MMMCDXCII
MMMDXXXV
LXXXIV
MDCXXV
MMMDCXIV
MCCLXIII
244
MMCLIII
CX
DCCCLI
MCXCIII
1732
3212
DCLVII
MMMCLXXXVIII
2654
MMCXXI
MMCDI
3387
3568
1417
3026
DCCLXXXI
2899
MMDXCII
MMDCCXL
296
3099
2922
2742
MMCLXXXIII
DCCCLI
MMMDXLVI
402
519
2645
DCCLVII
MDLXVIII
3517
DCCCXC
673
MDCCXLIV
MMCDLXXIV
1120
MMMCCLXXXVI
DCCLXXXIV
MMXLI
2625
MCCXCII
3574
3444
3702
3364
MMDXCVI
CCCVII
MMMDXVIII
3419
2895
2237
1654
1347
MMCCCXXXII
752
357
3424
CDLXXVIII
3059
XCVIII
2288
MMMDCX
MMCCXLIII
3256
349
MMDXXXI
2271
CCXLIV
MMMCMLXXXI
2095
MMDCLXX
MCDXCVIII
3284
MMMXV
DXXXI
3590
XCI
80
MMCCCXXIII
1329
2850
76
MMLVII
1562
MMDCCXXIX
3892
MMDCCCII
MMDCXXIX
MCMLXII
MMDCCCXXXVIII
CCLV
MMCCCXCIX
MDCCXV
3993
MMCXXIV
MMMCDLVIII
MMMDXCVIII
520
1048
MMCCCXVII
MMCLIX
333
CDLXXXII
MMMDCCCXC
144
2656
MMDCXXXIX
341
325
MMMDCCCLII
63
3886
MDCCXCIX
3878
512
1106
686
295
322
CMLXXXIII
MMMCCIX
3501
MXXVI
1997
DCCLXVII
CCLXXXVIII
1925
MMCLXXXV
DCCXIII
601
3508
MMDCLVI
XCIV
3161
3680
CCCLXXXIV
MLXVI
1036
1300
3841
CCLVIII
729
MDXCIX
745
471
1189
MMMCDLXXXIV
31
2159
1674
655
1931
694
2528
1962
MMMCDLXXXII
MMMCLXVI
DCCIX
771
MMMDXCV
MCCXXVII
XXX
3882
MCLXXX
1254
2390
MMMLIII
2526
MCCCLXXVI
MMMDCVIII
MDCCCI
1554
792
1911
CXXXI
3022
MMMCCXXXVIII
DCCCXXX
MMMCCCLXIII
MCXXXII
942
97
MMMLXXVI
MCDXXXV
DLXX
785
3974
1601
1262
MCLXXV
MCLXXVI
2640
2671
1115
1923
921
MMLVI
1716
MMCCXXXIX
1256
1743
538
MMMCCLXV
1031
1255
2448
3644
3610
MMMCLXXXVIII
MMMCCCXIII
3280
1219
3633
3906
MMMCMXL
MMCMLXVI
638
2630
1955
3789
MMCDIX
429
3824
2597
71
MDLXIII
1462
MDCCCXCI
MMCXLIV
3900
3398
1054
MMMDLXXXI
MMDCCCXXVII
881
787
MMMCMXVIII
1954
MMMDCCCXLIII
MMCCLXIII
1482
3615
XXIV
1133
3821
MMMCDXXXVI
MMCMLXXXII
MCCCXXVII
MMDCCCXVIII
1797
MCII
MMCCLI
MXLVII
MMDCLIII
3271
MCCCXXIX
MCCCLXXXI
MMMDCCCLXII
MDCI
779
1808
1598
3623
513
1360
2107
2807
CCCXXX
MMMDCCCLXIX
1762
LVIII
1994
LXXX
3711
1611
92
MMMCDLXVIII
182
MMCXXXIV
1775
3001
MCCLXXVIII
MCCLXIX
MDCCCXIII
MDCXXVIII
MMMCXCVII
MMCCCXLVII
MDCCCV
2387
MMMDIV
3773
3752
DCCCLXXXVI
1706
2265
MXXIV
3450
2584
MXIV
2993
3824
MCCLII
2945
MMMDCCCLXXIII
MCDXI
1091
MMMDCLXXXVII
3880
649
MMMCMXXVIII
3254
MCMLI
MCXCIV
MMCCXXX
3354
DCCCXXXII
MCCCLXXXVI
MMDLIX
819
MMXLVI
2341
MMDCLXXXIII
MCDXLVI
MCDXCII
MMXXII
MDVII
1054
MMDCCI
MMCLXXVIII
DCXLI
MDCCCLXXIV
181
894
3853
MMMCDLXXXVIII
MDLXVI
MMMDCCXLIII
302
MCCCXXVI
CDL
1308
3394
1679
637
MCCLXVI
MMDCCLXXIII
DCCXVII
CMLIX
MMMCCV
658
738
3535
MCDXXIV
2493
MDCXV
MMMCCLXVIII
DCCCLVIII
217
MMCCCXXVII
3195
MCMXXVI
MMMCXL
MMMDXLIII
CCCXLVIII
MDCCCXXVIII
3605
CXVI
MMCCCX
MMMDCCCXXX
3215
3747
94
MLII
MDCLVI
MMMCDXCIII
MMDCCCLXX
473
MMMDCCCLXI
MMCCLXIII
2111
3502
MCCXLII
DCXLVII
3753
3193
583
CCLXXII
2459
MCMLXXXIII
MMMDCCIV
MCDLXXXVI
DCXVI
3924
MMMDCLXII
3105
MMCXIII
3728
MMMDCCCLXXIV
MDCXXIV
1628
MMDCCCLXXIII
MCCXXXVII
1639
1762
CMLXXXV
2829
MMMDCI
MDCCCXXXIV
1107
3835
MDLIX
16
2793
3715
DLXXXIII
DXC
3259
382
2776
990
MMDCCCLXXVIII
2013
2244
2758
2933
3718
MMMCCCVIII
MMMCMXIII
MMCMXIV
MMMCDXIV
MMCCXCIII
3996
3524
CDLI
DCCXXVII
1169
CMXC
2748
2251
3405
MCCCLXXXIV
202
DCCXI
MMMDCCCLXXXV
DCXXI
MMMCCXXIX
MMMCCIV
MMCCCXCIX
DCCCXCV
3374
1086
CDXII
2968
MMDXXXV
2106
3275
28
MMCLIX
1654
MMMCCCLV
DLXIV
MMCCCIX
MMCXXIV
2539
2614
1152
MMCCCXVI
3292
MDCCCXLIV
MDXXVI
MMMCMLVII
MMMDCCVIII
MLXXVII
CCCL
743
1385
CCCXXXVI
2051
3865
MLXI
MDCCXCIII
2505
MXLI
MMMCMXCVIII
CLII
57
MMCCV
1917
MMDCCXLIII
590
1407
3694
3860
1945
CMXXXV
2393
DXCVI
MMCXVII
MMDCIX
MMCDXVIII
2227
2409
MMDCCLIX
MCLXIX
3241
3170
MMMDLXXXVII
MDCCLXXXVII
1336
3729
1463
2307
MMMCCCXCIX
MMDCCCLXVI
3483
434
3183
1773
MMMDCCCLXXXIV
MMCMXCVII
2440
MMMCDXXIV
2466
DCLXII
1952
594
3237
MDCCLXXX
3853
MMCCXXI
3204
1193
MMCDXXIV
DCXIX
1662
3716
2816
MMMDXXIII
MDCCXCIX
MCCCXCVII
MDCCCXXXIV
2341
1822
MMMXX
MCCXLIV
1444
3673
MMXLVIII
991
2184
1887
3286
3547
1562
MMDXLV
MMCMVI
542
2073
MMMCCCXXIV
MMMCDXXXII
MDCLXXII
361
121
XCIII
CDXXX
2376
819
2105
MMXCI
3080
MMMCCLXXVII
MMMDCCCXIV
2210
1825
3971
MMCCCXXV
1701
2185
1943
CCLXXIII
2155
3672
2194
1695
MDCCXXXVIII
DXCIV
1888
2184
805
3350
CMLXXVI
2629
2961
MMMCMXX
3255
MMMCMLXVI
590
720
MCVIII
3883
MCCLXXII
MMDCXCIV
LXIX
MMDCLXXXIV
MDCCI
MMDXLII
MMCDXLVIII
1376
MDCCXXX
1806
MCCCLXXXIII
MCCIV
3578
330
1641
CCXCI
MMMCDXXII
2878
MMMCCCXXX
2079
458
1229
MMCDLXXIX
3681
1489
MMXXXI
DCXIII
3329
MMDCCII
2285
3722
3335
586
MMDCCCXLI
1473
1159
MDCCXLVII
CCXXXVII
1338
3098
CCXLIV
MCDXXIII
MMXIV
1109
732
MMMCDLIII
MDCCXXXIV
2567
1431
MDCLIX
MMDCCCXXXVII
982
MLV
3082
2525
1135
MMMCXVI
MCC
MMMCCXLVII
2251
MMDCCLV
2389
MCCCLXXXIX
3772
2409
2734
MMCDLXXXVI
MMMCCCIII
19
MMDCCXXVIII
MMMCCXV
MMCXCIX
3339
2098
2795
2087
1563
MMCLIII
CCCLXXXVIII
268
3900
DCLI
MCDLXXII
MCCLXVIII
3049
MMMCMXCI
XLVIII
DCXII
MDCCXXIV
MLXXXIX
9
1999
MMLXXXIV
383
MMCCCLXXIV
760
1728
1110
MDIV
MDCXXVI
3753
MMMDCCCXIV
2606
1486
MMCCCLV
MMMDLXXXVIII
MMMDXXI
1042
MMDCCXVIII
2614
MMCCCXLIX
DCCCXLIII
CCLVII
MMMCLXII
78
MMMCLXV
3790
3877
2528
3387
1989
370
MMCLXXVII
1277
DCCCLXXX
MCCCXVIII
2966
DCCCXII
CCLXVIII
MMMCMLXVII
268
2750
1698
MMDCCLXXIII
DCLI
CDXVII
3537
1058
1666
MMMDCLXXII
1305
XVI
892
MMDCCCLXIX
1857
684
477
MLVII
2891
3742
MCCXCVII
MMMCMXXXVIII
942
3354
MCCCXCV
MMDL
425
2577
MDCCCLXIV
MCDLXIII
MMCMXL
MCMXXXVI
MMCCCXXXVII
DCX
MMDCXI
563
DCXCI
3965
CCCXCVIII
DLXXXII
1894
344
CCXLIX
MDLXXXIII
3858
3700
3317
CXLIII
2364
MMMCCCXLIX
2073
DCCCIII
MMDLXXV
2104
MMMLXXI
MMMVIII
MMDCCLXXVI
MMMCMXI
3887
MMCMXCIV
MCCCLXXXVIII
MCMLXXVII
1918
MCCCXCVI
3878
11
MDCCCXXII
MDCXXXI
MMLXI
3239
2955
3327
2552
MMCCCXXXIX
643
3379
1359
898
1520
3020
1243
3841
MMXVIII
MMMCDLXIX
1243
55
MMMCDXLVI
1826
CXII
3393
595
MMDCCCXLI
3426
MMMDCCXX
CXLIV
2718
303
3509
3256
MDIX
MMCXXX
2824
3896
MMMCCLXIII
MMDCCCLXII
CXXXV
2494
1651
1599
2225
DLXXV
MMDCCCLXXXVIII
MMCMXLV
361
2080
MCMLXII
MMMDCCXII
CMLVIII
MMCXXIII
MMMCDXLIV
CCXVIII
IX
DCLIII
MMMCCCXVIII
MMMCMXVIII
3383
MMDCCXXII
MMDCCCLXXVIII
577
1698
DCI
3572
1777
3379
3224
1031
MV
MMMDXXII
XVII
DCCLII
3637
MCMLXXXVI
MMMCMLXXXV
1292
MMMCDXCVII
MDCCXXVI
1352
3162
MMDCCCXIX
1081
MMDLXXVI
393
2941
MMMDXCII
3903
MMIII
CMLXXV
MMMCDXXIV
MXXVI
CDLXII
358
3535
MCI
MCDXCIX
MMMCCXCV
3685
CMLXIII
MMLXXXVIII
732
MMMCCLVII
MMDXLI
DCLXXXV
MCMXXXIX
3646
1268
MMCCCLV
MMMCXCIX
MMMLXVIII
MMMDXLIV
MMMCMXXX
MMMCLXXXVIII
1757
3953
MMMCDXXI
3722
1848
3412
MMCLIV
CDXLI
CCCLXXXIX
MCCCXL
2356
3823
MMCCLXX
2046
3414
2175
2752
528
2140
3121
1037
MMDCVI
2573
MCCLXII
2424
3708
MDCCCXXXII
CDXCIV
CXXXVII
XCI
MDCXVI
MMDXXI
1146
3896
705
MCCX
MMCCLXII
DCXXVI
1739
MMMDCCCLVI
MCX
235
79
MMDCCCXC
2570
MMDCCCLXXIV
2401
DCCCLXIV
1073
2073
3403
MMMLXXV
2113
MMMDXCVI
DCLIV
3680
MDCCLXXIII
DCXCIII
DCII
MMMCDXXV
3383
MCMLXVI
MCCCI
2423
MMDXLV
MMMDCCXXVI
MDCXVI
2522
DCXXVIII
2013
3103
MDLXXII
2234
CV
562
MMMCCCLXXXVII
MMDCLXIX
3110
3583
MMMCDXXVII
3815
3987
MMMDCCCXL
MMMCII
MMDXI
555
1848
1741
3358
MMMCDXXIV
DCCIII
172
849
1451
MMMCCLXXVI
MMDCCCVII
MDCCLXXVI
2016
2927
3505
MMXXIII
3216
1181
DCXCIV
3761
MMDCCLXXXVI
2069
1994
2836
3836
MDCLXX
MMMCMXLVIII
3753
3825
MMMCCCXVII
MXIX
MMMCDLXVII
CCCVI
2475
3677
1123
1719
2674
MMMCCCXCIV
CDXVIII
439
MMCDLXI
1423
MMDXXXVII
MMMDCCCXII
CCCXIV
898
649
667
MMXC
398
MCCCI
3202
2433
DCCCLI
2274
3194
45
MCDXXXV
3935
MMMDXXVI
MMMDCLX
285
1878
MMMCMLXXVII
MCCCXLIV
MMMCDLXXIX
CXXVI
289
2143
MMMCCC
MMMCXXVII
MMMCDLXXXII
2586
MMCCCLX
MMMDCCLXX
MMMCMXLIV
954
MCCCXCIX
2213
MMMCCCXXXIX
MCCLXIX
MMMDXXXIX
DCL
DCLXVIII
MMMCDLVII
752
1697
MDCC
952
MMMDCCCXLVIII
1274
MMMCCCXIV
MMCDLX
3013
MMCXCVI
MMLXVII
MMMDCXIV
63
2372
726
1376
678
MMDVII
CCLXXVII
XCIV
2276
3346
MMCCCLVIII
DCC
MDCCCXXXVII
266
MDCXIV
169
CCIV
MMCCCLVI
CDVIII
DCC
3763
2097
CCII
721
MMDCCCLXXXVII
966
MMCMXLVII
MMMCCCLXXXVIII
775
3663
MMMDCIV
MMMXXV
MMCCVI
1804
103
3956
1009
2573
MMDCIII
MMMCCLIV
MMMDCCLXXIV
3988
MCDXXXVIII
2876
3245
CCLXVI
1332
2942
1732
MDXCIX
MMDLVI
1785
CXCVII
2498
2716
MMMCLXXVIII
DCCCXCII
MMMCXXXVI
MMCDLXXXVIII
DCXI
MDXLVII
1691
1819
CDXIV
MMCXXVI
1664
MCDLXIV
MDCCXXXII
MCCCXXXVI
2226
1819
MMMDCXCIX
DCLVI
MCDXLI
2530
1075
MCMXXX
MMDCCLXIII
LXVI
MMMDCXCIII
CLIII
MMCCCXIX
MMMCDXLV
CCLXXXIV
2236
372
MCDLVI
MMMXXXIV
MMMDCCCXLIV
MMDCCXCI
MDCLXIX
DCCCL
DCCXV
MMMCCCXCVII
MMMCCCXXXV
XLIV
MMDIV
3942
MCCXII
2088
1458
1906
3098
2815
CCLXII
MMMCXIX
MMMDCCLXXXII
MMDCCCXXIX
MMCCCLVII
1252
MMMCMLXXXII
DCLIX
MDCCLXXVI
MMMCLXXX
MMMCCIV
MMMCCXVI
MMDCXXXIV
2767
MCMXXXIII
378
MDCLXXXIX
3408
MMDXCIX
MMMCCCLV
MXXXIX
MDCCCII
959
CMXII
2602
MMMCDLXXII
MMMDCCXXV
754
CXC
CMI
1135
2295
MMMDCCLXXIX
3684
MMMDCCXLVII
39
MCDXXVI
MDXXXVI
2941
MCXXXIX
2770
1304
MDLXXXVII
2674
MCMLIII
3697
MLXX
DCCCLXXXVIII
MCXII
DCLXI
MMDCCCXXXI
3633
233
CMLXVI
MMXLVI
584
3441
2191
DCCCLXIX
1799
384
MMMDCLIII
MMDLIV
641
CDXLIII
3129
XCIX
1116
1731
1534
900
MMCMXXXI
307
3173
584
1354
MMCCXCIII
MMMDCXCV
685
3572
MMCCCLXVII
421
MMMCMLXXVIII
MMXIV
3682
1093
627
XLVII
2732
MMMLVI
MMMCDXXVII
MDCXCIV
MMMDXLIX
MMMCDXLI
MMMDLXVIII
MMMCXIV
2985
3097
1234
CCLIII
DLXXIX
MCCLXX
CDLXX
DCCCLXVII
MDCCLXI
DCCXX
3637
MCDLVIII
3549
MDCCLXIV
2575
CDXXI
2981
MCMLII
3220
LXVIII
1728
MMDCXXXV
3731
1235
DCXLVI
770
MMDCCI
MMMCXXX
MDCLXXVII
MCXXXVIII
830
690
181
2689
MMMII
321
1829
MMMCCC
3036
726
MMMDCCCXLIV
MCDXXVIII
2519
1530
1370
MMXXIX
MMCCCXXXVI
DCCCXCVII
MMDCCLXXIX
456
MDCLXI
1115
1168
3183
MMDCCCLXXXII
1257
MMCMLIV
1661
2552
MMDCCCLIII
2079
95
MMMCCXC
MMMCCXVII
MMMCCXLVI
MMMCLXXXI
1827
973
1196
422
3310
CDLXXIII
MCMLXXIV
629
MMLXXVIII
2893
MCMXLVIII
1572
2596
3263
1399
3428
MDLXXXVIII
MMMDCCIII
MCCCLXXXIII
MMCVIII
2474
MMDCCXXII
MMMCCCLII
2416
MDCCXVIII
CMXXV
MMMDCCXLII
1350
MMMXXIX
939
MMMDCCCLXII
176
MMMXCIX
3384
MMCDLV
2016
850
423
MMXLII
CCLXXXVI
2253
2319
DCXLV
646
1781
CCCLXXXV
MDCCCLVIII
1830
1306
MCMLX
3099
3135
MMDCXLIV
MDCLXVIII
2193
DCXVIII
MMMCXLVI
MCIX
1840
595
CCCXXXII
MCXXV
MMDXXXVII
MMDCCLXV
2848
330
2149
CCCXXXI
3881
919
CCLXXXIII
368
18
2145
MMMCMLXIII
3073
2186
1554
2876
MMMCMLXX
1572
MMMDXVII
13
3228
1806
81
112
2052
MMDCCCL
MDCCXII
3976
1718
1626
MCCCLXXIV
2146
288
998
3898
2890
MMCCLXX
388
760
MMMCCXXXIII
MMDCCLVI
CXCIX
MMMXVIII
CXLIV
3028
2361
2479
MDCCCLXIX
XXIX
708
MXCVII
CMI
923
2374
CDLVIII
106
383
CCXCIX
MMMCCLXXVI
MMMXLIII
MMDCCCIX
CCLXXV
2788
3383
3346
MDCXLVI
MCXVI
MDCCCLXXII
MCLXXI
MMMCDXXXI
2143
MDCCCXL
1808
MMDCCC
MMMCCCXXIV
3465
3957
3293
MMDXVIII
MDCIX
MMMDCCCLIV
280
MMMCCCLXXIII
MMDCCCLXXXV
CCCLXVI
MCDXXXIII
MMMCCXLIV
MCCXXX
MCCCLI
1863
LXXV
1533
2199
1162
82
2573
195
MMMCII
MXXXIX
CCCII
1566
MMMCMLIX
3738
386
MMDCCCXCIX
MMMDCCXVIII
MMMCXCIX
2306
1831
3825
1891
2843
2712
MMCDXLVIII
3100
524
2619
CCXCV
MMDCXCIV
3713
MDCXXXIV
CCXCV
MMMCDXCIV
MMCXXI
3773
3493
DCCXXVII
827
2540
CCCL
MMDCCCXCI
MCCCXXVII
MMMDCXXIII
1462
1766
MMCMLXXXV
MLIX
571
2151
MMXXX
MMXLIII
MMMCDLXVI
2781
3171
MMMCLVII
170
773
MMMDCCIV
MMDCXXIV
2082
DCCLXXIV
1483
2436
3491
3203
MMMDCCCVIII
CLI
MMMCMLXV
2111
MMMDCCXXXVIII
MXLII
146
DCVII
2633
DCCXXIV
1255
1585
MMCMXIX
CDLXIII
3196
MMMDLX
3186
368
3016
MMCLVII
MMCLIV
1001
MDLXVI
MMMDCLXXVII
3594
405
552
MMCDXIV
2708
MMMCMXXIII
2406
2821
MDCLXIX
1854
MCMXIX
2855
MDCCXXVII
2672
2288
1226
2203
1684
2830
449
MCCLXI
644
1997
1999
2375
3056
CCXIII
2442
MMMCXCIX
CMVII
3868
MMCCCXIV
MCXXVIII
1023
56
2904
MMDCCCLVII
DCCCLIII
MDCCXC
MMMII
143
MMCCXXI
CMXXXV
2774
MMMCMXCIII
MMCDXXXIX
1308
90
3038
MXXXV
3506
189
MMMCMXVIII
2832
MMDCCLXXIX
MCLVII
920
2181
MMMXXII
MMMCXXXII
1691
DCCLXXIII
1742
3109
MCXXVII
MMDCCLXXVI
1609
MCCCLXXIX
1176
MMMCMXLIII
1484
CCLXXII
MMCCCLXXVIII
MMDXCVI
MCMLXXXVII
MMDXLIX
MMMDCLXXXII
2019
270
2545
MMDCCCLXXXVIII
222
502
MDCCCXXXVIII
MCDXXXIX
MMMDX
CCCIV
398
MMMCCXXXIX
MMMCLXXIX
DCCLXXX
3408
3847
MCMLXV
MMMDCLXXIX
MMDCCCXXXI
3577
MMCMXVII
1929
3201
1490
3761
1320
MMMCCCXXXVII
MMCCCLXXXIX
1681
3250
MMMDCLXXXIX
MCCXXVII
3670
MMMCDXCI
MDXVII
MMDCCCLXXXVIII
1767
MMDCLXXXIX
3173
2386
MCXIV
50
3466
MMCCLXXXVI
CMLXXXI
CCLX
773
3492
MDCXLVIII
MXVIII
2720
2174
46
MDCXCI
2697
1543
3053
2760
1852
1431
MXCVII
3344
260
1116
3652
1127
293
MCCXC
MLII
3283
2696
2778
MMMDCXLVIII
1011
MMMCMXC
MMMCDLIX
2211
MCCCXXXIV
2157
MCCXC
MMCLXXXIV
3470
MCMLXXXVII
MMMCDLXVI
MCDXIII
612
CCXCIV
842
CCCXLVIII
MMDCCXXXI
3988
1611
MMDCCCLXXVI
DIV
594
MMMCDXXVII
XX
MDLX
MMMCMII
3683
1943
2633
MMCMXCII
MMMCCXCIX
MMXCI
1117
1812
MMCDXXXIII
1437
DCXXXVIII
MMCCCII
352
3771
MDLXXVII
1922
MMMCCCXXXIII
3536
MMCCCLXXXVI
MMMDCLXXIX
MMCMLXXXIV
MMXIV
1909
733
2761
MMMDCCLXIII
MMDCLXIX
550
2490
MMMLXXVII
XC
XXXVIII
MDCXLVII
3556
MCLXXXVIII
MCXLVIII
MMCDVIII
MMDVIII
3320
DCCCLXXIX
2723
MMCCXXXV
2485
3261
DCXXIV
3350
MCCXL
3242
2283
DCCCXCVI
556
1415
3771
MMMDV
MMMCCCI
MMCXIX
XXV
MMCMLVII
MCMLX
3995
2148
1448
746
MDCLXI
MMCMLXI
MMMCCCXV
CDLVI
MMMCCCXXII
542
2242
MMMCMXX
MMCMLXIV
MMMDCCCXXVI
676
2855
2582
MDLXXIII
MMDXCIII
1467
3419
296
368
3097
MCXLVIII
1692
MDCXXVIII
1415
789
2071
1946
MCDXXIX
4
3477
MMMXCI
1777
CMLXII
MMDCXXXIX
1614
3367
880
DXVIII
MMDCLVII
3263
CLXVII
3454
MMMCMLXXXVIII
DCLVI
2469
1452
2718
MMMDLXXIX
MMMCMXVII
MMCCCXVII
3013
420
MMCLVI
MDCCCLVII
1072
341
MCCCXIII
2460
MCMII
MDXXXVI
2674
MMMDCCCXXXVII
MCCCLXXVII
MMCMXCVII
MMMCXXIV
1823
MMMDCCCLXXVIII
1545
692
MMCXLIX
1275
864
MMMCDXII
MMMDCCCXCIII
CCCII
DCCCXVI
MMMCCCXCV
3816
CI
1953
CCXCV
1079
1452
MMDCCLX
490
CCLXV
DXVII
MMMCMLIV
MMCCXLVII
38
3733
2212
2543
MDCXXVIII
1280
3760
3873
779
MMXXXIV
MDVIII
439
MMDCIX
MDCCLII
2700
2138
2066
1187
3542
391
MMCXLVII
CXXXII
MCDXXVI
MMMCLXXXVIII
MCDLVI
MMMDCCCXXX
MMCXXVI
272
2489
DXIII
MDCXI
MMDCLXXXVI
2022
MMCCLVIII
3163
MMXXIX
DCXCI
1279
3979
DCCCXXI
3816
145
474
3424
MXCVI
MDCCCXLIII
815
XLIII
1910
1672
1843
171
MMMDCCCLXXVIII
MCCXXVII
MMCLXXI
MCCXVI
660
MMMCDLXXIV
MDCCXXXIII
3038
518
1800
MCDXXXVIII
DCCXXVII
MMMCLXXIV
2650
2643
882
MMDCCCLXII
MMCMLXIX
3693
I
MMCDXXII
1536
1664
771
2684
MCMLVI
2150
3921
CMXCIII
1370
MMLXXII
3617
2873
2743
MMMXIV
3482
1461
2427
MMDCCXIV
3674
866
MMDCCCXLII
MMCCCXXXI
1008
MMMLXXX
MMLVII
3860
MMDCLXXIX
MCMLV
MCMLXXIII
MMXXIV
760
1867
DCXIX
2143
3657
MMCCLXXVII
3054
MMCCXCVII
MMMDXL
3556
1820
27
1164
2810
MXVIII
2815
1216
MMCMIX
MDCCCXXXI
MMMCDXIX
476
3326
897
MCMXLVII
2416
187
3368
1899
258
MCMLXXXIX
1280
1376
3568
MMMDCLX
MMMCXIX
2031
384
DCCLXXXVIII
3094
DCCCLXXVII
MMMCCCXV
937
MMCVI
MMCCCLXXIII
MDCCCXLII
1103
1456
3248
1360
MMMDCCCLXXXVI
167
MMXXXVII
3858
MCLI
823
3384
MMMCXLVIII
MMMCCCLXXXVII
12
840
MCXXVI
MCXVI
3747
2479
2588
CCCXII
CCXLIV
MMMCCXC
MMLXXVII
MMMCCCXLII
MMMDCCXII
MMMCCIX
MDCCCXCIX
2568
MMDCXXX
2443
3183
MMMDCC
3780
MMMDCXXVI
2315
MMDCCXXVI
636
MMMCCCLXII
DCXX
2329
MDCLXXXV
1115
MCDLIV
2140
1275
CCCLIX
1540
110
MCLIV
2227
MCCCXCI
3277
XCI
3045
MMDCXXXIV
MMMCVI
DLXXXII
MMCDLXXXIX
MMDCCLXII
658
398
1823
MDCCCXXXV
DLIX
CMXXVIII
MMMDXXXIV
MMMCMXXIII
837
3110
3070
3451
MMXVIII
MCCLXXIV
3108
MMDCXXX
3061
3312
MMMCIV
596
149
DCCXLV
MMMDCCCXL
MMDCCXXVIII
2545
3493
MMCMLXV
MCLXIV
DCXXIX
2958
2334
1009
1809
MMMXVII
CDXXXI
3937
528
MMDXXIV
MDCXXVIII
MMDCXLVII
1297
590
1039
2547
CLXVI
MMDCCLXXV
MMMCCXVII
CLXXI
3190
1629
3320
MMCCCLXIV
MMMXXXIX
MX
1647
MMCXLVIII
923
1424
1236
MMCMXCIV
3779
864
14
DV
MMCCCXIX
MCDLXXXIX
715
3212
CMXX
2549
1060
235
2746
1376
737
3507
MCDXCVIII
XXV
MMMDCCXIV
MDCXXVI
3171
943
CLI
MMMCCCXCVIII
DCCXCVIII
603
2226
3286
241
DCCCLXXXV
2934
1940
MMMCDLIV
1411
MMDCLXXXIX
MMMCLXII
MMMDCLXXX
CCCXXXIII
1459
MMMCCCXIX
MMCCC
MMMCCLX
CMLXV
DCCCLXXVI
2589
CCIX
1139
MMCCCXXX
3457
MDCCXLVIII
MMCDLXXXIII
MMMDXXI
2925
MMMCCLVII
CXCIX
CXXXI
1479
899
1631
2631
MDCCCXI
MMMDXLVIII
MCDLXXV
MMMDCCCLXXV
2345
MMCCXXXIX
2083
MMMDXXV
MMDCCCXCVIII
MMXXVI
2025
DX
161
2574
MDCCCLX
CCXCI
2557
1932
1656
MMMCML
2974
1179
DCCCIV
XX
MMMCCXLIII
MMXXV
MMDLXII
3745
MMCMLI
MCDLXXVIII
1924
3604
263
2520
MMCLXI
994
MCVI
CCXCI
983
MMCDLXXXIII
MMMCMXLIX
MMMDCXLI
DCCCLXXVII
MMMDCCCLV
43
CMIX
2457
2030
351
362
MMDCCCXXXVI
MMCCLXXXII
MMDCCCLXXXII
2011
852
MCCCXX
887
CXCV
MCDXXXV
3131
MMDCCLXXI
1381
215
3851
MMMCMLI
MMCMXXVIII
3105
2761
MMMDCLXXXVIII
CCCXXXIII
3163
MCCLXIII
MMCCLXXXVIII
MMMCDXXXVII
CDXXVII
3803
MMCMLXXV
MDCCCLXIX
1539
MMCXIV
2943
464
2159
1575
2988
1888
MMCV
MCDXXXVI
MMMCMXV
3563
DCIV
CMLIX
486
DXCIII
1818
3007
2412
MMDLXXVI
249
42
2683
C
2738
1438
1873
MMDXXXII
MMXXVII
3008
DCVII
MMMDCLXXIX
MMLXII
1926
3241
3807
2199
3654
2363
698
2723
MMDCCXX
2635
787
393
2866
MMCCIII
MMCMII
2625
CDXV
MMMC
DCCLIV
DLV
MMMCMVI
MMDXCI
MMCMLXXXIX
MCXCVII
MMMCCCXCIII
MMMCLXXVIII
MMCCXXXIV
2844
561
1347
582
MMMDLXXXV
297
MMCXXIII
DCCCLXIII
DCIII
MMCDXXXI
MDCLXXI
3822
3450
MMMCLIV
MCDLX
3095
MMMCCLXXIV
1010
MDCCCXL
MMMLXV
223
DV
2017
MMMCDXLVI
732
MMMCCVI
2167
2604
61
702
MMDCCLXXIX
3015
3924
2799
MMMCCCXCI
MMMDCCLXXXV
53
MDCCCXXXVI
MMCDXCI
MMMCLXVIII
MMCMLXXXIV
2762
118
MCCCLIII
MDCXXXVIII
2112
1591
MMDXX
MDLVI
MMMCLXIII
MMMCDLXVIII
1763
1194
3859
1219
3109
CCCXCVIII
MDLXXIV
MMMCMVI
CVII
MCMXXVII
MDCCCLII
MDCCCLXXXIII
1815
1326
MMM
MMMCC
2809
3460
3781
1897
1426
MCMIX
1559
2726
3898
L
CCLXVII
2818
MMMCDXCIV
344
1418
CLXXIX
DCCCXIX
DXVIII
MMMCMLXX
3417
3812
MMMCCCLXXXVII
213
3765
MMMDCCCXX
DCXLII
3285
681
1831
MCDXXXVIII
2942
3958
3511
MMMCXXXIV
MCCLIV
3965
MDCCCXI
2381
2939
DCCCLXVII
2705
MCDXXVIII
3274
MMCMXI
1042
CCCXV
MCMXXVI
CXVIII
3305
342
MMMCMXXXI
2478
3295
MCDXII
CXVII
MMDCXLV
MMMDCXLVII
MMMCDLXX
CMXXXI
CMXIV
2166
MMLVIII
212
MMMDCCXLII
LXXIII
1599
MMXII
MMMCDLXXI
2789
MMMCCCLVIII
3159
2566
MDL
979
1804
CCCXC
MMMCDVII
MMDCXXVI
3284
MMMCCXL
746
MMMCDXLVI
365
MMMCCCIII
1896
DCCCXIX
CXII
3957
MMMCCXXX
CDLXXXVI
3063
1028
741
3626
MMCDLVII
969
CCCLIX
1079
3093
CXC
MMCCLIII
MMMCMLII
2186
DCCCXXXIV
1489
MMCCCXLI
DCCXLIX
MMDCCCII
1790
MMMCDLXXXI
MMMDCXXIV
25
MMMCCCXXXI
1319
MCCCXXI
MMXLIX
MCCCII
MDXXXVII
714
2520
2361
MDCCCLXXII
3315
1832
3930
3600
CCLXXXII
3434
MMDCCCLXX
MMDCCCXLVIII
65
1616
MMMDL
MMXCII
3401
MMMCCXLVIII
MMMDCXXI
327
MCCCLVII
3724
MMMDCXLI
22
MMDV
MMDCCCLXXXIII
1235
854
2818
844
1706
MMDXVII
MMDLX
173
MMMXCIV
3215
222
MMMDX
DCCXLV
MCXXIV
MDCCLXXXVI
MDCXCVIII
MMMDCCXXX
MMDCLXXXIX
1844
MMDCCLXV
2403
MMMDLVII
2672
1401
CDXLIX
DCCXLIX
3810
MMMDCCCXXXIII
MDXXV
LXXXVIII
3409
CCCXLIII
MCCLIX
2386
MDCCXLVII
523
2834
MLXXXVIII
MMMCCCLV
MMMDCXXI
3370
MMDCCXXXIII
1375
1067
MMXI
MMMDCXL
1172
MCDLIX
712
2382
1530
MMCDXXIV
3198
CCXXIX
1420
MMMDCCXXVIII
2326
1606
2759
CCXXX
MMCCLXXVIII
MCDXVI
2658
MMMCMXIII
486
MMDCLI
MDCCXXXV
MMCCCXXIV
MMMCMXLVII
331
MMMCMXXIII
MMMDI
1195
2575
3749
3052
2125
3205
MMMCXXIII
2978
MMCCLIII
MMMCXCIII
282
MCCXLV
1518
MCV
CMLIII
MMMDX
2220
2246
MDLXXVII
2641
MMDCCIII
MMMCMLXVIII
2996
MMMDCCCLXXIV
MMMV
1861
DCCXXXV
MMMLXXXVIII
1017
MMCCCLXXIX
MDCCXIII
MCDXL
CLXXIX
MMDCCII
1783
MXCVIII
3557
2467
MMMDCCCLXXV
3098
III
MMXC
MMLXXX
MMMDLXVIII
DCCXLVI
2646
2236
2888
3996
MCMLXXXV
MCXXXVIII
1991
212
1586
3794
DCCLIV
2258
MMCDXLIX
386
2197
1944
MDCCXXXVI
1739
MMDCCCXXVI
2888
MMMCXXIX
MMLXIX
3645
2602
495
575
MMMCCCLXXXII
MDCCCL
1516
MMMCMLXXVII
494
331
1221
DCC
MMMDLIX
3638
2350
2332
MDLXXIII
3651
MMCMXII
942
881
2909
DCCCLIII
MMMCCL
871
MMMDCLVIII
3037
3997
1480
2980
MMMCCCLXXXII
MMCLXXIII
MMMCMI
3434
1382
1512
MMDLV
3239
MMCCLVII
MMMCLV
MMMDLXXXII
1709
1791
3615
3240
MDCCLXI
1866
97
122
711
3599
DXVI
3133
1214
2468
MMDCLXVI
3607
2909
LXVI
MCCCXXXIV
2944
3466
1187
2632
3435
MMMDCCCX
2064
MDCCCLXXX
MMMCMXCIV
614
2220
CDLX
CX
MMMCLXXV
845
1140
3406
MMMCMLXXX
MMMCCXLII
167
3549
MMMCMXCIV
MMDCC
2362
2352
3380
274
MCMLV
1799
MMMDXC
475
3022
MMCLV
MMMCDLXV
2750
MMMDLVI
MMMDCCIII
DCCCXLI
3718
2031
2763
MMMXLIV
MMCMXXXIII
CVIII
2785
MCCLXXXIV
MDCCXLIV
MMDCCCXXXI
637
MMMDCCXCII
MMDCLXXX
2348
2122
3984
MMMCXVI
MMMCII
CCCLXV
3709
MDCLXXXIX
CCCXXIII
MDCCLVIII
MMMDCXL
MCLXXXIII
MMMDCXLIII
1410
CCXXVIII
2761
MMDV
IV
MMXCIII
2249
DCCXLIV
MDCXLIX
MMMCCCXXXVII
MMDCXIV
MMMCCXLV
284
2263
2843
3749
283
MCMLXIV
2466
1111
1623
1085
2674
3569
3729
MMCDLXXV
MCMIV
MMLI
1533
CDLVIII
MCCCXLV
892
MMCCCXLIX
MCXLVIII
CCXIV
MMDCLXXIX
2938
MMDCCCXXXI
3945
MDCCCLXIX
495
DXV
MCDLII
1348
DCCCXXXV
DCCLXXXVII
2375
CCXLI
276
2683
DXXI
318
MCMLV
MDCXCVIII
522
MMCXCV
DCCCXCIX
75
MMMCCCXCV
118
1186
MMMXCIV
736
2308
MDCXLVII
3632
1574
MDXVI
MMDXIX
2539
MDXXXV
792
1565
1054
2591
2700
870
1964
MDLX
2389
MMCLXXXIII
1306
MMMCXV
1198
3424
MMMDCXXVII
MMXL
1745
MXLIV
MMMDCV
2837
413
MMCDLXV
MMDCCCXXX
3337
MDCXI
3094
MCMXIV
594
1046
MMMDLXXXIII
MMMDCCXCVII
MMCMXLVI
3955
3894
MDCCLXV
MCLXXII
MMDCCCXCI
MMCMXCV
MXCIII
MDCXXV
MMDCCCLII
MCLIII
521
CMVI
MMMCCXCV
79
MCMXXVI
948
1657
2623
2861
2325
57
LVI
981
855
734
CCXC
3074
1905
MCMLXXV
2201
2544
LXXVI
DCXLVII
MCVI
CXLII
MDCCCLXXX
MMMDCCXXXIX
MDCCCXCIX
3864
MMCMLXVII
MMDIV
DCCCLIV
1166
MV
CDXX
3160
3502
2279
1500
DCCC
3464
1536
2274
3763
2726
MMCMXXXIX
1986
MCXCIX
CLXXXIX
197
2670
MMMDCLX
CD
2476
951
1924
CC
3567
1797
MMDXXX
3903
MMMCCLXXV
3844
MCCLXXXII
MMMVI
1646
1149
MMCMVII
948
56
2461
3460
MMCMXLVIII
2526
45
MMMCCCL
3692
3627
2285
MMDLXX
MMDLXIV
MMCCCXCV
33
MCCLXXVII
379
2408
3626
1123
XXI
214
MDCXLII
CMXLII
2831
CCXXXVIII
550
3047
3002
CMIV
3623
590
DLII
MMDCCXLVIII
3884
3857
3642
MMCXXV
1278
2615
3541
3414
2566
MMCXII
1533
2151
DCCII
1513
MMMCCX
2475
MCII
MMCMLII
214
CCCXLVII
CXCVIII
MCCCLXXVI
CMVII
1818
636
1460
1713
2739
MMMDLIV
499
XCI
3488
2076
1821
MCMLXXVIII
3304
DCCXXVII
1686
MMCDLX
MMMDCCCLXXIX
3083
1142
2751
MMMCDXXVI
MMMCCCVI
1812
MMDCCCXCIV
614
2382
MMMCCXLIX
608
MMCCXLIV
245
DLXXVII
CXXVIII
MMMCDXVI
2365
MMMCCCXXIX
2673
MMLVII
MCMXLV
DVI
CMXVIII
1965
3122
1197
1983
DCCLXXVIII
3751
1729
3964
MMDCCCXX
MMDCCCXXXV
101
MXCIX
3354
1592
MMMCCCXXI
1277
MMCLXXXI
1369
1310
1857
2032
1918
1582
1043
2747
CMLXIII
LXXVII
3529
MMMCCCLXXIX
MMMCCLXXVIII
MCDL
3492
MDCCCIX
MMDCXXXV
30
1311
464
3843
CXLII
MMMCLXXXI
CDXLVIII
CCLX
MDL
3640
MMMDCXIII
MCCLXIV
MDXXV
1203
1028
MMMXCVIII
1945
1114
2589
2463
2846
2828
MMCCCLXXXVII
2967
MMMDCCCLXVIII
MMMCCIX
32
951
2945
3050
1924
MCMXXX
MXIX
CCLXXXI
1966
MMMDCCCXV
MLXXXIII
871
MMDLXXXIX
V
3951
MMCDI
DCLXXXVII
MMMCMXV
LXXXII
MMMCCXXXVII
492
MMDCCXVI
MMMCMII
MMCMLXVI
229
MMCCCXXXVI
DCCCXXI
2095
1946
MMCCCXX
DCCXXV
2430
2310
2124
LXX
MMMCI
MMDL
DCXXIX
CXXXI
1604
MMMCI
CCLXVIII
MDCLXXXIV
MLVII
MMMCXCVIII
MMMDCLXXVII
2237
MMCDXXXVII
MMDCCCXLVIII
MCCLXX
263
2878
CCCXXV
MMCLXXXVIII
1770
MMDCCLXXIX
225
3215
MMMDCXLVII
MCMXXVI
MMMI
2602
2446
2591
3763
1887
2883
2120
MLXXII
MCCLXXXVI
993
MMCXLV
MCCXXXVII
827
DCCLXX
3732
CXLII
CLXXI
DCCLXIX
2987
MMDCXXXIV
3137
1847
MMCCCLXXXVIII
MCD
MMCDLXXXIII
MMCCXIII
MMCCCXXIV
MMMDCCCLXII
CCCXXXIII
1594
736
MMMDCXCVIII
3353
1256
MMDXXXIII
MMCMXIX
MMCMXIII
2669
651
MMMCX
MMCMI
MMCCCLXXXIX
MVII
MMMCCLXXXVII
3306
MCLIX
MCCXC
2122
MCLIX
MMCDLXXXVI
MMDLIX
2639
2124
MMMDCCCLXXXVII
2836
2643
3725
MDCCLXXXV
MMMXXXI
1509
MMCDXXVIII
3654
MCMLXXX
2506
2423
3442
3524
1036
1402
MMCCCXCIX
2945
MMMDCCCXLIX
201
MMMCCLXXIII
MMXCVII
3534
MMCCL
CDLIII
103
MMDCCCXLVII
MCCCXXV
MMMCDVI
3655
MMXXX
DCXXXVIII
2482
1271
1781
MMDCVII
1056
MMMDLIII
MMMDCXCIII
MCCLIV
MMMDCCCXLVIII
223
3824
690
811
3817
624
2873
MMMCCCLXXXVIII
CXXX
XL
1620
CMVIII
MMMCCLXVIII
3907
MCCXXXI
MMCD
978
3000
MMCXXXVIII
3107
621
MMMCXXXVIII
MMMCIII
DLXX
XXXIII
3509
DCCCLXXIX
2137
MMMDXCI
CCCXLI
3342
3416
854
MMMCCXXXV
3943
3166
MMDCCLXXIV
2168
MMCDLXXIV
CCLXXVI
LI
3461
2474
78
MCCXXI
DCCLXXIX
MMCDXLIX
780
MDCCXXI
MMDCXXXVIII
3135
869
MMDCCCXXXIV
529
2723
793
3469
1138
2985
MMMCDLXVI
911
MDCIV
211
2358
CDLV
MMMDCCCXXXV
MMXIX
MMDCCLXXIX
3557
MMCCII
CLXV
MMMCCXLV
1095
DCCCXCIV
MMCDXXIII
2097
MCLXV
MCLXI
MCXCIX
1842
MCIV
CMXLIV
MCIV
MLVII
MMMCCCLXXXVIII
1178
1324
MCDXXVIII
CDVIII
3874
LXXIII
MX
2175
1743
2161
DCCV
MMMCCLXIX
2544
MMMLXXXI
669
MCCCX
1850
MDCCCXLIII
MMMDCCXXXV
1860
MDCCXCVI
DXLVI
MCCCLIX
CCCXLI
964
MMCXL
MMMDLVII
968
1975
2650
3253
MMMCVI
MMCCLIII
MMMDCLXXXI
MMMDCCCLVI
3746
2262
MCCCLII
MMMLXXX
MCCCXXVII
992
615
MMCXVI
MMMCMVIII
MMMDLXXXV
856
MMMCMXLV
1240
MCCCXCIV
1582
1352
MMMXXXIV
DCCLIII
MMCLXXIX
1424
3270
MCCCLX
590
MMDLXXIX
MMDCCXCV
1965
MMMCCCLXXX
771
2084
MMMDXIV
MMCXLIII
1799
117
3562
1362
2912
3325
MMCCC
1655
1860
CCXLV
MMMCDXLIII
3302
MMMCCXCIX
MDX
2215
MCXIX
DCCLXXVI
523
791
MLXXVI
124
DCXV
96
MDCCCL
MMMDCCXXXV
MCMLXIII
1039
719
3199
MMMVI
2638
3151
2409
3713
MMMLXXX
MMMCDXVII
MMMDCXLI
IX
397
MDLV
1806
MMMCMXLVI
1107
2733
1592
CMXI
386
DCCCLXXX
1036
3912
MMDLXXXIII
MMDCCCLXII
2251
CCCLXXX
MMMLIX
4
709
MMMCLXI
1651
MMMCLXXVIII
MCDXXIII
MMCDXXI
1405
CLXXII
2339
1129
3753
2957
3643
MMMLXXXII
2641
1773
MMM
DCCLXXII
1390
3471
MDCCXVI
MDCLXXXI
1175
594
3709
1455
MMMDCXLIX
3554
1841
352
3532
614
1496
3677
DCCCLII
870
DCCCLXXIII
1171
DCXII
1894
MMDCCCLXVII
743
MDCI
MMDCCXLVIII
2888
MMMXXXI
2750
CDXIX
CMLXXXVII
2109
MMMCDXVIII
MMMCCXXXVIII
1002
3711
2596
MDCCXLIV
MDCCCXXXIV
MMXLVII
MMDLI
72
MMCDXX
MCCCLXXIX
MMCMXVII
1017
MDCXLVIII
CLXXVI
MMMCCLXXVII
MMMCCCXC
MDLVII
MMXCI
MMXXVII
MMCCCLXXIX
1987
MMMCXXX
MDCXLVII
MDCCCLXVII
DCCCXIV
3048
CXV
1983
MMDCLXXXI
MMMDCLXII
2902
731
2080
MMDLXVII
959
MMCCXXIV
MXXXVI
MMMCDIII
MMDLXXXVI
MMCMLVIII
3939
MMMCDXLI
MDCCCXCIX
MMMDCV
649
MMMCCXCVII
MMMCCXXXI
MMCMLXXXV
MDCXC
MDCCIV
2304
MMDCCXLV
1115
XXII
3269
MCDXLV
914
3983
3639
1607
3567
337
3619
MMCDLXXXIII
1749
2324
CCLXXIX
201
MXXVII
269
3693
726
MMMDCLVII
2376
MMCCCLXXXVII
2364
MMMLXVIII
MMDCLXVII
1693
MMCCXIII
1599
2213
2078
MMMCCCX
DLXXXV
MMDXXXVIII
3739
3405
274
392
MDCXCVI
MCMXXXIV
MMDCLXVIII
3393
3941
CCLXVI
1708
XXXV
3009
1132
MMCX
3480
12
1393
MCMLIX
369
999
2483
2918
DCCCXXII
MMMCMVIII
159
MCDLXXX
3246
MDXLVI
1012
1257
MLXX
CCCXXXII
3695
1916
CXXXV
2294
2713
MMMLXVII
MMDCXVIII
1489
MDCXXV
MDCCLXXXIV
CLXXI
DCCXLVI
2715
MMMDCCLXXXVI
MMLXI
1969
200
3668
2569
3421
202
MMMCDLXXXVIII
CXCVIII
MMMDCCLXVIII
CLXII
MMCDXXII
2847
2973
MCCCIV
MMMCCCX
2819
2518
3988
MCCCLVIII
MMCCLXXII
1495
2512
MMMDCCCIII
2400
1726
CXXIV
3796
3812
3360
MMMDCCCX
3964
2281
MMCCCXXXV
MDCCCXC
72
MCCCXVII
MMDCCCXXXVII
757
1256
MMMCLXXVIII
521
MMCCLXXXIX
1274
245
1769
50
3166
DCCCXCII
MMCMII
MMDXC
3689
CXCVII
CMLXXVII
MDCXLIV
MCXXXVI
CCCXXXIII
638
1348
175
1129
3028
MMMDXLIX
MMCCXLIX
CDXXXV
MMMDCXXVII
MMCMIX
MDCXCVIII
2864
MMDLXXVI
3754
MMMDCCLXII
MCDLXIV
CCXVII
3606
25
3581
MMCCCVII
1774
3364
3100
711
MMMCCLXIV
MMCDI
2346
2297
MMDCLIX
3878
3509
MMDCCL
CLXXVI
MMMCCCXLIV
3562
736
MMMCDLXXXI
1979
MMMXLV
3009
MMCLX
MDCXL
981
2184
1330
MMMCXXII
1019
MMDCV
DCXCVIII
2019
MMMDCXVIII
58
MMMDXVIII
MMMCDLXXV
160
MMMCXLVIII
2526
DCVII
MDXVI
921
MMCCXLVI
3218
420
1520
3882
MLXXX
1391
985
MMDCCXCI
1259
87
MMDCCCXIII
CCI
MMCCCIII
MCDXCVI
2595
2911
2888
CMXCIV
2843
DCLXXXI
1360
167
DCCLXXII
MMMDXCI
3632
3157
MMDLXXV
638
MMCXCV
3324
MMCMXLV
MMMDC
514
MMCCCLXVI
MMMCMIV
MMCCLIV
CXCVII
3475
MMMCMXLIX
3851
MMDLIII
3338
1619
657
3953
MMMDCLXXVIII
807
1279
3293
2137
MMMCMXXI
2478
112
MMMDCCCXXXI
MCCXLVIII
MCCCLXXXVIII
813
3320
929
2779
540
MMMDCCLXXXVII
1626
MXIV
MLIII
DCLXXIII
DCLXXXI
2217
MCDLXXI
68
1804
2172
2292
2437
MDCCXIII
1677
MMCCLI
MDCCLXII
2104
1300
2990
MMDXIII
1592
3409
3108
1602
MDXLII
1372
1710
2479
1622
3651
MMMCLVII
MDCLXXXIX
3232
1821
MMCMXXXIII
MMMCCCXC
108
MMCDLXXXII
1464
135
2183
MMMCCVII
MMCCCLVIII
MMDXII
1781
1659
MMCMXCIII
686
3635
3818
MMMDCCCXXVI
MMMCCCXXVII
3310
3250
MMMCDXXV
2856
690
MMCDLVIII
1428
MMDCCLIII
1446
MMMCMI
1106
MMLXXVI
MMMDCCIV
3692
1224
CMLIV
DIII
2496
1594
1265
MMCDXL
MLXVI
MMMCCCXLIX
MMMXLVIII
MMMCCXXXV
MMMCDXXXVI
MDCCCXLVII
DCXXI
CLX
286
2669
MMMDCCCLXXI
1258
2826
MMCMLXXIV
2489
CCCXXXVI
1727
MMDCCXXXVI
MMMCCCLXVI
1561
2118
DCCCXC
DCCXVI
1615
MMCMXXXIV
2146
2401
XXVI
2524
CDLVI
MXXII
MMMCDVI
MMCCCXVI
CCCXXXVIII
MMMDCXLIV
MMMDLXVI
MLIV
MCDLXI
3880
MCCCLXXXVII
MMMCLXXXV
MMCCCXXXIV
416
1645
3005
MDCC
3383
2387
MMCCCVII
1575
MMCCXCIII
2187
1704
MDCCCXCVI
596
MMMCLXXX
MMCMLXXIX
2742
316
1994
3519
477
2212
MDCCXIX
2202
CMXCIX
2874
MMDCLXXI
MMMDCCXLV
MCCLIII
MMMCLX
1295
3787
MMMCLXXXIII
DCCCLXXXVI
MMDLXXVII
MCCCXLVI
2879
2140
90
1648
2042
2078
270
MMMCCLXVII
2510
3037
69
MMMDXII
3984
MX
3239
DCCCLXXII
MMDCCCXCV
3465
MLXXV
1249
MMCCCXVII
MMMCLXIV
CDV
MMXXXIX
3181
313
DCCXXVIII
3469
MMMCDLXXXVII
3526
3973
CXXVI
MMMCCCLXXII
MMMCDXXXVI
3100
MMMDXXXIX
MMDCLXIII
MXX
CXIII
2525
LXIX
DLIII
1653
942
MCCCLXV
1553
1823
1325
3864
MMCCXCV
1204
1043
MMMXLIX
3186
MMMDCXLVII
MMMCCCLXXXVIII
507
3480
MMMCCCXXII
MDCXV
1312
464
1777
3457
94
CCCXIX
MMMXXIII
MDXCI
MXVII
MMCMLXXVI
2331
MMCCCV
DLXXIV
1814
3775
CMXXI
1227
MMMCMLXVII
2859
MDLXXIV
CMLXXIX
MMMCDXVII
3836
1276
MMDLXXXVII
2513
MDCCXCII
MDCCCLXXXIII
2223
1789
MMMCLII
MMCDXC
MMMDXII
MCCLIX
1054
MDCXLVIII
2007
MMLXXVI
MMMCCCXXI
2517
664
CCCLXI
3526
1499
2909
1316
390
645
MMDCCLVII
1835
3089
1706
419
MMMCXLVI
3199
CCCLI
MMMLXXV
3459
2418
MMMDCCLXXI
3207
MMMCCLXII
262
MMMDCCCLXVIII
DCCCXLVIII
MMCCCXCVIII
MMMCCCXV
826
2162
MCCLI
2166
3140
465
54
911
MMLXIX
MMMDCXV
MMCMXII
1428
3831
1768
2593
550
MMCDIV
3486
CLXVI
3368
2435
3289
1790
311
1732
1534
MMDLXXVII
MMMDCXCIV
1199
MMMDLXXI
XXXVIII
CXCI
1686
2789
DCXLI
MMDXXIV
427
261
DCCXLIV
731
1941
3921
727
3920
MCCCLV
1839
2673
MMCCI
MMDCXXIV
MMMCMLIV
DCCLXVIII
CMLXXX
985
LXXII
2033
3226
XCIX
1360
3824
MMMLXVI
CCCLI
MMCLXVI
709
52
559
2049
3908
CXXVI
2377
MMMDCCCLIX
MMCCCXCIII
MMMDCCC
MCLXXXI
1536
1055
993
MDCXXXI
CMXXV
2639
2791
707
1540
MCXXXIII
LXI
MMMXXVI
MMDCCCII
949
MDCCCXXVII
MCDLXXXV
2296
DCLVIII
MMMCC
2665
705
3648
2329
867
MCMLXXXVII
3284
1306
MMMCMXLIV
2525
731
233
MMDCCCLI
2960
MMDCCCXLII
78
597
MMCXXXVI
3169
MCDXXIV
MMLXXIX
CCCLXXXVII
MMMCXLVII
MMDCCCLIV
3903
2814
MMMDXXII
3636
2296
1735
3436
2351
777
DCCVI
MCCXLVII
2138
DXVII
1169
CLXXXII
MMCMLXXXVII
MMMCCCLIV
1503
CDXLIX
MXXII
360
3867
1437
2129
MMMDLXXXVIII
2065
200
661
2338
2646
MLIV
2294
MMMDCXXXII
2929
MMDCCLXXVI
MMMDCXXXII
2105
MDCCCVI
274
MMDCXCV
CDXLIV
MMCCCXI
1293
3036
2023
2906
2752
1040
DCLXXXVI
963
DXCI
73
MMLXVIII
1678
MMMDCXXXIV
CMLXXIII
MMMCCCXXXVII
MMCCCLXIX
MDLXXVIII
1993
1529
3546
157
MMMCMLXXII
MMXLVI
1483
MMLXXIII
MMDXXXVII
2102
MCCCXLV
1860
2417
3083
2167
1209
3542
2041
2931
694
461
56
XCVIII
2762
MMMCCCLXV
MMMCXXXII
MCCLIII
2847
2100
MMMCCCLXXIII
MMCCLXVII
MMMCMIV
MMMDCCCXC
CCLXXX
620
CCCXLII
974
MMMDCCXV
MDCXLV
MMCLXXIV
1636
MMMCDLIX
3683
CLIII
MMDCXXII
MMDCCCLXXXII
MDCLXXXIX
3883
2104
489
3348
2909
I
MXCII
2538
765
MCDXXIV
340
3392
MMCCXLIV
CDLXXII
1759
161
MMCDLIV
MMDCCCLXXV
33
1583
1057
DCCCXIX
909
628
DCXXVIII
3527
MMCXII
MMDCCCLXXXII
CCLVIII
3291
1642
CXL
MMMDCCCXXVIII
MXCVII
MMCCLXXIX
1692
CMXCVII
CMLVIII
2146
MMDCCCXXXIV
CCLXVII
MDCCCXCII
MDLXXV
MMMCDXC
CCLXIX
45
CMVI
MMMCDXLIII
1945
MDCCXCV
MCCCIX
MMCXCI
3171
3781
3322
2553
1309
244
1925
DXXIX
MCL
MMCLXXXII
CCCXXII
MMMLXIX
3465
1411
MCCXVII
3705
MMCCCLVII
MDCCCXXXIV
678
1458
DCCXCV
CXIV
2530
3794
486
354
MXCII
CCCVI
MMXCVIII
MMDCXCIX
MMMCCXCV
3396
CMIII
3208
MDLXXXVIII
MMXXXIII
MX
MMCMXLVI
3806
168
CMXCVII
562
CCCVIII
MMMCDXXI
3316
MMCDXLVII
MDCCLII
CCI
MMCDLXI
CMLVII
MMCMXXXVIII
CCCLXVIII
3449
CCCXXXIX
MMMCCCXCI
CCCXLV
1327
2912
MMCCXCV
XLVIII
MMDCCXVII
LXXXV
MMCMLXXII
2693
1214
CMXLIV
333
CDXXXVI
MCMXXIX
CCCXX
2293
MDCCCLXXII
2499
MXXXIX
2416
3275
2431
MCIV
1830
MMDCCCIII
MMMCCCXCIII
DCCLXX
MMMDCCLXXXVII
MMDCCCII
DCCCXXXIII
MMMLXXX
XCI
3162
823
MMMCXCI
MMMCCCXCVIII
MCCLXVI
MMMCCCLXXV
2225
2994
MMCCCXCII
MCDIII
MMDCCCLIII
888
312
1696
280
1106
2587
1536
MMMCCCXXXVI
MMMCLXXXIV
584
2300
DCCCII
3321
1033
CMXXIV
MCCCXLV
MMMDCCCLXXIV
708
MMMCCXXIV
3827
DLI
3339
908
3622
MDCCCLXXXII
2915
MMCDVIII
3101
1319
MDXXXV
MMMDCCXXXVI
2604
MDCXVI
2802
DCXXV
MMDLXI
LVI
CCXV
2097
MMMCCCLXXIX
CCCXLIV
114
2318
MLXXXIV
MMDCLIV
MCDLXIII
3851
MXXXIV
XIX
1804
704
2294
CDXXXI
MMMXXXII
MMCDLXIV
287
1600
CXCI
MMMLXV
2631
151
169
599
MCDLXXIV
MDCCCLXXI
MMMXCIV
1168
MMDCCLX
MLXXXV
CDXV
MDCLXXII
MMDCCXCI
DCCCLIV
MMMDIV
882
MDCCCXXXVIII
161
MCCXLVI
1205
3759
2897
CXXX
2342
3436
1635
DCCLXXVI
MMCDLIX
1445
1050
1293
MCXL
MDCCCLXXV
LXVI
MDCCLXXVIII
2308
2921
3925
3978
DCCCLXX
MDCCCXLVIII
2809
XLV
325
2986
2500
CCXLIX
CMXCVI
1317
MDCCCXLVIII
2705
MMCCCV
MMXX
DCCCLIV
MMMDCCLIII
1627
1328
891
1952
2515
3539
2003
MMCDXXIV
1068
MMMDCLXII
CCCXCI
MMDCCCXCI
MMMCCCXIX
3576
MMCCLI
DCXXIII
DCXLIX
696
1736
LXIV
1392
3328
MMMCDLXVII
MMMCMXVI
MMMCCCLXXXIV
3323
1701
CXXVI
MMMDCCXXXII
MMDCCCXCVIII
MMLXVIII
MMDCLVI
854
1442
1902
2602
3581
MCCCXCVIII
MMMCCXLVII
MMCCCIX
2777
MMMCCCIX
2422
CCCLXV
1890
MMDLXV
3232
MMDCXCVII
964
2817
MDCXLIX
CXXXIII
1932
MMCCCXXII
CMLXXXI
3447
MMCVI
2206
450
1908
1336
MCLXXXIV
381
1221
MCMXXII
MMDCXLIX
1191
3695
448
3550
MDCCLVII
2748
MDLVI
DCCXXI
3350
MMMCLXXX
786
MCLVI
MMMCCCLXIV
MMMDCCI
MMMDCLXXXVII
1537
2395
DCCLXIX
MCLVII
DCCLIII
754
1292
MMCDXCVI
CMII
MMDCLXII
3458
MDXXXV
MMMDCXCVIII
3200
MDCXIII
823
2328
3212
MMDLX
MMCDXLV
2147
MMDLXIV
MMMCLXX
424
3417
MDCCCLVI
2677
DCXXXVI
2192
3846
2568
CMXCIV
MMMDLXXXVI
MCIII
1142
MMXXXI
3020
MMMDCCXXXIX
2817
MMMDCXXX
MMMCXXVI
MCCCXXIII
1164
1271
MDCCCX
1846
DCCXCVI
MMMDCCCXXXVIII
3912
DXXVI
MMDCLVI
MMMCMLX
1867
2107
597
3421
2817
MMCML
MMMDCXIX
887
1346
DCCCLXXVI
3358
MMDCCLXIX
135
2157
3626
MLXVI
2235
2289
CCXIX
DIII
MMDCCXVIII
MCCLXXVIII
849
MX
MCCLXX
MMLXXXVIII
MMCLXXVII
MCXXIX
CCXXXVII
2622
DCLXX
MMMCCXCIII
2597
MMDXIV
345
819
237
DCXXIV
2280
MMMXXX
2991
MMMCMVI
MMCCCXLIX
3962
2701
MMDCCCLXI
148
1897
1620
1347
MDCCLXI
2476
34
MDCCXXXIV
DCLVI
MMCMLXXIX
2397
MMDCXXIII
MCDLXXXIII
MCMLXXXV
CDLXXVII
MMLXIV
1468
2490
MDCXVII
2405
MCDXVI
MMMCCXXVI
770
MMCCCLXI
MMDCCX
MDCCCXXVIII
MMDLXVII
MMXLIII
DCXXXIII
1437
2361
DCCXIX
MMCDXXXI
MCCXXVII
MDCCXXIII
MMMVIII
MMDCL
MDCCCLVII
DCLXXIX
MCX
MCCCLXV
MMDCCLXXXVII
MMMLXXXI
MDCCCLXXXIII
2080
2663
768
71
DCXLV
1468
2410
MMLIII
3129
XV
MCLVIII
3903
3165
MMMCCLXXVIII
2425
MMCDLXI
3970
739
1208
512
DCCCXXXVII
XVII
MMCMVIII
2452
DCCCXXXII
MMDCXVI
MDCXL
2966
MMMCMXXII
2448
591
MCCCXLV
3155
215
874
954
MMDCCCLVIII
MMCMXLIX
MCCCLI
1805
MMCMLXXXVII
2836
MCXXXIX
3867
MMMDCCXXIX
1727
MMCMXIX
DCCCXLII
CDLV
3552
M
2963
MMMCDXXXIV
MMMCDLIV
MMMCDL
MMMCXCVI
472
CMLXXXVII
MMDCXLIV
XXIII
988
114
3338
MCMLXVIII
MMDXXII
MMMCMLV
2050
MMMCCCLV
2921
1471
X
2586
1250
MMCDXXVI
MMCCCXII
MMDLVII
236
3100
369
233
MMMIII
CDXXVI
3918
MCIV
MMMDXXVI
2401
2722
MMCDLXXXVII
MMMCCCLVII
994
657
MMMDCCXIV
DXIII
MMMCCXI
CDXXXIX
MMCXCVIII
1701
1214
1548
791
2302
2923
1767
MMCDLXXXV
MCCI
MCCXLV
2359
MMMDCXCI
2710
3727
DCCLXIII
1758
3743
901
MCMLXXXVII
MMDXXII
MCCCXLIV
3589
1381
MMCDLII
MDCCCXCIX
MMCMLXXIV
MMMCCCXVI
MMMDCCXXXVI
2310
MCMLXXVIII
2936
1281
2109
2581
MMMCLX
699
3981
MMCXXI
DVII
CMXXXIII
3317
CXLVI
MCDX
1047
127
413
MMMCMXCVI
DCLX
1528
MMMDXCIX
MMCMVII
3014
MMMCDXLV
MDCCCLXVII
59
1940
CCCLXV
2977
MMCMLXXIV
1525
MMXVI
3194
2476
2682
2155
3909
MMCCCLVII
2726
MDXXXVIII
MMCCLVII
1434
MMCLXI
MCCLV
MMMXLII
MMMDCCCL
364
1634
3013
2690
MCMXL
MMCLVII
MMMDCCXXXVIII
MCDLIV
XXXII
CMLVIII
DXXI
MMCCCXLVII
2386
MMMCCCLXIV
MMDXXIV
MMMDCCIV
LII
MDCCCXLVIII
2221
MMDCCCLXXIV
3883
MMCCLXXXII
MMCCCXXI
3925
987
3634
1639
DXVII
MMDCCCLXXVI
618
MMMXLIX
MMCMLXXXV
2371
MMMCDXXXVII
CLXX
MMMDCLXXI
2220
MCMLIX
407
MMDXIX
MDXXVII
MMMCDLXXXIII
2029
5
1495
1678
MMMCCLIX
1165
1721
CMXLV
2882
MMCCCVIII
MMMDCCCXXVIII
2215
MMMLIX
1566
3418
698
3344
DCCL
MCCXXVIII
3728
XVI
CCLXXX
1384
1286
MMDCCXXVI
DXVII
MDXC
MCCX
3994
MDLXXXI
MDLX
DCCCLVIII
CMXCII
MMMDCXLVIII
MDCXLII
XXXIII
MMMDXCVI
3275
2120
MLXX
3981
CLVIII
2721
CXXXI
CCXXII
3400
2996
DCCLXV
2704
DCCLI
MMLXXX
MMCMLXXVIII
MMMCCCII
416
MMCMXXXVIII
2213
3013
3968
2743
MMDCLIX
MCCCIV
MMCXVIII
84
3944
2563
2644
1257
MMDCCCLXI
MMMCMLXXIV
MMCCXLII
MCDXII
3834
226
MDCCCXLI
DCLXXXVII
MMDXX
MMMCMLXXIV
MCDXLI
XIII
3196
MMCDXCVIII
MMDCCLXXI
2112
MCMXLIV
3090
3323
MCCCLXXXIII
213
MDCCCXCIX
DXIII
MMDCCCXII
DCCCLXIX
2377
MDIII
MCLVI
3952
766
3792
MMDCIV
MXXXIV
DCCCVI
1587
1635
3826
912
1154
MMDCXLIX
MMMCCCLXXXII
1630
MCMV
MMDXV
CCLVI
82
1265
2802
2129
MCMXV
1168
CDXXVII
2524
3073
XLII
MMCXXVII
2663
565
3087
MMMCLXXX
2690
1248
2564
2299
2280
MMMCMLXVII
3438
MCLXXXIII
1463
1272
3616
CDXLIX
2000
1413
MCMXXVIII
MX
691
1154
2632
2906
CDLXXXVIII
1155
MMMDCXI
19
CCXLI
MDCCII
1712
3450
MMMDCCCVIII
MCX
583
932
3006
3585
3423
MMCCCXXVII
MMMDCXIV
3048
2873
335
3675
3138
3879
2135
CMXLII
MDLXIX
MMMDCCXC
2943
2998
LXXII
265
1232
MCMXIII
3636
CDLXXII
1378
3582
CCCLXX
MMMDCCCLXI
2981
MDCCXCIV
MMMCCXLIV
MMCCXL
MMCCCXCIX
DCCCLXXIX
MMMDCLXXXI
2932
MMMCLXII
MMCMLXII
1830
MMCMXLV
3294
MMCMLXXI
MMXCVI
3193
498
2651
MMDXVI
1567
CLXV
583
MLXII
MCXIX
2438
1375
3115
289
MDXC
DCXXVI
MCCCXI
2943
1599
3492
MMCMLIX
DXXXI
MLXXXVII
1178
855
DCXXIX
3166
2731
MMDXXIV
MMMDCCLXX
913
1660
3605
800
MMMDCCXX
92
1251
2748
2419
928
3352
MMCLXXIV
MMMDCXVI
1675
3858
MDCCXLIII
MDLXXVII
CDL
3618
DCCLXIII
MMMCCLXXXI
1265
MDLXXXVII
MMMCDXLV
2547
MMMDCXL
423
1359
2435
2076
2460
193
2193
MLIII
1028
139
2761
1513
1928
253
72
MMDCCXXXVIII
DCCCLXXXIX
CXXV
DCCX
DCCLXXXI
DCXCVII
DCLI
DCCCLXI
MDCXLVIII
505
1434
MMMCMXXXVII
MMCMXVII
MMDCIV
CCLIII
1093
2859
MMMCMXXVII
3156
1738
85
3905
2358
560
3888
MCMXV
196
3820
1059
MMDCCCXCIX
MMMLXXXV
3294
3871
MMMCXXXVIII
MMMCCXXIV
1386
MMDCCXCIII
913
CXXXII
2681
1606
631
1636
3243
MMDCCCXXIII
755
MDCCXIX
MMMXCIV
3987
MMMCXCIV
3066
993
2780
MCLXVII
MMMCXXIII
1259
1903
2658
3297
MDCCLVI
MMLI
3977
CCCLIII
DCCCLIV
MMCDXLIV
2074
MCXXIV
3093
CCCXXX
3486
MMCCXIII
MMDCCCXLVII
MMMDCCCLXXVIII
3370
3599
1717
MMCCCLII
MMXV
MMCCCIII
MMDCCCLXXXIX
MMMLXV
MCLXXXII
3866
259
2718
MMDCLXXXVI
1759
MMMDCCCLXXXV
138
MMMCCLXXIII
1291
294
3511
1702
2898
2894
3391
1902
852
1949
1236
1280
2312
MCMIV
MMCCCXCV
CXLVII
MMCMXCII
433
MDCLXIX
MMDLXIV
CCCXXVI
MMCDLXXXVI
MMMDCXXIX
MMMXXXIII
MCCXXV
MMMCDXXXI
MMMLIX
MMMDCLXXX
2981
DCCXXVIII
CCCXCIII
1372
MDXXX
MDCCCLXXIV
MDCCCXV
CDXXIV
2112
1680
MMDCCCX
1700
1457
3771
3756
MMMCVI
MMDCCLXXXI
3843
MMMCCXLII
333
333
MCCCXXX
MMCCCXCII
707
MMDXCIX
CCCLXIV
3684
MCMXLII
2239
DCXCIV
MMLXXXIII
MMMDCCCXLVI
DXXI
MMMXXXIV
2107
2930
1415
MMMDXXXV
XXIII
1998
2575
2652
CDLXXVI
2397
189
CCCLXXII
MMMCD
3206
1021
2641
MMMCDXCVI
MMMDXXXV
DVII
2190
CMXLIX
2420
MMMXXXVI
MCCXXXV
DXLIII
186
935
1207
537
490
795
3992
CLXXIII
3834
615
1154
220
MMLIX
3189
MMMDCCCXX
683
3652
3157
MCCCLXXXI
DCCCIX
DCXCVIII
CMXLII
176
365
MMMCDLX
MMCCCXXVI
MDLXVIII
1751
MMDCCXIV
MXCI
1618
DCLII
MMMCLXXIV
2986
MMMCX
MLXXII
MMCCCVII
3759
452
CCCXLV
MMMV
MMCCXLIV
835
1278
3328
2036
MMMCDXLI
3507
MMMCXLI
671
1103
MDCIX
MMDCCXCIII
MMMCXLII
332
673
2467
DCLXIX
1433
MMMCLXX
MDXXXII
1947
MDIV
MCXCIV
CDII
1325
MDCCCLIX
MMMCDLXXV
3162
MVI
MMMDCXXXI
1552
MDCCLXXIX
3138
3623
MCXCI
8
3257
2833
3855
286
3041
MMMCCCXIX
MMDLI
MMMDCCCLXX
DCCCXLIV
CCV
MMDCCLXXXIX
261
2505
389
2448
CMXI
CV
MCCXXXIV
MMMCMXLVIII
2689
3019
1672
DXLIX
3873
298
1709
2326
200
MMDCII
MMMDCXV
MMMV
300
776
MMMCLXXXVI
3397
XCII
MMMDCCXXVIII
MCMXXXVII
MMCDXXII
MCXXXIX
MMMCDLIX
MDXVI
MDCCXVII
MMMXCII
MCCCXXII
DCCXIX
MMMDCCCLXXIX
CMLIV
XXXIX
53
925
MMMCMXL
2189
323
3027
167
2657
XLIII
1297
CCLXXXII
2992
3632
550
2130
604
3523
974
876
MCDLXXXIV
MMDCCCXXI
3569
1899
MMMCXCIV
CDXLV
MMMDCCC
506
3407
100
1867
MMCLXXXIII
MCDLXXXVIII
1590
MDCLIX
MDCCXXIII
MMMCCXLVI
DCIX
1433
MCMXLVII
MMMCMXXXVII
MMMCCXXIV
MDCLXV
MDXXIII
1390
MDCCCXCIX
2470
3188
DCXXVI
MMMDLIX
MMDCXVII
MMMCCXCVII
2812
MMMXII
529
MDCCXCVII
1416
MMLXII
1068
662
2929
MCMLXXXVIII
MMCXXXVI
DCCXLVIII
CCLXXI
806
VIII
MMDCLXXV
2220
MLXXVI
1982
610
DCCLXXVI
3162
262
3233
3035
579
2428
MCMXII
MMMDCCCLXXXIX
MCLXIX
MMDLXV
MMMDCLVI
1853
2727
MMDLXXVII
MMXCV
3149
MMMCCCLI
488
1922
2162
604
1904
MMMDCCXCVI
MMCDXCVII
MMMDCCLXXXII
MMMDCCXIV
2164
MCCLXIII
2588
3789
MMMDLXXXI
792
1703
957
3880
2001
3050
2027
MMDCCIII
MMMDLXXXII
MMCMVII
MCMXI
2519
CXVII
763
1453
DXX
MCCLXXXVII
3081
3582
2468
MMCXII
587
MDIX
3248
3151
CMXLIX
LXXXVI
160
MMDCCXV
2104
CMLXXXVIII
CMXXXIII
MMXXV
MMCCXLIII
DCII
2073
MMMDCCCXLIII
MMDCLX
2679
MMMCCCVI
MDXV
MXXVI
MCCCXLVII
MMMCCCXXIII
MMMDCCCXXVI
MMMDCXCI
1591
3972
MMMCMLXXXIV
MCLXXXI
1647
181
1291
CDLXXIII
CMXVI
2863
MDCLXXI
1435
2860
MMCMXXXII
1871
MMMDXXX
MMMCMXCII
2469
3278
2340
1699
1506
2425
MCXVII
1396
3545
MMMCCCXIV
MCDXXIV
1096
1132
3166
MMCCCLXXX
946
MMCCLI
MMCXIX
MCCXXVII
1501
3712
1831
3170
DCCCXCVIII
MMMDCCXII
MMCDVI
MMDCLXVII
3522
MMCDXXXIII
MMLVII
3471
LXV
1517
1431
842
2249
585
88
CCLXXII
MCDLXXIV
2807
MMCMLII
MMMCCC
MCMXCII
MMCCCXXIII
MMMCCI
1559
2702
MMMCDXLVII
3618
2339
MMDLXXX
3462
MMDCCXLIII
2279
1834
MDLV
CCCIII
2515
MMMDCLXXII
2295
710
MMMCCCXXIV
MLX
3401
MDCXIX
MMMDXLVI
3343
1698
CCCXLVII
2457
2808
MLXIII
MMDCXXXIII
MMMDCCLXXXIV
2637
694
1291
MMMDCLV
2426
1075
2173
MDCLXII
MCDLXVIII
2626
845
1741
MMCCLXIV
1541
MMMCMIII
LXXXV
MMLXI
2107
46
2868
3540
1325
2308
598
MDCCLXIII
3238
2590
MMCMLXII
MMCCCXXIV
794
1544
564
3217
13
DCX
843
741
1218
DXXXV
2964
1096
3943
MMMCDVII
1175
364
CLXII
MCDXXXV
2658
MDCCLXV
CCCVI
MMMCLVII
1888
MMMCDLVIII
838
LIX
2014
3967
XLV
MMMCDLXXIX
MDCCCV
MMCDII
3926
832
2461
2830
1758
3314
942
MDCXLII
MMMDCCXXII
118
1828
MMDCCCXVIII
CXII
MDLXXI
924
MMDCCCXXXII
MMMCXII
2718
MMDCCCXLVIII
MMDXCIX
657
CXIX
CCCLXXIV
1177
MMDXVII
MMMCLXIII
CMLXXX
3024
DCCXCIII
MMMDLXIX
1598
2059
MMMXLVIII
MDCXLVIII
MMMCCXXIV
1089
MDCCXL
3171
3262
MMDLXVIII
2707
2067
MDCCLXXVIII
MDLXIX
MMMCLXXIV
MDC
2689
3649
CCLXXIX
MMDCCXXXII
MDCCCLXXX
MCXCIV
MMCDXXIV
1208
3243
MDCCCL
MDCCLXXI
MMMDLXI
3340
1521
MCDIX
2275
CCCLXXV
MMDXXXVIII
MXXXII
2505
MCMXV
CDVI
MMMDCCCXXXIII
MDCCCXLVII
MMVI
3991
1718
277
1564
MCDLV
1733
1769
2063
1171
CLXIX
MCDLXXXIV
383
MMLXXXVII
3270
3879
MDVII
1808
3085
MCXXXIII
CDXXXVIII
519
3426
MDCXXXIX
2703
936
DCCXLVII
MMCCXXXIV
3011
MMMCCLXXXVII
MMDCLXVII
XXVI
3883
1765
2262
MMCXXXV
2264
MMXXVII
1247
2808
MMMDCVI
1748
3909
2028
MMMCDXLVII
1417
MMDCCCLXXI
MDCCCXLIII
402
279
MMCCCII
MMCMXXXII
DCCXXIX
DCCXIV
648
1434
722
MMMCCCX
MMCMLXXIII
CCXLVIII
3693
1462
CXXVII
3842
500
2466
3669
1211
111
262
1908
1382
MCDLII
MDCCCXVIII
1449
MCDXX
1452
540
MLII
263
MMMXII
MMCCXCI
DCCCLXXIV
MMXI
1712
2004
MMMXXIV
CMLXIII
757
1298
MMDCCCXIII
MMDXXVII
DLXXVII
2528
MMCDXLVII
2986
MDCCXLVI
MMDCCLXXIII
MMMCCLXXIII
2266
3386
DCCCLXXXIX
MMDCCXXII
858
3851
3120
XXXIX
3315
3684
509
CCXVIII
MMMCMLXII
2456
MMMDXCIII
MMCCLXXX
CCCXIV
3895
MLXIV
3465
3266
MMDCXLVI
2047
906
3740
214
MMCMLV
920
MMMCMXX
MMMDCCLXII
1669
MMCCCXI
CCXXVI
1926
3646
2873
MMMCCCII
MDCCIX
2157
MMLXVI
MMMDCCCXV
MMCDXCIII
3743
MCCCLXV
1071
2849
135
MMCLXVIII
1907
1182
2171
CXV
MMMDCCC
CDLXXVIII
DCLXVII
CMVII
XLIV
MMDCCCLXXII
3470
CCCIX
CXC
2284
MMCCXCVI
CMLXVII
3913
MMDCCCLVIII
3016
MMMCDLXXXIII
MDCCCL
1135
MMMCCCXVII
1735
MCDXIII
3247
MIX
1739
2962
MCCCXXXVII
MMDCCLXXVII
MMDXXXVI
1324
MMMDCIX
2824
3786
697
MDLII
MMDCCXIV
MMDCCCLXVI
902
2574
MMDII
MMCCLXXXVII
1053
MMMCCXXIX
MDCCCXCVII
690
2084
MCMVI
2652
MCMLXXVII
838
MMDCCCLXXI
2823
CCXLVI
MMMCXXVII
MMDCXLIV
2034
1793
2191
MMMCCCLXXVII
3962
857
1385
3460
2157
MMMCMLXVII
1303
2873
3550
MMDLXXII
882
2269
MMDCCXXVII
MDCCXVIII
MCXCIV
MXIX
DI
1387
MCCCLXXIII
CDXXII
421
MDCCXXIX
494
726
1295
MMCLXXXIII
966
CDXLVI
3660
MDCXLVIII
DCLI
861
CLIII
CLI
MMDLXI
XIV
MMMDCCCV
439
MMMDCCVII
DCCXC
1788
MMDXXV
432
3053
958
1549
CMVII
3200
2704
MMMDCXXX
92
DCXXXVII
DCCCLXXIV
MMDCCCXV
1190
1406
MCCLXXVII
3048
MMCCCXLI
MMDCCXLIII
1416
CXXIX
748
3068
MCDLXXV
1227
MMMDCLV
1020
2510
107
MCCCVI
2254
DXCI
1515
648
MMMCLXXIX
301
DCLXVII
3274
DXXXIV
MCDLXX
MCDLXIII
MCXII
XCVI
DCCCXXX
3286
CDLXXXVI
MMDCVII
3793
MMMCCCLIII
MDCCCXI
1357
464
MXXXVIII
MMMX
1283
MCDLX
DCCLXXIII
MMDCCLX
2631
DCCCXIX
MMMCMXX
CDLV
MCCLXXII
1089
970
MDCXVIII
MDCVII
2106
300
1017
1374
1939
1093
MCCCLIV
2696
MMCDIV
CCXXII
CMXI
MMMCDL
80
2188
349
1524
MMDCXCII
2705
1496
XXVIII
96
MMCLXXIV
MMMCLXIX
1748
2592
2804
2771
MMMCCCXCVII
294
2141
DCLXI
3423
1371
2584
MCDXCIV
885
MMMCDV
CDXLVIII
1242
2657
MMCCXLI
MMMCMLXV
1647
3701
34
1042
700
1221
3555
DCXLI
MMDXLIII
MMDCXXX
2733
MCMLXI
MMCCCXCIII
2139
MXLII
MDCCCLVII
MMCMLXIII
702
MDCCI
2866
2291
MMMDCCCXIX
3911
1091
MCCCXXIII
426
MMMDVIII
MMCMXXVIII
3701
DCLXXXVIII
MMMCCCVIII
MMCCCLXIII
405
MMMCCLXXIII
1977
MMMCMXXIX
MMMCXXVIII
511
MCDXL
MMDIV
MMDCCXXII
MDXXXIII
3283
105
3089
CMXXV
2938
2447
MMMDXCI
1175
797
DCXXXIX
486
CDXXXIX
MCXLI
3263
XXXII
1507
CCCXCIII
MMCXLIV
3304
2275
1706
MMDCCXXXIII
MMCXXIII
MMCMLXXV
MMDCCCLIII
915
1447
MMC
3849
905
2362
3124
2892
MDCXCIII
MDCCLXIX
2178
MMDIII
655
3326
MCDXCIV
2416
CLXXXVIII
880
MCMLI
MMDCCCLIV
182
3271
MCDXVII
3167
MMMDCCXCV
2068
908
MMDCCXCVIII
MMDCCXIV
185
CMLXVIII
MDLXVI
MCDLXXX
MMMCCCLXXV
1188
MMDCCCXVIII
CCXXXIII
2151
2044
2022
3362
3408
3941
MMDCCXXIX
1935
1632
1096
656
1250
1004
2429
1065
1706
MMMCCLXXIII
MMMDCCCLXXX
MMMDCLXXIII
3030
1085
CXXII
MMMDCXXXVI
3997
MMCDXVI
MCCLXIII
MMCCXLI
CCXLV
1585
772
2317
MCCLIX
1304
2604
MDCXCII
1371
MDXVI
1105
MMMDXXII
3194
406
MCDLXVI
CXXXVIII
3708
2491
MDCL
524
MMDCLXXXVII
3420
3280
1192
MCCCXLVIII
CXCIII
3282
MMMCXXIX
697
2184
MDCCCLXXIII
MMCML
2100
2928
DCVII
1166
MMCMLIV
MCI
422
MMMCCCXX
3679
884
MDCVI
MDCII
2305
3293
3095
3177
900
2759
56
1742
MMCLXXXVIII
3588
1013
CLXI
MDXV
2770
1861
CDLXIII
2396
2084
726
3900
841
817
MMMDCCXLIV
1992
2016
MMLXIX
3328
MMCXLIII
1465
2315
23
2794
MMMCDXLI
3335
234
MDXV
2495
MMCCCLXXXIII
MCDXXIX
MCDXI
784
773
1215
1530
1502
MLXXVII
766
1832
2402
MMMCMXII
MDCCLI
DCCLVIII
529
2775
MMMCCXV
MDCLXII
2209
2398
454
CLVII
1346
3608
MMDLXXVIII
1540
MMMDCCXXXVII
XXX
MLIV
641
3629
2850
DCXXIV
2745
2665
3887
MMXLVII
MMMCCLXVIII
241
3819
3874
MMMCMXXXVI
MMCCXXXVI
CLXX
3605
MMMDCCCLXVIII
508
3192
979
1455
MMDLXVIII
2204
1964
MDCCLIX
MMMCCLV
MXLI
2671
MCCLVIII
MMDLXI
MCMXCV
MDXXI
DXXXVIII
1042
MDLVII
MMDC
MMDLXXIV
DCXCIX
822
MMMCDLII
3755
864
2364
XXXV
1654
3552
CCCLXXIII
MCCCXXXVI
DX
515
3948
MMCDXCVI
2720
3939
3636
CCCXCII
MMMCDXVIII
MMMDLXXIX
MMMCCCXLIII
MMMCMLXXXVII
588
2729
2501
478
DCCXXXII
1581
MMMDCCCXLVII
MMDCXCIII
MMMDCII
2851
2573
CCLX
MMMCCVII
MCDXVII
1244
1342
1387
1367
MMMDCCLV
MMDCLXXVII
MMMDCCCXLIII
718
DXXXII
986
995
1414
LXXVI
3353
LXVIII
1947
MMMCCCXCIII
MMMDCCCIII
676
2992
MMDCCLXIII
6
1241
3078
1585
3482
1952
362
DCXII
MMMDLXXIV
MCCXXXI
1533
2196
MMCCXXXVI
MMCCLIII
DCCCLXXVIII
486
MMCCCLX
MDCCXXXVIII
3324
3383
MCCXXXVII
MDC
MDCVII
MCCCLXXV
1708
2556
CMXXVIII
126
3502
MMMCCCXVII
CLXXXIV
MCDIX
2503
1992
MMDCCXII
MMMCXLIX
2889
MCCCV
MMMCMXXIV
3963
3999
CLXXVII
1526
983
MDCLXV
3416
MMMDCCXII
MMMCDLVIII
1123
CLXXXVI
1595
1801
MMMCCI
MMCCCLXVIII
MMCMVI
1367
1999
2606
1613
1201
MMCCVIII
DXIII
MMDCCXC
MMMCCL
1523
3009
CCXXXV
MCCCXVI
DXC
3401
MMMCCIX
884
3816
MMDCCCLXXXIII
1855
CDLXIX
DCXXIV
MMCMLII
MMMDCCLXXV
MMMDCCCXXV
MMMDCCLXXIV
XCVII
CMLXXXI
3314
1091
MMMDCCLXXV
1143
CDLXXXIX
MMMDCCCXCVII
MCDLXXXIV
438
1987
CXXXIX
MMDCCLXXXI
3631
2394
MMMDCCCXCVI
414
MMMCCLIV
CCCLXXVII
MMXLIV
1446
1994
MCXIX
1993
MMMDCCLX
MDLXXIV
CDVIII
2303
3693
1814
943
3688
MMMDCCCLXXXIV
MMCDXCV
MDLXIV
2042
1058
3919
3802
MDCCCXXIII
3491
MMMDLXXXII
1298
3993
611
3974
2877
DCCXXIX
MMCCLIX
MCDLXII
MCCCLVIII
75
LXX
LXVI
MMMCXXXIII
1531
3423
MMCLXXIII
3906
MCDXIV
541
CCVIII
MMMVIII
MMMCCCLXVI
MMMCLXXVI
649
3788
2907
MMCMLXXV
MMCMLXXXVII
CXCVI
1802
2331
CMXL
DLXIX
1823
3810
623
MMCMLXIII
3679
MMCMLVII
3596
1614
2228
2139
MDCXL
3973
1449
MCCCLXXIX
MMMLXXXIII
37
MMMDCCCLXVII
3717
3846
2289
3739
424
462
503
3458
1819
MMMCDIII
2197
MMMLXX
MMMDXXXIII
1554
MMCCLXXIX
MMMDCXCIV
MMCMXCVII
MMMCCXC
2466
CXCVIII
1494
3990
MCCCLXXXV
214
MDCCLXIII
919
3542
DCCCIV
2474
MMMCCIV
MDXLIV
2158
MDCCLV
1747
MMMCDII
813
DCXCVI
3872
882
1594
1143
2466
CCXIV
1371
3988
1341
MXXIII
2676
DCCCLXII
3534
553
3827
MMMDCCLXXXVII
2354
MMDCXX
2638
MXCII
MMMLXXVIII
MMCDXCVII
MMMDCCCXLV
MMMCDLXXIV
MMMCCCXXVII
MDCXLVI
MMMCMXXXVI
CV
MMMCXLV
MMMDCCCXC
1461
2028
1655
1316
2004
MMMDXCVI
MMCCCXCI
2121
1341
CCCLXVII
3506
339
MDV
2594
MMII
329
DCCCLI
316
DCCVI
MMMCCVII
878
3562
2914
MCCC
MMDCXVIII
XXXV
830
MDCCLXVII
MMMDCCXCVIII
MMMCCCXXXIV
2210
3889
568
MMCMLXXVII
MMMDCXLVI
MMDCCCLII
3090
1088
3459
MXCIX
MMCCLVI
MMMCDXVII
2535
DCLII
2187
1689
DCCXXV
3701
3326
MMMDCLXX
3438
24
3373
DCCLXXXVII
MMDCCCXII
CCXL
668
MMDCLXIV
1225
582
186
329
DCXXXIV
2901
2970
1032
MMCDLXXXIX
1200
DXLVI
2246
1855
2278
MMMDCCXXXV
1774
2966
2988
876
MMMCMLIII
2500
MCCCXIII
884
1207
MMMCMLXXVI
DCCVIII
MMMCCLXXV
2952
2499
MCDLXIV
MMMLXI
MCDLVII
3445
680
MMMDCXXX
1223
1346
1996
1411
MMMDLXXIII
CXX
MMMCCCLXVII
95
MMCXL
MMMCCCX
MMMDCCIV
3311
MMDCCCXI
MMDXLIII
MMMLXXXII
MMMCCXCII
161
MMCLXXXVIII
MXXXVI
1096
CC
2573
CLXVIII
3309
MMMDLXXXVIII
3535
MMDCCIV
MCMLXVII
MMMCCXCIII
MMMCXLIII
2325
319
MMDLXXXVIII
3185
CMXXVII
2068
3797
MMDXXVIII
MMCDLXVIII
1489
2801
DCLXXXI
MMCLII
MMDCCXXXI
CMXXXV
3194
MMDCCCIII
MMDCCCIX
MCCCLVI
2080
1523
2789
CDXXXVI
CCCXCII
2087
MMMDCCCXXXVI
MDCCXCVI
MMCCLIX
1076
CDIII
3032
2501
MMCDXL
MMCCXXXVIII
MMMCCCLXXXIX
MMMCMLVI
917
3948
MMMVI
MMXVII
1024
2164
655
MMCCCV
1500
CDLXXXII
3835
MCDXCVIII
3158
2168
MMDCCXXVII
566
MMMDCCCLVII
CCXIV
1389
3446
516
DLXXXIX
MMDIX
3818
MDCLXXI
2439
XLV
MLXXVI
2678
2498
DCCXVIII
834
2894
MMMXII
3108
MCXC
MMDCCCXXX
MDCCLXIX
2527
660
3418
MMDCCCLXXXVIII
1700
MLXV
385
265
MMCMLII
MMMDCXCIII
3927
3580
2609
MMMCDLII
MMDXXVIII
MCLVII
3695
2686
3482
652
1298
MMMDCCCXXX
990
MCCLXXX
MMCCCXLII
MCLVII
MMMXXII
MCCCLXXXI
786
2416
MCMXXXIX
MMDCLXXVIII
CDLXXII
MMMLIX
3447
2247
3836
MMMCCCXXXVII
708
860
1535
MCMXLI
MMCXXXII
MMCCCXXIX
741
CLII
MDCCCXXIII
96
MMMDCLVI
CLXXXVII
MMCDXXXIII
MMMDCCCLV
MCDLXXV
2817
MCMLXXIX
1734
3968
MMDXVIII
2375
CMLIV
1317
MDLXXII
2817
3860
2189
2213
MMDCXIII
2753
2790
422
MCCXXVI
2146
3665
CCLXXIX
2296
MCMXXIV
MMDXLVI
MCCCIII
2830
3865
2009
2167
MMDCCXLVIII
1830
1079
DCCLXVIII
1510
MCLXXIX
DCCLVIII
MMCCXLII
2384
MCMLXVIII
3137
CXXVII
MMDXCVIII
1808
891
3168
DCCXCIX
209
3296
3707
3184
3587
CMXXII
MCDLXXXV
2962
MXLVI
2212
767
MCLIX
CDIII
CDLXXXVIII
2570
1508
MCCCXXIV
2803
MMMDCLXVI
3062
78
DCCCLXXXV
368
MDCCCLIII
MMDCXCIV
MDCLXX
1371
MMMDCCCLXXIX
2986
MMMCCCXVIII
MMDCCCXLIV
MMMDCLXXIV
MMMDCCXIX
MCDXIX
2034
MDCI
MMM
71
MMMDCCLI
MXIII
337
DCCXLII
2920
MCCCLXVI
385
65
3887
163
MCCCLXXXIV
MMMDCCLXXXII
MMCCCXXVIII
DCL
3439
MMMDCCCXXXV
2857
3506
1514
3679
1358
2359
MCXLI
2519
CCCLXXIII
CLXII
566
MMMDCIX
MCMIX
MMMDCLXXXV
MMDCCLXXIII
CCCXLIV
XCIII
1184
CCCLXXXIII
MCX
LIX
3146
MMDXCIII
3267
XVII
2137
2941
MDCCLX
3737
MCDLXXXVIII
901
CCXVI
73
CDI
DXLIX
2577
MDCCIV
2365
CLXXXI
964
CDXV
MMCLXXII
MCCLXXXI
3415
MDCXII
1526
MMXIX
MXX
DCCCXLI
2400
MMCDXCIV
MDCLXXXII
107
DLII
1860
482
MMMCCCII
MMMDCCCIV
MMMDCCCIII
2852
370
782
CMXCIV
MCMXI
MMCXXVIII
3430
356
635
DLV
2051
2837
2035
369
MMCLXVIII
CLXXXV
MMCCCXXVIII
174
1135
850
MMXXIII
1645
437
2458
DCCXXV
302
MCDXL
1262
DLIII
3190
MCDI
MMMDCCCLXXXV
2502
MXXXI
DCCCXLII
DCLXXI
993
MMCDXVII
1307
DCCCXLI
732
MMMCXXIV
MMCLII
MDCLXV
MMDCI
MCCCLXXXIV
2196
MMMCDXCIX
1609
3937
CDLXXX
DLIII
511
2704
3199
DCCCXXXIV
MMMCCCLXXXIII
MMMDCCCXXXII
3760
3365
MMDLXIII
MMDCCLXXV
MMCDXXV
485
MMLXXXVII
CXIII
MMLXXIV
MDCLXIII
3320
3802
DCCCVII
MDLXXV
DLXXX
856
MMDCCCLXXVII
2966
286
MDCCLVII
3006
MMDCCXXXIX
2062
3467
MMCDLXXIX
MMCC
MCDIV
MMDXCVII
MMCML
MMCCXLIV
885
1666
3013
2670
2330
MCDXLVII
878
1251
MLXXXII
MDXIV
MMMDLXXXV
MMDXCIX
MMCDXCIX
2827
1461
MMMDLXII
MMMDCXLVIII
1604
584
2364
MCCCLIII
2064
MMCMXIII
MMMCLXXVIII
2906
MX
145
MMCLV
MDCCCXVIII
MMDCLXXXIX
MDCCCXCIX
MCDLXII
1880
3151
2253
3918
1187
936
895
3807
2555
1514
1288
MMLXXVI
MDXXXIX
MMCDLXXXIII
147
MMCCCXXVIII
MMDXXXV
237
988
MMCMLXXII
MMMDCCXII
MCCLXV
DLXXII
1444
MMMXCI
2067
CLXXXII
MMCCXV
MMCMIX
1920
MDCCCXLVI
2310
MMDLXVIII
MCDLXIII
136
3140
2645
MMMCMLXXIII
MMDXCV
1270
442
1161
CMXL
3661
1080
3687
239
MMCDL
DLXVII
MCDLXXIX
1616
MCMLXIV
87
2541
194
1797
MMCXXVII
MMDCCCLXI
MMDCCCLXVI
MMMDCCCXLIV
MCCCXIV
1031
MMCCCXIX
2007
1667
3697
MDCCCLXIV
3898
MMMCCCXXVIII
426
MCMLXXVI
2520
MMMDCCCXVI
MMCMXII
MMDCCXXXII
3105
MMCMLXXIII
2300
DCCCXVI
2814
MDXXVIII
MMCD
CCXLVI
2050
MMDCCCIII
3479
DLXX
MMCMLXXVIII
MMDCCXCIII
MDXCIII
MCIV
801
MMDX
2276
CLXXVII
CLI
416
MMCMLXVIII
2250
DCXXXIII
923
DCLXXV
1954
3548
2944
2001
MMXLI
18
940
2560
1552
3602
CDXXXVIII
MCDXXXVIII
MMMDLXIII
MCLI
3652
3186
MMCDXXIX
2882
DCCCXXXVIII
2167
MMCCXLI
2984
3941
22
2282
MMCCCXLIV
1388
CDXL
MMMDXXVII
636
MCDXLVII
3910
MCCCIII
2754
2702
2528
MMCMXCIV
MMCDLXXXVIII
MMMCII
CDLIX
MCCXII
DCCCLXXXVI
2314
2075
415
MMMDCCLXX
MMMDCLXVIII
CVIII
MMMCDXXXI
3123
1496
3525
MMMCXXI
2986
3981
MDC
1631
2969
MMMCDXXXIII
DCLXVIII
1518
2498
MMDLXIV
1637
MDCCCLXI
2722
MLVI
MMMDCCCXXXIV
2469
1241
2256
MCDXCVI
LXXV
MCDLXXXVIII
MXCII
MMCCCXXII
DCCXIV
3350
MMCMV
MMMCCCXII
2417
4
1517
3045
CCCLXIV
MDCCCXXVIII
1828
MDCCCXCII
CCCLV
3011
3138
CDXLIX
2612
MDII
MMCDXCVIII
MMMCCCXCVI
2351
MCDLXIV
3506
3754
MDLXII
1900
MMDCC
MMDCCLXXX
MCDXXXVII
XII
3926
MMMCCXCVII
MDCCCLVII
115
CDXVIII
MCCCLXXXVIII
1693
1519
1922
CMLXXV
190
365
MMMDCCCLXXXVI
MDLII
MMCCCLX
MMMCCXC
CCCXXXIV
1174
886
MMCDLXXIII
MMMDCCCLVI
MLIV
MDCCCXLIX
3870
MC
2119
843
2691
2702
MMMCDLIII
MMMDCXXII
1282
3399
MMMDCCLII
MMMDCVII
MMCDLXXIV
1970
MMCDXXXIX
MMMCDIII
1209
237
MMDCCLI
1886
MMMCLXXXV
1099
MMMCDXX
1004
2319
2128
MMCCIV
3247
2820
3813
MMDCXLVI
3314
880
MMDCCCL
3093
MMDXXX
DCCXVIII
MMDCCLXXXVIII
2343
3619
1700
3240
2345
2618
838
MVII
MMDCLXXV
CXXVI
DCCXXVIII
1025
1574
MDCCI
2962
MCDXC
2872
1236
MDCLXXXIII
MCMLXXIX
2607
1058
DCCXXXVII
796
909
CCLXXI
2633
1919
2224
2883
963
193
2192
1407
2978
MMMDXXXIX
MMMCCCXCV
MMMDCCCXXV
MMMDCCLXXXIII
MDCCXCVII
2256
1690
MMDCVII
DLXXXIX
3103
2602
2334
3323
1744
MMMCDLXI
654
910
929
1763
2328
2748
1723
MDCLI
MMMCCCLXIII
1629
MCDLIX
MDCXCI
63
300
MMMCCCXVII
738
MMMCXLIV
190
1927
DCCXXVIII
CCCXCVII
3768
23
3903
MMCMLXXV
1534
1200
MMMCXXXIX
DCCCXXX
CDI
MMMCCLVIII
800
161
MMCDLXV
1077
587
2761
2331
517
1219
MMCDXCII
1577
MMMDCXCIII
MMCCIV
860
374
3930
DCLXIX
MMMDXCVII
MMCLII
MMDCLXXVIII
1633
DCCXLI
MMMCMLXXXIII
759
2821
3629
3612
660
MMMCII
1311
MMMXXIV
MDCCXLI
MCCCXXIX
XXIV
LXXV
1316
MMMDCCCLXXXIII
MMMCDLXXXVII
1356
1952
3561
122
MMDXLIV
MDCCXCII
XCIX
281
MCDVIII
MMMDCXLV
2761
MCCXVIII
2141
3335
MCCCLXIII
3106
238
CMVI
838
2876
267
DLXXII
1312
691
829
3305
2724
706
346
CCCXLIX
3300
809
2179
3548
542
MMDLX
MDLXXXIV
2061
3878
MMMDCCXCII
3217
MCDXCIX
MMDXV
MMMXLVI
MMCMLXXXIV
MCCLXIII
1740
MMMCCCXXXIV
1032
MMMCDLXXXI
2014
MMCCCLXXIV
MMMCCIV
MMLXXV
1934
597
CXV
1156
3925
MCXCVII
MMCMI
MMCXLVI
2319
1813
MMCXL
3266
3564
MMMDCCCXCI
CCXXIV
CXV
MMMDCCCLXVII
MMCLIX
1244
1473
MDCCXXX
XXIV
XLVIII
MMMDLXXIX
MMMCCXCI
3358
841
3899
MMMCDV
MDCCLXXI
MCMXXV
MCDLXX
MCCCXLIII
MMXII
CMXXXVIII
MMMCLV
DCXCIII
MMMCDXXXVIII
MMDCCCL
MMMCLXVIII
2940
MCLX
MMMCDLVIII
MMXXX
MDXXXIII
2982
MMMXXXIV
3340
MMMDLXV
DLXXX
MDXXVII
CCCLII
MMMDVI
1623
MMMCXXIV
1836
687
DCCCLXIV
1191
1880
CMXXXVII
MMMCXXIV
3900
MMDCLXX
1065
1731
MMMCCCXC
75
MMMIII
MCVIII
CCCXLVII
MDC
1409
MMMCCXCV
2458
3278
MMMDCCLXXXIV
2424
MMDCCCXLV
3960
MDCCCXIV
2489
LXXX
MMMDXI
3303
MDCCLXI
MMMCLXXXV
3792
MDCCXXIII
MMCCLXXIV
1277
DXXXIX
3739
491
MMMCML
MLXXX
473
405
MCCCLXXV
DCCLXXIV
3833
489
DXXXIII
1954
2181
CDLXXI
694
2218
455
MMDCLXXV
3042
1217
3286
MDLXXXI
91
3833
MDCLXIX
MMMDLXXXIII
773
MCDXCV
MMMDCXXXVI
2969
MMCCLIX
2425
CLXXXIV
MMMDXCII
3464
MCCLIX
LII
3401
1424
MMDCXI
2096
MMCDLII
1062
1616
130
3943
CMXL
1802
MDCLXXXII
1327
2319
1144
MCMLXII
3534
3526
CCCXCVII
1726
MMCDLXXVI
MMDXLVII
MMDCCCXXXIX
MMDCCCXLVII
CMLXXXVIII
1192
DCIII
1331
MCCCII
CDXIV
MMMDCLXXIII
DCLXXVII
MMMCMLXIV
MMMDXC
MMDCCCXXV
797
MMDCCX
MMCCLXVI
3326
MMDCCLXX
1567
23
MMDXLIII
2631
1417
MMCDLIX
MDCCCXXII
1491
MDCLXXI
CCCLXXXI
929
MXXIV
2538
DXVII
LXV
MXVI
2123
MCMLXII
CCCXXXIX
MMMDXXXI
3873
2556
DCCXXX
1970
2115
2641
383
MMMDCLVI
CMXXV
MMDCCCXCV
MMMDXXVII
3803
928
MDCXLII
1446
MMMDCCLXX
3742
1151
1691
MMMLIX
3162
3659
MMMXXXV
2936
CLVII
227
1192
3937
127
2731
MMCM
451
MMCMXCV
MMDCXXXIX
2259
MMMDCCCLXXXIII
MMMDLXXII
MMCMLXXX
1286
2377
3590
1326
MMMDCXC
3215
3825
MMDCCLXXXV
1861
XV
3796
1575
DCCLV
964
MDCLXXXIX
CXLIX
MMCDXIX
1248
MMMDCXCII
DCXLV
3853
LXXII
MMDCCCLXI
624
3351
591
MMMDCCCXLVII
3645
MCLXX
MMMCLXXX
144
1130
3819
MDCCCLXXVIII
MMCXCVII
MMMDCCCLXXXI
3531
MMDCLVII
CCCLXVIII
240
DCCCXXIII
2911
1503
3733
3006
1659
CXVI
1325
1612
MMMCCCLIX
819
CXXXVI
2497
3327
2190
1668
2611
3890
CDLXIX
1804
XCVIII
MMMCLXIII
743
3697
CMXIII
CMXLVII
MDCCCXIX
MMDCCLXVI
558
MMMCCXCVII
2031
CMLXXVIII
MMCDLXXXVII
2300
MMCLII
2609
1015
2121
MMMDCCCXVIII
2480
DCLIII
MMMCCCXLII
1335
MMMDCXLVIII
3746
3220
2979
282
MMMCLX
3455
CCXVI
1322
MCCXCI
2591
3771
MMMCCXXVI
MCXII
MCCX
1675
MMCLIV
MMCMLXXXV
MDCLXXVII
2065
402
1656
3770
CLV
MMDXXVIII
1307
3721
CCCLXV
MMDCXLIII
DCL
1319
MMDCCLXXXVIII
1057
3057
2005
267
MXI
3887
741
3880
533
CMXXXVI
DXXVI
2584
MCCCLXXI
104
3102
1874
CCCLXXV
CCCIX
MCDXCIX
1504
550
CMXXVII
2711
MMMCCCXXXIV
MCMXVI
2957
MCDXCVIII
MMMCLXXXVII
MMCMLXIV
1520
MXXXVI
MMMDCCCXXVIII
1840
XXII
2866
3956
3719
DCCCLXVII
CDXXXVII
1105
MMXIII
MMDCXIX
MMDCCCLXXXI
1273
MMMCCXCI
1758
816
1140
3070
MMMCDLXIV
CCCXXXIII
445
MMCCLV
2776
MDLXXXI
MCXXXV
MMCCCLXXIII
MDCCCXCIV
1151
DCCCLXXXIV
1391
VIII
1771
MMDCCXXV
2862
3798
MDCCCLVIII
165
CMLXVIII
905
MMMCXXXVIII
244
1919
1756
3272
MMDCCLII
CLVI
DCVIII
2218
3495
2910
3403
1948
3020
MCCXCIII
MCMIX
MMMCDXXV
MMDCLXX
2425
MMCCCXXVII
2893
MV
MDCCCLVII
2531
MMMCCLXXVIII
440
MMMCDXXXIX
3174
1829
3471
MMCMVI
CCV
2826
276
DCCCLXXXVI
MMMDCCXCV
DCXCIX
523
1270
MMMDLXXXV
509
3788
MMVI
MMMVIII
2048
MMMCLVII
MCMXXXIII
237
MMMCMLXXVII
2541
DCXXVII
2586
MMCXXXV
MMMCMLXXIII
MMDXXV
3410
1710
MMMDCLXXVII
397
DCCCLXII
MMMDCCCXCIII
1382
3513
2493
MMMDCLXXV
1050
1448
MMMDCCCLXV
XXVI
MXIII
3661
MCCXIII
2524
2128
MDCCCLXIV
3895
MMCCLXXV
XXXIX
MMCDXXII
MDCXXX
MMMCCCXL
3430
MMDCCCII
CCCLXX
DCCCL
MCCLII
MMCX
3227
MMCMXXXVII
3720
284
1386
3778
2361
MMMCDXLIII
2390
MMMDLX
DCI
1433
MMMDCCLXXV
375
595
260
DCCLXXVII
MMMCXXI
MMMCDXI
2913
MMMDLXIX
1063
MCCXCVII
CCCXXI
MMCMXXVI
MMDCCIV
813
MLIX
MMMXXIX
MMDLXXXVIII
MCMXXI
MDXLIV
3725
819
CDLXXXVII
MMCCXIII
3287
2460
823
MDCCCLXXIII
2502
3251
1053
290
MMMCLXIX
2454
MMMDCXXXV
MMMDCCCIX
MMCDXXIX
MCCCVI
477
MCMXXXVIII
MMCCCXXXVI
1900
MMMCCLXXIII
MMMCMLXXVII
3416
MMDLX
2450
MMCLXII
DCLXXXII
2819
MMMCDLX
MDCCCXI
1246
277
933
MMCXLVIII
MMCCLXXIX
2913
3489
3973
39
92
3012
MMCCXL
3147
2428
MMMDCCCLXXIX
MMMCCXLIII
MMMDXLVII
MMDLXIX
DI
CMXCV
MCDXCII
1934
MCXLIV
3520
1450
MMMCCLXVI
2563
MCDXXVI
214
MMCXXXV
2939
1699
1511
2233
2602
1950
3437
2726
MMMCCLII
2970
MCDLXXXVIII
1845
141
MMCCCLXXII
MMDCCXL
778
MMMDCCCLVI
996
2860
MDCCCLII
227
DCLXXVIII
853
MMDCCIX
MMMDCXLII
DCXXXIII
CCLXXV
MMDCCLXXXV
MMMCCLXX
MCDLXXI
MMMCCLXXXII
MMDXCVII
CMLXXI
DX
3052
MMMDCCCLXXIX
127
3644
2403
MMMCCCLIII
2656
1199
CCIV
MMMCCXCV
1148
MDXCV
MXXIV
3743
MMCMLXXVII
MMCMXXXV
MMMDCCXVI
MDCCCLXXVI
2882
2998
MDCCCXXXIX
DCLXIV
DCCLXXXVIII
CCCLVIII
3450
1249
1150
MMMCCLXVII
3041
MMXXXVI
MMMCCCXX
MDCCCXCIX
1386
125
3352
3
MMXVI
3371
MXIII
2163
MMCLXV
MMMCDXVIII
LVII
2086
MDXXX
2845
MMDCCLXVII
1686
670
MMMCMXI
2705
1743
MDCXII
MMMDCCCLXXIV
MCCLXXXIII
MMCDXCII
1848
MMMCDXXVI
CDLX
3735
3950
MDCLXVI
1851
1537
MMMCDVI
CCXCVI
3611
291
MMDCCCXLVI
MMDCXL
3100
3464
CDXXV
3686
195
MMDCCX
3610
MCMXXIV
3389
MMMCDXXIX
MMCDLXXXVII
1292
MMMCXVI
CXC
1846
3525
3698
MMMDCCCXCVII
MMDCCCLXXIV
CCCXXXIII
3739
3504
MMMXIX
1420
2356
2748
MMCCXXIV
MMMXLI
3543
MDCCXCV
85
CCXLV
MMIV
1850
LIV
CDXXIX
2559
551
1305
MMDCCCLII
1186
MDLXXXVI
MXL
2716
9
MDCXC
1132
591
336
358
2274
LXXVI
CMLXXXIII
1
MMCMLXXXIII
3411
900
MDCCCXXXII
160
3440
1916
MCCCXLIII
2324
MMCMXIX
MCDXLVI
3136
CMXCIX
MMCDXX
2639
764
2101
MCDXXX
CMLI
3475
848
MMIV
1284
CMXCI
MMMDCCXX
2158
1430
MMMCXXVI
3787
895
3585
CCC
3161
1021
DCLXXII
325
MMMDXXIX
CCLXIII
DCCCLXXVI
3964
DCCXXV
2854
MMMDCLXXXIX
MCDXLIX
MMMDLXXIV
3359
DCCCXCIV
MDCXVI
241
MMMCXI
2984
903
1912
MMCDXXXVI
1363
2449
MMMDCCCLXXX
CDLIV
DXXVI
MMMCLXXIV
2395
MCMLXXIX
993
CDXCIV
337
2888
1049
2522
3800
DCCLXXXVIII
MCXI
MMMCMXCIII
MMMCMLVII
2119
1540
MMMCCLV
MCCCLXIV
MCDXXXIV
3271
CDLXXXIII
MMMCDLVIII
MDCCXCIX
2226
MCCCLXXVII
3677
MDCX
MCCLXXV
2298
3145
2394
DCCCLX
DVIII
2013
MMMDCCXCVIII
1563
MMCDLXXVII
MMLXII
1230
MDC
3540
3684
232
3110
956
1339
MMDCCCXXI
1253
1463
2337
MMCCCLII
1937
3038
2137
3178
CCCIX
MMMCCLV
MMDLXXVII
CCVI
97
CCXXXI
CCCLXXXIX
3208
MMMCDLXXXIII
1290
717
890
3641
MMMCCCXV
MLIV
2565
MMMDXXV
3885
MDXXXIX
1905
1670
3886
MMDCCIII
756
MXXXVII
3525
MMMCLXXVIII
V
2670
3940
3233
2077
MMMCCLVI
MMMDCXC
2053
79
665
MDCLXXVII
DCCCLXXVIII
1049
MDCCCLXVII
MCDXXXIII
1328
MMCCXVII
CDIV
MMCCCXLIII
MMMCCXI
3118
70
578
915
1624
CVIII
3324
2274
1229
3785
MMMCCCXXVII
CCC
617
2434
1124
3598
MCXL
763
DCCCVIII
MMDXII
3323
MMDCCXV
MMCCLVII
MMMCDLXXXVII
MDCXXIV
1480
MMMCMXXII
3107
3103
MMMCLXX
872
464
MMDCCCLXXV
MMLVI
CCCXV
419
2348
MMDCCXVII
1740
808
1995
2528
2304
MMMCCLXXVII
3741
MMDLXXXVIII
1787
2137
CCLXXVII
MMMDCLXXIII
2993
MLXXXI
3946
978
MMCCLII
MDCCI
MMMDCCCLXII
MCLXXXIX
1353
2960
3206
2681
CCCLXXIV
1279
XXII
3767
2820
MCMLV
MMMDCI
3755
1154
DCCCLVI
DCLII
2964
114
MMLXXXIV
MMMDCCCLXXXV
MCDXCVI
747
CDLXXX
DCLXI
2057
1083
2030
MMDLXXXV
MCDXCIV
MMMCDLXXXVI
3533
MMCCLV
MCCXCIX
3903
3849
DCCXV
MCXXV
CCXXIII
MCCCLVIII
2830
3862
CCCLXII
3845
821
3324
3406
MDCXIII
MDCCXXVI
2923
211
1808
1842
1497
1001
3500
281
3374
MMCCXXII
MCCCIX
MMMDCCCI
1869
1532
1067
2386
MCXCVI
1470
CMXXIII
2469
851
628
1739
MDXLII
1942
1963
MMDCCCXCVII
MMCMXCI
1935
3676
CC
MCCCXXIII
3784
MMMCCXXI
60
1544
MCMXXXII
580
DCCLXXII
1157
CV
MMMCCCLII
MMCDXXX
2193
MXCV
MDCCXI
2470
2324
135
1747
2473
DCCXXXVI
1630
2491
3029
VI
DCCXXVIII
MMMDCCCXXIV
MMMDCCVIII
CLXVII
CCLII
MMCDXVII
MCCLXI
MMXI
2411
MDLXIV
280
MCCXXIV
MMDII
MCDXCI
3442
MMCCCXXXIII
1393
MMMDCCCXVI
3699
MMCLXXVII
MMMDCCLXXXIV
3115
2817
3616
MDCCXLIX
MMMCCCXLIII
335
2235
384
1121
2666
DCXCII
2755
CCCXXXV
335
3385
MC
CCCI
2016
MDCCCLI
MDCLXXV
1893
MMMDCCCLXXXVI
999
MXCVII
1125
3749
MMMXXXIII
MMDCXVII
3184
293
2949
1948
932
1632
2766
1454
3574
3394
MMMDCLXXVIII
1020
MMDCCCXXXVIII
MDCCCXXXIX
3556
3913
966
1722
MCCXLIX
1579
1468
MMDCCCXXII
2016
99
111
2167
MMMDCCCLXI
2009
XXIV
3574
CCLIV
MMDCLXXV
991
MMMDCCLXVII
3432
MCCCLX
DXXV
MMDCCCXI
2905
MMMDCC
CCXLII
995
MMCMXXXVIII
125
3737
63
MCMXCVIII
3837
CXLV
MMCCXXII
MMCMXLIII
DCCV
MMCDLXVIII
CXC
412
MMMDCCCLXIV
MMMCDXXXII
3721
CCCLXXIII
MMCDXXVII
MDCCCXLVII
2003
MMCMXIX
1068
2266
MLXXI
1776
817
MMCMXII
CMXCIII
DCCCIII
805
2978
MMMLXXIII
317
MCDLXXXIX
2312
293
134
1936
1248
MMCMXXXVI
MMMCMLXXXVIII
1696
MDCCLXIII
3743
520
969
466
MCIII
3793
3065
1370
2846
1642
CV
MMCDLIX
MDXXXI
MMMCIX
MDCCCXCIII
469
395
3125
MCDXVIII
MCCCXXII
MMMCCXXII
2637
1814
MCCCLXXXI
CMXXXIV
MDXLVII
MMDLII
DCCXXXV
2860
2471
CDXCVI
MMMDII
MCMLXXXVIII
3413
CXXVIII
134
MDCCV
MMMLXXXVII
3306
1687
MMCDXL
MDCCLXXXVIII
DCCXXVI
1815
MCCLXXXIII
MMMCMXCVII
MMMCXCV
2553
2364
MMDCXXI
715
CCCLXXXII
MMDCCXCV
MMMDXXI
DXXXI
2740
MDCCVIII
3777
1166
MMMCCCLXXXI
MCMLIX
3940
143
MMLXIV
DCCCLV
DCXCI
2532
2269
MMMXXXIX
158
CCCXXXIV
3953
MCDIV
3939
2388
3389
1816
MCCCXXXIV
MMMDLXXVIII
MMDCCLXXVI
3021
MMDXCIII
3957
3812
164
MMDXLIX
CXXII
3924
3476
MCCCXI
MMDCLXXXI
1808
3462
MCMXXXV
3414
2417
MMCXVI
MMLXXXIV
MMMCCXIV
64
MMMXL
3872
2864
CMLXVIII
2850
MCIII
3787
44
678
DCCXLIII
MMMCCCLXXXI
2844
3872
MMCCIX
CDXCVI
595
MMCCCLXIV
MMCLXII
2087
CMXCVIII
2154
3956
868
XLIII
2466
MCMXLVII
XCIX
MDCCLVI
1900
883
MMDCCLIII
DCCCXXXVIII
3310
2054
1387
MMMCCXCIV
MMMLXVIII
2421
1451
1827
2572
3998
MMDCVI
MCV
3976
2661
3891
2601
619
2824
3350
1578
MDCCCXXXIII
276
MMDCCCXIV
MMMCCXXX
MMMDCXLIV
MMMDCLXXXII
404
MCMLXXVI
3787
MMMDCCIV
1007
DCCCXXI
2268
43
543
542
1977
MMMCMII
517
3736
182
MMMCDXXXI
3480
1517
MMDCCCLIII
CCXXXVIII
3318
63
2819
3218
857
36
MMMDXCVII
MMMDCCXCII
DCXI
3335
CCCXLIII
3308
MDXLIV
47
MMCMXCVI
MMDCCLI
719
3133
MMCMLXXIX
3615
576
MDCCXXX
3363
3416
DCXXXVII
CCXLIV
MMDCCLII
3631
2978
2119
MMMDCCLXXXV
MMCMXCII
1852
2678
MMMDCCXCI
DCCCXCV
2805
MMDCCXXV
298
1956
CCXXVIII
MMDCXCVIII
MMCXXIX
1142
MDXLI
1876
MMMDLVIII
3730
MMMDCCCL
MMMCCXLVII
3238
MCCCLIII
MMCXXIII
694
3399
2767
3574
803
2598
MCLI
MMCDXI
1135
MDLV
3005
MMMXIV
MDCCXXXV
3924
MMMCLXXVIII
3644
1811
MMDCCCXXX
DLXXII
CCXVI
592
1396
2182
MMCDXVI
7
283
MMLXXXII
2034
1631
2181
3600
CCCLXXXII
MMCCXLIX
2290
2865
MCCXLIII
MCLXIV
1882
MMMXL
DCCLIV
MMMDLXXII
3008
MMCMLXI
CLXIII
3022
MCDXXI
MMDCCCXLI
1218
1254
MMMDXXIX
361
MMMVII
MMMDXLI
DCCCV
2152
2548
MDCCCXXXIII
MCDV
3530
1066
CMXXI
3078
1071
2022
MDCCLII
MCXVI
2819
608
MMMDCCXXX
3989
159
DLXXVIII
1291
MDCCCXCIX
2637
1960
MMCMXI
MMCCXLVI
3058
MMMCMXCIX
MDLXXVIII
MCCCXCIII
3613
3125
MDCLXXXIX
MMMDXXVI
MCLXXXI
MMCDLV
MCVIII
MCVIII
554
962
MMCDLXV
MDLXXXV
3274
MII
DLV
MMMCCCLXXVII
MMMDXXXII
1676
MDCCXI
2532
CDLXXXVIII
715
MCXCIV
785
3159
579
MMCCLXXXIII
MMMDCCCLXXXII
1086
MDCCXCVIII
MMMIII
1339
3123
MMCDXCI
MCLXVII
MMMDCLXXXIII
DXLIV
808
1883
3662
2624
908
1531
3226
3047
3544
516
MMCCCXXIX
3256
MMMCDLIII
1391
MMCCCXXXIX
1058
CMXXXV
MDCCCXLIV
MMCCXLV
MMMDC
MCDLIX
3628
CMXI
MLVI
CDLII
MMMCCCXLIX
3170
28
1044
MCCCLXXXIX
MMCDLXVII
2563
DXLVII
1575
MMLXXII
870
845
MMDCC
1923
1228
MMMDCCXLIX
3475
475
274
MMMXXIII
MDCCLXXII
MMCVII
MDCCLXXII
MMMDCCCLXXI
MMMDCCXXXVII
XCI
MMXCI
2875
MCXCIX
1189
MMMCCLXXXVIII
369
717
MMMDLXIV
2052
3918
3586
MCCLXXXV
2810
MMMDIX
MMCLXXXIII
1311
MMCI
MMCDLIV
MMMCMLIV
1937
MMMDCXV
MMMDLII
39
MMLIX
1240
CMXLVIII
3483
MCCXXXIII
MCDLXXVI
1888
MDCCCXLIV
1374
MMCDXX
1562
MDCCLII
3438
592
1112
1968
1929
2857
DCCCVI
913
DXXXVIII
MMDCXXIII
MCDXCV
MMMDLVI
CMXXXII
3213
MDCLXVI
2505
MMDCCV
DCCCLIX
MMCDXXXVII
MMMXXVI
MMCCCLXI
MMMCDLXXXII
MMMDLXXIII
MMDCLII
MMDLXIX
371
339
535
MCMXXVIII
CML
1584
MMCCCLXVIII
3580
1559
3807
3086
2082
MDCCXXVII
MMMCDXVI
DCCCLXIII
3259
MMMCLXXXII
2281
3792
MMCXCVI
MMCDLI
DCLXXXVI
2844
MXV
MMMDCCCLXIII
608
2496
CDXLVIII
1880
MMDCCXXVIII
MDCLXV
MMMCCCXLIX
MMMLI
MDCXC
MMXCVII
2694
1338
2667
1082
MLXXIX
MMCMLXX
2822
3395
878
MXLIII
MMII
3062
599
MMLXXI
MCLXXVIII
MMMDCL
MMDCCCLXXX
3463
MMMCCCXLI
915
MMMCLXXXIX
DCCI
809
3821
1532
3216
73
2413
MDCLXXIV
MMMDCXV
MMDCCCXXXVIII
3276
1989
1250
641
MMMCLXIX
1290
2074
MMCLI
3187
MMDCCLXV
MMMDXXXVIII
MMMDCCCXXXIII
1949
1342
MMMXL
MMMDV
908
2256
CMXXV
1166
1784
738
3229
2393
660
2382
CDXLII
MMCDXXXVIII
MMDCCCXXXVI
MDCLXX
2431
541
721
MMDCCCLXXXIII
MDLXVI
2939
3465
MXL
3925
790
MMDCCCLXXXIV
1729
627
1001
MMMDCCX
3096
3856
2510
428
848
MCMVII
2608
MDXXXVIII
1172
1707
2868
MMMCMXCI
CCCLXX
3607
3822
1830
MMCCCLXV
MMMDCCCX
MMMCLXXXVI
1284
2609
CCCLXVI
2168
1256
MMCCCXXVI
2974
2902
2942
923
MCXLIV
MMCMVI
MMMDC
DXCI
1996
3191
1933
681
MMCDXLVI
2403
1110
MMDCC
2653
CCIX
MCXLVII
1545
MDCCLII
MMMDXXXIII
792
2904
CXXXII
1544
283
467
1280
185
1684
1241
122
MMCMXLIX
1145
2302
MDCV
MCDXXVI
MDCCCLXXXII
3564
MMMCCI
2468
1118
2183
MMMCCX
MMMDCLXXV
3375
3786
MMMDCXXXVI
1229
CCCXXXVII
2102
MMMDCCVI
MMMDCCLVII
1281
MMMDCCCI
1824
MMCLXIII
MMDCXXVIII
MDCCXXXIX
MMDCCCXLIX
DCCCLXXXVIII
DCCLXXIX
CCCXC
MCCLXXVI
MMMDCCCXLIV
MMMDCCCLXXXIV
MDXCV
MMCDXIV
1235
MDCLVI
MMMLXXVII
2186
2035
1869
2650
3409
MMMCDXLI
2388
MMMDXCVI
MMCDLXIII
CDLV
MCX
MCXXV
1402
MCDL
MXVIII
1371
2245
CDLXXVIII
DLXXXIV
2782
MDCLXXXV
2667
MCMIV
MLXXXI
2150
531
MDCCCXXXIII
DCCCLXXVII
2342
MDCCCLVII
CCCLXVIII
1523
MMMDLXXXIII
LXXV
MMXCVI
DCXXXV
MMCCXLII
607
1674
2869
MMCCXVI
3940
1154
3706
MCCLXXVII
2155
MMDCCXX
1466
3207
MDXCIX
2318
167
2529
3051
MMMDCLXXXII
1459
1645
2114
1292
1492
3483
DCCCXXIII
MMDLXXXIX
CCLXVI
578
MMCLXXXVI
973
MCII
815
DCXCIII
3558
3185
2956
MMCDXXIX
MMMCLVI
DCCLVIII
2140
2667
MCDXC
829
1230
CXXVII
MMCCCLXV
1910
2689
1829
2825
374
1484
MCDXXIV
MCCLXXI
DCLV
MCXCVIII
2531
2361
1938
1302
2207
2758
MDCLXXXVIII
3674
MMMDCLXXIX
CMLVII
1545
MMDCCCLXXVII
MMDCXXVI
2477
MMCLXV
1014
2708
2252
MMCDXLVIII
2225
MMCMLXXXI
2698
MMMCCCXXXIII
DXI
DCCCLVI
2820
3850
MMCCCXL
MMMDCLXXVI
1051
1409
3486
2984
MMCDXXIV
MMCDXVII
3070
3570
1277
MMMCCCXXIV
1888
71
3852
MMMCDLXVIII
MMMCDVII
MMXLIX
1778
916
MCCLXIX
CDL
MMCLXV
MDCLXXVIII
MMCDXXXVII
2584
MCDVIII
CLXVII
MMMCCCXLVII
1547
MMXCVIII
MMMDCLVII
MDCCCXC
2330
1249
MDCCCXLVIII
MCLVI
MXXI
MMML
2331
3484
MMMCCCLXXIV
MMMLIX
DCCCLXXV
MDCCCLIV
310
MCCCXLVII
MIX
CXLI
MMCMXXVIII
MMMCMLXXVII
2910
MMCXVI
CCCIV
DCLXXXII
CCLXXII
MMCCLIV
275
MMMVI
2942
2564
MMXXXVIII
MMMLXXXII
MMDXLII
2177
MMMDCCCLXI
MDXLVII
532
MDCCCXVII
MCCCXII
2209
MMCDLXXVII
MCLXXVII
2441
MMMDCXLIV
860
3816
CMVI
MMMDCLXXXV
MMDCCCLXVIII
132
CMXII
2478
MMMXXXV
974
MDCCCL
MMMCCLXV
MMMCXLIII
DCLXXXIX
2950
MMMCXXXI
MMCDXXIV
MMMCCLXXXVIII
MMCDLIX
295
MDCCXCII
MMCXCIX
1424
MMXLII
MMMCMXVIII
3434
MMMCCCXVIII
3850
MMMDCLXXXIX
3823
DCCCXXII
CCXXIV
3461
1324
MMCXLIII
MMCCCLX
879
3983
MMMCDLI
589
MMDXXXI
DCCCXCIX
MCCCXCVIII
1241
MMMDXXXIII
19
1857
MMCCCXLVIII
MMMDCXL
MMCCLXI
1210
1053
2898
MMDCCCLX
864
MCCLXXVIII
2799
1615
3460
1642
MMCCCLXII
MMMDCCCXCI
DCCXLIX
DCCLIV
1718
1435
MMXVIII
1210
MMCCCXCVI
MMCCLI
3641
1462
MMXIX
MMCCCXCIV
2037
1589
252
DCCCXCVIII
1429
1778
2784
MMMCXXV
CCCXVII
MMMCDLXIII
1467
3725
2422
1079
MMMDCXCIV
MMCCXXIV
2402
1377
MMMCDXIII
MCCLXXXV
MMCCI
MDCLVI
245
MMMDCCCLVII
1470
MMCDXVIII
2426
MMCLXIV
1632
MMDLXVI
3488
702
1287
2627
MCMIV
3067
3563
DLIX
891
2324
3533
1840
CDLI
MMMCCLXXVIII
CDXXXI
XCIV
3340
2272
DLXXI
1611
CMLXIII
MMCMLXXVII
MDCCXII
1245
MMMDXLIX
1822
2344
CXXX
2135
MMLXXIX
322
1243
362
DCVIII
2319
CCCXXVI
MMMDCCCLVII
3964
1781
MMMCLXXVIII
MMCMXXIV
CCLXVIII
MMCCCXL
681
MMMDCCCXCII
413
MCCCXCV
3799
1999
CDLX
MMII
3810
MMMVI
3885
DCCCIX
LIV
3671
2951
3045
731
CIII
MCCCLV
3491
MMMCCLXXVII
981
2063
DCCLXXIV
MMMCLXII
894
2301
1248
1724
MDXC
MMDCCCXLV
1270
MMCCXVII
MCMLXXXVI
MMCMLII
908
MMMCCLII
CDXCVIII
996
1825
2819
MMMCCCIII
2345
3030
2649
CCCXLIV
MMMDXII
MMMCMLXXV
1800
DXXI
1037
MMDCCCXXXI
MDCCCIX
2478
1374
205
781
MXLII
2642
2930
1139
MCCCLIII
MMDL
MCDXXX
DCCXXXVIII
MMCDXCV
MMCDI
MDLXXVI
MMMCCXLIII
1863
2464
1922
2666
1514
MDCLXXI
1980
MMDI
171
MMDCCCXXII
972
MCXVIII
2268
2918
3179
MCCCLXXIII
MDXXII
37
CCCVIII
MDCCII
DCCL
MCMXCVI
2100
125
MCDLIV
3153
2049
MDCCXXXVIII
MCCCXLV
CCXXVI
2375
CDIV
7
3178
3698
MMCCCXCVI
246
MMMCCXLIV
XXV
3609
195
2467
MDCCCXVI
MCMXCI
2915
MMMDCCLXXXVI
2956
MMMCMXXII
MCCCVII
2471
3888
MMMDCCVII
2588
3074
MDCLXII
MMDCCCLX
MMCCLXXIII
2084
MDCXCII
MCMXLIX
1783
MMMCDLXXXIII
CCCLXXXV
2054
DXCIII
CDXXXVIII
2283
DCLXXXI
2905
1255
MMCXCV
3599
996
1213
424
MMMCDLXXXII
860
CCL
CCXVIII
236
57
1256
2662
219
MCMXXXIX
824
2473
3046
MCCII
2252
1548
MCCCXCVI
MMCLXIX
2857
2445
407
MMMLXVIII
MMMDCCXXXVII
1040
MCLVIII
772
2490
1145
MMMDCV
DCCLXI
721
3668
3250
MMDXXIX
MMMCXXIX
MCMXXIV
MMVI
XXXIX
1470
1441
CLXXXVI
1160
3938
2078
3021
MMMDLVII
MMMDLXXII
MMDCLIII
1120
1844
MMCMIX
1166
MMMXCI
2289
MDCXCIX
DCXLII
2340
3205
MCMLXXX
MMMCCXCIV
3410
CDLXXXIII
967
1326
1196
1547
1660
235
MMCDXXVII
CCLXXI
MIV
3262
2266
LXIV
528
2822
2671
MMDCCLXV
1300
MCDLIII
MCCCIII
2019
1763
MDCCLXXIV
1921
CCXXXV
MMMCMLXXXIX
MMMLXIV
MMDXIX
MMCCCXLIII
MMDCLXXV
1940
472
2524
CXCIV
3974
1555
MDCCLXI
MMDCCCLXXXIV
MMCXLVIII
1580
1401
MMXXIX
MMMCDXXVIII
545
MDCXCI
1614
2782
DCLXV
542
MMMDLVI
3393
3860
994
3026
656
3380
MMMDCC
545
DXLIV
CXCV
2831
3075
3920
MMMCIX
CCCXXXIII
371
MMCMXCVI
CXXXV
MMCCCLXVIII
173
DXIX
1517
MDXXXIV
310
550
789
2975
3604
MDCCLXXXVI
3822
MDCCCXIX
MXXXIII
MMCMXXIX
2285
MMCCCXLIII
1691
2931
3677
MDCCXVI
3730
426
1468
MMCMXXXVII
621
1939
3555
2433
CDXCII
1587
18
486
1192
3675
2957
MMMCCXLII
3872
MDCLXXXVII
MMDCCCXXXIV
MMMDCCLII
MMMDCCV
CCLXV
1569
MMXLI
2366
MDLXXXVI
MMCDLVIII
DCCLXII
3250
CMLVIII
1108
MMCLVI
3144
DCCLI
MDCXXXII
MMMCMLXVIII
MMMCMXLIII
MDCCCXXXVII
568
MMXXIV
MMMCCXXXIV
2527
2637
3639
MMMDXCIII
2221
2938
CDXIII
DCCCLX
MDCCCLXI
MMCDXLIII
790
DCXVII
MMDCCXXIV
3441
3783
MMCCCIV
39
1549
1051
MMMXCI
DX
MMMDCCCXXXIII
2978
1547
2890
1997
MMMDCLX
179
DCCLXVI
1371
MMCMVII
MMMCXXV
LXII
883
XCVIII
MMMCCCXLVII
CXCII
CD
DCLXXXI
CDLXII
DLXVII
MMMDCCCLXI
MCLXXXIV
CDLXXXVIII
2611
DCLXVIII
1572
3238
MMDCXVI
1518
109
1317
CXXXV
CCCXC
MCDXLI
MCDXXI
1407
MCMI
3115
3437
MMMDCCLXXVIII
MMDCLXXIX
MMCVII
MMMCCCXXXIII
1147
MMDCCXXVIII
61
MCXLIX
450
1917
MMCDLXXX
MMCDLXXXVIII
1127
MMCCCLXXXVI
MCDXCIII
2792
MMMCX
MCMLXXXIX
1029
DCLXXXIII
CCXI
MDCCCLXXIX
MMCDIX
MDLV
2332
MCDXLII
MMMXIV
CMLVI
1412
3232
2943
DCCXVII
MDCCCLX
DCCCXV
DCCXC
1139
MDCCXCVII
3202
2005
346
CXXII
2131
933
963
MMMCCLIV
1158
2478
331
3662
DCC
MMDLXVII
1735
2217
CDXLVI
MMXCVI
MDCCXLIII
2344
1385
573
DCLXV
MCCCIII
1791
MMMDCCCLIII
3146
1971
MMMCCXVIII
CMXCVIII
1435
1695
MMCCCXXVII
1718
MDCLXXVIII
1135
41
1651
MMMLXXXII
3355
3103
3197
MDCCCXIII
2360
CXXXVII
MCCLI
853
MMMDCCCLXVIII
DCCCXIX
3077
MMMCLI
MMMDCXXXII
DXL
CCLXXX
DCCLXII
481
255
MMMCCCLXXIV
MMMCMIV
CDLXXVII
3534
MMMDXIX
MCXCI
412
918
3507
1976
DCCLXI
MDCCXCVI
MMDCLII
MMMCCXV
MMMDXXXIII
MCXCI
3957
2793
XXV
MDCCXIX
3494
DCCLXXI
CMXLVI
2898
2110
3783
252
MDCCXXX
1571
1841
1785
3101
794
1824
MDCCLXIX
MMCXIII
MMMDCXL
3176
MMCMXXXI
MMMCCLXXXIII
245
2701
CCCLXVIII
MMMCXXXIX
MDCCXXVI
MCCCLII
MMMCMXXIV
MMMCMLXXVI
3627
MMDCCCXCV
DLXXVI
3280
2406
3180
MCCCXCIX
3898
MMMDXV
3469
3448
MMMDLXXV
MMDCCCXCVIII
MMCDLVI
MCMXXXVII
MMXVII
1846
MMDLXXXIV
2981
CCCXLV
MMCCCLIX
MMMCCLX
1197
3725
MMMDXVII
MMMCCCXLIV
CCCXXXII
3632
3103
1760
MDCCCXXIV
XLVI
2527
3717
2023
MMMCCCXVI
CCCXII
MMMCDXXIII
3696
MDXXXIX
1799
2052
CCCLXXVI
MMMCMXXXIII
XCVIII
MMXXXIX
CDIX
MMCMV
3212
MDXXII
LXXXVI
3480
3779
142
2351
2685
MMMCDLXXX
MMMDCCXXXVIII
3469
MMDXII
CMXXXII
3403
1926
1421
3766
3267
1332
CDXCVII
1526
MMMDXXIV
MMDLV
3714
MMDCCXLII
3274
MMMCXXXVII
CMXX
MMDCCLXXXVII
1034
MMMDXCVI
MMMDCCCXXXII
MMMDCXCI
3602
3705
72
567
1606
270
CDLIX
3826
3015
3550
MMDCXXVIII
DCCXL
968
3424
3476
2265
90
3803
MCCXCII
1194
2767
2279
690
CCXXIX
3952
2614
MMDCLXX
MMMCXLIII
2262
MCCXCVIII
CCCXCI
17
1116
421
623
3139
254
MMMCLXV
2633
1460
MMMDCCXL
MMCIII
CDLXXVI
MMCLVIII
1348
287
CMXCVII
1103
MMMCDLXVII
MMCCL
MMDCCCXCIII
MMCCLXVI
DCCCXXXVIII
3056
MMDCCCV
806
1188
MMCC
MMMCCXXXVI
3365
2801
92
MCCXXXII
83
1047
1267
1242
1408
MMCCCLXV
1586
MDCLXXVI
311
CCLXXXIII
MMDLXXIV
CCXVIII
1077
L
3379
3022
MXLIX
MMMDCCCXLIII
1453
1745
MMCXXXIX
MDCLXXVIII
741
MDXXXII
DCLVI
2719
3424
MMMDCCCLVIII
MMDCVII
3858
3931
MMMCCCXVII
3747
MDCLXIV
MMMCDXLII
944
CCXLVI
MCDXIV
2290
3404
MCCCLXXXVIII
MMMDCLXXVIII
793
1045
MMCXXXIV
MMMDI
CDXXX
DLIV
DCCCLXXXV
MMMCCLXXV
MMXXV
MCCCXV
MMCMXXVI
MMMLXXVIII
2203
2678
MCMXXXII
MCCCLXXXIV
MMMCCC
MMDCLXIII
553
CLXXVII
DLXXIV
2534
MMCDIV
MLXXXVI
3389
MDXX
MMCMXVIII
DCCCIV
CCCLXV
1393
MMCM
1576
3918
DCXII
MCCXXXVII
482
125
645
3653
CCXCIV
738
MCCLXV
CM
806
453
CLII
CCVIII
3253
MMCXXVI
1546
DCCCLXXV
402
532
MCXIV
CLXXIII
369
MDCXII
MMDCLXXVI
MMMDCXVII
1106
MXXV
3197
MCCLXXXVI
DCIX
MMCLIV
149
3099
MCMXV
683
MDCCIII
1920
MMMDCCCX
604
CCCXCVIII
2250
MMMCXI
1749
3713
MI
3767
MMMCCCXXX
MMMDCCCXLVI
CCCXXXV
CDLXV
807
MCCCLXVIII
MMCCXXXVII
740
1924
355
1758
2065
MMVI
687
2692
MMMCCCLI
MMMDXII
2116
MMMDCCCXLI
MDCI
3044
MLXXXVIII
2860
1235
MMDCCCXXI
2889
LXVII
MCCCXLV
1605
3450
361
MMMXVII
MMMCCCLXIX
MMMDXLI
MMMDCCIII
810
3658
3100
MCDIII
MCMLVII
596
161
804
MMDCCLXXXIX
MMCIV
1365
MMCLXXIX
584
1555
2963
DCCXII
2696
1677
XXXIII
MMDCCXLVIII
MCCLXXV
MDCCXV
458
1864
DXCIX
2320
MMDCCCLVI
1084
MMMCDI
MMMCMLXVII
CDII
43
975
MMXVI
427
1113
958
314
478
2588
2703
2722
2080
2750
MMMDXCIV
2747
3330
DCCLXXIX
MDCLXXXV
3836
546
MMMDXXXV
MDCCCLXXXV
MCCCLXXXV
81
MMCDXV
MMDCCLXXIII
CMXCIV
3875
MCVI
MDLXXIII
1346
3966
2328
MDCCXLVII
1496
1633
2856
LXXIV
MMMLXXXI
3896
MMMCCIX
DCCLXIV
3710
2467
MMMCMXI
MMMDXLVII
3049
1850
3923
2064
MMDCXLV
1471
1970
3292
CXXVI
MMCDLXXXVIII
3669
686
MMMCDXCIX
MMCDLXVI
2852
693
2241
MCXXXI
DLXXXI
MMCVIII
MCDXXVIII
982
MMCCCLXXXVIII
2015
2863
2027
1913
MMMCCLXVIII
MMDCLXV
CDLXXV
3657
2586
2334
MMMLXXXV
324
CMLIII
DXXXVI
3991
MMCMLXVIII
711
MMDCLXVII
DCXXVI
2265
2269
MCDXXVI
58
1186
2985
CDXVIII
MMDCCCXXVI
MDCXXIX
1765
MMDCCXXXVII
MDCCCXVI
MCXX
MMMLXVI
3481
MMMDLXXXI
134
MMMDCCXLIII
1572
MCDLIV
153
CDLXVIII
2221
CDLXXXVII
1765
MMMCMXXXIX
CCCXXVIII
412
MMMCMIV
1095
MMXXXIX
305
MCCCXXXVI
2126
LVIII
3338
3502
3776
MMCCCLXV
3724
2706
3368
1278
MMMCLXXVII
2626
2415
MDCLXXXVIII
1407
2102
MMMDCXCIV
533
1893
MMMDCCXXIX
CLXXIII
CMXXXV
MMMCCCXXV
MMMCMLVII
2810
MMMCMLXXIV
MMCDLXII
MMMCDXV
CCIII
MMCCXX
MMDLIII
MMCMXXIX
MXIX
1544
MMDXXV
3765
3078
496
MMMDLVI
483
1564
3427
MMMCMXCI
CDXCIV
1812
3617
1589
MMMCCCLXV
1792
MMMCXIII
CDXCIII
MCCXCIII
299
680
MCCXLV
3759
1588
MMMCCLXXVIII
DCXLVI
MDCCXC
DCCCLXXV
CCCXCIV
MMMDCXLV
2025
MMCMLXXXVII
MDCCCXI
MMMCDLXXXV
2681
MMMDLXXXVI
2079
1017
MCCCLXII
CMVIII
XLVIII
MCLXVI
2908
MMXCIV
3150
2781
CLXXXVII
MDCLIII
MDCCLXXVI
CDX
MCD
1704
3231
MCLXXIV
MMCMLXXXIV
MMMDLI
MCDLXXXIII
XL
584
MCLVI
MMDCLXXXIII
MDLXXXIII
2914
MCCCLXIII
1301
265
1058
729
3656
MMMLXXIII
MMCCCXLIX
1437
288
CCCXXIX
MMMCCXLIII
198
941
3692
MMDCCCVIII
MMMCXXIII
MMMCMXIX
MMCMXXXIX
MCCCLXX
MDCCCLII
ML
2261
1956
MMMDCCCLXXIV
CCII
3876
MMMDCCCL
3785
CLX
DCCXXIX
2031
1820
3805
1482
MLXV
3095
MMLXXXIII
MMMCDXXXVIII
2793
MMCLXXXIV
MCCXCI
2952
MMMCXXV
2589
MMMDIX
3920
CCXCVIII
DCLXXXIII
MMDCCLXXV
2732
MMMDCCLXXII
1338
3020
91
2981
3312
210
874
1492
461
3166
3342
MCCXCIII
949
3890
CCC
943
251
CCXXXI
MLXII
MDCCCXLIX
1268
253
1571
MMMDLXXXIV
2098
MMDCLVII
3657
MMCCCXXXVIII
980
MMLXI
MMLXXIII
3325
3259
CMXIII
2048
MMCMLXXXIV
2896
1570
CCCLXXXII
MMDCXIV
CMLX
409
MMMCCCLXI
MCCCXXVII
MMCDLIII
DCCCXCVIII
MMDCVIII
317
1320
MMDCCXXVIII
921
MMMDCCCXVII
CCI
MMMCCCLXXIII
MDCCXC
CCXVI
MMCXXV
508
1596
1844
MMMDCXXVIII
3157
2247
558
CMLVIII
MCCXI
MMCDXVII
3084
MMMDXV
360
MMMDXXX
DXXV
MMDLXIII
MCDXXXII
MMMCMIII
1543
3061
MMMCCXXI
2618
1682
3594
MMMDCCXXXVI
MMMCCCLV
3779
2821
1015
MDXLV
MDCXC
1141
MMMDCLXI
3959
2313
1704
711
MMCCCXXIII
1297
MMMLXXIV
1519
MMMCMLIV
MLXXII
MDCCCXXIV
3482
712
226
MMMDCCLXXVIII
MMDCCXXXII
3169
MMMDXXII
MDXXXIX
CCXXIV
MCCCIV
1278
MDLIV
139
MCLXXXVII
1122
DCCLXII
1058
CMXCII
1189
379
MMDXLI
3509
3970
1868
DCXLIV
MMDXX
MDCXXV
MCDXCIV
MMCCCXIX
MMXLII
DCLIX
586
MMMDCCCLXXXII
618
1083
DCCXCVII
MMMXLIV
MMDCXLVIII
MMCCCLIV
3864
MMMCCX
MMCCLXXXVI
2092
MDCCXII
3373
MMMCMLXII
MMMDCCXCIX
2981
2314
MMDCCIV
3295
CCCLXI
2936
MCCXXXI
MMDCXLVII
3355
2024
1975
MMMCMLVI
MMDCLI
3593
2812
1755
2609
3623
3264
MCMLXI
CLXV
104
3270
MDXLV
3111
3846
3930
MDCLV
2551
1220
DCCXXI
DCCCXX
3019
2
2235
MDVI
1484
3474
974
MCMXXXII
MMMDCXCVI
939
MMCX
MMMDLXXIII
MMCCXXI
1285
719
DCCCXLI
2910
313
MMMXXVII
1656
570
MMCDXXXVII
MCCCXIV
MCCCXCII
716
284
MMCXXVI
MMCCCLXXVII
3280
DCCXLII
3660
MMMDCVI
MMMXXXIV
MMDCCLXI
88
MMMCLIV
1234
MMMDXC
1146
DCCLIII
MMMDCCCLXV
3801
DLXIV
MMDCLXXIX
46
1830
995
CDLXXXI
1647
MMMCCCLXXVII
3233
MMMCDLXXX
1605
CCXL
161
MMMCXXI
825
DCCXCV
417
2336
MCCXI
2877
MMDXVII
MMMDCCXXXII
363
MDCXXXI
2978
3703
MDCXXVII
1474
MMMDXXII
2791
1301
740
MMDCLXII
2213
3946
MMCDXIV
3028
271
MMCDXCV
2783
MMMCXCVII
MMCCCXCV
406
2475
MMMDCXII
365
DCXXIX
CDXXIX
1751
MCDII
MCLXXV
MMDCCLXXXII
MMCDXXXI
MDCCLIX
3590
3990
MCXXXIII
MCXXIV
3922
MMMCCCVIII
XLIV
1201
MDLXXIX
MCCLXI
MMMDLXXXIV
MMDCCLXXXVI
CDLXXII
MMMCDXII
MCCIII
MDCLVIII
3787
MDCL
MMMC
MCCCXIX
3562
LXV
MMCDXIV
193
1224
2870
74
CMXXX
930
3569
3083
CCCLXVI
3268
MMMCDLX
429
MMCLXXIX
3902
MMCCCXVII
492
MMMDCCXXX
CMLXXXI
3558
MMMDCI
MMMDCCCV
498
1238
DCCXL
3837
MCMLXXIII
2515
470
MCMXCI
1876
939
CCCXXIV
1212
MCCLIII
MMMDCCCIX
109
MMCCCXXI
MMMDXCII
MCLXIII
MMMCCCLXXXIX
MMMCDLXXX
1092
576
MMMCCXCI
MMXCIX
3607
2653
3682
2920
MMCLXIV
X
2431
MCCXCII
17
MMLXXXII
1348
CCCLVI
MMCMXLVI
CCLXXXI
3317
MDCCLXVIII
MMMDCCCLII
MMMDCLXXII
2768
1447
1673
1353
3053
540
1466
1131
MDXXVI
2358
DCIII
MMCMVII
312
MDCCXCI
2588
MMCCXVII
3447
CDI
2667
1347
MMMCMVII
654
MCMXXVII
1292
1407
MMMCDXLVI
MCDLXVI
1899
5
305
MMMCCCXVII
2230
MMDCXLVIII
MMCDXCVIII
MMXXIV
807
MMDLXXIII
95
1031
3584
MMMDCLII
128
MMDCXXV
1019
MMMDCCXXI
30
CDLXXIX
MMMCMLXXV
CCCLXXX
CMIX
DCCCLX
MMCDX
3039
MMCMLV
904
750
938
MLXXXIII
MDCXLV
DXXXI
935
CXV
MDCCLXXXIX
3828
2122
3677
MCXLIII
2938
60
DCCLXII
3345
MMMCCXCIII
920
XX
XCVIII
MXXI
MMMLXXXIII
MMDCXII
MCCLXXVII
CLII
MMCLXXVIII
MMMDCCXV
1840
2969
XCIX
CL
CCLXXIII
MDCCXXXIII
120
98
731
1216
367
3191
1680
MMMCLXXXVII
MMMCDXXII
MCCXVIII
MDCCL
CMXXI
1993
MMMDCCCLIX
MDCCCLXXXIX
1557
987
MMMCMLXII
3486
3385
3217
931
3168
3672
2481
CDXIV
MXXXIII
MCMLXI
1198
MCDII
318
397
3717
MMDCCCX
105
3910
MDCCCLXXXIV
CMXLV
1108
MMMCMXXXIX
MLX
890
CLII
3241
MDCXXXI
1158
1374
MMMDCXCI
MMMCDLIII
DCCLIII
MDCCCXXIV
MMMDCCXXII
MCCCLXXIII
1269
226
MMXV
3486
1349
MCCCLXXVI
2137
MCDXLI
547
MMMCCCXCI
2481
494
1399
DXXII
MMCMXVII
MMCCLXXVIII
2076
MDCCL
MMDCCXCIV
MCMII
3911
MMMXCIV
2822
1025
3148
MMCMXLVI
558
560
MMCMLXXXIII
2747
2698
2403
2817
MMDCCXVIII
MMXCV
530
DCCLXXXVI
1217
MMCCXII
MDCCXCII
MDCCXCVII
2439
459
MMMDCXXI
1050
3957
MMMDXXXII
99
2980
2712
MMDCCCIX
MMDCCCXLIX
2207
MMCMXXXII
CDXLVII
3312
65
CLXXXVII
MMCDLXVII
447
1230
3267
3950
3441
DCCCLXXIV
MMMDCXCIV
792
1139
MDXLV
2049
1014
133
MCLI
3796
MMMCDLX
MMCDXII
3557
1147
MMCCLXXVIII
919
MMCCCLXVI
3700
2840
2449
1756
MMMCCXXVI
MMMCCLXXIII
MCMLVIII
562
2866
MMMXCV
DXXXIX
DCCIII
MDXLVII
MMMCCXLI
DCII
803
MMDII
3523
3081
3592
MIX
MMMDCCXXXIII
3830
MMMCDXXXVIII
MDCCLXXVII
MMCDXCVII
MMCCXLI
CCXLI
DCCLI
MMDCCCLXXVI
3258
DCCXXXI
MMCCCLXXXIX
MMMDLXXV
MMCCXIX
739
MCXXXIV
MMDLXIII
3524
MMDCLXXXVIII
2643
MMCXLV
1461
MMCCCLXXVIII
2428
MCDXXVIII
902
789
827
MMMCIV
MMMCCCLIII
1072
MMXXVII
3248
2735
CMLI
MMDCCLXI
LXII
MD
MXLVIII
MMCCCLVI
3170
MMMDCCCLXV
MMMCX
DCXXVII
1964
1251
MMMV
2532
MDCCLVII
MMCDXXIV
MMDCCCXXXVI
MMDCXII
MMDCCLIII
MMMCMXCIII
39
MMMDCCCLXII
2226
MMMDCCCXLV
CLXV
1331
DCCCV
MMMCMLXXXV
1341
XCV
2503
3950
M
MCMXXIV
MMCMLXIV
2745
MDCCCXCII
1326
DCCLXXXV
1067
MMCCLXVII
MMMDXIX
MMCMIX
MCLXV
MDCCIV
436
3533
3238
MCDLVI
229
5
2478
3730
2069
3292
MCCCXCIX
1161
MMCMXXII
MCMLXXX
122
MMMDLXIII
829
MMLVIII
MCDLVIII
MMDCXXVII
1272
MCDLII
3468
2842
130
DCVI
601
MCXCVII
1836
749
MMCCCLVIII
2905
MMMCCCVI
1766
DCCCVII
3364
394
3472
1276
MMDCCLXXXIV
2972
22
1447
2393
MCIII
2055
578
1185
2588
MMCMXXV
321
1945
3269
DCCLXVII
2471
362
2769
CDVI
LXXXI
2475
MMDCCCLXI
2578
2607
MMMCLXIII
XXXVIII
2059
2100
617
MCCLXI
MMXLVIII
MMMLIV
701
MMLXXVIII
MDCCXLI
MCCCLXV
MMMDCCXXXV
3821
CMLI
CMXXV
MMCIV
MDCCCLXVIII
2794
MMMCXXIV
CDXXIX
MMMDLIV
MMMCXLII
605
1715
574
MMCCXXIV
DXXXVI
3073
2767
1402
MMMDXXXVIII
MCCCVII
MMCCLXXXVII
MMMDCXXVIII
MMCMLXXVI
2456
3030
634
MDXLI
MMMDCCLV
3065
1124
MDCL
MMMVII
142
1123
785
MMMCMLVI
3568
MMCDXCII
DCCCXXXIV
MMCXXVII
245
MMMDCLXXIX
MMDCCLVI
MMCDVIII
MDCCCLXXXV
1886
CCXCIX
MDCCCXCII
1845
MMMDCCVIII
MMMCXCII
3505
1114
LXX
2369
1031
MMDXXXVII
CCXXX
1802
2157
MMDCLIV
MMDCCLXXIV
CCLXX
3482
MMXLIV
3961
3041
3345
MMCCCXC
2407
2425
3207
1315
687
DCCCLXVI
MMMDCCCLXXVIII
MMMCCLXXII
3849
555
MMMDCCLIX
DCCXVII
3664
DCCLXXXVI
1442
MMLV
MDLXIX
MDCXCIII
MDLII
675
3444
MMDCXI
MCDLXXII
MCMXXIX
MMMDCCCLXXXVII
MCLXXXIX
MMMCDIII
1962
2091
1469
2005
3638
1607
XCIII
MMMDCL
3637
LIV
2079
3225
2210
DXCVII
783
MMMDCXVIII
MCMXCVI
510
2239
849
1314
MMMDCCXII
CCXX
MMCCCXXXIII
MDCCCXCIX
2453
1955
MCLXXIV
1715
MMLXXI
MDCCCXCII
1276
2374
MMDCCXCII
MMMCCXLIX
MMMCDXXII
MDCCCXXXV
1487
CDLV
MCLXV
3919
2843
3367
535
1300
VI
MMDCLXXII
CMV
MMMDCCLXV
MMCDXLVII
MMDLXX
MMXCVIII
DCCLXXXVIII
2710
1329
MMMDXXV
2299
MMCMXXXVIII
1867
2239
2023
MMDCCLXVIII
MCCLXVIII
MMDCXVIII
1796
3746
2838
2535
1737
MMMDCXIV
MDCXCVIII
XCIV
1264
2843
2474
159
1012
CCXCIX
MMMDCCCLXXIII
3134
MMCCCXXXVIII
MMMLV
DCCCXVI
MMDCCCXXII
MMCDXCVII
1933
MMCL
MMMCCLXXXVII
1343
386
3534
870
2434
1129
MDCCCLXXIII
MDCLXII
MMDCCXLIV
MCCCLX
MDCCXLVIII
MDCCLI
702
MDCLXXV
1750
MMCDLXXV
DLXXVII
CDLII
MMMDLXXI
MDXXVII
1914
2996
3425
MCCLXXIX
2381
1977
DCCXXVII
2531
3081
1336
MMDXXVIII
2442
DCCXLIX
MDCCXXXIII
MMMCCLXXXVIII
2229
2051
1864
3850
39
MMCMLIX
3755
MMMDCCCXXXIII
MDCCCLIII
MMMDCCXLVI
3001
MMMDCLI
1787
2784
CDXVII
MMMCCLXV
665
514
MDCCXXIX
DIV
2360
1380
365
MMCMLXV
3225
MMMCXXVI
437
MCCXLVII
MMMDCCCXXVIII
1018
2480
3198
2110
519
1852
MMDCCLXIX
DCLXXIII
CLXXXVI
MCCCLXVIII
MMLIII
MMCMXCV
1377
1273
2297
MDCCCLXIV
806
1296
MMDCXIV
3052
MMDCLXXI
2080
3762
MMMCCCLXXVII
MMDCCXIX
MMCDXXXIX
MCMLIV
2584
MCCCLXXI
1152
1636
MCCLVI
MMCMXLIV
MMMDXXI
DXXXVII
1299
MMCCLXII
1794
CMXXIII
965
1265
1907
2079
754
MMMDCXXXIV
DCXLI
DCCXXVI
3363
DCX
1609
1730
436
798
2332
88
969
3795
1388
MMDCXCIX
MCLV
953
342
MMMDCCCLXXIV
LV
MDCCCXLII
1920
MMMDCCLXXIII
979
DCCXXXVI
325
MCCLIX
MMMDCCCXXIV
MMCDXL
CMLXIII
MCCXXI
3243
1538
MXCI
2487
772
2886
1494
3358
MMCCXCVIII
MCCLI
MMDXXVI
MDCCCLXX
LXI
MMDCLXXIX
DCV
3508
3723
MMDCCCXXVII
MMCDXCV
MMMDCLXIX
1294
1643
1552
MDII
3701
MMDXCVIII
2764
CDXIV
1348
DXIX
1313
3533
MDCIV
LXXII
MDCXLII
MMMDCLXXVII
2895
MCMVI
MMDCCLXI
DC
MDCCCLXV
CDLIX
MMMDCCLXXVII
595
3552
2412
MDCXCV
MMCMXVI
MMMCDXVI
MMMDCCLXXIV
1681
2911
2861
2972
2404
1108
MMMCCCXXIV
CXXXIX
MMDCCCXXXVIII
1997
MMMDXIX
2993
3649
MMMCCCIII
3249
MMMDCLXIV
CLXV
1137
MMMDCCCXXXI
MMCLXXXI
2383
224
MMCMLXXVI
CDLXX
1579
1465
MMMCCXL
MMDCCCLXXVI
3168
CDLXI
2502
1022
37
760
MMMCDXXVI
2404
DCCLXXV
MMMCCCLXXVIII
MMCDLI
580
1971
3701
MCDLXXXVIII
MMMDCCCXLVI
2404
3253
CXXVIII
MMMDCLXVI
MMMDCCCXXXVI
2777
2508
MCDXCVI
MMCMLXVII
1553
MDXL
1490
3911
MMCM
2601
MMMCXCIX
MMMDLXXIII
CCXXI
744
MCXLI
MMMCMXCI
3018
CXII
1625
MMCCLXIII
MMCMLXIII
3400
DXCIII
3271
1653
2447
2422
MMCXLIX
1201
1865
MMDXXVII
2652
CDLXI
MMDCCCLII
MMMX
2624
MMCDXXXIV
MMDL
2681
2252
2276
1659
MDCCXVIII
3458
3479
703
655
CCCXXXVI
DCCCLXXV
2470
CCCXXX
217
971
MLXIV
3918
MDCCCXCVI
3507
MCCLXX
3226
397
DCCCXXVI
2339
2882
383
2296
1889
139
MMMCLXIV
1825
1182
3701
1301
MDCCCLXXII
1503
2595
CDLXXXVIII
CDXXXVII
1638
2478
2784
MMCCLXX
MMDXXVIII
CMIII
MMMCCXLVII
MMMLXVI
519
1016
MMCXCI
2791
CDXVI
1126
MMMCMLXXXIV
1351
1332
MCDLXXXVII
MMMCCLI
652
MDCCLIX
3525
MMCCCXCIII
2398
2025
204
MMDCLX
DIII
2118
3384
210
3788
310
MMMCDLVI
MCCXCVI
MCCVII
MMCLXVI
MDCXCIII
DCCLXXVIII
MMMDCCCLXXII
MMXLVIII
CXCII
1410
XXXI
3387
3895
2373
MMMDCXLIX
1256
DCCXXII
1695
MMMXXII
1730
MCLXXXVI
DCCCLV
MMMDCCCXII
3100
2626
2854
MDCXLIV
XXX
2770
CDLXXV
CLXI
MMMCCCXLI
MMDCXX
1679
621
MCXXI
2958
MDCCCXII
2707
813
MMCCCLXXX
MMMCCI
CDXXII
2269
721
MCMXXXII
46
CDXXI
3365
1968
1649
MMMDXC
MMCDXCVII
MDLXXVIII
3059
2171
956
MMMDCXVI
LXXI
277
XLVII
MMCDLVI
MDCCLXXX
3327
MCDLXXXVI
MMDCXCIV
291
1288
MCMXXXI
MMCDLXXIX
MMMCLXVIII
2136
2050
CCXCIX
MDCCXVI
MMMDCCIV
MVI
CCCXXXIII
58
MDCCXXIV
2851
671
CDXLIX
1705
2397
MMMCI
3421
MLVII
MCCXCII
2940
974
3197
819
3373
671
MMCCIX
DCXCIX
2756
MMCCLXXV
986
2451
MMMDCC
3405
2043
MMMCCCXXXVIII
1295
MMLXIII
MCCLXXXI
2024
MMDCCCXXXI
1734
2040
3347
1319
1596
MMCDVI
DCCCLVII
MMII
2809
884
3541
2741
919
1151
1509
412
3874
1124
2519
MCDLIV
1863
MMCDLXXXIX
MMDVIII
MMMLVI
1220
1554
VI
CMII
MMMCCCXLIX
1446
MCLXX
MCDXXVIII
3632
739
2249
CCCXXX
1335
3797
MMCMLXXXVII
MMXLII
MMMCXXIV
1781
MCMXLVII
MMMDCCXXVI
MMCXXIV
995
3566
2505
390
2089
1268
1313
MMDCXLVII
MDCLXXII
1278
827
MCDLXXIV
3794
2580
1871
MMDCCCLXXXVII
866
299
1866
1702
MMMDCCLII
CCVIII
2807
1150
868
2819
MLXXXVI
2988
CXVII
MMMDCXXXII
550
1868
MXX
283
MMMCMLIV
MDCCCLIV
MMDCLXIX
MDCCCLXXV
2305
CMXXXVIII
MMCCCLXXXV
CCCLII
MMXLVI
2767
141
CCCLXXXI
2205
778
2126
1027
740
3579
3149
CMXIX
MMMCXXIV
649
877
MMCXXIX
2813
MDXXXII
3274
3198
CCXXI
MMMDCCCLXVIII
2656
MMCMLXXIV
MMMCXC
271
MMMCCCLXIX
2556
CCXXXVII
MMMCDVI
CDLXXXVI
1634
3378
617
3197
2216
CCLXXXVIII
703
MDXXV
1597
2511
480
2268
MMMDCCXVIII
MMDCCCXCIV
59
MMDXLIX
MCCCXV
DCCCXIX
2068
MMDXLIX
DCCLXXXVIII
993
1206
MMCLVIII
MMCML
DCCXIII
415
DLXXII
DCCCVI
MMMDCCCXXXI
DCCCXIX
MMMDCCCXXVII
MMDCCCX
MMDCXC
1587
1085
945
1873
2897
2619
MMMCV
MXLVII
MMMLXXXIX
MMCMXI
XVI
1793
1723
3036
CCCXIX
MCMXLIX
3595
MMDCCCXLV
669
CCXLII
DCCCLVII
3682
MXXXIII
3187
MDL
MDCCLXXXVII
MMMCCXXX
MMCCXLVII
MCLXIX
MMMCXL
MCLXXVIII
MDCCCXVI
268
MMCXXXI
MMMXCVII
MMMDXXXIX
MMDXLI
MMMDCCCXXXIX
1590
475
MDCCCXLIX
1105
LXXXII
MDCCCLIII
3533
3705
MDVIII
2833
CDXLVII
288
35
MMMDCLXXIII
MMMCXCIV
DCXX
MMXL
986
MMMCCCXCIV
3262
804
MMCXXIV
3572
3305
DCCCLXXIX
MCMXCII
MMCCIX
MMMCCCXXIV
2032
893
2650
853
3429
CCCLXVII
2875
1230
1823
MMMCXXXII
MXLIII
3101
MMCMXCVII
MDLXXXIII
2778
CMXXX
MCCLXXXVII
MMDCCCXVI
XL
1070
3504
502
1014
3593
CCXCIII
MCXLVII
DCXCVI
MMCDLXXV
2791
2260
CCCXIV
3192
205
MDCCCLXXVIII
XXXI
DCXLIV
1839
3365
2936
MMMXIX
DCCV
MMMDCCCLXVIII
MDCXCIX
1285
DCCXLIV
DCLVIII
MMLXII
CCCLXXXVI
1366
2845
CDLXI
MMMCXLIX
269
934
MMMDXXX
761
CMLXXXIV
958
2814
3195
MDCCCLVII
MLXXXV
576
MCXXXI
MMMDCCLXIV
178
MCDXLV
342
MMMDCCLXXIII
MCCCXI
3105
MMMDCXXVII
DCLXXI
337
MMDCCXLVII
MMCCIX
MMCLXXIII
CCLVIII
MMMDCXXVI
DCXXXVII
MMDLXXVI
CCCXXXV
MMMDCCCXXXV
1398
DXXXIV
1356
MMCCCXCVIII
1039
MMCCLXII
136
MMMDVIII
669
DCCLX
990
MCLIII
3376
2505
3878
CDXXXII
MMDCCLXXXVIII
MMMCDXC
1064
MMDCLXXXIX
MDCLXXXVI
2800
3975
3257
3646
MMMCCII
364
MMMDCCCLXXXV
CMXXXIV
533
2921
MMDCLV
MDCCLXXXVIII
301
MC
MCCCXCVII
574
2227
MXLII
3147
615
MLXXXII
2188
2209
2318
3363
MLXIV
MMMDXLVII
MMMCCXXII
CLIV
MMMCMVI
LXXXI
387
MMCCCLXIII
CMXII
3434
511
DII
3119
MMDCV
MDL
2567
3236
2556
MCLXVI
3988
MMLXIII
3530
XLIII
1134
2555
1930
MMMDCCXLIII
MMMCXL
CMXXXVIII
DCCLIX
1268
3873
3915
3648
MCLXXXIX
3186
1346
CMXXXII
2023
MMCLXXXV
917
CDLXXV
2756
1896
MMMXVI
766
1285
MMMDCCLXXIX
CLXVIII
MMCCXXIX
3816
CDXXXVII
MDCCCLXVII
2015
3095
MMDCXXXIV
234
3266
DCXCIV
249
MMMDCVIII
3080
MMCDXXIX
2287
MDCCLXXIX
MMMCCCLVIII
2972
1592
MMCXXXIX
MCDLXXX
MCCCLXII
MDCCXLVI
3393
3536
XXXI
1426
1904
MMCXXXIII
418
MDXXXV
MMCDXI
MMDCCXCIX
2572
DXXXVII
965
3148
3948
508
MCCXXXIV
DCCCLXXXII
MDCI
650
MMMCCLXII
MCMXL
2832
3677
2353
31
701
MMMCMLXX
MMCDLXIV
637
MCDXXV
CCI
MMCLVII
MXXXII
DCCI
1299
2169
MMMCDIX
MMMCDLXXIX
MMMDLVI
2444
MMMCCXXXVIII
282
MDCCXLV
MMDCCCIX
MMMCMXCVI
3415
3318
MMMCCIV
MMCCCXVIII
MMCCLXXXIX
2929
3914
MCCCXLII
1306
LXXXIX
MDCXXXI
778
CDLVIII
MMCMLI
MMMCMXXXIV
695
2867
3237
MCCCXVI
138
871
MMMXXXVII
CMVIII
1936
MMDXXXVI
MMLXXXIX
MMMCDXXIII
MMDCCCXC
MMCCIII
MXLIV
2701
CMLX
MCMXXI
1808
2661
MMCXI
MDCCXII
MMMDLVIII
MDLII
72
CCCXLV
3712
MCXVIII
1710
MMMDCCCLXXII
3734
1930
3120
3771
3640
2404
3013
142
MMMCDVI
MMMDCCXCVIII
315
3541
163
3570
3365
3500
DCCCLXXIX
2192
MMMCXXXII
3886
MMDCCXCIV
2275
1230
MMCMLIII
2725
1840
DCLXX
2101
3875
MMDCXXIII
MDCCCLXXI
2974
47
2485
CMXXIX
3844
MMMDCCXXXIII
DCXLIII
MCCXCVII
1643
DXC
CXXIII
MDLXXVII
DCCXLI
3146
18
MDCCXXX
DXLI
MMCMIII
MDCLXXX
3049
3896
1481
2512
1934
DXI
MCLXV
MMMDCLXXIII
3091
MMMCMLXV
3796
MMCCCLXXXIX
1366
MMDLXVII
3649
XC
MMMDCCXXXIX
CCXX
MMMDCCXVIII
551
CXXXI
3322
1059
1283
3949
MMCMXVI
2507
2545
MCCLXIII
2194
CLXXIV
MXCVII
932
MXXXII
338
618
3798
MMMDCCCXLVIII
1254
729
CCXX
340
1227
MCMLXVI
MCMXI
2463
3746
975
3439
729
992
MCCXCIV
CMXXVII
3555
MMMCDXCV
DLXXXII
1738
872
322
623
MMCDLXXXII
MDCXLV
2901
1142
111
1548
3735
MMMLXXI
MMDCCCLXXIII
MMMCCCLXXIV
DCCXII
1020
MDCCXVI
891
MMCCXCV
MMMLXXXI
MMMDCX
3933
MMDXXXIV
3982
MMMCMXLVIII
2764
MMMCCCXVII
1525
3126
MMMCLXXXVI
1597
CCCL
DCCLIV
1022
DCCCXCVII
MMCCLXXXIX
CCLXXXVIII
1772
2473
2796
CXIV
CCXXXVII
LV
3720
561
1091
MMDCLX
2882
MMMDCCLXXXVII
MMCMXCVI
268
MMCDXXXV
299
879
MMDCCII
MMMXXXVII
MMMDCVIII
MCDXIV
923
1117
1384
MMDCXXXIV
MMCCCXVII
1954
DXL
1273
DCCLXXXVII
1175
MMMDLXXXIII
MMCIX
MCII
MMMCDIX
2332
MDCCCLXXXVII
MMCDX
2530
MMLXXIX
MMMXXX
1672
460
CCCLXV
916
CDXXI
2561
MMDCCLXXXVII
810
3823
2447
MMMCCCLXV
MMMDCCCXLVII
677
MCMLXVII
1326
MMMDXXXII
1702
1405
2552
CXXVII
3903
MCDXXXIII
1869
MMCXI
MCXI
3585
1516
MMMCCXVII
LXXXIX
1167
MCLXXVII
MMMXLIII
2970
MMCMLXXXVI
2305
MCLXXXII
209
MDLXVI
1124
3661
2921
2691
3116
MDXXII
112
1401
MMDCCCXLIII
CMLXXV
CCCXXIII
MMCML
MMMDCCVIII
26
MMMCXXXVI
2836
2549
1270
MCIII
2648
1782
MMMCL
MDXV
MCCXXVII
CDLXXIII
980
CDLXVIII
894
MMCXLII
MMDCC
839
MMDCCCLXXXVI
3743
MMMDLI
MMMXXX
232
874
MMDCCCLXX
MDCCLXXXV
MMMCCLXXIV
2478
MMLXXXIV
3382
CXVII
1014
MMMLXXIII
970
796
MMCCCLXX
MMMCCLXXXVIII
1768
MMMCCXXIX
MMCMLXXIII
MCCCXXIX
2243
2476
CDLXIX
625
2386
DCCCXVII
MDCCLIV
MMMDXXXIII
MDCXXV
MMMCLXXII
325
2912
DCCCXXXIII
2679
MMMDXXXIV
MMDCCXIII
MMLXXXVII
2362
3681
MMMCLXX
1736
DXII
MDLIII
MMCLXIX
CCXXXVIII
MCCIV
3707
MMMCCCXCVII
3674
MMDXIX
CCCLXI
MMCCCXXXVIII
2010
703
MMMDCCLXVII
LI
1405
MLXXXIV
CCCXVIII
MMCCXX
1776
2925
2931
MMMLV
3344
657
XCV
MMMCDLXXIII
MMMDCCCLXVIII
MCLIV
3669
1886
1923
980
MCCXXXIII
CDXCVI
1673
DLVII
MMMCMV
MCLXXXV
3138
2255
632
3411
MDCLXIV
316
LXIV
DCXXV
MCMXXXIV
MCCCLXIX
453
MMCCCXX
MMCDLXXXIV
3073
MMDCXLIX
MCDXLIX
2256
771
2380
MDCXLII
2701
MDCCXLI
3165
MMCCCLXXIV
MMDCCIII
DLXXV
MMCCLXXXVI
775
278
3470
1392
DLXXX
3386
MMMDV
MCDXCVIII
3626
3162
CCXLV
3720
3865
MMLXIV
2997
1795
MMMLXXIX
791
MMDCCCLXVI
3599
3023
MMMDCXLVII
MMMDCCLXXII
2946
MMCCLIV
2038
3315
1474
MMDCCCXXVI
DCCCXXIII
CCCIV
MDCCIX
215
DCCCLII
MMMCDXCIX
MMDCCLXXX
1211
1007
1997
1830
3809
DXCIII
1416
DCLXXVI
2169
MMLIII
1399
MMCCCL
1034
440
MMMCCCXLV
108
130
3499
1581
908
MDCLXXXVI
3351
1903
1308
DLXIX
MMMCMXXXVI
CCXXIV
2088
85
MMCCXXXIX
CMXXVI
MCDXXVII
333
MMDCCCLXVII
1844
69
3314
MMCCCLXVI
505
2846
MMMLXXVIII
MDLIX
263
2910
MMMCM
MMMDCVII
MDCLXXI
DCLIII
MMMDL
MMDCLXIX
MDLII
3593
1553
MMCDLXXXVIII
3368
CLXXII
MMCCCLXVI
3874
872
MMDXLVIII
DCCCLXXXV
1608
778
MMMCDXV
MMCCCIX
493
2819
975
MCMLVI
MMMCMXLVIII
2286
277
505
MMDCCXXXIV
CMLXI
MMMDLXXI
639
CMLXXXI
2664
MMDLXXI
MCCLXXI
3300
1438
1091
3661
2073
523
3825
DCCCVII
1962
3122
MMCDXXIV
MMMCDLXXXVI
MMDCCCXXI
1582
MMLXXXIV
1955
DCCCLXI
1352
246
MMX
MMMCLXXXII
2093
1338
MDCCLV
148
234
MMDCCCXXXV
MCLII
DCCXXVIII
MCLXXXVII
2618
950
MMDCCLXXII
658
MDCXXXV
89
1000
MDCCX
3886
MMDCCCLIII
1807
MMCCCXXXII
1263
MMDCLXII
MMMLXXX
740
781
MCCCII
MCDLXV
1134
1695
889
590
767
1719
MMDCCCLXXXII
315
2196
MDLVI
CCLXVII
3736
MMDCCCLI
DCCCLXXXIV
MMCDXXVI
MCDXXIV
MMCLVI
MMCDXLVII
CCCXXXVII
3461
3942
475
MMCDIV
2125
597
2626
MDCCCLXII
3513
CXC
3011
MMMCMXV
946
MDCCXV
MMMCMXXIII
MMMCCXCVIII
2813
861
1263
1897
MMMCDXXX
2410
MMMCCCLXXIX
MMIII
3560
3113
MMMCCCXXXVI
1415
MMMLIV
MMCXXVII
2034
MMMCCXLVII
1413
2890
MM
MDCLXXX
2801
2037
3843
740
3457
1663
XXVII
CCCXXX
3776
MMMCMXCIX
MMDXXVII
MMMCLXXVII
1189
1483
3078
MMMCCLXVIII
2187
2507
LXVI
DCCXL
MDCLXXIX
2644
1302
3816
XII
2817
DCCXVIII
3156
2152
3262
XIX
CDXXV
3129
MMMDXLIII
MDCLXXXVII
CLXXIV
2961
MMMDCCLIII
MMDLXXXVII
2267
MMMCDXXXV
333
MMMDCCCXCIV
MCCLXXIX
MMMDCCCXLI
2780
2222
3746
3654
2932
1284
1319
3074
744
MCCLXXVII
MDCCXXIX
3561
MMCLXXVII
MMCDLXIX
MMMCDXCVIII
MMDCCLXVIII
MMMCMXXXI
MMMCCCLXIX
MMLXVIII
2747
MMLXXXVIII
286
2722
CLXI
1778
MCMLXXX
DCCLXXIV
2152
MMMCDXLVI
2289
MMCCCXXXIX
MMCCCXXV
MMCCLXXXVI
DCCCXCVIII
MCCLXV
3115
MMMXXXIII
MMMDXIX
MMMCCCLXXXIII
CCCLXXI
DCCCXV
2663
2253
MDCLXXXIV
3265
396
CMIII
2098
416
2718
2528
MCMLVI
MCMXX
MMXXXII
2881
MMCLXXXVI
1625
3474
DCCXCI
MCCCXCI
2801
CCCXLIX
2746
2104
610
345
1387
MMMDCCCXXXV
MMCMXIV
1717
3465
MMDLXXIV
MMMCCC
318
3357
MMMLXXXI
MMMCCLXXX
764
MCDXCIV
3505
MMMCII
MMMCDII
MMDLX
MMMCCLXXXV
471
MMCMXVIII
MMCMLXXXI
3196
380
1272
DCCCII
2294
MCMXXXIV
1121
2653
3977
735
304
MLIX
3409
2023
685
1373
CI
MCMXXXVIII
1492
MMDCXXIV
181
500
MMCVIII
MCMXVII
CMIV
DCCXCVI
MMMCCCLXXXII
3226
796
2681
2064
MMDCXXXII
MMCDXXIII
CCLI
MMMDXLII
MMCMXLV
350
159
1871
829
818
3489
MIX
MDCCCLXXIX
982
1645
MVIII
3495
2008
1816
MMCLIII
2093
CMXCIII
CCCLVII
MMCXXI
2151
CCVII
MLXXII
XIV
1055
MMMCXCV
MMMDCCLXXVII
CMLIV
1841
449
MMMDCXLIII
419
2613
MCCCXVI
233
MMCDXV
MMDCLXXIX
MMMCXL
CCLXXV
MMMDV
MMMIII
1228
MMMCDXXXI
MMCCCXXXVIII
2014
2647
3874
MDCCLXVIII
MMCCCLII
MMDCXCIII
880
1241
DCXXXI
MMDCLXXXV
MLIII
3980
1617
MMMCMLXXII
CMXLVIII
MMMCCLXXIX
1306
MMMCXC
MMCMLV
3526
MDCCCL
1823
2282
MMDX
2794
MDCCCXXVI
MCCCXXVI
MCCXXVIII
MCXIV
2096
3580
2397
3106
MMMCMLIX
2678
3311
CLXXXVIII
MMCII
1800
3961
1181
3623
3921
CDVII
1975
MMDCLXVIII
MMCDLXXXIII
1065
MMCCCXLVI
1360
MMXVIII
446
MMMCCCLVIII
MDCCCLXXXIX
DCCXIX
DCCCLXX
843
MMCCLVI
MMMDCC
CLXXXVII
468
MXXIV
CMXC
MMMDXXXIV
1128
CCIX
CDLVIII
854
383
2657
1460
MMMDCVII
1535
MXCI
MMMDCCC
2395
178
996
2585
CCLXI
1311
MMMDCLXXV
852
1040
2323
MMMDLXIX
1701
MMLXXXIV
1068
LX
2166
MMMDXXX
698
DCXLIII
MMDCCCXCIII
850
1681
1883
MCDXVI
1723
MMMCCCXCIII
2751
859
MDCCCV
3327
2378
1213
3105
MMMDCXLIX
MCCCLXXIX
MCDLVII
MMCMIII
MDCCLXVIII
MMMCCXXXI
CDX
MMMCCCVII
648
2046
2999
MMMCXVI
2448
3756
2444
CLXV
MMMDCXXXVI
2732
183
2946
3321
3851
MMCMV
MMCCLXXXVI
3246
MMCXLV
1601
MMMDCXCVIII
1824
290
CCCLIV
3483
212
1161
MDXCI
2998
MDCCXXVIII
DCCII
DCCCII
25
DCCCLXXV
MCXXXVII
MMMDLVIII
DLXVII
MMCCCLIII
MCDXXXI
3166
1076
163
MMDCCCII
CCCXLVIII
MCCCXCVIII
2809
3451
1142
DCLXVII
MMMCXVIII
MMMXXXIX
MMDXI
2175
584
1755
MMMDXLII
MMMCLXXXVIII
160
DCCVIII
1350
MMCLXXVII
MMCCCLX
MDCXXXIX
MMMCMXLII
MDCXLIX
3958
MMMCCLXXXII
654
MMMDCLXXIII
MMMCCLXXXIV
MCMLXXXIV
MMCCCXC
CCCXXVI
MMDCCI
CCLVIII
2240
MMMCMLXI
VII
2213
3087
MMDCCII
CCXLIV
MMCCCIV
33
MCDXC
MMMCLXII
MMDCCLIII
MMDCCCLXVI
CDXIV
MMDLXXIII
1507
MMMCXI
222
2467
MMCMLXXXIII
MMMDLXXXVII
DXLI
MLXXXIV
114
3939
CCCLXXX
MMCCXLIX
3285
CDXIII
3817
MMMCDLXIX
MMDCLXVIII
MCMXLVI
CCCXLVII
2533
425
MCLXX
810
CCXXVIII
3223
567
3476
MDCLXXI
MMXXXIII
MCCXLII
2475
2654
MMCLXXXIII
DCXVI
2208
1886
2292
104
MMMCMLXVI
MMMCDXXX
MDXXIV
86
MDCLXXIV
MMCMXII
2933
MCMLXIV
CDXXII
1258
MMMDIX
3411
MDCXCVI
MMCMLXVI
MMMDLX
CDL
713
MMMDCLXIII
3660
DCXLVII
MMMXLIX
652
3652
DLX
2556
CCCXXIII
MMDCCCXXVII
3734
1520
MMMCCCVIII
3345
MMMDCCCLXIV
MDCCCVIII
65
2698
MMDLVII
MMCCCLXXXVI
580
CMI
684
2734
DCLIII
MDXXXII
3385
MDCIII
2352
1980
1611
MCLXXIV
1937
2563
178
2032
2943
MCCXLII
1301
MMDXXXVI
MMDCCLXII
1082
MDCLVII
MCCLXXIX
3989
CDLXXI
2456
3850
3600
3358
1135
MMMDCCLXXXVII
1608
CCLXVIII
MMCLXXIX
MMDCCCLXI
MCI
MCCXCVI
MDCCCXV
3661
MDCXC
MMDCCCLXXV
MMMCXCIV
3324
927
MMCCVII
1779
CXVI
1039
CDLXI
1059
LXIII
962
MCXLVII
MMCDLXXXIV
3370
MMMLXXXII
MDCCLXXXIII
MMLXXVII
MDLXXV
3501
3573
1537
1503
MMDLXIV
MMMDCXV
870
469
MMDCXXX
MMCMXCV
177
3945
MMMDCCCLXXIV
CMVIII
MCMLXXIV
2670
2632
3473
MDCCCLV
MCMLXXII
MMDCCCLXXVI
3241
2854
MMMCDXIII
CCIX
CDL
MMMXLVII
MDCXX
1641
2588
MMMCM
3784
2673
MMCCXCIV
2543
1748
649
487
MMMCCCXV
794
MMCXL
2626
389
MMMCCXCV
MMDCLXVII
MMDXXXVI
MMMDCCXCIII
240
MMCMLXVI
DCCXLIII
3219
CII
2657
MDCCXXXIX
1638
1538
2030
MMMCDXXIV
MDCCCLXXXII
MMMCDLXXXVII
3126
3844
3341
MCDLXXXIX
DCCLXXXVI
MMMXXVIII
MMMDCXXXVIII
MMCCCLXXXI
2314
CCCVI
MDCXLVIII
2710
70
CMLXXXIV
MMIV
DCVIII
CDXLVII
1847
MCMXLIX
3872
302
MMXCII
3565
MMMDCCLXXX
MMMCCLXXXV
1180
DCCXLIV
2562
1128
MDCLIV
MMDCCCXXVI
MMMCDLXX
LXXVII
MC
1217
2780
3400
3245
MMCIV
735
3744
780
MMMDCCCXXXVI
MMCCCLXXXIX
296
CXXVII
DXL
1617
2328
CDXCIII
834
MMCMII
2267
3647
DLXIX
MDCCLII
3091
1765
CCXLVI
1777
866
DCCXXXV
611
MXVI
MMDCXXV
34
443
928
MCDLXVII
MMCMXCIII
MDCLIX
1732
3362
MMMXXVII
MMCCCXLV
MMMXIII
MMMCXXXIV
MXCIV
MMMDIII
195
497
1957
1289
MMCMV
CDLXXXIII
2206
97
MMCCXXV
MMMDLXXIX
2087
65
MCLXV
CCCLXXXVI
MMCCLXII
582
3182
DIV
1365
MMMDCCCXI
294
404
DXCIX
2764
MCXXX
2752
2550
3604
2062
400
MCXLI
2685
776
MCMLXXVIII
MCMXCVI
MCCCXCIV
3776
1289
2327
3289
DXLIII
1936
3584
CCCLIII
2179
MMMDCLVIII
MCDXV
MMMCMXVIII
MMCDXI
2980
3003
1400
910
MMCCVIII
2745
2307
CMXCVIII
1749
771
3203
MMCCCL
1364
DXXX
DCCCLXXXI
641
3390
MMMDXCV
DCCCXIII
MMDVII
MMDCCLIV
CMLIX
CCLXXIII
1766
1043
MCDLXIII
CMXVIII
MCDLIII
MMCCLXXIX
469
MMCCCLIII
801
CCCLIV
302
MCCCXLVI
DCCXCVI
CCCLVI
MMMCCXCVI
MMCDXXXIX
MDCCCVI
1052
305
MMCCXV
MMCCLXXII
CDLIV
MMMDCCCXXXIV
MMMCMXC
3266
LXVIII
MMCCCLII
2273
DCXLVI
1111
2695
3710
1356
2237
1386
MMMLXXV
MDCLIV
469
MDCCCXXI
3558
3461
731
MMMDCCCLXIV
1282
MDCCLXXXI
1558
3534
DCLII
3936
2879
CLII
DCCCXCIX
916
MMMDXCII
2455
3455
MMMCLXXXIX
778
MMXVIII
MMMCVII
2677
DCCXXXVII
MMMDXXIX
MMCDIV
MMMDXXXV
332
MCCXXXVI
2388
2396
MMMCCXIX
MMMCMXXIX
2005
MCLXVIII
MDCCLXIX
481
MMMCLIV
DCCCXC
MMMDCCXXX
388
XLVIII
651
MMDLXXXVI
MMMLXXVI
2791
MMMDCCLXIII
D
2619
503
1183
MCCCXII
MMCCCXLIX
2868
MMCDLXIV
MMCMLXXI
MVII
2442
692
769
3504
DLXIV
1254
286
1869
MMMDCCLXIII
MMMDCCXVII
3359
DCCXXIV
MMXLV
3290
MMCDLXXIX
MMMLXXXVI
MMMCMLXXXIX
1761
1464
MMCCLXXXII
MMCLXXXIV
2103
1772
MMDCCLI
975
MXXX
MMLXXXVIII
MMMXXVI
2886
MDXXIV
MMCDXX
MMDXIV
3108
1131
MMMCLXIX
C
1457
MDCCLXXXVIII
MMMDCXLIII
1240
DCLXXXI
3562
1885
2817
MMMDCCXXV
MDCCCLXX
3198
331
MMDCCXXVIII
CCLI
MCMII
1310
MMDCLXXXI
154
DLIII
1383
254
3740
656
3497
3749
2323
CCLV
2659
MCMLXXVII
MDCCLXXXIV
MDCXLIV
3617
MCDLIII
CDXXII
MCDXXXI
CCCXXXVII
2651
2911
1833
487
2034
MMCDXXVIII
DXXIV
MDXXXV
MMMCMLII
MMDCCCLXXIII
1016
2110
644
MDCCCLIV
2291
601
MMMDLXII
109
3345
2291
MCCCXCVI
MMDCCLXIII
MMMDCCCXVII
DCCXXXIV
DCCCXCVII
1274
3659
911
MMMDCCCI
3012
1659
3177
MCX
3038
MMMDCCCLXXXVI
2815
MMCLXIX
LXXI
CLXIV
MMMXLIII
MDLXXI
3804
1410
1803
3303
1929
MDXXXV
MMCCCLI
MMMCCCXLII
MMLXXXVII
3652
3308
987
DVII
898
2016
MCCCLVII
MCDV
1207
1025
CCCXCV
MMXXIV
1168
MMCDLXXXV
2173
MMCDLI
MDCXLVI
CCXCIV
MDCCXLVIII
421
DXXII
MMMCCCLXXVI
DCCXCV
MMMCC
MMMCDXXI
MDCCLII
DCXX
MMMCCXXI
MMMDCCCLXXIV
CLXXIII
1152
2614
70
MMMDX
CMLXXVI
MMMX
MMCCXIX
161
3003
300
2336
DCCCLXXIX
MMMCMXXX
486
MMCCXCVIII
3651
1671
MMMDCCCLXIV
3293
MMCCLXVII
3376
MMMDLXII
MMDCCLXV
351
DCXC
MCCXCVI
DCXXXV
MMMCCCLXXVIII
MCMXCVII
MCDI
3452
331
3153
MMMDCXLII
2979
DCCLI
1150
441
MCCIX
1923
1501
887
2512
MMDCCCXXII
3191
MMMCDIV
2450
1590
MMMCDVIII
CCCLIII
MMCDLXXXVI
1576
725
3582
3047
336
MMCCCXIX
713
MMMCCLXXII
2802
CIII
MMXVII
DCCXXI
2702
3304
DCCXCVII
CCII
MCMXXXIV
689
3726
1439
1939
3339
2540
658
MCMLXXIV
1087
MMCCXXXIV
2472
MMMDXVIII
CCCLIV
XXXIX
2084
3251
MMCMXXXVIII
2017
CCLVIII
MCDXXXVIII
MMMDCLXX
3031
512
MCXC
MMCXXVIII
MCDVIII
MMMLXXII
MDCCLXXXVI
2206
3258
545
MMMDXLII
275
736
MCXCV
MMMXXXII
MMMCMLXII
3612
3569
MCCXXVIII
2401
MCCLXXXVI
3552
MMMCDV
CMLXXIII
MCDXXV
8
3937
1723
1668
MMVII
3988
MMDLXVII
3832
MDCLXI
CMLXXXI
1924
MDCCCLXXXV
1108
567
3397
XVIII
3776
MMDLXXX
1197
3237
DXLVI
LXIV
MMMCLXIX
MDCCCXVI
CDXLIV
MCCXXXI
MMCDXLVII
2073
892
1640
VII
MCCLXI
MCDL
1251
3900
1303
3037
2714
MCCCXXI
1497
MMMCXXXIX
MMCMXXVII
MMXII
1836
CCCLIII
1857
795
1977
2178
527
MMMCCCLXVIII
1801
2750
2443
MMXXI
CDLXXIII
CCXV
MMMCMVI
MMMDXLVI
163
MXCVIII
3091
CII
MMMCCCLXXIII
2763
3751
3592
MDLXXXVIII
2483
MDCXXXVII
MMDCCCLXXXIII
1938
CC
2078
MCCCXLVII
3422
MCDXXXVI
542
3757
2652
MMDCCCXXXIII
MMVIII
MCXIX
919
MCDXXXII
MMMCCCIV
3825
MMCCXVI
3330
MMDCLXXIX
603
1104
MMCMXXXI
CDXLVII
MDCLX
MMCDXLII
MMDLXXXI
2027
3394
MMMCMLXVIII
MMCMLXII
DXI
2651
1243
3689
3812
DCCXXI
MCXXVI
2923
MMCLXIV
MCMXVII
DCCCLV
1819
MMDCLXXXII
3096
MMDCCXXXIII
1604
3792
2630
MMMXIX
MDXXVI
2771
MMMCII
3637
670
2782
MDCCCXXXII
DCCCXLI
1039
DCCCV
CDIX
445
MMCXL
1956
3965
3476
2659
MMMLXVI
1204
2537
1264
MMMDCLXXIII
MMMCMVIII
MMDCCCLXXXVI
1281
CCLXXX
1436
29
MCMLXIV
MMDLXXXVII
1179
CL
2274
MMDCI
673
2586
326
DCCCXXVII
MMMDCLVIII
MCLVIII
MMLXXIV
MDCXCVII
MCXXIX
MMMCMLXXXV
518
3810
99
954
891
3685
2851
MMMCCLXVII
MMCLXXVI
2346
2906
MMMCDXXIX
3571
2257
3032
110
III
CCLVII
MMMCDXC
MCCXIII
MCCL
CCLIII
62
MMCCLVII
MMMCCXCVI
MMMDCXCII
MMDCCLI
MDLXIII
MLIX
1765
2214
3438
1522
1691
383
3815
745
MCDLIV
CMLV
3310
2194
MCCVI
1623
DCCCXXVI
3336
524
2770
MMCMXXXI
MDCCII
2464
MCCXLV
2532
MMMDXCIV
632
173
MMMDXXIV
MMMCLXXXVII
MDCLXXV
MMMCCCXL
3567
CCLXVII
DCCLVIII
1688
3392
MCCCXC
MDLXXXIV
CD
MMMCDLXX
1089
DCCXXI
2505
CCXXVIII
2262
1330
MMMDXIX
MCCIV
2750
339
2950
2165
CMXXV
2008
DCCLI
3655
MMC
1639
MMMDIX
3650
1330
MMMCXCIII
2028
2361
CCXXII
CMLX
XII
1242
CMXL
MMDCCCLXXXVI
CMLI
MMMCCCLXXXVI
3950
MMMDCCLII
548
1736
MCCCLXIX
MMCCL
609
3540
1858
MMMDXVIII
MMDCCCVI
DCCXI
MCMXCVII
MMMCMLXXXI
MMCLXIII
MMDCCXLIV
DCLXXXIX
MDIX
3083
MDCCCIV
MMMCXCIV
MCCCLIX
1881
3167
3015
3578
452
MMMDCCXC
850
3818
1075
MCCL
2483
MMMCDXLVII
2014
70
MMMCDXLV
MMDLXX
CCCLXI
869
492
MMMCCCXLVII
931
93
2020
1522
921
277
MMMDCCCVIII
2217
MMMDXIX
MMMCCCLXIII
74
165
MMMDLXVIII
DCCXL
CVIII
1405
3649
MCLXXI
MDXLV
MCMLXV
MMDCCCXCIX
843
3414
MDCCCXVI
3273
2907
MMMLXX
MMLXVI
MMMDLIX
880
MMCCXLI
MMMCXLIV
3290
535
MMDCCII
2904
2186
MLXII
MMDCLXV
MCDXXXIV
MMCMLXIX
2847
2335
MMMCCXXI
3483
1039
1054
MDCXIII
MMLVI
1189
2853
MCCCLXXXIV
MCXLIV
MMMDCCCXVI
MDLX
MMMCCCX
2587
3519
3299
MMMDCCCXCII
MDCCXXXIV
MMMDLXXVI
3734
3087
2756
204
MMMCDXCI
2808
2131
2060
CMXCVIII
1031
MMDCCC
1894
MMDCLVIII
3712
DCCLXI
1493
MCDXCVIII
362
3964
2155
MMMDCLXXXII
638
838
DCLXV
2370
3064
3502
MMLIV
1219
2222
517
MDCCXXVIII
414
MDCCLXXVII
MCXII
2174
1893
226
1530
2170
219
MMDLVIII
1874
MCCVII
CMLXXXII
MMDCCCXX
DXXXII
MMMLXXII
2404
3019
MMMXXXVII
739
DI
2644
110
2459
MMCCCXXXIX
3621
1209
MDCCCXLIV
MMMCMLXVIII
1187
419
108
MMDCCXVIII
MMCMXXXVII
MMDCL
MMDXXI
MDCL
1976
860
MDCCCLXXXV
657
MCCLXV
DCCCXXIII
2695
CMXXXVII
CCCLXIII
1539
MMLXIX
2326
MMLXXXI
701
MMMDXLII
1853
CDXCII
3657
MMMCXXXVI
2610
822
3177
690
MCDXCVIII
DLXXVIII
MDCCLXXVIII
MMCDLXV
1333
MMMDCCCXXXIX
MDCCCLXXXII
MMMDCLI
1881
1816
MMCCCLXIX
3034
3306
CDXCVIII
MMCMLVII
2243
MMCMLXVII
MMMDCCCLXXV
MMDXXXIV
3186
78
CMXLIX
3268
3283
MMMDCCXXXV
1635
2602
2181
3139
MMMDXXXVI
2831
CCCLVIII
1088
3560
132
2306
MDCCCXCIII
MCMVII
MMDCXXI
3431
2393
1903
DCLIX
MMI
MLXVIII
CLXVIII
CDLXXII
CCCXIX
MMMCLXVII
510
DCCLXXXIX
1583
CXIX
2416
MMDXLVIII
2001
1083
DXXV
DCLXXVIII
MCLV
1722
3036
MMCMXXXI
MDCCCLXIV
1528
MCMLX
CCXXXV
81
1546
MMLXXVI
1912
11
MCCXVII
MMXLV
1399
373
MDLXXV
DCLIV
MMMCCIV
MMCCCLXXVII
3644
DCCXV
MMMCMLI
MCXC
MMCCCLXXVII
MCLXXXI
MCCXXI
MMCLXXI
MMMDCVIII
1130
MMMLIII
MCCLIX
MDCXLI
MMMDLXII
MMCMLXXXIV
2766
MMMCDLXXIII
2865
CCCLXXVIII
862
MMMCCXCVI
1238
MCMLIII
DCCCLXVIII
558
MXLI
MCMXXXVI
940
648
183
MCCLVI
MMCXIV
MMMDCXVIII
MMMCCCXXXVI
CXLI
MMXCI
173
MMDCCCXXIII
3608
978
MCCLI
3461
759
MCMXCII
CCLXVI
MMDXII
3215
MMDCXC
MMMDXL
MDCCL
MCCCXCII
3329
MMMDCCXCV
CLII
DCCXCVIII
3336
1143
1902
3115
LXXXVIII
3835
MXLVII
MDIII
977
MMCXCII
MMMDXXX
3891
MMMDCCLXII
MMMCCXXXIV
3216
MDLXXXIV
MMMXVII
142
MMCCCXCIII
MMXXIII
MCMLXXXIV
225
2363
MMDCCCLXVI
3483
MMDCCLXXXVI
MMDXLIV
644
MMCCLVII
CMXXXIV
2646
MMDCCXIX
3864
MMCDLXXVIII
MMDCXII
2339
707
3173
MCCCLXXX
MMCDXCVIII
3448
790
2437
CDIX
3906
2120
MMMCMLXXXV
CMLV
532
1443
3080
3592
MCMXXXVII
823
1866
XVIII
784
MMDLXIV
149
MDCCCXIX
MLXXIII
MMDCCCLIII
3979
DCCCXXVII
MMDCXLVII
2028
3316
1225
MCDVI
2001
1745
MMCMXXXII
MDLXX
MDCLXX
CCCXXXVIII
MMCMLXXVIII
2451
XXVIII
2964
MLXXX
3123
1600
XLVI
2763
MMMCCLXXXIV
3809
2142
3867
MMXXXV
MMCMXXVIII
3261
MMCCCLXXVI
XXIV
2068
MMDX
3332
MMMXXX
253
1555
2774
MCLXXIV
MMMCDLXXVIII
MCX
1697
2567
MMMDCCLXI
MMMDCCCXLV
1971
1996
MMDCCLIX
MMMDCCCXLII
374
2379
141
CDXXXV
MLXXXVII
2077
2530
2075
635
MMDCXCVI
MMCLVIII
1742
MMCDLVII
372
1350
MMMDCCLXIII
1206
3339
MMMCLIV
3080
73
MCDXIV
603
MMMDXIX
MDCXVI
MMMDCCXVI
1917
MMMCCVI
684
DCCLXXX
2294
DLXIII
353
MCMXCV
1449
DCCLXII
3095
2501
DCCLII
3583
MMMDXXXVII
CMLVII
2140
MMMDCCXLVII
CCLXX
MCDXCIX
2328
1483
MMCCL
MCCCXLII
2903
3234
3671
MCCXXI
992
1192
MMMDCLII
MMCXLI
MMDCCVIII
MMMCXXI
MMCDLXXIV
CMVI
MCMIII
3403
MMMDCCCXLII
MMCMLV
MMMCMLXXV
MMDLX
MMMDCCXXIII
3554
CMLXXXIII
MMCDLX
3150
MMDCCCLXXII
MCDLXXXVI
MXXVII
1689
1601
MMCCXCI
MCXV
1391
1409
MMDCCCXVIII
1860
MMMCCCXXX
MMDC
2091
CCXXXIV
MCMXLVII
2150
CDXXXIII
CCXXXV
2522
MMMDCCLXXV
MMCDXXXII
MCDLXXXV
MMDCLV
MMCCLXIV
MMCMLXXXVIII
3495
384
DCXLV
CCXXXIV
MMMDXXXVI
MDLVII
MMMCCCXIII
2552
3773
MMMDCCXXII
MDLXXV
3397
1667
260
MMMCCXIX
MMCCCL
CCCLXXVII
3888
DCLIV
489
MDCCLVIII
1453
299
1573
792
XLV
288
MMMCLXXIX
3740
DCCCLXXXII
LXXXI
MCCXLIII
DCCXLVII
262
1759
MMCCCXCV
DXXV
MMCCXCII
1766
MMMCXLI
340
MCCCXXXVII
1070
MMMCCCLXX
MMMCCLX
557
34
2755
228
3934
829
175
MDCCCXLIV
101
MCDLV
CCCXXII
MMCCXXVIII
1198
MMMDCCCLXI
2084
1585
324
MMCLXVI
3237
2911
DLXXXIII
3428
3924
3809
1939
3452
MMMDLXVI
898
2751
3407
MMMLXXXV
2507
114
2439
MMMCXXXVI
DCCCLVIII
CCCLXXVII
1097
3399
1733
382
CVII
MMMCCXXI
2711
1177
MMCMXVIII
296
MMCCXXXII
MCDLXXI
703
3145
2544
MDCCXCVII
MMCCLVI
2186
MCCCLIII
2763
415
MCDXCI
427
1488
3711
MMDXXXIX
MMMCCXI
MMCMXLIV
DCCLXXIV
MMMDCXCVI
3680
MMMCCLIX
2789
MMDI
172
XCVIII
CCX
CCXXVII
2584
1818
748
3712
MMMXXXV
CDLIII
53
MMMCMLXV
3974
MCMXLVII
3833
MDCCXXVII
DCCCLXXIV
CCCXCV
MDCCCLXXXIV
2141
MMCCCLVI
1568
MXXVII
MMMDCCCXIX
MMCMLXXVI
3659
3149
MCLXIX
3573
MMMDCCXXXVI
MDCCCXXXII
CCCXLI
MCCXXIII
443
MMDCCXXVI
1475
MMCCXL
388
MDCLXI
1413
313
257
3665
DXLV
2296
MCMXLV
MXLVI
2614
3406
MMMDCCXXXVI
3019
MCCXC
MMMCCCLXXI
1004
3053
MCMLXXIV
MCCL
MMCLVIII
766
2246
81
1350
1567
MMCCXXX
MCXXXIV
902
2761
MMMCMII
1702
63
MMMDXLVI
2410
2652
MCLXXVI
DCCV
MCDLXXXVI
2597
CCC
2134
MMMCMLXXIX
CMXXIV
MMMCCXXII
DXX
3678
MMMDCCCLXXV
CXCVI
CMXLV
MMMCCXCI
MDCCXIV
1533
MMDCCCXIV
MDCCCXCV
1715
MCDLVII
1272
MCCCXCVI
3689
2289
MMMCCCLXXIX
810
MDXLV
MMMCDXXXVII
DCCCXXXIII
MCMXXII
MDCXLI
795
1213
MDCCXXI
3915
2039
MCMXXXVII
MMMDIV
1329
3185
MMDCXXXIV
3276
562
MMCDXCV
MMMCXLVI
290
MMMCMXXXVI
64
1232
CDLXIV
3717
3052
413
DCXXXVI
3228
278
1904
MMCXXI
CMVII
1346
3976
MMMLXX
271
865
3173
1976
CLXXXVIII
DCCIV
MDXVI
3850
MCCCXVIII
MXCVIII
MMMCDI
564
MMDCCXCI
2914
MMMLXXI
1819
3596
MDCCCLXX
2386
3137
MMMDCCCIX
415
MMMDCCCXXXII
1983
2944
MCCCLXXXVII
MMMDXXX
2164
945
1242
MCMLXXXIX
24
MMMCMXII
2030
3897
CMLXXXV
1948
2535
MMCLXX
950
397
XVIII
3034
860
MMMCCLXXIX
MMCMLIII
MMMCCCXLI
3264
MMMCCXCIX
MMCCCXXXIII
MCXCI
3837
1303
CCCVIII
3422
CDLXXXIV
102
1301
MMCDIII
DCCXXXVII
2230
MMCLXXIV
MMMCCLXXXI
2430
2111
MCMLXIII
MMMDCCCIV
MCLXXXV
MMD
1750
MDCCXLV
2395
3863
3143
MMDCCCLXXII
MMCLXXVI
3574
3580
MCXXIII
MMMCCCXXVI
MX
1600
1849
1783
980
MLIV
1819
MMMDCI
MMMDCLXXXVI
MMMCDXLII
1307
2600
MMCCLI
MMCXCVII
529
2849
MDCCCLXII
944
MMMCXLI
2178
2911
MCCC
MMLXXX
MMDCXVI
1297
MMDCLXVIII
22
990
DCXXV
3346
MCMLXV
3540
3554
MMCCXCIV
1985
MMVIII
1211
MMCDXLIX
CCCLXXIV
2773
DCXIV
MMMCDLXXXII
398
MCXIX
725
2245
3660
3689
MMCXXVII
CDXXVIII
826
1585
726
1100
2274
MMMDCXCVI
3949
MDCXXXV
2871
MDCCCXXIII
917
MMDCCIII
685
928
DCCXXXVIII
3202
MMMDCLXV
MMCMX
457
1971
472
DCCCLXXII
1268
MMMCCCXVI
1331
MMCDXLI
1655
CDLXXXI
158
3479
MMCCCXXIV
MDCLVI
2063
MMDCCXXIII
MMMDCXXX
MMDCLIV
MDCXXXV
2916
MMMDCCXCIX
2513
3103
1588
CMXVII
3158
MDCLXXXV
676
1955
MMMCMXC
1247
1400
MMDCLXXXIV
1172
2402
3377
CDXXXII
CDLV
MCCXL
MDCCCXLV
3209
DCXLVII
CCLXVI
881
MMMDXXVIII
3152
DCCCXCVI
MCCCLXXVII
MMMCDXXVI
MMCCXX
3946
MMMDCCXXXII
2988
MCCCXXVII
1314
MMDLXVII
1881
MMMDCCCXCIV
MMMCCXVI
MDCCXC
1025
DCCCXLVII
CCV
MMMCCCXVII
MMDLIV
1200
MMXXX
MMCMLXXI
2495
MMMDCCCXXVIII
1076
2270
CMIX
833
2309
302
CCXLVI
1637
MMDCCCXLVI
711
MMMCLXIII
MMCDXVII
MMMDCCLXIX
3514
3392
3360
MMMDX
MMMDCCLXXXIII
3192
3190
3569
MMCMXCIX
129
3861
DCCXXXVIII
1062
945
3739
1982
2441
2257
3665
CDLXVIII
CCCXXXVIII
MMMDCXCVII
3917
MMMCCCVIII
MMMCCCXV
3517
MMCDLXXVI
3629
MMLVIII
3349
MMCMXXVIII
DXXVI
MMMCMLVIII
118
1125
MMCMVII
928
MDCXV
3037
1315
2572
1456
3755
CXIV
CDVII
266
MMMCMLXXVII
CCXCVI
MMDCCLXXXV
MMDCCCLXXVI
MMMCDXLV
MDCCCXXXVI
3527
36
MLII
2302
1078
DCCCLXXXI
DLXX
2970
2764
2216
MCCCLXXXIX
MDCCCLXIV
2211
MMCDXXXI
MMCDXII
MMCCCLXIV
1984
MMDCCCIII
3436
MMMCDXCV
MCMLV
MMCCXXVI
MCDXCVII
1900
3964
513
277
CDXLVI
MXLIV
252
MCCLXIX
3717
MMMDCLXXXVI
3013
MCDVIII
CCLXXXVII
XXIX
MCCCXXXI
MMCCXCIII
CCXI
2707
2163
MMDIV
3804
DCCCXLIX
DCCCXX
MMDCCCLIII
1614
MMMDCC
1493
DCCLXXXVI
CLXXXV
MMCXXII
CCCXIX
3740
3676
411
MMDCCVIII
DCCCX
MMMCMLXXXI
MMCCVII
MMMCCLIX
MCDLXXXIX
3079
391
CMLXXXVI
1132
851
3961
MMMCDXXVII
3383
MMMDCLXVI
DCCCXCIV
1145
MCMXII
CDXLVI
MMDXC
916
MMCCCLXV
1807
MMMCMII
MMCXXVI
MMMDXLVIII
544
3524
2456
866
1855
2462
2960
1417
MMMCCLIII
MDCXXX
3060
40
MMCDXI
CCXCV
MMCCLI
MMDLXXXVIII
3208
3511
CMXCI
1015
MCMLXXVI
1646
CDLII
3692
MMDCIV
3387
3174
187
MDCCCXXIII
3599
MMMCMVI
2323
MMMDCCCI
MMMCXI
1126
2722
2006
DLXVI
2586
MMMCCCLXXVII
MDCCLIII
354
CDLXXXII
MMMCDXCIX
87
3832
DXCIII
3825
MMMDCCCIII
DCCXXXVII
MCDLXXXII
MMMXXXVIII
1647
CMLXIV
398
MMMCDXXVII
CDLXI
1823
MCCXCI
74
CMX
MDXC
MMMCMLXX
1186
MMCX
1423
CDLIX
DCCXLI
DCCLIII
MCDLXIII
MMMDXCII
MMMCLVIII
MMDCVI
MMMCCCLXXXII
CMXVI
2221
3899
MMDCCCXC
MMMCMXCVIII
MMDCCXII
1235
3330
MMCCXLV
MMMCDLIX
DLXXXII
3883
MMMCCCLXII
CIV
MXXXVIII
MMDCCCXXIX
2349
LXVII
MMCLVII
3371
MMMDCXV
2443
2298
MMCCCXCVI
619
MDCCLXVII
MMDCCXLVI
645
2129
309
MDCCXXXV
MMMDCXCII
MMDCXLIV
MMMCCCXVIII
3610
MM
MMMDCCCXL
519
1856
616
MMMCCXIII
1573
317
MCCCXLVIII
1697
1650
16
MMMCMII
592
MMMCMXXV
MCCXXXVIII
MMMDCXXVI
2089
MDXXXIV
MMMCMLXXXV
MMMCDVIII
MDCCXLVI
3941
2285
1849
687
1644
MMCXVIII
2774
1866
MDCCCVI
2089
3600
1200
541
MDCCCXII
MCMXVI
MCMLXV
2455
MIV
DCCLI
CCVII
MCXXVI
MCCL
DXCV
DCCXCI
CXXXIV
2574
MDCLX
1358
MMCCXCVII
2298
3203
MMCCCLVIII
2092
MMMCMXIX
220
2887
2136
1001
3619
DCCCXXXVII
261
MMMDCCLXII
693
CCXXII
DCCCXCIX
CCCXXXIX
1198
MCMXI
MMMCLXXIV
735
3325
951
DLXXXVI
2274
MMCCCXXXVII
99
MMMCDXXIII
MCDXIII
MCMLII
1554
308
660
3412
3865
MCDLVI
MCLIV
DCCCLXX
CCXLI
1474
MMMCCCVII
CCCL
MMMCDLXXXIX
1
MMMDLXXXVIII
1080
CDXLII
1570
MMMDCCCLXXVII
MMDXI
1645
3209
MMMCDLXXIV
202
MMMDCLXXXIX
CCCLXXXIX
MMDCCCLVIII
MDLIII
49
2222
3937
MMMCMXXXI
MMMDCCXXVI
MDCCCXLVII
MXLV
1117
1579
3658
1887
238
995
MMDCCXXXVII
MMCCLXXVII
3759
787
MMCCCXXXIX
MMXLIII
MCMLXXXIII
DCCLXXIX
2551
CMLXXIV
MMMCCXCV
415
MMDCCCXXXV
MDCCXVI
MMCCCXXIII
3956
MMMCMLXXXIII
MMMCLIX
595
MDCXLIV
3176
449
1774
3066
3975
MMDCCXXVI
MMCXV
MMMCXXV
MDXXIV
3458
MMMCCCLXVIII
2132
XXXIII
MMMDCXL
3638
MMCMLXI
2494
MDCXXVII
LVI
1192
1678
MCLVII
MMDCCCLIII
2925
CMVII
1160
3793
CMXL
MMMDCLXVI
MCMXVII
831
MDCCXCII
1745
DCLIX
MMCDXCI
MMDCCXLVI
769
2043
CDLXXXVII
MMMDCCCL
MMCMXLVIII
1925
MCDXV
3172
MMMDCCCXXIX
MMMXV
3516
742
3965
3360
CMLXXVIII
2130
441
699
CMV
681
LXXIV
3915
3129
MMMCLXV
2691
2537
3829
2711
2233
MMMCCCXVI
MMMCMLXXII
619
788
22
745
CCXCVIII
2849
1181
638
1764
MMMCCLXIV
MDCCXXXII
MMCCLXXXVII
40
1103
3046
2526
1287
2732
MCCCLVII
MCXXVII
CXXV
2020
3457
MCMVII
959
MMMDCCLXXIV
MCDXVII
MMCMLXVI
1627
3785
644
MMMDLXXXIII
1943
MMMCXCVIII
3439
MXXVI
1017
3684
76
CMXXV
3103
2518
MMCMVI
MMCDLXXII
3257
314
MIV
MMCCCXCV
2213
DCCCL
MMMCMLXIII
MCDLXVII
MMDCLVI
489
635
MMDCCXXXVIII
DCXXXIV
MMDCCCXCV
MMMDCLXXXIX
XXXI
594
3004
3281
2935
CXCIV
2242
MMCCLXIV
MMMDCCLXXXIII
DCCXXIII
MDCCCLXXXV
2947
2756
2886
2416
3110
MCCXXI
549
3092
MDXCVI
MMCMIX
MMMDCCXLVIII
MMMDCCCLXXVI
3784
2222
889
2174
MMCCCXLII
MDXCV
MMMDCLXXXIII
CXL
3099
CLXII
1465
1312
2352
2512
CMXL
DCCIX
MMMCLXXXII
MDLX
MMCCCLXXXVI
MMCCVIII
123
MMMCCCL
1839
519
MMMCMI
MMMLI
MMMCMLXVI
MMMXCIII
2138
1403
3607
MMDCLXXV
509
MDLXIII
145
MMMCIII
MMCLXXX
MMMCXLIV
2810
3308
1775
1833
MMCCLXXII
2066
MMCMLXXXVII
MDCXIV
XVII
2006
3968
MMDCLXXVIII
MMMDCCXXXV
MMMCMXXXIV
MMCCCLXXXVI
MMMCLXII
2250
MCMLIV
3717
948
1856
DCXXXV
769
3858
3997
MMMCCXXIII
1757
3423
MCXXXVI
DCCCII
2097
1515
1907
1628
3694
1849
2862
1537
3670
2294
3420
MMXLII
2844
DCCXVI
MMMDCCXXXIII
1767
135
MMMDCCCLXXXIII
DCCLIX
883
3312
1301
MCXLIX
2290
MMDCLXXXII
668
3517
MCVII
MMCMXLI
953
356
MMMDCCCI
MMDCX
2900
MMMCXCVII
MDCXLIV
CLXXX
437
MMCCLXV
CDLVI
MCDLIII
2325
CDLX
MMCMLXI
MCMXXVI
1265
MCLXX
MMDCCLXX
3933
DCCXCVIII
2286
3925
MMMCCCXIII
2664
1614
2807
DCCXXIII
MDCCCXXIV
658
DCCXLIV
3995
MDCCLVIII
CMXIV
3227
1732
MMMCCCXXXVII
1200
DCCIV
772
1841
MMMDCXLVI
3772
1683
460
MCCCXLI
3875
MMMCCXL
MMMCMXV
MMMCCCLXXXVI
MCLXXXIII
1994
MCMI
MMMDCCCLXXII
210
MCMXC
MMMDCCXVII
2851
MMMCDLXXXIX
1709
MMMLXXIV
MMMCCXLVI
DCCLXV
MMMCLXVI
3786
3105
MMCMXIII
2456
3434
3782
MMDCCXXXI
1188
MDCCXV
MDCCLXXI
3759
MMCCLXIX
2096
MMMDCCLIX
2679
MDXCVI
MMMDCVII
MMXXXII
2091
MMMCCLXVII
3173
DLV
MMDCCLXIX
MMCXLVII
3349
3550
MMMCDV
2715
MDCCXXI
198
MMCCCLV
MDXLVII
MMDCCXXXIII
MCL
1874
MMDCXXII
946
MCCLVIII
2956
3428
CMXLVIII
2312
DXXXIII
MMMCCXVII
3441
XVI
819
480
3597
MCCCIV
2580
3294
MMDCCXXV
MDCLXXVI
MMMXCIII
MMDXIII
MMDLXIX
MMMDXX
1823
MMCMXXIII
3798
1430
3583
1602
MMCDLVII
MCCCLXXI
MMMCCCXXXV
MCCIII
MDLXX
2452
3522
DCLXXXIX
MXXXV
DCCCXLI
MMCDXIV
1863
3069
2404
3772
1508
MMMCCCIV
CLXVIII
3718
439
2203
MDCCCXCIII
499
MMMDXI
3721
CDLXXIII
MCMXII
MMMCDLXIX
437
2448
2130
MCCLIX
3617
552
MMCII
2442
MCCCLII
MMCCCLXXXVI
MMMCLXXXIX
MCCCLXIII
MMDXX
1451
3310
3025
2318
MCCXXXIII
MMCDXCVIII
38
2415
2932
3266
MDCLXXXIX
MMMDCCXIX
MMMCDXLVIII
MMMLII
2497
1718
1326
1607
3419
1224
XXXIV
MMMCLXXXV
MDCLXXVII
MDCLIV
MMDCXXXVII
3199
1442
1697
MDCXXIII
MMMCXVII
599
MMMCCCXCIV
MMMDCCCXXVII
DCCCXXXII
MMCCXXX
MMMCDXXI
MDCCXCII
2863
1013
678
2080
2173
3086
776
2726
2267
2138
MMDCXLIII
MMCMXXXV
XC
MDXXI
2301
2345
MMDCCII
2035
262
MCCCLXXIX
MDCCLXXX
1815
MDCCXXXVII
1583
MCDXLI
1053
MXCVIII
MMMXCIV
MMMDCLXXXII
1493
MMXV
DCCCXCVII
1414
1105
1312
MLXXXVI
MDCCCLXIV
CDII
3679
MMDCCXCVIII
537
3086
2280
2112
1522
743
2969
MMDCXLVI
CCCIII
1789
198
MMCCLXXIV
25
MMI
MMMDLVIII
MMMCDXCI
2287
2017
1740
MDLXIX
MDCCLVI
3397
1733
MDCLVIII
MDCCIV
2853
3347
3716
MCDXXVIII
MCLXXXI
MMCMLXVII
1821
DLX
3976
DCCLXIV
1193
3084
153
MCMXCV
217
MCMLXII
1500
2741
MMCLXXX
MDCCLXXXI
MMDCLIII
MMMCCIII
MMMCDLXIX
MCCCXXVII
MMMDCCCLXX
124
917
MMXXI
700
2461
619
DCCL
1299
3604
945
3889
3104
MMCCXCIII
2630
CCLXIX
MMMV
714
577
323
CDLXIV
680
2679
MMMCCCLXXXVIII
MMCMIII
MMMCCCLII
3492
MMMDCXXXII
2977
MMCMX
MMMDCCCXVII
MMMDCLXXXIII
MCDIV
3506
MCDXII
MMMDXVII
3699
1634
3993
MMMDCXCVII
1644
MMMDLII
2254
MMMXLII
3990
MDCCLVIII
3559
3391
MCLXV
MMDCCCXLIII
3263
1689
CCCLXX
MMDLXXVII
MMDXCVIII
MCDXLVI
MMCLXXV
MMCDLXIII
CMXCI
MMDXCIV
789
MML
1881
2779
1847
MMMCLXXV
DVI
1138
MMCDXXX
CCLXXXVI
DXXVIII
MMCXXV
2273
MMMDCII
MMDXLV
DC
CCXLVIII
MMCDLXII
1379
973
3141
2973
MMDCCCIV
1173
MMDCCCLXVIII
MMMDCCXXX
2199
MCCC
530
31
3954
MMCDXIX
MMCCCV
MMDCCCXI
1320
MMCCCLXXIII
MDCCXCIV
MCMLXXXVI
CCXXXVI
3177
3486
3776
2624
735
MMMCCXXII
628
2421
MMDCXXXIII
788
238
3289
992
767
MMMCMLIII
MMMCCLXII
1036
MCCCXLVI
1936
3892
C
2882
MMMCCCLXXVI
974
CMLIV
MMMDCLXXVI
MDLXXXIII
DCLXII
2758
MDCCXL
1328
MMCCXVII
MMDCCXIII
1079
MDCCLXXIII
288
MMMCDXXIV
1013
MMMCCCXCVII
MMDCCLXXV
MCDXVIII
1939
2717
MMXL
3071
1084
1885
MDXXVIII
MDCXCIII
MMMDCXXII
1205
MCCXC
MCCCXLII
MMDCCCXVII
MCLIII
MDCCCXCVIII
2227
341
MMMCCCLXXXVI
CCL
MMMCLXXIV
MMCDXVI
562
MCCLIII
1539
2943
CMXXXVII
794
LXXV
1977
MDCCLXXIX
CCCXLIII
1825
108
858
1819
MMMCCLIX
MMCDI
3953
DCCCLXXXII
1830
MCXLVI
MMMLXI
MMDCCLXIX
3200
1586
MDXLIX
CCCXXI
MMCXLV
MMCCLXIII
MMMDCXCVI
2577
747
MMMCLXIII
2991
1868
DCCXXVII
1194
1382
1323
3882
288
MDCCLXXXIV
DCCCLXXVII
3700
MCXXXI
3210
1644
506
MMMCMXXXIV
MDC
1446
587
375
926
MDCCCLXXVIII
2102
1534
MMCCCXVI
MMMCMLXVII
3902
MMCMXXXVI
MMCMLII
DC
MCMXXXIII
XI
1740
2190
3870
1561
MCMLXXXI
439
2802
3424
3077
3996
3209
919
3932
674
MMMVIII
3279
D
MXXII
162
MMCCXLVI
MMDCXLIX
3800
3150
DCCXXXI
MDCCI
2540
MMCDXCV
2568
DCCCXXXV
1316
MDCLIV
2633
3664
DCCLXXXVIII
3465
1129
1730
CMXLIII
MMMCDLIV
CCXXII
1104
MMMDCLXXII
MCMXIII
902
XX
MMMLXXXIX
3752
220
3710
1859
MMCMLXXXVII
MCCLXIV
MCMII
MMMDCCCV
MMCMXXVI
2884
MDCXVIII
2578
MDCLXV
1128
1691
MMMCMLXXXVI
3180
MMMCMXIV
DLXXXIX
2229
MMCII
MMCCCXI
MMMCCXIII
XLIII
3393
CCLII
CDXLVIII
MCCXLVI
1427
3397
MMDCXLVII
833
2559
563
2460
2739
MMCDLXIII
2872
MDXVII
MMMCCCXXIV
MMCCXI
2718
MMMCCLXXXIX
CCCLXII
MXC
223
MMCCLX
1933
MMMCCLV
CLIX
1263
MMDLVIII
2435
MDCCCLV
3082
MMCCXCI
2271
CDXXXVIII
MDCCCLXV
2148
MDCXLII
MMMCMLXXI
3775
MMMCMXLVIII
MCCCI
102
3412
MMDC
691
MMMDCCCLXVIII
MMCLXXIV
2794
CXCV
MDL
1033
3534
943
2765
MMMXXXI
DCCCXCI
MCMVII
557
3530
DCCCXXX
1468
1958
1533
2667
MLIII
MCCCLXXIV
2624
CLXXXVII
1957
MCXXXIV
MMMD
MMMCCCXCVI
2804
MCCXCIX
2059
1326
3450
CCLXXIX
MMDXVI
2194
2992
DCXCV
MDCCLXXX
MMMCCII
696
MMDCCCLXXX
MMCDLXIV
1726
3738
DCCCI
MLXXIV
239
MMDCCCXXIX
CMLIII
113
2074
DCCCXCII
988
495
MCMXXI
1786
157
MMCCX
1904
DCCLXV
780
MMMDXX
MMDXCI
MMCMLVIII
XXVII
3963
MMMDXLIII
3206
2055
MMMXXII
3694
3568
1658
CMXXII
268
MMMDCCXCI
1935
MMMCII
CCLXXXIV
1369
1030
MCCCXXIX
MMDCCXC
3971
CDXC
MMDCLXXX
2874
975
DCCLXVIII
601
800
3052
3298
MMCDXCI
MMMIV
3434
828
3177
MMDCCCLIX
1260
MMDCCCXXII
DXXVIII
314
2652
2077
MMMCMLXXXVII
305
MMMDCCLXXVI
MMMCCXLIX
1442
CCCXLIV
MDCCCIII
MMDLII
1788
MMCDXXIX
1349
MMXLIV
MMCCCLXXIV
2616
MMMCMLXXIII
2509
2915
MCDLIX
MMMCLXXXII
2695
3097
MMDCCLXXXI
CXXVI
330
3836
CCCV
3632
1522
MCLXXVIII
MMMCDLXXXIX
MMMCCCXXVII
1563
742
DCLVII
2211
MCDXXVI
3554
DLVII
CCCLXXV
CDLXVI
2354
3207
MCDXXVI
CMXIV
CMLIII
MMDCCLXXXIV
2235
3103
2777
2493
MCCXXVII
3883
2689
1875
MMMXXXIII
1320
1570
DCCCXXVII
MMMDCCXC
1996
3717
DCCXX
MMMCCCXXI
MMDCLXVI
MMCCCXIII
DXXIX
MDCCXLVII
DCCLII
3548
3203
MCCXCIX
MLXXXII
2168
327
MDCV
MCCXLII
MMCMLVIII
716
3269
1375
MMXLII
MMMCCX
MMMDCXIX
2049
1463
1122
CXCVIII
MDXCIII
2123
1688
2224
2138
MDCCXLIV
2985
1993
DLXXXVII
3815
MMMLXXIX
1128
MMCXVII
DCLXXXII
MCCCLXX
1105
MMMDCCLXXXI
3867
3544
2049
2834
CDXC
CMXXXII
3643
3591
MMMCMXII
MCXXII
3013
MMMCDXLI
917
MMMDCCCXCIII
MDCXVIII
MMDLXXXVII
3808
MMDCCCXXXIV
MMMLXX
MMCCXLIX
2017
MMMCLVIII
MMMXV
2712
2635
3703
DLXXXII
MDCCLXIX
MMDCCLXXXIII
MMMXLVII
DCII
MDXXXVIII
MMMDCCXCV
2953
MMDCCLXIX
LXIX
MMDLXIV
3084
251
1567
DCCLXXXVI
MLXXXV
MMDCCXXX
1959
MMCDXXIII
MMCDLXXXIII
CCCXXII
DCLXXIII
395
943
MMCII
685
4
CXCIX
MMMCLIV
3745
MMDCCXXII
1908
740
MDCCCXL
MMMCDX
MMMCCCXXIII
3886
3723
2399
3567
MMMCDXXVI
MMDCCCLV
1993
CDLXXVIII
MMCCCLXXXVII
278
3244
1174
2984
3154
MMLX
3748
2467
158
MMMCCXC
1686
1315
1472
1204
MMMCVI
MCCLXXVIII
MCCXIX
MMCMXCIII
3115
3839
MCCXI
1519
788
207
MMDCCCXXV
DCCCXXVIII
MMDCXVI
3193
2458
MMCCCXI
MMMDLX
2243
MMCCCLXXVIII
1447
2776
MMCLXXXII
CMLXV
1229
MCCCXIV
MMDVII
2778
MCDXV
480
2889
328
1645
DCCVI
MMMDLXI
MMMDCXLII
MCDLXXXIX
CDLXXI
DCCCLXXVII
2424
2754
2771
3005
DCLXXIX
3195
MMMCMLIII
119
1062
MMCCLXXXVII
2881
2080
2255
2410
MMCXLIX
MMMDCXCV
3176
633
MDLXXXV
MMCIX
113
782
DXCII
3129
1944
2658
725
1040
DLXXXIV
3584
3314
MLXXXVII
1351
MCMLXXXV
1253
MMMCDLII
MCCCXIV
MMCCCLIV
1714
3258
MMMCMXCIII
DCCCLI
3356
MDCXII
631
MMCCLXIV
XLII
3164
MCII
MCCCLXXV
2973
2601
2106
1153
3654
MCCXVII
MCMLIII
1357
MMMDCIII
MMCCCV
MMMCLXXIV
3268
3507
988
MMDCCCLXII
3633
MMMDCCIX
890
CCCLXXXVIII
DCCXII
2656
MMMDXXVII
MDCXCII
1048
MMMCDII
DCCXXIX
DCCCXIX
3008
1064
MMXI
MDCLXXXIII
CLXIII
MLXXII
568
DCCCXLVIII
MMMCDXLIII
625
3069
763
216
MMCLXXXVI
MMMDII
3557
2165
DCCCXI
1829
3422
MMMCCCXXI
3198
MMMCMXIV
3941
3819
MXVI
MMDXC
MCXXXVIII
MMMDLXXXIX
831
MMMLXIII
CMXC
2904
544
CXXXVI
13
1713
DCCCLXXV
MDCCCLXXX
276
935
MMMXI
MCCXCVII
CCCLXXVI
221
MMMCCLVII
233
2540
358
CCLXXIII
MLXIV
MCMXXXIII
MMDXCV
MMMDLIII
CXXXIII
MMXVII
3393
2327
3174
DCLXVII
1250
2444
MDCCXXXI
1120
CDLXXV
DCLVI
MMLI
818
648
MMMDLXXXV
MMDCVII
MCDLXXXII
877
DCL
3685
MCXCIII
MMMCMXXI
DCCXLII
DCII
CMXXXIX
2088
759
MMCCCXC
1895
3756
1081
MCCCXXI
6
MMMCCLXIV
MMDCXV
CCCLVI
MMDCLXVIII
2264
MCCLXXIV
2561
450
MMDLXXI
378
1842
1242
3933
MMMCCCLI
1893
672
MMCMXXXIII
1994
1540
526
3234
1105
MCCCLXXIII
MCXI
MMMDCCLXIII
MMCCXV
2597
MCCCLXVIII
MDCCCLX
3699
MCCXXXVII
MCCCLXXXII
MMCCLXVIII
219
1321
MDLXXXVI
2630
3471
DCCI
936
XC
MLIV
MCCLVI
835
MCXXV
901
672
344
275
2602
MDCVII
2686
682
MMCCCLXXX
832
MCMXLVIII
1651
XXIV
MMMDCXCVII
MDCCCLVIII
2150
MMMDCCLXXXII
976
670
1467
1544
1971
MMXLII
MMCDLXXV
MMCCCXXVII
3457
1165
1566
14
1994
1255
MMDLIII
MMDLXXX
CDLVIII
3037
MMMDCCXLIII
CMXII
1942
3885
MMMCCCLXXXVIII
2085
3993
1316
MCMLXXIV
1494
DCCXXXV
1295
MMCDLXXIV
1865
MMCXLVIII
3238
MMMDVII
2503
119
2990
MMXXXIII
3020
852
131
1480
DCCCXIV
DCVI
MCCCLIII
703
3581
DCCLIV
MMMCXXXV
MMMDCCCLXXVIII
807
2874
DLXVII
DCCCXC
1953
838
MMMDCLXXXI
3045
MMCDXLV
3519
2975
MCCXCII
MCCCXCIV
35
MCMLXX
MCCXIV
1844
2880
3449
MMMDCCCLXXXI
1963
MMCLIII
3731
868
MMCDLII
1111
MCLII
MMMCDXV
3521
1364
MCCCIV
MMMLVII
1606
1283
2072
MMLXVIII
MMMDCCXLI
2967
1009
MCDXVI
1452
3547
XXIX
MMCCXXXV
2797
267
MMCM
MCDLXIV
MCMXV
803
MCCLXXI
CCXXIX
MMCLXXXIX
MXXXIV
807
476
MCCLIX
3873
873
2524
MXLVII
MCML
124
MMDXXXV
DCCXXIV
2245
3142
3190
MMDCLVII
MMCMLXI
2832
DCCXLIV
CVI
DCCCXLIX
MMCLXXIX
MMMCCCXIV
1058
MCCLIV
MDCCCLXXIX
1205
MCLVIII
MMMCLXXXVI
MMMCDXX
3595
MMMCCXXI
1725
3573
MMMCXLV
MMMCCCXCIII
MMMDCXCI
MMMCXXVI
CCCXCII
2854
MCCXIII
MMMCDXLII
CXLVII
1976
MDCCCXXXVIII
1672
MCCCXLIX
3312
MMMDLXXIII
1387
2285
CCLXXXII
70
2419
1094
1050
1858
MCCXXXVII
3548
MMDCLX
MMMCMLXXXVI
MMCCXXII
MMMDCCLXIII
958
2846
MMCLX
MMMDCCCL
MMCCCXXIX
1295
1658
2082
MMCMXV
MMCDLXXIII
MMMCMXIII
24
1685
479
MCCCXXIX
MDCXVIII
MMDCII
3700
MMDCCCXC
2485
823
1578
2449
MCDLXXXI
MDCCCXCIV
DCCCXXIV
MMMCXCIX
3856
MCM
2634
245
3066
3244
454
DXXXIV
MMMDCCCLXXXIII
3962
MMDXVIII
1899
3422
2111
3625
2988
3167
MMMVIII
DCCXVII
3048
1449
MMXLIX
134
3622
2908
849
1316
373
3252
MMMCCCLXXXIII
MMCMLXXII
3256
MMMCDXV
DLXIII
CDXIX
882
1155
MDCCCXL
CDLXXV
2675
MCDLXXVI
1105
2971
2577
MMMCDLXVI
MMMCXXV
2769
MMCCXLIV
DCCLXV
MMDI
L
MMMCDXCIII
MMCDLXXVII
1937
MDCCLXXV
1225
MMMDCCXXXI
MMMCDXI
MCCVIII
288
CLXXIX
MMMCCLXXXII
MCMXLV
MMMCXCIV
MMCCLXXVIII
CCXLII
MCMLXXVI
1686
3597
MDCCLVII
MMXIX
MMMDCCLXXVII
60
1382
1642
MMDCCCXVIII
MMMDCXXVI
1719
2400
MMDXXIII
1033
3617
2782
830
MCMLXXXIII
CXCIII
MMCDLIV
CDXXXIX
CCCI
MMDCXCVI
3074
3164
465
1488
MDCCLXII
MMMDCC
2777
MMDCXCI
2525
1097
MMMCMIV
1257
1854
2202
MMXLIX
MMCCXIII
DCXCVIII
665
498
3819
MCDXIII
CXLI
DLXXIX
MXI
1460
MMMCDXCIX
MMMDCCCLXXIV
MDCLXVIII
3987
MMCMXXXIV
MMDCCIII
MMMCDXV
CLXXXVIII
443
MDCLIX
MMMCCXXX
MDXLII
103
MMCLXXXIII
1912
1788
CXIV
MMDCCCXXXIV
3440
MMDCCCXII
MMCCCXIII
3073
1779
2157
MMMCDLXXI
MMMCMXC
2450
1150
2101
MMCDLII
MMCMXXXVIII
2814
954
XCVI
MMDCXXVII
MMDCCCXCI
907
MCLXII
MMMDLXV
182
3506
454
MMMCCCLII
CCCLXXIX
28
599
72
MMMLXXXV
2278
2485
59
527
MMMDXLVII
MMMCIV
MDCCCXXXII
3158
MMMLXVI
2066
310
2564
872
MCCXCIX
730
2555
2099
2520
MLXXIII
193
596
MMMDCCCLXV
2814
488
CCXXII
3296
MMMDCCVIII
2296
1548
DCCCXXI
2949
3797
MMCCCLXXX
MDCV
447
DCCXIII
MDCCCXXI
MMCMXLVII
3994
MMDCCXXXVI
MMMXXXV
MMLIV
701
MMCCCLVII
CCXLIII
3696
DCCLIX
2326
1521
268
3370
3543
2598
MMMDCIII
2146
3992
MMMCDVIII
MMDCCLXVII
XV
MCMXX
MMMCLII
MMDCCLXXVIII
DCLXXVI
MMCXIX
1450
MCCLXXVI
MMMDCXLII
3569
MMIII
2397
2559
MMCLXVII
MMMDXXVII
DCCCXXI
MMMCMLXXXII
1637
MXCI
MMCLXVI
MMXXVII
3068
MMMDXXXVII
MCDIX
MMCDLXIII
2951
747
MMDXXX
912
1900
307
MXLV
MMMCDLXIV
MCDLXXXI
1399
MCCCLXXIII
2673
MMMCCCLVII
MMCCCLXI
MDCCCXXXIII
MDCLXXI
DCCCXVIII
MCCLXV
MMMDCLVI
MMMCLV
MMMCDLXIX
2536
356
683
3200
MMCMXII
2641
1963
3072
1586
3753
1405
CCCXXVI
3983
MMCDLXXIV
DCLVII
CMLXIV
DCCVIII
1840
MMMDLXX
CX
1499
MCCLXXIII
1983
CLXXIX
3007
MDCCLXXXIII
MCMXII
3973
2338
3536
966
MMMCDLIII
3377
MMMXCI
709
CCLXIII
MMMCCCXXX
2751
MCMIII
MDCCLXXXVI
2541
1757
MX
MMCLIX
MDCCCXVII
3425
1385
MMDCCXX
804
CCCLXII
1220
MCXCV
3147
MMMDXCI
DLII
MMDCCCLXXV
880
CMXXI
MMDXXIX
CLIV
MMMDXIX
371
229
MMMDCCCLXXII
1149
2589
DCCLXX
2707
1709
2893
MMCCCLXVIII
MCDXLIX
3229
1374
2643
2137
1894
DCIX
727
1465
MMCMLIV
558
DCLXX
CDLXXII
3214
MCCCXX
3816
3763
3585
CCVII
1792
3842
DXXXVIII
3724
MMCCCIII
2543
1635
2442
MMDCCCXLIII
2003
MMDLXXXIX
836
MMCDXLIV
DCCXXV
MMCDXXVIII
MMMDLXXII
CCCXI
2145
2028
MDCCXIII
2902
43
1985
3950
MMMCLXIX
MMCCCXXVIII
1291
2222
3229
CXXI
DLIX
458
MMCDLXXIX
2966
1865
MMMCL
2804
101
888
MCCXLIII
752
MMMXXIII
CCCVI
MMCCLIX
DCCXXI
3422
564
31
2672
3818
CCXIX
MCCIII
484
147
3272
MMMXVIII
31
3593
1022
MMMCMVI
2297
2740
1048
1941
366
2114
MMXXIV
755
819
MMMCCLXXVII
MMMCXCII
DCCCXLVII
1598
1414
CCLXIV
DLXXXI
326
MMCXLVII
MXIX
DXCIV
394
3126
MMMXCVII
1063
765
2031
MMMCMLXI
MMXCV
874
1310
2347
MDLXXXIV
1938
DXCV
MMMCXXXV
MMMCCXCVII
2385
MMMCLX
1282
MCCLXXV
MDCCCLVI
MDCXCIII
MMMCMXLVI
2083
CCLXXVII
2949
MCDXCIII
1080
3481
DCXLV
1539
MCDXXIV
3989
XXX
MMMDCCCLIII
3821
M
2675
3013
1597
2814
MMMCMLIV
MMMCXLI
3909
XXV
MCMXVI
MMCCLXVI
MMDCCLXI
MMMXXII
MMXCVI
3044
710
MMMCDXXXIV
MCCXLV
886
MMMCXXVI
918
MCMLXIII
894
MLX
2630
85
2651
2579
1314
59
CXCVII
MCMLXVII
MMMCMXCIX
2881
2731
MMCDLXXV
MMLXIX
MMMDCCCLXIV
3850
MMMDCCCLXXXI
MCMXVI
1973
2750
MMMCIV
MCCCIII
3517
213
2002
MCDI
589
837
MMXXI
2213
DVI
364
DCCCXLI
1855
MMMCXIX
1958
1817
MCDLXXX
MMMCCCXXXV
MMMCDLXXXV
MCXXVI
1941
1310
1518
2352
MMMCXVIII
3215
1951
1265
MMMCDLXXXVII
182
505
MMMDCCCXXXVI
1701
78
3885
3395
2440
3060
MCCLX
2538
MMCDLXVI
CCCXXXV
2287
MMCLXXX
2376
368
MMMDCXXV
MMDCCLIX
344
MDCLXXIX
3761
MCCCVII
306
1103
536
1609
1095
230
MMDXCVII
CDXV
3739
1288
3996
MMCCCXII
DCX
461
MMMDCCLXXXIX
MDCXLV
2822
MMDCXVII
MMMDCCLXXVIII
2449
MCMLXVIII
1389
MMMDXIII
MCXXXVIII
MMMDCCCLXXI
3277
220
814
MDCCLXVI
MMMCCXXVIII
3952
595
3525
2046
2309
1248
1548
MMMIX
3524
219
3815
1560
MMDCXXVI
235
3296
3104
MDCLXXIV
3677
2339
MDCLXXV
MMMCLXXVI
MMCCCLV
CXXIX
MMXXXIV
CCXLVI
3273
DCLXXXV
3222
CDVII
3279
MMCCLXII
MMMCDXXIV
793
1131
333
1493
422
3398
2803
MMDCCXLI
MMMDCCV
MDCXXVII
MXV
DCCXV
MLXXVI
593
1522
MMMDCCLXX
MCCCLVIII
2462
DCXX
244
CMLXXIX
MMCCLXXIX
MDCCIII
2741
3528
67
3337
2758
2324
1030
DXXXI
MMCCLXIV
ML
3646
1246
DCCCXXIX
MCMXXXI
3234
MMMCMLXVIII
3363
1155
1608
DCXLIX
XL
MCXI
MMMCLII
MDXCIV
405
1844
MDCCCXCVI
2445
3734
MDCCVII
2606
MMCCLXXVIII
1747
MMCCLXI
52
MMMCMLXV
1777
MDCXL
MCCXXV
MMDCCLXVIII
DCCCXVI
MCDLII
666
MMMCDLXXVI
497
3299
MLXV
1933
2701
3732
MMMDCCCXVII
MMXLVII
MDCCCXVI
MCDLXXVII
MMDCCLXXVIII
MCXIX
MCMXVIII
MMMCDXCVI
1638
3271
MMMLXXIX
MDCCLXXI
481
DCCLXXII
112
DLXXX
2071
169
MCXCIII
1906
2968
492
CCVIII
1653
3126
3308
VII
3569
MDCCXXXIII
MMDCCCXCV
3399
3488
3625
CXV
MMDCCCLXIII
MMMCIV
1519
2936
1861
2043
CCCXXXV
DCCCXCI
3106
1233
3542
MLVII
1706
2673
844
MCDLXXVI
MMMDCCXCIV
CMXXIII
1033
MMCDLVII
1452
205
MMMCCC
MDLXVIII
DCCLXXV
CDVII
DCCVIII
CMLV
MMMCCCXLV
MMDCCLXIX
3542
DCLVI
2183
2315
2437
618
723
1746
1394
78
1978
2103
MMMCLXXXVI
749
3571
786
1133
3360
380
MMMCCL
3657
MCXV
1035
1038
1517
MXXX
327
MMMCMVIII
MDCCXCVII
55
38
131
3758
3564
DCXCI
MMMDCCCLXIII
MMDCCII
DCIX
MMXXXV
MMCCLXIII
DCII
MMXLVII
MLXVI
3560
3935
3263
MMMDCCCXCV
MCCCXXII
MMMDCLXXXII
3106
MCCXLVIII
MMMVIII
MMMCMIX
1453
XLIX
MDCCCLXXXVI
MMMXII
3230
2827
MMCCCII
693
MMCXXXI
181
CCLVIII
DCLX
MDCCCIV
2344
641
2330
1551
761
MDCXLV
DCLVII
MMMCLXIII
2057
CMLXIV
MMMDCCCLXXI
MMMDCCCIX
250
MMLXXIII
CCXLIII
3800
MMDCCCLVII
174
2170
3551
1295
3820
491
993
22
1952
MCDLIII
3262
1324
MMCDXLII
MCDXXXVI
MLVII
2691
2771
DCCCXCV
1419
MCMLXXV
DCCLXXXI
MDLXXVI
1843
MMCCII
2325
2405
MMDCCXCVII
1337
MMCXXXV
MMDCCLXVII
MMDCCCLXXIII
MMCCCLXXII
MMMCXVIII
3357
1355
MI
984
DCXIV
MMMDCCCIII
CCLXXXVII
1220
CCLXXII
2592
3653
CMXLVII
753
CMXXXVIII
2198
2770
DXCII
3441
MMDCLII
MMCCCVII
330
1733
3661
MMMCLXX
1619
MMDCCXLII
MMMCCLXI
MMMCDLXVIII
390
935
MDXLVIII
CDLXIX
MMMDCCCLXXXI
249
MMXXIII
1853
MCXXVII
MXXXI
MMMCMLXX
340
2884
MMMV
3483
CMXCIII
3804
3040
DLXXXIII
CMLXVIII
2079
MMCMXXXVIII
1075
2141
1379
CXCIX
2105
2029
3032
210
2425
684
MMMDCCCVI
CCLXVII
598
MCMXIV
3035
MMMDCCCXII
MMCDXX
22
MMMCXLII
691
637
2644
312
MCCCLXIII
MMMCLXXXIV
MMDCCCXCII
3745
CMXLIX
CXCI
DCCLXXX
MMMDCCXLVI
3130
1744
2837
DLXXII
DCCLXVIII
1524
MCDXCIV
2046
DCCCIV
MCDLIX
MMMDCCCXXIX
MMMCCCXXXVIII
3625
MMMDCCVI
1842
1127
2429
3349
MMCCLXIII
1514
MMMCCLXXVI
2562
2426
3563
1485
MMMDCXX
849
DCXLVII
2800
3533
897
MMCLXXIV
DCLXXVI
MDLXIV
MMMDCCCLXXIII
3617
2119
454
1664
2237
DCCCXXXI
1592
1072
3159
3484
2441
3765
2151
MMLXXVI
MMMCLIII
1093
780
2134
2147
MMCCCXIII
665
3521
1729
78
MMMDCCCXIII
MMDXXX
MCMXCIX
3667
1572
MDCLXXXVI
3465
MMCLXXX
MMDXXV
MMDCCLII
MMMDXXVIII
3308
MMDXCI
1797
MMCCLXXXII
MMCCCXII
278
MMMDLX
DCXXXIX
MMMCXLIII
3571
3575
3401
MMMDCLVIII
MMMCIV
736
194
3664
639
2465
MDCCXXVI
1912
795
240
3382
1501
MCCLXV
2380
1348
972
CCXCVII
MMMLV
MMCDLXIV
MMMLXXXVI
1179
2109
3662
381
2478
3542
61
1430
MMMCDXXIII
3449
MMDCCCXLIV
429
MMMDCCXXXII
MCCCXXVII
MMMLXXXVII
MMCMLXXXIX
MMMCDI
MCV
MCCXVI
727
DLXXIX
2911
1180
MMCCXCVI
1110
3788
MMMVI
2625
162
2192
1491
2617
CMLXXI
1730
2551
3723
MMCLXXX
1853
MMMCMLXXXIII
MDLIX
MMCCXLVIII
1853
MDXLIV
MMMCXXXVI
MMMCDXXIX
MMMCDXXVIII
DCLXXVII
985
MMMCCX
1730
373
358
2421
DCCXXV
1027
MDCXLVII
MMDCCCLIV
MMCDLXXII
3862
2402
1761
3207
3729
3774
MMCCLXXX
MCLXV
CCCXLIX
3240
MMMDCXXIV
MCMXCV
3054
2842
DCXLVII
1881
3845
3016
DCCCXVIII
MMCCCXXXII
MMDCCLXXII
2491
1950
1280
MCCXLIV
CMXC
202
1214
1896
MMCI
CLXII
DLXXXVII
MCDXCI
3443
1077
395
MMCDI
850
MMCDV
MMCCLXIX
3094
3862
MDCCIV
MMCMLXVI
3128
1073
2614
MMMCCLXI
2841
CCXXIX
687
DCCCXXIX
2931
3276
154
180
443
3297
MCCCV
369
2489
1279
346
2856
3198
1403
MMCDLXXIV
MMDCXLVI
MMCMXCVII
3682
221
1547
3166
MMCCCLXVIII
17
MCDXC
MMXXXVIII
3637
3091
CMLVIII
MCDXCVIII
2890
1438
DCCCXLVII
889
DCCCXCVI
MMMCXLIX
MMMDXCVI
2532
2701
3126
MCCLIX
MCLXXI
MDCC
MMDCCVIII
MMLXXIX
MCXLIV
LXXX
1193
2056
1874
1102
2432
MMMCMLIX
2086
MLII
3648
CCCXLII
MCCCXXV
MMMDCXI
MMMDCCCIII
1526
2552
1396
CXLV
MMCCIV
CDXIX
DCXX
3259
MMDCCCI
3824
2251
806
1090
2419
MMMDXX
MDCCCLV
MCXLIX
MDCLI
MCCLXIV
1492
2649
DCCCLXXXVII
2467
3502
384
DCCCXXXV
MDCLIV
262
MMMDCVIII
3684
MMMDCCCLXXVII
MMCCXXXV
2609
MMDCCCXCIV
2491
MCMXLV
3944
MMMDX
MCCCXXVI
DCXXVI
1849
2504
630
MMMCMXVIII
2145
MMMDLX
1499
MMMCDXLIV
3742
231
MMCC
497
1122
MDCXXIV
MMXCVI
MMCMXXXVI
504
MMMCCLXXX
160
MDXXXVII
CCXXIX
1082
MMDCCCXCIII
343
99
MMMCCCXCVI
MMMDCCXXXIV
3482
MMMCMXCIII
MMMDCIV
MMCCCXLIX
1086
DXXXVI
MMDXCV
MMMCDXL
MMMDCCXXXII
MMCCCLIII
3158
MCMVI
MMCCCXLVI
MCMLXIX
2120
CLXXXVII
MMCCXLV
DCCLIX
3730
MMCMXLVII
MMMCCLXXXVIII
MMDCLXVII
3237
CDXVIII
MCCCXCIV
2127
MMDCLXXXVI
434
1705
1792
MCMXIV
1747
CI
MMCCXVI
MMDCCLXXXVI
1006
1319
1415
2632
MMMDCXLVIII
2768
687
3051
CMXII
1458
MXLVII
3280
1079
MCD
1740
MMMDCLII
3023
MMMCCXXIII
3694
CCCXXXV
MMCCXIII
2316
243
426
MCCLVI
MMMDCL
1925
422
1385
709
3684
CMI
1799
MCCXXXVII
2343
2321
1215
MMMDCXXXVI
MMCDXXIII
3947
CDLXXIV
1987
1308
MMCMXXXII
MMMDCCXXV
MCDLXXVI
MMCMXXXIII
3009
3138
3752
1417
MCDLXXX
MMMCXIX
MMMCCLXXIX
MMMCCXXXVII
2369
2338
MDCLXVIII
3802
MMMCDXXVIII
759
MMMCCLXI
MMMXLII
CCLXXVI
2014
269
896
MMDCCVI
2486
3495
MMCXXIII
MDCCLXXXV
MMCLXXXVII
DCCCXXX
DCVI
DCLXXXIV
MIV
2198
835
503
MCCLXXXIII
3214
MCXXXV
CLXXXVIII
1893
2778
MDCCXCVI
MMMDXXVIII
3274
M
MCCCXXXI
1195
3847
2210
3230
3409
MMDCCCLXXXIX
MMMCCCLXXVIII
3684
702
1213
MMMCDLXXXIX
CCCXXXII
502
MDCCCXCVI
458
1139
3839
MCDIV
MMMCMXXXVII
2265
MDXCVII
MCCLXIX
MLXXXII
776
DCCCXL
MLVIII
252
2992
MMCMIX
MMCCCXXXVI
1999
MMMCCVII
1326
2163
2636
3924
95
944
2956
MMDCCXCII
MMCCXVI
MMDI
MMDCCX
MMDXLIII
3707
1733
790
DLXXIX
MCCXXXV
MCDLX
MMMCXLVIII
1605
MMMCCXXXI
MDCCXLIX
3237
3727
3578
CCLXXXVII
1982
1199
2212
1539
MLXXXIII
MMCCXCI
MMMDCXLIV
MDXXVII
3659
1086
MMMDCLXXXIV
MMCCXXVI
187
2220
DCCCXLV
2281
MMCCCXLII
MMCCXLV
2259
1762
MCDLXXXVII
DCCI
3135
MMCLXVI
MDCCXXIII
MMDCCLXXIX
MMMCMXCIX
3076
CCXCIV
1908
2087
DCVII
915
3618
701
248
MMMDCIV
MMCCCLXIII
DXXXI
CDLV
MDLXIII
MDLXIV
DLIII
MMX
MDCLXXIX
3410
893
MMMCDXXII
1040
381
MMDCCCXXX
DCCCXCIII
MMCMIV
2749
MMMCCCXXXIX
XCI
1277
MMMCDLXXXIX
MMCLIX
MMDCXXXII
DCCCLXXXIII
3899
MCXXXVIII
MMMCCCVIII
1563
MMDCXXXII
MCCCIX
DLIX
3005
MMXCV
2278
MCCXXXIV
407
3229
3833
193
MDCCCXXVI
MDCXIII
1157
4
1075
MMLXXI
MCVI
1014
MDCCXLV
2213
MMXXXII
CCCLXXIX
MMDXXIX
MMCCCLIX
1522
MMLXXVII
MDCCCLXXII
MMDXXV
3916
917
3329
428
566
1377
MMMCCCLXXXVII
1556
MMCMLIII
2427
MMCDXII
MDCCCLXI
149
393
636
990
2956
2601
1418
2145
374
MMMDCCC
687
MMCCCXXII
CMXXXI
MCMLXXI
MMMCCCLXI
1641
1024
MMMDCXXV
2008
MCMLXXIX
MCCCLXXVII
MMMDCCCXXIV
DCXI
2521
1487
CCV
1103
273
MDCCCXCIX
2166
MDCCCVII
CCLXXIX
MMCMIX
DCCCV
MMMCLXXXI
MDCLVII
MMDCCCLXXVII
MXLVIII
369
3890
3597
CLXXIX
MCCCXCVI
DCCXXIX
1938
645
MMMCLIV
2649
2349
DCCCLXV
MMDCC
1889
MMCCLX
CCVII
MMDCXXXVI
2341
2957
1270
MCDLXIII
1657
1426
DCCII
MMCCXCIII
MMMCDLVIII
760
2127
MDCCLXXVIII
MMDCCV
298
MDCXXVIII
DCCLXVII
MDCCCXCVIII
2980
MDCCIII
1217
MMDCCXII
MCCXIX
1313
2030
MMMIV
MMLXXIV
3161
3911
3751
1185
3175
169
2115
2860
2004
497
MMMCCCLXXX
698
3061
274
195
1259
CCLV
CCLIX
MMCCCXXXIX
1579
MCCLVI
MDCCCXXV
MMMDCXXXIII
DCCXXXII
MDCCXIX
MMDLXXXVI
2570
1598
MMCCCXXI
MCMLXIII
2512
3772
2666
1474
3102
MMMD
MMMCMLXXII
MDCXXV
3055
1955
MMDLII
3197
CXCIII
3894
MMMXI
CCLXXVII
2421
2024
1539
1777
1554
MMMDLXXII
1873
MMDCXII
721
1663
3894
247
MMCXXVIII
1091
CLII
MMCMXXIV
LXXII
1384
3490
2818
2359
MMMCMXCVIII
2926
MMCCCXCVII
MMCDLI
2504
DXIII
MMMDCCCXCIII
MMMCCCXLIV
2650
MMCCCXLI
MDXVI
DCXCIII
1814
MMMDCCCLV
MMMCCLXXVIII
MCXXIV
959
2333
1784
MMMCXXXIX
MMDCCLXIV
3024
MMMCCXXI
MMDCCCXXXVI
3939
MMMCCXLVI
DVI
MMMCCCLV
2865
27
MMCCLVII
MMXIV
482
3118
MMMXLVII
MMMCMI
MMMDCCCLXX
935
2062
MMMDLXIV
MMMCCCLXVI
MCXC
MMMDXLIX
MDCCCLIII
3390
MDCCXXXIII
MDCCLIX
78
MCXXIII
MCMLI
CLIV
2861
1516
2010
MMDCCLXXIX
167
MDCXIV
319
MMCCCXXVI
MMDCCLXXX
MMDCCXCIV
MDCLV
DCCXXIX
MMMDCXIII
MMLII
676
MMCLXXXIX
MMCDXVIII
MLVII
MMMXVII
3615
2663
172
MMCMXCIV
2038
1714
MLXX
CX
MLXXII
CCCXXVII
2410
2691
MCI
CCCLXII
CMVI
MMDLXIII
MMMDXXX
588
1009
484
1828
MMDCCLXIII
MCDXCVII
MMDCXXXIV
MMMCXXVI
MMDCXIII
2294
MMMCMLXI
CCCLXIV
982
MMMDCCLXVIII
MMDCLV
1326
2758
MMDCCCLXVIII
MMMCLIV
2393
MMCMLXXXIX
MMDCLXI
CMXVIII
2242
MMCCLXXXIV
MMMDXLVIII
MMMCMXXXVIII
MCCCXL
MDCCLXXV
2249
MMCDXCV
2016
3085
1993
MCCXVII
2946
124
MMMDXXVIII
756
1760
2759
3950
3349
3765
2986
194
23
MDCCXLIX
MCCLVI
MMCDLXXIII
MMMCCCXXII
CMLXXIX
426
MMMCCCXVI
MDXVIII
MMMCCCLXXXVII
879
658
2969
MMCCCL
DCCLXII
MMMDCCCLXXIII
592
MMMCXCVIII
MDCXCI
MMIII
1404
MDCCCXXIV
MMMCXXIX
3025
2971
MMCXXIV
1872
MMMDCCCLXXXII
1395
3133
MMMCMXCVIII
2994
MMMDCCXXXVII
MMMDLXXXI
CDLXXVII
MMMCDLXXXII
1542
193
CMXCIV
1879
3993
956
2075
CCXXIX
CCI
MMMDCCCLIX
MMDCXXVI
MMMCCXVII
MCLX
MMVII
3275
3150
871
938
MMMDXXV
MMMDCCLXXIII
MMMDXCIX
1940
MMDCCLXXVIII
2300
MMMCML
CCCLXXII
MCCCXXIV
DLXXII
111
3652
MMMCCXXXIX
MMMCCLXXIII
1813
MMXCII
MMCDIX
CMXCV
3043
405
1816
MCDLXIII
3103
CMXXVII
3753
2648
1336
MMCCXXXV
MDCCCIV
MMMDXXXVI
MMMCDXLVII
2808
1640
MDCCCLXXX
MMDCLXXI
MMDXLI
DCCCXXVIII
223
3410
MMLXX
2736
LII
3327
1303
CDII
2723
MCCLXXI
436
3453
2533
773
3272
MMMDCLXXIII
3838
3103
MMMCCXCIII
3934
MMDCVII
1985
MMCMXXXII
685
930
2425
MDLXXIII
MMCCLVIII
2046
MMMCIII
1110
MMDLXX
MDLIX
786
1873
3805
3937
DCCXVI
2227
2571
819
2341
1680
3093
CIII
MMMXLV
2320
DCCXLIX
MMMDCCLXXIV
1158
969
2283
2554
173
MMMCMI
706
437
CLIV
MDCCLVIII
MMMCDXXXII
MDLXXXV
384
2823
MMCLXXI
3787
MMMCCCXCIV
MMMDCXXIX
CXC
2458
1447
DCCCLXIII
MMMCXLVIII
544
1598
MMDCXCI
2179
MMCMLXVIII
3080
3143
3901
MMDCCCXXXV
MMCCCXLII
1821
MMCCLII
2665
MCCLI
DCCCVIII
3657
3252
3425
MMDCCXXII
DCCLXXIV
1682
CCCLXXXVI
MMMDCLXXXIX
MMCDLXX
361
MMMCCXCIV
2761
DCCCLV
MMMDCCXCIV
1730
932
MDLXVII
3032
DCCCIV
MMDCCCXLIX
912
CDXXV
2918
1894
272
3554
2734
MMCMLXXXVIII
MXXII
2309
2710
3547
MCDLVI
3791
1362
MCCVIII
1693
DCCXX
166
CCCVI
1994
MM
3601
1047
815
MMMCCXXXV
3342
3225
2807
752
MMMDCXLIII
MMMCXXIX
MMMDII
1589
MMCCCXXIV
MMCCLXXVI
MMDLII
CCCV
MMMDCCXXIV
2562
MMMDCCLXII
2268
1711
3649
1510
1460
CDXCVIII
DLIV
3854
CIV
3129
MMMCDXCIX
3751
MMCMLXIII
DVIII
MMMDCCXLVIII
930
CMXCVII
338
551
3201
731
2625
MMCXXVII
MMCCLXXII
DCCLVI
MMMCCLXI
MCMLXI
3809
MDCXCIII
MMDCLXVIII
2208
MMMCMXXIX
MMDCCCXXX
MMMDCCXXVI
3081
MMMCDXCVI
DCCLXXIII
CLV
1984
1412
3509
MDCCLXVII
MMCCCLXXVII
MMDLXXVII
3425
2437
MMCLX
CDXI
1704
3289
827
2401
3608
MCCCLXI
594
2864
XLI
MMDCLXXII
MMMCMXXX
527
2044
1493
815
3374
1847
563
MMMLXXIII
2150
MLXIX
3246
MCDLXXX
2834
2906
3222
517
2467
644
2642
MDII
MDLXXXVIII
MLVIII
MCCCXXXVIII
1207
1811
MMCCCXLI
994
CCCLXXVII
3965
1525
MMDCCXXXIX
1412
15
DCCCLXXXIX
MMCMXXIX
292
1641
DLXXXVI
1073
2279
DCLXXXII
3227
3135
167
2388
MMMCCCIX
MMCCCXC
MMMCCLXII
2159
3240
MMDCXXXIX
2068
1231
MMMCMLXXX
MMCDXXIX
MMCMX
MCCCXXVII
192
1474
844
MMMDCCLIII
1877
MCCI
XCVIII
DXXXI
3438
MMMDCXCII
CDLXXXVI
3894
1705
MLIV
MMMCCCXLVII
111
MMMDCCLXXXIX
3371
CMIX
MMMCDXLVII
2532
1917
MDCCX
843
919
1853
2342
1804
CLXX
3699
995
2996
MMCMLXX
3799
169
DXLV
1755
1328
1446
MMMDCXLI
MMDXV
MMMCCXCII
3475
MMMCMLXIX
CCXX
2547
MMMCMLVIII
3149
1328
MMDCCXCIV
1902
3858
3751
2814
CMXCVI
1359
626
MMDXVIII
1926
3566
DCCXIV
CCCV
2246
MMDCXXXVIII
CCCXIX
XV
2882
MMCDV
MMMXXXVI
MDXCIII
926
1806
CMXXXVI
2813
546
2796
1405
1185
1151
MCLXI
2815
3135
DCCCLXV
MMDCCCLIV
MDCCXXVII
1542
1357
MMCCCXLIII
MCCLXXXVIII
267
MXXVIII
MCDLVII
MMMCDXCIX
MMMDLXI
2342
717
1904
MMMDCCII
MLXXIV
MDII
3555
641
3203
1165
MCCXXIX
2268
2493
DCCXCVIII
504
MMMLXXXIV
3737
2811
1064
MMMDCLXXVIII
752
2182
786
408
MMDCCXLI
493
MMMDCXCVII
MDX
MMDCCCXI
2502
MCCCXVI
MMMCLXXXI
1813
MMMCCCXLIX
703
1673
1567
MMMDCXLIII
259
MCCXXXII
1736
1968
2060
1074
2340
MMDLXXII
MCCLXXIV
MMMDCXCVIII
807
3808
CMLVI
619
MMMCDXII
CCXCI
MMCCXXXV
3322
MMMDCCCLXXXV
2572
3099
DCCXXXVII
2679
3589
MMDCVI
MMCCXXVII
3231
MCDLXXIII
MDCXCVII
MMMDCXLVI
3040
CCCLXXXIV
3849
MXXIV
588
2601
MMMCI
1410
648
MMCCCXVII
MDCCCXCVI
DXC
81
338
2252
MCLIII
3799
2676
DCCLVI
MMMDXXIII
3984
XXXIII
94
1130
336
MMCMXLVII
2752
MMDCCLXXII
927
MMLXVI
3064
924
2284
1821
MMCMXLVI
195
2249
3904
114
MMMCCLXXII
2514
234
MMDCCLIX
1315
3184
MMMCLI
MCMLXVII
563
CCLXXXVII
1566
MMMCLXVI
MCCCXXVI
3350
228
DXXXI
MMXLV
MMMDCXXIX
MMXXI
MMCCLXV
1078
496
MMMCLXXVIII
217
MMCLVII
3326
MDCCCLXXIII
3828
MCXXXVII
MDCCLXXXVI
129
MDCCCXXXVI
1275
1527
MMDCCCXI
513
CCVII
LIX
3306
3578
MMDCXLVI
MMMCMXXVIII
MM
CLXXXI
MMCII
MMDCCCLXI
MMMXXVII
MMCDXXXVIII
MDCCCLI
MMMCDXXXIX
MLXXXIV
CMXLIII
2115
2773
3789
CCXLVI
MMMDCCXXIV
MDCCCI
832
2992
CCLXXXIII
1173
3988
XXVI
MMMDCCLI
MLXVIII
1178
MMDCLXVI
3678
3545
1860
2773
2067
2881
MMDCII
MCMVIII
MMMDCCXCI
2452
570
MDXIX
2371
2489
34
1830
985
CDXL
833
MCDLXX
MMCLIII
MMDCCXVI
2756
MLXII
2409
MMDXC
2016
1535
445
2014
MMDCCCXCVI
2648
MCMXXVI
DCCXLIV
MMDCCCLXXI
1804
2764
2726
1995
MMMCCCXXXVI
MMXLV
151
MCCLXXXIX
MMMCXIII
232
MMDCCXI
MMMXLIII
2442
LXXXIX
CCLXXVI
276
564
LVI
MMLI
MXLIV
CCXLIII
321
MDCCLXVII
120
CCCXXI
2154
2313
3792
MMMDCIII
MMMCXLI
DC
CMLXXXVII
MMMDLXXVII
MMCMLXXXVIII
760
325
1864
MMDCCXXXIII
1529
MCMIX
1123
1587
MMMDCLXXVIII
MMDCXL
CVII
1427
634
MDCCXLIII
MMMDCCCXCIV
2074
820
3468
35
MCCXCVI
DCLXXIV
3395
2312
1457
594
987
MDLXVI
MDCCCLXIX
1102
MMMCMXV
2142
MMCCXIII
2025
MCLXV
MMDCCCXLI
MDCLXXXII
MMDXXXI
1754
799
MX
MMCCCLXIV
2802
2787
MMCCXIV
323
CCCXII
783
418
MMCDXXIX
MMDXXII
MMMXLII
MMCDLXX
1163
MMDCCXLIV
MMMCCLXXXVII
MMCCXCVI
1419
CDXXX
MCMLXXVI
MMCCCXXXVIII
3148
MMMCDXXX
3108
1782
DXXII
226
MCCCXV
MMCCCXLIV
2081
514
MMMDCIX
MMMDCCXLIV
CMV
MXXXVIII
1408
MMDCCLXXXV
1016
MDLXXVII
3470
MMMCLXI
MMMDCXXVII
MMCDX
MMXXII
MCDLXXVI
CDXCVII
MMMCDLXVII
MMDLXV
1036
MMMDXXIII
MMDCLXXXVI
3927
992
986
258
MMDCCXCI
CLXIX
1649
DCLXX
CXIV
MMMDCIX
MMDCLXXXVII
3033
MCCLXII
MMLXXVI
3735
1372
74
MMMCX
CCCLVI
3573
DCCLXXX
2320
MMCDXLVIII
MDCCCXLVIII
MMXLVIII
LXXXVII
MCDXCVIII
DCL
MMCLII
LX
MMMDCCCXCVI
CMXXXVII
2246
135
MMCCLXI
MMMDLVII
1562
MMCMXXXV
CCCIII
MMMCCLXXII
MMMCDLXXIII
MMCCCLXIV
CCCXXXVIII
MMDCCXCII
MMMDLXVI
2094
MMCLXXXVI
3326
942
1110
2967
565
1088
2998
804
MMCLXXVII
3394
1522
3980
1891
MDCCCLVIII
MDCII
MMDCCLXI
915
MDCCXLI
CCCI
MMMCMXI
DLXXXVII
MMMCCCXVIII
XXVI
1603
2331
578
3606
1326
1847
1569
3844
1582
181
MCXII
MMMCMLXXVII
980
3136
MDLXI
MMDCCVII
MMMDLXXXIX
22
1424
MMDIX
MMMCCLXXIII
1389
152
71
2917
DCCCXXI
1262
1978
3667
917
CCLXXXV
DCXCII
MDCLXXXVI
MMMCDIX
2509
2084
1281
3178
617
2453
2800
MMCDXCII
2967
303
3639
3339
MMMCLXVIII
2315
MMMDCCCLXIII
3543
2448
MDLII
MMCXXII
2808
MMMVIII
MMMCDXLII
594
3272
2090
1200
MMXCIII
MMMDCCCXCIX
1293
MMMDCCXXX
CCLXII
MMMCDXCI
MMMDIV
1281
885
MDCCXCVII
MMMDCCCXXIII
1569
2938
1855
1642
3992
CXCI
1253
DCXCI
DCCXIV
1406
112
3588
MXLI
2623
CDL
398
1096
3433
2456
MXI
DCII
1592
CDXC
302
3017
MDCCXXXIII
MMMDCLXXXVI
MMCCXC
109
2516
799
1544
184
919
MDCCCX
2536
MMMCDXCIV
3203
3732
CCCLXI
3716
MCCCXIX
212
3609
MCCCXXXII
MMMV
2282
2918
3242
1594
1872
MDCCCLXXVI
MMMDCCXXVIII
3985
MMMCLXXXIV
2417
3832
DLXXXIV
628
1146
MCLXXIII
MMMXCII
DLXXVIII
3873
MIX
1443
758
MCMXIX
MMMCCLXXIX
2658
3323
DXI
2404
MMMCCXXXVIII
608
MCCXVI
MCMLXXVIII
2119
1797
307
3027
2315
CMVI
1383
MCCCLXVIII
MMDCCCIV
328
2900
MMMLXXVII
MCMVII
1559
611
3836
MMDXL
3238
DCCLXXVII
2579
MMCLXXIII
MMDCXCVI
3494
DCXXXVIII
1606
MDCCLXI
1667
MDCCII
3802
MMMDXXIX
MDCCXII
452
2624
MDCCCLIV
2120
376
MMMDCCCLXXXV
384
MMMCCXLIX
3119
MCCXXI
2277
MCDLXXV
2420
MMMCDLVI
MMMCCCXVI
2429
3589
1386
MMX
MMCDLVII
LXXXIX
1665
3585
2202
DXLII
DCCLXV
1447
3404
MCCLXXVII
2864
MCCLXV
2121
2135
MCCCIV
2644
116
MMMXXXIII
MCMXXXIV
3225
MDCXXXI
MMCCLII
MMMCCLXXIII
DCCXXXIII
403
372
600
MMMCDXVIII
2731
CMLXVI
988
DCCXXII
MMCDXI
588
MMCCCII
MMCXXI
2457
1500
949
993
MMMDCXXIV
1073
MMMDCCCXXIII
383
3875
1298
MMDXCVIII
270
MCCCLXVIII
MDX
3358
XCV
MDLXXXII
MCMVI
MMMCDXXVI
MMDXXVIII
1789
661
329
CCCXXXV
1079
MMCML
2321
1503
1117
3418
MMMCCCLXXXII
2536
MMDCCXXVII
CCXIII
493
3418
MCCXXII
3145
MMMDCCXIX
2720
132
MMMDCXXVII
3156
1392
MMMDIII
1451
MDCCCXVII
MMMCDLXXVIII
MCMXXXIX
DCXXXVI
MCMLXXVII
3153
731
3092
2409
3258
1208
3764
3164
1814
2331
3531
MXXXIII
1205
2347
2943
3262
CMLXXII
MMMCCL
2496
1151
MDXL
2191
2677
MDCCCXLIV
2590
DCCCVI
2043
245
MMMDCLXXII
3904
388
2771
MCCLXX
CMV
CDXC
MMMCCXX
MMDVI
MMMCVI
DCXXXV
DCCLXXXV
MCCCLXXVI
MDCCCIII
1359
XIX
3748
CCCLVII
1744
MMMXXI
DCCXLIX
3827
3096
2661
MMMXIX
528
1384
431
MMDCCCLXXXVIII
2943
MMCMXVI
CCCXXXIV
MMMCMLXVI
1409
2406
MMCXLVI
2627
MDCCXLII
LXXIII
MMMDXVIII
1135
MCCCLXXII
1811
446
DCCCXCIII
CXXXI
MMMCIX
177
2372
2083
DCCCXCV
MDCCCI
3120
MMMCMXXVIII
733
1916
MCCXLIV
2380
2420
1778
MMCMXXVI
MMMCCXCIX
3610
2560
2067
2586
MCCL
CCCXXXVIII
2208
1903
2048
MDXLII
1498
833
3475
3118
2372
3846
MLXV
1878
MCDLVIII
MMCCCXLIV
3101
MMCCLVIII
MCDXCVII
MMMDCCLXXXIV
2204
MCDLXXXII
MMMDCCCLXVIII
3964
28
2616
3685
605
CXIV
CDX
MMMLXXXVI
MDCCLIV
MCCCXCVII
514
DCXIII
2408
MCMLV
MXVII
2282
DCCLVI
1220
3437
3425
MCCXCII
2999
CDXCIII
1252
1891
3063
DCCVI
134
2368
MMMDCCCXXII
752
I
3586
2192
1540
816
MMLX
MDCCCXLIV
MMDCCCLXXVI
MDCXL
3830
DLIV
3381
3446
3088
1172
1920
3268
CCLIII
1908
395
2131
MMCDIII
MCCCXXXVI
XXXIX
MCCCV
3144
1865
2138
MMMCMLXX
2956
CLV
2862
1015
275
CDLXXVIII
MMCCCXLVIII
MXV
MDCCCI
MMMCDLXXXVII
CCLXXV
MMCXLVII
MDCCCL
3183
MMDCCCXVII
275
826
MMDCXXVII
MMDCCXCII
MMCMXX
DCCCXLVIII
137
MMCCLXXIV
3496
MDCLXII
CLXXIX
MMMCXXXV
MCXCVII
MMMCCLXXIV
3020
3913
MMCDXIX
3733
2867
2299
MMMXIX
MMMCDLXII
MMDCCLXXXVII
MCCCLXXXV
MDVII
DCCCXLVII
MCCLXXXIX
2109
CCXXXIII
CDLXII
MCCLXXVI
MMCLXXIX
1817
1650
3534
3716
MMMCCLVII
1159
CCCVI
MMMDCCXLI
MMCCLV
629
3695
MMDLII
CCCLI
MMMDCCCLXXVII
MMMCXCI
MMCXXXVI
3451
2916
2121
MMCCIX
3390
62
151
633
MMDCCXVIII
750
CCXIX
3331
2982
3231
MMLXVIII
CCCLXXXIV
1072
MMDCCXXXII
442
MMMDCCCXCIII
CCXLVI
1570
2220
MMMLXXXI
566
MMMDCXCVII
MMMCM
1162
MMMXIX
MXIV
3520
1705
3743
MDXCIII
MMMCDVII
310
CMXLV
576
1913
475
MMCCCLXVII
1801
3574
2211
MCMXCIV
MMDCCCXV
MMDCCLXXXIII
MMDCCXXIII
MMCDXCVII
149
968
3561
MLVII
MXCVII
MMI
MCCXXV
MMDCCCX
713
2818
74
MMMDXCI
660
CMXI
MMMDLXXIX
MMMCCXVI
3804
3211
MMLXI
1339
CCXCV
254
854
MDXXVI
MMMCCXVIII
1529
MMDCCCL
2373
2977
3224
456
MDCCIX
MMDCXXVI
MDCLXXXII
2815
2710
MMMXXXVII
1923
MCCCXXVII
1367
3922
2288
MMDCCCLII
CMLXXIX
241
MDCCLXVIII
CLXVII
MMCXXII
2600
CCCLXVII
1903
CIV
MMMDCIII
MMMCCCXXIII
175
1909
MDCLXXXVII
1725
2294
2984
3395
928
2296
MMDCLX
1235
3391
3610
3490
MMDXLIV
MMMXCV
3953
2203
1959
2749
MMDCCCLXXXIX
3705
1181
50
174
MMCMXCVI
1125
MMDCCCXLIX
1322
DCXLVI
1209
2621
DCCXXXVIII
MMLXXIV
82
MMCCCXXXIX
MMCMI
2570
775
3149
LXXVIII
2874
3412
MDCCIII
MMDCCXVIII
CMXCI
532
MMCCXVIII
MMMDLXVIII
DCLII
3055
1282
DCCLXVI
1330
MMDCCIV
1770
MLXXIV
CDI
CCLXVIII
1480
MMCMXXI
2412
MDCLXV
MDCXXIV
DXXXV
MMCDXLVI
MMMDLXVIII
3845
447
1027
MMMCCCXVI
MMMDCCCLXXIII
MMDXLII
2403
471
DCCL
MDXCIV
MXCI
2121
1007
2027
2807
2105
CM
941
MCCCXLI
MMMCMXLVIII
MMDLIX
618
MMDCCXVIII
3829
2274
LXXVII
2100
CCCXLIII
MMDCCLXV
MMLIII
MMMCLXXXVI
3162
1152
2130
CXLVII
1220
639
MCLXVIII
CII
3526
CCCXXXVI
MCCXC
MMMDCLXXII
2536
MMDCLXXXVI
1189
MCCXXII
375
3697
CCCXX
MCCCVI
3601
MMMCDLXXVIII
2227
MMMDCCCXLVI
356
2722
3669
3726
MMDXLII
MMMLXXVII
1562
MMCCXXXV
CCCXX
MMMCLXXXVIII
1362
1336
MMCMXV
MMCDXII
MMDCXXIX
MMMCCCLVII
815
MMCMLXXVII
1127
CMXCII
MMDCCCXLVIII
3005
3271
MXXXIII
MDCCCXLVII
MMCCCX
2626
MMCXXXVI
3264
1270
VII
566
1288
3412
855
DCXXXI
1477
2294
3135
3187
2126
MMMCXLIV
MMCCLXXX
1291
CLVI
CXXXIX
MMMCCCVIII
DXXII
MMMDLIV
MDXIII
MMCCLXXXVII
1005
MMMDCCCLXXXIII
1877
MMDXI
243
992
42
MDXXII
MMMDCLIX
DCCLXXVII
MMMDCCCXXXI
2676
3591
1050
MMCXXX
355
CCCXCV
MMMLXVIII
MMLXIX
MDCCVI
532
1347
MCMXIII
MDLV
1027
956
2202
MMMDCLXIX
3874
3072
1034
MMMCMLXXVIII
3645
1530
MMMDXXXIX
MMDCCLXIX
DCCCI
DCCXXIV
3144
MCDLXX
XLV
2849
2563
MMMCMXLVIII
MDCCCLV
MMMCCCXXXIV
2117
MCMXXV
188
3125
3096
MDCCCIII
CCLVI
2668
MCDLX
MMCC
MDCXVIII
MMMDCCCLXXV
959
2363
843
DCIV
XXXIII
2454
1816
1909
DCCLIV
256
MDCXXXVIII
1924
1385
454
CCLXXXVI
MMMCMXIX
1314
2529
3379
2210
MMCCLXX
MDCXX
MMCMXCI
MDCXXXVII
357
2474
MCMLXX
3023
MMCMXXXVIII
MMCDXXVIII
MCCCXCIV
3584
DXXXVIII
MMDCCCIII
3130
MCCXIV
CCCXXVIII
MDCCVIII
3567
CCCXXXIV
MDCCXXIII
3940
MMCCCXXIV
154
MDLIX
MMMCCXIII
MMXXXV
2984
1836
771
CCCLXXXVII
DCCLXXXIX
MMCCCXLVIII
MMCMLXXXIV
DLXXIX
407
MDXXXI
3342
CM
MMCLXXXVI
MMCLXXI
502
3939
MMMLXXII
MCMLXIX
1482
XLII
2721
1482
2960
1397
MMMXLV
MCMXCVIII
CCXLIV
3311
1231
MMMDCCCXXIV
1762
195
MMMDCCLX
1862
1790
MXIII
1553
CMLXXV
3491
L
3200
280
696
3037
MMMDCXLV
2380
581
2093
2247
CMI
733
MMDCXXXII
MCMXLIII
MMMDCCCLXXX
MXXXVI
MMDCXX
2562
CCLXI
2027
MMMXXX
1641
MMDXXX
MMXCI
1822
3754
MDCXCI
MMMDCCCXCVIII
DCCLXVIII
83
288
2292
MMMCMXXV
761
3925
3686
1839
133
1574
217
MMDCCLXXXIX
CCLXXXII
XVI
3387
3535
642
MMDCCCLXIII
715
163
MMMCMLXXXVI
2084
MMMCDXC
2451
MMMXL
CMLXXXVI
2202
3716
390
MMMCCCLI
MMMXCVI
CCCXCII
1835
3502
MMCCXXXIX
MMCLXXXI
3725
1763
MMCVII
494
DCCLXXXVI
3170
1211
3385
CCXCIII
MCDLXXIII
MMMCCCLXV
2051
1885
2718
628
1453
631
1134
MMMDCCCXCVIII
3132
CMXLIV
1653
2605
MCDXVIII
3095
MDCXXIII
MMCMXLVI
MMMDCCCXVIII
CMXXXVIII
338
MMDCLXXXII
MMCXXIV
DCCCXXXII
MCCLXXXV
1760
546
432
MMMDCCCLXXXVII
1089
2375
MMMDCCXC
2604
1742
CMXC
3072
2958
899
CCCLXI
1629
2059
MMDCCXLVI
1549
2342
LXXXVIII
2286
MMMLXIII
2369
MDCCCXXVI
2283
MMCCCXVII
MMCXXVII
MMMDCCLV
MMCDLXVIII
CCCV
MMMDCCXIV
325
MDCCLXX
70
MDLXXVIII
MMMCDXCI
MMMDCCCXCV
MMMCMXLIV
357
MMMCDLXXXVIII
MMIX
MCMXVIII
905
MCXCIV
588
1468
CCCXXVIII
MMDXXVIII
2294
3897
CMXVIII
MMCMXL
MMCCCX
2167
MDCCXXIX
MMCMLXVIII
MCMVII
1210
1958
2864
MMDCCCXXXI
225
MMDLXVI
2449
MMMCCLIV
MDCLX
MMMCMLXXXII
196
MCXXXIII
1887
2293
MMMCXXV
MMMDXXIX
DCCXVI
2675
968
2400
3679
MCCCXCVIII
2843
CDXCVI
49
2780
2841
2098
810
MMMDCLIV
3273
1361
3186
892
DCCXLV
MMMCMXXXV
3320
667
CXXXIII
MMMCCCLX
MMMCCLX
1125
CLV
MMMCCXV
MMDCXLIX
3444
XCIII
1270
MDCCXLVII
3111
MDLVI
2392
2876
974
DCII
1677
964
243
MMXXXIV
3486
2839
CCXVI
MMCMXLII
1358
DCCXXXIX
MMMDCCXXIX
MMCXVIII
2881
3918
MMCDXLIII
MDCCCXXIII
MMCDIII
MMMXLVI
2757
1442
MMCDLXXX
314
14
DCCCXL
MMMDCCCLXXXVI
2133
2322
MDLXV
1146
2857
DCXLIV
3694
DLXVIII
1205
353
MMMDCCLXXXIII
MMMDCCCLXV
967
1157
MMMDCCXC
MDLXXXIII
CMLXI
1635
1907
MDXXXIII
MMMDCCXLIV
DCCCXXXVII
2752
DCXII
MMDCLXXI
1708
810
MVII
1597
MMLXXXIV
3757
2885
2231
CDXIV
MMMCMIX
MMMCDVI
MDCXLIX
MCCLXXX
MMMCCCXLVIII
MMCDXLVI
MDLXI
1978
MMMCDLXXXIV
194
MDCCXCIX
MCLIII
XLI
639
MMDLXIV
MMMCDXCVIII
2214
MDCCLXIII
1423
MMDCLVII
1435
29
MMDXLIII
1620
3490
MMDCLXXXII
DCCCXL
MMMDCCCLXII
1960
MCXVII
MMDCCLXXI
MMMDCCLXV
MMDCLXXXVI
MCCXCIV
MDCCCXXXIX
MDCCCXCIV
MCDIII
1865
MMMDCCLXVIII
MMMCDLV
3953
MMMCXCII
344
907
MMMDXCI
MMXXIX
MMCDXLVI
3492
2596
MMMCCLV
1277
MMDCCLXXVII
3767
DLVIII
MCMXCII
1376
2016
MMDCCCLXXX
2614
MMDCCXCIV
MLV
MXLIX
CDLIII
2926
MDXXX
DCCCVIII
DXXVIII
MDCCLX
860
176
MMMCMXXVII
699
1702
MCCXXIX
3402
CCCXXXV
3379
3049
MCMXXXVI
DCCCLXV
1386
1665
3128
MMMDLXVI
3445
MMMDCLX
MCCLXXXIII
MDCLXVII
MCDXVI
MMCMLXVI
MMMCCCXCVIII
MMMDLVI
MDCCLXXXIV
1543
CCLXXIII
MCCXL
MMMLXXX
MDCCCLXXV
1111
CDLXXX
127
548
3467
MCII
MMMCDVII
3616
MMMXXIV
2180
DCCLXVI
MMCCXCI
CXXIX
MDLXXXV
61
2656
CCCI
CMXXX
MIII
MMMDLXVII
1536
CXLIII
CMXXXI
MMMDCCXLIV
MMMCDXXX
MMMDCCXCI
2739
3524
3921
1813
MMMCCLXXIV
MDCCCXXXV
MCCCXXXI
MMDXC
1396
MMDCCCLVII
MMMCCVII
1424
MXCIII
1862
MDCCCIII
2404
2549
2415
MMDCLXXI
MDCCCXXVI
3840
793
3236
1139
341
1327
2346
DCCCXCV
MMMDXX
MXVIII
1957
DCCXL
658
221
2048
891
MMLXXXVI
MMDCCCXI
874
368
903
MLXVI
3118
1078
MMMCLXX
MMMCMXXXVIII
3889
1294
2559
MCCXLVII
MMDCXXII
MMMCMXC
1764
LX
832
MMMCCXCVIII
1458
1110
MDLXXII
585
MMCDXXVII
2261
1884
MMMCDLXXVIII
MMMDCLIX
MCCCLXXVIII
DCLXXXIX
2855
MMMCDXCV
MDCCCLXXVI
CDLXXVIII
MMMCCXLV
MCCCLXV
CCXXI
MMMXXIV
1575
MMMCCCXIV
MMCCXCII
CXXIX
DCCLI
DCCVII
MDCCCLXXXVIII
2139
2461
1669
3626
3284
MMCI
3782
165
3636
2108
2000
2477
2077
2844
MCDXVIII
MCMXV
MCCLXXVIII
328
MCMLXIV
891
396
MMMCMXXXI
MMDCLXXVI
1220
MMCDXXV
MMCCCLIII
MCDLX
DCCCXXXIII
2553
MCDXXX
CCCV
MMDCLXIX
2799
2547
MMMDLXI
MCMI
MMMDCCCLXIV
634
1793
MMMCVIII
MCXLVIII
1576
MCDXCVIII
MMCDLX
DCCCLXXV
MMDCCLIV
2693
3624
MMDIII
MMDXIII
MVII
2911
791
CCCXCII
MMMDCCCLXVII
2452
3014
718
CMXLVIII
821
MCMXXXVII
19
2325
DCLXXXV
MCDXCIV
MMDLXXXIII
MCVIII
2916
MMCMXCIII
2716
2400
MMDCXX
2830
MMMDLIX
MMCMV
3440
1872
1236
XCIV
163
MMMCMXLVIII
1918
MMLXX
MMMCXCIV
63
686
3354
MMCCXXIV
3135
701
MDCXV
MMMDLXXXVIII
MMMCMXII
1149
1303
2354
MMCCLXVI
2032
DCCLXXV
3300
2363
MMMVII
DCCCXCVIII
1953
DLXXI
MMMCCCLXXXIV
472
MMMLVIII
1984
MDLXIII
351
2814
2226
MMMDLXX
3383
MMDCCXLIV
2285
DCCCXXX
2620
1227
2433
184
MMDCCLXXXIV
1581
1912
1239
464
1634
3114
MMMCLXXVI
MMDCCCLXXXV
425
1680
1122
3654
2823
MMCMI
403
3827
3095
3211
2208
4
MMMCX
3500
918
MCDLXXVIII
CMLVIII
MMDLXV
MMLIV
MDCXXXVI
MMCDXLVI
MMMDCIX
MMMCMXCIII
476
2456
MMDCXXIV
2306
2422
746
1194
MMCCVI
MMMDCLXXI
MDCCLXXXIV
MMMDCCCLXXVII
2379
MMCIV
2536
MCD
128
MDCXCI
834
MMCDXCV
3339
MCCCXLII
650
MCMLXIV
MMMLXXXIX
MCXII
MCCCXXVI
CXLVIII
2058
MDCCCLXXIII
CDXXXIII
2217
166
MMDCXCI
2409
MCLXXIV
MDCCCXVIII
CMLXVI
XCVIII
MLXXXI
CMLII
CDLXXV
MMMCMXCVI
MMMDCLXXXIV
3991
894
CCCXXXIX
2240
1785
2819
CCXLI
2716
1927
1646
2848
2182
MCXXXV
908
718
CLXXXII
MMMDLXV
3268
MMMCXCVIII
CCCLI
3244
CCLXXXIV
MMDCCCLXXVII
2332
XLVII
1835
MMDIV
MMCCXCIII
84
2738
3826
2691
1123
1185
732
1191
MMDCCXLII
MMMCDXXX
1167
2062
MDCCCXXI
2450
MLIII
MDCCXXI
CCXX
DCCXX
1231
1544
MMXXVII
MCCCLXXVI
2313
3852
MMLXXII
484
2091
DCCCLXI
MMDCCCXCII
MDCCLVIII
798
1423
1618
851
2989
2409
176
DCCCLXXVIII
240
1166
2775
MMMCCCLXVII
3857
3929
1818
MCCCXCII
2100
MMMCMXII
3292
555
LXI
1185
DCCLXXXIV
2076
1089
909
953
MMMDXLVI
77
320
LXI
3804
DCCCXLIX
MMDCCLXXXII
1423
3104
MDCCCLVI
DCCXXXI
2454
2372
373
DCXLII
441
MMXXXVI
1263
MMDCXCIX
2535
2313
DCXXV
576
MMDCXLV
1120
36
1894
3981
3607
2787
MMMDCXCIV
1332
1871
883
3577
MDLI
MCCLXXXVIII
2267
MMDCVIII
3656
922
1056
MMCCCXXII
1843
MDCCCXVII
MXXV
40
MDCCCLXIX
3451
MMCCXV
MMXCV
1566
CXXX
CDL
MMMCCXXIX
MMMCCCXIV
2932
2959
MCXLVII
MDL
288
2347
645
DLXXXII
MMMCCCXXXIII
2154
MMMDCXIII
2678
2837
805
2152
1385
1076
MMMCLXXXIII
MMLXII
2246
MCMXLIX
MXXIII
3841
MCCLXXX
904
MMCCXCIII
1081
2642
1969
MDL
2131
MCDXIX
3061
1869
1316
MMDCCCXII
MMDXLVI
782
816
MMMCMXCII
3428
DCCLXXXI
MMMDCCLXII
MMCXLI
MDCLXII
MMMCCCLXV
CDXVI
MDCCLIV
MDCCVI
3464
3581
MDCCLXXVII
1508
MCMLXXXI
3704
MDCCLXXXVII
MMDLXXX
1900
1894
MMCMXV
960
DCCLXV
MMCXLIII
1085
180
850
MMMCCCLXXXIII
348
1516
MMMCMXCVI
3214
1175
MDCVI
2105
MXC
1826
3199
1508
3746
507
2528
MMDCCCXXX
1782
224
MMMLXVII
3047
MMMXVI
MCDXXXI
MMMDCCLXXXVI
1931
DCXCIX
MMDCLXVI
MCMLXXXVIII
635
MMMCDXIV
MCDXI
MMMCDXLV
CCCXLIV
MMMDCCLXXX
3032
IX
DCCCLXVIII
2056
3838
3736
MMLXXIV
58
68
CDLVI
MMDCCCXLVIII
MCXC
MCCCLXIX
MCCXCI
MCMXXIII
1506
MDCCXX
975
DLI
MMDXC
3482
MMMDCCLVI
3871
462
1407
3786
MMDCCII
MMCCCXLVIII
323
MMCMXXV
MMMCCXCIV
3468
199
3323
1567
3375
MMCDLVII
MMMCMXXXVII
MDCLXVIII
MMDCLV
DCCCXIX
MMCMXIII
269
MMMDCCXCVII
750
LXXVII
MMMCCC
MMMDCCCLXXXIII
672
CCCXXXIII
XCIX
CCCXXVI
2859
CMXCVIII
3325
DCCCXCV
2878
CMXLIII
MMMCCLXVIII
MCC
DCCLXIX
MMCCLXXIV
MMCLXIII
MMLXXX
2756
MMDLIV
2608
MMDCCCXI
1887
MMMCXXIX
CLXV
2454
374
MMMDXXII
CMXCIX
2907
MMCDLXXXVI
2728
MMDCCCXXXII
3701
CCLXI
DCXXXVI
DCXCIII
MMCDLXV
1400
CXLVIII
1029
2666
MMLXXXIX
MMMDCXLI
MMMCCCLXIII
3255
1966
1535
MMMDCCXXXIX
MMMDCCCXLVI
719
668
MMDIII
MCCCLXXV
1883
2028
MMCCXXI
MDCCII
MMMDVIII
2909
MMXLV
MDCV
MMCCLXXXVI
MMMDCCCIII
3793
2965
3984
MMCCXLIX
1236
2281
2610
MMMDLXXXVI
MDCLXIX
1990
MMMCCCLII
1802
406
1221
DCCXLIV
2710
MMMDCCXCVII
MMCMXII
3957
MMCXVIII
DCXLVII
3291
3149
1329
MMCXCVII
2440
3211
MMMCCCXCVI
1272
2289
722
MMMCMXCVII
1739
MMMCDXXIV
711
MMCCXCIV
39
MMDCCLI
MDCCLII
2198
3094
3686
DXXXVIII
MMMCCCLXXVIII
MDCCCXIV
MMMDLIX
2622
MMMCCV
3581
479
MMDCXXV
2225
3965
3152
MMMXCIX
CDLXXXII
MI
CMLXXVII
MMDCCXVI
MDCCCXII
MDCC
662
458
187
1427
1652
1841
1436
871
MCMLXXXVI
1594
DCCCII
150
CCCXLII
CCCIII
3498
MMMCXLV
MMMCLXXI
CMXCVIII
MMCDXLII
CCCXIII
1891
1552
3228
1752
CCLXVI
2552
DCXLVII
1790
CMVI
LXVII
2394
2019
MMMXCIX
1807
1437
1661
MMMCMXLVII
MDCCI
3695
2851
MMMCMXXXIX
MMMLX
2575
3238
805
MDCCCXV
3792
MMDCVI
3184
MMMDCCCLXI
3988
3316
CCXLIX
MXC
2734
2371
MDXVI
MMDXX
CXIV
2894
MCIV
MCLXXIII
MDXLIX
3472
MMMCCCXXXII
504
MDCCCXIII
MMDCLXIX
MMXCIII
MMCLXII
MCXXIII
CCXXVII
MMMCCCXC
MMMDCXLVII
775
417
DCXCV
MMMLII
MDCLXVII
3197
2601
2718
DC
XVII
3955
MMMDLXXXI
1808
3783
MMMCCCLI
MDCXCIX
2520
2178
723
2900
3602
MMMDLXXVII
MCLXIV
MMMCCCIII
3716
3125
1389
1701
3622
771
MMCCXXXII
2221
3609
CXXVIII
816
CCCLII
MMMXLVII
DCXLIII
3564
MMMDCCXCVII
3680
MMMCMXCII
MDCCCLXIII
3342
MCLXXVI
DCCXXII
2859
532
2879
1963
MDXCI
MCLII
MMDVIII
MMMDCXVII
1184
2
MDCCCXXII
MCMXXIV
2672
3553
1693
MMMDCCXXVIII
2681
MMMDCCCLXII
MCCXXXVI
MCLXXXV
MMMXLVII
MDCCCXII
1782
DCCX
665
3191
MMCMLXXIV
729
MMDCLXXXIII
2381
MMMDCCLXXI
CCCXVIII
MMMDCCII
CCIV
MMDCXCIV
CMXXX
MDCCCXIV
CMLXXXI
3965
1635
478
144
919
CCI
DCLI
MMMCCCVII
2024
3088
1893
MDLXXVII
2655
MMMDCCXXIII
DCCVII
MXIV
LXXXVI
567
MIX
MMCCCIII
MDCCXCI
MLXXXVII
1677
2282
3983
1869
2545
MMCDLXXI
2393
3256
MMCLXXXVII
2616
470
668
MMDCCXLIX
1788
125
MMMDCCLXXVII
1677
3380
411
2892
2183
MMCDXIV
1848
MMDCXCII
864
MMCXVI
MMMCLVI
2872
CCLXXXVIII
359
3246
2945
MDCCLVIII
1443
3110
2984
DCXLIII
MMMDXCII
1451
MMDCCCIII
MMMCXII
1599
DC
3616
CCXXXIX
1213
2450
MMDCLIII
1530
915
3987
MMCC
MDXXXVII
MDCXCVII
DCCXC
3475
331
MMMCDLVIII
MMMCMLXXVI
3079
3891
3030
3898
481
3999
MMDXCVIII
MDCCCXLV
MMXXXVI
MMMDCCCLXX
531
MMMCLXXX
MMCXXIII
2595
MMMLIX
41
1406
MCDLXIX
1462
MCCVI
MMCCXXXII
XVI
3371
15
632
2429
1360
CDLXXX
1047
3816
MMMCMLVI
3272
1879
CCXLV
2057
MMDCXXXII
3768
3875
2898
1087
3943
DCCCLIV
MMMXCIV
3772
CDLXXX
3681
2253
2490
3676
MMCCII
V
MMMCCCLXXVIII
MMDLXIII
LX
3935
MMMDCCXIV
MMMDCCCXIV
MMXX
653
MMCCCXCIII
3479
546
2398
3486
1437
2759
MMDCXC
MMMCDXIV
MMMDCCCLXXIII
MCCCLXXXVI
MDCCCXLVIII
DCLXII
MXCVI
MLXXXVI
MMDCXXIX
MMCDXXXIII
MMCXXXII
CCCLXXI
1788
CCVI
XII
1765
1760
CCXVIII
DII
MMDCXVI
2943
3889
448
MMMCMXXXVII
696
3644
CXLVIII
2867
388
MMDCCII
1788
2299
3794
874
1968
936
MMDCCXXXIX
2673
3124
DCLXXIII
1629
MMMXLV
MMMCDLVIII
3298
3214
2106
3036
2884
MDXII
2023
837
499
1653
343
MCCLXXII
3675
MMLIV
MCCLX
MDCLXXIII
MMCCXXVI
2768
MMDCL
DCXXIII
MCCCXIX
489
DCCXXXVI
MMMCMXCI
3184
MMDCXXXVIII
DLII
DCCCLX
1670
1694
637
MMDCCCXXIV
903
351
CMLXI
3765
MMCCCLXXIV
1626
CXXXVIII
1880
875
1115
2640
MCCLVII
XXXVII
3275
MMMDCLVI
CMLXXVIII
MDLXVII
MMMDLXXXI
732
1815
1553
MMMCCXXIII
DCXVIII
1728
955
640
2219
DXII
CDXLIII
302
CMII
MMMLXXIII
3745
1834
MXCIX
3785
1126
MMDCCCXX
1038
1316
1413
796
1549
MMCCXXXIV
3203
3195
1914
MDCCLVI
2981
MMMDLIX
MDCCCLXXV
1720
2978
2786
MDCII
DXLIX
28
DCCLXVI
CLXXVIII
3587
MMCMLIV
MCCCLXXIV
1295
3399
MMMXXI
MMCDLXXXIII
CMLXXIII
2207
MMCLXVIII
1597
MDCCXCIV
3027
CCXCV
MCLXXXVIII
MCCXXIV
CCCXCVII
1051
2948
2184
MDCCIII
MMMDCCXXVI
855
1691
CCCXXXIV
LXIX
1386
DXLI
MCDXXXI
MMLXIX
1788
1834
DCCXX
MCMXCI
1507
CXCIV
MCMXCV
746
MMCLXXXVIII
MCCCLXXII
2440
1464
1732
CMXIX
MDCXXVII
735
24
MCCXXX
2222
2832
3504
3408
2119
DCCXXVIII
MDXLIX
1466
CDLII
MMMCMXXIII
1555
1286
MDCLXXVI
2376
1010
MMCL
375
2736
766
MCDXXVIII
DCXXIII
CXXXVII
1570
3604
MMMCMLXXXVI
2663
59
1583
CMLX
1148
3937
MMDCXC
CMI
898
MMMCDLXVII
3363
903
3919
2915
3494
MDCCCLX
MLXI
2341
3282
3462
1830
3328
MMCXVII
718
MMDXXVIII
2185
MMCDXLV
3151
CMI
2069
1358
CXCVIII
2698
MMMXCIV
2548
MMCDXXIX
CCLXXIII
MDCCXI
849
1457
3173
CLI
1313
17
3067
3838
3269
1139
CMXXVI
MMCDXXXIII
1006
950
1164
2449
MCCCXXIII
1029
788
1211
539
MDCCCXCIX
234
3077
3570
MMCDLXXXII
CDI
3445
292
MMMXLII
MMCCCLXX
CXII
1356
1777
DCCCLXXVI
653
2591
25
MMDCCCLXXXVI
MMD
3855
DCLXIX
DCCLVII
DXLV
MMCLVII
2941
CCLXXXIV
MCDLX
MDLV
851
1265
MMLX
MMCDIII
715
MDCCCLI
MCCCXXIV
377
1663
MMCXCIV
222
2321
MCMXXII
2639
3692
CDXCI
1436
MMCDII
620
3018
2541
3090
MMDCCLXXII
DCCLXXIV
1157
MXLVIII
3092
2702
DCCLXXVIII
MMMCCLVII
2737
3315
MCMLXXIII
1547
CMLXXXVII
MMCCLXXXI
MDCCLVII
3572
MMMLXXXIV
DLX
MML
3233
3381
MDXCIII
MMMDXXVI
MMCMLXIV
2683
3740
3592
MDXIV
2613
1417
2075
426
LII
MDLVI
434
MDCCLXI
DLXXII
MMCXCVII
MMMCDXV
MMXV
MMCDLXXXIX
CLXIX
MMMCCCLVI
854
544
MMDLXIV
3310
MCCCXCIV
2597
1672
1915
2597
2773
3744
MMMCCCLXXXII
728
2516
3692
2827
DCLXV
MXXXIV
3038
MDCLXVIII
3577
MMCMI
301
MDLXXXII
1046
MMDCCXLVII
3351
MMCCCLXII
3938
MXL
MMMDCCLIV
976
2137
MCMXI
3872
2880
821
MMMDCCCXCIII
MMMCCLXXVIII
3735
2751
2093
MMMDCCXCIII
MDCCXVI
MMMCXXVII
352
3244
MMMCCCXLI
3831
MMCCXXI
3156
CMXXX
XXIX
MMDXXI
MMDCCLIX
MMDCXLVI
MMCXLI
DXCIV
2437
MMCDIII
MMMCDLXXVI
3292
MMMDIV
MMMCDLVII
1165
2708
3721
MDCXXIII
1645
1482
DCCCXV
MMMDCCLXVII
3341
MMXXIX
MMMCMXIX
MMMDCCLXVI
76
1314
MDLXXIX
919
171
MMMLXIII
3600
MMMCCXXV
2392
3279
MMMCCCXCIII
MCDLXXXVII
3755
MMDCCCLXXXI
MCXXXVI
MMMCMLXXVI
2499
MMMDCCXX
1874
MMDCXIV
2226
144
MCMVIII
2173
MMCLXVIII
289
2143
MMDCCLXXVIII
MMCMXXXI
3291
2907
MMCLVIII
817
1510
MMCXXV
2792
CXXVI
389
MCDLXXXI
MMMCCCXCVIII
1927
MMMDCXIX
MMMDCCLXXIV
DCCCXX
2815
1317
352
MMCCCLXXVI
MMXXXII
MDCCCLXXXII
MMMCCLXII
CCCXC
DCXXIII
2428
526
MCCCLXXVI
MMMDLI
MCDLIV
MMCCLXXXI
MMCCCII
642
CCXXXVII
2549
MMDCCCLVII
2957
MCCCXXXIX
2228
MMMDCCCXXXIII
MMMDCLXXI
1424
DCCCLXXII
MLX
MCXLVI
293
2725
3146
215
1185
396
MMMCCXXIV
1248
MMMCXII
1303
1433
3131
1754
3216
MMMDCCCLXVII
3419
MCMLXX
2464
242
2441
MMMDCCCLXI
CCCLV
MMCCXIX
MDCCCXLIII
3320
3177
3083
146
MMDCCCXII
1243
CMLXXXIV
MDCCCXLI
595
CMXXXV
3259
DC
MMMDCCCLXXIII
3464
3369
MCCLXXXVIII
MMCD
925
3394
MCCCII
CD
1945
DCCCLI
301
MMDCCXXV
LXXXVIII
CCXXIV
DCCXIV
291
277
111
1545
MDCCCXIV
MCCCLXX
512
451
906
1244
MMMCMXV
789
MMMXLI
477
MCCXXXI
738
MMMCMVI
MDCCCLXXXIV
3575
MMMDLXXXIX
565
155
MCDXV
MMCCXCVIII
354
3553
3598
835
2326
3255
CMLXXIX
MMMDXXVII
MMMCCLIV
1781
DCCLXVI
1812
MMDCCCXLI
952
1937
MMDCI
MMDCLXVIII
1517
MMMCXXV
MLIII
3529
936
842
MCDXL
204
MMCMLXXIX
3798
DCXIX
3443
CCXCVII
MMDCCIII
MMMCMLXXXIII
DCCXXXVI
LII
MCCCLI
MMMDCCXXVIII
LXXXVI
248
MCCCXLIX
1328
MMDXXXVI
MMDCCVI
MMMCCCXL
432
3474
MMCDXXXVI
3234
MCDLXXXIV
CCCLXXVIII
MCCXVIII
MDCXX
CMXX
1062
MMMCMLIV
2706
85
MMCMIII
CCXCI
MMDXCII
3429
999
3149
CLIX
MMMDCXLIX
2834
MDCCXLII
DCIX
DCLXXIX
1370
CDXXIII
MMCMLXI
CCCXCVI
1301
DCXX
CCCLIX
2449
537
1432
MMDLXXV
3710
219
686
MCDXLIX
1609
MMDXLVIII
828
MMMDLI
MDXCV
CDLVI
MDCXLV
3568
MCCCXLVIII
MCV
MMMDCCLXV
2719
2655
2351
MMMDCCXLVII
1548
XI
MMCMXX
MMMDCLXXXI
2024
3412
MDCXXIII
MCMXXXII
MCCXXXV
3215
609
756
2789
DCCCLVIII
575
MMMCCCLXXVI
CCCLXX
3049
MMDCXXVI
MCMXXXVI
MMMDLXXXVII
3401
3166
1879
MMCDLXXVII
3158
MCDXXVIII
MCCCXXXVIII
MMMDCCCLXIX
3709
MCCCXXI
MMCMLXIII
CMLXIX
CLVIII
1839
3527
2265
MMMCMXI
1385
245
MMMDCCCLXIX
MMMCCXCIV
MMDXLVIII
2209
407
MMMCMXXXIX
MDCCLVIII
CMII
MLVII
CMLII
964
MMMDCLXXV
MMCD
1032
2980
3386
2237
MMDCCXVI
DCCVIII
MMCCLXXVI
1322
MMMCCXXXVII
MMDCCXVI
1198
3493
41
MMCLXI
3378
MDCXLVII
2305
1124
405
CDXLI
985
1382
392
MMMCMXXVIII
CXI
1025
310
1783
863
MMMCDXLVI
89
3549
71
MDLXXI
MMMCLXI
MMMCDXCVIII
1098
MMCLXIII
MLXXXI
2844
DCCCXXXVIII
MDCXLII
2707
MCDVI
MCCII
LXXI
MMCMXCV
3559
1082
225
MCCXIII
CDXXVI
MMMDLXXIX
MMCCXCIX
1438
69
DCXIV
40
2411
3315
CMLXXII
MMDXXV
CMXCVII
2852
1258
351
2036
895
2913
MMDLXXXVI
MCDXCVI
3842
CXXXIII
CMLII
713
CCCII
MDXV
MMMCCLXXXI
MMDCCCLXXXIV
2791
1694
MMDXCI
3762
CCCXX
DXIV
MDCXXXVIII
2254
MMMCCCLX
CMXXXIII
MMCXXXI
MMDCLXXXI
MDCIX
MMMCMIX
3880
1428
2089
MMDCXLI
418
MMDCXCIX
2269
CCXVI
522
MDCCLXXI
3154
MMCCC
MMMCL
CCCLV
MCCCXXXVII
MMDCCCLXXIII
MMCDXXII
136
MMCDLVIII
MDXXVIII
1270
MMMCMLVII
2964
1452
3290
DCCLXV
MCDLXXIV
MMDCCCV
DCCXLIII
1981
1525
CCXXI
1256
1546
MDCCXXX
2065
1585
CMLXXI
MMMCDXI
3260
MMCCCLXV
1648
DCCXLIII
MMMDXX
MMMCCXVI
MMMCCCLXX
DCC
MMCCCLXIV
2675
DCXXV
DC
3826
DCXVI
2365
CLXII
MCXV
MCCCLXVI
MMMCDXIV
3163
MCCCLVIII
MMIV
MMCXCIII
MMMCCLXXI
MMDCCCLXXV
1810
MDXCVIII
MMMCCCLI
3130
420
160
MCDXLVIII
MDCCCIV
1411
3559
MMMXLIX
MMDCCCXL
MMCCCXXIV
MCDLXVII
1480
MMDCLXXXVII
1952
3348
102
3695
1250
MCCXXXVI
1989
712
DCXCIII
MDXLIX
822
MMMDCCCVIII
2055
MCCCXXIX
DCVI
MDCI
2252
MMMDCCCLXXV
MMCMLVIII
3696
DXVI
614
3203
3304
396
624
DCLXIV
MMDCCCLXXVIII
MCDLXXII
2279
445
1063
MMMXXV
MCCVII
2337
3999
MCCCLXIII
3166
MMCLIX
CCC
158
MMMCCCXVIII
1410
MDCCCXXII
MMMCMXLIX
CCII
MCMXXXVII
3987
MCCCLXXI
3205
1504
3019
MMMLXI
MCXLII
298
845
CCXXXV
MMDCII
MCCXCVIII
1917
MM
MMCMLXXXVIII
MMMDCCLXXIV
1281
386
3827
3508
1760
DCLVI
38
1251
MMCDLXV
981
2903
MMCDXXXVIII
3655
627
CMXXV
2019
CMLXXV
DCXCVI
2158
MMCXXIV
3125
3394
MMMCCXXXVI
MMMCCXLVIII
CMLIV
14
1836
643
MMDCCXIX
MCIV
MMXIV
76
477
MCCXCI
1556
MMMCCXIV
MMCDLXXXVI
MDCLIII
MCXXIX
3722
CXXXV
3727
MCCCII
3529
2875
CMLI
3293
413
29
DCCCXCI
919
1357
887
MMMCCXXIV
CCLXXXVII
1648
CDV
MMMDCCCXVI
MMCCCXLIV
MDXVI
MCCCXCIX
252
1418
MMDCCLXXI
2848
MCCCLXXXV
MMVII
MMCXLIX
CCLXX
MMMDCCLXXXVIII
MDCCXXXIII
MMCDXLI
3115
2068
MMDCXXV
3557
2790
283
1054
MMCDXXX
MMMCCXXIX
3692
MMCDI
1029
2726
MMCCXXII
922
MMLXXI
3627
CDXVIII
480
3775
MMMCVII
2833
MMMDCLVIII
MCCCXI
MCCCLXXXIX
MCCXII
DLXX
CXXXII
MMCCC
3845
CCXC
MMMCD
MMDCCCXLII
3665
MCDXI
MCMXCV
MMMDCCLXXXIV
CLVI
3841
1627
3925
1013
1315
MMMDCXXIX
2904
DLXXXIX
3622
MMXCIX
2734
MMMCDXXXVII
MCCCLXV
MDCXC
MMCMLVII
2168
MCDLIX
335
276
MMMCMXXXIV
3288
MMCCXXIX
MDCCLIV
2042
2828
DCCCXXVII
MDCCLXXIV
145
MMMDCCII
MDXL
162
2569
MMMCXLIV
3362
2646
2072
797
MDXC
2367
DCCCXXI
MMCLXXXVII
255
CXXX
DCCXCII
1290
1133
533
2296
568
50
DXCII
MMMDCCCLXXVII
765
MMDXLI
596
MMMDCCCXIV
1832
1387
MMDCLXXXVII
683
MMCDXLIII
2213
DCCCLXXXV
MMCCXXII
MMDCCXIV
2327
MMCMLXXXIX
2954
461
MMCXCI
2957
CLXXVI
71
MMMDCLXXXV
MCCCLXXXI
MMMCCCXLV
3625
XL
518
3093
1686
MMCLVI
MMLXIV
1175
3686
3178
2140
MMIX
3034
591
527
1288
1038
CDXIV
3590
MMMCCCXXVI
MMCDXCVI
DCCXLI
1409
637
CCCXXXVI
923
MDCII
MMDCCXXVI
MMDCCXXVI
2666
MMMCMLVII
MMMLXXXII
CML
2482
MMMDXXXVII
1585
1176
MMMCXXXVIII
1442
CCCLXXXI
3997
1159
2664
MDCCCLXXIV
1929
DCCIII
MMMDCC
MDCCCXXXVI
583
1803
MMDCCCXCV
2348
1959
CMLXIX
802
675
3210
MMMXVII
3423
XXIX
MMDCCCLIX
CDLXXI
3357
723
3624
921
536
CCCLIII
MMMDCCCXXXVIII
1914
MMMDXCIII
MMMCCCXXIV
2711
MMMDCLXIII
MMDCXXXIV
MMMCMXLVI
1035
728
MMMDCCCLXXI
2616
2809
2292
978
3542
2346
MMCMXLVIII
MMDCCXC
MMMDCLVI
MMDCCVI
191
MMMCCLXXXIII
MMDCCXXXII
MDCLXXXVI
1265
MDCCLVII
CCXC
2577
3083
1802
3850
CCXCIII
MCXLII
MDCXLIV
MMMLXXVII
3505
3183
MMMDXXXVI
MMMLXV
2651
3337
2275
MMMDCCLXXI
MMDXXXIX
MDCLII
847
MMCDLXXVIII
DCCCXCIX
1906
3402
2378
MMMDCCCLXV
3490
2855
MMMDCLXXXIV
618
MMDXVIII
MMMLXXVIII
1744
1396
2806
CCLX
3283
2161
451
MMCMLIV
1810
MMMDXVI
MMMCLV
491
MDCCCXXVIII
3628
3670
MMCCCLIX
CCCXV
2499
3386
3266
MMDXCVIII
MMXIII
2388
MMCMXCIX
CDLXXIV
994
66
1025
3586
CCLXXXIII
MMDCCCXCVI
3376
DCCCLXXXVII
MDCCCLIV
323
MMMDCLXXVI
269
MXVI
MXI
MDCCXIII
DCCCXCIII
MCMLIX
MCLX
372
651
2327
3153
406
CLXIII
2695
MMMDCCCI
3971
175
3074
MMMDCLXXIII
MMDCXXXIII
1127
1515
MMMDCCCIII
MCCCLXXXIV
1885
MMDXCII
1782
1811
1785
3840
MMMDCXLIV
MMCCLX
2266
MMMCMXLIV
MMMCCLXXXVII
2302
3500
MCCXL
221
MMMDCCCXLI
MMMCDXVIII
1219
DCLXXIV
3174
2712
MDCCCLXVI
MDLXXVIII
2675
3814
MMDCXXXVII
3942
1086
MCMVIII
MMMCCXXX
MMCMXXXIV
MCXI
MMMDCCXCIV
2214
MCDXLII
MCDLXXVIII
3362
1947
906
1068
DCCCLXXI
153
146
MDXXVI
900
2490
MDCXLVII
3725
3656
3364
MMMCCCXLIII
MMDCCCLXXXVI
2247
3315
XII
3741
3320
2299
MMMDLXXVIII
XXVII
3086
MMMCMLXXXIV
MMMCMXX
MMCMXCVI
MMDCLXXIV
3366
810
MMMCMLV
2017
DVII
MMDXXXI
CCCII
2945
CXLIII
MMMDCCVI
MMMDCCCXLII
1889
DXXXVI
DCXXIII
CDXLV
413
MMCCCII
CCCLI
1758
CCCXCIII
1258
1474
3503
MMCCLXVII
DCCXXVIII
MMDCCLXXXI
1698
MMLXXXVIII
MMCMVII
MLXXVI
MMMDCCCXCIV
MMMCCLXXIX
859
251
1291
MMDCXXI
3585
MMMDCXXV
3605
107
MMMCCLXXIV
MCMXIV
66
2567
415
DCCCIX
DCXCII
MMDCCCXI
1554
MMXLIX
3855
MMMCCCLXXX
2067
1958
CLIX
MMCCCXCVIII
753
2787
MDXLIX
105
1272
685
2833
212
CDLXXXIV
1771
MMMDLXXII
218
MMCCXIII
MMMDXIII
3746
3037
MCMXXXVII
XXVIII
1196
MMMCMXLI
MMMDCCXIV
DXXVIII
3563
MMMCMXXXVIII
2627
208
58
MCMXCII
206
805
MMMCMLIV
MMDCCLII
MDCCLXVI
MCX
MMMCDLXXIII
968
3466
MMCDLIV
MCLXXV
DXLIX
2576
3123
DLXXX
CMXXIX
1565
1444
MMCMXCIX
CCCXXIII
572
1465
MMDCCCXXXI
1378
MCCXXXI
MMCXCV
CCLXXXVI
MCDXVII
2173
2228
MMMDCCXXXI
3994
1038
DLIX
MMMDLXV
MDCCXCIX
MMLXXII
MMCMXCIII
MCMLVI
MCXC
882
2439
DCLXXXVIII
MCXCVII
CCCXXXVIII
MMMXCIX
CCV
MMCDXCIII
3522
CCXXXVIII
MMMCMXV
2890
DCCCXXX
2917
2382
MMMDXLI
CCLXXIV
357
625
MDCCCXXXVI
CDXIII
MII
MMCCCXXVIII
3664
1394
311
MCDXXXVII
102
826
400
3944
DCCCLXXI
351
MMMDCCLXXVIII
3874
CMXLVIII
1757
DCCCXCI
CDXXX
MMCXXXVII
486
370
2024
984
MMMCCCLXI
MDCLXXV
1195
MMCCCXIX
DCCCXXXIV
MMDL
MMMDCCCLXXXII
MMDCCXXXIX
874
3282
2404
1143
MMCXV
839
511
823
MMMCCXCII
DCCVII
1164
2901
MDCXXXIX
MDCXC
MMDLXIII
3510
1442
DIX
MCLXII
MMCCCLXXXIX
355
1599
MCDIII
MMXCV
1704
1305
1387
CXC
DCCLXII
MMMDCCXXVIII
818
MMMC
3066
964
MMMDCCCX
489
DCLXXXII
MMMCMLXXIII
MMMDXCVII
MLXVI
923
MMMDIV
2596
1357
MLV
2336
2991
3930
469
2128
2998
935
287
XXXIV
762
217
1230
MMMDXXXI
DCV
885
655
954
DCXLII
2547
MDCLVIII
MMCLXVIII
MMMCCLXIX
1089
1429
3481
209
1517
MMCCCXI
DCXVI
MCDLIX
393
MDCCL
CCCXXXIX
2788
1713
MMCCXCIV
267
442
MMMXXXI
MMMCDLXXVII
MDCLXI
1820
1063
3735
206
MMMLXXXVIII
MMCMLXVIII
1059
MCDLXIX
2521
2643
MMDLXII
DXXI
MMCCCXXVI
3770
1779
CCCXCIII
CXXXIX
1693
CMLXXXVIII
2626
MCXXV
MMMCXXXIX
3772
2625
2772
MMDCCCXL
CCCXLIII
2102
1144
2573
32
DCCXXXIX
3096
464
MMCCCLXXVIII
2485
MCXLIX
MMCMIII
631
2811
2031
1237
655
MCCXLIII
2130
2371
MCXXXIV
3054
583
MMMDVIII
1018
DCCXLII
MMDCCCXLI
881
2880
3703
MMMDCCCVII
3230
CCCXLIII
MDXI
DCXXVII
MMDCCXCIX
3702
MMMDCXCI
MDCXXI
3551
CCXL
MDCXLIV
MMDCLXVI
DCCCLII
MMMLXV
3776
1597
505
3623
MMCDXVI
2244
2709
DCCIII
MLXV
2424
1313
2205
3701
3193
CCL
MMMCXCVI
MMXIV
3664
1362
DCCXVIII
2918
2503
MCLXX
MXXVII
1350
MMDLIV
2230
3970
MCCXXII
162
MCCXXXIX
MMMCMXXIII
MMMCCCIX
685
1581
293
1889
MMXVI
2563
3150
MMCMLXVIII
2894
MMMCCXXI
MMMXCIII
3864
830
1821
MMCMXLVI
MMMDLXXX
MMMDCCLXIV
3588
2164
MMMCDXXV
2927
MMCCCXLI
1276
MMXL
MMMIV
1977
1157
MMMLXIII
60
3421
1325
794
MMDCLX
2173
MDCLXXXVIII
MMCMXXXII
MMMDCLIV
1234
DCLVI
3965
3456
3866
1423
MMCLXIX
3043
1548
DCCCLXXII
MIV
678
205
MMXCII
CCCXCVI
940
MDCXVII
2417
MMDLXXXI
3029
397
3179
138
1740
3152
MMDXXIII
3581
MMDCLII
MMMDCCLIX
CMLXIII
MMCDLXXXI
MMDCCCLI
CCCLXIX
1637
197
2437
DI
MMDCXXXIV
CMLXXXVI
2035
MMMDCCCLXI
1875
LXXIX
2528
MMMDCLXVIII
MMMDCCXCV
1424
1023
MMMCDIV
MCLXXXII
MMDCLVII
MMCDXXVIII
2237
1895
1069
750
1100
803
862
MMCMLXXVIII
MMMVI
MMCCIX
2853
MCCCXLII
DCXXXV
1124
3031
DCCLIX
1281
MMDCCXXXV
3606
444
2048
353
CCXLV
3505
MCDLIX
MMMLXXX
CXLII
1177
3723
3839
1339
3413
MCLXXXIV
2708
1829
MMMCXI
MMCMXCVI
MMMDXXV
MMMDCCCVII
MXVII
1666
MCCVII
MCCLXXI
MMCMXCVI
3799
1391
MMMCCCXC
2966
MDLXIV
1631
2144
MMDCXI
MCCCVII
MMDCCVI
2106
950
1579
MCCXXXII
MDXCII
2931
2227
MCMLXXXIII
MLXVI
MMMDCCXXIII
3650
MDCCCVII
1472
3142
DCXXXIV
CMXXXVII
113
607
2034
MMMCLXIV
686
CDLIV
MLXXIII
3453
MMCCLXXXI
2701
1907
MMMDCCCLXII
2673
2883
MCXCIX
MXLI
MDCCXXXVIII
MDCXCIV
1555
MMCXX
CCLX
1190
CXLV
3758
2504
2678
2967
2567
MCDXXVI
MCMXCVIII
MMMDCCCXXIII
CLIII
1831
3070
2578
3446
1939
MDCCLXXXIII
MMCDXXVIII
MMMDCCCXCIX
XXVII
3678
174
MMMDXC
3879
MDXXXVII
MMMCMXCVI
3380
1491
MCCCLXXXIV
1491
1561
MCCC
DCLXXXVI
CXXVI
321
MCCCXXXI
MMDLXVIII
MMDI
CDLVII
3028
CXC
MMMCCCLXXVI
MMMDCCLVIII
MMDCCCXII
1404
2440
35
2434
2404
MDCCLXVIII
2481
877
2318
DXXX
CCCLXXIV
3790
MDCLIV
589
DCLIX
MMXXXVIII
1918
MMMCMXXV
3664
MMCXXXIII
1658
MMLXXXVII
MMCMXLIX
2268
CCLV
81
CCCXCII
327
MMCMXXXVII
MMMCDXIII
MMMCDLXXXVIII
2404
MMDCCCXLIX
MIX
MMCLXVIII
DCXIII
1313
1870
MMCCCXLII
3353
MMMXVIII
3845
MVII
MDCCXVII
2715
447
2129
2214
DCCCXXXVII
511
3641
MMCDIII
1034
DXXVI
1147
2924
1274
MCDXXXIX
MMCDLII
MMMCXXIII
198
121
CCLXXV
1033
1818
405
186
496
3210
2447
3283
45
2775
MMMCCCLX
MDCCCXCVI
MMMCLXXXIV
3983
MDCXXXII
2136
2760
2009
MMMDCXXXIX
MMCDXV
1500
CCCXXVII
3511
MDXC
MMMDCCCIII
507
MMDXXX
MCIII
3904
490
1466
MMCCXII
MMMDCCCXXII
MMCXXXIV
3412
MMMDCXX
MMMCCCLXXXVIII
LXXV
MMMCDLX
MMDCCCLVI
2803
MDXV
2799
CMLVI
MMMCXL
MMCCCXXXIII
1435
3014
1539
MCCCX
3500
1568
MMCCCLXXIV
1664
CCI
DCIX
786
MMMCXLIII
MMMDCCXCII
CDLIV
2158
MMMDCXXV
MMCXIX
MMMCMXLIX
MMMCLXXII
1655
605
2172
CDLXXIII
MMMXXVI
MDLXIV
MMMCXXVII
868
XXVI
3455
MCCCXXXIV
MMMCDLXXVI
2105
999
3165
MMMCXLIV
MDCCCXIII
3105
MMMDCCCII
DCIII
3715
MMCDLXXIV
2507
CLXXI
2134
3174
CXLIX
MMMCCXCV
2876
1671
617
DCCCLXXIII
MMDXXXV
3354
MMCLXXXVII
2912
MMMCCXLI
MMLXXV
MMMDCCCXXVII
MMCDLVIII
1651
3733
MXXIV
MMMCCCII
156
1718
MMCLXX
3673
MMMDCCXCVI
MDCXXXIII
2705
MCMLXVII
2357
MDXCIV
MDCXCVI
MCDXCI
MMLXV
821
MMCXLVII
MCMXIV
2805
MDCCXCIII
MMMDCXLIII
MMLV
3690
193
MMMCCCLXII
CXV
2025
3057
CDXLIX
DLXXVII
MMLXXXIII
158
MXXXII
1228
MMCCCXXIX
MMCXLI
2774
1035
887
MMCCCXXIII
1005
MMMCCLXXIX
MMV
2985
596
DCXVI
MMLXVI
1649
MDCCCLXX
MMMCCCXXXI
59
3014
3265
MMMCCCXXVIII
1500
55
2037
3869
MMMCDXXVII
2919
3724
MMCCCXCIV
MMMCMX
2490
MDLVIII
2165
3974
2697
MDCCCLXIX
2981
2677
1749
CXIII
MDCLXXX
3676
2454
MCDXCIX
MMCCI
3160
MDCCXXXIX
MMCDXCVII
MCCCXLV
CMVI
2680
MMMDXXXVI
3573
2017
DCCCI
MMMXCIX
170
303
764
2342
DCCX
MMMXLVIII
1517
772
439
CXXII
MMMDCCCXXXI
2178
MMMDIII
2098
2916
3778
MMMCMIII
CCLX
3582
MMMCXX
MXXXVIII
MMMDCCCLXV
MMCCCII
3002
894
2461
MDXI
MCXXVII
MCXCIV
3005
MMDCXLII
2842
MMCXXXVI
3993
490
3205
2475
MDCXXVI
2912
674
1869
MMDXVII
3603
MMCCXXXVIII
1765
MMMCCCLXII
914
1398
CCLXXVIII
819
MDCCXVII
1161
844
391
MMCMLXI
CMXLV
953
3347
CXXX
3869
MDCXII
2884
841
MMMDCCLIII
2952
MDXXXIII
MDCCCLXVIII
MMCDXXXVII
MMMCMXCIX
445
152
2561
MCDLXXII
MMMDLXVI
2699
776
3592
MMCCCV
2389
MMMDCCLXXXVI
48
MCCCLX
2919
1666
3939
3888
DCCXXV
3590
2018
3632
1487
3397
MCDXXIX
78
MCDLXXXVIII
DCCXIV
MMDCCXLII
233
675
CCXXVIII
3530
2067
MMCIV
CLXXXI
1160
MMDCCLXXII
MDLXV
1608
MDCCLXVIII
125
3992
MCCXV
2540
CDLXXXIX
2466
2236
2921
CXXXVII
31
MCCCXCVIII
757
MMCMIX
2988
82
795
MMMCXV
MMMDCCIV
805
1142
MMDLIII
928
MMMCDLXXX
1950
MMMLXXVII
2679
1181
1254
CMLXIII
3756
2527
CDXCVI
CDXCVII
MMXX
1960
3683
2689
CLVIII
MMCXXVIII
MMCDLXXVII
267
2260
2142
955
2598
3485
627
X
2575
MMMLIII
105
700
2229
MLXVII
2675
MMMDXIII
MMMDIX
2091
1949
3448
1817
MDCCCXXI
2657
MCXXXIX
3894
MMMDVIII
MMMCMXLII
769
3831
MMCMLXXI
1745
3778
MMCCXXXI
2939
996
DCXXVII
MMXXIX
532
2235
3481
2779
CMLXXIX
CXXV
MMCLXXXV
MMMCCCLXXXIX
MCCCXIX
CCCIII
3631
2360
MMMDLXXXII
MDXXIX
413
II
3223
LXXII
1412
MMCMXXXII
181
2527
DCLXXXIII
3694
1404
2818
CCLXXV
2602
3641
MMCMXCI
3931
MMMDCCLX
1356
2873
818
DCCCXVII
3740
3758
1859
MMMCXXXVIII
1413
2361
1358
MDCCCXLVII
MMXCVII
MCMXCIV
MMCL
1738
318
MDCCXXVII
3638
MCLXIII
1825
1252
778
MDCLXIV
3304
3350
MMMCDLXXX
MMMCCXXXVI
1900
MMMDCXVI
2707
MCMXVIII
MMMCDXL
MMMCMLXI
1247
3575
2691
3917
MMCMLXXVII
1250
MMMDCCXCIII
DLXXV
MMCDLXXIX
2580
MMMCCCXCVI
500
DCXLII
CLXIII
DCCCXCI
MMDCCXXV
DCXI
CMLXXIV
CXXV
2588
MDCCXXVII
MMMCXIII
MMDLX
MMCDXXXII
3817
CCLXXXIV
MMDCCCXXXVIII
MMXXII
CCXXVII
1064
MDXCVI
1283
3145
3867
30
1031
MMDCCXLIV
MCMLXXI
1187
MCMLXXVIII
2534
243
292
MMCDXXXVII
1614
1193
3541
MMDCLXXXIV
CC
2191
3936
MMMLXIX
LV
MMDCCCLXI
2535
MMMDCCCXXXIX
MMCVII
1339
MMDCCCXXXI
1618
MMMDXXX
3201
MMMDXXXVI
2803
MMMCCIX
1267
696
45
MMDCCXXXVII
708
3813
DCC
117
3198
2414
1008
MMDCCCLXXI
MMMCMXVI
MMMCCCLXXXI
1771
CCCXIII
3437
MDXCVIII
MDCCI
CXCI
3004
511
2388
MLXI
1917
MMMDCLXXIV
2545
MMMDCCXLIII
MMMXXXVIII
MMMCCLXII
3321
MMMXI
1229
MCLXXVIII
2638
MMCXIX
MCXCIX
MMMDCCCLXX
MCCCLXXV
MDXCIX
CCCIII
MCCLIX
197
MCMXXXVIII
1083
MMMCCXCVII
MMMDCCLVII
1823
2678
MMMLII
220
MCLXXVIII
3253
MMDCVII
MDCCLXVI
102
MDCXII
MMCDV
2763
3719
3543
2500
1830
MCXIX
1317
CMXXI
MMDXCII
963
CCLXIX
MMMXXV
MCCXXVII
DCCCLXXIV
MMCCXLV
1001
3235
1856
2242
3759
1150
3796
MCMXIV
MMCVII
MCCCLXXXVIII
MLXXVII
MMMCLXVIII
3654
764
MMXLIV
MMLX
693
2030
MMMCMLXXVII
1003
MDCL
2442
MMMCMLXVI
MMMV
MMDII
MMDCCLXXXVIII
3368
MCMLII
3293
CCCXLVII
MDCCCLVIII
CMLI
CCXXIX
344
MMCMLIII
2183
CCXLI
3516
1755
3822
MMMDCCCXLVIII
CLI
547
MMDCXV
3954
MMMCDXVII
MMCCCXXIV
1431
2250
MCCLXVII
CCCXXXVIII
CDXLVIII
646
MMCCXX
3964
791
MMCCXVI
3623
211
MXVIII
MMMCMXXXVIII
MMMDCCLXXXV
2140
2131
914
3287
2839
MMCXCII
959
1012
CVIII
MDCCCXVII
2979
2563
MDLIII
MMMDCXXI
DCLXIV
MDCXVI
MMMDXXXV
MMCCCII
MMMDXXXIX
1493
DCVIII
MXXVI
781
568
1401
MDCCXXXI
MMMXII
MMDXLIII
1445
1197
497
MCXLVII
2999
LXXI
CMXVII
3655
CMXXXII
288
CMLXXXIII
MMMCLXVII
2743
MMCCCXLIII
CCCLXXXI
MDCCLXXXII
1021
MMMCMXLIX
MMMDCLVII
CCCLXVII
CDLXXV
CCCXVI
2761
2407
DCCLXX
M
DCLIII
DCCCXLIX
1159
MDCCCXCIV
908
2133
MCMXII
CDVI
MMDCCLXXXIII
MMDCCCLXIX
DCCLVIII
1134
CXXXIV
MMMXXX
1951
1970
MMLV
MMMDCCXXI
761
3200
2208
2776
284
703
DCCCXCIX
3990
MMDCLXV
876
CCCXLVII
XXXVII
MMDCCCLXXXIX
3312
LXXX
MMCDXXIII
MMCCCLXIX
2885
1951
1389
1018
1593
MMLXXVI
CMXII
616
2062
3459
MDCCCLXXVI
3297
MMMXL
293
626
24
135
DXXXVIII
CDLXXIV
MDXCIII
MDCXXII
364
MMMCMLXXVI
MMDCCCLXXXIX
909
MMMCCCXXI
MCXXX
MCDXCIII
MMCCCLVI
1039
MMXXXIV
MMDXXXIX
2748
MMMCMLXXV
DCCCXLIII
1683
1864
MMMLXXI
873
DXXI
1083
2522
2800
MMXI
1258
MCDXXII
MMCMLXXVIII
MDCCLXI
MMMCMXXXIX
2118
CCXCII
1543
2815
2704
3519
2378
MMDCCCLXXXIX
DCCCLIII
MMMDLXII
2771
3917
2587
1121
2645
2489
2444
1234
673
3785
2386
1533
MMCXXIV
2664
MCVI
3864
772
2254
3014
MMDCCCLXXXVII
MMMCMLXXXIX
35
CDXCVI
2918
3454
2113
1848
1389
3363
CMLXXXI
323
MMCMLX
DLIX
MXVII
DCXXXVII
MMCCCLXXX
DCCCII
MMDCCLX
MMMCCXXVII
2461
473
3737
CMXCIII
DCXVIII
MMCLXIII
3225
1268
DCCCLXIX
MMMCCVI
53
MMMCDXII
2499
MMMDCXLVIII
3314
DLXXV
488
MMCCLXIII
MMDCCCX
MMCCC
3721
CMXCIV
MMCMXXIX
59
MMDCCVI
2419
MCCLXIX
1966
1437
656
156
MMMDVII
943
1241
MMDLVI
2259
MCCXV
MMMCDXXIV
158
MMMXCIII
487
3447
MMDCCCXXX
MCCLXXXIV
317
MDCCXVII
CCCXCIV
1268
MCXXXV
3234
1612
CXVIII
MMMCCXCI
MCCLVI
3281
MMMDCCLXXIV
2212
2050
CML
MCCCLXXXVI
MCLXXIII
1898
2875
MMMCCCLVIII
CCXXVII
MMCXXXIX
848
MMCCXXI
MMDLX
MMMCV
MMMCXCIII
MCMXCIII
MMCMLXVIII
1261
MCXCV
MMDCXXVI
MMLXVII
MMDCCXXVIII
CMXCII
MMDCCXCIX
8
CCLXI
1197
MMDXVII
MMMDIV
1253
CCCXXV
1618
1173
2327
MMMCXXXIX
MMVI
DCCCLVIII
CXXXVI
3369
256
2893
3301
MMMDCCLVI
3640
MCDXCVII
3199
MLXXVI
MDCCCLXV
MCCLXXXI
MMMDCIII
848
1893
DCLV
1717
2945
MDCCCLIII
1951
MMCMXI
243
MMDCCCLIX
MMMCMI
MDCCCLXXXV
MMDCXLVI
DCCCII
1569
MMCIX
MXXXVII
3176
1370
MMCCCLXXVIII
2410
MDCCCXCVI
MCLXXI
CCXLIX
MDCCCXXXVII
CLXXI
1683
MMMDCLX
DCXLIII
1554
692
2864
MMMCLXV
MMDCLXXIII
MMMDLXXVI
3845
MXXVIII
MCMXLIX
MMCDLIV
DII
1184
1756
MMMDLXXXIII
MDCCLXXVII
2015
CMXXII
MCCCLVI
MMDCLI
3368
CCCX
MCCCLVIII
1148
1141
704
358
1101
MMLI
MMMDCCXCIX
1945
MMMDCCLXIV
38
MMMIV
MDXXIX
CMVIII
165
3878
1381
MDXIII
MMCCLVII
3768
MDXCII
3055
DXX
2390
DCCCLXXXI
MMMCMLXXX
981
CCL
MMDLXX
MMDXLIII
3551
3363
CDLXXXIX
MCLXIV
2909
1975
CCCLXXVIII
MCMLXXXIX
336
2029
MMCDLIX
3084
1010
DLXV
MMMDCCLXXXIII
3726
1627
816
2235
MMMCDXCIII
3707
2787
MMCCCXVIII
1537
751
MCMLIX
MMMCCCXLII
DCCCXXIV
MMCCLII
3827
1421
1314
1154
1288
MMMCCIX
MMMCCCXXXIV
788
MDCCXCII
943
1279
MCCCXXX
3776
MMMCMLXXXI
CLXXVI
CDXXXIV
3062
MCCXLI
MMDCXLI
346
DCXIX
MMDXXXIX
3254
44
CMXCI
MMDCCLXXXVI
880
3049
1113
MMMCMXXXIX
1123
1889
MMCCCLXVI
MMMDCCCLXXVIII
MMMCCIII
MMMCXXXIII
396
3931
MCCXXI
DC
2447
MMMDXXV
MMMCCCLXXXIV
CCCIII
DCCXL
MMDXVIII
CMXCV
XLIV
2934
2743
1766
1263
1135
3086
MMXVII
MMMCDXVII
661
687
MCCCLXXV
MMMCCXXIII
916
2271
795
MMMDCXCIV
MDCCXCVIII
MMDCCCLXXXIV
1473
3651
1530
2008
CMVII
MDCCLXXVIII
MMMDCCCLXXIII
1428
CXCIV
986
2295
MMCCXCIX
3400
DCCLIX
838
549
MCCXCIII
3868
MMMDCCLXXIX
1886
CCCII
MMMDCCXLVIII
CMLXVIII
DCCXXI
3428
1173
DCCXX
DCCCLIX
3950
MMMCMXIV
262
2203
MMMCCLXXXIV
MMMCCCLVIII
2432
DCCCVI
MMMDCCXXIX
776
CCLIV
MLXXXIX
1171
330
2406
MMCDXCIX
CMLIV
3196
3327
17
MMMCMVI
523
DCCCXXXIX
MMDCCCLIX
MMMDCII
3738
880
MMMXCI
2052
997
MDCCXLII
MMMCCCLXXIX
MMLXXVI
3400
2860
1093
MDCCCLXV
917
MDXL
600
MMMDCXCIX
MMMCDLII
3289
405
3607
196
1859
MDCCCLIV
3653
1556
MMDXLIX
DCLV
MMMDCXCVIII
MMMCCCLXXI
3702
312
MCCXX
1409
1792
999
MMMCDLXXI
MLXVIII
2205
3242
MMCMLXXXVIII
MMMDXXVII
MMCDLXVIII
MCLXXVI
MMDVII
546
MDCLXXVIII
MMCXIX
3241
CCXXXIX
MMMXVI
1795
MXVI
55
3893
376
2368
MCCLXVII
MMCCCLXXVII
MMMDCXXXI
3361
MMCCCXLIV
804
3513
MMMCCXXXVI
MMDCCC
3582
MMMXL
MMMCMXLIX
MMCMLXXXII
MMMCDXXXI
1253
3792
CCLIII
MXXXIX
3478
2320
MDCCXVII
803
CMXXVI
2027
MMMCDLXXXV
2507
MDCVII
341
MMDCCCXXXVII
MMMXLI
MMMCLXVI
263
CMLXI
CMXXXIII
1289
MMCMXXXIII
3795
2664
CLXII
2395
CDXXIII
3898
666
CDLXVIII
CDXLIII
46
1875
3036
187
CMLXXXII
MMMCMLXIII
3116
X
2699
3107
2341
CCCXXVIII
2709
MMCCCXLVI
MDLXXXIX
MMDCCCLVI
1903
MMMLXIII
2855
CDLXXV
MDCCLII
CCCXCII
CCXXII
MMDCCXXXIX
1280
MXXVIII
2906
CMXVIII
3672
1861
3576
MMMCDXXII
402
MDCIX
3965
1712
368
CCCLXXXIV
MMDCLX
DCCCII
MCCCLI
847
1392
170
1082
MMCLXXIX
871
1383
3232
2457
3193
1523
1490
3147
MCLIV
1589
3479
MDLXXIX
3307
MMDCCXLVIII
3121
3097
2413
MCMXLII
MMMCXXV
MMMCCCLV
104
3523
1390
MDCCCLVII
1231
759
MMMCCCXXIII
592
MMDXCVI
MMDLXVI
1476
LXVIII
1908
DCCLXXII
MMMCXXXVI
DCCCXLIX
LXXXVI
MDCCLXXII
MXIV
979
106
3840
MMCXXXIV
2656
MMMDCCLXXXII
476
2358
2105
MMMCCXCVII
MMDCCXC
MMMCMII
MMCIX
1478
MDCL
MMDXLV
2946
CLXVII
MMDCCCLIX
1917
MMMXLIV
1409
1027
75
MMCCCLXXXIII
3125
1487
MMMDCCXXXVIII
CCCXCVI
CCXCIII
MCCCVIII
MMMDCXIV
216
2823
MMMCCCXXXVI
CCCXV
2651
1082
2121
CVIII
647
MCCXXII
1836
MMMCMXXIX
3181
MMMCCCLXXXII
1625
3060
MCCI
1826
3864
MMLXXVI
MMMCCXLI
3583
2000
961
2902
1519
MMMDCCCXLVI
MMMCMLXVII
CDLXVIII
DCCXIV
MMMDCCXIV
CMLXXXV
3460
2915
3195
2646
2086
MMMDCCXXVIII
MMDCCCLXXV
3993
DLXXXIII
MMMDCLXVIII
2635
MDXXII
2520
CDLXVII
2969
CCCXCVII
72
1842
2158
DCCLXXVI
MMDCCLVIII
MMMCLXXXII
MDCCXXXV
MMCDLII
2502
MMMDCCXXII
1129
CCLII
MMCMLXIII
MDCCCV
MMMCDLXXXII
2814
399
327
610
CCLXXIX
1337
MDCCLXXXV
1928
1436
MMDCXLIV
1107
CCLXIV
MCLXVII
DCXL
3915
LXVIII
MCDLXXXIV
MDXXVII
MCCLI
MMMCDIV
MDCCLII
1370
MMMCMLXVIII
2758
MMCCXVII
3486
CMXCII
2983
MDXVII
CDLXIII
3637
3483
1269
MMCXXIX
2771
1008
2275
MCXC
MMCMLXVII
2536
3001
MMMXXXVIII
MMCMXXII
3681
MCCCXXXIX
1347
MCCCVII
3799
2952
MCCCLXXXVIII
3426
MMMDCCXX
3260
3529
2859
1599
3596
2033
1397
MMMCDXIV
2759
CLXXV
2407
CCLXV
MXLVI
MMMCMLXIX
3893
1388
MCCIV
MMLXI
806
2509
1468
2401
DCXCV
MMLXXXVIII
423
MMDXCIV
MMDCCCV
MMCCXVI
MMMDX
3681
MMDCCXCV
DLXVI
3022
MDCCXLI
MXXXVI
CDXXXIX
MMCXXXII
MMCLXVI
2647
2958
1994
MMCLXXIII
1106
MMXXIV
3587
2592
MMCMXXIII
1798
2255
1388
DCCLXXIX
MMDCLXXXV
MCML
MMCMXXVIII
1920
3873
3441
1272
2369
DCCXXXVI
MDCXXXIII
MMMDCCLXX
MMDCLXXIV
2695
CCXX
MDCCXCII
DCXXXVI
2177
862
MMMDCLII
MMMCDXXVII
1733
LXXXIX
MMCCCXV
MMCCCXV
152
MMCLXIV
2173
MCLXXXIII
MMMCCCXXIII
MMDCCXVI
1427
MMMDCLXXVI
2534
MMDCLXXXV
MMMCMXIII
2681
640
950
784
MMLII
1273
XVI
MCDXII
2484
MMCCXLVII
1944
814
DCCCXCVI
DCCCVI
3669
920
CXLIX
MMDCCXXI
MCDXCIX
MMCLIX
MCDLVII
2415
2431
CDXCI
1460
3970
CML
MMMDCCCXXIII
MDCCXLVI
CLVIII
1343
3979
MMMCDLXI
1846
1288
1573
MMMCLXII
MMMXXXI
2973
2007
DCCCIX
533
3318
MMDCLX
MMMDLIII
MMMCCLXXXIII
2754
MMDCCXXI
3433
CDXIII
MMMDLXXXII
3868
907
1495
2925
MMMCCCII
418
MMMXIV
1378
2516
MMMDXXVIII
2179
1926
CDLIV
2708
DVII
3626
MMCXIV
1118
IX
3352
MMDCCLIX
1612
MMDCCCLXXII
MDXCVII
1757
1702
DCCCLXVI
CCXXXVIII
DCCCL
MMMCCCLXXXII
DLXII
MMCMI
MMXCII
MMMDCCXXXVI
MMMCMLXXXIV
2508
1941
1164
MMCCCLIII
MMMCCXLII
MMDCLIII
155
3588
3188
MDCXII
MMCLV
MMMDCCXXXVI
MMCCCLXVII
MMCMXLIII
1702
676
548
MMMDLXXX
312
3603
2974
MMCCXLVI
MMMCMXL
MMMXCII
1061
2030
MCDLXXIII
MMMCDXLV
DCXIII
MMCMLIX
MDXCVI
MCCLXXXV
MCLV
MCXXXV
275
2234
CCLXXIX
3303
64
189
MMCCCLXXII
1834
MMMCCCLIII
CXLIV
3760
MMDLIV
MMDCCCV
3293
167
MMMCCCXXIII
3062
MMCCXVII
2139
2645
DCXIX
MDCCLV
3742
MLVI
MMDLXXVI
DCCLXXIV
MDCXXV
1709
413
MMCCLVI
1586
2545
834
MMMDXXVII
DCCCLX
MMDCXXIII
2907
2827
1635
1655
MMCCLXXV
2347
DCCXXIX
2257
MMDCCCXLIX
MMMCCCLXXXVII
CDXVI
241
CXVII
MDCLII
1585
950
2365
MMMDCCCXCVII
MCXXVII
MLXXVII
MCDLII
2242
CCLXXX
1915
MMMDCCXXXI
MCMLV
2306
MCMXXIV
MMMCMLXII
3592
490
1994
1532
MDXCVII
XCVII
MMXXIV
278
3203
MMMCCXLVII
3013
MMMDCCLXII
DLII
LXXII
3257
MMCCCVI
1138
2626
MMCDLXVI
CXC
3335
1931
CMLXIII
1593
2876
CLXXV
MMDCCLIX
1076
MDXIX
MCCCXLVI
MMDCCXXIX
MDCCCLVI
MDCCXCIX
MMMDCCLXXX
MCCXX
3267
1395
MCCCLXXXV
78
2436
MMMCCXXXVIII
MDCCXIV
1036
MDLXXXIV
DLI
CLIX
35
2231
996
1241
1218
2889
2423
MMMCXCII
MMMDCCLXXXIII
LXXVI
1730
196
MCCXLV
2836
DCLX
MMMCCCXCVI
MMMCCCLVII
737
3683
773
3192
2852
CCCLXXXII
MMCCCXXXIII
MMDCCCXCI
2167
MMMLVII
MMCVI
3930
2729
CCCLXXXVI
282
1602
MCLV
3277
1350
1747
MDLXXIV
1497
3937
DCXII
2063
MMCCLXVIII
MMDCCLXXXVIII
MCCCXXIX
DXLIX
1328
2596
2821
MCDXXXVIII
MMCMLXXXI
MMMCLIII
3006
440
3389
MMMDCLXXXV
DCCCLXXXV
3728
MMMDCCCXIII
MMMCMLVIII
MDCCLXXXIV
378
MMIX
LXXX
2054
MLXXIX
MMCX
DCLXXXV
CMLXXX
MMMDCCCLXXXI
MCCLXVIII
246
1190
470
CMXCII
MMDCCCXXII
3551
3653
MMMDXCI
3611
2451
3227
1867
MCXL
2066
3996
MMXCVIII
1783
MDCCCXX
DLXXV
296
MDLIII
937
MCCXLVIII
1722
MCDLXIII
1656
DCCXCVI
3915
889
MXXXIX
3314
2655
1681
1593
CDXCIII
512
1836
1300
3183
2853
MMMDCCLXXXVII
MMMDCCCXL
CXXVII
1915
MMMCCCLVII
MCCCLXXXVI
MDCCXXXIV
1730
MMXLVII
1362
2634
3457
3446
MDCCXCIII
821
3256
MMMCCXXVII
1966
CDXC
2127
MCCLXXIII
1846
1604
MMMCMXI
MXV
2065
MCCCVI
150
CMXXVIII
MMLXV
MMMDCCLX
MMDXXIX
1746
MMXCII
1803
MCMLXV
2029
MMMCCXXXI
3286
2462
MCCCXXXII
21
MCCCIII
1375
3303
3129
2979
3950
MMMCMLXXXII
MMMXXXVII
2940
MDCLXXII
MMD
CCCLI
1967
MMMDCXIII
DCXXVI
MDCLXXXVI
MDCCCXXX
CCX
2539
MXLI
582
MMMDCCCXXXIX
2347
MMCCCLXXXVI
3787
CCCXCVIII
MMLXXXIV
MMDXXVII
1434
3946
DCLVI
MMCXXXIV
MMCMXIX
MCMLXIII
704
MMCDXIX
1642
MDCLXXXIII
MMMCCCLXII
3163
3035
MMCDXXVI
3688
2508
13
MCMIII
1658
MMCXXXVII
MMCCLVII
CDLVI
CMXC
3666
MMMDLXXVIII
MDVI
3852
MMMDCLXXIX
1912
2447
2706
MMCDLVII
3387
1805
MMMDCXXIV
MMDCCCLXVI
CCXCIII
745
MCMLXII
CDXL
MMCCCLXVIII
1199
850
1042
CDI
CMXVIII
573
MMDCCCXXIX
MMMCMXXX
1707
MDCCCXXXIII
MMDCCLIII
2753
MMMCCCLXV
MMCCCII
MMMDCIX
MCCCLXXIII
1509
CCCLXXVIII
556
MMCC
3360
1238
515
MMDCCCIII
MMMDCXXXVI
2399
DCCCLXII
946
3974
MMMCMI
418
MMMDCCLXXXV
MMMCDLXXVI
1028
D
2655
3820
MMMDCXXV
CD
MMCMLXXIII
2677
1438
3387
397
DCLXII
2883
MMCCCLXXII
3260
1947
2612
1715
2541
MDCCCLXXXI
2034
3818
MMMDCCXLVI
3872
837
MDCLII
3484
DCCLVI
308
MMLVII
536
748
MDCCLXXI
MMMCCCXXX
MCCCXCIII
2112
DCCLXXXVI
1749
263
DLXXV
3647
CXXXII
1856
MMMDCCCXCI
MMMDCCXCI
MMCMLX
116
1137
DCLXIX
753
MMMDCCCL
2458
MDCCCXXII
MMMDCCXXXVIII
2029
3752
1341
DVIII
DIX
MMDCCLX
1862
MMDCCLXXV
CCCXXIII
2808
314
CXXI
3435
968
MCCXXII
225
377
MMCCVII
MDCLXXXIX
MMMLVII
2520
XXXVIII
2388
DXXXI
2027
MMMCCCXLVIII
845
518
3203
858
MMMDCXCII
891
2664
641
3884
1232
CMLXXV
MMMCLVI
2958
MMDCCLXXXV
MDCCXV
MCCCXCV
365
3214
3638
2153
MMCMLI
924
MMMXCIV
3244
MMMLXXXVII
3954
3392
682
MCCCLX
2877
MMMXCI
MMMDCCLXXX
MMMCDXLIII
3049
ML
1667
1838
CCXLVI
393
1103
730
2456
3701
705
2251
MMMCCCXXIII
2136
433
1483
MCCCLI
DCCCXIII
2544
MMDCCLXXV
MMCMXLIV
MMXXXVI
1039
DXVII
1033
MDLXI
MDXCV
DCXXXVIII
2135
524
3123
MMDCCLXVII
DXLIII
3910
DXLI
2886
CDIV
2992
822
CXLII
MDCXXXVI
1661
MMMDCCV
605
181
2350
MMDCCCLXXXV
MMDLXXVIII
3963
957
1834
MMCDXCII
CCCXXXVIII
DXI
MMDCCCLXXXIX
MLXV
MCCV
CCLVIII
2946
MMDCCXXXV
2046
801
MMMCCXLI
MMMLXV
142
DCLVIII
MMDCCXXXV
MMMCLXXVIII
MMMDCXXII
MMMDCLXXXVI
407
MMMIV
MMMCCCLXVII
3307
1827
DCCXCII
MMMCCXCVIII
MMMC
3727
MMDCCCXL
1205
660
846
MCXCIX
CCLVII
MMDXL
649
MMMCMXCVIII
2033
477
3314
MMDXXXV
863
MMMXIV
2696
833
2351
CCCXCVII
MDXXXIII
MMCMLXXVI
3002
MCCCVII
CCXXXVII
2367
XXXI
MCDXXXII
1277
MMDCLVIII
MMCXXXII
1230
MMXI
MMMDXI
1673
177
CCXCVI
MMIV
2767
MMMDCCCLXXV
MDXXVII
XLIX
2183
2335
103
2378
685
1085
1583
MMLXX
2271
376
442
978
390
MCDLXXXVI
2030
MMMDCXXVIII
MMMDCCCXLVI
1397
905
3198
MDCCC
1951
2401
MDCCCLXIII
MCCCLXXIII
361
658
2153
2319
2230
2552
MCMXIX
DCXCVI
CXXII
CLXXXIX
1946
3268
3222
MMMCCLXXXIX
CMXI
275
3344
889
2712
CDXXXIII
MMMXCIII
2819
MMCCLXVI
3191
1780
CLXXVII
MMMCXXIV
2548
2891
129
3248
1151
MMLIII
MDCCCLXXIII
MCCII
1852
469
CDXXI
MMMLXIII
929
235
1223
1774
MMCCCXCVIII
MMM
MMMCMLIV
MDCXXV
1187
MCCLXXXVII
93
3895
MDCLXXXIX
3751
CCLIX
3347
2277
297
MMDLXXXII
69
2635
MCDXIV
MMMCCXC
8
1047
2240
71
MCLXXXV
CMLXXIV
MMCDI
3314
2371
MMDCCCXXVIII
MMMDLXXVIII
MMMCCVIII
MMDCLII
MMCDLXXXV
2370
209
MCCLXXIV
MCCXIV
2143
MMDXXXVIII
MMCMXV
688
2463
382
1793
MMCMII
1696
2377
CCIII
MMCCXLIX
MMLIII
MMIV
2364
MMMDXCVI
1536
1970
MMCXVI
MCCCLXVI
DCXV
MMMCCXXXIII
3041
MMDCLXXIV
MMMCMLXIV
MCXCVI
MMMCMXLVI
MCXXIV
CCCLXXXIV
2926
DCLVI
MMMDXLIV
866
317
3193
3313
MMDCCCXCIV
987
1817
703
MMDCXXI
MCXLIII
MCDXCIII
1478
CXXIV
CMLXIX
2885
MMMLXXXVIII
MMCCXVI
MMMXXIX
2742
CCCLXVI
MMMDCLXXXIV
MMMDCCCLXXIV
DCCLXX
2817
MDCXLVIII
1487
1972
787
MMMCCCLXXII
MMMCMLXXIII
626
MCLXVI
LVIII
963
3319
MCLV
2467
3543
MMMCLXXV
MMMDCCXXXIX
MMMDCCLVII
MMMCCCLVIII
DCCXLI
2740
2621
1712
CLXXXII
444
1802
MMCCLXXX
2657
427
283
3979
CDLXXIX
MMMDIV
MMDXCIX
3157
MMMXIV
MMMDCCI
MMMCCCXVI
52
2466
865
374
1117
DCCLIV
2609
MMMDCCCLXXI
CDXXX
3939
MMDXLVII
151
402
2858
MDCXCIX
3609
MMCLXXIX
2981
CM
CMXXV
MMCCCLXXXIII
3410
MMDCLIII
MMMCCCLIV
265
1589
MMCCXLIV
MMDCCXCIV
3680
MLXII
1897
MLXXXV
3766
MMMCCL
CCCVIII
542
MMMDCCXIII
1783
847
3239
MCMXXV
MMLXXX
3012
71
1254
2762
CCVIII
CDV
MCLXXIV
3018
MDXCVII
1015
3179
MMXCV
1705
MMCDXXIII
525
MCCIII
833
MCCXXIX
MMMDCCVII
2836
MMML
3132
1136
1935
DCCLXXX
CLXXXIX
MCDXCVIII
2620
CCLXXVII
MCDLXIV
MDLXXIV
3296
MMMCMXXVII
MMCMXIV
MMMDCCLXXXV
1527
1527
2374
1562
2948
626
1189
CXXX
1853
1425
196
MLXXIII
2978
CCCXXIV
MDCCLXV
MMMCMLXXIX
MMCCCXLIX
MMDCLXVII
2609
CCCXIII
MMMDCCXLVII
MCDLV
818
114
MDCCCXCVI
MI
MDLI
451
3418
MMCMXXII
2690
1856
MMMCCCLXVI
MMDCXXXIV
MCCXXVI
MCCCIV
MMDXLI
MMCCXLVI
MDCCCXII
MMDXXV
3551
MDCXXIV
MMXCVI
2105
404
MDCXIII
1041
3031
1758
1683
3635
3973
1516
1092
2292
MMMCMLXV
67
3737
MCMLXXI
3102
CCL
2191
2947
966
CDL
2940
LXVIII
MCCXXXVI
MMMDCCCLVI
3585
943
MMCCCVIII
895
3891
714
3192
MMCDX
2005
MMDCCLVIII
159
MMCDXCVI
MMCCLXXII
MDCCXIII
2019
1110
784
2342
MMDCXI
MDCCCLXX
1171
2775
CCCLXIII
MMCCLXXXIX
DLXXX
2849
CCCXXXIV
1027
1796
MMMCLXXVII
MCDLII
MMCMLXX
2420
3066
1488
2482
MCXIV
MDCCLXVII
MMCMXIV
3070
2802
MMCDXXIX
225
2176
MDCCXIII
CCCXCVIII
1971
3422
CCCLIII
MDCCCLV
MMCXXXII
CCLXXII
MMCCXXV
MMMDXXV
MDCCCLXXXVIII
1105
589
MMMCXXXIV
DCLXIV
1774
MMCXLIX
1509
MCCLXXXVI
2466
651
MCDLX
CMLI
2533
1357
2681
MDCCCXV
MMCMXXXI
2573
MCCXXII
MMDCLXVII
3702
MMMCDLX
MMMDCCCLV
2789
3536
1705
1245
228
MDCXLV
131
258
3026
1104
DCCCLXXXV
1722
2743
MMDXCIX
MCCLXXXV
MMCMLXXI
MCXVII
MMDCCCLXXXV
MMCXXXIII
CXCVI
MDCCXCII
400
MC
MMCXXXIII
2598
2297
3868
MCDXL
MCCCXXXVII
MMMDCCXLVI
MMXXXVII
MMMDCCCXLVII
XLI
MMMCCLXXI
2971
MMM
2024
439
1666
MMDVIII
MDXC
3892
1076
DCCCXXVIII
MMMCCXX
1973
2987
MCCLX
DCLXVIII
1465
1366
2557
MMCCLXXXIV
MMMDX
271
788
1982
3827
MMDLXXXVII
CCLXXVII
1514
MMDCCCXI
DCCLXXIX
MCCXL
MCDXXXVII
1467
MMMDXII
1924
CCCXLVIII
2052
2285
CCXXV
2508
510
3410
2489
DCCXXVI
MCCCXXVIII
MMCCLXVI
2349
1221
2746
2830
MDLXXXIX
MDCCCXXXVIII
272
2609
MCMLXV
DCLIX
2131
MDCCCLXII
C
MMLXXII
CMLXVIII
3884
CDLXVI
MDCXIII
2669
MDCCCXCV
MMCXXXIV
MMDCCCXLVI
CMI
CCCLXVIII
XCIX
MMDCLVI
MMDI
2241
MDCXV
DCCCLVI
693
MDCCCXXXV
MMMCMXXIX
MMCCCLXXVIII
689
LXXXV
MMMDCCCXVIII
MMDCCIII
1564
MMMLXXIII
CCLXXIV
226
MMMDCCXXVII
MMMCMV
MMCLIX
MDL
1815
MCC
MMDCLXXVIII
2663
CCCXLIX
1735
2
2790
MMMCDXLI
MMMCCXX
567
MMMCDLXXXVIII
3687
1134
MMCXVIII
2228
2766
1626
MMCLXXVIII
MMCDVI
2652
MDCCCXXXIV
3592
MMMDXXII
MDL
224
MMCCCLXXXIX
CLVI
3776
MCCLXXVII
2686
MDCCXVIII
2137
MMCCCXLI
1162
MMCCCXVIII
3438
3924
2210
MMMCDLXIX
2251
MMMDCXLV
1018
MMDCCXXX
MMMCCCLXXXV
MCCCLVII
3157
1111
DXII
MMCDXXIII
MMMDIV
1463
MMCCCXLVII
CLXXI
DCCCLXVI
1804
MMMDLIII
395
MDXII
3917
1871
2040
CXLIV
CCXX
821
MMMCMXXI
1512
2210
1562
3642
MMCMLXVI
MDCCVIII
MXLII
MCMXXIV
823
MDCCXLIV
MDCCCXV
758
MDCCLXVI
3759
MDCCLXXXIII
2994
3255
1850
MMLII
3356
MMCCCLXX
MMMDCXVIII
MMMCLXII
MMMCMXI
MMCMXCIX
3533
MCDXVI
DCCLXIII
MMMDLIII
3229
MCCCLXXVIII
MMMCDXXXII
1450
MMCCCXII
3702
MMCL
1902
2654
MCMXCVII
CXXXII
2936
1094
MXXVII
MMCCCXXVI
MMMCCCLXX
MCCCXXXIX
2867
1068
MCCCXCVII
1344
3535
X
3389
MMCCCXLVIII
1297
2814
2940
MMDCXVII
1971
1653
MDCCLVIII
1104
2303
MDCXXXIII
MCCCLII
MMMCDLXIII
3871
MCMLXIV
MMMDXX
1385
1192
1552
MMCCLVIII
MMDCCCXXX
CCCXXXI
MDXLII
67
2580
MMDLXIV
3691
CMLIV
MMMLXIV
2429
MDCCXLIX
MMMCCLXXV
MCCCLVI
3271
3059
MMDCCCXCV
8
MMCDXVII
MMDCXL
MMCDLXXVII
CCCLXXXVI
2110
175
2233
235
882
530
394
3108
1221
MCCLXV
3625
306
DLXVII
MDCCCXVI
2733
DV
DLXIV
MMMCMLXXXII
MMMCIV
MCDLXI
CCCXXXIX
XXIII
1712
MMIV
1615
MDLXVII
MMDCCCXXXVII
DXLI
3686
MMCCCXX
MMDIX
1804
MMDCCCXIV
2752
3529
MMMDLXXVIII
MMMDCCLXIV
MMMCDXXVII
MMCDLXXX
MDCXCIX
2093
3781
2010
3672
CCCXXV
CCXI
MMMDII
1635
MMVI
3
DCCCIV
874
535
DCLXXXVIII
2832
MMDCCLXIX
MMXVII
CDXLVIII
1160
MCLXXXIX
MCCCLXVI
385
2056
MDCLXII
MCCXCV
MDXLI
3155
MMCMXI
MMCDLXXVII
MLXXXI
MMMDCCLXIII
CLXIX
773
691
MMMCCXCIX
MMCCCLXXIII
MMMDLI
1588
853
2432
697
DCCCLXXXVIII
2820
3812
MCLIII
CCCVII
2719
CMLXXXVIII
MMMCDLXVII
DLIX
1383
3216
537
2889
391
631
MMDLXXXIX
MCCLXXV
355
2804
1996
815
MMDCCCXCIII
DVI
1660
1638
MDCVIII
1231
MMMDXL
3207
1538
829
MDCCCLXXIX
MCMXXXIX
MMCXXII
MMCCCXVII
1727
376
MMXXXIX
CCXXVII
XXV
725
MMMCLXIV
105
2803
MMCDXV
MMDXXXIV
MMDCLXXXI
1555
364
MMMCXI
MMMCCCVI
2645
2660
MMMDCVII
280
2377
MMDCCCXIX
2923
MCMXLII
DCLXVI
1470
3307
2199
3333
2601
MMCMLXXV
3640
MM
DCXLIX
MCXXXIV
DXXVIII
MMMCCXC
DCCCXII
3473
1224
CCCXXIII
1939
585
CMXCVII
2410
1114
2066
1868
MDCII
DCXLIX
2472
796
MMDCCXXXI
MMMLXVI
3234
3860
MMMDCLXVII
1062
MDCCLIII
MDLXXII
3182
MMCCCI
CCCXXXI
MMCCCLXI
DCCCI
MMMCDXCIII
MMCCXII
1176
997
MDCCXXXV
2787
2079
253
1579
3620
1639
MMMDLXIX
MMDCCLXXVII
3305
MMCMLXII
MMMXCIII
3555
3572
1385
MMMXCVIII
2101
2656
3454
2421
MDCLII
MDCLXIII
MCDLII
MMDCCXXXVI
MXIV
CDXL
2743
MMMCMXXVII
MCCLXXXIV
MMMDCCCLXXX
1991
3081
759
MCCCV
3176
MMCIII
2980
MMCXCVI
MMMCCCVIII
1406
2578
2799
MMMDCXV
461
1952
1112
MDCXVIII
1438
326
DIX
MMMCXXVII
MMCMLXXXI
98
2305
MMDCLXVII
MXLII
1258
MMMDCCCXC
CCCXVIII
CCX
3014
2058
465
2394
407
DCLVIII
CIII
1206
101
MMCDLXVI
CMLI
MCXC
MMMDXXIII
CDXV
MMMDXXVI
2234
939
1611
3496
DCCCLII
MMMDLXXIX
MMMDCCCLXVI
MMMCDXIX
MMCCXCVII
MMMCCLXIV
DCXLVII
MMXLIII
3157
DCXCIV
1149
MDCCLXXXVI
MMDCCXXIII
1921
1029
2238
318
1466
423
DCCLXX
1094
719
CXXIII
LXI
CXCII
3354
CMLXXXV
3026
1935
1793
999
MMDCLXXIII
MMCMXI
LXV
CDLXXXIV
MMMDCCXXXIII
3763
MMCCLXXXV
2232
MMMCCCLIX
MCXXXV
MCDIII
2329
218
MMMDCCXLIX
2967
MCDXII
MIII
666
3410
MMCII
MCLXX
DCCI
823
MDL
104
2040
MMCXCIV
MXXXIX
CCCXLI
DCCCLXXI
MMMCCXII
CXXVI
379
MMCMXXIII
3172
955
1727
MXCII
2110
MMDCLIV
3651
3529
MMMDCCCXCII
MDLXXXIII
MMMDCCXXIX
2015
2650
MDCCXLV
MCDLI
91
1275
915
707
DCCLXXII
MMDCCLXXXVIII
3602
1722
MMCDLVIII
MMMCCCLIII
1492
117
MMMCXXXV
CCI
1378
465
3358
CDXXIII
3577
MMCDLXXV
2445
3425
454
MDCCXLI
2791
1937
MMCLXXIX
2842
XIV
CCCL
MMCLXXXII
MMMCLXI
399
3070
132
MMMXIV
1219
1642
DCXCII
1446
MMMCCCXLIV
1662
MMCDLVI
MMMCCLI
MMMCMLXXX
1825
MCXXVIII
14
MMMCLXXI
3895
258
652
933
MMDVII
261
1003
MMMCDXXIII
2865
MDCCXCIV
920
2932
3243
DXCI
MCCCLIX
3124
3776
MCCXXIII
MMMDCCCXVIII
MMMDCXCVI
MMDXII
DCXVI
2222
MMMCCCLVIII
1634
MDCCLXXXIV
1655
DCLXXXI
1962
MDCCXXXIV
MMMDCCXXXIX
DLXIX
2172
MMDLXXXII
271
580
MMCMXIII
1884
CCCLVI
1852
MMMCLXXXV
MMCDXXXVII
CCCLXXIV
2416
MCDLXXXI
MCDV
DCCV
MMMCDXCI
MCDXXXIV
3143
3005
3493
2943
1011
MMCI
484
2830
3720
CCXCIII
2182
CCCV
MMMCCCXXXIV
CCXXVIII
455
MMMCDXLIV
691
2083
MMMCCCLXXXVII
MMCCLX
1109
1687
421
CCXXVI
CCV
3827
1250
CDXIV
3686
2849
2503
DCCCXXVIII
1760
MMMDCCCLI
CDLXXXVII
MDCXLIII
MMDCXVIII
539
MCCXIX
MDCCCLXXXIV
MMMDXXVIII
62
1182
DCCCXCVII
DCCLXXXVII
MDCCCLXII
CXLIV
828
CDXLIV
3922
2264
MMCDLXII
2621
3557
940
MCMXXIX
CCCLXII
3769
1771
1369
401
3579
MMDLVIII
LVII
MCXXXIX
1672
1356
MMMDCCCLXXXVII
MLXXXVI
38
1481
MCXI
MCXXXV
3718
MMCIX
CMLIII
3946
1205
2832
807
3515
MDCCVII
MMDVII
CCLXXIX
1513
1674
3813
MCMLXII
1831
CCLII
LXXXIX
MMMDCCCXVIII
MMMCII
3949
3360
MMMDCCXLVII
3976
2928
310
MMMCCCXIX
CCXLIV
LXI
1026
MMMCLXXV
817
MMMCMXVII
3820
1323
1388
2336
3321
DCCCXX
MMMDCXXXV
CCXCVI
MMCCCLXIX
MMLII
2779
MMCCCXVIII
150
2327
MCLVI
DCCCI
DCL
MMDCCCL
1268
MDCCLXIX
1627
MMMDCCLXXIII
MMMCLXXXII
2151
1241
1085
MMDCXCVI
2237
1959
MDLXVI
MMDXCV
DXCIX
MMCDXCVIII
2118
2991
2588
DCCLXXIV
MMMCXLVI
2874
1825
DCLII
MCXC
2828
MCMLV
2388
1050
DCCCXXVIII
MIV
CDLV
MCXXXIX
1824
3053
MMDC
MMMCCXXXI
MDCXLVI
123
2232
MCMXXXI
MMDLIX
496
MMMCDXI
2823
2727
805
DCCXCVI
1199
1150
MMMDCLVI
397
3169
CCCLX
3583
3325
MMDCCXXIV
411
CCCVI
MMXLI
MMMDXVII
DCCXIII
932
2170
159
MMMCXXXI
CMLVI
3238
MMCXIII
2449
1135
CDLXXV
2157
MMDCXLIX
38
1106
128
MLXXI
MMMDCLXXVII
53
MCXXXVI
MMMXII
2056
CCLVII
3184
MDCXXXVIII
1611
MMMCMXL
332
MMDCXCVII
3824
MMDXVII
1151
DXXXV
3812
CXLI
CCCXXXVI
MCCXLIX
MMDXXXI
MMDCCCLX
2163
MCCLXXX
2703
3943
1648
2360
MMDCCXXXVII
73
MMDCCCLXXXV
3634
3117
3191
MDCXX
MMCMXV
911
2643
1765
2740
XCIII
58
3986
1830
MMMDXV
2339
MMMCXCVII
DCCCVIII
MMCMXCVI
MCDXLIX
1100
1292
MCCCXVI
1924
940
26
MDCCCII
3310
MDCCCXXXV
MDCLXVI
MMMDCCCXIV
2693
441
139
MCLIV
1366
CCLXIV
107
MMDCCXXXIV
MMXXI
1304
DCLXII
CDXXXVIII
MCCLI
DCLXXVII
1909
MMDCXCIII
MCCXLIV
MMMDCCXII
1688
MMDCCXX
DCCLXIX
1910
DCXVI
MDCCCXL
MMC
1431
2338
1816
2020
MMCDXXI
1934
MMMCCCLIII
MDXXXVI
MMMCCCXXIV
CMLXXII
MXV
3284
1953
3528
MDXXXII
MMMCMXII
MCCLX
CDXXXI
MDCLXXI
3868
MMDCXCVIII
363
MCDXXII
MMMDCCCLXXVII
2050
435
DCCCXLV
1917
CCCVII
MDCCCLXXV
2362
3319
1129
1158
XVIII
MDCXLVIII
2788
1006
CDXXXVIII
VII
1007
873
MXV
MCXLIV
2674
3475
MMCCCLX
MMCXX
MMMDCCCLV
IV
DCCCXLVII
MMMDCCCLXXXVI
126
580
307
1107
3639
CLXII
563
1665
DCCCXCIV
2581
1564
CL
1084
MMCDXXII
DCCXLII
MCCLXV
2390
2695
2602
799
1203
1859
DCCXLIX
2013
2033
3697
MMMDXXXIV
2090
DCXVI
MMCXXXIV
1078
MDCCCXCII
1012
2304
CLXI
MMMCLXXII
MLXXV
LXIX
1664
MMMCCXVIII
359
MMCCVIII
2050
MMDXCIV
MMMCCCLV
MMMDCCXXIV
CCLXV
MMDCLIII
1493
3954
2123
MMDCCCXXV
1919
2587
MMMDCCCLXXXI
MMDXCII
3623
456
MMDCCLXIX
LVII
120
192
MMMDXII
MCLXXXI
3846
MMMDCCLXXIV
3076
75
1585
MMMCXLII
1680
2853
720
2206
2434
3879
2102
MMDCCLXXXVIII
MMMDCCLXXXIX
MMCDLXXXIX
MMDCCXXXII
MMMDXV
2022
1800
CCXLV
MDXLVIII
3084
MMMDCCXV
2898
1335
CIX
MMMLXV
DCCLVII
1629
MCMLXXXVII
MDCCXXXVIII
3689
3225
MD
DCCCV
DCCXII
1217
271
961
DCXXXIII
991
CDLXXXI
3387
CCLXXXIII
MMMDXXVIII
CCCLVIII
877
1023
826
2464
MMMDLXVIII
MMVI
MMCXXV
376
129
MMCCLXXXI
CMLXXXIX
MMCCLXIV
MCCCLIII
MMDCCL
1719
605
MMXC
MCXLVI
3727
521
2632
1507
MMMCMXCI
2873
MCCCXVII
XXXVIII
DCXXXVIII
3498
2660
3631
2684
MXCI
MMCCXCV
211
CCXVIII
1897
MCCCIX
3717
MMCCXXV
2622
221
595
DXCVIII
1482
MCXLII
MMMDCCLIV
MMMCDXLVI
3823
3082
3371
583
3400
MDCLXX
MMMDCCCV
MCDXCI
MMMCLIX
MMMDCCCLI
MMMDLXXXIV
2308
1485
MMCDLXXXVI
1859
LXXXV
MM
MMMCCCVIII
3020
3142
1698
MMMCDXVII
3369
3833
MCMI
43
MMMCCCX
CI
2226
3523
MCXXIX
3915
1027
DCXC
XCVII
610
1251
2398
MDCXXXIII
2172
3606
1592
M
MMMCLXXXV
DCV
MCMXI
1856
3653
MMCDXXXIV
2401
CL
3339
MMCMXCI
DCLXIV
DIX
3229
DCCXC
MMDLXXVIII
MCCLVI
MMMCMXXV
125
MMCXLII
MMDCX
86
711
2928
MMDXIX
2294
42
2918
3030
3065
MMCCLVIII
MCCXLVII
MII
2756
CMXLV
MDLXVIII
DCLXXXVI
MMCCXLI
MMMDXXI
1957
2560
2300
44
2749
1578
MCVII
827
MCCIII
151
128
MMCDXIX
715
CDXCVIII
CXCVI
MMXXV
2644
3172
3029
2075
CIX
3696
MCDXIX
3348
MMMCMXII
2177
722
1512
1794
2083
MDCI
3430
1510
MMMCCCLXVIII
2460
MDCCXLIV
DCCCLI
MMMDCCLXXVIII
400
3964
854
MMDCCCXVIII
MCXLVII
395
2488
3502
3315
398
MMMDCCCV
2406
2491
MDCCLXXX
1518
MMCCVI
2051
2306
1779
MDCLXX
MDCCXXXVII
2517
DXXXVIII
MMMXXXVI
328
145
MMMCCLXXVIII
2655
DCCCLXVIII
MMMDCLXIV
MMMDCLXXVIII
6
CCXLVIII
586
2279
MMXXXIX
MDLXXXIII
1291
3194
1
1023
3143
1593
1102
3543
3373
3079
1211
DCCXXIX
643
3001
MXLVI
2145
838
MMCCLXXXVII
2547
DCCXXVI
889
466
1338
CCXCIX
1407
1211
MMMXXXIII
1271
1412
MMCLXXII
MDCII
239
1920
CCXX
MCLXXI
MDVIII
MMMCVII
MMMDLI
MCXV
1849
3799
3120
CCLXXXV
2212
1998
105
1448
MMDCCIV
CMLXXXV
2859
CDLI
2889
MMMDLXX
1420
MMMCMXXIV
3503
3506
MMMCCCLXXXVI
3121
510
970
MMDCCCXXXIII
1306
1836
3014
MMMCDXLIV
202
LXXXIV
925
CCCXLII
MDCCXI
3900
XLII
2770
1883
MMMDCLXXII
MMMDCCCXII
730
2560
CCLIV
CMXXII
MMCCCXXXIX
989
3421
MMMCCCLXVI
516
1090
MDCCLXI
MMMDXXX
MMCDXCVI
MCDLIX
746
MMMDCCXXVI
808
307
MMMCMLXIV
MMDCLIX
2683
1230
MMCXCIV
MCCCXCIV
MMMLIV
1911
2138
1508
3991
1394
DXXV
498
MMDCXLII
MMMCMVI
MCIV
VII
759
DLXXII
3940
MMCMXLV
CDXCII
2996
MMMDCCLXXVIII
MMMCCC
DCLXIV
CDLVII
MMMDCXCVIII
MMDCXCIV
3745
2737
2695
2243
DXLIX
1507
DCCCXXXVIII
2644
3824
MCMXCVI
425
MMMDCXXXVII
3239
MMDCXVII
197
MCXIV
MMDCCXXX
1721
MMMDCCCLXIV
MMCXLII
MCLVI
1062
MDCCCVII
CMXC
MDCXLI
CCXLIII
2393
MMDCLXXIX
1038
MDCLII
898
MXC
MMDCCCLXXXIV
MCXI
1085
MDCXIV
MMMDCLXXXIII
778
2181
1697
MMMDCCLXXVI
612
MMMDCCCXXXVI
MMMDXCV
2697
2000
2945
MMMLII
1995
3067
MXLVI
MMMDXCII
MMMDXLVII
300
MMDCCXXXI
MCXXVIII
2709
1857
MMCXLIII
MMMCCXL
2620
CLXXV
1573
3233
CCCXCIV
3139
1001
161
DCCCLX
1619
CCCXXXVI
MCCXCI
MDCCXCVIII
MMMCDLV
928
399
3661
3767
2575
1279
3691
MMMCCXVI
3885
CCCLVII
CDX
MDCCCLXXIV
MMMCDLXXXVII
CMLXXIV
MMDCCCII
MDCCXCIII
MMMCCCXLVI
MMCCLXI
2583
DCCXX
3316
MMDCCCXXXI
MDCCCL
MMMCMXVI
106
MMCDVI
2111
1610
MMCLXIV
MMDLXXV
3743
CCCXXXVI
CX
3923
3226
MMCCCXXXVII
2748
3272
MMMDCCCLIX
3657
MMMCCCXLVI
2776
MMMCXXXIV
MCD
2396
MMDCLXX
CCXXI
312
1595
MCCXXIX
L
CCLXXI
1482
500
MMMDCCCXII
DLXIII
2031
CLXV
3628
MMCDLXXXIX
DCCXLI
325
MMCXI
297
968
MMMDCCCLXXXIV
MMDI
2614
1078
MCCCXII
MCCCLXXV
MCCCLXIV
MMCVII
MMMCCCXXVI
CXXIX
MMMCCXVI
718
MDCXLVII
1904
CCXXXIV
2848
MMDCCCXCV
1970
CDXCVI
1381
3945
MMMCDLXX
3814
MMCXXXIV
MMMCDXLVII
2540
MCMXXXVI
2269
1753
MMCXLVI
MMCMLXXX
MMMDCCCLXXII
MMCLXXI
MDCXLIII
3972
1585
MMMDCCLXX
DCCCXVIII
769
353
469
MDCCLXXXIX
2289
MMCI
2211
MMMDCCLXXIII
3921
MMMDCXXXII
MCDXL
565
MCCLXXXVI
MMDXXXV
MMMCCCLXVI
MMDCL
94
1018
MDVII
DXLIV
MMMDCCCV
624
3639
3783
MMMDCCXXXV
MCLXXVI
MMDCCXXII
MMMXIII
MMCCCVI
3249
MMDXLV
MMMLIX
3509
MMDCCCXLV
MMMDV
3082
MMCDXLVII
MCMXXXV
1247
3773
DCCLXV
CCXXV
3897
3555
MMMCDXC
MCXX
MMMCCVII
MLXXXVII
MMDCCCXV
1797
398
977
MDXXXVI
DV
3857
MCLIV
2900
1045
MCCCLVII
MMMDCCCXCVIII
2933
3952
2981
1588
976
MCMXCVI
950
3248
MCLXII
MMCCLXIII
MDCCCIII
MMXCV
2734
CCXCIII
2149
3211
1275
MMMDCXXVII
MMDCCLVI
MCMXXXIII
MDCCCXLVIII
MDCCCXL
MMMDCCLIX
MDCXV
MMDLXXXIII
2329
882
MCCXXXIX
522
3970
911
1759
2882
DCCCXCV
MMMDCLXXV
1715
1507
115
1126
734
DCXX
MMLXXV
1978
MMCCXXXVII
2959
1376
MMMDCCCXLIII
MMMDXLVIII
MDCCLXXX
1437
1337
3910
MMCCXLIX
MMMDCCCL
MDCCCXXX
1599
MCDXXIV
II
3454
2791
MCLXVIII
MMMDCXXVI
2808
MCDLXXV
CXXVII
1773
1493
MMXXXIII
DCCCXXXV
2386
539
DCCVIII
813
MMCDXV
CDXXX
DCCLVII
MMMCXCIV
MMDXXIX
2467
CDII
MMMCDXLVII
884
595
3449
MMMDCLVII
1044
1747
578
1379
3229
MDCLXII
3690
MMDCCLXXXIX
1568
1702
2451
DXI
MMCMXIII
2408
457
MCCCLXXX
864
MCCXLI
2927
2186
191
3970
CDLXXVII
DCXCII
CXLVIII
3500
MCLVIII
789
MMMLXXVII
MDCXLII
MMMCCLXXXVII
2817
3125
MMMXCIII
MCCLXIX
2780
CDLXXXIV
DCCCXXI
182
CCCXCIV
291
CCLV
1685
MDCLXXIII
MMMCLXX
295
149
832
MMCMLXIV
2344
MMMCMLXXV
1151
MMDCCXLIV
MDCXV
1237
MMCCVII
2800
3326
MDCCXXXVII
MMMDCCCXIII
3572
CDVIII
1111
CMXVIII
1715
3313
3201
3460
MCCCXLIII
MMMDCLIX
2774
1973
2088
MMLXXIV
3910
MMDXII
MMCCCLXIII
MMMDCL
869
1742
3030
MMCLVII
MMMDCCXLVII
MMDCCLXXVI
1827
CXXIII
291
MMMDCCCLXXVIII
MDCXXXIX
DCCCLXX
2559
CMXXIV
338
3352
MMMCCX
MDCLVII
1363
3338
3783
2283
3365
3062
2480
MMMDCCXLIII
DCLXXX
2881
MMMCDXXIII
MMCLXXIII
MCDV
3868
MMMCCLI
2105
DCCLIV
437
3844
1334
MCCCXXXVII
DCLIII
MMLXV
MDCCCXCII
2274
2495
MMCMXXXV
1691
223
2098
MMCDXXXIX
3247
3655
DCXLVIII
2963
MDIII
2440
MMMCMXVI
3432
CL
3028
3133
MMMCII
1486
DCLXXX
507
MMDCCLXV
111
MMMCCCXIII
2672
MMCLXXXII
MMLXII
MMMCMLXXXI
MMMDCCCLXII
MMDCCXCII
DCCXVIII
1841
2031
MCCCLVIII
2764
3427
3484
MCDXCVI
2112
MMMCDLVI
976
MMDCCXLIV
MMCLVIII
813
CCCXCIII
CXCIII
DLXXIII
MMCDLIV
1514
957
3019
CMLXXVI
3765
3778
3612
MCMLXXVII
MDCLXXXV
MMMCDLXXXI
1169
37
DCLXII
MDCCCLII
3797
97
MCCCXL
1030
2895
CCLXXXIV
MMDVIII
MMCCC
CMLXXIII
3429
MMMCLVI
980
MMDCLXX
MDXXXV
3860
2890
MMMDCCCXIV
CDXXXI
2240
2624
1113
MCCLXXV
806
CCCXXXIX
DCCCXCIX
MCDLXX
376
618
CMXVI
MMMDCCCLXXIX
DCXXI
507
577
MMCMXIII
3226
977
2363
2498
MMCMXLVIII
2705
1289
1888
DCCIV
912
3011
2266
CXCVI
MMDCCLIII
MMMDCCLXVI
MMCMLXVII
3102
MMCDVI
1039
MMCCCXIX
MCXCIV
MDXVI
3079
MDCXXXIX
3792
3221
2476
3759
2822
MMMLI
MMMLXXXIV
MMMCCLXXI
CCXVII
815
MMCXCVIII
372
1033
190
MMDCCI
1407
5
934
3905
MMMCDLXXI
MMDCCXXXIII
2935
53
3619
MDCCCXCII
2682
MCDLXXVIII
MMMCVII
MDCCXLVII
MDCCCLIX
3172
993
289
MMMDCCCXCVI
202
1451
MMDXXXI
MMDCXXXIII
MMMCCCLI
CDXCIX
3830
238
2122
3123
MMMCCCLXII
1769
1853
640
MDCXLII
1929
MMCMXXXII
2607
1562
2292
177
MCMXVII
MMLXXX
DCCXXXI
565
CCCLVII
1163
42
MCCXLV
3840
2555
2333
3890
2026
257
3772
MCCLXII
DCXLII
3790
MDCCCXCVIII
DCCLIV
3068
3961
MCXCV
3838
MMDCCCLXXII
CDXXXII
MMLXXXIV
DCCXCV
MMMDCCCXLVIII
551
3085
MMCDLXXXVI
MMMCXLIV
MMXIX
1137
2864
2809
2381
MMMCCLXXX
1344
MMCCCXLVIII
1084
2607
1219
MMMCMXXXVIII
CCCXXI
3903
MMMXXI
2351
597
MDCCCXXI
81
DCCCLVII
MDCCCLV
1083
MMCCLXV
2196
MDC
MMDCCCXXXIX
MMMDCCCXLVIII
940
2165
2083
2452
605
MMCMXVIII
1596
MMMCCCXXIX
2679
MCLXXV
DCLIII
3492
MMMCCXIV
MMCCCLIII
1516
CDXVI
307
CXIII
IX
MMCCCLXII
DCCLXXXVIII
MDCCCLXXIX
941
MMMCCXVIII
MMCCLXXVII
MDCCLXXXIV
CDXXXVIII
CDLXXXI
MMMCCLV
3521
2652
2764
MMMCCCXXXV
3725
2980
MMMCMLXXXIII
MDCCXI
1804
MMMCLVIII
MMCCCXLII
MDCCCIII
MMMCLVIII
MDCLXXVI
307
MMMCCLXXVII
DCCCVI
MMMCLXIX
1064
DCCXXXIII
MMCCCXXIV
2457
MMMLXXXVIII
2051
MDLXXXII
3954
MMMCXCVI
1905
3655
MDCLXIV
MCCCLXIV
DXXVI
MDCCLXVI
MMMDCCCXXXVII
169
2513
2278
MMCDLXIV
1768
MMCMIX
MMCCCXLIII
3564
2994
MMMCLXXVIII
3560
140
3627
CMXCII
DCCCLXXIII
MCCXLVII
283
3999
2140
3552
MMMCXXII
121
MMMXCVII
MMCXLIX
MMDCXXXII
2959
921
MMMDXLVI
3006
MMDCXXVI
MMMCCCXCIV
III
MCCCXXXV
MDCXL
MMMCCCXCVIII
MCCCXXVII
DCLIV
MMCDLXXXV
3230
2954
MMMCDXXIX
3161
MDVIII
MMCCCXCII
MMMCDXVI
MDCCLXX
MCCCLXXV
MDCXVII
MCCCLIV
MMCDIV
MLXXVI
MLXXXVIII
2010
MMMDCCCXLI
1239
1902
3298
MMXX
MM
MMDCCXLIX
MMDCCCXLVIII
3790
MMDCCCLIX
2613
1458
MCCLXVI
CDXXXV
MCCXXIX
CCCIV
MMDCCCXXXIX
MMMDCLXXXI
CCCLXXIII
1655
DCCXXV
CCXVIII
3393
MMMCCCLXXXVII
1335
150
MMMDCCCLXXXIX
MMMDCCCLXVII
1633
2162
MMMCMLXXXV
1251
351
909
MDCCXXXIX
1199
2419
CDXLVI
MMDCCCXCVIII
MCCXLV
MDCCLIX
24
MMMCCXLVI
MMMCCXX
393
CMLXII
MDCCLXXII
2547
XXXVI
3094
1669
CCXCII
610
3613
3772
1428
MDCCCLIX
2687
3258
MMLII
843
2047
MMMDCCXX
152
205
2452
MMMCVII
1262
DCCCIII
MCCXXXVII
CLXIX
MMMCCCXLIV
MMDCCLXXX
DCCLXXXIX
2791
1000
1387
MMDCCLXX
1033
2931
MCLXIX
MMMCCLVIII
DXXVIII
1711
MMDCCCXI
CIII
MMMCDL
1431
3837
1509
1252
2452
3596
DCCLVII
MCDLXIV
1282
3821
626
2512
1564
1678
MCCCXL
MMMXC
MMDLXXXVI
MMXXIV
3550
143
2109
MMMCDVI
MMMCM
2123
MMCDXXIII
1206
CCXXXV
2797
CMXXII
3666
MMDCCCXLVII
MMDLV
3358
MCMXXXVI
DCCVIII
DCCCLXXXIX
2597
363
MMDCLVII
DXXI
MMMCXXVIII
2164
3108
567
MLVIII
DCCCVI
CCLXI
MCCXXXVII
MMMCCXCIII
MMMDCCCLXXIV
3199
MDCLXXII
MMCMLI
MMDCCCXLIV
MMDCLIII
MMMCCCLXXXI
MMDCXCVI
MMMDCCCXCIII
MMMCCLVII
CCCLXXVI
1153
MCDXXXVI
MMCDIX
MMCMXI
MCXCIII
3926
MCCCXXXVI
DXLVI
MMCDXLV
MMMCCXXIX
1799
1721
CCCXXII
MMMDCCXLIV
2570
1812
MDCCXXXVI
MMXIII
2578
MMMCLXIII
3500
MMCL
958
1771
DXLI
DLXXVI
MXLII
MCCCXIV
DCCCLVI
3473
MMMLXXXV
MCXXXVIII
628
563
2792
1062
1010
1018
2986
MMMCLXVI
341
177
MMCXXXII
1202
348
DCXCVIII
366
651
2687
MMMCDXXVI
MCMLV
MMDLIX
328
MMCCLXI
MCCCXII
1242
3398
LXXVI
2746
MDLXIV
2956
2088
2160
3843
1498
MMCCCXCI
MMDCCCXII
284
847
2293
2650
MMMV
2546
MMDXIV
MMMCMLXXXII
DXCV
DCXLIX
389
3250
3500
619
2657
1952
CLXXVI
1805
2459
2919
MMMLVIII
MMDLXXVIII
1746
DCCCXCII
1997
2162
MDXXII
MMMDCCXXXVII
MMMDCCXVIII
MCLII
445
1197
MDCCLXXXII
2420
3552
2726
1492
1910
MMCCCXXXIII
MCLXXI
338
LXVII
CDXLIX
MMMCIV
3964
MCCCXCIX
588
3972
1304
MMMDCXXXIII
CCLI
CMXI
MCML
50
3991
CDLXXII
853
MMCX
1522
MCDXCII
3638
MCLXXIX
1473
3775
MDXXXII
MCXC
MMMCLXXXIX
MMLXXXIII
CMLXXXIV
MMMCXLII
1119
2375
1832
MCCLXXXVI
914
MMDXXVII
MMMDXXX
MDCCCXXXIII
MMDCCXV
2341
MDCCLV
1981
MCMLXXXI
MCCLXXXI
MMCDLXXI
MMMCDLXXXIV
DCCLXXII
MMCDXLIV
3562
3475
MDVIII
2034
2867
MMMDCCXI
3715
MDXXI
MCCXLVII
2624
MCLII
MMMCLXVIII
MDCCXI
2764
MMMDLVII
MMCCXXXI
2205
1261
MMCCXLIII
904
1377
322
3354
925
DXV
307
MMMDCCLXII
MDCLXXXIX
DCCIV
151
MMMCMLV
MMMDCCXCI
DCXXXVI
CCXLIII
CDXXXVI
MCDIII
MMMDCCI
MMMCCXXXII
726
MMCCCLXXXIX
2099
CXCVII
MMDCCLIII
DCXIII
CXXX
2486
MMMCDXXXVI
1859
MCCIII
278
CCLXV
1981
MMMCCCXLIX
MDXLIX
1456
MMDCXL
MCCXLIX
MMMCMXXXVII
MMDCCXXXIV
MMMCCCXXXI
MMMCDXXXV
3606
MDCCLXXXV
2201
CCLXXXV
MMMCXXII
DCCCXLVI
3168
2174
MMMDCCCLXXXII
MDVIII
MMMCDXCIII
MCDXXXII
MDCCCXXVII
1513
2000
MMMDLXXVII
1501
CMLXIV
CCLIII
2204
MMMDCXVI
CDLXXXI
2108
2497
2476
2759
CCCLXXXIV
2664
MMCDXCV
MCXII
DXXXV
2542
MMMDCCCXXIX
730
1729
MMDLXI
2588
MCCLXIX
1975
2490
2029
MMMCCCXLV
1725
MMMCCCLXVIII
488
DXX
CCCLIV
1696
MCDXXX
MCCCXLVIII
MCDXLIII
MMCDLXXXI
MMMCMLXXXVIII
DLX
602
3268
3660
915
MMCMLIII
688
3216
DCCCXLV
786
MMMCCCXCIV
MCLXXXVI
2369
2578
1920
MDCLXIII
MMMCCXXXIV
3933
DCXIII
MCCCXC
1985
MMMDCCCXCIX
3448
MMMCDIX
3665
MCDLXXXIV
3253
1706
3337
CDLVI
DCCXXVII
DCLIII
3305
MCXXVIII
MCLXXXVII
MCXXXII
CML
MMMCDV
730
MCCCLXVIII
MDCCLXXXVII
2196
1846
3245
1242
MMMCDXXXVI
MMDCCCLXXXIV
DCCCIII
DCCCL
MMMCDLXXXIII
MMMDCCLIV
MCCCIX
MMCCXCII
68
CDXLIX
MCCCXXIX
3646
DCCCLXXII
3232
MMMCXXVIII
MMCCCXXI
901
1425
1364
CLXXX
2214
538
2280
2657
MMMCDI
DCLXXXII
CDLXXIII
MDCLXXVIII
MDCCCLIII
MCMXC
805
MCX
3194
1924
MXLII
CIII
DCCCLXXVIII
MMMCMLXI
MCCXVI
MDCCLI
1834
CCXLIII
2526
MMMCMXVIII
518
339
MMCDVII
2352
750
58
614
80
3382
MMDCLXXXIII
MMCMVII
MMCMLXXII
579
MMCCLXXXII
MCLXXIX
MMDCXCI
MMMLIX
MMDCLXXIX
2016
83
MMMDXCIV
926
487
1256
MMMDXL
1859
MMDCCLXIII
MMCLXXXVIII
2328
477
DLVI
3604
MMDLI
MMMCCXCIV
MDCCXLIX
MMMCI
MCMLXXVII
3117
781
MXLIV
1446
2125
MDCLXX
MMCXV
1005
3336
2291
MMCLXIII
383
MMDCCLXXI
MLXXXIX
3031
460
MMMDCCXXVII
1643
MCLXIV
MMMDXCV
CCLXXII
CMXXI
1595
1633
MMDCXLI
3861
1696
427
1500
3024
1626
3895
3636
DXXIV
1718
1654
MCDXVI
MMLXXXII
2766
1067
MMXL
1565
CDXXIV
422
MMCXXIX
903
754
3875
2158
MMMLXVIII
938
MMDCCXXXVII
557
2318
MDLI
340
2443
1228
MMMDCXXXIII
1455
MCCLXXXVIII
1868
DCCCLVI
CXLI
868
MMMCXXIII
CVI
CCCLXV
789
MMCCXII
MCMLV
MMCLII
MMCVII
914
2715
MDCXCVIII
1889
1348
CCCXL
2454
MMMCMXXXV
3152
2087
1025
MDCXLIV
MMMCMXXVII
2519
MDC
2947
MMDLXII
767
MMDI
DCCXXVI
2842
MMCXLI
CXXV
MMMDCCXXIX
MMMCCXVII
1535
2726
3175
MMMXC
CXLIV
3252
2183
MCCCXLI
MMLXXVI
2153
MMMDCLXXX
MMXLVI
1352
MCIII
455
MMMDCXVI
3492
CXXVIII
MMLXVII
112
1893
MDCXLVIII
CMXCVIII
CCCX
MMCCCLXXXII
MMMDCLX
2992
MMDCLXXVII
1514
3891
2064
MMCCCXCV
1960
2674
832
MDCCLXVIII
3112
1169
MMCCXVII
1209
XXV
DCCCXXIX
3718
CXCIII
3462
DLXXX
3341
758
2789
423
3150
DCCLXXX
2281
3979
267
472
1259
MMMDCXXI
MMMDCCCLXI
487
132
1862
2335
2249
3789
MMCMXC
185
3959
258
MMCCCV
2862
2822
1097
1416
3342
2372
MMCLI
CCCLXXIX
MMCCLIX
487
MCCVI
CCLXXX
3769
2247
MMMDXCVIII
MDCCXC
MMCCCXXIII
CDLXXXII
MMMCMXXV
1613
204
2314
1892
MMXII
2650
3026
1755
MCXL
MCCCXLVI
3227
DCCXC
MMMDCLXXVII
I
2451
3365
MMDCXIII
MMDCCLXXIV
MDCXCVIII
841
MMMCDXXXIV
MMDCCCXXXIV
2087
3707
3072
MMMCLXII
2716
MMXLIV
1059
MMMCMXXII
MCCXVIII
XLIII
MCCCXLV
3430
3467
MMCCLXIV
DLII
3302
MDCCCLXXXV
MCXXXIV
MMMIX
MDCCXXIV
XCIV
MCXCIX
716
3134
3778
1460
MMCDLXIV
2568
MMDCCCLV
2778
DCCCLX
726
634
MMDCXXXIV
694
973
1340
MMMCCCXVI
163
1979
1866
2
1158
MDCCCXLVII
3033
DCCLXV
2542
2890
3294
907
1688
MMMDCXCIII
DXLV
MDCLVII
MCDLXXIII
MCCLXXI
MDXLI
3614
MXXIX
MCCL
1156
2708
1538
CMXI
612
2911
MMMCCLIII
CMXX
DXI
CDLXXVI
175
MMMCDVI
MMMDCCCXLVIII
MCCCXLI
3568
2776
1791
533
3909
MMDCXXXIV
942
2132
3282
MDCLII
MMCCLV
1744
MMCXCI
MCXXXII
MMDCCLXXXVIII
MMMDCCCXXXV
MMMXXIX
MXXXIX
2375
957
1632
MCCCXLIV
3901
MMMDCCCXXIV
1334
2666
71
1943
3998
2901
DCCLVIII
1191
MLXXXIX
MDCCXIV
1156
1797
MMMDCCXXV
MMMDCII
MMCCCLVIII
2089
DLXIII
2397
422
MMMDCCCLII
MMMCMLVI
MMMDCCCXIV
850
2885
MMMDCCLXXXIX
MCCCXVIII
MCXLIX
3037
MMCMXIV
MCCCXXXIX
516
2977
659
MDCCX
MMMCDXXXVI
2481
MDCCCXV
MMMDCL
283
3661
50
2038
1504
MMCCCLXXXIX
MMMDCCCXXXIII
167
3713
MDCLXXXII
2377
DCCLXXXIV
3700
1912
CC
MMDCCCLXXXI
3623
MMMCLXXIX
488
3404
MMDCXCIV
CXIX
MMMCCIII
MMLXI
MMMCXXIV
3528
289
2784
MMDCCC
2231
797
MMMDCCXL
333
3039
MMMDCCXXXIII
58
MMDCCCLXII
MMMDCCXCVIII
MMCCLXXXIV
MMCCXLVIII
2287
MDCXXI
DXII
1227
MDCIX
MCDLXXXI
MMDCXXXI
MDCCCXXXVIII
2123
MMDCCCXIV
3044
2721
3545
CDXC
24
980
MDV
1606
2068
DCXCVI
MMDLXXXIX
MLXXII
1473
3966
790
MDXXVI
MMCLXII
MMXV
1858
MMMCCCLXXII
DCCLXXXIX
MMDCCCXII
MMCMLXXXIV
CCXCV
1531
3924
2444
MCLXXV
DXXX
MDLVII
MCMXXVI
MCCLXXV
1764
2763
MMMDLVIII
18
DXCIV
MMMDCCVII
3628
3201
MMMDXXXVI
MMCDLIII
3516
2917
1423
1593
MMXCVI
MDCCXXV
2247
522
MMCCXXXVIII
MLIV
CCCX
877
1254
1049
2536
MMDCLXXVIII
MMDCCXVI
MMMCV
1503
MXVIII
88
MMMCXCIV
849
CCCXIV
MMMDCCXXV
MMMCDLIV
MDCXXXII
2883
MMMCMXI
3726
472
1360
3644
574
MMCLVI
1957
MMMDCCCLV
1141
980
1779
MMDCLXXIX
MMMDXLIV
700
CMLIX
2042
1204
2576
1140
3640
2736
MMMCCXXXI
CDXIX
1389
184
567
MDCXLV
3358
3646
3366
1482
MMCCCXIV
LXXIII
660
2666
MMDX
1200
DCCXXIX
3780
714
MCXXXII
MMMCMLII
CLXXX
417
MMCCLVII
1384
1110
MMMCLXXVII
MDCLVII
MMMXXXVII
MCMXXIX
3360
317
MDXXV
2160
MMDCLXXXIV
3119
3816
MLXIV
3962
2929
2856
MMCCXL
MMMCCIV
MCDXCVII
MMCDXLII
MCCCXI
CDLXXXVII
CCCXLVIII
MMCCIII
3996
MCXIX
DCXCIII
1494
3592
1990
DCLIII
DXVI
3038
MMMCDLXIV
MMMCCXLII
3016
560
2634
MCMXXXVII
MMCMXI
3581
MMMCXXIV
MMCCCLXVII
MDCCCXCV
MCCCXII
3517
307
LXI
MMCCLXXXVI
3356
720
3295
199
CMLXXXIX
MDCCCXXXVIII
MCCCLIII
2529
MMMCDXCVII
CMXLIV
MMMDCLI
2469
MXI
1626
MCXL
3940
MMDXCVIII
3795
DCCCLXXII
203
3451
MMCMLXIX
1696
2111
748
DCLII
MMMCLXII
CDLXX
CCCXXXVI
705
MMMXIV
2818
2993
1166
MMCCLXXXVIII
1841
2220
DCCCLIII
MDXIX
598
DXCVII
MMMDCCLXXXVII
3739
MMMCMXVI
1215
48
CCCXC
MCXXXVII
MMDCCLXXIII
3397
XXI
1475
MDCXLVI
MMMCMLXXXIV
2808
MCDLXV
DCLXVIII
3680
CDXXVIII
MDCCXXVI
1119
MMMCMXLVIII
3767
CMVI
MMDCCXVIII
3545
CXXVIII
MCCXXII
MMMDCXXXIX
2534
1895
MMCCII
344
1885
MII
574
MMMCCCVI
3804
MCCCXLVII
MMCXXXVIII
MMCDLXXX
3417
3217
3228
1254
2875
675
MDCCXLVI
MMMDLXXXIII
MDCLXXVI
MMCCIII
MMMCLIII
MMMCCXI
MMMCX
MMMDXXIV
1030
1675
CCCLXI
MMCV
DCLXXXVII
3596
MDCCXIII
MCLXXXVII
MDXCVII
DCCIX
CMLXVI
2990
3476
MDCCCXVI
DXI
DCCCXXX
MMCCXLVIII
2748
2983
3675
515
3817
2725
3818
DLII
2650
2423
MMCXI
MCXXIII
DCCXLVII
MCDXLIV
MMMCLXIV
1600
2935
MMMCDII
MMDCCXLIV
3807
MMMCXCII
2346
804
MCCLXXVII
2719
3345
MMMCCXV
MMCDLXXXVI
1954
MMCMLXII
DCCXXXVI
2744
532
MCCCLXXXII
MMCCCII
3069
1059
1570
270
3274
CXXXVIII
MDCCCLXVI
1928
1320
MMMDCCLXXXIV
DCCIV
1316
445
2893
MCMXCI
MMCCXXXII
2490
MDCLXXXIII
DCCXXXIX
MMCXXXIV
MCDXCVIII
3137
2368
CCCLXXV
1321
MDCCCXXVIII
MMMDCLXII
MMCDXXIV
MMCCCLXIII
MMDCXLI
857
3468
DCCCLVI
MCDXXV
407
MLXIX
2244
1792
1140
MMDCCCXLIX
2885
1406
727
423
MMMDCXLIII
666
2674
MCMXXXVI
3278
53
MMCMLXXIII
735
2654
MMCDI
3253
651
MMCCCLIX
594
2850
1502
MMMCLXIX
MMMLXXV
2577
3983
MXLIII
728
3078
CDLXXXVII
MDCLII
1888
1794
MDCCCXXXVII
MMMDXCVI
MMCMXIV
756
MMDCCCXCIII
XXXVI
1893
366
481
MMCDXXVIII
1369
MMMCMII
MCMLXXXIII
MMMCMXCV
CMXXVII
DCLXXXI
2926
CCCXCV
MCDLXI
MCCXXXIX
1892
MMM
MMMDCCXXXIX
2307
1764
MMCCLXXXI
MCCXLVI
MCMLVII
MMDXLIX
MMDVIII
CCII
DLI
1934
1545
779
3251
597
MMDXXI
3658
3109
DCLVII
2504
1756
993
MMCLVI
MMCCCLXXII
MMDCLXVIII
100
3744
162
3596
472
3900
939
MMMCMLXIX
MMMCDLV
2201
CMXXXII
968
MXXXII
1101
MDCXXXVI
CCLXXXIV
MCDLXXXII
865
MMMDCCCLIII
3588
70
MMCDXVII
CCCLXXVIII
2722
1613
2183
MMDXL
3980
MMMDCXXVII
MMDCCLXXVI
467
MCLIX
MCLXXVI
MMDLVI
MMCDLXXVI
3064
MDCXXII
MDLXXVII
CL
MMDCXCIV
3048
MMCMLXXVII
MMDCLXXIX
MDLXII
MCDLXXVII
1778
619
DCCXVI
1162
MMCMXIII
MMMCMXIV
MMDLVI
414
2370
MMMCV
MCMXLIX
MMMDXXXIV
MMCMXCIV
3148
2250
3015
MXLIV
CXII
MCMXCV
MMMCCCLXX
1972
MMMCDLXXXIX
3429
MMMCCXXXIV
3546
MMCLXXIX
MCCCLXXXIV
1452
3331
MMMCMXXII
3092
3516
3297
MMMDCCLXII
1555
3637
936
MMMDCCXLIII
DCI
3107
MMMCIX
3200
2641
MMMCCCLXXIII
3982
1650
MMMDCCCIV
1097
MCXXII
MMMXCII
MMMDCLXXXVII
3895
MDCVI
2147
MMMCCLXIV
1845
3543
MCIII
642
DCCCLXXXIII
MMMCCCXCIV
24
MMDCCLXX
MMCLVII
CLIX
MMMLIX
MMCCXCIII
MMMCCCXXIX
1219
3057
MMCCXCVII
174
3307
3733
1254
2453
MCMLXVI
513
MMMCMXLIX
DCLII
2212
3840
556
3297
1318
2753
1085
MDCXLI
2850
MMDCCCXIV
DCXCIII
DCCCXCVIII
947
2120
3998
CMXXXIII
3673
CVII
627
782
3736
MCXIX
DCXI
2845
41
CCCII
2040
MMMCMLXXV
791
558
2609
2236
MDLX
3105
MMCLIX
MMMDXXXII
MMCCXLVI
CXXVIII
1688
2426
III
3636
1316
2422
2228
MMMCCXXXII
MMMCXCI
DCCCLVI
MMMDCCLXIX
CCXCIX
MXXXVIII
1093
MMCCLXI
MMMCCCLXIX
MMMCC
DCLIV
CDLXIX
MMCLXXVIII
MMDCCXCVII
3657
MMDCXXV
MXL
MMCDXXXII
MMCVI
2519
CLXVI
3937
2934
2899
2408
MMMDCCCIII
61
MMMCCCXXXIX
170
463
MLXXVII
1764
512
1825
CCLXXX
MMDCCCXLII
MMCDXCIII
517
MD
MMDCCCXCVII
3671
2684
DLXXXI
MMMCLXVII
MMCCCL
1915
MMDCCCLXXVI
1277
914
2591
MMMDCCLXXVI
MDCCCXCII
3803
MMMDLVII
3240
2600
2512
MMMCCXLVIII
MMMCCCLXV
2550
MMCDXLVI
3602
3930
773
CCXLIII
MMDCXIII
DCXCVI
CLXVII
693
MIX
MMCMLXXXVIII
2718
MMCDLIII
MCDIX
CCCLXXXIX
3432
MDCCC
MDCCLXXI
342
2396
MMMCCXXVI
MMMDCCCXXVI
CM
CDXLV
2249
MCCXLI
MMMDLIX
988
2347
972
CMXV
MDLV
2392
2275
MMMCCCLXXXIII
CVII
1985
1791
MMDCLXXII
3562
3884
39
MCDXCII
1143
MMMDCCLXI
XLVI
1373
812
3209
MMCMXXI
MMCCV
2564
MDXLII
1455
955
MM
984
1801
700
MMDCCCXLVI
MMMCMVIII
3721
MXCVIII
1544
DCC
MMDCLXIV
2838
MCLXXXVIII
3886
CMXCIX
3853
831
209
MDCCC
3501
339
MMMDCLXIII
MCDXXXV
MXXIV
MMMDXC
MDCCLX
2867
MMMDXXXIV
MMCMLVI
MMCXCII
MCMXXXVIII
LII
MCLXXXV
MMMCMXCIV
MMMCXCII
CLXXIV
3956
3852
MCDLXXXIX
3229
MMDCCXLII
3143
MMMDCXLIV
MDCCXXVII
1176
1774
LX
CLXVIII
MMMCCCLXXXIX
CIII
MMCLXXXIV
MMMDCCXCII
MMMDCCLXX
MMMDXVI
13
MMCCLXXXIX
884
MCCCLVI
2497
1257
269
3597
MMMDXLIV
218
907
DCCXCIII
1521
MMMCCCLXXXV
2169
MDCCCLXVI
MMMXXXIV
2871
1580
DCCCXXVII
MCDXXII
MMMDXXXII
1513
2712
DCCCII
MMI
CCLXVIII
CMXI
MMXLV
367
2352
902
MDIV
MMCXXXIII
2344
MMDIII
2632
3922
2751
1782
MDCCCIV
2494
3102
MMMDLXXI
1047
MMDCCXCVIII
MII
2743
MCCXI
DCXXXVI
2171
MMMCLII
3721
MMMDXLII
3795
632
MCCXCIV
MMMCMXX
475
MCMXC
838
2460
CCCLXV
47
665
MMMCCLXXXI
MMMDCXI
346
2985
MCMI
MMCMVI
CDXXVI
2418
3818
2883
MMDCCCXLII
MMMCCXXXVIII
CCCXCIV
3111
MCCV
MMCCLXXVIII
1691
1115
MMMDCC
1362
713
MMDCLXXI
MCCLVII
212
3404
MMCMXXIII
1725
313
MDCCXXVIII
3757
MMMCMXCII
349
1237
1482
1422
MCMXLI
CXCIII
3862
3978
2889
MMCDII
417
MCCCLXXXVII
1879
MMDXLIV
1987
2344
3948
1721
CCXXI
2373
MMXLI
MMDC
3966
1565
MMMCMXL
MMDXXVII
MMMCLXVII
2753
2980
MMDCCXXVIII
CCXXXII
MMMCMLI
MMDCLIX
2645
CMV
MCCXIX
3453
1007
CCLXXXVII
317
MMMDCCCXXIII
3673
DCCLXXVI
MMDLXXXVI
15
MMCMLI
2334
CDLXXI
MMMDCCXLV
3153
CVI
1248
MCDXXXIII
MCLXXIX
MMCCXLIV
DCCLXIII
MLXIII
MMMXLII
2325
MMDCCLXVIII
MMCMLXXXVII
1534
MMMDCCCLXXIV
2220
1879
892
MMDLXXXIV
MMMCDLIV
MCDXXXIII
MCCXVII
MMCLXXVIII
3641
MMMCLXIII
MMMDCCXV
MDCVII
2074
3548
MCCCXXIX
MMMCXXXII
36
CCCXLVI
MMMDCCXXV
MMMCXXI
1087
DCCCLXVI
1406
MMCDLXVII
1559
MMMCDXIV
DCLXXI
3980
3376
658
MMMDCLXXIX
MLXIII
MMMCDIV
1990
MMMDCLXXXIX
MMMLXXXII
1449
DCCCLXXXI
3434
CCXLVIII
MDCCXCIX
1838
MMMLI
1287
MMMCLXIV
2096
305
2244
MMMCCI
2416
MMMCDXXX
66
MCCLXXVII
2694
2191
387
DCCLXI
MCCXC
MCLVIII
536
MCDL
MMMDCXLII
716
2598
1473
MMMDCLVII
MMMDCCXVIII
886
MDCCCLIX
MMMCMXXIII
CLXIV
443
DLXIII
CCCXXIX
2813
3368
MCCCX
1508
3549
3658
809
2859
2071
MCXIV
1356
849
2442
3753
208
MMDCCCLXVI
MCLII
2156
CCCIII
MDCLXI
3880
2619
MCMXLIX
3612
MMDCCXXIX
MMCDXXIX
1950
MMMCDLXXXIV
375
2575
2767
175
CCXXXV
2589
MMXI
958
MDCLXXV
MMMCMXXXVI
MMMDXVI
MLI
MMDCLVII
1120
MMDXXXI
952
MMMCCCXCV
MMDCCCXCII
MCD
MMMCMXI
MMDCCXXXVII
3025
MMMCCCLVI
MMCMLXXV
MCDXXXIX
MDCLXIV
MMLXXXVI
CMLXXXVI
2793
2251
2949
387
MCCXII
DCCLXXV
1370
MDCXXIII
2323
1757
2230
MCCCLXXXIII
824
3432
MMCXIX
MMMCCXLII
MMMCDV
MMDXCVIII
794
1282
MMMXIX
MDXLIV
DXLIX
MMDVII
3991
MXVII
1243
MCL
2560
MMMCLXXIV
MMDCCCXXI
2012
DCXL
MMCCIX
MMMLXXXVII
510
1196
3121
MCXXXVI
3994
1376
MMDCLXXXII
1097
MMMDXII
483
MMMCDLXXXII
1866
183
3812
MLXX
MMCDXXIII
CDLXXXIII
CCXXXVIII
CDXXXV
1369
MCCLXXXV
399
MMCCCLXVI
MMMDLXXXI
2858
1889
1535
MMLII
MMDXXIII
MDCVIII
CMXXXVI
MMMCCCLXVI
MDCCLIII
MCCCLXXX
318
435
3383
3607
MCLXXXVIII
MMMCDXXIII
2538
MDCCLXXXVII
CDXLVII
MDCCCXL
1943
976
3465
CMLXVIII
3263
3866
697
MDCXI
3685
MMMDCCLXXXI
MDCV
3635
3954
MCMLXII
MMLXXV
MMDCCXX
MXXX
301
MMMLXXXIX
3424
2061
2918
176
MDCCXLII
MMMXX
MMDC
578
MXXVI
MMMCMLXXI
MCDLXXXI
MMCCLVIII
MMCCCXCIV
3615
1685
MMDIII
711
495
1601
2512
CDXCVIII
DCCXLIX
2184
3599
744
MMDCLXXXI
2197
587
MMCDLV
2836
DCLXV
3078
3377
MCMLXXXVI
MDCCXIV
MMCCCVI
MMMCCXXIV
913
1671
1805
2171
MCMXXXIX
MCDXCIII
1440
18
245
CDXCVI
942
MCCCIX
MMMDCCCLXVIII
1163
MMMLI
MDCCLV
45
2240
862
1338
1819
MMDCCCLXXII
CLXXVI
3086
1100
2379
MCMLXXIV
2365
CCCLXV
3999
1781
3391
MMCLXIX
2901
MMMDCCLXXXVII
MDCCXIV
845
818
MDLXXX
DCLXIX
897
MMMCDXCIV
890
MMCDXVIII
MMCMXLVI
1198
MMMDCCLVIII
MMMCDXC
17
MMMDCCCXXXV
MMMCDLI
CDXX
MMCMXXXVI
3431
1124
MMCLXII
CDXLVIII
2111
2361
1242
DCCLI
MCCXLVI
MDLII
498
670
MCXLVIII
3007
MMMXCIX
DLVI
MMMDCCXVII
641
MDCCCLXXXII
2586
MMCDXX
18
MCLIII
2647
CXXV
185
2615
2560
MMMCCCLXVII
2220
MMMDCCXXXII
MMMCCXXXII
2272
MMCLXXXVII
MMMDCCCXCV
MCMLXXXI
1208
MDCV
1227
DCCIII
CDXLII
MMMDCLXXXIV
3768
2844
3223
MMMCCCLIV
1349
CMLXV
DC
1682
1861
DCCCXCIX
MMMDCCCLIV
MCCCVII
1845
994
2288
MDCLXXIX
CCCLI
IX
CDLXXIV
307
MMLI
662
3880
3139
MMDCCXXIII
1931
2205
MMMCLXVI
CCCI
XXXVII
DCCXXXV
MCCVI
MMMCCXX
DXVIII
3030
3833
MCCCLXVII
450
MMDCXCV
MMMDCCLIV
483
MDCCCXLVI
MCMLIV
MMDCXXI
1359
21
1111
1922
MDCXV
545
MMMDCCCXIX
MCDXLIII
2083
MCCCLV
MDCCXXII
3481
960
3495
MMCDXXXIV
MDCI
MMMCCCXXI
MMMDVIII
1278
MDCCXXXII
MCCCI
MMMDXCV
MMMDCXCIV
MDCCXCVI
2606
CCCLXIX
MMMDCCCXCIII
3493
MMMDCCCXXIII
1021
1987
3778
729
2529
238
1804
1917
MMMDCCCXXIX
3513
2153
2777
917
1960
1635
364
2572
MCCLXXXVI
DCCXXXVIII
16
1858
2191
CCCXVIII
3699
1534
2925
2250
CLVIII
MMMDCLXXXIX
MMMDCCCXLVIII
MMMDCCCXL
MMMCDLXII
MMMCLXXXVII
MMMCDXXIII
593
1006
MXXXIII
809
CMXXX
MCDXCIII
3204
MMDCXX
CDLXIII
CMV
252
MMMDCCCI
MCXI
3598
133
2131
2290
3359
3275
LII
MCCXCVIII
1810
DCCCXXIX
2633
3570
1266
1860
MMCCCLXXXIV
CMLXXXI
MMCDLIX
MCCCXXIV
1793
MMCMLXXV
389
1910
3967
MMCDXXXIV
2267
MCCCXCVI
2222
MMMCMLXVIII
3496
1295
795
2668
178
1661
MMMCDXV
DXLIII
MMCXLII
MCMXCIX
CCCLXXI
MMMCDLXXIII
2734
MMMCCCLXXXVII
DCLXXXIII
2202
661
1326
LXXXVIII
880
3890
3916
3627
MMDCCLXXIX
MDCCCXLV
2152
CCCXXXIII
840
MMMCCLXXXIV
2579
MDXII
2633
CCIV
3712
MCMXXXIII
CCXXXVI
MDCXLIII
MCLXXIV
MMDCCLXXXIX
MMMCCIX
1733
483
MMDCCLXIII
MMMCCCLXXXVII
349
2451
2488
656
MMDXXIV
DXXII
452
MCCCLXV
MMMLIII
96
MMCMXI
3522
2441
2778
MMCCLXXIV
2897
3718
3437
MMMCCXCVI
DCCXLVI
CDLI
MDCXXVII
MMCCXLIV
3291
1405
CDXCIX
MMMDCCLXXXIII
960
821
349
3124
CCCXCVIII
2067
1119
MMMDCXVI
MMMLXIX
MMDCLXXXIII
2553
CDXLIII
MMMLXXI
MMMCCLXXXVIII
1544
MCLXXVIII
3498
MMDCXLI
875
835
DCXLVII
307
MMCCCV
MMDXCI
MMCMXXII
MMDCCVI
MMCLXVI
MMCDXXIX
CMXXXIII
MMDC
MCMXIV
3044
1317
1056
MMCXLIV
MMDCXI
373
564
3612
3953
1288
MMMDCCCIV
MMXXXI
MMMDCXCVII
DCXXIV
MMCXII
MLXXVI
MMMDCLXVIII
MMCLXV
668
MMMCIII
MMMDCCLXXIII
MMMDCCCXXI
MMMCDVII
2547
DCCCXC
1970
DCCXIV
CCCXLVII
62
1638
MMDIX
MMCLVI
6
645
1597
MCCLIV
DCCLIV
1756
MMMDCXCIII
728
3400
CCXXXII
MMCMXXXI
MMMDCCXCIX
3923
611
3308
425
2282
3280
MMMDCCCXCII
DCCCX
CDXXV
MMMDCCCLXXXVI
MDCCXXI
2405
MMMDCCC
MCMLXXVI
CDXVII
2414
3509
1593
404
MDCXLIX
MDXL
3504
101
2445
531
MMDLXXXII
462
MLXXII
2975
MDLXVIII
704
MMDX
2045
3442
MCMXXXIII
MMDCLXXX
2575
2709
1447
DXXXII
922
2062
MMMLIV
3206
MLX
1284
3800
722
CCCLIII
3694
MMCCLXXVI
CMX
1572
776
MCCXXIII
MMMDCCCXV
MMCMXXXIV
244
MMDCCCXXI
MMMLXXXIX
MCDXLIX
MMLXXXIII
MMMDXCI
MDCXVIII
1797
1332
973
MMMDCCLXXIV
1949
DCCCVIII
3656
3859
CCXCIV
MMMCMXXIII
3507
672
MCXI
561
MMMDCCXXIX
CCCLXIV
MCMXLVII
MMMCDII
1402
2126
MMMCDXXVII
687
725
1361
332
3116
1457
MDLXXXIX
2658
325
201
1886
DCCXCIII
2487
3453
1719
MCLXXII
MMDLV
CLII
MCCCI
3324
MMDCCCVI
1106
MCCXVII
MCCLXIII
CMXXIX
2863
MMMCXXXV
3923
505
CDXII
1389
1619
1010
1222
CCXXXV
3546
3093
2965
3035
MMMDCLXV
3950
MMMCDXCII
MDXIX
484
MMMCDXLIV
2811
MMMDCXII
2312
2268
MMMDCCLXXVI
3791
MMCDXXXIX
649
2945
137
1286
MMMDLXII
1951
CMXXXIV
287
DCCCXCIII
CCLXXIV
DCXI
1516
MMDV
XXXIV
2757
2130
MDCXXXV
MMMCDXXXIV
759
MMCDXCVIII
3015
CDXCV
MLXXXV
1515
MCDLXXXVI
XLV
2870
696
MDCCXX
MDCII
DXVI
2992
MDCLXXXI
2823
MMMDCCLXXI
DCCXX
406
MDCXXX
DCCCII
MCCXXX
1039
3083
3861
MMCMLIII
DXCV
3653
MMI
MMMCCXXVI
MCCCIV
1758
660
MMDCCCXIII
1594
685
776
DV
3911
DCXVII
MDLVIII
XC
MCCCXLII
3585
MMMDVII
MMMDLV
2013
MMCCXCVI
3949
1863
MMCMLXXXIII
2657
2774
3253
234
MCCCXXII
3066
1363
DCLXI
MMMDCCXXXIX
MMMCCCLXXIII
MMMDVIII
144
369
2467
MMMDCXCIX
MMDLXVIII
3043
2126
MMMDCCCXXIX
2767
3380
1661
3693
MDCLXXIII
3781
2526
970
3781
MMMDCCXLII
418
MMMCDLXVII
MDCCCXLII
MMCXIX
3677
1912
3340
MMMII
351
865
3754
2840
2547
MMMDCCXCVI
1223
MDLVII
3224
2559
3834
CMXXXV
1801
MMDCXCI
3077
3731
660
2840
MCDXLV
753
1120
386
856
MMCCCXLVIII
MMMLII
3317
DCXVII
LXXI
MMCDXIV
MMCCLIX
1617
1465
MCDXXIX
CDLXVII
MDCCXVIII
MMVIII
1811
2723
259
MDCXXIX
3745
2108
1315
MMMCCLX
MMCCLIV
MMMDCXCV
1760
1064
MMCMLXXX
3255
DCCXXXIX
3042
MMMDCCXCIX
1160
1007
MCMLXVI
2614
312
LVI
MCCCXCV
MCXXIX
MCDXLIII
1786
1953
1339
MMMDLXIII
3629
MMXXXV
3756
2146
DCLXXXIX
MMMDXVII
322
2017
MDCCLXVI
MMCCCX
2043
1402
MMMCLXXVIII
1619
2925
364
MMMDCCLXV
MMMCCLIV
MMMDCCCXXXVIII
MMCDVIII
1070
CCCLXVII
509
CCXXVI
2821
1007
MCCCLII
345
MMMCDLXXX
MMMLXXXIII
3308
1888
DLXVII
MMMCCCVII
CCLXXVII
MMCDXLII
DCCCLXXII
2844
MMMCMLI
256
3584
MMMCCXCIII
MDXXV
MMMCCLVIII
MMMCI
2775
1872
MMCCCXXXI
MCDLIII
MMDXI
776
3674
MMCMLXXXIV
MMMDV
2171
3791
2808
MMMDXXIX
2
MMMCCCXCII
MMMXC
2970
794
2535
MMMDCCCLXXXIV
DLXXIV
1356
MDCCCXIX
MMMDCCXVIII
MMLXXXVII
3841
MMMDLXVIII
3170
3617
DCCCXCVII
LXV
2456
1242
3086
MII
MMMCCCLXIV
MMMDXXXV
3854
MMDCCXXII
2737
2308
MMDCXCIII
2829
MDCXCI
CCCXXX
MMMLVIII
MDLXXXI
DCCCLVII
DCCXCIV
1828
MMMCDXLIX
304
MCMVIII
1692
MCMLXVIII
2925
900
3393
MDXLVII
3732
MMDCXXIV
MMCCCLXVII
1982
3844
2182
CCCLXXVIII
825
3482
MMMXXXVI
MMMDCLXVI
1464
MCMVII
2234
1534
3007
VIII
2305
CCCLXI
223
192
CXXXVII
1994
MMDCCCXXIV
MMMCMXXX
CCLXXII
LXXVII
3094
MCMLXXXIII
2904
960
CDXV
IV
762
CCCXLIII
626
MMMCCCLXXXII
3349
2413
3239
MMCLXXIII
MCMLVI
248
MMMDCLXXVIII
MMMDCLXX
3625
MMDCCLXXXI
MMMCXXXV
264
3450
MDCXXXVIII
MMMCMXXI
MMCCCLIX
1668
960
MCXIX
MMCCCLXXXVIII
3094
1119
MMMCXVIII
MMMCMXCVIII
3187
CMLXIV
181
MMMCMVII
196
MMMCDLXVI
MDCCLII
518
MMCDLXXV
2148
DCC
2997
285
MMMCCLXXVI
MMCDXLVI
MLIII
CDXXX
MMMDCCCXLI
3299
CXLV
3329
2648
175
CCCXLI
MCCCLV
CCXXIX
2697
386
MMDCCLXII
MMMCCCLXXXIII
MMCDXCVIII
3315
DCCCLXIX
2169
MMMDCCLXXII
MMMLXXIV
1822
2600
2271
XXIV
MMXCII
VII
956
MMDCCXIII
3341
3658
2073
1383
CMXLV
MCML
1751
DCCLXXIV
MMCMXCI
MMDXLIX
533
1366
DCCCXXI
2555
1107
CMLXXII
MMDCCCLXIX
MMMCMII
2198
MCCCLIII
XX
3603
CCCXXXV
CCCLXXV
MCCXVII
MMMCCCLII
3089
MDXVIII
639
677
2703
3390
MCMLII
MMCMXXXI
MMMCCXXXI
MMCMXIX
3323
2028
2795
CCCLXIX
676
2412
2134
MMMCDXXVI
2110
MMDXXI
2173
CDLXI
CMLXXXII
MDCXXIX
MMXXXIII
CMXXVIII
MDCLXI
2724
2962
1261
2508
369
1615
3386
2160
1390
MCC
3129
MDCCCLXVI
123
1438
MMDCXLIV
MMMDCCCLXXX
3348
3799
3293
MCCCL
CCXIV
MCCXXXV
1171
2520
2142
MMCCLXVIII
MCXLV
MMMCMLXXXIX
MMDCLVII
MDCCCLXXIX
247
3939
MMCXLVII
DXXXVIII
482
2631
MCXCV
MXXX
1661
MMCCCLXVI
1322
590
3660
LXXXIV
DCCCLX
1014
2067
MCXV
2156
MMMCMXXII
MCMXCV
MCDIV
3629
2361
2093
MMCCXXIV
1658
3675
MMMCCLXV
1665
MDCLXVIII
MCCCLXXXVII
1879
1886
1110
MDCCXVII
2853
MMMD
MCCCLXXXIV
245
MMDCCII
XLIX
MMLXXI
MDCLXXXV
MMMLV
MCCCXX
1347
MDCLXIX
MMCCCXLI
1341
LXXV
MMCXLIX
MMDCCCL
2661
3125
606
CDXLVI
DCCLXX
2789
213
CCLXXXV
42
MDCCXXXVI
2449
1368
MMMLXIV
MMDCXCIII
CCCXCV
MDCLXXXII
CDXCVII
2964
DCCLXXXII
MMDCLXXIII
CDXLIV
MMCMLXII
3413
3243
MMMDCCII
MDCLXIII
MMDCLXXII
187
3794
2696
MMMDCCCLXXX
3912
1123
341
MDCCCXX
2588
313
MCDLXXXI
MDCXCIII
MMMCCCLXII
3044
2186
MMMCCCLXXII
CCXLI
DCCCXLIV
MCCCVI
561
MMCMXXXIV
1810
MMDCCCXXXIX
MMXXXVII
MDCCCXCI
MMCMLXV
967
VI
MMMXIV
3365
MMMCMLXXXII
MMMDCXIII
MMMXXXIV
1953
3472
2186
349
3929
1163
2993
2772
MMDCCCXIX
539
MMMCCLXVI
3599
MMCMLXXXIII
3951
CXXXIII
MMDCCCLXXVIII
888
1163
CCLXXXVII
MMCLXVII
3366
CXXXI
MMCCLXXI
MMDXXXIII
3344
1807
MMCCCLXXXVII
MCCXXXVI
1465
3615
CMLXXVII
1648
3156
3528
MMMCXXVII
MMCMXXVII
MCCCLXXXIII
MMCMLXXI
MMMCCLVII
MMMCMX
MCDXLVIII
2922
MDCCCXL
3263
3046
CMXCII
MXCV
2177
3765
MMMDCCVI
DCXCIII
2428
1489
2406
2218
CLXXVI
MMDCCXIII
MCCLXXXVII
CDIX
2575
MMDCXCI
MDCC
MMMLXXIII
CMXLIII
DCCCXXXIV
3938
1433
1827
61
2586
MMCVIII
DCCCXXVI
3611
CDXXVI
MMDCCXI
3682
2050
MMCCCXXXVIII
MMDCCCXXXI
MMDCCCII
MMMCCCXVII
1163
DCLXXVII
1894
1091
2331
MCCXXVI
MDLXXXIII
MDCXCV
2445
MMLXXIV
3508
3430
CDXXVII
MMMDXXII
2728
MMMCCLXVI
1911
DCCCXXXIV
2854
3939
1654
MCCLXXV
MMDCCCXXI
MMDIX
MMDCCCXCVIII
3339
MMMCXCII
3619
MMMCDLXVI
MMDCXXXII
3856
3824
CCCXLV
1125
65
MMCCXXXVI
MMMCDXLV
MMCLXXVIII
2054
MCCLXIV
985
CCLI
3684
3293
CDVII
2908
3108
MMMXCVI
3874
MCMXXII
1773
1954
MXVIII
1872
MMCDLIX
CDLXXVII
3321
3334
53
MCCCXXXII
MMLVIII
MMMDCCLXX
MDCXXIII
MDCCXCIV
1131
MMCDXCVI
3282
3082
1966
3124
1586
180
MCCCXXXIV
3685
2430
3639
MCXLV
3295
MMIII
43
2439
273
2714
MMDCCCLXIX
1804
1129
145
3095
1603
MMMDCCCLIII
MMMCDLXXXIII
MMCLXXXVIII
MDCLXXIX
781
3319
3542
MMCXLV
650
270
MMMCCXXXI
2445
MMCDLXXXI
MMCDLXIX
MMCMLXXIX
3514
MMMCLXXXVI
MMCCXII
1203
MMCMLXVII
MCDLXIV
2483
645
1698
3681
2472
MMMDCX
2140
MMDCCCXXIX
3987
1617
MMCCLIV
2369
3852
MMDCCXCIV
MMCLXXII
1075
3777
3562
MCCCXXXIII
1086
632
MCCXVIII
MMCMXXI
CLXXXV
1722
681
MDCCLXXX
236
1487
1677
3193
MMCCXCI
1579
3720
CMLXXXIV
2972
2067
2444
MMCCCXLI
3818
MCXII
MMCDLXXX
3470
MMCLIX
1100
MDXIV
MMMDCCIV
2158
DCCLVI
1672
MMLI
MMCLXXII
MMMCV
CCXCIII
MMDCLXXXIX
MDCCCLII
570
MMMDXCVI
2090
MMMDCXXX
MMMCXCVII
1260
MMMDLIII
67
CCCXXVIII
MMXXVIII
3330
2782
DCCLXXXIII
CXCVIII
3338
3406
3666
792
MMMDCCLXVIII
MDCLXXVI
MMDCCXVI
MDCCCXII
MMCCXLIX
3425
MMMDCXXX
MMCDLXXXI
2266
MMCCXXVI
MCDXXXIX
1625
2545
1693
MMMCDLXXXI
MDLVI
2263
MMMLXXV
3108
MMCDXCVII
MMCDXVIII
133
2576
MMMXXIII
2265
MMCMXLVI
1775
2422
MMCXXVIII
1551
3522
MCDL
3713
1037
MMMDCCLXXVIII
1644
208
922
MCCXXXIX
MMMCDVIII
4
MDCCXLVI
MLXXX
323
2331
MMDXXVIII
815
CMXIV
1184
1805
MMCCCVI
MMMCCCXXXIV
1954
1317
1928
2139
MMMCMXXIV
MCDXXVI
2831
MMMDCCXXXIII
2370
2319
MMMCMXCV
MMCCCXLV
3691
570
1915
649
3665
2432
3369
MMMDCCCIV
3086
439
2265
MMCCX
2621
XLIX
DCV
MMCCCLX
MMMDCVI
DI
MDCLIII
MMDCCCXLVIII
MCXI
MCDXXXII
3149
3744
3201
MMMDCXXXVIII
MMMCMXLIV
DCCCXX
MMDV
MLXXXVII
437
990
2606
1017
MCXCV
MX
2065
MCCXCIII
410
MMMDXXVIII
2800
MMCIII
2566
2097
987
200
1333
485
3110
MMDCCCLXXXVIII
640
CMXXXIX
968
MMMCCCLXVIII
MMMCCCLXII
3379
XI
32
3603
2422
MMLXIX
1982
2115
1667
MMMDLI
MDCCLIX
MDXXXIII
1954
MMCCCV
MCVII
MMMCXXIV
1166
MMMDCCCXLVII
MLXXXV
MCCCXXXIX
MDCCCXCVII
3891
1478
2691
MMDCCLXXIII
3673
1221
95
CCCLXX
MCCXCIII
CDXCVI
3269
MDI
1050
7
MDCCLXXXIII
CMLVII
3904
2870
3179
3274
298
MCMXXXVIII
MMCCLXXXVII
CCCXXII
MMCLXXV
MMCCCI
MMDCCLVIII
MMMDCCLXXX
3697
1282
MMMCDXLIII
MMDCCXL
MMMLII
CMLXXXVII
1082
MMCXXIV
2814
MCCCVII
DCCLXXXII
540
DCCCLXXVIII
XIV
CXX
MMMDXIX
MMMCMXLVI
623
MMDCXIV
MDXXXIX
MMMCCXXXIV
MMMXXVI
3601
1743
MDCCXV
MMMCCCLXXIV
1941
3372
1475
1429
270
3879
MDCCLIII
843
3835
3472
DLXXVIII
MMMDXCV
DCCLXXIX
MDCLVIII
CXXXII
CCCXXXVIII
3874
3587
2586
974
2366
1346
318
MMDCV
MCMLXI
MMCDLXXIII
MMMDLI
MMMCDLXII
471
1433
1755
MMCDXLVI
MML
DCXLVI
MCDXXI
3147
MMCXCIV
3692
MMCMXLI
3009
2570
244
3912
MCCLIV
MDCCLIII
530
MMCCLXXXIII
32
1963
MCDLXV
2865
3448
3174
3337
MCDLXXI
3352
1878
913
MCDL
1329
MCDLXXXVII
3702
CMLXXXVIII
673
CCIV
MMLXXIV
3023
3696
1520
2784
1987
MMLXVII
640
DCXIV
MMMCCLXXVII
MMDCCLXXXIX
MCCXXVI
2529
MMDXXXIII
MMDCCIX
MMCMLXXVII
2462
3942
MDCLXXIII
CMXCII
251
MMMCCCXL
MMMXLII
950
3344
1623
1569
918
MMCXXXVII
MMMCMLXV
CCLXVII
MMXVII
MMDLXXVIII
MCDXXIX
2408
3368
1112
CMXLV
1534
3942
DCXXXVI
3789
2594
1533
2026
MDLXXXI
3023
MMMCVI
1479
1248
885
MMMXX
CCCXLIII
3957
1783
MCMXVI
2698
MCCCXVII
1183
DCLXIX
3149
2848
MCDXVII
3670
674
910
MMMCMLXXII
3933
MMIII
181
3553
2706
69
CDXL
DCCCXIV
296
MCXXIII
MMDXXIX
MCCCXXXV
1698
3138
3082
MMCL
MMMDLX
MCMXLVII
2708
408
MMMXCVIII
3089
MCCXLII
2272
965
MMDCLXIII
1572
1657
DCCCLII
1327
MMDCCIII
221
2766
1251
3987
584
CLXIV
167
MMDCXXIV
3623
MXL
2974
2548
2566
3049
MDCXCIV
MMMDCCXXXVIII
DCLXXXIX
3329
MMMDCCCLII
3338
3537
CMXLVIII
DCCCXXI
2052
CLXXII
MMMCCC
1236
2074
1666
CLXVIII
2762
3723
2244
251
CCCLXXI
MMMDCLI
580
851
DXXXVI
872
MCCCXXXVII
MMMCLXXI
1521
3307
CXI
2267
65
MMMDCXIII
2800
536
MCMLXVI
2013
DCLXXXVII
XXIV
1435
3946
MMMCLXXXV
MDCCCLXXI
MMMCMXCIX
MMMCDXC
MDCCCLXX
MMXXXV
MCDXXXIV
MMMDLXVI
2358
MCMLXV
334
DCXLVIII
1401
MMDCCCIX
3673
MMMCCLII
545
1851
MMMCDXC
3770
CDXXXI
693
MCCCXXVIII
MMMDCXIX
XVII
632
3485
1402
3090
2420
MMMCCCXC
1450
3919
559
940
3272
785
2650
207
107
MMMCDXXII
859
1985
2020
MDCCCXXXVI
1215
MCCLIX
MXLV
2083
3842
MMMCCCII
180
563
MMMCDXLII
1500
332
MMCCXC
DCCLI
2689
3787
2632
1704
74
MMCCXLII
CDLVIII
MDCCXXXII
DCLI
MDLXXI
2685
99
MMCDXX
MMMDLXI
763
2906
989
DCLXXVIII
MMDIV
439
3108
982
MMDCCLII
3775
MMMCCCXLVI
3266
CDLX
MMMCMXVIII
CCCLXIV
1741
MMDCCCXVIII
MMXVIII
MMDCXV
3610
MMMCCLXXXII
2217
3990
CII
MMCXCV
555
MMDLVI
2683
MMDLXVI
DCCLXVI
MMDCXX
MMMDLXXXVII
1161
MMCMXXX
MMMDCCXXX
MMMCMLXVIII
MMCMX
1291
MMMCCXLIV
3292
DCCXLVII
MCXLIX
1474
MMDXV
MMMCCCLXXIX
MMMCMXLII
MMDXLII
MMMCLXIV
3491
MMMDCCCXIX
1064
1803
872
DCCCLXXXIII
3733
MMCMXXXIII
MDCCCXXII
978
MCXXI
413
1436
MMCCCXVIII
37
3067
CCLXXIV
MMMDCCLXXIII
2728
DCCXXXII
1031
DCCXIV
MXXXIV
MMCLXXXIII
DCCLXXII
MCDLIII
MCCXXXVII
MCDLXXVII
MMDLXXXVIII
MCXLII
MMDCCLXXXI
631
1537
2448
2790
1809
MMCDIII
MMMDCCLXXIII
MMDCCLXXXIX
MMMDCCCXI
2903
2619
DCXLVIII
2862
1402
3444
CCCV
1511
3433
DCXXI
MMMCXLIX
3307
3288
MCCCXXIX
DCCCLXXXIX
2312
444
629
794
MMD
2281
MCCLII
2110
840
1616
MCXXXIII
MMMXLI
CCCLXXVIII
DIX
MMMCCCLVIII
MMMDCCCXXIII
CXLVII
3587
2883
MDCCVI
MDCCLXXXI
2908
MCCCXXXIX
2490
3110
MCXCVI
III
DCCXL
DCX
MDCLXIX
2994
MMLV
MDCLII
MDLXXXVI
MMCCXLII
MMMCVIII
1412
1588
3784
MMXII
MMMVII
MMDCXVI
888
MCLXXXII
MMDCCCXCIII
MMMCLXX
MCCCLXXXVII
MMCMLXX
2685
3171
2379
CDXIX
1939
13
MMCMLXIX
2573
3162
MMMDCCCLXVIII
MDXCVI
570
2966
324
MCCC
MCMIV
MMMLIII
536
2235
MDCCCXII
MMCCLXXIX
3392
2802
MDCCLXXXIV
2302
3956
861
1606
2607
501
CMXCI
2870
3625
3435
108
MMCCLXIV
954
MXC
2625
MMMDLII
2826
1448
3561
MMMCCLXVII
MMMDCXXXVIII
2485
2515
2988
MDCCVI
2757
2472
MCMXCII
576
DCCCXII
2738
DLI
MMCMXXXVI
MCCXXXIII
1377
MDCCLXXIII
240
3057
2515
DCCXXXVIII
CCCXIX
MMMCXLII
XCIX
1265
1606
2962
MCCCLXXXIV
1475
1486
MMMCDXCIX
3409
2131
MMMCDLXX
1766
MCCLXXXVII
2085
441
MDCCCXCI
2776
1986
DCCXXXVIII
CDL
MMMCMLXXVII
MMMCCXLII
647
MMMCCLXXII
1304
3311
MCXI
181
DCCCLXXXIV
2011
1603
CDXLIX
1069
2044
MMDCCCLVII
1866
MCMXXV
1332
CMV
MMMDCCLXXXVII
2879
MMDCCII
MMCCLXXXI
3716
2298
1296
922
181
MMMDCCIX
1115
DCCCLIV
2433
345
DXXVII
MXXIV
MMCDXCII
1581
3934
LXXI
2763
3478
3670
MMCMLXXXII
MMMCLXV
MMMCLXXI
MDCCLXXX
1088
3978
1762
3713
MMXLIII
3335
861
80
2413
2181
2028
MMDCCXXXIII
2840
532
MCCVI
42
3560
CDXX
909
MMCMXLIX
MCDLIV
MMMDXVI
MMMCDXLVI
CDLXXVI
MMMCDLXXXIV
CDXI
2712
MMCLXXIV
2430
45
MCCCL
MMLXVII
778
MMMDCII
3464
3734
1420
3089
MCLXXXIX
MLXXI
MXLVIII
2006
3483
MMDCCXXVIII
MMMXXI
MLXXIV
1799
MDCCCXCVI
3389
2091
3497
MMCDXXVI
110
2687
1506
3645
3621
MCLXI
3805
CLXXXVI
328
342
2115
MMMCCCLXXVI
2525
CDXXI
MMI
DCLV
1468
MDXLIV
MMMCCCLXXII
508
CMLXIII
MCMXCIII
MMMDCCXIX
MMMDCCCXXV
2526
MDCXXVIII
3766
2506
483
2838
1714
MCCCLVIII
MMLXVII
3391
MMMCMXLVI
MDLXIII
2347
MMMXXXVII
CDXCV
3529
1023
MMCLXXX
1116
MCCLXXXVIII
MMCCLXXXV
MMCCCXC
3789
2661
3710
3889
CCCVII
1039
3939
1796
797
MLXXVIII
MCDXXXVII
MMMDCCXLVIII
MMCDXXIV
3826
1714
2439
MCDLII
MMMDXXII
977
2474
1285
554
562
MMMCCCLXXI
2696
MDCCCL
MDCXLII
MMDCCCXL
MMMCDXLIII
MMMLVII
662
608
CCXXIII
1711
1066
MCLX
1824
3287
1782
2034
2434
2543
3249
3425
3649
MDLXXXVIII
MCCXLV
MMDL
494
MMDCXLIII
MMMCD
MMDCCCLXVII
2091
3602
MCCCLXXVI
1444
DV
MMCCXVII
1129
MCDXLI
2029
MCMXXVIII
940
647
MDCCXIII
2722
2520
MMDCCCXI
147
MMMDCXXXII
714
2987
MCMLXXX
2824
MMCCXXXVI
2637
767
MMCCXLIII
3311
DCCCLV
MMMDLXXII
MCC
1799
912
3249
2936
2947
DCCCLXIX
MMMCCXI
3045
871
3533
12
560
MCDXXV
CDLVII
CCXIII
MMDLXI
MMDLXXXIII
3905
MCCXVIII
346
MMCDXVII
MMLXXXI
855
CCCLXIII
652
903
MDLXXXIX
MXCIII
MCCCXCIX
2523
1748
1784
MMCMXLIII
MMDCCCLIX
MMMDCXXIV
CCXXV
MCDXLVII
DCCCVII
2418
2394
MMMDCCLXII
MMMDCCCLXXI
MDXXVI
2474
3156
MMDCXCI
MMMDCXXIX
3334
1361
MCCLXXXVI
MMMCDXLIV
MMDCCCXIII
3438
1168
MMCDVI
3633
413
1761
MMDLXXXVII
CXXVI
1707
2655
1787
MMCCCXLVI
MMMCMLV
180
MMMCDLXXXV
3773
MMDCCCLXXXIV
MCVI
XXXVI
2144
MDLXXVI
MMCXC
3616
CXXV
MMDCCCXXIV
MDCCIX
1996
2356
CDXXVII
MMMDCCCXCIX
2769
1667
167
3419
MMCDLIV
3976
2989
1095
MMCMLVII
135
MMMDCCCLV
MMMCXXVI
1435
MMCMLXXXII
3642
2780
1532
DCXXIX
897
1922
CCCII
MDCXL
445
3155
CCCLXIII
2058
3973
CDLXXXIV
694
1291
1009
458
1680
MCCCXLII
DXLVII
686
1388
MDLXXXV
MMXLIII
376
MMDCLXXXIV
CCLXII
MCLVIII
2124
MCMLXXIX
1173
MCMXIII
871
MMCMLIV
MCCXCIV
CMLXXXVII
MDLXI
MDCCCLXVI
422
716
DCLIII
3061
MMMCCCXXXII
1136
3799
3984
2396
2891
2221
1371
1033
MDCCCLIII
MMMCDLXXVI
CDXVII
MMMCDXXV
1416
65
1095
MMMDCCLXXVII
MCDXX
MMDXCV
2285
3699
MMCCCLXXXVII
1295
MMDCCCXLVIII
MMCCLXIV
1126
MMMDCCCLVIII
308
3273
2173
MMCCCXIII
MLXXV
CCCLXVII
CDXI
1196
MMCMXXV
2895
MCMLXXIV
MCMXXII
1002
2763
3953
MDCCXXV
1653
MMCXCVII
681
3099
MMDCLXXXIV
595
MCMLI
1586
MMMDCXLIX
3963
MMMDLXXXIX
MMMLXXIX
3193
1974
3576
MDCCLV
CCLXXXV
MMMDCCCLII
3941
1611
MMXXXIV
2165
CMLXXIX
693
2595
2481
3273
1280
CCXLI
MMXV
2019
MCCCLXXXIII
CCCLXXXVI
2444
MMMLXII
MMCDXLVII
731
2145
MDCCXV
MMMDXXV
MMMDCCCXLVII
200
CCCXLV
307
2150
2827
3749
1757
3198
DCCCXXXVIII
MMMCDLXXXII
897
MCLII
DXIV
CDXLII
MMCMIV
31
3595
2926
2875
154
CLXVIII
3103
MCMLVI
CCLVI
MXX
DCCCXXXVII
352
CCLXXXV
IX
MMLXX
1529
MCCLXXVI
MMCCXXIX
CDXCIV
MMMDCXXXI
2448
3871
1246
397
CCCXXVII
MMMCCLV
216
MMCCCII
839
MMDCLXIII
DCCLXXII
MMMDXXXVII
314
119
MMMDCCXXXVIII
2095
MCCLXXIII
MDLXXVIII
3409
3332
DXX
DCLXXXIV
1849
CVIII
2644
3595
394
MMMDCXIV
CCLVIII
MMMDCCCXVI
MMCDLXXVII
1962
3152
MMCMLXXXI
2305
MDXCVII
MMMCCLXXXVI
MMDCCLIX
MDCCXXI
3228
2213
1609
1931
1302
MMCCXII
MMMLXXXVII
1778
652
MMMCCCXC
718
366
MMDI
LXIII
MMMCDXIX
507
404
2937
DCCCLXXII
1925
MMDCLXIV
3188
1735
MCXXIV
1258
1004
MMCCCXVIII
MCMLXXVIII
2931
842
MMDCCLXXXVII
MMMCDXXXI
MMCCCLXXVIII
MDCCLXXXII
MMMDCXII
MMMDCCXCII
2318
3833
714
MMMCCCV
MDXCVI
MMII
MCCIV
3589
1034
MMMCCXXXIX
2770
MMMDCLXXXVII
MCMLXXX
3320
2247
MMMCMLXX
CCXCII
729
1217
3934
326
3435
CMLXXVII
2528
3138
MDCXLIX
MDCCCLXVI
3697
CCXCVII
1632
3308
MMMCCLVIII
MMMDCCLXXXII
3063
DCCCLXXVI
MDCCCLVI
1765
MMMCDLVI
689
2301
MMMDCCCXII
MMMCDXXV
2605
MMCCCLXXII
MDCCXLVI
2705
MDCCIX
490
1976
MCMXCIX
3773
33
MDXXXI
MMDCLXIV
CV
MMCMLIV
CCXXXI
2803
1110
DCCIX
2592
MMMXIII
CCCXCVI
MMDCCCLIII
3774
DLXXXV
1696
CMXX
898
3498
2365
1692
MMDCCCXXXVI
MMMCCLV
163
MMMCMXLIV
1215
1657
3905
3431
MMLXIV
2869
2203
435
2312
MDCCCXXXIX
3090
3715
3175
MCCCXXXV
3898
MMMCCCLXXI
MMCCCXII
3384
MCLXI
2541
648
MCCCVI
2722
3962
CDXCIII
3135
2220
MDCCCX
MDCCCLXV
CMXXXVII
MCDXXV
MMCCCLII
MMMCXLVI
760
3143
MMCXCIV
MMMLXXXVIII
1386
DCCCXCI
1492
3926
MMMCMXVIII
956
MMCXLIII
3475
MCCX
MMMDLXXXIII
MMMCMXXXIII
1585
2284
MMMDCXLVIII
3100
CCCLXVI
2521
CMLXX
1184
MMMDLXII
454
CCCXI
947
1130
533
3991
MMDCLXX
2508
3084
481
XIII
1948
3088
MCXCVIII
1927
2324
2334
2518
MMMCDLVIII
3740
MMCCLXXX
948
3347
MMMDXXXIII
CCXCVI
CV
3303
MMDVIII
DCCCLXXV
216
696
2403
MMDLII
CMXXVIII
1743
3504
MMDXCVII
MMDVII
3540
MDCCXCII
543
MDCCCLXXVI
CLXXVI
3225
3480
1231
MMCMXXXVI
MMMDCCCLV
CCCLXX
465
MLXXXIX
2897
MDCCLXIV
MDCXXI
3993
2210
3739
907
MCVIII
DLXX
CCLXXXVII
MMDCCCXXXII
MCCCIII
CCXXX
CCLIII
MMMCCCXXXII
1894
MMMDCXIX
CXXIV
401
MMLXXVI
210
CDXVIII
2024
1235
CCCXCVIII
887
MDCCXLIV
21
580
MMMCCCII
762
MMMCCLXXVI
MMCXVIII
2242
MMCMXCIII
MMCDXLVI
3238
MMDXCV
2334
MCCCLXXI
MCCCXCI
DCLXXXVII
3366
90
MCDXXVI
1636
CCLV
MMMCDXXXV
MMMCMV
MMDCCCLXIII
613
1713
929
1424
2064
1475
2751
MMDCCCXCVIII
3316
MMDCLXXIV
3115
2067
3661
2878
195
1831
1409
MCMXC
2213
MCDXXXVII
MMMDCCCLX
262
MDCCXCVI
MCCLXX
1954
CCCXXX
DCCLXI
MMMIV
MDCCXLVIII
1994
MMMCCCLXXVI
3003
MMLXXXIV
3410
1036
MCMXLVIII
1361
316
2550
MDCCXC
MMC
108
DCCXXVI
MCCCLXIV
MCMLXIII
1357
470
CCXCIX
MMCDXXVII
MCMLXXII
CCLXXXII
MMDCCLXXXVI
546
MCMXXX
3108
2930
1080
MCXXVIII
2893
1799
3025
2269
MMMCCXLII
MMMCXXVI
2301
2271
CDLXXXII
842
CMXLII
1949
MMCDXLIV
CCCXXI
MDCCCXXII
MCCCVI
MMDLXX
MMCCXXVII
3776
MMCXCIX
3027
MDCXCIX
MCMXXIV
618
MCMXCVIII
2187
MMMCMII
DCCXIV
MMMCLV
1770
MMXLIX
2271
MMMCCCLXXXVI
3902
MMDXCVII
3187
1671
MMMDLXVI
2157
MMMDCCCXIII
MMDCCCLXXVIII
2821
MMMXLVI
MMDCCCLXIV
3740
MCDXXVII
MMCMLXI
MMMCMLXXVII
MMMCC
2422
MMXLVIII
3147
231
79
DCLXXXVI
MMCDLIV
3607
2663
DLXXVII
CLV
CDXIII
334
CMLVI
2408
3335
MMMDCCXX
MCDXXIV
MCCLXXIX
MMCCXLIX
2775
CI
307
3501
MMDCCCVII
MDCXXI
MLXXXII
MDCCXCVII
CDXLII
DCXXII
1618
MMMDIV
747
MMMDCCCXCVII
2505
639
MMMXC
DCLXXXVI
3393
MMMCXXVI
1562
MMMDLXXXIX
DCCXVI
3955
3478
572
MCMXLVI
MMMCXXI
MMMCCXCVI
3865
3128
2423
1650
MMMCMXLII
CCLXXVI
3589
2299
977
2863
1498
MDCCCXLVII
826
MMMDCCXIII
DXXX
MCCCXCVIII
3033
3496
1878
MDLXI
1
3305
DCXXVI
3881
1038
MMDL
MMLII
MCMLV
CCXLII
MMMCCCLXXIV
1151
MMDCXXVI
1096
1629
916
DCCCXXXIX
2110
1803
2988
2756
2609
3947
2063
MMMLXXVI
MMDCLXXXV
MDCCLXII
MMII
40
MDCLXXXIX
3933
1206
2653
1007
MMDCCIV
MCXCI
MCCCXIX
MMCDXXXI
MMDCCLXXXIV
1829
MMDCXIX
3113
VI
1700
MMDXLII
MIII
433
DCXLV
MCDLIII
2903
3774
MMCCLI
MCLXI
1917
1497
2904
1545
1180
2886
MMCCCLXX
MMCMLXXV
MCLVII
MDLXXXIV
2255
MDCLXXI
1385
MCCXCII
2381
2331
MCCXCV
MMMCCCIII
654
MCMXLV
1676
CMXXIII
2686
3245
2595
3231
2284
MMMDXLVIII
XC
MDCCLXV
2998
2040
2330
2150
999
1273
MMMCLXVIII
CLXXVIII
MMMCCLXVIII
3829
MMMDCLXXIII
874
DLXII
CCLXIII
19
MXX
3302
3169
3908
MMCDXCI
1519
2305
MCDLVII
MMMDCCLXXXVII
MDCCLXXVI
946
LXXIV
3236
1086
2722
415
MCMLXXIX
MMMCXCIII
1968
1305
MCCXCVI
2887
979
1391
MCCCXCVIII
659
2335
MMMDCCCLXVI
3545
2538
LXXXIV
CMLXIV
2031
DCCCXXVII
897
MMMCDXCI
MMMCCCLXXV
751
MMLXVIII
MMDCCCLXIV
MMDCCXXXVII
532
MDLXXVIII
2034
3242
MMMXXIX
LVII
MLIII
XXXVI
3902
MMMLXIII
1865
2847
2830
511
MDCXVIII
CLXIV
473
MCCCLXXXII
MDCLXX
MDCCCLXI
3959
1198
MMCDLV
2610
MMMXLVII
MIV
484
DLI
MMCMLXXII
2357
1430
MLXXXV
LXVII
MMCXXI
CXXXIII
3961
MMMDCCXXXVIII
MDCCLXXVIII
3900
MMCL
3058
2500
902
2031
1203
MMMCCIII
CCCLXXXII
MDCLXXVII
DCCXLI
534
MMCVI
DCXII
1015
DCCCXCIV
MMMCDLXXII
811
1023
565
CLXVIII
MMMDCCCXCIV
2914
CDXVII
MMMDCLXXXVI
MMMXVI
3730
MCLIII
2122
1141
2641
3065
1481
1819
2176
2606
3639
MMMCXCVI
3666
2302
2399
MMCCCLV
594
MMMDCCCLVII
MDCLII
3591
3643
2695
DCXCIV
CCXIX
923
3476
3291
MMMCCXX
MMMLVI
CCCXVII
CDXCI
MMMDCCXCII
MMDCCCV
1860
MMCCCV
MMCLXIV
MMCCC
2316
MMMDCCCLIV
MMDCXC
CCXIII
MMCDXXXV
DCCLXI
3467
MMDCCCVI
1352
CDXCIII
3786
MMDCCCXCVIII
MMCCCLXIV
2914
1376
531
MCCXCVII
1246
585
1797
2526
CCLXXXIX
2810
CCXVII
MMCCXXX
1818
MMMXI
3543
MMCCCVIII
252
MMDCCCLIII
3374
MMDCCV
MMMDCCCXLIX
MMMCDLX
2774
MMCMLXXIX
1697
1956
3727
252
3095
1864
MMMDX
MCMXXXIII
MMCCCV
MMCDLXXXV
CDXXI
3634
745
CDXXXVIII
MMMCCCLX
MCLVI
MMCCCXXXII
2188
1002
1859
MDCCIV
MMMCDLII
MMDCXLIV
2363
883
MMMCXCIII
1961
MMCMIX
MMMCLXXXVII
2216
242
712
MMCXCIV
CCLXIV
3328
1952
MMMCMXIII
1448
3052
DCCXXVI
CCCLXXXIII
1027
MMMCDXXXIV
MDCCCLXXV
CXVIII
MMCCCIV
MMDCCCXCIII
2744
MMMXXVIII
MMCXCIII
318
MCXI
MDCCLXXVII
2996
1945
3560
245
3879
2258
1704
3399
1334
2516
MDCLXXX
MMMDCXCI
MXXXIV
MDLXVI
MMMCDLXVIII
3303
CXCI
MDCCCLXXVII
2001
3605
MCCCLXIII
MDCCLVIII
1213
MMMCDXVII
L
CMXXXII
MCCXXI
MMDXVI
CCIII
MDX
3942
817
DCCX
MMXXV
MMDCCCII
MMCXV
2740
849
2117
MCCLXXXI
MMMCCCLXXXV
MMDCCLXXX
2960
2243
MCCLVI
3608
MMMCCLXXIV
3756
2475
MMCCXXX
MDLVII
3529
126
2875
MCMXXVI
MCMLIV
987
1468
3450
MMDCXLIII
2210
1143
MMCMXII
MDCCXXV
MMCDLXXII
2015
219
2083
2731
3516
2374
948
3238
MCMLXXVI
2575
CCCLXXI
2639
DCCCLIX
MMCMXCII
MMMCDXXX
DCCCLXXX
3733
3781
MMDCCXIX
2083
MCDXVIII
MCMXCIX
MMCMLXIII
2135
1018
MMMDCCLXXXIX
DLXXIII
MMCDIII
MMMCCCLXVII
1116
MMCCXXXI
MMCXIII
1929
MDCXLIII
170
XXV
MCCXCVII
2776
MCCCLXXVIII
CDLXXIII
2209
CCIII
CXXXV
DLXXXII
2301
3379
MCCCLXXX
555
MMDXXXIX
MMCDLXXVII
639
3743
3765
MDL
1961
712
1314
CCI
2602
MDCCVII
1627
MDCCCXXXIII
CCCXXXII
MMMCDXCI
DCCLXXIX
1763
MDCCCVII
2441
2328
62
2553
CCCLI
MMCMXC
MMCMLXXVII
MMCDXXXVI
MMMDCCXXIII
1718
MMXII
MMMCDLIX
MMDCXLV
2654
DCXXIII
2522
3786
DCCCLXXXII
2027
MMCCLIII
XC
1223
2005
DCLXXXIX
DCCL
2659
MMMDCCCXCII
2398
CCCXX
CCCLVIII
MMDCXXV
MMMDXXVI
3827
MMMCDXXII
3762
MMDCCCLXX
MDCCCLXXVI
MLVII
DCCCXLI
MMMDCCCLXXXI
MDLXXIII
MMMCCLVII
2996
3599
317
MMDCXI
MCLXV
2177
948
2961
MMDCCLXXXVII
CMXLIII
2795
354
MMCMXX
DXCIII
MMMCCCXC
2224
DCCLXXX
MMMCCXCIV
DCXXX
2230
MC
583
CCI
MMCDIX
MMDXCVI
MMCMXCVI
CMXXXIX
CCCXLVIII
2973
MMCMXLIV
3249
MMMDI
1404
1653
CCXXIII
CDLXV
3010
MCLX
1729
3906
MMMDXLI
2569
MCXLII
MMMXCIX
MLXXIX
1413
MMCDXXXIII
1073
DCCCXC
MXII
551
3871
MDXXII
DXCVII
308
XV
CMXCVI
XXIV
MMMCDXXII
935
3704
2169
2315
2515
CDXLIV
MDXXVI
MMMCCCXCV
MCDL
MMMDXVII
MCCLII
1492
1509
3315
MMMCMXXVIII
MCVI
MDLIX
590
1394
1942
1681
3103
1015
2093
723
213
MCXXIV
MDX
MMDCCCXCVII
CXXXVI
MMCMXXXVI
MMDCCCLXXVI
2570
MMMCCLXXIII
1187
MMCDXCVI
3538
CDXLIV
MLXXII
411
1983
1258
MMDLXXI
MDCCXXV
2714
DCCCXX
1814
1583
DXLVIII
3548
CDXXX
CI
79
CDI
434
MMCCCLV
MMMCMLXXV
DCCCXXVII
1616
MCCCXLVIII
MDLXI
CDLXXVIII
2676
2893
3965
MMDCCXXXV
CCLXXIX
1868
MMMCXXXI
3160
MMMLXXI
MDCCLVI
MCDII
MMMDLI
MMCXLVIII
MDCCCLVII
2629
MMCCCLXI
MMMCCCXXII
2694
2420
CIII
MMMCCCXL
MXLIII
2812
2794
MCCCXXXIII
1998
1819
1404
1490
1026
DCV
2577
MCCCXXXIII
MMMDCCCXIV
MMMCCXXXVIII
MCCCXLIX
560
3655
MMMCLXXX
138
MDCCLXXVI
3638
MDLXXXII
2914
2464
3501
358
MMDCXV
CCCXIV
MMMDCCCLVII
CCCXXIII
3303
MMMCMXXXIV
1731
MMDCLVII
MMCMXXXVIII
1874
869
689
CMLXIX
MLXXVI
379
MCCCLI
MDCCI
3277
MMDCCLXXXII
MMDCLVI
MMMLXXXI
MVI
3776
MDCCXX
MDXI
3189
MMMXI
MCMXCVI
1124
MMMDXIV
1113
MMIV
1381
1676
3095
CXVII
2836
3849
3851
MMDCLXXXV
MMDCCCVI
1822
MMMCCLII
MCLXXXVII
CDVII
MMMDCLVIII
3467
1351
2649
MMMCMLV
3465
3359
2827
3701
63
DCXCVII
3014
3312
MCCCXX
1311
MMMCCCLXXII
1870
719
418
MMCLXXXII
2105
MMDCLXXXV
MMCDII
MCDIX
MMMXIX
2324
MMMCMLXXXII
659
MMMCXXXI
2357
2415
5
2873
MMMXXXV
2765
MMMCCLXXXII
1141
MDCLXVIII
611
3593
DCCCXVI
1044
3621
2382
MMMDCXLIX
2952
MCCCLI
MMXCV
228
3034
2374
MMDXIII
DV
MLXVI
MMMCDXXXI
MMCCCLXI
771
3742
CCCXXII
1219
CLXXII
MMMDCCCLXXVI
3865
MMDI
MMMDCCXLII
MMCDXX
133
CCXV
381
2943
MMMCCCLXXIV
1061
MMLXXIII
3790
MMDVII
CMXXXVII
MMMCDXCIII
MMCDXCI
2850
3153
MMMCCXCV
3805
3994
778
3862
CCIX
2989
MMMCCXLVIII
903
1614
MDCXLVI
3939
MMCMXXXIII
698
MMMCXXXI
MIII
MMMCLXXXIV
MMMDCLXXVII
1280
3189
2392
2934
2494
MMDXLV
MMMLXVIII
533
DCCLXXVI
MCMXXXI
96
MMLXVIII
MMMDCCLXXXVII
MMMDCCLXXIX
152
1289
997
1028
CXXVII
MMDCCCLXXXII
3209
MDLXIX
MMDVI
855
627
MMCCCXIII
MMMCCLII
MDCCLXVII
MCDXXX
MMMCMXXIV
MMMXCII
MMCCCXXVIII
MCMLXIII
MDXXXIV
1975
1335
2733
MMMDLXIV
CCC
MMMLXXV
3156
MMCMLXXIV
17
2835
MMCDLXXXV
3311
3839
CXLIII
MMCDXXXVIII
119
2485
2453
DXXIX
3565
565
MMDCCCIII
1664
MCCX
267
3996
1903
MMDCCCXXIX
MMDXCI
CMXLVIII
MDCLXIII
MCMLXXXV
2641
MDLXXVIII
CCCXVI
MMMDXXVI
MMDCLXXV
CCXXV
MCMIV
CCCXXVIII
DCCCXVIII
MDCXLV
CMLII
MMDLXXI
3148
DCV
MMDCCCXLI
1029
2039
2112
3237
CCCXXVIII
2132
DCXI
MCMXXXVI
DCXVII
94
2162
MMMCCXIII
374
3980
LIII
MDCXLVI
MDCCXXXIV
MMMCCCLV
2666
667
MMMDCCXLIV
1324
MMMXLIX
1728
MCDXL
MDLXVII
MCCCLII
MMMCMXXXVII
46
CCXLVI
2690
3899
2828
853
3041
MCDLXXXV
3656
3508
MDCCCLXXX
MCCCXXXVIII
3305
MDXLI
CCCLI
MMCLXIV
DCCXLI
201
MMCCLVIII
CCXC
MMMDCXXIX
MMMCCLXXX
1083
3927
2859
1694
1980
CXXXIX
1933
1871
MMDCCLIV
MDCCLXX
2760
3095
MCCCLXVI
404
MMMDCCCXXI
CMXCII
1034
851
MMMDCCCXXXII
1175
LXIII
MMMCCCLXII
MMMDCCXXX
539
3034
3088
2761
MMMDCCCXCIX
MMDCCCXXX
MMCMXVI
DCCLI
CDLXX
MMDLIII
MMMCMXXXV
MMDCCCLV
1215
1648
2553
1364
MDCCXXV
CMXV
1220
CCCXXXVI
1621
DLXXXI
MDXVII
MMMDCXVII
CDXCIX
MMCLXXXV
2673
MMMCCCXLVI
3960
MDCCXXI
MMLXXIII
654
2635
2382
1142
MMDXXII
845
MXLI
MMMDCCCLXXXV
164
3628
MMDXXXVII
DCLII
2971
524
389
MMMCCCXXIV
139
2984
3985
3343
3357
281
MMDCCCXCII
3627
MMDXV
MMMCCCLXXXVII
2778
MMDCCCLXXXVI
MMMCCLXXXII
3390
MMCCCXXXIV
2223
1311
MMMDLXXXVIII
MDCCXXIII
2542
MMMCDXV
2491
1472
2532
CDXXIX
MMMCMXII
2286
MMMCCCLXXXVII
2885
511
MMMDCLXXI
1734
MMMDCCXLVII
MXXXVIII
MMMXI
MMDCCCLXIII
2763
1142
2653
2889
1922
CMXVII
MDCCLXV
MMXXIV
1286
MDCVII
MMMCCCLXXXIX
1619
CDLV
MMCDLXXIV
MMMCDLXXIII
MMMDCXLVIII
MMLXXXIX
MMXXXI
MCXLIX
494
MCDLXXVII
CCLXXX
2253
351
3696
2968
1463
2505
MMXCIX
MDCLXXXIV
MDCXV
389
MMMDCLIII
172
2512
458
852
1987
3966
1232
MMMCLV
831
1161
1263
MMMCMXCVIII
CCXCVII
CCXXXIII
MCCCXLIII
MMDCCCXXVIII
MMCMXCII
MDCCLXIV
3330
LXIV
3241
CDXLV
2553
2801
DXCV
MMDCXXXVIII
1493
3619
DCIV
2253
2157
3084
3339
926
2016
600
MCMXXVII
94
3194
MMDCXXXIII
CMXLIV
1278
MMMDCCXXXIII
3037
3923
3137
CCCLXXIV
CDXCIV
2464
CCLXIX
MMMCLXX
MMMCL
862
MDCCCXXXVII
MMDCCXV
MDCLXXXIII
551
MMCMXXVI
MMMCCCLXXIII
MCCLXI
MMMDCCCLX
MMCCCXXIII
2200
MMMCMVI
813
DXC
3624
3155
2047
MMMCCLXXIII
1721
CCLXVIII
MDCCCLXXIII
CCCLXXXI
1964
2304
MMMLXXXV
1735
DCCCXXIX
193
MMMDCCCXCI
MXCVI
3117
MMDV
3885
3636
MMMDCCCLVII
577
MMMDXVII
CMLXIV
CCIV
3717
3661
MMMCXXXIII
960
MDCCXXX
MMMDCCCXXIV
2822
MMCCLXXII
MMCCCXLV
XIX
3268
1457
3389
2806
MMCDXXIV
2936
MMCCLXXXVIII
3893
2418
1891
MMDCCCXXIX
1704
MMMCCLXXXIII
MCCCXCIV
2259
2751
1167
MMMDCXXXIV
CCCXC
MMDCCLIII
867
MCIII
MDLXXX
MMDCLXVI
858
1140
MMMDCCCLXII
MMDIX
MCI
CXCIX
3979
MMMDCLIX
2600
998
CCCLXXVII
MDLXXXII
MDCCXCVIII
MMMCDXLVIII
MMDCCCXLI
DLXV
MMMXXXVIII
CCCXLIX
3022
MCLXXXII
229
2063
DLIV
CXVI
CXLV
3144
MMMCDVI
374
707
CXCII
1194
MMDCXXIII
3878
MCMXLVII
MMDCLXXXIV
1790
2271
MMCLXXIX
2335
2876
1233
MMDCCIX
272
MDXLII
MMMCMXLIII
725
MMCMXXVIII
300
MMCMLVII
MMCCLXIV
1822
607
2974
3352
1030
3701
MMMCMLXXXVIII
115
3197
MMMCCXCII
DCCXX
MMDCLXIV
MMMCMLXI
CCXV
CCXIX
2724
MMCCCXXXV
MMMCCLXXXVI
2652
1076
CMXLVII
1601
MMMDLXXII
1844
2390
MMCDXLII
1126
MMDCLVI
1524
1873
2821
MMMDCXXX
MMDXCIX
1571
MMDCCCXXVI
MMDCCVIII
1259
1886
CLXIII
216
XLIV
MMCMLXXIX
997
XLII
654
MCDXCIV
MMCCCXCIII
CLXXVIII
MMMDCXXXIII
MMMVI
3131
292
MMDCLXXVII
CCV
MMDXX
LXXX
MMCCLXXIX
3632
MCMLVI
1059
3884
MCDXXXVII
1638
2149
3097
CLXXXIII
1382
3604
MMMCCXXV
MMMCCCXXXI
847
3320
3827
1139
MMMII
MMDCCCXLIX
MCMLXXI
MMDVIII
2970
2932
MMCDXCII
CCCXCV
MMCCCLVIII
MMMCCXVIII
1779
MMMLIX
3522
MMCIX
3149
MDC
2490
DCXL
MMMCCVIII
3919
2695
1899
3801
DCCXCVII
MMMDCCCLXXX
MDCCCXLIX
3327
2534
MMDCCCLXXII
LXXIX
MMCDXXVII
DCCLXXII
MMDXLII
138
1367
MMMXXXIII
MCCXXV
CMXVIII
1023
MMMCCCLXX
MMMCDLI
MDCCCLXVII
10
CCL
187
MCXLIII
919
MCMIV
MMDXXV
1759
MMCCVIII
MMCCXCVI
3119
428
MDCXXXVII
DCCLXXV
MMMDCCVI
MMXXXVII
1612
2469
MDCL
XLIV
450
MMCDXCVIII
MMCDXLI
364
983
MMCDLIX
DCCCLXXII
2778
MMDLIII
2064
2319
MLXXXV
1121
3769
2759
MMMCCCLVIII
2998
CDXXXVI
357
CDLXXII
MMMCLVIII
DCCCII
MCLXXVII
MMMDCLXI
MMMCDXLI
MXXVI
MDCCXXXV
CCCLXX
3688
580
MDCCCLXXXVI
MXX
766
CCCLXIX
MCCLXI
2571
2169
MMMDCCCXCI
MMMDLXII
CCXCIII
1481
3489
MMDXXX
MCMVI
2809
MCDLVIII
2076
465
MMMCMLVIII
2513
3362
1482
MMMCLXXX
1314
MMCDX
1169
1156
393
MMCDLIX
2365
MMMCCCXXIX
MMCCCLXXVI
3816
DXXII
CDLXVI
MMMXV
3778
CMXXIII
15
2375
1813
3498
3091
2495
CCCLXV
MMDCCCIV
MMDVIII
3125
MDCCCLVIII
3684
MMCCCXLVII
972
MCCIII
CMLXXIX
2117
DCCCLVIII
2728
MMCCCV
1728
2821
1407
MXXXII
475
MDCXLIII
3195
CCXXII
2888
1010
MDCLXXXIII
MMDXXVIII
325
1658
3539
2190
MMMCMXLVI
DC
1397
40
CCCXCII
1066
MDVII
3163
CDVIII
MCLXXXVII
MMMCDLXXX
MDLXXXVI
MMCMLX
MMCDLXXVIII
DCCXLV
MCCLXXXI
2096
CCCXXII
MMMDCLVIII
MMDCCLXXIV
CMLXVII
DCLXVI
1375
DCCCLXXXIII
964
MMCLII
MCVII
1804
XXVIII
3703
1212
MMCMLXXIII
1672
1103
CDII
MCDV
MMMCLXXXII
MDCXVIII
3935
CXV
2087
MDCCCLXIX
CMXCII
893
MCCCLXIV
MDXIV
885
MCCLXVI
2111
MDXXXIX
MMMCDLXXVI
377
2639
1327
MMMCDXCVII
2959
3062
MXCVIII
MMMDLXXXVI
15
CCXLVIII
MMMDCCLXXXV
1165
CCCLXXVIII
CLXII
MMMCDVIII
MCCCXLII
3084
3582
124
1421
MCDXL
3371
1361
MMCCLXXXIX
MMCMLXXXIX
CLXVI
1382
307
2066
772
MDCCLXIX
MMCDXLIX
MMDCCCLXXXIII
3467
MMMCXLI
CLXXXIV
3086
MMMCXXX
1547
MDCLXXV
1642
MCMLXXI
824
2792
CDXXXVII
MMMDXX
3902
2779
CCLXI
892
MCMXII
MMMDCCLIV
800
MMMCLXXXIX
MXCVII
CCCXXXI
1588
CCCXLVIII
DXLII
1359
MDCCI
3210
738
2982
3683
MMCCLIX
DCCXCIX
MCDLXXIII
655
1997
3493
DLXXIII
MCCCXLV
1561
MDCCLIV
3116
CMXLIII
1170
MDCCXIII
3705
1082
3261
MMMCMXI
3556
DCCCXLIII
3884
2040
2005
MDXVI
MDCLXVI
MMCDXXIX
981
2747
CCI
MMDCCXXXIV
MMMDCVI
1997
MMCMXLII
611
2891
3231
2632
2621
3094
1824
3447
MMMLXXVI
MMCCLXXXVIII
2174
MCMXCIV
MMCCCLXXXIX
MDXXIII
1830
MMMCCCL
3145
MMMDCLXV
1267
1451
MDCCC
MCCCXII
LXXVIII
754
MMCCLXXVI
1279
982
228
MMMCDLXXXII
MMMDCLXVI
MMMDXC
MCXXVI
MLXXX
MDCCCLXX
CDLVI
MDLVI
1196
MCDXLIX
1975
MMCCCXIX
572
MMCDXVI
1232
2896
2724
MMMCCCLV
2730
CDVII
2730
2203
MMCMXII
MMMCMLXV
MCDLVI
3972
1595
587
LXXVII
1205
2262
1172
MMMCMLXXIX
2423
DCXII
2269
MMMCLXI
MMCCXXXVIII
MMMDX
3845
2984
MCCCXC
CCLVIII
MMLIV
3476
419
337
MCCVIII
1120
MMCMLXXI
775
MCCCLVII
MMMCCCXXXVI
CLXXII
1971
DCCLXIV
MMDLXXII
2222
MDCCCLVII
2259
MCMLXXVII
MCCXXVII
DCCCVII
MMMDCCXLIII
1581
MMMLXVII
MDCXIII
CLXXV
MDCXVI
MDCCXCVII
2817
1301
MCCLVI
MMMCIV
1195
3843
1710
MMMCC
3527
MCCLXXXIX
CCCXXXV
MMCDII
1311
2054
MMCDXLII
3160
MMMDCCCI
MCCXLIV
MCCCXXIII
MMCLXXVII
MMMCCCLXXVI
MMMCMLXVII
DXV
2155
3289
2180
CXXXV
MDCCCXLVIII
1351
3268
MMCCCLVIII
DXXXI
DCCXII
3958
CCLV
DCXLII
MMCCCXI
957
MMMDCXVIII
1154
MMMDCXLIX
3192
MMDCCCLXIII
MCCCLXXI
1059
LXV
CLXVI
MMDCXXXII
MMMCCLXXX
DCCCLXXXVIII
2442
2088
CLIX
MMMXXXIII
3155
3670
889
3718
3783
370
MMDCIII
CMXLI
521
MMCCLXVI
MCMXCVIII
MCCVII
DCXC
MCCLXXX
2206
1991
MCXCVI
2522
MMCCCIX
MXVII
DLXV
2338
MMMXXXVIII
2553
2140
CMXII
MMMCLVIII
3807
1916
MMLXVI
1065
3022
CCLXXII
MMMDCCCXXVIII
CCCXXV
MMCDXXI
3922
MDXLVI
MMMDCCLXXXIII
1768
3556
3783
MMCMXCVII
3096
892
2518
DXCVI
2169
MDLXII
3595
3992
MMCDLXXXIV
633
MMCDXXXV
DXCVI
MMCDIV
CCXV
783
MMCMXXXIII
3752
2580
MXIV
MMCXV
X
MDCLXXXIV
CDLXVII
MMMDIX
MMCLXXXIX
1579
MCMXXI
MMMLXXXV
MMMCCCXXIII
2987
MDCCCXXII
2684
1523
1139
3067
MXX
3890
1897
MMMCDLXXXV
932
1178
MMMDCCCLXXIX
MDCCLI
MDCCXXVIII
547
3552
692
MMDCXXXIII
CXCI
MMMCMLXXIV
MCCXLI
MMXXIX
3716
1300
988
688
MMMCCLXIII
CCCXV
175
1002
1649
CMXLVII
980
1519
MCDXIX
692
3966
LXXI
MMMCCXCIII
MMDCCCXI
MCDVII
CMLXXIX
MCCLXXXIV
3941
MMXXXV
MCCXCVI
3503
MMCCCL
MCCCXCII
636
936
MMMCCXLII
2318
1964
DCLXXXIX
3848
2228
DCLXXVI
MMMDCCCLI
400
MMCMLXVI
MMCCCXXXIII
740
3233
MMMCMLXXIII
MMMDCCXCII
MMMCMXXIX
CDLVIII
1476
MCDXXXVI
3007
1676
64
1181
1899
MDXXIX
2578
2708
MMMCMXXII
MCMLXXIX
3791
MMMDXV
2411
2106
MDLIV
2127
3165
449
3335
CCCXXXIV
CDXI
MMDCCCLXIII
MDCCLI
2122
410
MMMDCCXXVII
1172
3185
2896
2609
2311
2215
MXCVII
2864
MMDCCLXXXI
MMDCCCXXII
3954
3454
MMMDCLXXI
1648
3372
3276
1874
1021
3039
MMCCCVIII
3295
2958
3936
616
MV
DLXXV
MMMCDLV
958
3114
DCCXXXIV
MLXXXVIII
MMCMX
CCCXIX
3524
MCCCLXX
2410
2781
CCCXLIV
MMMCMLXIX
3886
CCCXVI
1006
MMDCCXCV
2762
2391
MDCCCIII
MMMCCXVIII
MMDCCXXXI
MMMDCCXXV
375
MXXX
CCLXXIX
MMMLVI
3584
MMLV
1839
MDCCLXXXI
2097
MMMDCXCIX
3304
2342
MMMCCCXLVIII
MMMDL
MDCX
MMMCCCLXX
MMDCXCVIII
1165
MMDCCCLIII
DCLXXXVIII
391
DXCVI
MMCCCXXVI
1734
1130
MMMCDXLIV
1711
MMDCCCLVII
562
MMXXIII
MMDCXXXI
MDCCCXXI
978
MMMDCLXV
MDCCXCI
MMMCCCXVIII
CCXLIV
850
2728
MMMCDXIX
1881
3970
1418
MMMCCCLXXV
1646
1664
3533
MMCDXXV
3529
MMCCLXXI
1078
1210
3316
774
463
28
3138
MMMDCCCXLVII
2142
MMVII
3915
DCCCLVII
MMMDCCXXXVIII
DCCCXIX
CDLXII
2573
1048
837
MCMXL
MMCCCXCVII
CD
1579
1084
MMDLXXIII
MCDLVI
2327
2225
2993
1086
CMLXXVIII
2087
2084
1958
1191
81
1538
XLIII
2303
2694
1184
DXIII
MMCCXLVII
2577
1515
3821
2062
CMXXXIII
1176
3199
1779
3645
II
MMMDCCCXLIII
1067
CMVI
DLIV
1019
MDCCCXCVII
MLV
3047
MDCCXLV
MMMDLXXXIII
65
3986
MDCXLVI
591
MDCCCLXXXV
2510
1077
MMXCI
MMDCCXXXVII
DCCCXVI
2445
MCXCVI
MDCLI
MMCDXCV
MMMDCCCLIX
771
3238
140
1862
LXXV
MDCLXXXVIII
MCDLXXI
1367
205
2268
MMXCII
CCCLXXI
827
MMMCXIII
2642
3941
2848
2814
MMDCCCXCIV
2146
2205
MMMDCCLXXXII
MMMXI
MCXII
MMMCV
DCCCXLI
2842
1449
MCDXIV
MMCCCXXXV
MMCMV
938
3817
3155
162
698
145
MMDCCCLXV
3305
3239
CDXXII
2996
3360
2024
189
MMLXXVIII
1285
3741
CMXLV
1126
3052
MMMDCLIII
2875
MCMXLVII
MMX
MMDCLXXVI
605
382
3682
MDIV
1130
MMCDVII
MCML
MCMXLIX
DXLII
MCDLXXVIII
DCCCXXXII
MMDCXLIII
2361
MMMCCCXXVI
3627
805
CMXLII
2137
572
MMMDCLXXI
MMMDXCVII
DCLXXXVIII
CMLX
3383
MLI
MMCMXXXVI
MMDCCCXXIII
MMCLIV
MMMCMLXXXIX
3366
833
CCCXXXIX
521
MMDLX
491
1896
60
2435
MMDCCLIV
971
MMMCLXII
2670
MMCXXV
3908
MMMDCLXXX
MMCMLXXI
3605
2562
DCCXII
MMDCCCXXX
CCCXXXIV
3061
MCCCLI
1781
DCCLX
399
MCMLXIII
3348
MMMDLXXXIX
MMMDXXII
777
2899
MMCV
MMMCCCXXV
MMMCDXLVI
2716
MCCCLXIV
DII
3309
MMXXVI
MMMCMLXXXVII
MMCCVIII
MDXXVIII
DCXLVI
3248
MCCLXXII
MMCXCIII
632
MMMCMLXIV
2870
MMCCXCIV
DCCCLXXIII
MMMCCXX
MCMLIII
MDCCCXIX
MMDCLXXXVI
MDCCCLV
3279
336
CII
554
MCCCLXVIII
MMDCCCI
528
2843
3583
1457
1609
MMMCDLXXV
419
MDXXVI
MMMDCCCLXXXII
3439
2327
293
2912
3024
3505
289
782
1241
MMMDCCLI
2187
2025
1252
CDXCI
332
CCXXII
2869
1970
2611
2115
CCLXXV
3354
3575
2444
1699
MCXXIII
211
2164
1365
MCMXXXI
2534
417
CDXII
2825
DXXXVI
3743
MMMCCCXLVIII
1007
49
1149
MMMCDXLI
762
MMDCCLV
3758
764
MMCDXCV
DCCXI
MDCCX
814
MMMDLXXI
MCCCXC
MCMLXV
1698
MMMDCCCXV
46
1061
2582
MCLII
MCMX
CMLXXXI
3947
DCCCIII
DXXXV
3963
595
1750
MCCLXXXI
378
DCLIII
43
1593
MCLXXXVI
DCCCXLVII
3004
MMCMLIV
1233
436
MMLXX
3830
3637
714
MMDCCCLXXVII
3231
MMMCCL
1183
MLXI
MMCLXXXVIII
1395
647
208
185
MXCVIII
2462
CDLXXVIII
3633
3307
3056
1264
3421
MII
1410
MMMDCLX
3714
3071
1597
1084
624
1343
MMDCLII
757
83
DCCCXXX
MMCXXXI
952
711
1882
1658
3705
MMMIX
26
3980
XCI
113
CCLXXXVII
2209
CCLXXXVI
DXXV
2940
MMXXXV
MMMCDLXXXIX
221
3981
2171
MMCVII
2782
2904
DLXXXIX
MCMXCIII
1891
2729
2652
2965
XCVIII
3306
3648
MMMCMLXXV
MCXXXI
3502
MMMDCCCXXVII
840
389
MMMCXXXVIII
1330
409
2328
MMMCLV
MMMDXXXIX
1475
228
MVI
3664
MMMDLXXX
MMMDLXXV
311
281
1803
1065
CMLIII
CDXVII
2339
3150
MMCCLXXXV
MMCDLXXXII
MMMDCCLXVII
CLXVII
228
2799
MMCCCVIII
MMCXXXVI
CMIX
MDCXCIX
3849
MMCMXLVI
MMLXXII
DCCII
3463
481
355
MMCDXXVII
2054
MMCDLVI
1941
2590
1262
MMMCMXCIV
MMCM
73
MCCXV
3361
DCCXLIX
MMMCDLV
MCDLXXIII
2363
CMLVII
2511
MMLII
MMDCXL
3973
2427
MMMCCXLVIII
2414
1541
1688
3073
2215
MMDCCVII
MMMXXXI
MDCLXV
3678
V
MXCII
881
MDCI
2923
2059
MMLXXX
2169
MDXXX
MDCCCXCIV
MCDX
MMMCDLVI
2239
MCCXXV
2963
1609
MMCCXIII
MMMDCCXIV
1895
MMCXLVII
MMDCCXCIII
1214
3306
3763
669
1319
2806
3316
3557
MMDCLXXXII
214
2668
456
MCCLXVII
1507
2377
MDCCXXXIX
MCCCLXXXV
2029
MMCXI
2586
MMCDXCV
581
1982
1152
2037
1981
1036
1991
MDCCXCV
MCCLXXXII
977
CXLV
2322
MCMXCV
3301
MCCCLXXVI
3671
2982
MMDCCCLXXX
1173
DCCCXXXIII
MMMCCXCIV
1694
MMCCLI
3115
MMMCCXXVIII
MMMXCI
CMLXXI
1612
2438
MMCMXXXVIII
3342
1153
2479
MMMCLXXIV
2936
3868
3625
CMLXIV
DCLXXI
MCMXXV
III
352
CMLX
MMCMLVI
CCX
MMDCLIII
412
2729
DCCCIII
3185
3849
MCLXXXVI
CCCLXVII
2855
MMMCCCXXXIX
MMMDCLXII
MMDCCCXIX
716
MMMDCLXXV
DCIII
696
MMDXCII
MMMCMLXX
2996
MDCCCXLIV
2813
3986
2209
MMDCLXXVIII
MMDCCXXIV
2270
CCV
MMXXIX
MMDCCCLXXIV
MMDCLX
810
DCCCLXVII
MMCDVII
CXXVII
MMMCCLXXIII
MDCCCXVII
180
2254
CCLXVIII
2980
DCCCI
MMMDXLV
164
495
DCCCXIII
MMDVIII
MMCXXXVIII
MMDXVII
MCMXXXII
DXCII
MMMCCXXXI
1202
1720
2918
CCCI
MMMCCLXXIV
532
546
CLXXXIV
MMMXXXIX
DCCLXXIII
MMMCMLXXII
MMMCCCXCVIII
791
2484
623
316
MMDCCLII
MCDLII
3774
2878
MMDCCCLXXII
3740
MMMCLXII
3792
2477
MMMCXXXIV
629
CCCXV
3911
MMDCLXXII
2810
MMMCXXXIV
1372
MMMCCCXCVII
MMMDCCXLI
MDCI
MMCMXXIII
2196
MCDLXXIX
2444
2220
DCCXCIII
2509
MCDLVIII
MCMXCV
MMMCCL
3536
3577
2784
MCCXLIV
1035
479
240
2371
2882
2441
405
2781
MMMDXCVI
2976
MMDXCIII
MMMCMXIII
MMMXIX
MMDLXXVII
MMCDXC
892
MDCCLXXXIII
3752
3059
191
3598
CDXV
CLXXXI
MMMCCCXVII
CDXLIX
DCCCLXXXVII
MCCCVII
3215
MMCDXXIX
1945
2059
MDCCCLXIX
2540
3344
3944
410
MDCXX
1303
1014
MMMCDLV
DXLVIII
LIX
MMLXVIII
2903
MMMCMLXXV
MMMDCCCLXIV
MCCCLXIV
MXXI
DCVI
MMDLXXXVIII
1737
MMMCDLXIX
MMII
MMCMXXII
MMMDXLIX
1205
MMDCXXV
481
MDCXXVII
2597
197
MXCI
MCCXVIII
MMCDXIII
MDCCXCII
MMMLXXIII
MMMDCCCLXXXIV
CDI
MMCLVI
3305
MMMCCXLIV
448
MMMCCCLXXII
MMMDVII
MMCDLXXIII
CLXXVIII
MMMCCCI
MMCCCXCII
MMMCDXI
MDIII
1716
MMMDCCXII
1591
2597
MMMCDXLVIII
2231
3620
1908
2827
MMCCCVII
3533
MMDCCCLXXII
1898
MDCC
1820
2366
2965
492
MMDCCC
3528
CDLXXIX
CCXXXVIII
CCCXIX
1986
3267
1310
1080
391
MMMDCCCLXXXIII
3896
MMMDCXXV
MCXXV
1651
MMCCXXI
DCLXXX
MMML
399
DLXXIX
2830
DCCCLXVI
1614
MMMDCCIX
CD
3055
809
231
CMVIII
1054
MMDCCCXXIX
CMLIX
2755
847
901
MCDXLIV
694
967
MMMXVIII
964
684
MMDCCCXCII
764
502
MMDCLXXXII
1871
3195
MMDCXLVII
MMMDCXCVI
MMDCCLXXXV
1706
MMDCCXXXII
MMCCXV
MDCCXVII
MMCCCLXXXV
MDCCCXC
MMCMXCIX
MCMLXVII
3298
1403
2896
1985
MCMXC
DCCCLXXVI
CCXVII
1421
1744
MMDCLXXXIX
MCMXCVII
1593
1905
MMCCCLXXIX
MMDCLXX
LX
MMDXVII
MXCV
2889
3911
MMMCMX
DCCXCIX
287
1733
MMMDCCCLXIV
MMCCLI
MCMIII
1707
103
MMMCCCXIII
MMMCDXIX
MMDCCCXX
1443
3459
MMDCCLXXV
MMCMXXVI
MCMVII
3310
3551
943
LXXI
3592
1651
DCXIV
MLXI
3644
2783
MMMDCLXXVIII
2992
MDI
3383
3398
MDCXCVIII
3528
MMMDXLVII
MCCXXVII
1732
3243
CDLXIX
MMMCDLI
2481
2320
MMDLII
MMCDLXXI
519
MMCMLXXIII
MMCCCXVII
1011
MCCCV
2022
1008
696
MMMDCLVII
2807
2114
1158
MDCCCXVIII
3561
2692
MMMDCII
MMDCCLVI
MCCCLXXIV
CCXCI
MMMDCCV
MMCCCXI
3057
DCCLXXXVIII
MMMCMLXXIII
MCCLXXXV
1499
MDXIV
542
2995
MCDLIV
1740
MMCDXVII
CLV
CCXXIV
MCDLXXVIII
MMMDCCCLXX
CXCV
DCCXXXV
MMCDIX
MDCXXVIII
MMCCCLIX
2977
CDXXXIX
MMDCXLIV
1327
MMMDCCXLVII
3955
MDCCCXXVIII
1716
2461
MCLXII
MMMLXXXVIII
MMMDCLXXXVI
1930
3620
2442
MMDCXVIII
MDXIX
2204
3969
1127
212
MMDLVI
2694
108
MMCXXXI
3070
MDII
1204
MDCCCXXXIV
987
3669
MMCCLXIII
3608
MCXXVIII
MMMCXXXVII
84
1504
MMMCCCXCI
2819
3401
3562
MMCCCXXXIX
2358
MDXCVIII
3832
MMDCCCLXIII
3023
1148
646
MCCCLXI
238
1521
1120
1813
MCCCLXXIII
1581
540
MMMDCCXXXI
MMMLXXIV
1452
MMXXI
1882
2163
MMMDCCLXXI
1068
2382
527
2936
137
3742
873
CMXCV
MMDCC
MCDXXXVII
CCCXXXVI
2966
3918
1705
MMCLVII
1949
MCXXXI
MDCCXXIX
2156
515
MCLXXXII
484
MCDXXVIII
MMMDCLXVII
CCI
483
938
MMDXCI
3889
1047
MMMCCCXVI
1253
MMDCCCXCIV
827
MMDCLXXXIII
2257
2920
MMMDCCXXIII
811
DXXXV
MMMCXXV
2219
1739
3948
MCLXXXII
391
LXV
1473
MMMCDXLIX
MMMCMXXII
CDLXXXVII
MMCMXLII
1977
1869
MDCLXXVII
MMMCLIII
173
DCCCXXXIII
MMMDCCXCIII
1337
2825
MMCLX
611
632
MCCLVII
CCCI
3917
CCC
DCCCL
MMXXV
MMMCCCXLV
409
378
CCCLX
DCCL
538
755
688
2719
MMMCCCV
3237
CCXXIX
2084
1426
DLXXXVIII
601
2171
DXCIV
CDXXXV
3620
3826
3781
871
CLXXXI
DCXXIX
MMCCCLXXIII
MMXXX
1832
2400
1496
1507
981
XCI
CCCLXIX
MMCMLXXXIX
MMDXXXVI
DCCCLIV
MMLXIV
1183
2718
MXII
2198
MMMXV
MMMDXXXVI
MMDCCCXXVII
DCXII
MCCCXXIX
1366
2146
2420
MMDCXL
2018
3146
2904
MMDCCLXXIV
DCCLXIII
2229
CMXXXV
MMMDCCXLV
MDCXXIII
MMXLIV
181
MMMCXCI
14
2391
MMMCMXC
1669
2028
14
2279
2784
3570
MDCXCIX
2199
415
3832
3577
MCCCLXXX
MDCXVI
3221
820
MMMCLXXV
MCCXV
663
2292
C
283
CMXV
MMMDCLXIX
DLXII
MMMCMXCIII
704
1652
589
3008
MMCLXXXIV
2667
MMMCLII
2729
MMDCCXCVI
3532
513
MXXXIII
MXXXI
563
1053
3648
2941
1341
M
3774
MCCXIII
1853
2852
927
436
MDCCLXVI
2986
2244
1568
MMCXCVII
1762
1526
CCXIV
2880
MCCCLXXV
2394
MCLV
1374
2608
284
MDCCCXLIII
958
MMCMXLVIII
CMX
CMLXXIX
MMMCCCXXXIV
MMMDXXIV
3553
MMCXXXIX
1326
CXXXIII
2306
MMMDCCCLXXXIX
MMLXXXIX
MMMCMLIV
3275
MMMCCLXXXVII
236
2488
CDXXVI
MCCLXXXIII
1682
MMMCDXXXI
MMCVIII
MMLXXI
2431
312
MMCCCXXXVII
MMDCCCLXXV
MMMCMLXXXI
CMXXIV
2254
MMCD
CCXXVI
671
3878
2072
VII
MMMDLXXXIX
832
MCDXXXIV
DXXVII
MMMCXLV
1855
278
788
DCXLII
255
MMMDCCCXCVI
944
CLXXXII
1642
2652
MDCCCLXXXII
MCMLXXXI
534
2624
1693
MMDCXXXII
2002
3092
MDCLXXVI
1551
1972
1438
CLIV
MCMLXIV
511
62
CCCXXV
406
1505
MMMCLXXI
DCLXXXIX
2797
412
CLXXVII
MMMCCCLI
MMMCMXXV
3062
3951
DCCXIX
LXI
MCCCLXXVI
MMMCDXCII
353
DCXLV
MCDII
121
MDCXLIII
MMCMLXXX
DCXLI
CMXXXVII
2599
MMMDCLXXII
DCLXXXIII
DCCIX
313
363
MCCXCIII
DXL
MCMIX
3678
3020
3256
1268
XCVII
MMDCLXXI
MMMCXII
1712
618
1837
206
MCCXIII
2135
1292
MMCDXXXI
3643
2938
MMMCDIV
771
MMDXXXI
MLXXI
MCCVI
MMMDCCLIV
2402
MMDCXXXVII
3580
582
MMMCMLXXIV
MMMCCCVI
2888
3644
MMMDCCXXIX
57
3290
154
2790
MMDCCCLIII
1619
MXXX
MDCCLII
MMMCDXXXIV
1032
3144
863
3821
3249
MDCCCXXIX
CDLXIX
MMCCLXXXV
MMMCXXXIX
MDLXXIV
MMCMXCVII
CMXCV
MCDXC
MDCCLXXXVIII
3135
DCCCXCII
MMMXXIII
MMMCMLXXII
3809
MMMDLIII
2197
MCCCXXXII
MCDLXII
645
3436
DCCCL
MDCCVIII
MMMXLIII
MCCCXCVII
MMCCXCII
MDCC
MMDXCIII
1963
MCDXXXIII
3913
659
MMCCLXXVI
MMMLXIX
3269
571
MMMDCXXIV
MMMXXIV
3101
1977
3477
MMMCMLXXIII
MDCCCL
3560
DCCXCVIII
3455
MMMX
1421
MMDCXXIV
MMMDLXXVIII
1818
1273
MMMDIX
MMMCMV
MDCCCLXXXV
2617
MMMCDXXXVII
65
118
MMMDCVI
425
MMMCMLXVI
MCCCXLI
2120
445
2897
CM
2943
2844
1281
MMDCLXVII
MMMDVIII
594
3022
MMDLXX
1138
MMMCMV
1334
MDCCCIV
2903
MMCCLXXX
MMMCCCLXXXIII
MDCCXXVIII
3579
3069
3194
MMMLXXVII
3366
MMCMLXIII
MMMLXXV
MCLXXXII
3836
3421
3129
3996
CCXLIV
MMLXXIV
MMMCDXXXVII
CMLIX
3917
3868
MDCXVIII
3315
CXL
1147
1119
2495
3804
MDCCCLXXXIII
MCCCXIV
MDCXIII
MDCCLXXII
MDCXXXIX
MMMCXXXI
MMMCDXLIX
MMCMLXIII
2204
MCMLXXVI
3064
471
1620
2295
17
219
3451
DLX
DCLXII
CCLI
1017
MCIX
MD
CCCXCIX
MMDCLXXXIX
DCXLIV
MDCCXXXII
2069
MMMCMLII
MMCCIX
MDCCXC
1748
CCCXLVI
MMDCCCLII
1083
807
MCXXXIX
MMMLXXIII
3172
2603
3663
996
1112
MMMCDXLI
CXVI
3830
3119
MMMDCCCLXV
1445
MMCCCXLIII
1138
706
537
CMLVI
3537
MMMDCCCXCVIII
2855
948
CMII
MMDLXXXV
3602
1196
MMCCCIX
3980
2311
CDXCI
1998
1226
96
3115
3525
MMXC
MDCCXXIX
2308
2877
MMCDXXXIX
2374
MCMLIII
MMCDXCIX
MCMLXVII
579
2738
CCXCIII
MMCCCLXXXVII
3683
3614
MDXIII
MCCCXXXV
1524
3774
MMCXVII
3929
3877
MMMCDXLIII
MMCCCL
2681
1070
607
1727
2541
MCLXXVII
MMDXVI
MMMIV
MMMDCCCXI
896
2665
MMMCMLXIII
MCCLXXVII
3524
1921
40
2320
XLII
3622
MMMDCCLXIV
1956
1930
1877
DCCLV
MCCXCIX
2384
MMCMXXI
2991
MMDCLXXXVII
CDX
2392
MDXXXIX
MMCI
1486
MMMCXXXVII
MDX
1772
375
MDCCCXXXVI
2476
33
MMCXV
MMMCLXXXVI
DXXXVIII
2623
CLXXII
201
MDCLV
MDXL
1887
MMMXCII
MMMCMXXI
1425
2736
MMCDLXXV
MCCCXXVIII
MMMDCXLII
MMMCCXCIII
443
3124
2361
1150
MMCCCVII
DCCCXC
1790
1651
MMXCVII
MCDXXV
1520
MCC
DCCXVI
225
MMMCCCLXVII
3327
MMDCCCXXIX
2754
CCXXIV
3751
DCLXVII
951
3383
MLV
2191
1283
MMMDCCXXVII
914
2506
3343
950
MMDXLVI
1954
MMMDCCCXX
MMXXXI
3582
MCMLXXXIX
2352
168
3638
1506
3414
CCCLXVIII
MMCLXXXVII
MMXXI
MMDXLVII
MMMCCX
2764
MMMCLXVIII
CCCLXVII
1417
DXXXIII
1484
1724
1801
1640
650
DCXLI
2479
MCCCLXXII
735
2745
MMCXII
2600
CIII
1864
MDLXXIV
373
MMMCMXCI
CCCXXXVI
2578
2178
MCMLXXXVI
3096
3577
3859
MMDCXXIX
MCMXXIII
203
1267
3950
MMMCCCXCV
337
3069
463
2911
MMLXXI
3538
MMMDCCCLXXXIX
MMMDCIV
197
MMDCCLXXX
1361
3511
2347
1339
2418
MDCCCLXXX
739
318
CDXXII
MMDCCLXXX
2365
2965
MMCMLXXVII
3021
MCLVI
1666
3146
1054
MCCLXXVIII
1458
MMCDLI
MMMDXXXIII
CLXXXVI
1213
MMMCDXXXV
1820
3988
3825
MMLIV
DXV
MMMDCCLXXIII
3392
MMMCCLV
3681
MMMCMXCIV
MMCCXXI
3754
MCCCLXXXIII
MCDLXXXIV
MMMDCXI
CDLXXVI
665
MMDCII
MMMCDXXIII
CCXXXVIII
MMDCXIII
CCXXX
MMXXIII
674
CMLXXVII
2559
CDXCVIII
3791
511
3454
MDCCLXIII
MMCDLXX
MMDCCLXXXVII
884
CCCLXVII
MMMDCCCLXIV
LXXVIII
2353
CCCLXXVIII
826
3275
1985
314
MMMDLXXXIX
MMMCMXXVIII
MMXC
1011
963
MMCMLXV
MMMXIV
MMCXLVIII
2587
562
2636
3071
2355
LXXVI
MMMCMLXXVIII
MMMCMXLV
DLVIII
1505
3599
DLXVIII
MLXXVI
CXXXVI
2076
3158
69
721
1400
MDCLXXIX
3919
2966
2970
1705
3702
MCMLXXVIII
2453
MXLIII
MMMLVIII
MXCVIII
286
MMMCCCLXXVI
3140
84
298
MMCDXXXVIII
CCCI
MMCDLXXXII
MCCCLXXVI
DCCXLII
MMCCCX
DCCXXI
1216
794
MMCMLXXXIII
3149
1479
MDCLXXXVII
MCVII
743
MMDCXXXV
520
MDCCXV
1853
MDCLXXXVII
MCDXCVIII
MMMCDXXI
MMDCCCLXX
MMMCCCVI
623
CXXXI
MMDCCVI
3509
DCCXXXV
1494
MCDXL
1356
MCDXXII
720
3936
MMDLXI
535
2365
2419
1992
CMXI
MMXXV
DCCCXXXI
2790
MDCXXV
MMMCMLXIV
MMMCLXXII
2108
MCDLXV
1654
3661
3065
1451
144
3513
MDCCXVIII
MMCCCXXXII
3595
1274
DCCLXV
MCCLXXVIII
844
126
3233
3238
DCCCXV
1559
MMMCDXXIV
CXCIV
MMDCCCXLVI
MMMCCXLIV
2411
MMDXXXIII
MMCDLXIII
659
3103
CDXLIX
MMMDCCXLII
2202
MMDCXI
1196
MCDXI
3042
2956
2263
MDCXLII
MDXXVII
DCLXXI
MMMDCCCXCII
CLXVII
3560
1240
MMMLXX
MMDLXXXIII
MMDCCXCI
638
DLXII
1326
1769
3935
2031
2329
1575
250
821
1159
MMCCCLXXIV
MMXXXV
MMMDCCCXC
MMCCCXXVI
MCVIII
2119
MMMXLVIII
CDXXI
MCDIII
MCLVIII
1049
1878
MDCCCXV
MMCDLXXV
1976
CLXXIV
MMDCCLX
MMDCCCXV
MCDXV
CCLXXIV
2761
3706
MCMXCIII
CMLI
MMMXCII
2894
2066
MMMDCXVIII
805
2915
CXIX
3807
931
MMMDCCII
MMDLIX
3675
1878
MMCMXCV
MMMDCCCI
MMMCCXX
MDCCLIII
2986
2622
MMCMXXV
3501
65
MMMDCCXXIX
3063
2927
CCLXXIX
3663
2589
1860
DCCCIX
MMCCCLXXX
MMCCCLXXII
DCCV
DCCCXXVI
1911
CMLI
MCCLXVI
2013
MDCLVIII
MMMDCCXCV
MCMLIX
CCXLVIII
MMDCCCXCIX
MMCDXCIII
527
2712
963
1718
2825
802
MDCCCVII
3153
MMMDCCLXXIV
MMCCXXVII
MMXCII
2474
2150
MMDCLXXXIV
985
994
80
MCXVII
1664
462
498
136
MCCXXII
MMMCCLXXXVII
3695
2937
2752
2285
LXXV
MMCDLXXXVI
DCCLXIII
36
547
17
DXXXVIII
1554
DLXXIII
MMDCVII
CLXXXII
2967
1959
770
3689
MMCLIX
MMDCCCXXXVIII
CDXXVI
2889
2754
MMDCCCXXXII
MMMDCXCVIII
1416
1652
MMD
2591
DCCXXVIII
MCXXVII
3865
MMMDLXXXV
936
1142
MMMCDIX
MMCCCXXVI
DLXXXVIII
503
3333
MCMXLI
304
MMCLXXXVIII
MCMXCVIII
MMLXXXVII
976
199
3672
1286
1594
CCCVI
MMMDCCVI
MMCCCLXXIII
MMDCCLXXIV
472
MDCCCXIII
1936
MXV
DCCCXII
2176
MMDXC
3828
3908
779
2900
MDCCLXXXV
1543
MMCLXXXII
1044
MMCDXXXIV
XI
3623
1174
MMMCMLXXIX
MMDCCL
MMMDCCCLXXI
MMMDCLII
MLXXIV
MCMXLVII
MMCCLXXXV
475
1018
MMMDCCCXXVIII
CMXXXIV
MMMDCXV
428
2207
MMDXXVI
DCCCLXXVI
MMMCCXXXI
DCXXV
MMDCLXXVIII
DLIX
MMMCCCLI
1263
1319
MMDIX
3171
CLI
2477
1954
2014
CCCLXXI
1754
MMMDCCLXXVII
MCCVI
246
XXVI
3991
MMMCCXIII
MMMDCLXII
MMMDLVI
CDXCI
3368
CCCXLVIII
3052
782
DCCCXXVIII
3581
2272
209
MDLXIII
1165
295
MMCXVII
MMDCXCVII
2519
3675
MCCXCII
526
MMCCLXXXI
1556
475
275
3341
3408
3132
308
CLXXVII
MCDXLV
3012
MCMXXI
MCCXXI
1360
1606
CCXXII
377
DCXIV
CDLXXX
MDVI
2569
2274
1548
MCMLXXXIII
3678
MMMDXLII
2215
MMMDCCXXXIV
MCCCXLIV
MMMCCCXXXIII
LIV
3863
1503
517
MMMLXXX
3696
3920
MMMCXLIII
2271
2952
CCLIV
MCDLXXXI
524
3675
MCMXLIV
MMMCMLXXVI
MDCLXXXVIII
3342
1459
1553
3973
362
MCCCXLV
2124
MCXXXIV
DXLVII
MMCMXXXI
2172
2841
3096
2387
723
MMMDCCLXXIII
2208
2564
2492
1516
717
3368
MDCLXXIV
DCCLXVIII
DCCCXXX
MMMDCCCVI
MCCLXXXVIII
MMCXXXV
MDCCXXXIX
MMCDLIX
LXXXIX
MDCCCIII
MMMLXXXVIII
MDXXIX
2025
MDXII
3744
MMDCCLXXVIII
457
DCCCLVII
MCXL
3419
MMMDCCXLI
1745
DCXXXI
1628
429
MMMDCCLXVII
DCCXCVIII
2389
557
MMMCLXXVIII
511
MMMCDI
832
1721
3595
MM
1480
3631
3984
2316
1891
2193
MMDCCLXIX
982
2052
1731
900
721
MMMDCCCXLIII
3214
916
1507
MDCCLXVI
138
CCXCVIII
3432
3639
MDCLXXXIX
MDCCCXXXV
CMXL
220
MMDLI
DCCXLVI
3712
MMDCCCLXXXVIII
1294
649
MMMDCCLXII
802
1454
CLXXVII
1904
78
MLVIII
MDCCXXXIII
MMCCLIX
MMMCMXCIX
MMMCCCVIII
MMCCCLIX
2308
MMMXIII
3154
MMDCCIII
DLXXVI
MDCCCXC
CCV
DCLXXXVI
MDCCXCVII
MMMCMLXVIII
MMCDXCVI
1865
352
MMMDCCCLXVI
339
MMCDXXXII
DCCCV
1008
MMCCXXXIX
MLXXXIII
64
MMDXXXVIII
MMMCXXII
MMMCDLXVI
MMMDCLXII
MMCDXLIX
3940
MCDVI
2966
MMMCMXLVIII
1147
1114
MXXV
1644
1403
MCLXXI
MMCMLXVIII
158
CDLII
MMMCDLXXXII
MCMIX
MCCCXCIX
758
1620
MMMDXXIII
2115
MMMDCXXV
1210
MCDLXI
1688
MMCCLXVIII
DCXC
3085
MMCXXII
1111
MMMLV
MMCMXXIII
CDXLI
MMMDCXLVII
1897
1125
MMDCCCLXXXVII
MMMCCXXXIII
MMCCCLIX
2303
29
3350
136
1490
2321
MDCCXIX
MCCXCVII
2632
MCLI
2061
451
MMMDCCCIX
204
MMMCDXXXV
MCCLXVI
1551
CCLXXXIII
MMCCIII
MMMCDXX
MMCXL
MMCXXXIX
MMCDXXXI
1511
3486
MDCCLXXI
MMCDLXXXVI
1398
935
MMDLVI
MMCDXXIV
680
471
MCMXCII
3336
MMMDIV
1149
MMDCL
MCCCLXXXVII
2357
2548
MCMLXIX
CVIII
DLXIV
1169
MMMCMX
2864
MCCXIII
CMLXVII
3831
2738
MMMCXLVIII
3916
2835
DCCIII
MMCDLIV
2225
MMDLXXI
MLXXIX
1728
2443
1886
2496
3024
3214
MMMCCLIV
MDCVII
MMMCMXC
MMCXLV
MMMDXLIII
3822
3695
MMMLIII
38
2320
XCVIII
657
2162
3561
3473
3419
MMMDCLXX
MMMCMXII
MCDLXXXVII
3188
CXXXVII
812
1388
542
797
MMMXCVII
MMCCCXXVI
663
2452
3361
MCXCI
2616
MDCXXXV
MMMXCII
MMMDCXCII
DCCXLVII
824
647
MMX
MD
MDCLXXVI
MMCMLXXXVIII
3785
72
1533
2334
1151
CCVI
MMCCLXXVII
MMMCCLXII
MMMDCCCLXXIV
MCMLXXV
DCCXXXIII
MMDCCXXXI
3033
3222
MCCCXCII
305
MDCCCVI
2558
3168
MDCCXCIX
1181
MMMCCXLVII
MDCXIV
MMCCCXL
MMDCCCLIX
MMMDCCXXXVI
MMMDVII
1858
569
1300
MDCCCLXXXIX
3973
865
MMMCCXIII
MCCCLXII
3261
DX
MMMDXLIX
MDCCXXXIII
MMMCMXLVI
720
1973
MXCVII
MMMDCLX
2067
3607
MDXVIII
3778
3515
MMMXIII
3581
MMMCMVIII
MMDCLXXXIX
MMMCCCLXXX
MMMCDXCIII
MMCMXCIX
MMMDCCCLXXVIII
MCMXVIII
MMMXXXI
MMDCCXXX
MCMXXVI
MMMDCXI
2614
MMCDLVII
CM
MDXIII
MCMXXVII
3446
MCCCLVIII
MCCCXLV
88
1701
771
MMMDCCCLXVIII
MMMDCCCXVI
MCMLXXII
2192
MMDCCCXLIV
DCCCXLV
MMCMXXV
2530
MMXXXVI
MMCCCXXX
MMMDCLXV
215
879
MMMCCCVII
MMDXXIV
DCCCL
XXIV
MDCXXXVIII
2419
3613
2539
MMMDCCLXVI
719
2996
2433
1971
1470
MMCDXLII
MMMCCCXXXVII
836
1969
2618
3641
978
MLXXXIX
1505
DCCXCII
MMMCXXXVI
1988
223
3292
3510
MDCCLXXIII
MMMCDXXIII
3330
MMMDCCCII
MMDCXLIX
MMMCMLXIX
3786
CCCXCII
DCCXCVI
3231
688
2885
CXII
DXI
1383
2811
MMMDCCCLXXII
MMMCCXCVIII
DXLIX
2442
955
MCCVII
741
MCDLV
MMMCDLX
2172
MMMCDXIII
MCMLX
2919
2160
1546
MMCCLXXI
CMLXXX
3037
1871
1030
3093
381
1728
MDCCXIII
3089
MMDXCVIII
294
900
56
2600
2781
3541
1368
2013
432
619
CCXLIX
DCCLXIV
MMCVIII
MMMLXXXVII
MMCCLXXXI
CDLVI
2896
CML
DXVII
MCMXLVI
211
MMMCDXXXIII
MMMCLXXXIX
1103
MMDC
1871
DXLV
232
3679
MCXCVII
DCCCXL
616
3451
3409
984
MCCCLXXXVII
655
MLXXVI
MMMCMLXXXIV
3532
3601
2717
MIII
152
2237
MMCCCLV
CCXXI
CCV
612
2571
2574
177
3329
MDCLXXXVII
MMCXLIV
MMMDCLXII
2242
3195
3596
MMMCL
1788
3102
CXXXIV
1117
3045
610
351
DCXLVI
3520
MMMCCCVIII
MCLXXXVIII
MMMDXXXII
3888
1276
2333
MMCCLXXXII
3918
3285
MCCLXXXVII
55
MMDCCCXXVI
3645
DCCCL
281
MMCDXLII
3006
MMCCCLXXVI
1973
DCCCXCI
CLXVI
MMMDCCCXIII
2730
1857
MMDCCXIII
MMXCIX
MMDCXVIII
857
627
MCCXLIV
1988
1405
MDCLVIII
2563
2844
MMMCMLXXIX
DCLXXXII
MDCXCVII
CCXXVIII
CDXXIV
CMXXXIV
MLXXXII
2127
MMCXLVI
MCCLXXII
2129
1976
MMDCCCXII
MMDXLII
622
3317
2044
DCXXX
3699
496
1195
1279
992
3437
MMCCLI
MDCCLXI
3783
MMCCCLXXXIV
MMMDCLXXXIII
122
592
MMMDCCIV
3231
1609
352
CXCVIII
3840
CLXXXI
2495
CCCXLVI
3274
MCCIV
3124
MDCXLV
3932
MMMCMLXXX
2606
2793
MCCCXXXV
1720
872
464
MMMCCCXXXII
MMCCCLXXVII
MMMDCCVII
2797
MMDCCVI
MMMCCCXXVII
398
MMCMXXIX
2705
1671
CCCXV
199
418
42
1452
1713
ML
MMCCCXXIX
CCLXIX
CCXC
3739
MCMLXII
2120
1102
1411
MDLXXXI
MMDCCCLXXXIII
MMCMXXXIII
MMDCLXXXII
1525
1840
MCCCXXXVIII
MCXLI
1247
2917
MMCDLXVI
MMLXI
3834
3445
116
MCMLXXX
MMCMVIII
MMMDCXXV
2459
2858
2223
MMMCCCI
1684
679
3976
2761
2756
CLXIX
1084
3394
2281
MMMDCCXLVII
DCCCLIV
CCCXLV
MMCDXIII
671
MMMDCCV
MMCCCXLV
3204
MDCCCIV
MMMDCCCVI
DCXL
MDLXIII
MMCXXV
MDCXIII
1027
MMMCCLXVIII
1040
MDXCVII
647
DLXVI
MMDCCI
MMMDCCCXLII
DCCCLXXXI
DLXXXVIII
MDCCLXVII
MMMCXV
MMMDCLXVI
2077
MMCCCLXXV
2449
MDCCXII
MMDCCXL
MMCDIV
CLXXXIII
CLI
MCCXXVIII
MMDCCCXX
MMDCXXV
1631
2331
MMCDLXXXI
601
MMMCCCXCIX
MDCCLXV
1152
MMMCMXXI
1621
DLXXIV
MMDCCXIX
2545
1799
295
215
MDCCLXXI
MMCMLXXVI
MMCLI
2632
MMMDCLXX
MCVI
2016
MMDCXXVIII
MMMDCCCXXX
MCLXXVII
MMLVII
880
DCCXXXVII
MMMCCXCVII
MCCLXXIV
MMDXCII
1772
MMCMLXVII
MMDXXVII
MMDCCXX
3742
3414
825
MMCCLII
2814
628
CXLII
CDXXXIX
617
MMMXL
MMCDXXIX
MMMCCCI
3631
MCCCLXII
3147
847
1505
1467
2205
MMMCXI
3117
3569
CCCXXXIII
795
MMLIV
MCCXIX
MCCVI
3553
MCDLXI
MMCCXCIII
2383
2260
MCLXXXVIII
MMMCCCV
1218
MMDCLIV
MMCMLIX
DCXXXVII
1790
3514
3196
MXLV
XLI
3287
MMMCXCI
MMMCXCI
MMDXXXVI
MMDCV
729
MMMDCCXXVI
MDCCXXIII
MMMCCV
2798
2134
259
3909
MCCCLXVII
2387
1064
3352
3655
3271
MMMDCCCX
1510
526
3623
2048
MCXXI
2103
2612
1147
CCCXLVIII
MCCXIV
739
DXCV
2379
2872
MMDCCXI
MMMDXCV
911
MMDCLXV
MMDXV
MCCIII
3289
MMMLVI
MMMDCLXXXVII
MLIV
1090
MDCCXI
2358
DXCV
MMDCCCIII
2791
DCCCXXIII
3109
2195
MMCXIV
MMMCCLXXXII
2581
2479
MDCLXXX
1614
3425
874
3413
MMMCCCLXXII
1005
CCCXIV
819
DLXXXVI
MDXXVIII
2272
MMMCMXCV
3246
MMDXCIX
2610
3215
201
MCDLXI
MMMDCCL
2339
CXV
CMLVIII
1455
1556
MCMVII
3714
2557
3559
2586
1957
MDXXIV
3543
1732
3981
MMXI
CDXXXI
MMDCCLXXXVII
2324
2043
1511
MMCLII
3972
MMCCLXXVI
MCMXCII
2611
3725
MMLXII
2091
MMIII
MMMCMVIII
2474
MMDCXLV
3904
DCCCLXXXVIII
2175
2178
2064
2393
CCLXI
1594
2292
XVI
3892
640
MMDCCCLII
3447
MCMXXVII
3854
1321
XXX
MDCI
MMMCXXII
1912
2303
319
1518
DCXXXIV
MMCMLXXIV
2325
MMCMXXX
MLVII
2387
3040
DLXXIII
MCCLXXVI
MCLIII
MDCCXLVI
1329
2510
DXLIX
3408
1620
3457
MMMDXLVI
MCMXXI
MMMDCXCVII
CCCVII
MCCCLXVII
3501
1842
MMMDCCCLXXIII
2309
MMMCXXX
1007
LVI
1098
DCXI
MCDLXXIV
2964
3688
MMCCCIV
2049
545
MMMCLXV
1198
MMMDCXL
XXXVIII
MCLXX
713
1929
1285
845
2904
2555
2050
3934
MDXLVIII
3268
2477
2027
MCCXIII
DCCXXXIX
2454
3849
MMDCLXXXI
MMDCCCXXXIII
MDXC
LXIV
MMCDXXV
CDLXXXI
MMDCLV
120
2693
1234
MCCLXXIX
2901
CLXXIV
827
MMMCCCLI
311
3759
3057
MDXXVIII
CMLXXXI
2640
1119
MMMDCXCV
1638
1641
DCCXLV
MMCLIX
1167
MCMLXXXVIII
2586
DXXVI
3478
76
3655
MCDLI
CCCXIII
2950
CLXXXI
MDLXXVII
2318
MMMCCLXXXIV
MMMDCXXV
1087
3386
MMMCMII
2742
MMCMIX
XII
2678
LXVII
3513
DCCXCV
MMLXXIX
CDLXXXI
3420
MMMDCXXXIII
MMMCDL
M
1074
1401
MCXXVII
2464
2571
3151
MMMDXCI
MDCCCLIV
1391
MDCCCXXXVII
DCCXXIV
881
MCCCLXXIX
2564
432
MMMCLXXXIX
MMMCCXCII
2559
CMXXXVII
CCCLXII
MMMCXXXVI
652
3588
MCCLXXXVI
2908
CXLIII
MDCCXXIII
2426
957
706
MMDII
856
MCLXX
CXIX
MMMCCX
CCLXIX
2970
MDCCCXCIX
212
3316
2801
1877
2578
1593
DCCLI
DCLXXVI
2977
603
XXXVIII
634
MDCLXXXVI
3870
1528
3540
786
3846
MMMCCLXXIII
MMCDLXXV
3479
3054
MMDCCCV
MMXXIX
MMMCXXXV
520
2051
2331
CCCXXVII
3031
CCCL
MMMCCCLIII
68
MMDCXCII
MDXXXII
2328
MMMDCCLXIV
MCXCII
MDCLXXXVII
850
3988
MDCCCLXXXI
CMLXXXVII
2359
MMMDCCCLXVIII
MMCXXXIII
DCCXL
2037
MMDCCCXII
MCDXXXVII
955
DCCLVIII
3986
16
1086
726
MMMIV
MCCCLXXXIV
MMMDCCXXXVIII
DCCCXIV
DCCCXXVI
2092
DLXXXIII
3656
2384
3253
MMMLXXX
1447
1309
1986
MMMCDXIII
2272
LXXV
MMXIX
CCXVII
1743
DCLVII
DCCCLI
1607
1263
325
CCCXV
364
XXXVIII
1045
CCXLV
MMDXV
859
MMMDXCIII
MMMCCLXXX
738
57
3858
2955
3428
3753
CCCXCII
MDCCCLIV
3136
DCCCXIV
MMDCCCIII
MMMCDXXXII
3016
626
MMMDLXIII
MDXVIII
2650
2768
MDCCXLIII
22
2057
2479
MMMCCLXXXIII
1587
MDCCXVIII
CCCXCI
2733
1908
1502
MCDXXXV
1295
2966
MDCCCXLVI
2195
3384
3028
1680
MMMDIX
MMCMXII
MCMXVII
MMMDCLXXII
3994
DCXV
MCLXV
MDXCIII
940
870
MDCCCLXXVII
CMXCII
MCCCII
CCLXXXIX
461
DL
CCXLVIII
1635
MDCCCLIII
MXLVIII
CCCXLVI
2383
DCXXXVII
MXCV
MCMLXXXVI
2671
2707
2594
2811
MMMDCCXXXII
491
3244
CCXC
MMCDXCVII
2328
MDLII
MMMDCCCXCVI
241
1722
MXVI
MCCXC
MDCXX
110
2976
1494
XLVI
CCCLIII
1746
CCCXCIII
MMDLIV
1894
MMMDXCIX
MMDCCLXXXIX
MMLXXXIX
MCDLXXVII
MCXLIX
MCCLXXV
2077
2736
MMCCLIII
MMMDLXXIV
2473
3927
2021
73
3872
MDCCCLI
3335
2266
906
2454
MMCDXLV
2217
MMMDCCCXCIII
996
5
MMML
2495
MMXLIII
3157
MMXXIII
3112
MMMDCCIV
DCLXXI
3607
101
MMDLXI
MMDCCCXXX
MMMCMXCIV
1472
XXV
MMMDLXXXVII
MMCIX
429
1828
MMCLXV
1443
1903
3452
CCLXIII
MCMLXXVI
MMMCDLXI
DCCLXVI
1146
MMMCXC
510
MMMCDXXXI
CMXCIII
MMMDCLXV
707
2351
784
1750
MMMCLX
3685
616
DXXXVIII
1668
MMMDXCVII
MMCCCLXVIII
MMXLV
1543
CXCI
MXXXV
3103
95
3878
MDCXXXIII
MMCMLXIII
MMMLXXI
MCDLVII
MMDLXXVI
DXII
1525
MCCXXXVIII
MMCDXCIX
2728
3049
MMXCIV
1813
MMCCCX
3699
MDCCCLXXV
3640
1962
696
2511
MMCCXCII
MMCCCLXIII
319
1894
MMMDCCXCVII
1634
MMMDCCCXXIX
2268
VI
MMMCDXLVI
CCLXVI
2745
537
MMMLXIX
640
MMMCCXI
MCCLV
3071
MCLXXXIX
483
MCMXXXV
3535
2989
DCVII
MMDLXXXV
285
MDCCCLXX
DCCCXVIII
1257
3005
467
2112
3927
MMMCXCVI
1023
CDXIII
1971
MCXXII
MMCCCLXII
MDCXCVII
1960
MMCMLXXXVIII
MDCCXXV
MDLXXXIV
3104
2269
MMCMV
713
1105
MMMDCCCXI
1251
MXC
MMMLXXII
488
3882
MDXIX
3478
2698
MMMCCCIV
416
694
MMMCDXX
2338
MMMVIII
MCMLXXXVII
MDCXCVI
MCMLXXXI
123
MCCXXXI
MMML
3692
3602
MMMDCLXXXIV
MMMCCLXXII
MMDCCXXXIII
MMMCMLXXXII
3828
CCCVIII
2183
MCXIII
2615
3521
2448
553
519
MMCMXCIV
CCLXVIII
MMMCCLXXII
MMCCXXV
MMMDCCCXXXIII
MDCXLV
2368
MCDLXXXVI
MMMDCCL
181
DCCCLIV
MDCXXIX
MMMCCCXLIV
2045
MMMDCLXIX
3400
464
806
2638
1251
1445
MMMCII
1050
3054
3738
1796
DVIII
DCCCXXXVIII
1971
3245
3983
MDCCXCIV
2808
MDCCCXXXV
3275
976
MDCCCL
2278
1979
1522
799
3184
MCVIII
2350
MMDCLX
1007
2565
MMMCCXXXVIII
MMDCLXIV
3124
3683
MCMLXXXVIII
MLXVI
CCCXVII
3404
DCCCXLII
MDCCCLIX
1482
381
1001
1741
CMLXX
3830
MDCXXXV
1449
2576
MDCXV
MMMCMXXVI
DCXIX
MCMLXX
3373
MMXLV
MMMCCLXXXVII
1410
MMMCDXLV
3347
MCCCXXVI
447
597
3576
2568
MCMLXIII
2451
MMCCXCVIII
1158
178
MCDXCVI
786
3822
2913
3096
760
LXI
2990
3594
MDCXXIV
MMXII
2740
MCXIV
MMDCCLXXX
3022
434
3932
160
MMMDCCCXCIV
2547
IV
1699
MLXXXVI
MMMXXXII
MMDCVI
1006
MMMCCLVII
MMMCCLVII
DCCCIX
3804
2981
MMMCXXXI
MMDCCCXLII
564
CMLXXVI
MDXXX
2023
1800
MCXLV
DCCXCI
1710
3980
3960
78
DCLVI
104
2103
333
2055
CCCLXXXVII
MDCCIV
DCLIV
3473
128
MMCCLIV
MMMCDLXXIII
MMMDCXVIII
MXV
1566
3409
2143
MIX
DXCVIII
2532
MMMCLVIII
DLXXX
CCXXVI
MDCCVII
1554
3956
296
CCCLXII
38
MMMDLXXXVI
961
MDCCLIII
2517
973
MCDXLIV
CLXXXI
1155
1438
1409
DCCL
MMCXC
3367
CDXLIV
MMDCCXXVIII
CXIII
DCCCXLI
XXXIV
MCCCXXXVIII
3921
MMMDCCXCVIII
1630
CCXXIX
MDCCV
352
MDLI
MMDCCV
3468
3762
MXLII
2140
MDCCCXXI
MCDII
1108
3163
CDXLV
MMMCCCXX
3750
3057
1901
MMMCCCXCIII
3531
MDCCCXCII
613
MMMDCLXII
3921
2917
1911
3114
MMMDCCCX
MDCCCXXVIII
223
2707
1083
2920
804
2459
812
MMMDCXXIX
756
2325
2950
704
2992
MCCIV
826
1049
DCXXIX
MMDLVIII
MXV
3828
MCCXXXI
MMMDCCXLIV
MMMDCCXI
2112
MMMCLXXXV
MMDLXXXVI
MMMCLXIII
84
3099
2188
DXCVI
824
991
MMDCXLV
1780
988
DLX
MMMDCXLIX
MMMCCCXXVII
2071
XCIV
1239
3608
3956
DCLIII
LXVI
1215
MMDCCCLXIII
1132
MMDCCLXXXIX
3787
MMMCDXLV
MDCXLIX
387
MMMDCCVIII
3355
1621
MCMXLIX
MMMDCCCLXXIII
2678
2850
982
2352
1583
1821
CDXLVIII
MDCCXXIX
DCCXXV
1727
1172
3169
1049
2828
MMCDXXIII
MMMXX
2918
485
1516
MMMDLXIV
3370
CCLXXX
1591
1230
3816
3338
MMDCXXIX
3619
MMCDXCVII
51
MMMCCCLXXIII
3893
1111
MDCCLI
2182
1605
14
MMMDCXXII
2502
488
2390
DCXVIII
MDCCCXXXVII
2413
MMMDCLXXIX
DCLXXXVIII
434
DCLXXIV
1623
MMMCMXLI
MCCCLXII
MMLXXX
718
902
1306
DCCCX
DLXXXIV
1858
962
1116
847
1731
MXCIV
MMMDCCCXXX
MDCCCXCI
MMDCIV
858
CCCVI
DCCCVI
MCLXXXVI
218
2751
XXV
MMMLXV
1162
MDXXVI
761
DCXLV
MMMDCCXXXII
MMCLX
DCXCI
MMMCMLXXXV
DCCCXLV
MDCXXXIX
MCCCL
MCDLXXXI
2663
MMCXI
74
1508
2772
2449
MCCCLXXXV
2201
1581
3308
MDXVII
MCDXXV
2651
MMMCCLIII
MCCXX
CMLV
3752
MMCCCLXV
MMMDCCXCVIII
353
CCXVII
MMMDCCXLI
2533
MCXXVII
3896
262
3048
2210
MDCCXCVI
MCCCXXXIII
DCCCV
169
3725
DLXVIII
MMCCCXLIII
1957
3313
MMMDCXX
MMDCCLXXX
MDCCLXXXIX
MMLXX
MMMLIV
MLXXXI
CDLXIV
MMMDCCCX
DCXII
667
2625
146
MMDCCCLVII
1636
626
2913
3079
113
CCCLXXIX
465
MDCCLXXIII
MMCCXIX
2521
3387
MMMCDLXXXVII
305
CCCXIV
1517
MMCCCXXV
MMCMXXXIV
MMDCCCLXXIX
315
MCXXXII
1956
MMXL
MDCCCXXXI
221
3025
MMCDLXXI
2453
MMMCCCLXXIV
3819
2217
1814
3528
575
2967
CCXLV
CCL
3578
3762
2076
MMMXCI
MMCCCXCI
CDXCVII
150
1343
1474
2191
322
3251
MDCCCXCVI
XLVI
1498
MDCCXLV
2057
CCXVII
CCXXXVI
MMDCLXXIX
1635
87
MCLXXXVIII
2514
1929
100
1646
2748
MMMLIII
MMVIII
MMCDXCV
MMMDCCCLXXXIV
3117
MMMCMXI
1315
DCCLXII
460
3954
3130
2841
3241
MMMCMLXXV
XXXIX
2880
3890
3303
MCMXXXIX
MDCLXX
MMCCLVII
2529
1437
2892
CCI
3003
1890
3250
MMCCXLIV
717
MXCIV
MMCXXX
1022
2412
DCCCXLVIII
MCDVII
468
2351
3964
MMMC
MMMDXXXII
660
3959
917
MMDLXIV
MCLI
MMXXXV
MMXX
2285
MMCLVI
3243
MMCCXLIII
2641
MMCCCXXIII
CMXC
CDLXII
2019
MMMCDLXVII
CCXXXVII
MDCCCLXXXV
MMDCIV
1751
2047
MMCMLVIII
MMCDXIX
1626
LX
1607
MDLVIII
MMMDCCXCVIII
829
1896
DCCXCVII
MMDCCXXX
1914
MCCXX
2775
2497
MMMCXXXVI
MDCCCLXXXVIII
MCMLXXIV
MMCCCLXXXIX
MMCCCXCII
MMDCXCVI
1908
MMDCXXII
MMMDCCCLXX
2040
MDCLVI
3522
2666
1811
628
MMMCCCLXXXV
192
1970
MDCIV
2254
MMMDCXCIV
MCDLXXX
2492
3491
257
MCCCXXII
2524
MMCCCXXXVIII
MMMCCCXCII
2533
MCCLXXXVI
3954
CCCLV
1709
MMMCMLXVI
CXXIV
1083
MMDCCCXCVI
3297
MXLVI
578
MMMDLIV
2867
DCCXII
MMDCCCXX
CDLII
MDCCXLV
2937
1338
MMCDLXXXIV
MMMDCCXLIII
3135
2722
MMMCDXCIV
MMDCCCXXVII
MDCCCVIII
3886
CCXXXIII
MMDCCXXXIX
MMMDCCCXXI
3610
2596
DCCLXX
DCCXLVII
MMDCCCLXIX
MDCCLXXV
MMCDLXXVIII
MMCMLXXI
MMMCDXXXVII
2310
1375
MDCCCLXXI
MCDXXXIX
3527
MMDCXLV
524
94
880
MMMCCCLIII
854
3436
2816
3259
MDCCLII
1497
MMMDCCCLXXVI
545
MCCCXLIII
CCCXXXV
DCXIX
MDCCCXI
1887
MDCLXXXIX
MMMCCLXXVI
MMMXCIV
MMMCMXXXIX
1622
MMMDX
1247
931
1264
MDCCCXVI
1282
MMCCV
3979
CIX
3779
CCII
CCCLXVIII
MMMCCXCVII
MMLII
524
1200
DCXXVI
MMMCMXXII
3706
MMLXXXIII
MMCMXXVIII
MMCDXC
2542
MCMXLVI
1716
CLXVII
2760
MCDXLVII
DCXXIX
MMMCXCI
MMDCCVI
1501
4
372
1244
MCCCLIX
CCCV
1956
MDCXVIII
MMMDCCCLII
332
MCLXXVI
CLX
MMMDCCX
MCDXXII
MDCCXII
3841
1449
MMDLV
MMMDXXI
459
CCXXXIII
CCLIV
CMXXXV
1123
MMMCDLII
3915
MXLVII
MDCLX
3636
273
3751
MMCCCLXXI
938
1582
1645
1419
MCCCLVII
DCLXXVIII
41
MMDCCXCII
MMMCMXV
MMDXCVI
2233
1639
DCXXVI
3917
MLXXXVIII
MMMCCXLIII
1119
968
2246
1467
1158
3526
1863
2691
MDCCCX
2525
MMMDVI
MMDCCLII
MMDLXXIII
3965
MMDCCCLXXV
3877
3961
1518
2248
MCCCXCIX
DXXXIII
LXXIX
208
1645
MCMXXXVIII
LXXXVIII
MMCCLXXXVI
DLXXXI
DCCCXXXIV
MMCLXXXVIII
311
MMCLXIX
448
569
MCDXX
DCCXXXII
998
3305
MMDCC
2152
377
1565
DCXVIII
3591
192
1373
3590
MLX
DCXLII
MMCDLXVI
I
2249
MDCCCI
207
1927
MMLXIX
MCCCLXXII
3154
41
MMCMXCVI
MMDVIII
CMXLII
DCLIV
3225
1946
MCCCXVI
MMMCMLVII
MMMCCCLXXXVIII
MCDX
CLXVI
3152
DCCCXXXVI
808
3208
176
1881
MDCCXIV
MMMCXCIX
1173
MXXXIII
3371
1944
CCXCVIII
2871
3878
MMMCCC
VIII
2901
MDCLVIII
2226
2788
CXXXV
1547
2124
2311
460
2266
2106
3457
3905
3391
MDCLXXI
3653
1670
20
MMMLXXXVI
2041
1721
MDLXIV
924
MDCCLXXXVII
MMMCCLXI
582
3523
3506
3811
MMDCIX
MCCXLII
CDXVII
2039
2788
212
491
DCCCIV
MMCDXCIX
DCCCLXXIX
DCCCLXVI
CMXCVI
MMMCMLIII
CCLXXI
MCCCVI
3763
MCLVIII
MMCCCXL
LXXXII
459
2794
569
MCDIV
MMMCLXVIII
719
MMMCMLXIV
CDI
969
1377
MDCC
MMMCMVI
1313
DXXXI
CCCLXXXIX
MMMCXXXI
1081
MDCXCI
1480
MMMCCLXXX
3704
MMMCXXIX
1072
MMMCMXIII
MMDCCCXXVI
MMCLI
3430
2099
3370
3703
MCCLXXXVI
3060
MMCVII
2431
105
856
1514
DCCCLXIX
654
CDVI
1076
511
CCCXXI
MMMDCCCLXXIV
MMMCDLIX
MMMDCXXIII
1255
MMCCLXXI
MMMCCXI
MMMCLXXXVI
MMDCXCVIII
DCXXVII
CCCLXXX
1845
1254
198
3552
1744
1240
MXXXIII
MMDCXLVIII
2528
CCCXVIII
MMMCCCV
MDCCXVII
675
MDCCCV
MDCLXXXVIII
MDCCLXXXV
CCCXXXVI
2200
MMMDCCLXXXV
3274
169
MMMXXII
CMLVII
494
1006
2338
MMMCCCXIII
2735
1378
MMDCLXXX
672
701
763
MMMLVIII
1626
2015
1558
1764
3347
MMDLXIII
1086
1441
CII
MMMDCXXXIV
3093
MMCLXXXV
MMMCLXXXI
1032
473
DCXCV
40
MMCLXXXVII
MMCCLXVI
2745
62
1013
2809
3230
3748
CCXXVI
2836
289
MDCCCLXXVII
MMMDXCIX
569
MMLIX
441
MMCMLX
MMMC
3858
3292
DLXXXVII
MDCCCXXXV
MMMCCCXLIII
1663
180
3488
CDVIII
MMCIII
555
3522
MMLXXII
1241
557
LXXIV
MCMLXXVI
656
CMLIV
DCCXLIV
MCLVII
MMMDXX
884
2789
CXXVI
2907
602
2828
CDLXXIV
2837
1065
MMMDLXXXI
3191
3419
MMMCDXXV
2461
MMMDXCIV
1215
MMCMXXXIV
MMCCCX
3413
383
CDLXXVI
MDCCCLX
CLVII
1870
MDCCXCIII
1990
MCMLXXXIX
1005
2368
MMCMXCVII
949
710
3554
MMCDXCVIII
DLXXXII
3869
MDCCCXXXVII
MMXXII
MMMCCCLXVI
1547
3509
1640
MMDCCCLXXXVIII
MMCXIX
1471
MMMCCXXIV
1280
1679
CXXXIV
1537
MCLIII
CCCLXIV
1115
1561
MMMCCCXXXIV
MMMDCCCLXXVII
1419
LXXXVI
MMCMXCVIII
812
MMMCMXXXI
MMMDCXIV
DCCXLVIII
875
MDCCLXXXIII
MMCVII
MMMDCCCXVI
271
2465
2585
3839
MMMDCCCLXXIV
MMMCMLXXXIX
1263
1190
3277
CDXL
1692
2222
MMMDCLV
MCMXXI
MMMXLIX
MMMCDXXXIII
MDCXXXIX
1823
MLXXXIV
MMDCXXXVIII
637
1382
1667
MMDXXIV
961
MMDCCLIII
3279
MCDXXXII
2777
MMMCCLXVIII
MCCCLXXIII
MMMCCCLXXIX
MMCDXC
MMCDLXXVIII
3214
MMCCXXXIII
MMMCCXXXVIII
MCMVIII
CXLI
2063
DCCCXXII
1567
CMLXVIII
MDXVII
MMMDXXXVII
1547
MMCXLIII
983
3712
1828
DXIX
3793
3217
1044
CCCLIII
MMMCMIX
MMDCCXXXI
MMMDIV
1559
DCCCXLV
3756
MMDCLXIII
MMDCLXXXIV
MCCCLXXII
536
1710
MMDCCCXXIV
2051
MMMCCCXIX
MMDCCCLXXII
1330
MMDCXXI
1645
MDCCXXXIII
MMMCCCLXXX
MDCLXVI
1571
2254
3498
MMDXLIV
MCCCLXVIII
1884
MXIII
373
3639
1503
MMMCXCV
1533
MMMCCXVII
DCLXI
872
MDXCII
392
3753
MMMIX
3185
CCXXX
DXCVIII
171
MMMCCLXXIX
796
2272
914
1328
383
671
MCDLXXXV
CCXL
223
1748
3732
MDCVI
2881
845
258
3282
MMDCLXXII
2137
CDXIX
1329
1849
MMMCXCI
MDCCCLXXXVI
1067
MMCMLXXXVI
2092
MMDCCCXXXVIII
MXLVIII
MMMCLXXII
763
MMMCCCXCV
3159
MMCCXLVII
1978
MMMDLIX
MVIII
3240
3185
CLXXXV
2887
1498
MXCVIII
3632
MMMCCCLXXVIII
MMDCCXLVIII
CCXVIII
1819
MMMCDXIV
DLXIX
3722
MDCCCLI
1313
MMCCLIX
2787
1687
960
897
MXXXVI
2914
1756
1660
LXXXVII
2442
MDCCCXVIII
630
138
MCLIV
MMMCCV
2159
MMMCMXXVII
418
MMMCDXCVIII
1190
DCLIV
2730
1883
2002
2542
MCMXCVII
1113
MCX
3735
MMMCCCXXXVII
MMCMXLII
MMMCLXVII
MMMCXII
DCXCVII
2869
CMXC
1001
MMMCLV
296
CLXV
2932
2555
MMCCCXXXI
2031
494
1201
MMDCXCIII
MMCDLIV
MMMDLXIII
3526
MCCCXLV
1078
1587
2744
3588
3442
389
324
MMLV
2240
1073
CCLXXXIV
154
MMMDCXLVIII
MDCCCXVII
3417
586
DCCCLXXVI
3666
MXXXVII
817
2902
1575
2039
MMMDLXXIX
DCXXIII
3986
1892
3752
MCCLXXXVI
MMMCCCXI
MMMCMXLIX
3385
MMDCXLIX
MDCCCXLII
MLXX
1783
3391
CCCXLV
MMCDLXX
574
1249
MMCXCIII
766
3521
3405
MMMCDVIII
1759
MMMDCCCLXXI
923
1165
2008
2440
1121
2189
558
VIII
384
DCCXCIV
1775
1908
CXXIX
1598
2484
MMMDCCXVI
1022
3274
702
MDCCXIX
686
DCCCI
CCCLXXXVIII
1775
XXXII
107
2865
CXCVIII
3067
418
1016
MMMCXCV
2609
457
MMXCIX
3178
289
445
MMDCCCXLVII
804
219
MXCVII
CMLXXXIX
MDCVI
1424
DCCLVI
MMDCCCLXXXI
MDCXLVIII
1578
MMMCCLXXVIII
MMDCCCLXIX
MMMCCCLXIII
MMDCCCXIX
MLXVI
1956
MMDLXXIV
3403
2619
MDLXXVI
MMMCMLXXXVIII
2811
1344
3002
MMCCLXXXIII
240
MDCCXXX
2962
2517
MMDCCCXXIII
DCCCLXXXV
DCXCIV
MMDCLXXIII
MMDCCXLV
1939
CCLV
MMDCCCLXVII
CDLI
428
1286
MCCCXXIV
617
MMMDCCLXXXIV
1729
2795
3581
1779
MDCXLIV
2275
1963
MMDCXIV
600
1846
986
3598
MCV
MCMLXVIII
MCMXI
2370
3626
1719
1350
495
828
DCXCVIII
502
569
2176
MMCMLXVII
758
MCCCL
2094
MDCXLIV
MMDCXXIX
1059
1445
MMMDCCCXXXII
3877
CDXXIII
1487
1095
581
1664
42
CCLXXXIX
3058
MMMCLXX
MMMCDXLVI
MDCCLXXXI
1024
2281
MDCCXCV
MMDLX
542
1989
2787
178
MMMDCCCLXXIX
3066
DCCCXLIV
MMDCCCXXX
1277
2503
3739
MMMCMXXI
1444
MMCXCVI
1771
DCCCLI
MMXVIII
CMXXIV
605
MCCCXCI
1629
3786
MCCCLXXVIII
2718
MMCDLVII
MDCCLXXIV
1046
1723
2447
3049
2569
MMDLXVII
3054
MMMDCCCIV
MDCIX
1787
2881
MMMDCXLVII
2475
MMCDXV
1752
MMCDXXXVII
DCLX
MMMCCXXVIII
1479
1354
CCCXCVI
2261
DLVIII
DXXXVIII
603
CCXIX
2064
1794
3588
MMMDCCLXXVI
MMDCCCLXXXVII
3834
MMDCCCLXXV
1815
1929
DCLXIII
2875
337
CCCXXXVI
2273
MDCCIV
617
MCCXCV
MCCCVI
MDCCCXXIX
MCCXCVIII
2175
88
1695
3356
DCVI
3609
874
1398
MCC
3362
2268
CMXCIX
1826
MMMCMLXXXVII
2862
MMMXXVII
1100
DCCCLX
MDLXVIII
MMDLXX
DCCLXI
595
2182
3603
XVIII
MMMCCCXXXIII
2033
2978
MDCCXCVII
MMMCXXXVII
2027
2410
1127
2978
2587
440
MMMCMXXIX
LXIII
2983
2901
1301
3858
980
MMCDXXVI
MMMDXXXVI
2975
3386
1580
3708
MMMXXXIII
MMCDXVI
MCDXXXVI
MCMLXXVIII
MMDCLXXXIX
MMMDLXXI
912
MMCXL
1857
MMCMII
DCCCLXXIX
MMMDCCCXLI
1385
2701
1264
163
MMMXXXVII
MMCCIX
3249
326
3121
1938
866
CDXXVII
MMDCCCXXXIX
474
MCDXVI
MMMCMLXI
1032
MCCCVIII
CDXVII
2051
602
1244
DCCXIV
2651
1211
265
2553
2543
826
CDLXXI
MMCXLIII
923
3575
MMMDCCX
1959
3066
MMMCCCLXXIII
743
3790
2374
MCIX
CDII
77
MMCDLXXVII
XIV
MCCLXXIX
LXXVII
2905
MDCCLXVIII
1874
2307
492
3612
MMCMVII
3057
MMDXXVI
MMDXVI
CCXIII
MDXCIX
MMDCCLXXXVI
3150
408
1644
1661
203
2252
861
1889
2158
MMMDCVII
MCCXCVI
MMMCXLVII
MDCCCLVIII
MMCMVI
2791
3628
533
MCMIII
2149
DCXXXIX
2029
2256
CDLXXIX
3939
703
3805
MMMCCCLXXXVII
DCLXXVII
3347
3268
CXXIX
109
3959
MMDCLXXIX
372
2576
2138
494
MMMDCCLIX
MMMDCCIX
MCCCV
1787
2473
622
2008
MMMDCCXCVII
519
MDCLXVI
DCCCLXXXI
CCLIX
2392
2214
2442
MCVIII
2984
3100
3973
MCMLXXII
MDCXI
MMCDXLII
CCCLVIII
MCXIII
2023
DLXVII
3638
2331
MMMCCCXCIII
584
MMDCCCXII
MMMCXCIII
3475
DCXXVII
1228
2423
MDCCLXXXIV
MCI
MMMDCCLXXVIII
1568
MDCCCLXXII
3850
DXIII
CLXXXVI
1376
2403
CDLVIII
3633
3238
MDXXII
486
637
MMLXVIII
1929
DXIII
271
211
MCDLXXXI
MMCCX
1810
MMMDCCCLXVI
2589
DCLXXXVII
MMDCCCLXXII
1854
MMMXCIV
XCIII
CCLXIV
MMDCCCLXIII
CMXXXII
DCVII
MCCLI
3989
2873
3195
2789
2187
MMMDXII
2563
1428
MMDCXXX
960
2274
MDLXXI
569
MCCXCIV
DXCIV
2009
539
528
MMDXXXIX
414
2056
3169
MMMDCLV
315
MCLXXXIII
MDCCCLXXXIV
29
759
MDCCXCIV
XIX
1549
MCCLXIII
1206
3257
1633
MDCCLXXII
3662
MMCMXXXIX
2472
MCCXV
MMMCXXXI
CCCXVIII
149
1513
405
MDCCCX
MCDVIII
1712
2899
VIII
3691
1939
MCMLXXVI
MMDCCLXII
44
MMDCCLXXVII
MMMXVIII
CXIV
MDXII
3738
DI
XXI
1725
CXIV
2795
2496
MMMDCCCXCVII
968
DCXCVII
MMDCCCXLV
MMXCIX
MMCDLXXXIV
MCMXXII
MDCCLXXXI
1941
MMMDCCCLXVII
MDCCXX
2169
911
MMMCCCXCI
247
MMXXX
MMMCCCXCVIII
MCMLI
1079
2732
2395
MDCCXXXV
MDXXII
178
MCCCL
MMCMXXX
2697
3262
2344
MMMDCCXLV
2601
2648
CMXLI
MXI
MMCDXLVIII
CMXVIII
MMLXXX
2669
CCXLIII
CMIV
2625
MMCLXIV
1837
857
MMMCCCLXVI
3324
2133
2262
2454
MMCLXXXIX
MMMCDLXXV
2746
MCCCXIV
1692
2797
3208
MCMXCVII
2381
MMMDXXVI
MMMDCCXLV
MMDCCXIII
MMMDXX
3884
MCDLXX
CDLIX
DLXXXVIII
494
1907
MDCXXI
1309
489
MMDCCXXXVIII
498
3671
CCXLIV
MMMDCCCXCIV
3641
301
2496
972
MDVI
DXII
770
MMMCXXIV
920
MMMCDXVII
2992
CCLXXI
1936
2456
2313
DCXXXVIII
DXXV
MMLXII
MCLXII
104
CCXXVI
MCMXXII
3035
MMCCCIV
2195
MCCCV
2900
909
903
MCXLVI
MDCCLII
MDCCCXIX
DCCCXXVI
MMMCLX
MMMDCCCXXXIV
3971
1988
3205
7
MMMDIV
595
MMMCCXVII
MMMCDXCV
2761
MMMCCLXXVI
MMLVII
111
MMMCCCXCVIII
3437
3540
92
133
756
MMMDXI
MMMCMVI
2906
CMXLVII
MMCDIV
1030
MMMCLXV
MCMXCVIII
CCCXIII
MMCXLIII
MMMCMXXX
MDCCLVIII
1423
MMXLVII
379
3638
3632
CXLIV
MMMDCCCXXXVII
DXLVI
3414
MMMDCCCLIX
3335
3381
MXXV
1620
MMMDLIII
MLXI
3367
MCLIV
3282
MMXXX
MMCMXLVII
2740
MMMXCI
729
MMCDXXXIV
124
2003
MMMDCCCLVIII
MMMCCXXXIII
2624
DCCCVI
DCLV
MMMDCIX
345
281
1865
833
2537
903
672
1580
MMMCCCXXVIII
DCCLXXIII
MDCCCXCI
1826
MMDCLXXXV
3274
1906
DCCCLV
1974
MMCLXXXI
MMDCCX
DLXXVII
CCCXIV
DCXXXVII
2810
MMMCCCLX
MMMCCCXXV
MMMCLII
MXCVIII
448
851
MMDLXXIII
DCLXXIV
MMCMX
MMMCMVII
1784
2332
MMCDIX
MMDII
3495
2158
3148
918
MMDCCLXXXVI
DCCXC
MCLI
3388
1254
CMXCIV
1199
MMDCCXXXVII
396
MMCLXV
2528
CM
MMMCMVII
MMCDXCI
3187
2449
MMDCCVIII
MDCCLXXXI
MMMCMLIII
3133
3295
1348
MMCCCLXXVI
2308
MMDXXX
MMCDXCIX
MMMCXLIII
MMDXXIII
3010
161
MMMCCCXVI
MLXXXIX
1028
3620
CCLXVIII
1087
MMDCLVIII
DCCI
MLXX
CCCXLV
CXXIV
CLX
MMMXXXV
2943
192
3269
2464
MMMDXXVI
MMDCLX
2268
2665
1411
MMCCIII
MMCLXXXV
MMMDCCLXXXVII
3119
MCDLXXXV
2285
CDLVIII
1146
CMLXXXVIII
3538
2416
2388
3925
1888
MMMXXIX
CLVI
2633
MMCMXXVIII
859
MMMCCCXIX
2193
CCLXVII
MMMCCCXII
23
2642
2205
1990
170
3206
1366
MMCMLXXIX
MDLIII
CCCLV
MMMDI
3112
1572
2163
DCCCXLIII
151
3126
647
MMMDCLVIII
181
3913
2889
1555
1207
MDCLXVIII
1183
MMMDXXXIV
MCCCLXXXV
417
234
2248
MXCIX
3459
DCCCXXIII
MMMLXXXIV
253
519
2098
3303
MCCCXLII
1084
505
1393
137
2148
3885
CCVI
2872
MDLXXIX
MMMDXVI
MMCDLI
MCCXXXV
1754
2205
DCLIX
2314
MCCXLVII
CDXCVII
407
DCCCLXX
2186
MMCCLX
98
MMDCCCX
CMLV
MMMDXXIV
MMMDLXXXIV
169
3820
CCCXI
3326
3034
3381
2863
2336
DXLI
380
MMCCCLIV
1993
DCCCXCVII
365
MMMCDLII
1638
2292
MCDLXXI
3913
1480
2631
MMMLXXXV
2958
1140
2844
MLVII
MMMCMXCI
3886
2930
CCXVI
MMMCCCXXIV
MCCCIV
2230
MDCCLXXXIX
DCXLVII
3316
MMMCMXLVIII
MMCDXLI
2822
3740
944
MMDCXIV
MMMCCCLXXVIII
282
3277
2864
1536
3230
MMMCMLXXVIII
3284
MDXXXVIII
2605
MCCCXXXII
955
MMDCCCXXXI
1765
2026
3924
MMMCLXVIII
MMDCCXX
MMDCX
487
CXLIII
2621
656
MMMCCXXXVIII
MMIX
CMXXIII
MMMDXXV
13
CMXLI
1260
3088
3315
1174
LXIV
MMDCCCXLV
928
2704
CMLXXVII
CDXLI
MMCCCXX
1724
3797
1668
MMDCXV
MCCCXXIII
464
DCCXXVI
MMCXXII
2897
817
MMDXCVII
MMCCLXIX
CMXXVII
3808
898
77
1222
1547
3685
LXXXVI
542
MMMLVI
1490
MMCMLXVII
1715
398
MCXIV
MCCLXXI
CCXIX
MDLIX
576
MDCXXII
MMMDCCCXVIII
3427
1574
MMDCXXXVII
852
1075
XXXIV
1321
2171
MMDCX
MMMCMLXXXII
913
CMXXVIII
MMCDLXI
1915
MCMVI
MMMCXC
746
1790
2415
MMMDCCXVI
1138
3432
260
MMCXXXIII
2877
57
528
3110
2805
LXV
3748
MCCXLIV
MMCMVII
DCCV
MMMCCCLXXIX
305
CMII
2151
3504
3069
DCCCL
CCCXXI
MCCVI
DCCCVI
MDLXVI
MMCLXXX
2211
MMMDCCXXXIII
MMMCXCI
MMCXCI
402
MMDLV
806
2667
MMMCXXXVI
MMCCLVIII
DCLXXIV
1133
308
MDCLXXII
MCXLVI
MMMCCCLII
MMDCLXII
562
2893
2988
XX
1912
MMMCMXCVIII
1962
MMVIII
MMMDCCCX
3538
MDXLV
MMMCCLXXIII
MDCCCXLIV
2957
CCXXXIV
3348
MCCCLXXXIII
3176
1426
939
CDXX
3021
3862
MMDCCXCIII
1416
MDXXXV
3554
MCMXXXVIII
DCCXCIII
MDCCCLXXV
3161
3684
2786
1882
CCCXXII
MMCXCIV
3544
3782
777
1066
CMLXXXIX
DCLXXI
CDLVII
2699
MMMCCCXXXIII
MMMCLXXXVI
MMMDCCLXXXIV
MMMCDXXXVII
MMMCXVII
340
2589
857
2193
MMMCCLXVI
1565
2803
3106
MMCCIV
3858
MMCDLXXV
CCCXCIV
961
2447
291
I
CCCXLIV
DXVII
MMMDCCXLVIII
2356
MMDCCCLXXVI
411
MMDLXXV
2299
3885
DCXCII
MDXCV
262
MMMCCCLXXXIX
1567
MMMDXXXV
MMMCCCXCVI
MCDLV
986
1748
MCCLX
253
DCXXXIII
1645
MMMCCCXXXVII
MMMCDXII
DCCCXXXV
2899
2287
150
627
DCCCLVII
1082
1153
3312
MCDXCIV
2745
MMDLIII
MMMDXCII
1664
MCMXXIII
MMDCCCLXXV
86
2362
3705
749
1853
MMLXVII
MMMCCLXXIV
3745
MMDLXXI
DXXV
MDCLIV
1018
MCLXVIII
3266
1915
CLXXVIII
DCLXXXI
1882
1264
MMMLXXXVII
2610
MMLVIII
1893
MLIII
3081
MMMLXX
3684
360
2098
102
2005
2022
MDLXXIX
MMCCCXXXIX
MMMDCCCVII
MCCCXLVII
2599
1666
MMMDCCXCIX
2085
1640
MMMDCLXXIII
3864
3206
MMMDCXLIII
3669
MMMDLII
3450
MCCLXXXVIII
3153
MMDCXXXII
2079
1904
MMMXXI
890
MCDVIII
123
2806
MDCCVI
MMDCCCLXXX
2036
DCCLXXX
3490
2672
MDCCXXIX
3220
3391
MMMDXXXIX
MDCLX
3834
1463
MMII
MCDXCIV
12
3387
3943
2093
1459
2088
3241
MMMCCXLVI
CCLIV
DCXXV
1150
DCCLVIII
1408
3303
1317
MCMXXIV
MMMLXVI
3592
2460
MMCCCXLII
MMCCCXCIV
740
MMMCLXXXVII
MCDXCVII
MMMDIV
3602
2024
MMDCCCXVIII
DCXXXII
839
DXCI
2009
2271
MMCLXXX
MMMDCCCL
MMMDCCXCIII
DXIV
3071
MMMCDL
2943
MMMDCCXXV
MMCXX
2489
2412
2945
DII
601
2913
MDCCCXXVIII
DCCXI
2367
MDCLXXI
DCCLXXXIV
1031
2463
495
MMMCXCVI
2786
1759
760
804
MMMDCCCLXXXV
953
2938
CCCXIII
2198
3944
MMXXIV
2288
MMCCCLIX
482
3322
CCXIX
2570
3052
MMCLXIII
CCXIV
2097
2867
XLV
CC
2487
MMMLXXXV
3352
187
MMCCCLXIV
3199
631
CDXLII
1943
MCXCIX
DLXXIII
MMCMXLVI
MMCMLIII
MDCCCLXII
MMMDCCCLIV
DCCCLXXXV
LXV
3599
2930
MMMCCLIV
MMMCXXXIII
2716
MLIII
CMIX
CDIV
2130
MCCCVII
MMDCCCLXII
MMCCLIII
1446
914
2380
MMMIV
MMDCCLXXII
396
MXLIV
3173
2354
MCMXXVI
2311
580
2996
3460
MMMCCCLX
MMMCMXLVIII
MCMLVI
MMMDCXV
MMM
460
2845
1929
MMCLVII
3240
1513
MMXL
MLXXXVI
MMDLXIX
1175
MXCII
2593
515
MMMCCXXI
MMCCC
909
MMMCCCL
1136
3699
MMDCCCXLI
MMMIII
MMMCCCXCVI
CCCLXXVII
355
DCCCXXXVII
MMMCI
417
3201
MMCMLXV
1068
409
MMMDCCCXX
DLXXXIX
2664
MDCXCVII
2741
1816
MMMXXVI
65
566
MMCLXXIV
MMCCCXCVI
1977
DCCCLVII
CCCXCIV
386
MMDXXXIII
2960
1346
MMCCCXXX
2457
MMMDCXVIII
1513
CMLXXXVI
1062
650
MMMDCXXX
3069
2027
3685
3721
CCIII
MMDII
MMDCLXXIII
2885
MMMCCCLXIV
1112
MMCCCXLIX
3303
3147
CCCV
MMCCCLXXV
MMDCCCXCIX
2744
3235
MMDCXXIX
MMMCDLXXIX
MCCCIX
1890
CCCXXX
MMCXLVII
DXLVII
587
1656
MDCCCXCV
3687
1980
DXCVI
MMMDCXC
707
MMDCCXXVI
3383
1816
720
3155
MMMCCLXVI
CDV
83
MMDCCCXXXVII
MMDCCLXXIX
MMDCLIV
479
279
MMMCCXLIV
3392
MDCCCLX
3148
3175
1287
XVII
MMDCCCLXXXVIII
MDCCCLXXXVII
2708
1009
MMMCCCLI
DCCCXIV
2878
DCCCXXVII
1194
MMMXXXVIII
2237
3843
164
484
MMMCMLXXII
MDCLXXIII
MDCXLVII
2003
3319
MDXCVII
MDCCLXI
1398
MDLI
3801
MMDCLXXXVII
MDCLVI
MMMXXII
MMMCMXX
684
3650
MMDLXXXII
MMMCDLXXVI
60
MMMDLXXII
MMMCCXXIII
DCXXXI
3931
MMCDIII
MMDCCCIX
1142
2202
MMMCCXLIV
MDCCI
3900
MCCCLXVII
3185
MMMDCCLV
MMMLXIII
3371
965
309
MMMDCCCLXVI
2805
3482
DCCXVII
2196
MMMCCCLIV
3234
CMLXXXIX
3065
DCCXCIX
3584
CDLXXX
MMCMLXXX
205
710
MDCCXLIII
MMMLII
1460
3526
1669
CCCXXI
CDL
MMMDCCCLXXXV
528
MDCXXXVIII
1049
MMMCCCLXXXV
DCLXXXVIII
MMMCCLXXXIII
MMDCCXXIV
2294
MDCCLX
DCCXLVI
2789
CDXCI
1593
2913
3548
827
3450
MMCCXCVI
MMDXI
3268
MMDCCIX
CMLXXIII
3873
3737
963
2219
339
2853
MMCCXLIX
1210
CMXI
CDLXXXI
MMCCCLXXVI
3991
LXXXIII
1010
MCCCXXXV
1332
MMCCCXXIV
MMMDCCCXXIII
2698
3401
1006
731
774
395
1821
1515
MMDLXVII
MCCCLIV
3642
1461
2755
490
3674
MCDLX
DLXXXVI
3563
1739
MCCXCI
2516
2553
502
MMMDCCXXIII
MMMDCLXXV
MMMCDXCII
MMCMLXXXII
MCMLXXVI
1475
MMCCLXXXIX
MMMDCCLVIII
MMMCCCXL
MMMCCCXL
MMMCDXCIX
MCMLIII
2561
MMCCCLXXVII
597
440
3763
MCCCXCIX
2842
3884
MDCCCXVIII
2393
CCLXXI
3558
MMMDXXXII
2117
MCDLXXXVII
MCXV
MMMDCVIII
MMMDIX
3914
1702
MMMXLIII
MMMLVII
1182
MMMDCCCXCIII
MMMCCCXXIX
291
2941
MMDXXXI
MMMDCXL
MCDXCI
3903
DCCXLIV
MDCCXVI
2440
628
MMCCCLVII
418
MLXXXVI
MMMCCLII
CCLXXVI
2251
DCCII
587
3962
MMDCLXX
MMMDCI
3291
MMCDLXXIV
37
3121
MMXXXV
MMMDCCLXXII
116
1925
3280
MMMCDXXVII
MMMCML
CLXI
MMMLXXXVIII
MMMCCCXXXV
MMCCXCIX
751
3176
MMMCMLXXV
2757
2044
MMMCMXLVI
MMCCXCIII
1386
MMDLXV
3763
MMXLIV
714
MMI
MMMCMXXXVIII
2977
MMMDCXLIII
3500
2007
DCCXXXII
628
MMMCCLXXVI
DCXXXII
DCLXIII
MMXXXII
MMCCCLIX
461
MMMCDLXVII
MMMDCXXXIV
MCXCIII
2420
3774
MCMXIII
554
DCCCLXX
999
MMXC
MMCCCLXV
2491
1722
3876
MMCMLXV
MMMCLXXXVII
35
MMCMXLVI
60
MMDCCCXXVIII
CCXVI
3081
1139
MMDCCLXI
2894
DCCCLXXXII
MXIV
MMMCDXLVIII
2323
MMDXXXVII
CDLIII
3408
1449
CMXXXII
MCDLXIX
MMDCCXLV
MMMCDXXXIX
3258
372
CDXX
1535
117
703
718
3295
2819
MDCCCLXXXIX
MMCXXXIX
MCMLXXV
3304
2062
MMMCDXIV
DXX
1917
MLVIII
MDCCCXVI
269
1148
MMMDCLXXVIII
76
DCCCLXXXIV
1213
2949
3441
DCCCXLIX
2488
438
MMMCXXXVI
MCL
MMCDXII
MMLX
2231
XCVII
665
MCCCXXXVII
MMMLXXXII
2250
MCCLXX
CCLXI
DCCCXXXII
MCCCLXII
305
1851
MCCIII
MCCXCIX
1107
1119
MDCCXLVIII
2680
CCCXXXIV
CXCVI
III
24
MCLXXVIII
MMXC
1449
315
MMMXLVIII
MMXXXII
2920
842
CCCLXXXVIII
3073
MCCCXXXIX
1938
2233
CXXXV
MCCCXCVII
MDLVI
MMCMXXXIII
569
MCMXI
1388
MMCXC
DCXCII
3282
1062
MMMCDXCIX
MDCCXXV
2934
1756
3034
MMMXIV
MMDLVIII
3131
3354
MCXCV
MMCDXV
1553
3256
3040
1292
31
1148
CDXIV
MMDLXXIV
MMMCCCXXXIV
MMMLXXXVII
1402
3869
MMDCCCIII
MMCXCII
MMCDLII
MDCCCXCVI
746
3755
MDCCLXXXIV
175
MCXXI
3787
3490
DCLVI
MMDCVII
3256
MMDLV
2292
MCCXXIII
MMDCCCLX
2967
1180
3433
MXLIII
MMMDCCLIX
MMDCCCXCV
CMXC
2063
2733
MMMCCCXIV
2027
MDCXV
MCCIII
595
MMMDCLXX
2870
CXCVI
XCVI
LXXXII
MMCDXLV
1353
3036
497
MMMDCXLVI
MCCXCVI
MMLXXVII
2623
3001
MMDCCCLIV
MCDL
2372
CMXLIX
1487
DCLIII
1356
CDXLIII
3046
DCVII
1061
MCXLII
2946
3357
774
3100
CMXX
MDCCXLIX
1773
1316
3293
883
MDCXIX
1079
2669
3788
2696
785
1004
MMMCCCLXXXVI
MMDLXXVI
CXXIII
1244
CD
MMMDCVII
2158
DLXXXV
144
3220
2829
2783
MMMCCIII
2211
1946
3682
3753
3747
MMDCCXC
2070
MMMDCXII
DCCCXCVIII
MMMDCXCI
MDL
DCXX
652
286
MMDXXX
CXXI
1956
253
2025
1438
1475
MMMDCLXXXIII
MMMCLXVIII
1068
DCIII
MMCDLXXV
2082
3436
2998
MCMXCI
MMCCLXXXII
MMDCXXI
2017
MMMDCXCIV
67
CCXXXVI
MCXI
247
CDXXII
MMMXLVIII
110
MMDCXIX
MMCXCVI
1361
1170
MMMD
1828
2691
2112
2533
2626
3666
44
MMDCCCLXXVI
MMMCMLXXXVI
MMMCDXCIV
MMDCCXCVII
3368
3294
547
CCXVI
3197
MMMCXLVII
2040
MMMCCXXXII
MCDLXXVI
2155
2171
2557
2590
MCCLXXXIII
990
3809
MMCCCLXXXV
3123
3390
2834
488
1474
CCCXLII
MMLVIII
2728
MMMDCXLI
MCXCVI
LIII
DCCCXXIX
MMMDCXXX
3245
MMDCIX
MMCCCXXXV
1207
MCCXXXIII
564
MMCMXXVII
2251
MMDCXII
MMCIII
926
1704
MMMLXXX
2315
MDLXXXVIII
3599
1277
2050
1425
357
MMMDCCCLXII
2498
MCCXCIV
MMMCXC
MMXLIX
3048
2931
2631
1604
1752
MMMDCXXVIII
2892
110
MCCLX
MMDXXXIV
1659
CCVIII
MMMCIII
3628
MMMLXXXIX
MMDCXXXVIII
164
2467
1248
DCCLII
MMDCLXXXVIII
MMLXXX
1053
MCXCVI
2036
MMMDCIX
2958
3992
MMMCCXLVIII
DCLXXVIII
671
MCLXVIII
MDCL
720
MMMXCV
2627
MCDIII
MMDCLXXV
2466
MMMCLXXVIII
3078
2139
3358
2413
XXXI
1310
CCCLXXVII
1688
MMCCCXXIII
MMCXVI
MDCCCXCV
768
MMDCLXIX
591
DCCCXXXVIII
DCCCXXIX
2917
MMDCCCLXVII
MDCCXC
MMCLXX
MMCXX
1066
MCMXLVIII
2307
1929
392
1963
1512
CDLXXXVIII
CCCXIII
DCLXXXIII
MCDXXIX
MMMCMXXV
MMCDXIV
MCMXLI
MXLIII
DXXIII
848
3280
2145
3077
MCCXXXIV
1506
CMXXXVI
MMMCDLXII
3210
1651
MMCDXX
MDXXXV
MMMDCCXLVIII
MCDXXXI
CCLXXXVI
MMCDIX
MMMCCXV
XLV
DCCCXXXIV
396
MCXXIX
DCCXX
CCXXXV
1189
MMMLXIV
2731
2195
CMXXXIV
LXXI
MMCCCXVIII
MDCCVII
2807
3243
MMCCCXXX
3941
1471
MMMCCCLXXXVII
1277
3550
DCCLXV
1839
CDLIX
1700
3420
DCXXV
415
3120
933
3355
DCXLVIII
MCMXXXIX
3008
DCCLXXV
3930
815
1552
MMMDCXXXVII
MCCCLVIII
3830
MMLVI
902
MMMCCCLXXXVII
MMMDCXXI
DVI
CMVII
MMDCLXXXI
MDCXLVI
MMMDCCXCIII
MMDCXXII
CMXVIII
MMMCCCXXIV
2233
CCXXXIII
DCCCLXXV
MMCCCLXXXIX
MMMCCXVIII
145
1627
3759
MDLXXXI
MMCCCVIII
944
CVII
CLX
992
CDLXXXV
31
512
MDCCCXXXV
MMDCLXXI
MDCCXCVIII
942
2943
1528
DCCCXCVII
MMDCCCXIII
3171
DCCXXVII
514
3764
MMLXXXIX
MMMCDLXVIII
CDLXXXVI
MMMDCCLXXVI
2445
CCCLXXVI
MMDLVIII
1640
MMCDLXXVIII
MMCMXIV
MCDLXXXV
MDXVII
MMCCXXXIII
MMLXXIV
MMDCXII
CMLXXXIX
100
539
819
835
3683
MMDV
MMMDCCCXIV
DCLXXX
CDLXIII
MMDCXCVIII
6
187
2740
DCCCII
CXXXIII
498
MDCVII
MMMCCCXXVI
3396
2857
3145
1766
2698
3108
1841
3805
MDCLVI
MMMCXI
1572
48
3334
3109
1265
1729
MMMCXIII
MMDLXVI
MMMCML
3954
2099
MMDCXCI
3198
3133
2576
MMMCCCLXXVII
484
3651
MCCXXX
3283
2213
2884
3904
1783
MMDCCCLXXXV
MMMCCCLXI
1236
728
1468
1700
3999
3172
3573
DLXXII
MMDCL
3376
MMMCCCLXXXVI
530
1142
MCLXXX
1576
630
MCCXLIII
CCXL
444
2057
MCCCL
MCCCLIX
MMDCCCLXXXV
3092
CXXI
1503
MMMCCCXC
2695
2483
3625
3959
MMMCCXLVI
260
212
MMMCCXIV
2128
MMMCDXIX
MDLXXI
MCMXV
1546
2327
2403
DXIII
MMMCCXXV
MDCXXI
DCXCI
MIV
MMCCLXIV
MCCXXXII
3901
2510
MCDXXX
344
MMCCXXVIII
MMMDCCLXXVI
MMMDCCL
MCXIII
1547
MMXCIX
3936
48
MMMDCLXXXIII
240
MCCCXII
198
MMMDCCLXXXVII
MCXCIX
3805
3394
MMCCCXCII
MMMCCCLIV
3345
MMDCVI
DLXIX
3970
MMDCLXXXI
MMMDLXXIV
CMXVII
1632
MMMCCVIII
221
2792
3652
MCMXVI
MMCDXXI
MMMCMXCII
3730
1985
DCCLXI
429
MLXXI
2552
MMMCCCLXXXI
MCDXXXIX
MMCDXCIX
1730
DCXXXIII
MMDCCLXXXIX
380
MMDCI
3350
1253
3122
MMDLXVIII
2503
MMXXXII
640
3688
812
3740
CCCX
V
2146
1384
DLXXXIV
MDCCLXXVIII
MDXXIX
MMMDCLXII
MDCV
MCMXXIX
3710
CDXCV
DCCII
MMMDCXCVI
1266
CDLXIII
MMLXXVI
1471
1270
3741
MCMLXXXVIII
MMMDCCLIII
2476
CXXXV
605
MMDCLXXXV
MMMCCCLXXIX
2383
MXI
2609
2842
2045
MCMLXIX
508
CCXXI
MMDCCLXIII
MMDCXC
MDCCCLXXXIV
MMDCLXXXIV
DLX
MDXXXIII
MMDCCCL
885
2464
2077
1861
MCCCXLVIII
2470
MDCCLI
3330
2888
MDCLXVII
MMCCCLXI
MMMCCCXXV
3594
MMCMXLII
MMMLIX
801
3507
2907
MMMCMXXXVI
MMMDCII
1381
MMMDCCLXXX
2651
MMDCXCI
CDL
CDXXVI
1058
2500
MMMCCC
625
MMMCCLXXXVII
MCDXXXVII
1405
1124
1790
MMDXXIX
CXXXII
CCLXVI
1356
MDCCCXXI
MCCCLXXXVII
2338
LXXXVI
1947
MCDLXXXIV
1139
MDCCCLXXIX
3219
2322
MMCXLIV
XCVI
3345
3910
MCCCLXXXIV
2335
MLI
1295
241
CLVIII
MMCCCLXIX
MMMCMLXIV
3173
CMLXXXIV
459
637
1836
515
MCDLXVII
CMLXVI
74
1170
MMMXXXIX
MMCCLXVIII
MCCXCIX
MMCMLXVI
818
2807
2044
1044
3530
2856
DCCCXLVI
MD
MMMDCCXLV
MDCXXIX
3686
2782
LXXXIV
MMMCMLXXI
3195
MMMCMLXXXVII
MMMCCLXX
MMMCLVI
MMCCCXXI
MMDCXXXII
MMMCDXIX
3348
3810
MCCCXLII
884
CIV
DCCCVI
737
CLXVIII
820
1712
403
DCCII
3017
DCCXLIV
MDLXXXIV
1591
XXXIII
668
MDCCCI
2578
2500
MMMDCCXXIII
3327
2058
3223
3682
3404
MXXVIII
609
2502
MMMCCCLXXXV
MMMCMV
MMDCCCLXXXIII
MMMDCCCLII
3685
MMMCCCLXXXIX
MMCCLXVI
3701
950
2133
229
948
3230
2818
CCCLV
MXX
3877
3561
CMXV
2462
2462
1131
MDCCCXLI
DCCCXCVI
MCD
3766
366
MCDLXXXIX
CCCXCIII
2803
933
1873
MMMCCXCIII
2228
662
MMDCXLIII
3203
2563
1672
3599
MMXCIV
MMCCXXXIV
MMCCCXLIX
MMCXCVI
MCXLV
MMMDCLXX
CCXV
MCXXXV
CCXLIX
MMCMXLIX
2973
MMLXXII
1861
1726
MCLXXXVIII
DCCCI
MMMLXV
MDCVII
CDXIII
448
99
MVIII
870
3432
93
MMMDCIV
MDV
2688
MMMCCCLXXX
2107
2136
MMCLXXIX
147
3580
920
CCCII
MMMDXVII
322
MDCCCXIII
899
2949
3761
MMDLXXVII
803
3319
MMXCV
MMCCLXXX
CMXXXI
MMMDCLXXV
2624
MMDCC
1360
MMMXLIII
3321
3577
DCCCLXXII
2697
MCCCXIX
731
421
CMXCIII
MLIV
2718
1
MDCXLIV
MMMCCCLXXXV
MMMCDLXVI
CDXLII
3172
MMCMXIX
505
3476
CMLXV
968
MMMXVII
MDCCCXCV
3849
3883
MMMCLVI
3863
95
MCLXVII
MMDLI
3873
430
2018
CMXV
458
MDV
DCIX
CDLXXXI
DCXXIV
MMCDX
MMDLXI
1509
1062
MMDXCIX
2829
MMDXXVII
2243
850
MMCCXLVI
18
MMMDCCCXXXIV
1140
MDCCCLXXVII
3919
MCLXXV
3226
1933
1112
2771
MMMCCCLVII
1419
174
MMDCCCXLII
MMMDCCCX
518
CXIX
1823
2195
MMMDCCCIX
MMCMXCI
1755
1366
1698
1392
MMMDCV
352
1706
908
MMMDVII
CXXVIII
1705
3721
82
425
CCXXVIII
1598
3171
3759
MMCMXII
MCXLI
DCCCXVII
MMMDVIII
MMMCIII
2387
MMMDCXIII
3732
1760
CDXIV
3001
1270
1774
MMDCXXXVI
MMXXII
1408
3155
CMLVI
604
MDCCCXXXVII
1773
890
CCCXIII
MDCXX
3495
3899
1729
MCXIX
3627
1514
3490
381
1621
1714
1121
MXXIII
MMMCCIV
MMMCDLXXXVI
489
MMXXXIX
110
MMDCX
MCDXXVI
1240
1728
MDXIX
1470
873
CXCI
MMMCXXIII
MMCCCXLVI
3854
737
3884
1933
2698
3491
MMMCCLXIX
3036
2607
MMDXXXIX
3097
1340
232
3124
MMXCV
3837
CCI
MMMDCCCIX
MMDCCCLII
3617
MMDXXXII
CCCLXV
MMDCCVII
508
MDCCCLXIV
XCV
MMDCCCXXXVIII
MCDXXIX
2107
139
MMCCCLXXXIV
639
3811
MDCLXI
959
398
3570
MMDXCIV
CCCLXIII
3738
MMCLXXVIII
MMMCCCXXXIX
DCXXXVII
3214
1246
MDCCCXLI
998
MCCCXXXV
3405
1679
3773
652
3526
2327
131
CCCXIII
2585
MMLXXV
MMMDCCXX
1491
2473
MMMCMXXIII
1561
294
2316
47
1566
MDXIII
1914
1397
60
MDCLXXXIV
1844
1533
MDXLVIII
DCCXXV
2864
MMMCCCLXXXIX
1802
DCCCIX
2315
194
MMCDXLVII
1022
3086
1650
MMCCXCIV
410
2596
3490
V
2555
MMCCCLXXI
MMDCCCXXIII
CCCLXII
3330
126
MMCDLXVI
MDI
3452
1416
MMMCCXIII
CXCI
MCCXXI
MMCCLV
MCMLVIII
DXXXIII
MMMCCXLI
622
CLV
MMMCXC
MMLXXXIV
MMMDCCVIII
2459
1929
589
MMDCCCLXXXIX
MMMCCCLXV
MMMCCXXIII
3184
MMLXXXIV
DLXVII
MCCCLVII
MMXLVI
1927
MMMCCLI
MMCCLXXVI
MDCXLVII
2694
2069
MMXL
1258
MDCI
2564
MMMCCCII
2973
MMMCMXX
3256
2996
MMCMXVII
655
MCCLXXXVII
MCDLXXXIV
1179
MDCXCVIII
MMMCCC
3179
1340
MMMDCCXXI
2518
2136
101
MMMCCCLXXXVI
MMCXLVI
MXLV
3112
3175
3190
CDXXXV
MCMLXIII
1255
MLXXIX
3821
MXXXIII
428
DCCXXXV
1964
2446
440
CXCV
2617
946
2892
1915
146
MMMDCCXXV
MMDXXIX
MMMXXII
MCCIX
MMCDLXXI
MMMCDXLIV
MDLXXIX
MMLIV
MMMDCII
MMMCDV
DCCCLXXXV
MMDCCXXV
MCDXXII
3962
CDLXXXI
101
MMCXXXVI
2352
1161
2917
MMMDCCVIII
1955
820
CD
850
3483
1610
1056
3620
MMMCMLIII
273
MMCXXVII
MMMDLXVIII
MCMLXXVIII
CCXCIX
921
2696
855
CCII
3306
MMMDCXXX
2890
CMXXXIV
MCCXIV
2973
2029
114
322
MDVII
MCCXXXV
MMCCCLV
3344
1299
MMCDXXXIII
1379
1388
1729
602
DCXLI
MMDCXLIII
2304
MCDLXIV
1689
3225
68
2196
MMMCLI
MMDXII
3338
MXVIII
MCCCXXXI
MMMDCCCXCIII
MMCDXLI
MMDCCCXLVII
MCLXIV
MMMCCLV
3547
1139
895
1533
712
DCCXXI
MMMDCCCLXIII
XXXVII
1659
MMMDCC
3911
MCLXXVI
MMMCDXCII
MMDCCV
1673
1458
2373
DLXIV
1104
MMCCCLX
MMCLIII
830
3835
2154
CXXXVII
MCCCV
178
MMCCIX
MMMCCCLXVI
3263
2097
MMCCCLXXIX
MMMXXV
MMMCMXI
MMMCCLXXXIX
3254
DCCCLXVII
511
1754
MMMDXII
106
2422
126
MV
2841
1127
1444
DCXCI
1845
2484
2016
MMCXL
232
1521
MMCDV
3114
1425
MMMCMXV
MMDCLXII
CDLXX
932
MMIV
3709
MDXXVIII
1489
MDCLXXIII
MMCCXV
748
MMCXV
2129
699
MMMCMLVIII
MDLXVI
MMMDCLXXV
MDCCCLXXX
211
3978
2334
3002
MMMDXCI
MMCCCXXXVIII
511
1720
CMXLV
1759
3464
MDCCLXXVII
3880
XXVII
MCLXXVII
1694
241
975
3879
2531
3857
377
3638
1645
3025
546
MDCCCXCI
MDCCLXXX
MMLVIII
MMMDCXX
2215
2459
MMMCDLIV
LXIX
MMDLIV
MMMCCLXXIV
2297
1487
3060
MCMXV
2910
1100
1116
624
3541
MMMDXCV
DCCLXXI
XLVIII
MMMDCCXCII
911
1587
2759
MMDXXVII
3230
XXXII
MDCCCXV
1982
MMCMLXXV
1349
277
2702
135
2672
CCCXIX
MCDXVII
3258
MCDXCVII
2316
695
111
CMXLIII
DCVII
523
MMDXCVI
3127
354
1204
2037
MDCCXIV
559
MDCCXV
MMLXXVI
437
MDCCLXVII
979
3395
789
2843
3841
2894
2556
152
2526
3608
71
MCMII
MMMDCXCVI
3944
MMCCCXXIII
594
3270
3905
MDCLXXIX
CMV
2439
MMCXIX
MMMDLXXX
MMMCCCXLVI
MCCCLI
DCCCLXXXIII
1873
2957
MMCCCV
CXCI
MDCCLXV
MMMCCCLVI
CCLXXXIII
1865
DXXX
CCLXXII
MCCIV
CDXV
MMMCMLXXXVIII
2625
DCI
MMMDCXXI
MDCCLX
MCMLXXXII
1583
MDCCXVI
3306
3649
MMXXXIV
3384
3482
3295
563
3972
MMCMXC
MMDCCLXVI
3018
CMLX
MIV
MDLXIX
MMCCLIX
MMDCLIX
3228
MMDLIII
3198
MCXCI
1185
CDLIII
1657
3139
3017
MMCCXLVII
MMMCMXXXVI
MMDCCCIII
CXXXV
1294
2632
1747
MMCXIII
3795
MMMVIII
MMMCDLXXXV
MMMDCCC
MMCMIII
966
1838
MMMDCXCIII
MCCCLXXXII
MCLXVI
XII
CDXCIV
CXLIX
3546
XIII
1726
MCDXI
MMMCMXLVIII
3787
3368
MMCCCXXX
2446
MMMDLXXIII
2086
MMMCCLXXXVIII
2570
3673
3797
MMMDLIX
MCCCLII
MDXCIX
689
MMMCCXIII
1753
MDCCCLI
890
1618
MCCCLXXXII
MMMCCCXXXII
MCMLXXII
1865
MMLII
1527
MMCCLXXV
2606
MMMCLXXXII
MMXLV
MCCCXII
DCCXII
MLXXXVIII
1753
2962
168
3471
CCXC
MMMDCLXIV
MMML
MMCCXLV
2004
MDVIII
2088
1903
MMMCDXXIX
MMDCCCLV
1792
MMMDCCXLV
MMCCLXXXIV
1197
CCCLXVII
932
MMMCMLXXXV
2583
2856
MMMDXCVI
MMMDCLXXXVI
CCCLXX
MMDCCCLXXXIV
CCCLXXXII
418
1499
MCMXVIII
MDCCCXCVIII
MMMCMLXXXI
2089
3698
2919
1379
CMLXXIX
3182
MMCDLV
2688
MMCMXXXVII
CCCV
3620
137
MCCLXVII
286
MMCCCLXVI
MMMDCCLX
3049
1231
DXCIX
2931
MDLXVII
247
3409
534
1278
668
3114
3427
3603
2289
MLIX
3951
MCXI
MDXIV
CL
MMDCXLII
DCCCXLIX
MMMDCCXLVI
894
MCDXCVIII
MCMLXXXVI
CXL
323
CDXVII
MMCCVII
2546
MMDCCCXCVII
MMCCCXXXIII
633
3636
2479
MMDCLXXVII
1511
2716
MCCXII
MMMCCCXLVIII
1805
MMCDXLIV
CMLXXXIX
1226
MMCLXXV
MMXCIV
3864
1066
MCCCLXXVII
3157
MMMDCCLII
346
CCLXXI
2909
MCMLXXVI
1434
764
DCLXXI
MMMCDXCV
1878
2387
327
DCCXLIII
734
XCIII
MDCXLVI
2406
2401
MCCXVII
389
MDCCCLVII
CCCXXXI
MMMIV
MCCCXXXV
153
DCCCIV
2686
2331
DCCLXIV
208
CCXXI
2344
223
MMMLXXII
MCCXXV
MDCXVI
2467
1926
MMMDCXXXII
2872
349
3145
1837
MDXI
2409
CCCXV
534
1671
MCCCXCV
294
313
CCLXI
2395
2393
25
MCMXLVIII
3119
1776
1684
2865
2985
3830
DLIII
988
MMMCMXII
548
MMMCCCVIII
323
1610
1745
MMMDIX
3739
1831
CCCXCIII
1111
MMMXXXVI
MMMDCCCLXXI
3325
MMMCCCXCV
CDXCVI
1040
MMMDCCXXXVIII
MMMCCLXXIX
3963
CMXLIII
MDXXXVI
MMMDCXXXV
MMDCCCLIII
1594
2111
192
878
DLIII
MMMDCCCXLIX
2466
MMMDCCCIII
1690
MDCCCLVI
DCCCLIV
MMMCCXLIV
1655
MCMLXXXVI
609
2754
1897
MMMCCCXLVI
1534
MDCCC
1160
3253
MDLVII
3877
918
MMCCLVIII
MMMXC
3092
MMMDLIII
MDCXCII
MCMV
3665
263
MMDCCXV
3510
1367
1054
2693
1391
DCCCXCIII
DCLXXVIII
2826
2070
2868
2448
3540
CDXCII
MMDCLXXVIII
MMDCCXL
3268
2611
3508
3384
MMMDCCCXLVII
3492
DIV
MMMCCXLIV
MCLXI
1884
2922
MMCMLIX
MMMCCCXLVII
MMMCCCVII
3582
1181
MMMCCLXX
816
1616
CCCLXXXVIII
CDLXXXIX
535
MMCLXXXVI
LX
MMMDCCLXXVI
MMCDXIX
1407
1768
MCCCI
MMCMVII
1597
1334
474
1634
2439
MMCCLXXVIII
3448
MMCLXXXVII
MMMDCXXXVIII
DCXLV
3733
CDXXIV
1019
3757
1612
2572
CDXLI
1264
3164
635
MMDXLIII
MCDLIX
MDCVI
MMCDXXXIII
MMDXXXIII
440
1540
2545
MMDC
3518
2163
MMMDCLIII
1542
2225
3990
MCMIX
3853
MDCCLIX
DCCCXV
1602
MMCDLXXXI
MXXII
MMMDLXXX
MCMLXVIII
2226
2316
MMCXC
2630
2008
1005
MCMXXI
MMDCCCLVI
CXCI
910
3197
MDCCCLXXXIX
2506
MMMCCXCIV
1406
138
2006
914
3283
LIV
1308
3078
XLVII
MCMLXXVI
MMMDCXXXV
MDCCCXV
DCCX
3503
MMXII
2848
757
352
3509
1634
603
2057
2632
MMMCCCLII
2563
2742
2996
MMXCIV
528
MMMXL
DCCCV
3753
LVIII
16
MDCCLXXIX
MMDCCCXXI
2484
2728
3937
MDCCXCIII
2488
MCLXIII
MMDCLXXXII
CCLXI
21
MMMCXLVIII
553
3652
444
MMMCCCVIII
MMMLXI
1956
CCC
DCCLXVII
MDCCCLII
MMLXI
MMMCDLXXXV
MMCLXXIII
1976
2444
MMMCCCLXIX
II
MMMCV
2361
MMCL
MMMDCXCVI
MMDXXVI
1298
2626
MDCCCLIV
DCCCLXXXVI
MMLXVII
CXVI
MCLXXII
2543
MMCDLXXIX
942
MMMCXXXV
MLXXIX
MMMCMXXIX
687
646
DCLXV
MCMXLVIII
659
1731
3122
2214
MMCCXLVII
MLXXXIV
3933
909
MDCCCLVI
MMDCLXXXV
364
839
XXXV
CDIX
CCCV
2397
485
2377
MMMCCCXLIII
MMMCCLXXIX
1145
1312
MMDXIX
1596
MCCCXXVII
1445
3648
MCDXLI
MMMDCCCLXII
CDXLI
CLXXIV
DCLXIII
MMCCV
1590
CDXXIX
2332
MDCCXCVIII
MMMLXXXIII
3402
MMXXXI
2015
MCDXCVIII
377
DXVI
MCCCLXII
663
MDCXXXIX
MMCLXXXIX
MMCCXCII
MMCCCXI
1643
MMDCII
MMMCMXLIII
1824
1879
931
1518
CDXXXVII
MMMCCLXV
1597
3605
MMDLIII
MMMCCXXXIII
1331
CCIII
MMMCCXXI
314
MMMDCCCLXXXII
1850
MMMXV
544
3249
674
MMMCCCXXI
MMMCCXCVI
CDLXXI
3375
MCCCIII
CMVII
859
1964
1244
1105
MMMDCCCXC
2824
3250
MMVI
2228
1458
2813
505
MXX
311
1507
1371
639
MMMCCLXI
2471
LXX
MMDCCXLIV
DCLXXVI
2522
778
1064
MMMCXII
1007
CCCLXIV
MMMDCXXIII
2135
MMMDCCXXV
MLXXIX
CLVIII
3030
MMMDXVIII
2783
3318
3654
3541
MMMCDXXXV
MMLIV
DCCCXCIII
MMDVII
MMDCCXXXII
MMMCLXXXII
3547
MMMCMLXXV
981
CCXLV
MCCCVIII
DXLVII
3724
MMMCXXXII
MCLXIII
3579
MMCCV
104
MMMCXCIX
CMLIX
MMDCXCV
3875
MDCXLVII
3351
1511
1793
MCMIX
MCMLXIII
CCLXXVII
MCVIII
CCXLVII
1242
9
MMCDXVII
MMXXXIX
MCMLXXVIII
3705
553
MCCCLVII
CMLXXX
MMDCXLVIII
CDXXVII
MMCCCXLI
MMXXX
MMMDV
MMMDCCCXC
1135
3088
CCLXXIV
2524
MCCCXXV
2600
3836
1922
MMCCXXVIII
2121
MDCCCXCVII
MMMDCLXI
135
2844
MMMDXV
2039
1308
MDCXXXII
MCCLVI
1467
2410
2331
MMMCCCXXXIX
93
MCCCXLIX
MMCXXIV
MDCXII
MMMDXIII
3897
CV
3423
3599
CXI
MDCCXC
MMMXCVII
MDCLXI
2356
DCCLI
MCDV
MMMDXLIV
638
3056
3179
MDCCXXXIV
1325
CCXVI
2989
1066
1334
MMMCCCLXXXVII
2877
CCLVII
158
MMMCXXVIII
1725
MMDXCII
CMXXXVI
CXIII
1897
180
MMDCCCXXVIII
MMCCCLXXXVI
MXII
1369
1952
DCCLXXII
530
509
MMMDCCCXXX
2064
2477
3862
MMMCCCLXIV
2182
1193
MCDXIX
MMMCXXII
3292
2968
DCCCVII
2716
1828
1781
1455
MMXIV
MXCI
1276
3562
1177
MDCXX
3432
MMMDCCXLVII
MMMDCCVIII
2501
MMCXX
MMCDLXXXVIII
1987
2417
207
MMMDCXVII
1912
89
1827
MMMCXCVIII
3603
MMDCCXXXV
CMLXVIII
282
MMCCLXXVIII
MMMDCCCLII
MIV
1224
MDCLVIII
1223
MXLVII
MMMLXVIII
CCCLXI
MMDCXXV
CDVIII
2835
DCCLXVIII
MMMXVI
D
2616
MMMDCCCLXXXI
166
MMCDLXXV
3404
729
3766
MMDCCLXXVIII
MMDCCLIII
3623
3514
MCDLXXXVI
311
2645
2027
MMMCXIX
2691
3034
923
MCCXIX
MCXLVIII
1527
2216
1983
2623
3231
MMLI
729
DXXIV
MCCCXXXII
2914
CMXL
MMMCCLIV
MCCXLVII
MMMCDXLI
2406
MDCCCXXVI
2276
MMXIV
CCCXIV
342
2178
2304
MMDCCCXLV
MMMCCCXXXVI
2446
MMDCXCIII
MMDCCLXVI
3049
3447
MMMCCCLXXXI
MMCCLXXX
2359
MDXXVIII
MMCCLXIII
MMDCCCVIII
3110
2687
1278
2768
711
MXXIX
MCMLXIII
2410
CCCLXIX
3834
MCCCLXXIV
DCCCXLV
1307
MMCDXXXIV
CDXIII
MMCDX
MDCCXCIV
MMMI
1987
3424
CXCII
MMMCCXXXIV
MMDXIV
592
MMMDCXXV
1008
919
MMMDCXLII
XIX
CMLXIII
MMMDCCXLIX
MXC
MMCMXXX
2885
MMMCMXII
MMCCCXLIX
MMMXCI
3238
MCCCIV
MMMCCXC
3158
MMMCCCLVIII
3057
1370
3369
MDCCCLXXXVII
CMXI
296
MDCCLIX
CXLVI
CCCXXX
164
3425
1825
MXII
MMDCCCLIII
MMMDCCXI
1234
MCCLXX
MMMCMLXXVI
MDCCXCIX
MMCMXC
MMCXXIV
1483
923
138
MDCXIV
MMMDCCCXXXV
894
MCDXLV
MMMCDLXXXVI
1798
3668
DXLIII
731
DCCLXXXII
3146
707
513
100
MCCCXCI
3351
MMDCCC
1398
CCCXCVI
2904
165
MMMXVII
MMMDCCCXIV
MIX
654
MMDLX
682
2094
MMCDLVII
MMMCCCXXXI
2754
MMMDCCCLXXXVI
MMMDCLXXIII
MMDCV
MCMXXXVII
2568
MMMCDLXX
MCCCLII
3784
738
MMMLI
MMMDCCXC
2706
1805
MCDLXXXIV
3570
1495
3317
MMCMXVIII
MMMLXVIII
MMCDXIV
MMCCCXXII
1273
2850
617
1817
MMMCDXC
MMMDCX
MMCLXXXI
MMMLXX
MMMXVIII
762
MMCMXXII
MMCCXV
2977
2890
3440
DLXXVII
2483
1969
MCCCXXII
CDLII
XXXI
1424
2537
3121
MDCCCXXXIX
3401
MCDXLII
MMCXLVII
1266
3209
MMDXIV
1273
MMDCCCLXXI
1116
MMMCDXCVIII
1728
MCCCIX
DIV
DCLXXXV
2934
MMDCCCXXXIV
CCXXIV
MCCCXCII
567
MMCLVIII
CCLXX
1468
3398
3179
2498
MMMCXIII
427
CMXXI
MMDCLXXXI
2022
895
3816
886
MMMCLIII
CXXVI
359
MMMXIII
1406
MCDLXII
MMMDCXXIX
MDCCCXXI
MMLXII
MMDXL
MXIV
3736
2782
MMDCCXIX
DCCCLXXXIX
CIV
MMMDCCLXXVI
LXIX
MMDCXXV
2901
MMMCCXXXI
DCXXXII
253
MCDLII
2853
DLXXXV
DCCLXVIII
MMMCMLXXV
2806
MDCCCXXXV
1999
3486
CCCXLIII
MDCXX
MMMCCLXXXIII
1095
MMMCLXXXVIII
CMXV
2823
2574
XL
MMCCCXXV
MMDCCCLXXXVII
CMIV
MCMLX
MDCCCXCVIII
2155
MMDCLI
2928
2590
MMCCLVII
MDXIX
2842
MMMCCLXXII
2492
1852
2749
1871
2831
CCCXLIV
537
924
CDLXXVII
3940
2885
2199
DCCCXIX
MCCCXCIII
MCCCXXX
1232
2572
MMCDLIV
MMMCCCLXVIII
2631
MMMDCCCIII
1439
MMDCCXLV
3918
DCCLXXV
1020
1542
MMDCCLXXIV
CII
MMMDCCXLVI
MMMCLXVII
1960
696
CMLXV
DCCIV
2448
675
MMCDXCI
1366
MMMCCCLXII
MMMDCCCXXXII
DCCV
3477
1000
MDLXXV
3748
MMMCMXVI
DCLXVI
MMMDCCXXVII
970
2580
MDCCCXXI
1465
MMCCXCIV
2844
CDI
MCDXCVIII
MXI
3802
3746
MMMCMXX
MMMCCCLIV
MMMCCLXXXII
MMMCMXIV
DCCXX
1594
MMCXCVI
3705
DCIV
1727
3144
MMCDLXXV
CMXLVIII
3603
MMDCCXVIII
2044
415
2575
2652
3413
DCCCIV
3600
CDXXXIV
3665
349
782
3644
391
901
MMDLXXVIII
2007
MDLXVI
MCDXXXII
MDCCXI
575
1247
1720
2056
DCXCV
MCCCLXXXIX
2989
498
2916
MCCCXIII
DCCXCI
DCCCIII
DCCCXCIV
MDXV
DCLXVI
MLI
MMMXLVIII
1025
DXXXVIII
2075
2145
MCLXXVII
DCCXLIX
636
771
CC
MCXXXIX
2179
2320
484
1803
MMMDCCI
MMDCLXIX
MMMCMXXXVI
DIV
MMCMXCII
2253
1798
CCLXIII
2968
288
212
MDCCXIV
MDCXIII
1619
2104
2549
1691
CXLVI
3395
2275
2073
MMCLXIII
MMDCXL
MCMXVI
DCCC
1808
MCDXI
2564
MDCCXXXIII
DCCXCI
CMLVI
MDXXXIII
MCCCLXXX
2809
MMMDCXXV
920
MMMCCCLXIX
DCCCXI
MCCCXXXIX
MMDXCVII
CMLXXIII
MMCDXXVII
MMMDLXX
MMDCCXI
CMLXXXVI
1909
1848
2017
MCCXXVI
1237
MDCLXXVII
MMDCLXVIII
MMMDXXXVI
2781
DCLXXX
592
3432
MCMXCIV
MMMCCLXXXII
3737
3342
MMMCLXXXIV
465
MMMCDLIII
1657
MMCDXLV
CXIX
MDCLXV
3854
MMMCMXXV
CCCLXXXIV
MCCCV
MMCDLXXXIX
3656
MMMCXXVIII
MCDLXIX
1093
2375
MMMCMLXXVI
DCCCLXVI
MMCCVIII
1920
3532
2489
DCCLXXXVII
MLXXVII
DCCXI
MMDCXIII
CXXII
836
MMDCCLXXXVIII
3546
MCLIV
2057
XCVI
1348
CXX
3418
MMDCCLXXIII
MMMCMXCIX
1747
697
983
MMMLXXIV
MMCCCV
212
MMCMXXXVII
1653
MMDXXXIII
CCXLII
MMMCCCLIII
MMMDXXXII
260
2798
XLIX
MMMDCXLV
MCLXI
2347
1220
1335
2996
MMDCCCLXXV
DCCCLXXIX
MCCCXIV
2529
446
158
MMDCCLXX
1294
MMCCXLV
2139
MMMCDXXIX
3263
DCXXXIX
DCCL
CMXXXVII
3701
MMDXXIII
1884
CCCXX
MMMXLIV
MCXCIX
89
MMMCDXLII
MCLXXVIII
2655
730
3061
831
995
MDCCXXII
3957
3278
2143
MMMDCCLXXXIV
1599
651
3222
2170
MMDCCCXLIX
896
MCCLXXI
3382
1280
MDCLXXXVI
MMMDCCVIII
882
CMXXI
331
3820
3146
DCXLII
LIV
2344
2663
MMDCLXXI
MMMCCCXIX
MMMDCXLII
291
848
MDCCII
3923
CXCIV
3285
XLI
MDCCCXLII
DCCXC
MMMCDLXXIII
MDL
1085
DCCCLXXXIII
2628
633
3185
3623
MCLIX
CCCXLIX
2097
MMIII
MMCCCLXXIV
DCCCXLIV
2422
MMDCCCXCIII
1288
MDCCLIX
2631
DCCCXLIX
3490
MCXXXVIII
3455
524
1409
554
MMLIII
2739
MMMDCCXCV
2908
MMCDLVI
33
MMMDXXXIX
2568
1103
231
3373
MMCXXIX
2655
MMMCCXCIII
MMCCXCIV
DCCCXXXI
MCCXXVIII
DC
2966
DCLXXXIII
907
MMCDLXXV
MMDLXIII
MCXXV
MCCVI
2922
3486
MCXLIII
3192
CCCXLVII
3090
XXXVI
2067
MMMCCXCII
1963
910
35
3226
3622
MMMDCCXXIII
DCCCXXXI
2257
MMMDCCCXCIX
LXVIII
CC
MCLXXXIV
MMDCCXX
3005
DCCCXXXVIII
CMXXVIII
2743
MMDCLXXIII
CLXXXVII
MMDCXXIII
2494
MMMCCCXLIX
2623
26
3198
MXXV
CDLXI
MMMCCCXI
2894
3499
79
CDXC
1472
CCXCVIII
99
3493
170
MDXXXII
MMMCCCLXXVII
MMCMXCIII
3642
1900
1260
478
1823
1429
MDCCCX
MMMDXCIV
MDCCLXIV
3639
MMDLIII
2144
1820
DXXVIII
3726
1694
DCCCXXXIX
389
3487
MXLIX
860
MDCCCXLIV
CVIII
DCCXXXIII
CXXXVI
1131
MDCXLVII
983
1033
2771
XLIII
DXCV
44
MMMDXXIV
CCCXXII
527
MCMXXXVIII
3560
MMDLXII
372
LXV
323
3342
9
1846
2733
MCL
DCXCIV
CXIII
3045
1982
MMMLVI
3970
DLI
CLXVII
2230
3731
MMXXX
MDCCXXX
2863
CCXLIX
MMMDCXXXV
MCXXXIII
1143
3327
2079
MMMCCLXVIII
CXXV
MMMCMXXIII
1468
1229
MDCCXXXIX
CCCXCVI
MMMCDXXVIII
327
MCDLXXII
MDCXXI
CXX
1763
2916
DCCXVII
MMCLVIII
DCCLXXVIII
3398
3825
748
1348
CXLVI
2218
MMCMLIII
MMXXII
CCCXXIX
2884
MCMXXII
2903
3741
2973
21
MMMCLX
MMDCCXCVI
2570
2330
MDLIX
1406
MMCLXXXIII
MCLXXXV
MMLII
1506
3111
MMDCXXXVIII
MMDXXXVII
3651
3148
MMDCIX
DCCXC
1760
DCCCLXIII
MMMXCIX
1506
3296
MCC
1374
MMMCXXXIII
MMMCMX
MMMCMXCI
VI
MDCCXXXIII
CCCXL
MMMCCVII
MDCCCXXIII
2277
320
MMMCDXXII
MCDLXXII
3089
MMMDLXVI
MMDLXXXIII
MDCVIII
1381
813
1435
580
3515
2631
MMCMLXVIII
MMMCMLIV
MMMCLXII
1308
3941
MDXXVIII
MCCCVII
MMMCCXXIII
3938
MMDCCCLXII
DCCCXXXIII
837
1570
1956
MCCCXCIV
MVIII
MCMXLV
MCM
1312
DCXLVI
420
2709
3436
2998
MMCDLXVII
MMMDCCI
167
MCCXIX
MMCCXIX
73
3049
MXXXII
MMMCCCXXIV
MMMCCXII
1077
MMCDXXI
CCCLI
1067
2074
3430
467
2967
MMMDCCCLXVIII
DXXVIII
2809
MMMDCCXIII
2298
2288
3188
MMDCCXCIX
CDXXXVIII
3063
MCCCXLIV
250
2436
3957
2198
MMCDXXXV
1689
2924
CMLXIV
CXVI
MCCXV
2478
1683
2588
MMCMXL
3540
2809
MCDXXXIX
946
1723
MMMCCCLXXVI
1629
286
MCCXL
1557
2015
MMCDLXIX
2508
3309
MMDXLVII
2697
2352
MMCDXCVIII
2506
MMMCCCVI
3199
1843
3863
2099
1616
MMCXCII
MCCLXXXV
2563
1461
MMMLXXXVI
3939
CMLVIII
2425
CXXVII
MMMCDXLVIII
1615
MMMXXIX
586
3138
MCDXXXIII
2002
MMMCXLIV
MMCCLXXIII
3321
CMLIX
MMCDXXXVII
244
MDCLXXVII
MMDCCCLXI
1308
MMCMXIX
MDCXCV
MMMXV
MCDLXXXIII
1630
1868
MMCCLXXXIX
979
2785
MMMDLXXXIX
1011
MMCMXLVIII
DCLIV
111
3892
MMDCCLXXXII
3658
775
MDCCIV
MMDCCCXXII
MMDCCCXXXIII
827
2222
1222
570
DCXXXVIII
DCCCLXXVIII
2818
MMMCXXVIII
DLXXVI
1176
MDCCIX
2950
MMMCDL
1658
MMCCCXXIII
MDCCXC
3222
DCCCXXIV
DCCII
MMMCDLXXIII
MMXVI
MDCCCLXXV
2934
3032
MMMCCCXXIII
MMMDCCCLIX
3500
411
MMDCCCXXXIX
2219
MMCCCXLIX
3698
882
2587
1559
DCCLVI
CDLXXX
CDXCI
CLVIII
MMCMV
DCXL
1461
2984
MMMDCXXXIX
MMMCDLXXX
CLXXXIV
MMMCCXL
CVII
CLI
DXIV
3262
2788
MDCCCLXXXV
CMLXXXIII
XV
DCXII
MCDXXVII
2723
CCCXXXVI
1903
2717
CCXLII
3402
3785
DCCCXVIII
MCLXXXVII
289
MCDXXXVIII
MCCCXC
646
MMXXVI
417
1566
MMCXLIII
2894
CCCVII
2707
MDCLXVII
MMMCCXLIX
248
2366
2276
MCCXI
DCXVIII
1093
148
2774
3898
MCMVI
1472
MMMXLVI
1532
MCCXXXIX
MMMCCIV
MMCCLXXI
2349
983
3125
MMCCCXVI
CXXXIX
3908
MMCMXCIII
2062
MMMCCCLXXXIX
MMDCLXXII
CLV
CCLI
MMMDCXLVI
MMMDCCXCV
MMLXIV
MMCCXIX
1871
1022
CDXCVIII
MMMCXXXI
1906
MMMDXXV
MMDCCCXCIX
971
3855
2110
MMMLIX
MMCMLVIII
DCCCLIX
MMCCLXVIII
MDCXLIX
MMDCCXIII
1448
MMDXLVIII
2859
924
MMMCXLV
MMCCXXIII
1695
MMCDXLIX
3892
LVII
MMCMLIII
DCXXXIV
MMMCDXCIII
MMMDCCCXCVIII
MMDLXXXVI
DCXXXV
MMMCXXVI
MCDXXXII
2354
3265
MMCMI
MDCCXXVIII
2488
2110
MMCCCXCIII
MMCDLXXVIII
MCMX
MMMDCLXX
MMMCXC
MMMDCXCII
2361
MMMDCCCLIV
785
CDV
3365
MXCIV
DCLXI
3047
2059
MMCMVII
3782
473
DCXCIII
3577
3371
3081
3193
DCXIV
MMMCMXLVI
MMDCXC
812
3626
2909
1305
MMDLXXI
2400
MMMDCCXCVIII
DXV
3374
60
MCDV
MMMIX
CDXXVI
MDXI
MDCCXLVI
MMMDCCCLXVI
DCCCLV
1149
1661
MMMCCCVI
739
3569
XXX
1679
MMMXCIV
1268
MMMDXCVII
CMX
3577
1494
MMMDCCXIX
MMMCLXXXVII
MMMCDVI
MMDLXXIX
MCMLXXX
MDCIII
2763
2424
MMMXLV
DCCCXL
1007
2954
2896
CDXXXI
III
CXLII
MMMCMXLVIII
204
1583
MMDCLXXXIV
1682
CCCLXX
3854
MMMDCCXVI
3954
3316
3399
DCLIV
3668
930
MCCCXLI
MMDCCCXXXVII
3850
1579
3286
3692
2278
689
57
910
MMDCCLXVII
1045
3788
2656
3677
MMMDCCCXXXII
1343
MMDCXCVI
CMVII
750
MLXIV
MMMCMXCV
MMDCXXXIII
1032
2926
MCXLV
MCCXVI
3505
1151
197
MMMCCLXXVIII
MMCCCLVI
MCDVIII
2459
865
2987
2302
1157
MDCCCLXX
2459
3937
1735
3859
MDCLIX
MMMDCCCXXXVI
3989
672
3546
2650
XXXIX
1071
MMXXXIX
1242
MDXLIII
DCCCLXXXVI
MDCCXXXVII
MMMCMXVII
DCCCXXIX
MMMCCLXXV
2637
1097
1791
2702
1549
MMDXXIV
3807
MMMCMLXXVII
2613
2727
321
MXXXI
MMCXLI
MMDCCCLXIII
MMMDCCCXLIX
3672
3096
2428
3416
MMMDCXCVII
1769
CCLXV
MMCLXXIV
2093
1046
CCXI
2493
3007
MMMDCXXXII
MMCMXX
MMDCCCXLI
1082
MMCCLXXVII
CCCLXXXIX
3308
MDCCCXLIII
MMMDCCCXLVII
1900
MXLVI
DCCXI
MMDCCCLXXXVI
MMMCCLXVII
3872
3082
DLXII
1607
CCXXV
MLXXXIX
3492
1130
CXXX
3321
3237
2231
CXXXI
789
MMDXV
MMMDCCCXXXIV
3794
1065
MCDXX
1398
DCXCVII
3123
2728
1271
2552
MMCDIII
3725
MCMXXI
2660
MCCCLV
MMMCDIV
MMCCLXXV
1153
MMCCCIV
MCLX
MMDCCCXIII
CDLIV
1145
MMMDCCCLXXXVI
MMCDLXXIII
1610
MCMXIII
2407
CXXIII
3156
CMLXXXIX
3212
3389
106
1421
2790
156
XLIII
MDCLXVII
296
MMLXXXIX
3725
MMMV
MMDCLI
2564
2845
622
DCXI
1856
MMMDXLV
2413
3504
568
MCLXIX
167
MMCDLXVII
2166
MDCCXCI
388
1857
2535
DCXXVII
MMDXIV
MMDCLXXXIII
3784
CMLIX
MDCCLXXXVIII
854
1863
604
MMMCXX
DCCCXXXVII
CDLXXVIII
798
1703
330
MMMCMXCIV
MMMLXXVII
MMDCCXIX
CMLXXXI
CDLXIII
MMMCCXVIII
MMMDCCIX
MMCCCLXXIX
MDCCCXL
420
MMCLXXXIX
MDLXXV
CXXXVIII
3387
1504
MMMCDXXIX
MMLX
MCMXII
MMDCCCLXXVIII
MMCMXCI
3407
MMDIX
MMMLXVIII
MMCLXXXIV
MDCLXI
MMMDLXXVII
3667
1623
XC
MMCCCXXXV
MDCCLXXXVI
MDCCVII
MMDCXCI
2010
2718
1379
CDXCIII
MCLXXXII
147
MMDCLIX
3912
DCCCXCI
2166
1414
3481
1613
LXXI
CCVIII
3448
MCXCVI
172
MMDCCCXIV
3023
MMMDCCLXIV
MCCCLXXV
CDLXXVIII
MMCCXCIV
MCCLXXXIV
MMDCCLXXVI
3137
3342
3341
1914
MMXXXIX
LXXXV
MMMXIX
MMCXLI
LXIV
2135
3096
MMMDCCCLXXXIX
MMMCMX
2596
MMMCDLXXXIX
MMMDCXXXVIII
2517
937
2275
MMCXXXIX
XXIII
3591
MCMLVI
MCDXCVIII
MMCDXCVI
DCCCL
MMCXVI
1680
1774
3614
MMMDCXCIV
CCLXXXVIII
MMCCXCIV
MCCCXXXVI
MMCDXXXIII
2093
1106
MMLVIII
3865
1125
692
6
MMMCCCLXVII
MCC
917
MMCLXX
DXXXIX
MCCXXXVIII
CLXV
687
3995
MMCMLXXVII
DCCCIII
3256
MDCXXXVIII
DCCXXXIII
3805
MMMCLVI
MMDCCCLXXII
MMMCLVI
MMMCDXV
MMMCCXXVII
96
3230
3957
DCCCXXXIII
MMMDCCXXXII
MDCLXXV
309
2203
MMMDLIII
1070
MXXXVIII
3387
3520
MMMDCCLV
732
1214
388
2568
MCCCXXXVII
1768
DCCCLXXXII
MMML
CMXCVI
1275
MDCXI
2525
MMCLVII
319
2583
MMMDCCCLXXVII
MLXXI
MMLXVI
MMMCCLXVII
2270
MCCCXIII
MDCVIII
3035
1608
1449
CCIV
MMLII
MMDLXXXIII
2650
265
2680
1368
MXCVII
MMCMXXXVIII
CMLXVI
2958
345
MMCXL
22
597
2028
2870
2434
2286
MMMCX
MCMXCVII
2293
LXXXVIII
386
3475
MCDLXXXIII
MDCCCLXXIV
22
154
MDCLXXIX
MMCCC
MMCMXXXVII
MCMXLI
MMCDLXXVII
MMMCML
XCVI
MMMCMXXXIV
831
476
MDCCLIII
MMMCMXV
3109
2524
2396
844
980
2176
638
725
MMCLXIX
MMMDXXXII
MMCCXXVI
MMMCCXCII
MMCDXL
DLXXXIII
MCDLXX
MCLXXVIII
LXV
1064
CMLXXI
DXX
MXCVII
252
867
MCDLXIV
XXXIV
1876
3952
DCCCXIII
3156
1262
703
MMMCCXVII
1032
2732
MMCCIX
209
MMDCCCLXXXV
2942
961
MMDXII
3168
MMMDCCCLXXII
2541
3305
2112
3198
CMXXVII
MDCXCVII
3980
1840
CCCLXXXIII
MMDCCLXXXVII
2128
MDCCCXCI
MMDCCCLXXI
MMCMXCII
356
MMXLVII
973
MDCXCVI
874
2164
MDCCXXXIX
XIV
MMCI
565
CMXXXIX
182
577
83
DXXXIII
MMCCLI
3201
MMCDXVI
MCMXXXII
386
CCCLXXII
1540
CDXLIX
1729
2042
1535
DCXLI
MDCXLII
MDLXXVIII
1222
2540
610
MCMXXV
MDCCXLVI
538
3561
MCDVII
1874
MMMCMLXII
3224
2102
MCII
MMMCCCXVIII
2712
MMMCCCLXV
1406
2086
1521
921
2685
2011
XLIX
3095
2826
MMDLIX
1270
MMMCDXIII
34
MMDCCCXCIII
CMLXXVI
LXIV
1773
MCCXI
MDXXI
MMCCCLXXVII
269
MDCCXXXVII
CCLXVII
2712
2205
DCCCLIV
MMCMLI
MMMCCXL
1113
771
104
3620
624
3369
3834
3999
MMCCXIX
3581
MMMCCCXVIII
MMMDCLXXXIII
MMMCDLIII
2114
3587
MMDCXII
MMMDCXXXVIII
1163
MMMDXLVIII
3787
2153
2358
234
1863
MCDXVI
2453
MMMCCXXVI
3449
246
CI
MMXCIV
MMMCDLXXV
464
3907
MMXLVIII
1202
MDCCCLXXV
CMXLII
MMDCCVII
1492
MMDIII
1479
DCCCIX
1642
MMLXII
DLIX
1988
901
MCDXXIV
2698
MMMCMLIX
3281
1893
2191
MMDCC
MMMCDXXIII
1580
MDXII
MMMDLV
535
892
2704
1050
177
3373
924
CMXXIX
245
MMMDCCCXXIX
MMDCCCXCIX
CMXXI
1595
MMMDCCCXCIX
MDCXX
MMMDXLVII
2125
2734
3960
DCCXXX
MMMDCLVI
MMMCMXCI
CCCIX
3850
MCLIII
MDCLXVI
1534
342
710
2433
1952
2045
MMMCCC
3282
MMMCCCLII
MMMDCCXCII
1051
3195
DCCCXLII
2913
3948
650
1684
985
MMCDV
CCCLXII
693
3632
3477
1228
2153
DCXXVIII
DLI
1519
723
3010
MMCCCLXXIV
3148
MMDCCCXXXV
MXCVIII
MMDLXXXVI
MCLXXXIII
206
MMCMLXXX
3051
558
MDCLVIII
DCCCLXXXI
MMCCCXXXVI
CVII
656
2134
MMDCLIII
XXXIX
MLXVII
CCLXXIII
DCLVII
1651
MMMCMLXXVII
2710
2630
1135
2422
DCCCLIV
3381
3081
3210
952
1346
28
2184
2026
MMCCXCIX
3443
2444
LVII
MMCDLXXXIII
MMMCCXLIX
MCCCXLV
1640
553
MMMCCLXVII
2957
1785
DXXIII
MMDCCXXVIII
163
182
MMDCCCXCIII
CMXCIII
CCCLXVIII
MCDLII
3078
LXXXVI
2940
24
22
MMCMV
2086
2914
3888
MDCCXXXII
3829
DLXXXIX
2998
2055
MMXCVII
MMCDXXXIV
627
3778
818
1887
MCMXLIII
1570
2538
CVII
MMMCCXXVII
772
416
110
MCMLXXII
MMMCDXXIV
DCCCLXXI
CDLXVI
MMCCCIX
724
2872
3
MMVIII
3215
MMMCDLXXII
3815
2671
1118
1184
MMXCVII
MMMDIV
257
MDCCXLVII
351
3297
602
1726
MMMXV
MMMXXXI
1328
DCCCXLI
MMMCCXXVII
1988
2820
MDCCCLXXVII
MCDII
2782
MMCXCIV
1144
3585
1823
MMDCCCXI
786
MMMDCXXXVIII
MMMCCCXX
1590
3143
DCCXXII
CCCLXV
MDCLXXXVIII
CMXLI
MMMLXVI
545
309
MDC
MMMCCXCVIII
2726
MDCCCII
MMCCXLVII
805
MMMCCLXXXIX
CCCXC
MMCMLXXV
3778
2849
3719
MMMCCX
376
2809
2687
MDCCCLVI
MMCDLXXXVI
258
471
3610
MMMDXXXIII
3149
1969
MMMCCCXIII
II
3171
2886
MMMDCCCXXXIX
877
MCXXXI
DCL
MMDCCCLXVIII
2951
MDCCLXXIII
578
MMCDLXXII
2878
1375
462
3913
152
MMCDLXXX
961
MDLIII
1780
3905
MMCCLXX
MMMCCCXIX
2249
MMMCXIX
837
1197
MMDCCCXCVI
MMMCCCXCVI
3261
3115
2395
MMDCCVIII
3138
MMMDCV
MDCCCXXXIV
MCDLVI
MMIII
1553
3335
MMD
MMDCCXCVIII
2537
LXI
3474
MMDCCXXXV
CCXLII
3647
1042
MMMDXXII
464
3942
150
2146
DLXXXIX
MMMCLXXXV
DCCCXXXIX
MCCXLVIII
787
2540
3955
2377
DCCLXXIII
2671
3803
1806
3255
1067
3686
MMMCCXXVI
1759
2195
MCDVI
MMMDCCLXX
2950
2245
862
MMIV
803
MCCCL
3340
MMMCCCXLV
3010
2792
2270
1443
MIII
2284
DCCXIX
MMDCXXXIX
3529
3444
362
3389
MMMDCLXXI
MMCXCII
MDCL
MXXXII
3569
CXCIII
2912
3099
MMMCLIX
2433
CCCLXXIX
CCXVI
1764
CCCXCI
MMMCCCXXVIII
566
MMMDCCCIII
1679
3192
MCXX
2510
MMMDCCXXVI
LXX
3121
849
353
MMCDLI
MCMLXXXVI
MDCCLXXV
2959
1099
CL
1632
MMMCDXLVIII
MMMXXXVI
132
2065
DXXXVIII
1645
2862
MMDCCXCIV
3239
MCDXXVII
LXXXVI
CDXLVII
CCCL
MDCCCLIX
983
1330
MMCMLXXVI
495
3639
394
1662
2184
464
1607
3228
XXVIII
2618
DLXVII
MMCMLXX
3532
XXXI
DCLVII
1126
3167
3868
MMDCXXXVI
2004
CDLXIV
CDXXVIII
MCXXI
MMMCCXC
DCCLXI
MMCMLXXI
CCCXXXVI
1239
3096
CV
MMXXIII
MMDCLXIV
2036
MMMCDXXX
2490
3242
MMDCCCXLVIII
701
MMCDXXV
2287
MMMDCCXLVII
DCXCI
936
MMMCCCLXXV
3652
MDCLVI
MMDCCCLXIX
2792
2392
MMXCVI
MMMDVII
CCCLXXVI
1579
1011
MDCLXXXV
MMCMXCVIII
2818
MDCCXLIII
DCCCXL
MDCCLIV
4
1092
497
MDCCLXXVIII
MMMCMLV
MMCDVI
MMMCMLXXXIII
MMCCV
1379
MCCCXX
MMMCCLXIV
MCDXXXII
2729
MCDLXXV
MCDXXXVIII
DCCXXI
MMDCVI
MDCCCXV
MMCMXLV
1932
2553
1739
MMCCXLIII
MMCMXXVII
MMCMXCV
MDXVI
MCLI
3350
1681
MMMCLXIV
3259
785
2025
CLXVIII
MMMDCXI
3712
CCCXVII
1102
XII
MMCCXXXV
MCMLVIII
MMMCLXIX
MDLXVIII
1183
2617
MCDXCVI
MMMCDXCV
DCCCXXXII
MMMDCCCIX
MMCCLVII
2373
3568
MDCCLXXXI
3844
2191
1196
120
2944
966
2261
MMMCDXLIV
3817
MMDCCCXLVII
2486
MMCDXLVIII
MDCCXXI
MDCCLXXXV
MDCCLXXX
MMDLXXVIII
1512
2933
1985
1231
2780
MDIX
MXXXIV
MCXIV
2215
MMMLXVI
MMDCXXXVI
2807
CCI
CCCXVI
3381
3327
MMMDCXXXVIII
3188
MMMCMXLIV
MDCCXXI
1976
MMMDCCCLXX
MMMDCCXXXVI
MMMDCCLXXXV
MCLXV
DCCLXXX
MDCCCXCI
304
3216
DCCLXXXIV
MDCCCXLVII
MMMDCCCLXXIV
2532
DXXX
2187
3703
MMCDLXI
DCCCXLIV
MMMCVIII
3594
3903
291
1316
1304
2205
MMMDCCCLXIII
MVII
3553
XXVI
1038
MXXX
MCMLXIII
MCCCXCVI
474
1509
3689
MMDCCLXVI
MMCCLXVIII
MMCCLXV
854
DLXXXIII
1355
MMMXII
3637
MMCDLXXXII
MMCDXXXVIII
MCMLXXXIV
MCDXIX
2702
2630
MMMCCCLXXXVI
527
3888
1837
813
3476
3532
CCXXIX
MMDLXXXVI
1381
529
1542
CLXIII
1703
MLV
CMXLIV
MCCCXCII
2986
1273
MMCXXVI
MCDLXXIX
359
CCLIV
2955
3116
MCMLXVII
2616
3815
MMMXXXIX
2013
MMMCMLXXXVIII
MCCXCIV
CD
1523
133
1992
MMCDII
1808
MMDCCLXIX
CLXXIX
1774
2823
MMDLXXXVII
MMMDLXXXI
XLIX
3472
MMDCCXXXIII
2448
DCCI
2277
DCCXXIV
1575
MDCXII
MMDCLXV
MDCCCXLVI
MMCCCXLIII
MCDXXVIII
MMDXXIII
CXXXIII
945
MMMCDXCII
MDCCLI
MMMCCCX
MCCCXXI
MMDCXXXIII
MDCCCII
DLXXXIII
MMCCLXXII
3078
2254
MDCCXLVI
1316
1460
MMDCCCIV
2164
2791
3654
2708
3214
MMCLII
DLXXVIII
CDLVII
MMMDCCCXXIV
1982
1991
MMCLXXIII
73
MMMCCXI
MMDCCCXXX
LXXXIX
MMMCCCXC
MDCCXCII
MMCCCLVI
MMDLXXXVI
MMMDCLXXI
3664
MMDCCCLV
MMMCCCLII
MMMCMXLV
3162
1069
MCDXXXIX
1723
2316
3937
DCLXX
1045
MMMDCXLVIII
MMMDCCXI
MDCCLXVII
1332
973
3983
MMDXXVII
MMCDLXVII
1140
MMCXXI
MDCCXLVI
326
XLIII
MMMDCXII
MCCXV
MMMCCCXLIII
2039
MCCXVIII
638
DCXXII
2182
MMMCMXV
2036
53
2207
911
MDXXXVII
MMMXXIV
2145
LXXX
1538
MMMCCLXXXI
MCCLXXVI
2431
MDCVII
2404
1954
DCCCLXVI
MMCDXLI
CCXIX
MCXLVIII
MMMDCCCLXXII
3781
MMMCCLXXIV
1170
1291
MCCCXXII
DCLXXV
621
MMMDCCXXIV
MMMCDLXXVIII
MX
CCCV
MMMLIX
MCMLXI
1768
2463
1673
2338
507
3159
2117
CCIV
3666
MMDCCCLXXIX
135
2315
LXXVIII
MCDXLV
2420
DCV
CCXLVII
MMMDCCCLXI
MDCCCV
MMMCXXXV
MMMCLXXXIV
2817
3625
MMCCCXLIV
MCCCLXXV
MMMCLXXIV
3166
2797
565
2715
MDCCCXCVII
2931
13
MMMDCCXCIII
DCCLVIII
MMCCCLXXVI
798
MDCCLVII
MMMCMXL
MMMXXIX
CCCVI
MMDCCCXXXIV
447
3780
MMMDCLXVIII
MMMXVI
1101
DCLVIII
3464
209
CLXX
2508
MX
MDCCLV
1959
2655
3609
MMCMLXXXVII
3984
CMXV
502
CIV
3475
1597
2687
1399
395
CMXXXII
3123
CCCXXXVII
MCMLXXIV
27
1608
MCCLIV
DCCCX
319
MCMLII
MMMXIV
310
3125
898
MCCCLXXXIX
XXIII
MMDLXXXVII
MMCDLXXXIII
2952
3037
MMCLXXXVIII
MDCCLXI
2859
MMXXII
2559
MMDXL
MMDCCCLXXXVII
MDCXC
3593
MCCXIX
MMDCCCXXIII
CMV
1894
3442
MCCLXV
3771
2063
MMMCCLXXXVI
MMDCCCXCIV
XXIII
3258
2361
MCDLXXI
MMMLVI
MMDCXLIV
MDCCLXXXIV
957
932
MMMDCXV
MMDCCLXXXI
MMMCMLXIX
1765
1599
CCIII
1118
2400
DLXXXV
720
MMDCCLXXXIX
MMCDXXIV
MMMCDLVI
2898
MMCDXCI
3478
1025
3596
3323
1351
MCXCVI
MMMDXCVIII
143
MMDCCLII
2034
2926
MXXI
MMMCLXI
DCCLXVII
MDLXXVIII
720
1977
2007
1885
DCCCXXIV
3066
1547
MMCCLXII
MMMDCCVIII
1609
1381
3592
MCCLVIII
MMMCMLXVI
3998
MMCCLXIV
XCVI
751
3232
3777
1832
2213
MMDCCL
MDCXXIV
MMDXV
1584
1247
MMMDCCCLXXVII
742
726
MMMDCCCLXXXII
MMMDCCLVII
MMMDXCVII
CMXLII
3906
2143
MMXXXV
MMMDCC
CCCLXIV
2160
493
389
MDCCCLXXXII
MDCCCLXXXIV
941
3390
MMMDCLXXXIV
3385
3370
2023
3812
MMMDCLXXIV
DCXXXII
3558
2124
MDCLV
1715
MMMLXIII
MMMCMIII
CMLIII
435
3647
2300
CMLI
MDCXCVII
3182
639
3931
MMCCLXXXII
549
3416
MMMCLXVII
501
MMDCCCLXXXIV
2157
MDXXXIX
CCCLXVIII
3916
DX
MMMCCXXXIX
3658
3871
2239
MMMCMXXXI
3389
3071
464
DCCCLXXX
1179
3663
MMMCMXLVIII
CDXLIV
3878
2440
MMMDCLXXXII
MMMDXXIV
MDCI
1270
2326
MMMDCCCIX
3694
3065
MMCMLXXV
DCCL
1894
MMDCXXXV
MCDXCV
2806
CMLVIII
XXXV
2458
CLXVII
MDCCCX
DXXIX
CCLXXVII
984
813
MDCCCXCIII
LXXXVI
3982
3935
3396
LIV
MXCIII
1994
MMMCCCLXXXII
3496
3910
DCLXXVIII
1760
721
1126
617
DCCCLXIII
1939
1057
CLXXXVII
1756
3301
MMCMXLVIII
CXI
CCLV
MCDLXXXVIII
3660
MXXX
MMCMXXXII
DCL
616
475
2813
632
3436
3880
590
MMXCIX
3824
DCXXI
2624
1820
3735
3258
1373
2318
2022
2620
3082
1228
CCXXXIII
2354
3654
CDXXXVI
2759
MMLXXXII
1793
CMXXXV
2500
MMMCCXXXIV
MMCDLIX
2043
159
1837
MMMCDXLIX
2936
2102
MMMDCXLV
MMMCCCLXVII
MMMDCCCXVI
1335
MDCCCLXXVII
MMMCCCXXI
2925
317
DCCXCVI
MMMDLVIII
MMDCXII
1760
MMMDLXX
910
418
1916
MDLXXII
607
MMDXXIII
3026
1392
2346
3799
2158
3200
MMMCDLXV
872
2128
MXCII
2027
3496
644
MMMCXXXII
MCDXXXVI
DXIX
CCXCV
260
263
1615
MMDLXXX
MMDCLXXVI
MMMDCXXXVIII
1189
2979
MMCMLXIII
MMMCMXLIII
3803
3927
MMCCCLXXVI
1226
3643
2199
MMDLXXXV
MMMDCCCLIV
1158
3753
MDCCI
MMCLXV
CXIX
1337
1424
MCXIV
MMDCCCIII
MMMCCCXXIX
3809
3549
977
CCCXI
MDCCLXXVI
MMCDLIX
2100
1390
MMMDCCCLXV
1230
MCXLVII
1550
2193
MDCCCXIX
1326
MDCCCXLII
MMMXXXI
2746
MCMXLVIII
MMDCCCXXVIII
MMLXVII
2726
MMMCXX
DXLVIII
MMDCCLXXXII
MDCXXXIX
MDCCCXXII
2445
MMDCIX
3110
CDIX
3175
3712
2681
CDXVIII
2932
2910
DCCLXXIII
1276
3191
574
199
2091
CCCXLIII
1667
DCCXIII
2331
3072
MMMCCCVIII
MMMCCCXXIV
700
CXLVII
MCDLXXVII
2439
MMXL
1121
2229
XXXI
357
MMMDCIX
2818
1575
MDCCXXVIII
MMCMXLIII
MCXXIII
1034
644
873
2556
DCXV
MCDXCIV
MMMCMXLVII
216
MMCCXXXIV
1982
2444
MMMCDLXXII
MCMLXXV
1895
2192
2425
891
1292
MMDXXIX
398
2747
CMLXXIII
3328
3734
MCXXI
MMCCCXXXV
371
MDCLIV
MMMDCCLXXXVI
MMMDV
MMMCDXLIII
3663
XXI
494
460
MCDLXXVIII
MMMDCCL
58
59
27
3521
1582
MMMCDV
582
MMCCC
1338
850
CLVII
MMMDCCXCIII
CLXIX
MMCCIX
MMCDLXXVIII
MMCCXLII
MCCLXXXVIII
3157
3410
DCCCLVII
CMLXXXVI
2871
MDCCXXXI
1552
2084
888
MMCMXXVII
MMXXI
2515
MCCCXL
DCXL
XLV
CLI
MMMDX
MMDXXII
3446
MMCMLI
M
CDXLVII
178
1765
3726
2210
2287
1119
MMMCDLXIX
MMDCCCLXVI
MCCCLXXX
MMXXXVII
1585
1822
1636
DCCLII
MCMXXV
MMMCDXXIII
1799
MCCCXLV
1986
1621
MCDXCI
3831
3577
MMCCCXLIV
1451
MMLXXXVII
MDCXLIX
1975
DLXVIII
CXCIII
CMLIII
2286
MMXCIII
1774
3194
CCCLXXVIII
679
MMMCMXIV
MDCCCVII
3478
740
MMCCXLVI
2593
MDCLXXII
2077
CDLV
MDCLVIII
MMCCXXXII
2286
2494
1087
CCCXXXIV
2990
2582
1709
MMMXLVII
MDXCVII
CMV
3391
182
3635
MCIX
1089
3289
MMMCCXLV
MMMCCCI
MMMDCLXXIX
1521
3554
MMCCLVIII
CXLII
289
MCMXCIII
MMCXX
716
3593
145
1345
3726
1806
MDCCLXIII
MMDCCXL
1975
MMDLXIII
MMCCCXLII
833
2126
3324
MMMDCCCXXXIII
MMDLI
1208
MCDLXXXV
MCCVII
MMDXIV
MCDXXI
653
2655
2394
MDCXIV
3333
MMCMLV
1761
LXIII
MMCDXXV
MDCCCXLII
MMCCXVIII
MMMDCXXXIII
MDCXLIX
2840
3826
MMDCCXVII
MX
886
MCXXII
1780
MMMCCLXXIV
XCVII
2126
1160
DCCXL
MMMDCCXII
2834
3905
MMMDCCCLXI
2225
1021
1672
3642
DCCCXXXIII
2953
1305
MMMDCCCIV
MMCDXXXI
1318
1022
MCCCLXV
891
CCCLXXVI
MMMCCLVII
CCLXXII
MMCLXXXI
DCXX
3987
CDXXX
3112
MMDCCCLXIX
CMLII
1532
3597
MLIX
2150
MMCLVIII
MDCCCLV
MDCCCLVI
1369
2892
126
MMMCCCXV
MCMLXXVIII
1617
764
MMCCXXVII
CMX
3574
MMMDCCL
MCDLXXXIII
DCCCXLIV
MMMDCCCLXXXV
1755
CCCLXXXI
685
MMMCDIX
MMMDCCXCII
MMVI
MMDCCXXIX
MMXXIX
3511
MMCMX
3781
MMMCCCLX
2279
MMMCMXXXI
MLXXXVI
1902
CCCLXVII
MCXCVI
2535
692
3073
DCCCLVI
1502
3570
MDLXXV
MMDCCXVIII
2100
3726
659
1757
MMCDLVI
MDCCCLVI
3808
2972
3214
MCCCXIV
1075
MCCCLXII
3478
MDXXII
1367
MDCCXCVII
CMLV
MMDCCCII
3735
3438
1683
MDCLXXI
269
DCLIV
XIX
3154
MMXLV
CLXXXI
3678
1180
3212
DCX
3082
206
MDLXV
3415
MMMDLXXXIV
964
3146
2054
DXLV
MCMLXXXI
MMDCCXXXIX
MMXXXVIII
3413
MMMDCCCLXII
532
MDCCXCVIII
MCCLXXXIV
3116
MMDLX
CCLXIII
MCDXCIX
MMMDXI
MCCCLX
MXLVIII
MMMXXXII
MMMCDXXII
MCXC
3601
3713
802
2478
3066
MMXLIV
MMMDXLII
3700
3362
2729
MMCCCLXXXIX
MMCLXXXII
528
DLIX
MMMCCC
2799
MCMXLVI
465
2016
3839
1230
1669
1361
612
3086
135
1937
MMXII
3750
MCCCLIII
2830
2660
MMDCVI
MMDCLXI
CCCXLIV
1306
MMMCCCXXXV
1673
MMMXXVI
378
2834
3729
MMDC
CCXXXVIII
2639
MDVIII
MDCXVI
453
MMCXVI
MMCLXXIV
3490
2413
MMLXX
372
2273
2731
1179
835
CCIII
MMMDCLXVI
MCDLXI
2015
2706
3509
172
719
2152
1281
223
2548
MMMCCLXXIV
3488
3673
MMMDCIX
MMMDCCCXVIII
2321
1191
DCLI
MMMDLXXV
MMDCCLVII
MCCCXXXVII
MDCCIV
DCCCXLIII
MCMLXXXVIII
CXXXIV
MCCXVI
MCDXCVII
1544
2621
3485
DCCXCIX
1157
827
XXXIX
2426
MMMCXCIII
3432
MCCCXLVI
3966
2401
872
MIX
MCCXLV
MDCIV
DCLX
DCCCXIV
911
2330
1889
MMMXLVI
2638
MMMCDLXI
34
3650
2303
1192
MCDXX
3617
2006
2653
689
1184
DCCC
2638
3778
837
3412
1912
479
70
MMCXXXVI
1923
1054
CLXXXV
MMMCDLXIV
MMMDCCCLXX
779
612
1210
144
3439
CCCVI
MDCXXXVIII
DCCXXV
MDCII
941
3214
MMCXXVII
MMCMXXVII
3598
MMDCCXCV
1122
2202
CDLXIII
MMXXVI
DLVIII
350
MCMXXXI
2267
2041
1098
1777
1203
3404
3730
MMMDLI
1213
821
468
2840
MMMCMLXXIV
MCDIII
2181
MMMCDLXVIII
3751
MMDX
987
CLXXVIII
MCMXCIX
MMMCCCLXIII
605
MMMXVIII
3734
176
2453
271
MLIV
3926
DCCCLXXVIII
1624
3441
DCCLXXXVIII
CMLXXXII
3720
MCCXCII
MCCIX
422
MMMDCCCLXXXVIII
660
MMMCCCXVIII
MMMDCCXXXVIII
2959
2514
MMCCCXLIX
MMMCDXXVII
2819
MMCDLXX
MMDCCCLXXX
MMCDXLII
3884
47
3814
MMCDXLI
MMLXVI
MMCMLXXXI
2167
3018
MDCXLIX
3228
CMLVII
56
1254
MMDLXXXVI
1221
MMDXIV
MMMCCLXXXII
1078
MMMDCCXCIX
3275
MDCLXVII
CDLXXI
DXXXIII
1031
3920
MMMVI
MCCCLIX
1502
313
840
615
2868
MMMDCCLII
3774
1198
MMLXXXVI
DLXIII
2549
MCCLXIV
1681
1516
21
335
1418
1272
MMMCCXXVII
DCCLVII
MMMDCCCXVI
MMDCCCLXXXVII
MDCCCIV
2984
1925
MCCCLXXVII
3909
3310
MMMDLIV
1891
MMCCXXVIII
458
859
MMLXVI
MMCV
161
MMCMLXXIX
MMMCMLVIII
2276
DXXXVIII
MXXXVI
MCLXI
2076
2188
831
756
MCCXLVII
MDCCCXXVIII
MDXXX
3505
CMXXXV
2841
2492
MDCCCLXXVI
2018
311
DLXII
MMLXXI
MMDCCXVI
MMDCCCXVII
MMCCC
2004
2298
3067
2471
DXXXI
DCCXIV
1585
DCLXXVI
3944
MMXVIII
1424
DXXIII
2172
CCCXXXVII
1866
MMXXII
DCCCXXVII
MDXCVIII
CCXCIX
MMMDCCXXI
MMMDCL
103
3440
2008
3
MMMCII
2433
DCCLXXXV
DCCCXC
3280
2880
MDCCLX
523
2799
MMMLVI
MMMCCXXXII
2899
84
1298
DCCLXXXV
1548
MMMCMXCI
1400
2222
2381
2775
3808
427
2145
612
MMMDCCCXIV
MCXXVI
1258
MMCCXLII
725
289
2840
MXIV
3433
MDLXXXVI
MDCCLXIV
MMCCLXXX
MMMDCCXLIII
1646
2515
3415
237
1814
531
258
3308
32
MMMDLIII
MDCLXXII
MMCMLXIV
MMMCMXVI
MII
MCCCXXXIX
721
2209
31
MCCCLXXV
24
1471
MMDCCLXXXVIII
2634
3442
MCMV
XCII
289
2337
2824
MMDCXLVIII
2064
MMCMLXIX
MMMDXXVI
MDCXCVI
3139
MCLIII
DCXXXII
1716
MMMCCXXXIII
MDCCCXXXVI
MMIX
MMMXIII
MDCCCXXXVIII
1369
641
3443
3237
2367
3850
1172
MDCCXIV
2609
MMCXLI
1182
MMMCLV
331
1
MMMLXXX
1172
252
3061
20
2654
MMMDXXVII
MMCCCLXXXV
3855
XCVII
656
2293
MMCDLXIV
MCCCVII
456
1550
MMMDCXVI
MMCCCLXXX
478
1028
DCCCXCVI
MMMDCCXXV
CCCXIX
MMXXVII
1404
542
CMLVI
MMCMLVII
MCMLXI
MCMXL
MCCLXX
DCCCXCIV
2996
3248
977
MMMCCXXII
3261
MMDCCCLXIX
MDCCXLIII
MDCCCXLI
3249
740
2476
3836
2982
2606
759
2942
DLXV
3349
190
1189
1032
MMMCCLXXIV
2341
3865
164
MMMLXV
3402
1669
1488
MMXXXV
MMMCDVII
MMDCXXIII
MMMCCLXXIX
2580
CDLXXX
2365
1060
339
MMMCCCXCI
MMCMII
1176
MXXX
MMMDLIII
282
MMMDXXIII
3002
1732
MMMDCLXXXV
3465
1196
822
2345
2496
MCXLV
MMCCCXLIX
711
MDLXII
MMMCDXLI
CXLV
CMXCV
DCCLXVII
MMMCCCXXVI
1557
3303
154
3707
DCCLXXII
MMDLXXXVII
1193
MMMCL
MCCLXXXII
DCCCXXXII
CMLVIII
CCLXI
3281
MMMCDLXV
2162
2690
MMMCCCVI
1675
MMDCCLXXX
2809
XIII
DCCI
1325
MMCXCVII
3101
1995
1288
MCCCLXXIX
2245
2330
MMMDCCCLXIV
MMIV
MMCDXIX
3806
MMMDCCXXXVII
3283
3405
1283
MMDLXXXVI
2310
3027
138
MCMXCII
MMXXXI
MXL
MMMDCCCLVII
CXXVI
MMCCLXXXVIII
75
342
721
2855
1957
3823
155
2856
48
XI
MMCDXLVIII
392
MCDLXXX
1985
2863
MMMII
MMLXXVII
2788
MCDLXXXV
MDCCXX
3663
1878
2617
CDLXXII
MDCXIII
3413
MMMDCCXIV
3410
MLXXXVIII
1807
355
2632
MMDCXVII
MMMDLVII
MMMCLXXXVI
MLXXXVIII
3363
3057
2246
2526
1541
1942
MMMDCLII
MCDXI
CXXXIX
2976
164
MDCCLXX
2201
CDXLIX
1995
XLVII
1242
MMMCMXXV
MLXVI
2283
MMDXIII
1085
2807
MMMCMIV
MDLXXI
MLXXIX
347
MLXXI
3793
LXXXII
3185
3765
MMVIII
1316
MMCDV
345
3915
MXLVIII
MDCLXX
CCCLXXXVIII
MCCCIV
MMDCCLXV
MMCLXX
MMDCXCIII
DCXXII
1172
399
MMCLXV
MMMCCLXXIII
2148
MMMDCVII
MCMX
MMDLV
581
MMMDCXXXVIII
3380
977
374
MMMDCCCXXXV
MMCMXXX
1868
3608
DCXLIX
3408
CCXI
1040
MMMDCCCLXVIII
1365
3825
MCMLI
2204
2664
MMMCCCXC
MCLXXXIX
CCVI
2250
3622
MMMDXLII
815
DCCCVII
DCCXXXVIII
3366
2565
MMCLXV
2091
1876
2719
MMDCCXXIII
MMCMLXXVI
646
CDXXXV
3642
2658
2625
MLXXXIII
427
2485
459
732
281
CDLXXIX
MXCI
MCCCLV
2296
3424
2404
MMMCXIII
MCMVII
CMLII
3665
3441
CCXVI
MMMCDXLI
3341
3803
XXXIX
MMMDCXLVII
1197
2225
MMXLIX
72
MMMDCXCVII
MMCMXCIV
3877
CMXV
MMMDCCXLVII
MMMCCL
1585
3574
CCXXIV
MMMCCLXI
3573
3717
3555
2604
MMMCDLXII
1052
MMCLXXXVI
1621
5
DCLVII
MMMDCCLXXX
DCXXIII
MMXCVII
2391
3940
1723
487
3444
DCCCLXXXIV
131
3606
MDXXIV
MCDXIX
MDCXIV
MMDCCCXV
3867
1605
MMMCLXXXVII
2377
MMMCMLXI
2054
2323
MCDXLIV
MMMXXXII
693
DCXLIV
1576
MMDCCCIII
MMMCCCXXVIII
MMXXV
CCCLXVI
3333
3326
CCLXXXI
2791
3249
1974
DCCCXXIV
1219
2759
3692
MMMCMXXXVII
CCCLXIV
2592
MMMCCXLIII
909
MMLXIX
2744
148
1766
MMDLXXVIII
3146
MMMCDXXXIII
MMCLXIX
MMMCCCXXVII
MMCVI
MMMDCCCLXXXI
MCLXXXIII
2839
3009
3222
MMMCCLXV
CCXLV
2322
3417
MMCDII
MCDXIX
MCM
MDCVI
1680
85
628
MMCDXLIX
MMDCCXCVIII
2488
3829
1929
CCCXXXV
123
DCXXXIII
MCIV
3544
2246
3493
CCCI
1176
1036
DCCXCIV
3226
583
MMMDCCCXCIII
MMMDCCCLXXV
MCXXXIV
2740
MMXXVIII
2799
MCMXCI
MMDCXCIII
MCMLI
MMCCXCVIII
3964
MMXXVIII
2290
845
3670
1227
3529
DCCLXVIII
MMMDCCXCII
479
2662
CXII
MMCCXXVI
640
683
2059
MMMCDLXXV
2449
DCCXLVII
3067
2597
1095
2284
1523
MMCXXXIV
MMMCCLXXXIX
2830
3151
911
746
3258
CDLII
1327
3233
3897
MMXVI
DCCCXCIII
MMDCCCLXXXVIII
MLXXXIX
MCCCXXIV
MMCXLI
1435
1868
3610
MCXXXVI
3167
MMI
494
3105
517
2930
MCMLXXVII
2511
2068
MMMDCCCLXIX
LXXV
MMMDCCCXXXIV
960
DCCCXII
MMMCDLXXXIV
MMMCCCXXV
MMMCDLVIII
614
CDLXXIII
CDLI
370
MMCMLXIV
CDVI
2515
CDLVIII
2744
389
1499
3658
DLXXXVIII
999
MDXCVIII
CCCXV
1643
287
CMXXVIII
3878
3507
MMMCCCLXXV
3520
3063
3619
MDCCCXXXIII
2809
MMLXXXI
958
3654
2405
3311
3919
2904
1498
3027
3507
MCCCXCVII
2354
2377
2438
DCCLI
MMMCDXLVII
2715
MCMXXXIII
CDLXX
2154
MMDCLXXIV
1737
MCXXI
367
MMCCCXI
2297
CCCXXIV
1392
MMMDCXC
XXX
1640
1471
MDLXXI
1498
MMMCLXXIX
1246
1935
MMDCCCLXXII
MMMCLXI
124
2118
CCXLII
625
MCDXCVIII
724
MMMCCXXVIII
337
MDCXLI
1460
CCLII
3505
325
DCCXXXV
MMCXXII
MMMDCCCXLI
MMMDCCXXX
3713
2534
CCCLXXI
MDCCX
MMDCCLXXXVIII
MMDCCLVII
MMC
MDCXXXIII
1004
MCCCLXXIV
MMCM
3086
2868
3072
MCCCI
3359
CCCLXII
3050
2726
MMDXVIII
966
601
MMCDXLII
LXIII
MMMCDXXIX
DCXCVI
2969
188
3228
MMCCIII
DXXVI
MMMXIX
1333
MMMCCLX
3503
MCCXVI
3990
CCCXXXVII
DCCCLXXVI
MCCXXXIV
1969
MMCDLXXV
DCCXCVIII
624
932
MMMCLXXIV
MMMCMLXII
2163
1620
2753
2086
MCCCXCIII
MMDCCCXXVIII
MMMDXIV
MCLXXXVIII
MMMDCCLIX
MDXXXI
3757
MDCCX
3459
1530
DCCLVI
MMCCXCII
MMMCMLXXVI
MDCXXXI
MMMCXXXIX
2198
430
3617
MMMDCCCXIV
2572
2802
MMMCDI
DCXV
MMMDCCXXVI
1757
1643
MMMDCCXL
2986
968
MMMDCXXXVI
CI
3701
MCCCXXXIX
3727
MDLII
1685
MMLXXII
369
MMMDCCLXXXII
331
1442
2845
MMMCMII
2653
24
2699
381
3448
MMMDCC
MDCXXXVIII
215
1958
1054
MMDCCCLXXVI
MMCXXXV
LI
MCCCXXXV
379
3013
1918
796
DCXCVI
2482
2638
MCCCLXI
3107
3149
2339
MMMCMLX
MMMDCCXVII
MMMCMLXV
3391
DCXXXVI
2030
299
2692
3450
198
MMMCVI
MMMDCXXXVII
MMMCMIII
3684
199
871
MXX
MMDXXVIII
3282
451
1075
MMMCMIX
MMMCMLXIX
DXXXIX
3078
MMMDCXXXI
138
2788
MMMDCCIII
MMCCXXXV
1992
MMDCCXLV
MCMXLIX
3002
MCXIII
356
MMDCCCXCVII
MMMCMXLIX
876
MMMCCCI
3007
MCCXXVIII
950
3414
MMCCXVII
DXCIX
1681
3158
MMMDCCXII
MDCCLXXXIII
219
3236
MMCCXII
DCCCXC
3360
MMCCXLVII
MMCDXLIII
MMMDLXV
3653
2342
MMMDCVI
MMMDCCCXCVIII
MMMCDXXX
3353
2671
MDII
DCCCLIX
2277
2174
171
MMMDLXVII
MMMCDXLIII
1914
169
MMMCCLXXXV
1387
MMCMX
MMCXCI
MCCXIII
MMDCCXCVII
2841
1432
3044
3856
1559
MCLXXII
MMDCLXXXIII
1781
DCXXVIII
MMCCXCIV
1147
MCCLXXIV
MMMCDXCVI
483
3359
MDCCCLXVIII
DCLIII
MMMCCXXIII
3593
2961
MMMCCLVII
CCXII
MMMCCCXCV
3405
1790
MMMCDLXXV
1417
DXXXIV
3813
MMDCXLII
XXXII
MMMXXX
MMCXXXVII
MCCCXXXVI
XC
MMCCLXX
2052
2231
MMCDLXXVII
3449
MMMCMI
MMMDCLXVI
LXVI
MMMDCCXXXV
3999
MMMDXX
MDXCII
CDV
2346
2975
CCCXL
2722
3312
MCCCLXXII
MCCXLI
1077
2743
3389
DLXVIII
MMCLI
MMCMIV
900
3325
1465
3459
MMMDCXLVI
2537
1092
2078
371
2985
3387
MCCCLI
2920
MMCCXXI
CLX
CDXII
1572
472
1358
MMMCCXI
3476
DCCCXC
2161
1825
CCCLXXI
3909
DL
MMCCCLXXIV
MMCDLXXVII
MMMCML
3844
MCCLXXXV
266
MMCCXC
218
1795
MLXIII
2033
MMMDCCCLXXXIX
3033
MCLXXIV
3694
3595
3663
MMCCCLXXV
CCCLXIV
CXXV
1896
MLXXXIII
3109
CLXIX
CMLXIX
3464
3626
DCXXXIII
MCCI
1390
2940
MMMDCCCLIX
1687
MDCXXI
CMLVI
1432
MDLXXXIV
MCDXCI
MDCCC
1782
698
MMMCCXIX
DCCXLV
DXXXVIII
CI
1365
134
MDCCCXXIX
879
2121
2000
MMCLXIV
MXL
CDVIII
1394
804
2015
MMMCCCLXVII
MCCCI
1457
1145
MMMCCCXX
MDLIX
2443
MMMCMIII
2556
3068
2002
871
MMCXCII
MDCXXXVIII
MCCCXXIX
MMMDCCCXXXV
1029
2958
95
MMDXXX
DCCCXCVI
991
305
2391
3907
1867
MDCXXXII
2435
1799
MCXC
MMDCLXI
MMMLXXXIII
3529
CCLIII
1345
2200
373
MDCLXVII
1209
MMMCCLXXXVI
DCCCXCIX
CMLXXV
MMMCCLXXIII
630
3479
MMMCCXI
MDCCLXXIX
MMCCCLV
CCCLX
MMMLXXXIII
1863
MCCCLXXXVIII
2508
MMMDCCCXXXIII
DCCCLXXV
MI
CDLXXXIII
MVIII
1452
MMMDCCCLVI
1756
770
MMCCLXXX
MLXXXIV
MMMDIII
MMCMXXXVI
MMMDCXXIX
2473
587
MMCCXC
MMCCCLXXXIV
1561
MCMXXXIII
3062
2875
MCCIX
MCMLVI
DCIV
2216
CLXIII
3981
793
MMMXIX
CDLII
MMDCCCLXXIV
MMMDCCCXLVII
DCCCLXV
1077
MMDCCXXI
MDCCXIV
1850
1721
MCDLXXX
MMCMLXXXIV
MDLVII
MMCCCXXIV
MMMCDXVIII
588
3108
303
2447
MCCCI
3244
MMMDCCXXVII
1756
2121
MCLXXVIII
MMMDL
2349
1156
CLXIX
1774
MMCXLII
MMCMV
3491
2903
3707
3570
MMCLXXVIII
3625
3758
3158
837
2712
3652
3303
MMMLXXXIII
1937
MCXLVII
1110
845
MMMCCXCIII
3377
MMDXX
MCMLIX
MDXCII
MDCLXIV
1593
DCCCLXII
1937
963
3402
MDCCXX
MMMCDXLVIII
MMMDCCCLXXXVI
1532
MMMCCLXXXVI
MDCCCXXVII
MMCCLII
CLIII
2276
2220
MMDCCCXC
621
MMDCCCXVI
MMDXCVI
3616
313
3647
407
MMMCDXXXII
MDXIII
2873
MMCCXCIV
605
177
3260
MDCLXVI
3927
3432
3699
1080
2055
MMDCCCXXXVIII
MCCCIV
MMMCMLXIII
2476
712
MCDLXXVI
MCCCXVI
1987
2220
1318
1351
MMMCCCLXI
3195
1913
2358
CLXXXI
2434
MMCMLI
MMMCCLXXXV
MMDLIX
1206
2316
CDLXXI
3554
MMDCCCLXXI
3015
MMMCDXCVI
2827
1344
3748
1912
1045
616
MMMDCXXIV
MDLX
1384
MMMXVIII
1666
137
MXC
MCDLXXII
MMLXII
MMDCCXXIII
2489
3294
MMXXX
DCCCXXIII
MMMDCCLXXII
MCMLI
44
235
1870
MCCXLVIII
MMLXVI
CCLXXVIII
3528
MMDCCCXX
853
706
860
2164
1618
MMIV
MMMDCXIX
574
391
2048
2583
2643
2253
CDLXXXV
3807
269
DL
3814
2625
2260
84
307
MCDLXXIII
3362
CXXVII
MMCMXXI
MDCCXV
MMCCXLVIII
3567
MMMDLXXXI
2049
DCV
MMCMXXIX
DCCC
1550
3199
MMCCLVI
1888
619
231
MMMCCCXLVIII
MCDXCI
CXVI
264
2257
1679
MMDCCCV
3385
CDXXXIII
MMIII
DCLXXX
MMCXCI
216
1323
MMDLXXVII
MMXXVI
MMMCXXXIV
MMMCMX
1323
MCMXVI
CLXXXV
MDCCCX
1926
MMMDCCLXXXV
MMCMIV
1765
2213
1808
3046
1895
1845
3937
1539
2158
3096
2353
MDCCCLXVI
3579
DI
DCLXVIII
3764
341
2520
DCCLXXXII
MMMDCXXXVI
3739
MDCCXV
2189
63
2756
2620
2805
DCCCLXXVII
MMMXXII
MMXXXVI
179
890
CDLXIII
XCVII
2235
MDXCIX
338
MMMDCCCVI
CCLXXV
MCDLXIII
1584
3951
MMDL
MMMCCLXXXIV
MMMCCLXXVIII
1768
MDCLXX
3497
3544
MMMCCXCII
110
MMCMXVII
MCXXXV
2842
621
3908
MMMDCCXVI
MMDCLXXVIII
DCCV
CDXXIII
MCDLXXXVI
3705
MMMCMLVII
MMDCCXCV
DCCCXCI
3078
3730
MMMDCLXXXIV
973
3591
MCMXLII
1962
3137
MDCCLX
2141
570
2347
MMMCCCLVI
1468
68
445
2917
81
735
3562
MMCCLIX
MDCCXL
MMMXXIV
MMCXXXI
1415
3574
MCDLXXXVIII
MMMDLXVI
MCCLXXXII
MMCCLXXII
694
1585
558
2539
3688
3939
CLVIII
DCLXXVIII
3533
3196
MCCLXXIV
2602
2034
1550
MMCXCI
MDCCCLXI
MMMLXXVI
MMXXXVI
2099
1702
CXX
574
MCCCLXXV
CLXXIX
MMMDXXXIII
CDXXXI
656
247
DCCXXXVI
797
2383
425
XLIX
656
3818
2586
MMCXCVIII
MDCCCLIX
3519
1773
141
2224
3733
MMCCLXXXIV
MMMDCXXXIX
MCCCXLII
1049
2444
825
MMDCXCVII
3772
1503
1343
3496
CMV
2766
MDCCLXVIII
3502
MMMDCLVIII
1865
MMMLXXI
MMDCCCXLI
3897
387
2592
1173
3957
MMMDCXLIII
MMMDCCLXXXI
3091
MMMCDLXIX
MMDCXLVI
MMMCCI
3133
2991
MCCLXXXIII
MMMCIII
MMDXXIX
CXVIII
355
DCCCXCVIII
3523
DCCCLX
MDIX
2196
DCCCXXVI
DLXXXII
CMLXXVI
MMDXLII
LIII
2014
2989
3215
DLXXIX
287
3740
MMXCVII
MMMCD
MCLXXVII
MDXXIX
CDLXXIII
MMDCCCVIII
25
2400
3845
MMMDXCVI
DCCI
1257
632
1990
2870
1445
2713
MMMCMI
MMCMIII
MXIII
125
MCCCLXVII
1803
2767
3030
MDCCCIV
451
3860
MCCV
3915
562
2704
CCCLXXIV
CLXXXIX
2194
MDCCCXIII
2806
MMCCCXCIX
MMDCCX
MDCCCLIII
1419
MCMLXXXVIII
2020
MCCCXXXV
665
MMCDIX
MMMDXXXVI
403
3826
3786
MMCC
MMMDCCCLIV
2618
CXCIX
3705
2045
MCLXXXVII
MMDCCCLXVI
1771
CMXCVI
MMMCMLXXXIII
MCCXLI
121
2459
2701
3134
3351
MMMDCCVI
DCCCXVIII
3741
MMMCDXXXIII
MDCXIV
MMDCCXXXVI
3780
MCCCXXXVIII
MMCCCXLVI
1516
MCDXCV
MMDCCCXVII
MMMCCLVIII
3136
2046
1175
1866
3982
MDCCXLVIII
MMDCCCLXX
MMMDCCCLXXVIII
1427
MDCLXXIII
MMDCCLI
1779
2166
MDCCCLXXIII
470
MMLXXVIII
CCCLXXXIII
MMDCLXXIX
3090
3870
3408
865
1910
2340
244
MMCMLX
2395
CCCLXII
MMMDLI
MMMCCXXV
1889
MCCCXV
277
1121
2978
3522
MDCCLXIX
1972
MDXCVIII
MMDCCCLXXXVI
MMMDCCCXVII
1493
CLVI
1094
2784
MMMCCCXCVIII
MMDCCCLXXIV
MMMCCLXXVII
408
MMMDXVI
180
MMCMLI
3149
MCXIV
3547
3934
1778
3223
3744
804
1634
3281
1373
2384
DCCCLX
MMCDVII
2528
MDCV
DLXXIV
DCCCLXXII
MMDLVIII
2147
187
DCCV
DCXCI
2491
MMCMXLVII
3817
MMDLXIX
17
XXII
552
1910
MMDCCLXXVII
2865
2821
1788
MCLXXXVI
3639
MLXVII
67
2966
MMCCCXXIV
MCCCLIV
74
MMMDXII
2788
MDCCCXIV
278
1344
MMDCCLXXXIII
MMMDCXIX
543
CLVI
MMMXXXIX
MMMDCXCIII
MMCCCLXVII
MMMDXV
MMCXXV
3900
2730
MMCCCXXVIII
MMMCML
3838
MMDLXXV
2774
CLXXXVII
3324
485
MMCDLXIII
DCCCXXXVII
DCCLXVIII
3417
1998
1399
MLV
3218
2101
543
1817
MXCII
127
2956
2134
581
MMCMXLVII
MMCCCXXI
MMMCCCLXXXVIII
MMDCXXV
MMDCCXC
MCMLXV
2609
580
MMMCXLII
MCCCXLII
948
MMCDXV
MCCCVI
MMCLXXXVIII
2838
DCLXXXVII
MMMCDXXIII
763
286
MDCCCLXXXVII
2575
494
CCXXXIX
MMCDLXXXVIII
2278
MLXXIII
DCCCXX
MDCXLVII
239
MCDL
MXLV
3588
3800
3922
904
LI
1262
MMDCLXVII
3101
1492
MMXXXV
MDCCCLXXVI
1008
CDLXXXI
3045
MMMDCLXXXV
2915
1896
1192
1853
93
DCCXXI
3554
2916
3260
2061
3375
2725
CDXCIV
MCIII
3969
3600
660
3968
MMDXXXII
3210
MDCLXIII
3730
3081
CCCLXVIII
MMMDCLXVIII
533
MMMDLX
1840
2969
DLXXVI
1703
MMMDLXX
MMMDCCCLXVI
3173
MMMDCCCLXXVII
160
MMMXCVIII
MMDXLIII
2358
2425
3995
DCCCXXXII
MDIX
XVI
MMMCDLXXIX
1331
CMXLI
277
MMMCCLI
MMCMLX
1260
MDCXXXVIII
4
3992
2876
DCCCXXXV
1184
MMDCCLXXVI
1099
1162
MMCMXIX
CMXXXVII
MMCCCXCVIII
MMCMIX
1715
MCLXXXVI
1402
DCCCLXXI
MMLIII
3547
MCMXXII
3113
2629
2183
2948
2545
MMMCXLIII
986
MMMCCLV
1917
749
MMMXLVI
MMDCCXCI
MMMCCCXXXIX
MMCCLXXIII
3497
780
MCDLXVIII
1422
MMDCCCXVIII
1304
DXXXIV
2520
MMCCCLXXX
MMDXXIX
3435
MDCLI
566
690
2964
DCCXLV
MMCMLXXXIII
MMCCXCIV
DCCXLIII
2583
MCCCXXIII
3442
1333
887
MMMCCLIII
MMMCCXXX
MMMDCXCIX
DLXXXII
MMCXXXIV
683
3924
124
382
MCCCXXVI
MMMDXCIII
3216
3966
2452
2755
MDCCCIV
MMMDCXIII
1314
MMMCMLXXXII
MMLI
2898
2527
2898
MCCLXIX
3068
2014
1351
3735
3250
MCCCIII
1771
3108
884
2514
MMDXXI
MMCCXCVII
45
1845
MCCXVI
MMCCIX
MMMDCXXVII
MMCCLXI
MMCCCXV
DCCCXL
MMCIV
DCLXXXIX
CCLXX
1805
MMMCCLXIX
MMDLXXXIX
MDLXI
1305
MDCLXXVIII
3875
CMLXVII
502
1278
3093
MMCCCXXXI
MMMCLXXXIV
MMMCCXVI
3503
MMCDV
284
3573
2408
3858
MDCCXC
237
2856
DCCLVII
3679
MCCLXXI
3238
656
MMDCCCXLII
MMMCCXC
590
194
CLXIII
CMXXXVIII
2615
1652
MCMLXVII
2824
3237
3631
MDCXII
MCDLXX
MDXC
3726
2743
MDCCCLXXIII
3611
MMMDLIX
3995
2115
2734
3947
MMMDCCVII
60
MMCLXI
3309
2804
2347
841
3428
MMMCXXIII
MMDXC
DCCLXI
3601
3285
526
2403
MCDXCV
MMMCMXII
207
MMMCCXXVIII
1653
MMDCCXXII
1876
3588
MMMCCLXXXIV
MMDCCXXVII
MMCMI
745
1887
2859
MMDCXXIX
1575
1974
MMDLXIII
3522
249
MMIX
2982
3857
MMMDCCCXCVII
2032
3296
MCDXXXI
3678
138
2993
MMMCDLXXX
3238
3228
MMCXXXVIII
MMMDCLXXXVI
MDCCXXXVIII
MMCDXLVII
1172
1325
1589
DCCXXVII
MMMCDLXXII
235
3486
2419
CCLXXII
MMMCLXXVII
MMMDCLVIII
MMMCDLXIX
MMCDLXXX
MMMCDLXXXVII
MMMDCLXI
2631
617
MMDX
2587
2779
1241
MMCCCLXXX
2060
MMDCCCIX
351
1134
MMMDCCXL
MMMCCCLXXXI
3233
DCXCVII
DCXCIX
MMCXVI
MMMLXXIV
MMCMLXXXIX
2693
MMIV
MCCXLIX
3435
1153
MMMDXIV
3754
2552
MMDCXC
CMLXXVIII
MMCCIV
MMDCCIX
1691
1655
MMMDCCXLIII
1348
2371
1980
MCXXIX
MDCCXLV
MMMCMXXIII
XCVI
MCCLXVI
3170
MCMXXXIII
2038
MLXXII
MMLXXXV
MMMCCCI
MMMDCCCXLIII
549
CCLXI
2563
MMDVIII
2958
1426
CCXCIX
MCCCLIX
3009
489
3138
3620
CCCXCIV
MMMDLXXXI
MMDCCCLXVI
2332
1272
MCLXXV
257
MMCMLXXXI
2226
MMMDLIII
MMMCCCXVI
1598
CDXXII
MCCLI
1860
MMDCCLXXI
MMDCCCLXX
MMMDXCII
2763
MMXXVII
3149
DCXXII
870
3996
MMCXXXII
CCLXXII
2295
MMCDXCIII
CCXXXVII
CDLXV
3384
2117
201
MMMDCCCLXXVIII
CMXCVIII
MMMDCCLIX
MMDCCCLXIV
MMCCLXXXI
1503
2579
3431
20
MMMDXXXV
MMMDCCCXXXVII
3527
MCII
CCIV
MMMDCCCI
3337
MXC
1421
189
1053
MMMXCIX
184
MMDCLXXXV
3775
DCCI
2793
MMMCDXLIV
XXVIII
MDCCII
251
XXVI
264
2975
MMDCXCIX
953
1562
MMCCLXXXII
MDCCXXVIII
3193
1147
3985
DXXIX
2637
391
1748
2700
MMCCXCVI
966
MMMCCCXXXIII
3447
MMMDCLXXIX
2687
MMDCCCXXI
2343
2858
MMDXLII
2442
MCVII
DCCCLXXVII
2014
MDCCXXXIV
1461
3912
MMMDCCLXXXVIII
MDCXXVII
DLI
MMCCLXXVII
326
1265
MDLXXX
1990
MDCCCXII
MMDXXVI
DCCII
1438
MMMCCLXXI
2090
MCCCXC
MMMXCIX
2902
DCCV
MCCXCII
3881
CDLXXXII
MCMLXXVI
3338
181
1399
MCCCXXXVII
MMCMLVIII
3205
MMDCXI
772
MMMCMLXXXIX
CLXXVII
MMCDLXI
MMMCMVI
1615
3970
582
MMMCCCI
954
158
MMMCLXXVII
MCDXLIII
1968
MMMCCCXV
MMCLXXIII
DCXII
MCMXLI
MMMDCCLI
MMCMXI
DCXLII
MMMCXXV
3058
2972
CMLXXII
273
MCMLXXXII
280
228
399
MCCCXXVII
307
CDVII
2934
3964
MCDXXXVI
2224
MMMDXCIX
MMLXXVII
203
MMDCCCLXXII
MMXXIII
MCLVIII
264
1211
MMCCCXLI
MMDCLXXVIII
MDXCI
DCLXXXII
643
CDLXXXIV
MMDCCXVII
LI
2561
269
MMMCDXLVIII
3603
3588
3395
CLXIV
3056
MMDCCLXXXIII
MMMDCCCL
MMCCXXXI
2576
MXXVI
MMMDCCCIII
2870
DCCLXXIV
1873
3804
DCCXCVI
DCXXXIV
MMMDCCXLII
MDCIV
MDCCCXX
1192
3911
MMMDCCIII
2487
260
CDXLIX
2765
476
3803
3528
507
MMDCCLXXXIV
3366
MDCCCL
CMLXXXIV
1573
2701
418
MMMCCXVI
712
DCCCLXXXIX
MMMCCLXXXI
DCCCLXXXIV
3284
2705
909
3741
1853
MMCDXI
MMLXIX
3981
MDCCIV
CXXXV
514
1649
954
MCXLII
1423
MMCXLI
MMMDXXVII
MMMDVIII
2574
638
927
19
3177
1343
MMMCMXX
MMCCXXXVIII
DCCCLIX
2603
CCXXIV
2584
159
MMXXXVII
298
DCCCLXXXIII
MDLXII
MMDXIV
1770
MDLXXX
1992
3093
2735
3134
2135
MMCCXII
MMMDCCXXIII
MMLV
MMMCLXXVIII
1642
741
862
915
2375
CCCXXXI
2792
110
45
1157
1937
1632
MMMDCXXX
2457
2972
2598
3921
XI
MCMLXV
2791
MMMCCCLXXVII
2289
CDX
MMDXL
MMDCCCXXI
3650
761
758
MMMCXLVII
MMCCXI
MXLVI
2786
MCMXXXVI
2181
1976
LXI
MCLXXVI
3675
2530
CLIII
MMDC
826
CXXXV
MMDCCLXXII
1477
MMCCXLVII
2709
882
3854
1242
2972
MCCCLXXIX
2548
MMDCCLXXXIV
2226
3264
3472
CCLXXXV
CMLXXIX
CCLXII
MMMDCCCX
533
MDCLIX
DXII
DCXIX
CDLXXXI
CCXLIV
15
3782
DCCXXXIII
3901
3529
2482
MCDXVI
3474
2505
MMMDCLXXV
3264
MMMCCCXXI
202
MMCCLXIX
3130
MDXVI
2028
441
MMMCMXCI
MMCDLXXXIII
1581
796
MMDCCXIII
MMCMXXXI
MDCCCLXXXIX
3049
MMMDLXXII
3616
1561
DCCXLIV
2252
MDCCCXXIV
MMMDXV
462
2650
555
302
1071
451
2692
MMMCDXLII
1319
629
3366
416
3940
CXLIII
145
3085
1633
655
MMDCXCIII
MCDXLVI
MMCLXVII
1676
CXVI
2607
2045
MDCXCVIII
MMDCXI
1513
1466
3841
3991
MMCMXX
616
717
1031
3711
577
XCIX
MMDV
3351
LXXXVII
2340
3197
CXCIX
2240
MDCCXCI
MMMDLVI
3760
MMCXLV
MCDLXXIV
3480
MCCCXCIV
2717
MMLXXXVIII
2984
3552
MCCCLIX
2319
2027
932
2587
3593
2861
3510
3474
1398
MMCXV
MMMDCCCII
CMLXXVII
1181
1379
MDIV
MMDXXV
3249
1324
MDXXXVIII
CCCXXXVII
MMCLXVI
3820
MMV
MCMXI
MMDCCCXCIV
87
162
841
MMMDLXXXVI
MMCMV
MMCLXXVII
808
MMMCMXLVII
1032
MDCCCV
XII
1349
1212
CDXXXI
CXV
3946
MMMCDLXXV
MDCCCXXIII
MMDCLXXIV
DCCLXXXIX
MMMCLXV
MCDLXV
LIX
MI
MCLXXIV
DCXXVII
275
MMDXLII
MMMCCCXCVIII
763
2866
1921
1942
3251
197
MMDCCCL
MMMDCCCIII
2949
2784
MDCCCLXXIV
3220
616
1338
MMMCCV
2002
MMMDCXV
1105
235
2054
MMMCDIX
2496
1008
2231
2380
CCLXXX
475
MMMDCXLII
1792
3664
3485
LVII
3571
MMMXXIX
109
MMMDCCCXIV
DCXXXI
MMMCII
502
1678
3390
MMMDXCVI
2934
MMMDCCIII
3466
MMDCLXXVI
MCCCLXVIII
MMDCCLXXIII
MMMCCLVI
1640
MMDCLXX
3066
900
1251
CCCLXVI
276
2042
3181
DCCII
813
3448
1861
608
2050
MMMDLIII
950
2282
2408
2862
MMMDCCCLXV
MMCCCXC
MMDCCCLXXXVII
2805
2517
MMDCXCV
3783
MCCCXXXVII
MMCCXC
2853
2361
128
3876
1807
2206
537
MMDCVII
1112
MCCXCIX
MCDI
MCMXLVI
MMMCMLI
MDX
1526
MMDCCXCVI
3223
MDCCLXVII
2261
MMDCLXXI
1669
MMMXXVIII
CMLXXXIII
3546
2499
MDCCCXXXIX
2184
1647
DCCLXI
312
MMMDXXVIII
MMMDCLVI
2675
MII
3782
2216
MMMDCCCXXVI
MMMCMXXXV
3003
1266
CDXXI
MMMDCXLIV
1800
MMMDXV
MMCDXXXIII
662
DCCLXII
MCDXXXIX
2789
3312
MLXXXIII
MMDCCCLIV
MMCCCXVI
3213
1775
1774
466
MMMDCCLXVI
DXXIV
2853
712
MCXLV
MMDCCXXVIII
MMDCCCXCVI
281
1834
995
1391
1479
1436
MMCCXCVIII
MXXVI
MMMCMLXIX
MDCCXL
1198
DCCIX
2732
2220
3334
MXCVIII
MMMDCCCLIV
CCXLIV
924
3233
MMMCCXLVII
3495
MMMDXIII
MMMCDXCIII
1043
MMMCMXLII
CMLIV
MMDCXVII
MDCCCVII
MMMDCCCXLIX
LIV
DCCXXXVIII
2823
2603
787
MMCCCXCII
126
1352
689
MMXLVIII
DCCLX
1680
2560
MMVII
1243
MDCCCXLVIII
DCXCVII
3567
1350
XCIV
MMMCIII
2288
MDCCCXC
517
3075
3058
DCLVIII
76
1026
MDCCCLXXIX
2587
1550
MMMDCVI
1813
MMMCDX
MCCLVII
MMDXIV
MMDCCCXXIV
MCMXL
MMMCXXXIV
MMMCXXXIII
MMMCCLXXXVIII
MMCCCLVI
43
709
2227
MMMDCCCLVI
MMCLXXIII
2188
MMMCDLXXIII
VI
MMMCCCXC
17
1970
MMMDCCLVI
2867
MMMXXXI
2714
1983
1090
189
1065
2722
280
2913
CCCLXXXVI
MDCV
MMMDCCCLXXX
MMMDCXXXVIII
MMDCLXXIV
3506
MMCDIX
833
2099
MMCXCI
2500
436
36
2031
3856
MMXXXIX
MDXLII
MMMCCCXIX
CCXCIV
CCXXXIV
2955
MXXIV
MMMDCCXLVII
2041
MMCLXXXIII
3164
MMMDCCXXX
MMMVIII
3304
1718
MMMDLIII
2044
MMCDXXIV
MCCCLXXVIII
CCLXXVII
1284
2563
1699
XLI
3228
3875
MMMDCVII
DCCXCVII
MMMCXV
345
625
MMIV
1630
MMCCLXXXVI
3070
MMMDCCVII
2903
MMMDCCLXXXIII
MDXXXVIII
MDCCLII
MMCXLII
2963
MMMCMLXX
MMDCCLIV
1878
MCCXXIX
320
MMMDCCXXXVI
248
195
1974
MMMCXCI
MMDXXXIX
1456
MCXC
MMCCXC
MCC
258
CCCXXVII
MMMDXVII
3304
1674
MMMDCCIII
MCDXXIV
MCCCVIII
MMCDLXXVII
MMXCVIII
255
MDCCCXC
826
MMMDCCCLXIV
1955
646
1532
2167
MMCCCLXVII
1537
3982
2735
3963
2826
CCCVI
314
MMXVI
1013
MMCCXVII
MCLIX
MCXLIX
MMCCCLII
3134
MMMDCCXCVII
MMCMIX
1805
MMMCXC
2659
MMCMXLVI
MDCCLXXVII
3724
1963
MDCCLXXII
MMMDCLXXIV
1697
MMMDCCLVI
206
MMMLVIII
MMMDCCCXCVII
332
2983
MIII
3267
MDCCCXXI
MMDCCXXXI
2338
3709
MDCCCXXVI
MMMCIV
DCCVII
MCMXCIV
3867
328
MCMXCVII
2418
3207
MMDCLXI
MMMDCCCXXXVIII
MMCLV
1288
102
1347
MMMCDXXV
MMCCI
CDXCI
MMCCCXX
2703
2313
MMDCLI
2401
3297
2729
CXCVIII
MMDLII
MMDCVII
MDLXXVIII
109
1979
MMMCMXXIX
3472
CMXXV
2546
MXXI
DCCCXXVI
2896
1040
MDCCCXXI
806
CCCXC
MCMLXIII
MDCCCXCIII
2573
2179
1180
3815
637
3707
1138
MMCCCLXVII
789
310
3144
1274
CXXXV
MMMDXLIV
MDXXII
3041
706
575
MXIII
2625
3715
3669
451
334
CXXXIII
MCCCXXXIV
21
1982
MMDXLIX
3961
2945
2578
XLV
2861
3070
MCCLII
MMMDCCCXXIV
MMMXLII
MMMDCLXXXVIII
837
MMDXI
DCCXXXVIII
1092
42
2856
MMDCCCXXXVIII
2399
1962
2693
3289
MCCLXXVII
3694
DCXLIV
MMMCXLIV
1903
2435
MMDCXV
1644
279
2097
MMMCXXXVIII
1176
CCLXXXIX
2811
293
MMCCXXIV
895
3731
3160
MMDCCCXIX
CCCLVII
MMDCCCI
1412
1150
1203
2742
LXXXIII
1140
2339
3476
212
DCXVII
2465
CCCLIII
61
MMMCLXVII
MMMDCCCLXXXVIII
MDCXXVIII
MMMCMLXXXVIII
1790
2080
MMXXVIII
1066
3955
1456
XIV
548
MLXXXV
3611
945
610
CLXXX
CDXC
2279
MMDCCLXIII
MMMXLVIII
986
1909
CCC
2371
LXIII
MMMCMXLVII
3902
214
789
2749
CCCXCVII
904
239
544
MMCDLI
MCML
3293
MMCXVIII
CMLXXXI
3954
MMMIX
647
3208
464
MDCXCVI
2079
MMMCCXXXVII
MMMCDVIII
3805
CMLI
2890
2607
MDCCCLXXVIII
MLX
MMMDXIX
MMCDLXXVI
270
MMXLV
2164
CCXXXIX
1202
CCLXIV
3459
MMMCCXIX
MMMDCCCLIV
XCII
CCCXCIII
MMCCCXI
2631
MMMXLIV
3456
59
1120
2391
MMDCCXXXVII
2783
1917
MCCCLXXXV
MMMDCCLXXXVI
CCXVIII
1928
1185
1721
MCCLXXXV
MMMCCCXXXV
3252
1753
XXVI
1746
1350
3733
3643
MMMDXXXII
2611
MMMCMLXXXI
CXXVIII
1772
MDCCCLXXXVII
530
2485
2140
MMCCXXXI
3184
2463
MMCCXXXV
874
MCDXI
269
3126
MMMXXX
547
3732
484
MMMCDXIX
744
MMCMXLIX
1949
1400
MMCCCLXXXIV
MDCCCXVIII
242
3272
1571
MMMCCCXII
1712
2005
CCCLXXVII
3552
MCCXCVI
2374
3781
1738
444
MLXII
2390
MMMXLIII
1747
601
MMDCCCLXXIV
CXCII
MMDCCCLV
37
2178
1997
CCCLXXVII
3016
3594
MMMCCCXXXII
CCXI
2436
MDXLII
2624
MMMCMLXXXVI
2731
MMMDCXCI
1774
3613
MDXXXVII
2396
2737
MDCCCXL
2020
2049
2689
3015
MMDCCCXII
MMCCCV
MDXXXVI
3938
DCCX
694
179
843
1940
2489
MMCXXXII
57
1947
MMDCLXIV
2332
MMCMLXXXI
795
3969
1031
3004
MMDCLXXIV
256
1174
3663
MMMCDXXXIX
MMCDL
MCCXLVII
269
1500
CXXII
MMCM
MMCCLXXXII
MMDXCVII
MMMCMXXII
MMDCCCXXXII
1188
MMMCMLXIV
1746
2863
1767
226
MMDCCLXXXI
2030
CCCXXXI
2120
MMMDCCCXCVI
2983
LXXIX
2762
2313
3361
680
1441
MMMCDXXV
735
1324
MMXXXVIII
1728
3641
839
MCCCXXXVII
1857
2621
1603
1529
176
DLXXXIII
864
775
2817
MMMDCXLVII
1624
MMMCCXXVIII
MXLV
1661
873
MMMCMXXXVIII
1415
MDXLII
3728
MMMDLXXII
DCLXVI
MDCCCLII
3830
MMMCMXC
MMCMXVII
1849
3948
CXI
370
2163
CDLXVII
MDCCLXXVIII
2338
1009
MDCXLI
MMMCXCI
665
2014
2153
DCCLXXVIII
276
795
MMMCLXX
2865
MCVII
MMMCCCLXIII
MMCCCVI
MMCCI
4
MMMDLXXXVIII
274
3468
MMMII
267
1831
1479
MMMCIX
CMXCIII
1511
CMLXV
MMMV
310
DCLXVIII
3516
MMCCCLI
DCLI
MMMCCCLXXIV
1734
1877
CCXXVII
MLXXXVII
1154
2184
MLVII
MXVI
MMMCCCXLVIII
MMMDCLX
MMMDCCLXI
MMCIX
CCXXV
2152
3087
MMCMXXIII
MCMLXXXIV
MMMDCXV
797
1089
3305
MMMCDXXXII
712
1378
2961
DLXXI
2039
MCLXII
2578
MMMCMLXXX
CDXLIII
3426
1609
MMCCXVI
MMMDCCCLX
MDXCI
MMDCCXXXIV
DCCXLVII
1411
MCDLXXXII
MMDCCCLXXIII
3253
XXVII
MMMDCCXXXIX
1450
1596
318
2184
3982
629
2855
MMDCLXXXIX
1499
MLXXXVIII
1878
2202
MMDLVIII
3912
MMCCCLXXIX
MMMCDLXIV
MMMDXXXII
1872
MMCLXIII
913
887
MMMDCCLXXXVI
3230
MMMDXXVII
MMMCMLXXXVIII
448
MMCDXCII
823
3933
MMCMLXX
MMMCXL
2400
155
3205
2110
MCCCLXIX
XXIX
CDXXXI
MDCXXXVII
MCXXII
DCCCXXXII
941
3134
MMMDCCCXCIV
LXXV
1515
MMCMVI
CMVII
MDCCCLXXVII
3965
3927
3679
MDCCCLXXVI
MMMVIII
MDCCCLXIX
1124
3746
3505
1657
147
3251
MCMLXXX
MMCCCLXXV
2392
CCCLII
354
1209
CDXLIX
2795
MCDLXI
MMMXLI
CMXCII
601
686
3964
MMMXL
832
2159
1610
MMDLXII
MMMXLVII
CCCXLIV
826
2277
275
CCLXXXIX
2707
MMCLXXI
MCCCXVIII
MMMCXXXII
MMDCCCLIX
MCCXVIII
MDCCCLXI
770
1152
CXXV
MMMCXIV
456
1606
MDXCIV
MMCDXIV
MMMDC
3058
786
754
XXIX
326
MMCDLXVII
DCCCXXXIII
MMMCXCI
3184
517
3756
3510
MDCCCLXXVII
MMMDCCCLXXIV
1855
DXCII
MMCXXXIX
163
DCLIX
2944
CM
MMDCCLXXVII
963
CDIX
MMMDCCCLXXV
MMCCCII
886
MDXXVIII
1228
MMDLXXI
MCCCLXII
MCCXLIII
MMMDCCIII
MMMCLIV
135
MMMXLVII
CLXXXIV
MXLVIII
CCCXVI
3578
1821
MMCDLXXXII
2121
2230
3088
3478
CDLVIII
MXXII
MLXXXI
CXXIV
1964
608
3862
1008
3
MMMDLXX
681
MMCCLIX
2860
2024
2419
MMMCM
MMXXII
3488
3284
MMCDXLIV
DXXXIII
2950
2550
MCCCX
2567
3223
1659
1298
MMCCLXXXIII
539
414
CCXXIV
MCMLXVI
105
MDCCCXCVII
MMMXXIII
MMCCCLVIII
461
1989
3755
MMDCCCXXXIV
MDCCCVI
3651
CDVI
MMMCCCXXI
MCLX
3470
MMMCCXXXIII
3127
MDCCCXXXVI
MDXVII
3536
1287
MMMCCCXVII
CLXXVII
1804
3901
MMMDCVIII
455
MXXVIII
MCI
2240
3612
2526
MDCXLIII
1623
3108
MCLV
CD
2832
MCCCV
3952
MMMDCCXCIII
2327
1411
1566
2863
MMCCLXXVII
MMCCCLXXII
1380
MMMI
DCXLI
LXXXVII
1911
MMDCCCXXXIV
MMXLVI
2716
MMMLXXVI
MMDCLXVIII
3453
3240
1348
MMCLVII
MMMCDVII
MCCXLIV
1360
2128
3329
MMDCCXXX
MLXXXIX
1522
2021
MDXVI
MMMDCLXVI
2481
1403
MCDLXXXII
MIX
MDCCCLX
2505
MCCCXC
19
3875
MMCXLIV
MMCVIII
MDXLVII
DCCCXV
609
MMDCCLXXXVII
MDCCXLI
MMDXCVII
MCLXXIX
DCLVII
MDCCXC
3194
MMMDCCCXXXI
2947
MCXCIV
MCCXXI
2495
MDCCIV
MMMCMLXVII
MMCMLXXIV
MXLIX
MCLIV
DXXXVII
3623
DCCCLXXIII
MMMCDXCIX
1992
MMMCI
1096
MMDLVII
MMMDCCIX
MMMDCCCXIV
3078
1178
3228
DLXXXVII
MMDXLVIII
3268
CCLXXXVII
CMLVI
1530
MDCLXVIII
1372
1195
1181
MMMCDIX
DCCXV
MMMCDXIII
MMCCCLXXX
MCXCIX
MMXXXI
MCLIV
DL
MMMCMIX
2713
MMMDLXIV
MCCCLXVIII
1695
CXCIX
2118
MMMCMLIII
2515
MMMCCXCVI
MCMXLVIII
2713
MMMCCCLI
1307
3377
1041
MDCCVII
MMMCDXXXVII
MDLXXVIII
2370
380
158
3717
MCMXII
MCCLVII
2889
MMCDLXXIV
DLXXX
1314
MMDVII
1482
MMDCCCLXIV
1595
2696
2640
MDLXXIV
1899
673
3604
MMDCLXX
DXXXIII
MMCCCLXXIX
MMMDCCXCVII
2754
1235
2446
2956
3444
MMCDXCIII
3299
3593
496
MCXLIII
1765
CDXXIII
MLXXXIV
63
2656
DCCCLXV
1638
3934
MMXXVI
3784
3893
DLXXX
1324
2572
DCXL
MDCLXXXVIII
865
MMCMXCIV
463
MMDCCXXVIII
XC
1799
DC
MMMDCLXXV
281
991
449
593
310
CLXVIII
MMCDXXVII
MMMCMLXX
3826
3012
MCMXXXIII
MDCCCXCIX
MXXXIX
MMMDCLXIII
1122
3373
MCCLXXIV
2583
MMCCLIX
CCVI
3858
3598
451
CX
MMMDCLXXXI
MMMCML
MMMCXXI
MDCL
951
3926
3172
MDXLVI
MMMCCCXXX
629
1353
3876
MMMDCCCXXIV
MMMDXLVII
1098
1392
3816
1120
DXIV
MMMCCVI
3681
CXCIV
398
597
MCCCLXXXII
MMMDXLIV
2834
MMDCCXL
CCXLIX
MMDCCXXXVIII
CDXVI
MMMCV
3535
MMMDVII
3811
MMCMLXIII
MDCXXV
MMCMLV
MMCCLXXVIII
3540
MMMDCXXXVIII
1929
1787
MMXL
MMMDCLIII
MDCLXXXIII
MMMDXLV
2514
MMCCLXXIX
1807
MDCCXCVIII
2086
DLVII
MMMCMLVII
MMCDXLVII
MDCXVIII
1160
MCMXCIII
MMMV
MCMXXXVII
2227
MDCXCIV
1821
1015
MMMCMXCVIII
CCL
987
3177
CMXXIX
2761
MCMXCII
2256
2399
MMMCXXV
1951
1491
3621
MMMIX
1996
MMMXIV
MMCDXXXII
LXXVIII
2946
MCCLVII
CCCLXIX
1397
999
1258
MDCCXCIII
DXLVIII
DCCLXIII
3180
2589
MMCCXL
MDXXIX
224
3593
1084
1879
3869
2928
835
45
2144
MMDCLXXXIV
MMXLVIII
MMDCCLXXIX
1420
MMDCCLXXXIII
1950
3710
CCIII
MXIII
MMMDXVI
2747
MIII
MDXCII
1307
MMDCCXXXVII
MXVII
DCCCXXXVIII
MMDXXIII
MMMCDXLVI
MMMDCI
XV
MMMDCCCV
MMMCMXXXVII
946
1938
2831
MMMCMXXXIII
MMMCCX
CCCXLVII
2906
MMCDLVII
3304
MMMCDLXXXIX
MMDXXVIII
1912
2528
1310
596
1056
2910
2450
1074
3381
2854
MDCCLXX
MMMCCCXXIV
1651
MLXIII
609
MCXLIX
CDLXIV
2264
MMDXV
MMMCMVIII
CDLVIII
DCCCIV
MDCCLXXI
MMCCCXCII
MDLXVI
CCLIX
695
CDIX
MDCCCXCIX
3301
2070
MMCCXLIV
1713
3478
1089
CCCIX
CLXVIII
2166
2203
1876
1005
DXCV
MMDCCXCIII
3014
MXXXV
MCCLXXV
13
MDCXIX
86
2496
MMMXII
3383
2144
3782
CM
MMCDVII
MMMCDXCVI
3824
CCLXX
MMMDCCCLXVIII
MMXXVII
3425
1270
2008
CCCLXVIII
1226
MMMXCIV
MMMXXIX
1003
MMCCXXXV
MCDLXXXVII
MCXCVII
375
MCMXVIII
MDVII
2784
MMMDLVIII
195
MLXXXV
2470
MMMCMXI
3353
1097
MMDCCCXCVIII
DCCXXXIII
2521
1098
3004
MMCXL
MMDCXCIV
2110
1612
3382
MCXCII
3152
MMMXL
MMCCLXXXVI
1284
XXIV
CMXIV
2316
3627
126
MMMCCIV
2414
248
MMCMLXXIV
3050
DXXVIII
LIV
1299
CCLXXV
MMMCXXXV
MDCLXXXIV
1195
MMMCCCLXXXVII
809
MCDLXXVI
2060
MMDCCCXXII
3053
MMMXVI
1481
MMCDLXX
619
CDLXX
2792
MCCCXXII
1707
MMDXVI
MCMXXVIII
MMDCCX
MMMCCCXXI
CDVIII
MCDXCIX
MDCCCXCIII
MMMDCCXCVI
MDCXCVII
CMLXVII
DCXLVI
2568
1294
MMMCCCXXI
3753
DCCCXLIV
644
MMMCCCL
MMMCXII
2984
3530
679
3317
CCCXXXII
1983
DCCXXXVI
MMCCXXXII
3284
MMMDCCLXXXV
MMCMLXVIII
MMXCVII
829
MMXLV
1077
3322
MMMDLXI
MDXXIV
1705
MCCXXI
3302
MMCLXXVIII
99
1443
CXIII
MDLI
MMMCCV
1157
3508
MMLXXXII
3108
1933
2925
MMMLXXVIII
1014
1769
MCDLXV
2031
MMM
1824
CXXXVI
MMMDCLXXVI
CMXXXII
MMMDXX
312
812
502
3429
1237
1187
CLXX
MCCCLIII
MMMCCXXXIV
MCLX
2759
3586
XXV
1252
3379
897
901
MDCCXXIV
1721
MMDCC
MMMCDXLIII
MMMCDXXXVIII
MMMDCXIX
CDIII
2510
MMXXVI
2257
MMMDCCXVI
1365
MMMCCXXXIII
CMXXXV
MDXVI
MMMDLXVI
849
826
MDCCCLXXII
DCCCLXXVII
3611
MMMCCCLXII
MDCCLXX
MMDLV
877
2348
62
3654
MDCLXXIII
3937
322
MMCMXCIX
MMCLXXXV
157
2958
1789
LXI
2011
1377
3972
MCXXX
MMDCCLXXXII
CMXXI
CCCIV
DCCXLVIII
LXXXV
1873
MMMCCCII
241
MDCCLXX
MMDCCXXXIII
MMDCCCLIV
DCVII
MCCXLIX
76
2022
3746
MMDCCCLV
2601
LXIX
2280
MMMLXXIII
2821
1067
1196
1577
MCMXXXVI
3380
MMDCLXXIII
MDXXV
XCII
1367
MDCLX
1249
MMMDXXII
MMMDXCI
641
3135
3543
XXXV
DXXI
2868
2215
862
1592
1118
MMCMLXXIX
MMDCCLXXXVIII
3979
MMMDLXVII
2458
DLXVI
CCCXLIV
MDCXXXI
MMCLXXII
3166
MMCLXXXIX
3311
235
1737
3636
3755
CMXL
1417
3626
1365
3123
MMMCCCLXVI
MMDXLIII
MMMDCCC
MMMCCXLII
1488
1818
12
3058
MDCCVIII
MMMDCXCVII
2446
649
MCCVI
DCLXVI
2153
MMMDCCXXXV
MMMCDXXV
MMCMLXXI
2206
1373
1832
MMDCCCLXV
CCCLXXVI
2448
MMDCCXCII
MMMDCCXLIII
MMDCVI
3881
MDCCCLVII
MMDCCLXXVII
MDCXCV
3955
CMXLVIII
MCCCXLI
327
237
1632
1791
MDCCLXVI
269
1863
3535
CLXVII
MMDCCXXX
3928
MLVII
CDLXXXVIII
119
MMMDLVI
410
MMMCXXXIII
1703
CCCLXXXVII
CML
1061
MCLVIII
1322
2577
3024
3338
467
MMMCCCXCIII
3648
837
MCCCXXX
3562
CXIV
220
MMMXXIII
377
MDXII
3122
796
402
MCCCLXXXI
3926
MMDCCVI
2477
2113
1991
2120
MMCLXI
105
MMMCCLXXXIV
3233
1191
CCCXXXI
255
MMCCXXVIII
MMDCXXXVIII
2380
MMDCXXVI
1193
1255
CCCLXIX
376
2657
CMLXVII
MCLXXXVIII
LIV
MMDCCLXXXIII
1544
MMCDXXIV
1058
MMCCLXV
86
MCLXXXI
3553
MMMDXCVII
670
233
MMCMXVIII
305
MMMCLXXIII
MDCCCXLIII
DLXX
MDCCXCII
MMCCCLXXVIII
2610
MCCCXXIX
CCLXIII
2990
MMMDCXLIX
MMCM
MMCV
3658
184
MMDLXXXVI
122
MMMDCCXLVIII
635
3951
CLXXXI
3575
MMCCLXVI
MCCCLXXXIII
830
1187
2590
MCDXL
DLXXIV
1318
1439
MMMDXCVII
MMDCCXXXIV
3003
1225
3770
CCCVII
2216
720
3229
MMDXXXV
245
MCCCIII
1756
126
764
MMMDCCLXXXIII
2684
MMMDCCCVIII
MDCCCXXVIII
MMCCXXXV
MMDCCCLXIV
MMMCCLXXII
506
491
MMCXC
DCLXXVIII
MCCCXLVI
3306
MCCCXVII
602
MMCCLXXXIX
1820
MMMCLXVIII
MMCXLVII
3982
MMCXLVII
2011
CMLXXII
MMMCCXLVIII
185
510
3797
2525
MDCIV
3990
2971
MDCCXVII
516
MMCCXXXII
MCLXXXIV
MMDCXCVIII
MMMDCCLXXXII
MXLIV
3841
MMMCXXIV
757
1640
1634
MCXLII
1072
MCLXV
MCCCXXXI
CCXXXII
MMDCCCLXIV
MMMDCCXCIV
CCCLIII
1172
MCCCLI
2938
70
MDCCCXXXI
2391
LXXII
DCCCLXI
3624
3191
2969
DCLVIII
2553
23
MMMDCX
MMCMXLI
3321
MDCCCXIII
2174
2944
DCCCLXXXI
3709
MCMXLVIII
1709
CCLXXXVI
MMLXXIV
1276
MMMDCCCLXX
MCCLXIX
1123
1486
1181
988
CDXXIII
225
1761
MCLXXXI
MMDCCCLVII
MMMCD
2331
3966
94
MMMDCCXXXIII
518
MMMCLXXIII
DCCCXXI
MMMDCCCLXXXIV
MDCCCLXXIII
3835
748
MMCCCLII
DCCCLXXXIV
3440
258
438
3919
522
MMMDCCXCI
MLXXXIII
2884
1559
134
MMCCLI
CIX
388
811
1731
3306
2986
1541
DCLIV
MCCXXXV
MMMDCCLXXIV
MMMV
2917
MMMCCCXXVI
MMV
2458
MMDCCCIX
MMDCLXXXIV
DCCCLX
MMMDCCVII
MMMXXV
CCLXX
MMMXXXVII
MCCCXXVIII
3912
3522
2215
MMMCCCLXXXI
MCXXXIV
1376
3981
640
MCCVII
2443
CCXXXVIII
3328
MMDCCLXXIV
MMMDLII
CLXIV
2380
3065
2476
3890
2115
391
2759
3699
2143
MCDXXII
MMCLXXI
DCCLXXXII
CCIII
2082
MMDV
636
MXLIV
909
CLXVIII
MMXXXIX
XCVI
1813
DCXXXIV
MCDXL
MMMCCCXXXIV
MMMCCXXIX
CCLIX
DCXXXVIII
MMMCCLXXXI
370
1237
CCXL
MMMIV
MCCCVIII
1462
MMMCXXVII
3075
982
MMDCCLXXIV
CCLI
MDCCCLXXXVI
MMMCCCXXXIX
CCL
MMMDLXXXVI
2885
MMMXC
MMMCCCXXXII
935
CXVII
1592
1607
MMCMII
MLVIII
MMMXXXV
MMDCCCXXX
3287
MMMLXVI
2931
DLXXIV
3498
2358
MMMDXV
3954
MMMCCXXIV
3456
MDCIX
MMMCDLXXXIX
MMMDCCCLXXXVII
3382
MMDCCCXCIV
2509
MCMXXI
MMMDLXXVIII
1738
2301
1680
2065
2584
MMDCCLXVII
1684
2601
MMDCCCIX
3021
MCLXXIII
2955
3245
MMMDCXXXI
3544
1532
519
MMMDCCCLXXXV
2807
MCMXCVIII
2715
1551
CDXCVIII
MCLXXXII
MMDX
MMMCDLXXXIV
3737
MMMCCCXCII
MMCCCLXI
1500
2994
1367
MDCCLXXII
MMMDCCLXXXIII
MMMDCCXXXVI
LXIV
MMMDCCCXCVIII
1350
655
3876
2440
MMDXXVI
2291
MMMXXVIII
534
2054
599
MLXXIX
771
700
MMCMLXII
MMMCDXXX
MMDCXLII
MMMCMXCVIII
1803
MLXXVI
MCCCXXI
2461
MMMDCVII
1482
MMMCLXXII
3478
DCI
3804
2969
MMMCLXXV
2070
MMMCMXLIII
3204
3460
3866
1774
759
MDLX
MMDCCXLV
1802
2190
MMMDCIII
1623
MDCCCLXXVI
3077
2791
DCXXXVI
DCCCXLVIII
3313
MCXL
CCCXVIII
MMMCMXVIII
3655
MMMCMXXXVII
1896
2252
1978
1754
MCCXIV
1318
112
MMCDLXXVIII
MMMCMXC
CCCXXXVII
703
208
CMXCV
MMMDCXXXIII
211
2995
MCCXLII
MMDCCCXXXVIII
3204
451
2009
MMCCXVI
1815
CMIII
MDLXXIX
MMXXIX
MMDCXCVII
1408
510
3650
242
3044
MDCCCXXXIII
CCCLXIII
3428
MMDLXXXVI
3529
1208
1965
MMDXCVII
MMDCCCXXXVIII
MMDCLXVI
MMMLXII
2129
7
280
CCCLXX
3011
1815
2052
2604
MDLVII
DCCCLXIII
MMCCC
MCDXC
1037
MCCCXLIII
DCCXVIII
MMCDLVII
MII
3736
MMCCLXX
341
MMMXL
MLXXXVI
MMMDCLII
2864
MCLVIII
MMMCXCVIII
1577
CCX
2071
2710
796
2404
814
612
2942
MCDXIV
3535
2311
MCCLXI
2174
2423
MMXLVI
1797
2760
CCCLI
MMMDLXV
DCXLV
3798
3903
MMCCXIII
3134
880
1201
DXCIV
ML
MMCMLVI
MCCCXCV
MMDCCCXXXVII
MMMDLXX
2588
3380
MDCCCXXXII
CDXXVIII
MMXXVIII
1076
MMMDCCCLXXI
1034
MCCLIV
385
408
DLXVII
1010
MMMCLXXXVI
MMMDCXCVIII
DII
MLXXXVI
1802
3908
2086
MMMDCCCXXXI
3618
XCI
1685
DCCCLXIX
802
MMMCDLXXI
397
3463
2986
2621
3977
2793
MMMCXC
921
MMMDCCCLXII
MDCCXIII
467
3146
1593
MDCXXVII
1308
MCCCL
DCCXLVIII
CCXXII
DCCXIV
1159
DCCCXXXIII
MMMDCCCLXXIV
MMLXXIII
2668
829
1857
632
MMXXV
DLXX
MMDCCCXLVII
3526
MCCCLXXXI
MCVI
365
MDCXXI
1186
CCLXXXI
MMDCCCXL
MMCXLIV
3957
207
MDCCLXVI
2246
MMMDCXXII
3818
MCMXLII
1232
3707
MMCCXLIV
2440
3786
MDXL
MMMCMLXII
MCDLXII
XXXVII
MMCCLXXIX
MIII
356
MCDXCVI
354
858
MMMXIV
1269
MLX
MCCCLXXXIII
CCCXLIV
1682
1469
MXIX
1020
56
3902
MMMDCCCXXXVI
1133
910
3095
2544
1110
DLXXV
1990
MMMDCCCXCII
55
3033
14
MMMCDXXI
MDCCLXI
2045
760
1553
MCMLXXXIV
MMDCCCLXXXVIII
3001
MDCLXXXVII
MMMDCCLXXXVI
MMMDCCCLXXXVII
XXXIX
DCLXVI
MMMDCCCXXXI
DXCIV
3819
3950
DCCLXXXIV
MMMXLI
1447
2975
3435
XIII
DXCVII
MMMCDLIV
MMCMXXXVI
889
2464
MCXXVIII
DCCLIII
MMXXXIV
2532
CIII
DCC
3356
MMDXLVI
MMMCMXCVI
15
3183
616
3660
3505
966
CCVII
MDXIII
MMDCLXIX
MIX
MDCVII
MMMDCXXII
3415
1370
MMMLXI
MDCCXXVI
3710
3379
CCVII
CLXX
DCCCXII
2082
2266
3108
1829
3835
663
DV
944
MMMCDXLVIII
DCCLXXVI
2857
CCCVII
3629
MDXXXIII
1919
MMMCDLXXXIX
84
MMMDCCXLVII
2877
MLXXX
MMDCXX
2489
MMMCDXCVIII
1911
2755
1774
MMCCCXLVIII
MMMCDVIII
MXCVIII
MVIII
3681
3969
MMCDV
MCCXXIII
MMCDLXXVIII
MMMDCXXIII
2556
1114
MDCCCXXI
1413
3095
1395
XVI
MDCII
3501
CLXXXII
3016
MMMCCCXCVIII
2603
CXLIV
CCCLXIX
MDCCLXXIV
2434
MMMCLVI
MMCLXX
MCCXVIII
DCXCIV
1699
704
MMCDXI
DLX
MDCCCLXXIX
MDCCLXXXVII
CXLIV
DCCCLXXXVII
3628
1478
3205
XIX
MMCMLXXXIII
MMCXCIV
3921
MDCCCLXXVII
2623
MMXXXVI
MMMCLXVI
MMMCMLXVII
3806
DCXLVI
2988
1124
604
1262
470
CCXIV
MMCCLXXXVIII
3833
2565
MMMCLIX
MCDLXXV
MMCCCLXXVII
2055
2161
MMDCCLV
1085
3775
24
484
MDCCCXXXVIII
MMMCMXXXVI
2129
279
CMLXII
MCCIX
1876
3535
MMCDIV
MMMDII
1184
271
MMCXVII
2865
3019
MCCXLV
CDI
2004
2834
MCDXLIX
20
2949
MMMDCCCLV
MCDXII
MMCXLIV
1941
MCDLIII
CXLV
771
MCLXX
MMMCDLXVII
1735
1929
76
MMDCXCVII
792
MMMCCXII
2376
MMMCLXII
1643
MMDXCIX
2847
3603
MMMCCLXXXVIII
2970
2421
MMCMXLVIII
DXXIV
3742
CCLXXXIV
MMCMLXXII
MMMCCI
1498
MMDCCCXCVII
CDXXXV
MMCCCXVIII
3010
MMMCMXXV
3857
DLXXIX
MMCMLII
856
CLXXV
2555
3405
292
2192
MDCLIII
2359
CDXCI
3412
MMMCMLXVIII
CDLXVII
2011
3727
MDCCLXXIII
DCCCXXVII
2655
656
MMMDCLXXXIV
2228
2657
3317
2989
846
MDXCIV
MMDCCXIX
MMMLXXXIV
XCIII
CCXLI
3033
2381
MMDCCXVII
2036
1377
630
2589
MMMXCII
3291
MMMCCCLXVIII
3743
MMMCCCXLIX
MDCCCXLVIII
1847
2729
1555
CLXXI
DCCLXXXVIII
MCCCLXXXVIII
3829
3614
1523
1398
MMMCLXVI
CCCLV
1249
MCMV
CMXXVII
MMMCXVI
MMMCCCLXXXIV
3619
177
2551
60
1480
248
1045
MCLXXXVI
1863
MMMDCIX
MMCXLIII
2683
MMMDXLI
MMCDLXXII
MCCLXIV
MCMLXXXI
DCCCI
MMCDXI
1640
2308
2224
297
DCLXXIX
2788
MMCCLXXXVI
3490
MMMDCCCVII
3196
1948
2643
MMMVI
112
MMMDCXLVIII
MMMDLVI
1060
1311
2595
MMMCCLII
3002
140
MCDXCIX
2610
CMXL
MDCCCLXXXVIII
1599
MCMLIV
MMDXXX
MCDLII
2363
3607
MMCMXCIX
CCXCVIII
255
1525
DCCCLXIX
2929
2990
2591
1261
MCXCV
1284
130
1609
CCCLXXV
1376
MCDXCII
1500
196
3651
MMMCCLXXXIII
1595
MMLXXXI
DCXIV
MMCMXXXI
249
3795
MMCCXX
CDXLV
2831
3206
3206
2180
MMMCCCXIV
MMMCCXIV
832
MCCCV
MMLI
CXV
MDCCLIV
2218
MDCCCXXIV
3287
3143
1914
3451
CCVIII
MCCCXXIII
MCDVI
MCXCVIII
2797
2059
MCV
1513
2461
MMDCCLXIV
CCCXLIX
373
2642
3169
CCCVIII
2692
MCCXXXI
MMCCLXIX
MMCDVI
CCXVII
1749
598
1638
3287
2575
MDLXI
1352
MMMDCCCXLV
MMMDCCCXCVII
MDCXVII
MMCCXLI
3265
443
1061
2142
1942
MMMCCXXVII
680
MMMCDLXII
MMDXXII
2865
2279
1799
MCMXLII
MMMDLVI
875
3875
MMDCCCLIII
3472
888
MMDCXXXI
MDCCCLXXXIX
MMMXXII
MMMCIV
MMDCCCLXIV
162
423
3923
MDCCXXI
MDCCL
MMMCDLXXXV
DC
MMMDCXXI
1531
MMCVI
MDCCLXXXIII
2909
MCCCLXXI
3015
3558
1825
2374
3748
2659
3626
1192
MCDXC
228
937
MMMCCXI
DCLV
3379
2454
2277
976
3739
3837
MDCXVI
MMMCCCXI
MMDXCVIII
1394
184
MMMCCXCVII
DCLXV
MMXCIX
MCMLXXIII
MMMDCCCXVIII
1170
CCXCI
3790
1794
DX
MMDCCCLXVII
2537
1396
MMCX
2550
3306
752
3745
DCCLXVI
MMMCMXXXVI
2056
CCXXIV
3603
MCMVIII
DCCLXXVII
MMMCCCXXXIX
MDCXXII
MMDCCXXXVI
MMMCDV
1087
542
1005
MMMCDXXXVI
2156
454
1462
DCCX
3384
657
MDCCXVIII
3957
MMDCXLVII
MCCLXXXVII
1027
1567
MDCCXXIII
2229
CCXXIII
1645
3173
MMMDCCCV
MMDCCCXVIII
3613
MCDX
MMMDCCXLVIII
MMCMLXXVII
635
1055
DCLVIII
MMDCCLXXX
1353
MMMDCCCLXII
MMDCVIII
3959
320
1542
519
1130
240
CMXCVIII
MMMCCCLXXXIX
54
MMCDLIX
MCMLXXXI
2751
MMMDLXXIX
321
3862
2875
2897
DCCXXIV
DCLXXXV
MMMCCCLXXIII
CMLXXXII
MMDCCXXII
DCCCXLVI
CCLXII
576
1517
1445
2010
3457
3426
2976
2411
MMXXIV
CDXVI
DCXXXIX
MMMXXVII
3816
MDCLXXXIV
2622
24
MMMDII
MMMCCXX
CCCXLIX
MDCCXCVI
MCCIV
1669
MMCDXXV
2150
MCMLIV
1745
MMMCDXCII
3586
MMMCDXLII
3909
1506
192
MMDXXVII
MMMDCCXVII
MMMCCCXXIX
MMMCCCXCIV
MMCCXV
327
2661
DCCXXII
2751
MDCXXX
753
654
DXX
CMLXXV
MMMCCCLXXVII
1918
CCCXLIV
3817
MMMCCXV
MMCCCXLIV
3779
DCXVII
D
MMCCCXXI
81
341
MCDXCIV
2024
MDXIII
MDLXIV
MMDCCL
CCCXXXVIII
975
1101
MMDCCXXX
DCCCXXIV
MCXXXIX
DCXVIII
3312
2582
MMCMXCV
CXXXVI
DCXXII
3512
2996
MDCCCLXXX
MMMCMX
3251
DCCXLV
MMCDLI
CCCLXXXV
2205
MCCXXII
1264
CXXII
364
3376
MMCCLXXIX
MDXXXVIII
MDCCCXVII
MMCCLV
167
438
MMCLXXXVIII
825
MMMDCCCLXXVIII
MDCCLXXIX
MMCCCLXXVI
3192
3131
CDXXXV
1734
1036
2835
907
MMMDXVII
2615
MMMCLXXXVIII
MMMCDLXXIV
1147
MMCCXLVI
2652
DCCXCI
2155
1704
1742
2954
MMCCX
3784
MMMXV
DCXCVIII
MDXXI
MMMCCCXXXIX
CMI
DCCCXI
20
XXIII
MCMLXXX
DCXCI
MMMDCCLXVIII
DCCCLXIII
857
MCCCXV
3209
MMDCCLXXXVIII
1174
MMDCCCXXXIV
MMDXCVI
2939
MMXXXIV
MCCXXXVI
1739
MMDXCIX
3597
3217
MCXLI
MMDCCXXXI
MCDVII
709
DCCXVII
2641
MMDCCCXXII
3782
2700
3332
534
MCCLXXI
LXXIII
2355
3390
2835
437
2783
1499
MMDCCCXCV
MMMDCCCXX
2155
CCXXI
CDLX
3279
MCDX
2586
MMDCCCLXI
3824
MMMCDLXXXIV
MCMXCIV
2953
891
2056
2263
1462
DCCXCV
946
3007
III
1733
MCXXV
2654
MCCCXX
2974
3733
DCLXI
MMCVII
1541
CDXVII
1813
431
1542
DCCCXCIII
686
3167
MDXXXIX
DCXI
MDXXVII
MMMIX
MMLIII
MCDVII
MDCCIX
MCXII
MDCXV
MMMDLXI
3420
2006
166
2158
CMI
2738
1626
MLV
1768
MDCCLIV
MCCXCV
3950
MMDCXCVIII
DC
1739
MMDCLXVIII
2614
320
MMDCXXXI
260
3284
50
3026
1800
MMXVI
CCCLXII
MCMLIII
MMCM
3847
1534
MMMCCCL
623
MCMLXVIII
986
676
2959
2027
1838
2285
715
1749
DLIV
3218
CMLIX
813
MMMCMLIV
XXVIII
853
3515
2728
2774
3962
CLII
XXXII
3706
668
1936
MMMCCCIII
1151
DXXXVI
2065
704
DCCCLII
977
1077
MMMCDXLI
3317
MMCMXIV
MMXVIII
3
MDCXXXIV
3848
MDCCLXXIV
MMMCCLXXXV
MMDC
3175
MMMDCCCLVI
MDCXXXII
944
MMMCCCXXII
MMDCCLXXIII
3837
MXXII
MMMDLXXXIX
DCCCVIII
MMMDCCCXXXIII
1802
MMMDCCCXXV
3070
143
MMDCLI
453
MMMDCLXXXI
MMMXXXIX
533
MMMCDLXXVIII
2542
MMMCCXLIII
MMDCCLIX
2301
1130
MMMDCCCXCVI
MDCLXV
MMDCCCLXV
MMMCXLI
953
740
1980
3470
MXII
DCCCLIV
MMLXVI
MLVI
215
2967
3994
3832
2014
MCMLXIV
476
1481
CMLIX
MDCCCXXVI
2831
2088
MCCLXXII
MCCCLXXXVI
1681
CDLXXXV
MMCDXCVI
MMMCMLIV
3432
MDCXCV
515
MMDCCXL
MXIII
3808
MDCCCLXV
MCLXXXVII
2872
2729
MMMCDXLII
MCCCXVI
MMCCLXXXVII
MMMDCCCLXI
3219
CCXXII
931
3655
3205
2105
2632
MMMDCLVI
MMMCMIX
785
2140
MMCCLXXI
CMLXXIII
DXXXII
2579
MMDCCXXXIV
MCLI
LXXXVII
1475
CXLIV
XX
MMMDCXCIX
3249
MDXCIV
3210
2323
MCXXXI
2481
897
MMMDCLXXVI
XIX
1173
MMMDCCCXLVIII
576
MCCCIV
2591
3355
2820
3878
2349
333
1978
MMMLVI
MMDCCXXXVIII
3541
CDLXXIV
2814
MMMDCCCXCI
LVIII
MMDC
MMMCLXVIII
1276
2387
MMCMLXVI
XXXVIII
3662
2912
2343
2177
CDXXXVIII
DCCCXXIII
1039
996
3948
DCCLVII
MCMXXV
MXIII
MMDCCCXIII
1926
1809
MMMDCXIX
MMXXV
MMCDLXVII
MCMXIII
1831
MDLXXIV
3650
960
DLXXIV
565
MMMCLXIX
MMXVI
MCMXIV
2214
MMMXVI
2685
953
3122
2604
893
160
CXLI
3678
1163
MCCLXXIII
1660
132
MMMCXVI
1781
CLXXXIV
2841
1629
CMIV
MDCCCXI
MMLXXXI
1624
1960
427
3069
LXXV
MMXLV
MCDLXXXVIII
3391
3632
1379
3540
643
3742
DXCVI
3029
MMMCDXLVIII
MDCXXXVIII
MMMDCVII
354
163
2526
3258
MMCDLXXXVII
DCLXXV
1118
2989
276
1336
MMMDLXVI
129
664
746
2205
2417
1551
MCMXIV
MMMCCI
MMMCCXCVII
MCMIX
DCCXLIX
MMDCLXXII
MMMCCCXLI
MMMCDXXII
86
2581
818
MMLXXII
MMMDIV
2424
404
2856
MDLIX
DCCCV
2740
2664
MMDLXVI
MMDCCLXVII
MMDCXIII
MDCCCXXXII
408
2381
MMCDXI
MMDCCCVI
MMDCXCIX
1879
1625
3138
3992
MMCDL
865
MCIX
354
CDLXXXVIII
143
1649
557
2566
3216
MMMDXLII
MMCCLXXX
2357
MMMCDXXXVII
DLXIII
1244
MMMDVI
1033
MCMXCVII
1735
1844
DCCLXVII
3509
2487
DCXCVIII
MMMDXX
3823
1376
MMMDCCLI
351
2113
MCDLXV
MMDXCVII
MMMDCCLXVII
2877
3989
CCCXV
3020
CXXVII
MCDLXXVIII
MMDCXVIII
MDCCLXX
3334
2939
2675
MDIV
MMMCCCXXXI
MMXXI
1929
MMMDCLXXIX
MMCDXXXVII
3880
197
1938
2502
MMMCD
MMDCXCIII
MMMCLXXXV
953
1623
MMDCCL
1921
CLXXVI
MMMCLXXXV
1493
227
CCLIV
CCCLI
1215
MMMDLXVII
CCXCIV
2686
2058
1713
MMMDCXLV
16
2095
MMMDCCXXVII
MMMCMLXXIX
CCCXXXIX
MMCCXCIX
2368
MMMDCCXLVII
1792
MMDCXCI
MMMDXLI
MMCMXXVII
MDCCXXXVIII
3506
3340
2691
2762
MCCXVIII
MMMCCCLXVII
3091
33
931
1107
MMDVIII
MDCCCXLIV
MMMCCCLXXXVIII
663
MMMCDLXIV
3738
2097
DCCLXVIII
495
MMCCLXXVII
MDCCX
3103
MMMCCCXLIII
MMCDLXVIII
2160
MMDCLX
MDCCXVII
1918
576
MCDXVI
3953
MMMCCLXIV
MDCCCLXIV
MDCCCXXXVIII
2414
MMCDLXXVI
MXXIX
MMDCCXVIII
1440
1646
2336
MMDLXXVII
MMMCLXXXIII
1279
3359
800
931
1735
2671
MMMCDLIII
MXXXVII
MMCLVI
MXXX
3020
CXXV
MMMXLIX
MLXXVIII
MCCCLI
2432
1302
DLXXXV
590
2830
MMCMXXVIII
106
DCXCV
1265
930
CCXCIX
MMCXXX
818
1879
2302
1150
MMMDXCII
317
1762
MDCLXV
DCXXVI
MMMCLII
2727
712
MDCVI
2588
625
MMDCCCLXXXVII
MMCCCLXIX
DLVI
3567
1558
792
DCLXXXII
MDCLXII
3651
MMMCDVII
2282
MMCDII
1501
MMCLXXII
3619
233
MMMDXI
MMCCXXXVII
CX
2640
DXLVIII
XXII
MMCCCXCVIII
DCCCXCV
2637
3682
395
MMMDCCXX
MCDXLIV
2221
MMDXIII
163
MMDXXXIV
MMMXXX
3354
3412
CCCIV
DCCCLXXII
CCCXXIX
MMCLXXXI
MMMDCCXLIX
DLX
DXCVII
2959
CLVI
MCCCXVII
3455
DLXXI
C
2530
2072
2207
1751
3455
MMDCCXXXV
1221
MMDLI
XXVII
1237
1387
MMMCCLXXV
207
MMDCXCI
MMMDCLXIX
MMMXC
MCCCXL
580
3925
MMMDXLVII
MMCCXXIV
CCCLXXIX
164
2772
3507
MMDCXIV
MCXLV
MDCCXXI
303
328
1844
3628
2781
1480
3740
MMMDCCCXCI
415
3271
MMCXCVI
2464
MMMCMLXIII
MMCCXC
3677
3127
1339
MMCCCXXXVIII
MMDCCLVII
CDLXX
2874
MCCXVII
MMMCCCLXXVII
MXLI
CCCLXXV
3312
MMMCCCLIII
MMCCCLVIII
3305
CMLXIV
2451
1085
466
MMCDLXXVI
3407
743
MMCML
MCCLIV
2499
343
MMMDC
MCDXXXII
141
MMMCDLVIII
MMCCLXX
3781
MDLIII
MMMCDLIX
728
2885
1287
83
1100
29
MCCCXXIV
3926
MCCCXCIX
MCCVII
1729
MMDLXIII
MMCD
CDLXXXVIII
DCCCI
MMCCCLXXXII
2839
3915
MCLV
2777
1993
2221
3800
3792
1247
MMMDCCXVII
2063
MMMDXXIII
MMMDCXIII
1935
MDCCXCII
2293
MMDXLVI
CCCXIII
952
735
815
960
MMCCXXVII
200
MMCCCLXXV
MXXI
MMMDL
3850
MMMDCLVII
MMCDV
MCCCXIX
1051
3330
MDCCCLII
1753
2248
3357
MCCCXLIII
3157
MMDCCLXXV
215
M
2444
MDXC
DCCIX
1478
2444
3537
MMMVIII
1398
3111
CML
125
392
MMMDCCCXIII
MMDCXXV
MMMCCXXXV
3206
DXC
2831
MCDXLI
69
MMMXLIV
MMCCCXLIV
MMDCCCXLIX
MMMDCXXX
2895
2915
MMCXV
2939
1391
3425
3899
MMLXXXII
MMCCXXVI
1810
MCLVIII
MDCCLXXIV
1986
206
MMDCCCLII
759
2055
3562
MMLXXXIV
2216
2907
2630
MDCCCXLI
MMDCXXXIV
1147
MMCMXCVII
MMDCCXVI
3995
2164
2398
2673
DXXXIX
3098
MMMDXXXVIII
CMXLI
3102
785
2767
3690
MMMCCCLV
739
3296
415
3814
1198
MMDCCCLXXXVI
252
1413
MMMDCCCLXX
MMDCCXXIII
MDCCCLXXV
1157
MMMLXX
3987
MCCLXXVI
DCCL
1627
MMMCCV
XXIV
3391
981
1401
MCMXXVI
MMMDCCXII
250
MCMLXXXII
869
MDLXIII
1904
2485
3166
152
MMCXVII
MCDLXIV
MMMDCXCII
2889
MMMDCCCLXXVIII
3335
CDXXVI
2114
DCCLXXXVI
MMCDLXXXVIII
580
3172
3709
MCMXIII
2424
3164
MDCCXXIII
CXLIX
3526
MMXXXI
658
MDCCXIII
MMDCCCXIII
MCMLIX
300
MCXXXII
2977
3096
MMMCXV
MCDXLVII
3389
1516
CCCIX
MCMVI
1388
MDXCVII
MDLXVI
CLXXXV
3965
3490
MMDCCCXVI
MMMCDXLVIII
2241
MMMDCCCLIII
180
342
MMDCXCVII
CMLXXXVII
MCCXCVIII
2564
829
857
MMCMXLV
485
MMDLXXIV
3957
MCCCLXXVIII
CCCXCIX
LXXIV
3061
3355
1246
MMCXIX
2899
1064
MMDCLVII
MMMCCCXCIX
3766
MMDCLVII
MDLXX
1596
DXIII
MMVIII
MMCCCL
2256
3811
622
3768
MMMCCXXXIII
MMCXV
LXXXIV
MMCDXIV
DCCCXIX
DCCCXXI
MDCCLIX
3975
623
387
MMCMLXVII
2303
2492
MMDCXI
CXVII
CDXXXVII
MCLXXVIII
542
DCCCLIX
2514
MMCLXIV
3743
MMMLXII
1835
MMMDLX
1040
2661
MMLXXXII
2756
MMMDCCLXXIX
1956
CCCI
MMMDCCCXI
3157
3271
MMDLX
3652
MMMCXXVII
XXIII
3690
DL
2798
CLXI
1767
CLXVI
MMCLXI
1066
CDII
CXXXIII
1797
354
MMMDCLXXXI
3752
2981
MMDCCCLXXXVII
3738
166
1735
192
3733
2268
3970
1961
3034
3501
901
1179
CCXXXIV
CDXLVI
816
MCDXXVII
MMMXC
MMCMXC
1565
MMCXXXII
3397
1281
3653
CDXCI
964
MMCCLXXIX
3075
15
MMMDCXXXII
555
MDI
1739
CCXVI
MIX
MMCCLXIV
840
3266
1638
1626
MMCDV
CXVI
MDXLIII
MMMLXXIX
MCCCLXXXI
1994
MMMCCCXX
3086
CCXCII
MCDXXX
MX
1924
MDIX
1347
CCXII
2270
MMMDCCLVII
134
3279
MMDCCCLXII
CCCXLVIII
MMMCCXXV
MML
MMMVIII
MMLIX
1799
920
MCDXXIX
MMCXXXIV
MMMDCXVI
1662
MMCMLIV
1352
21
1417
1987
CMLI
1878
2150
1616
DCCLXXIV
1844
322
803
MCMLXXXVI
MMCLXXXVI
IX
1585
DLXXVII
MDLIV
4
2551
MCCXXVIII
3277
MLXVI
MMMCDXXVI
MMCMLXXXI
1693
MMCDLXI
1074
795
MDXCI
MCMLXXV
MMDCCL
577
MMMDXXXIV
3955
DCLXXXI
CXLIV
MMMDCCXCVIII
MMCCXXXIV
2128
DCCCXIII
2745
1137
3375
CXVIII
3986
1920
1892
CMXIII
CCCXXXIII
MMCMLXXVIII
524
MMMCDLVII
1531
MMMCCLXXII
1293
906
3710
2801
MCLXVIII
2264
831
MMMCIX
721
285
MMMDXVII
2115
3729
MMMDCXV
CCCLXXXIX
3697
MDXXVI
MMMLXXX
CDXXXV
MDCXX
MCXCV
MMCCCLXXXI
3821
906
MMDXIII
MMCCLXII
MMMDCLIII
CCCLXI
200
MMMDXCVIII
748
3856
XXXIX
3246
DXXXI
MCDXVII
558
3070
3799
1505
MDLXII
MMCCCXVI
MMCMLVI
MMCCCLIV
3172
MMCDLXX
MMCXVIII
2771
1348
MMMDCCCXCIII
MMMXXVI
3654
MMLXVIII
926
3249
2778
CDLXXV
MDCLXXXIII
2728
MMCXLI
1152
MMMCDXCV
882
MCCCXLII
727
2113
MCMXXI
3413
948
DCLVII
1354
3720
3948
MMCCCXCII
1269
821
MMMCMII
MMDCCCX
MCXXVI
981
2529
DCCCXXIII
CCCXXXIII
MCCCLXVIII
MMCDLI
MCDLXXVI
1522
MMCCXXV
DCVII
MCCLXIV
MMMCMXXXI
3345
MMDLXII
MMCCCLXXVI
3235
MMMDCCCIX
MMMDCXXIV
MCCXV
3818
DCCLXXI
MMMDCCCXCII
MMMCMLIX
MMMDLXXXIV
783
3150
MLXXV
MMDXXVIII
MCMXXIII
DCCCLXX
CDLXXIX
MCDXLVI
1335
MMCXLI
CMXCVI
2797
DCXXIX
MMMDCC
MMX
MMMDLX
1258
CCLXXXIII
MDXIX
2546
3844
2322
MDCCCLXXXIV
2070
2280
1234
1296
982
841
1306
1281
3705
MMMDCCLXVI
3798
3374
MDLX
MMCCXXIX
CCCLXXXVI
MCDLIX
1745
174
MCLIX
MLXXXIII
417
2058
MMMDCXCI
780
MMMCCLVI
MMDCCLXXIX
1691
MMDCCCXXV
MCCXCVII
330
MMMCMLXXXIII
2909
2587
LXXII
867
MDCCCLIX
2609
1687
CCXVI
DCCXLII
709
369
CCXXXIX
2341
MMMDCCLXXVII
3421
420
706
3663
1315
MCDVII
1501
2720
XCI
DCLXVII
MDXXVIII
3662
2791
MMMDXXIII
1391
CLXVI
MMDCCCXXV
MCMXXV
MDCCCLXXXII
2827
LX
MMCXI
2901
CMXXIII
3425
1335
1411
3726
MMMDCCXLIV
MCLXIV
MMDCCCXIII
MMCII
MMCXVIII
3223
1542
2208
336
2455
725
MDCLXV
225
CCCXLIX
1869
1243
938
2484
2898
MDCII
3219
MMCCXCIII
MMMCLXXXV
MDLI
MMMDCLXI
MMMDCXLIII
DLIII
1875
MMCCXCI
3836
2738
1234
MMMLXXXVI
1150
MMCDLXV
2433
MCMLXXII
MMMDCCXCVI
MDCXLV
MMDCXXXIV
MCCXLV
CCIX
3887
2842
MDXCV
1517
3715
1745
3438
MMDCCLVIII
MMMDXCIV
3973
421
MMDXXV
MMXVI
MCXXV
1249
1459
MCMXXXVIII
2025
DCLXIX
MMMDCCCXCIV
2892
MXV
3067
1776
2400
DCCCLXXXVI
MCDXXII
CDXLVII
MMDXL
MMCXLI
666
2994
538
1289
MMDCCLXXXII
2082
268
CXCIII
CDVIII
MMMDCCCLXII
2139
CCC
2577
1921
2143
CXX
MDCXCIII
1457
969
MMCXLIV
1227
1475
3971
230
MMDCLXXXVI
MDLXIX
291
MMDXXXV
217
3253
1159
1928
DCCXLIII
3313
MMMCCCXXII
MDCCCV
3025
MCDLX
3860
MMMCCLVII
3782
2529
2394
1077
2217
699
3753
MMMCMIII
400
MMXLII
MMMDCCXXXVI
3818
1492
2347
2898
CCLXXIII
MDCCLXXXI
MCXXXIII
3588
MMCMLXXI
MMMDCXII
2227
MMCDLXII
MCMIII
MCCXLVIII
2648
117
MMMCLXXXI
3836
3184
MMDCCXL
60
MCDLXV
2558
2673
MMDCCCLII
MMMDCXLVII
MMMDCLV
CMLXIV
283
740
2579
1748
MCMXIX
CDXCVIII
DCXLVIII
MMCCLXXXIII
MCMLXXXVII
MMCLXXVI
895
MMCMXXI
MMDCXXVI
MCDVIII
MDCLXXXIII
CCCL
MCXXXI
MMDCCXCVIII
MCMLXXXII
852
3002
2198
MCLIX
1069
MMMCDLVII
MDCLV
3502
977
2388
MMCCXXXIX
CCCLXVIII
MMCCCLXXX
MMCMXLVII
MDCCCXXVIII
3054
2410
DCCCXLVII
MXVI
MMMDCLXXVI
MMDCCLXXXIV
1744
2565
MMCMXCIII
CMLXXXV
MMCXXX
1842
MMMCXLVI
MMMCCCXVI
686
2262
212
2421
728
1649
MMMDVIII
CXLII
MMMDCXLIV
3934
2137
2121
1531
MMMDCCXXVII
2959
MCCLXXII
39
MMCCC
MMXXI
MDLXIV
DLXXII
2339
MMMCCXL
DCCI
DLV
694
MMMDCCCXXXVII
MCCL
2613
MCDXIII
3741
3657
1408
1102
3731
1884
3924
MMCVI
MCXXIII
3065
3485
CLXXXVI
2222
MMCDLXXXIV
MMMCDXCVIII
MMMDCLXXXVII
3212
DCCLXIX
1839
1811
3073
1163
MMMDCCLXII
MMMCDLXVII
989
363
1608
1438
MMDCCCXCVII
2644
1614
MMMDCLXXXII
1155
44
MMMCDXXXVIII
MMCCLXXIII
MCCCXV
565
1763
2775
MMCML
MCCXIII
MMMCDLXXIV
MMMCDLXXIII
54
284
3492
1525
954
MCMLI
MCMLXXXI
3145
MMDXCIX
1485
MMDCCCXLV
MCDXCI
3151
MDCLXXXVIII
CCCVIII
2494
MMDLXXXVIII
MMMDIV
2299
MXL
CXVIII
992
MMMCDXXIII
CMXI
CXIV
MDCCCXXXVII
MMCDXLV
DCLV
MMMCCII
909
MCCLXX
1889
CDLXIV
MMMDLXXXVII
MMMDCLXIII
MMDCCVI
MMMCMXCVIII
1471
2834
MMCXXX
3638
1613
2116
CCXXIX
3398
MMCMXIV
2998
3342
3821
3563
486
2029
760
2594
MMMCCCXXX
3472
MIII
MCCCLXXXIX
CMLXXXII
DCCCXVIII
975
CDXVII
MCCCVIII
MMMCCCI
1314
MMDCCXLV
MMMXXIII
1060
2460
515
454
141
3188
DCCCLXXXV
2631
2499
3857
XXVIII
2494
MCDXXXII
2821
DLXXXVI
664
581
742
MMCCXVII
2155
MMCCVIII
3408
2697
1327
1848
CCCXLIII
758
CCLVI
2015
MMMCCXCIII
MMMLXIX
1139
967
MMDCCCXV
1493
1097
3278
MMDCCCXXXI
3380
3247
MMCXLV
1272
2562
MMCMXLV
MMMCCXX
818
MMXXIII
MMDCCXCV
3300
MDCCCXVI
2482
MMMCDXCII
MMMDCCCLXXXVI
DCLVIII
DCCXXXIV
MMMDXC
MMCCCXII
MMCXLVIII
MDCCXLVII
3583
MMCMXL
2384
3929
MMLIX
MCLVI
3112
1832
CLXI
MMMDCCCLXXVII
3109
2497
DCCCLVI
2807
3749
CXXXII
CXVI
MMMCCLXI
MMMCLXVIII
MMCMXLIX
MMMDCII
478
MCMLXVII
2590
1843
MMMDI
1471
969
MMDCCXLIV
MMDLXXX
MMMCCCXXIII
DCCXCVIII
MMMCCXLV
MMCMLXXXIX
3766
MMMLXXIV
583
CCLXXI
1087
CLXV
MXIII
DLXI
MMMDCCXCII
1508
MMMCCCLXXXIV
MDCCCXLI
3686
DIV
2777
3622
MMCLXXVI
2680
3622
3104
487
CMLXIX
1746
2284
MLXXII
470
1924
2050
123
DXCI
3658
1992
454
MMCMXXXII
300
3085
2943
MVIII
1897
MDXXVII
MMMCMLXIX
MMMCCXXIX
MCCCLXXII
DCCCLII
2693
MMDLXXXI
MCDXXI
2117
996
3102
MDCCCXX
3542
189
776
MMMDCCCLXI
LXXXVII
CDXLIX
2486
2335
MMDCCCLXXII
MCLXXIII
2535
3711
CCLVI
2888
MDCCCIV
2883
MMCXXV
MMMCDXC
CCCLXXXIX
MMCCCXXXVII
MMMLVI
MMMDXCIV
3375
2923
2047
1725
1366
422
MMCDXXXVI
MCMVI
CCLX
3001
3297
MCMXXXVI
2537
3717
MMMCCXLVII
MMDCLV
1658
431
2224
2170
DCCXXVII
1303
MIII
CMLXXIV
3172
MMMCDXXI
757
3962
XLIII
2049
3422
797
MMMCCV
CCCLXXI
DCXXVII
664
DCCIII
2076
MMMDLXXIV
2779
758
MMMDCCLXXIX
CCCXXXVII
818
DXLVI
3479
861
2622
3618
MDCCXCII
2918
883
357
MCDXC
CCLV
DLXXXVIII
975
DCXLIV
1417
286
MCCCLXIV
MMDCCXX
MMDCCXXX
2740
1132
MMMDCCLXXXIX
1811
3786
MMMLVI
DCLXXXVI
1015
993
MMMDCXX
MCCXCVIII
2073
DXXXIV
CDLXXV
3467
1437
DCLIV
3817
MMMCCCLVII
3092
3257
MDVI
2883
648
3301
MMMDL
MMMCMXVI
627
DCCXIX
1199
MCCLXXV
309
3009
MMMDCLIX
MMMCX
2308
MMMCCCXX
MMMXLII
3253
1234
MDXLV
MMMCCVIII
MMMDCCXVIII
3930
1235
MDCCCXCVI
483
MDCI
MMCMLXXX
MDCXVIII
1899
3412
523
2923
2878
2111
3002
92
2598
2987
MMMXI
MMMCC
336
3377
MLXXXII
MMMDCXLVII
CXXXIV
MXIII
364
1768
MMCLXVI
931
3964
108
1301
3132
206
MMCCXVI
3747
MDVI
2803
MMMCMLXXXIX
DCXLII
MDCXIX
1010
3751
DCCXVII
696
3133
3034
MMCCXXXIII
MCCCXCVI
MMMCMXL
DCCXV
3079
MCCCLXIV
CCCXCIII
396
1169
3489
MDCCCLIX
31
92
MMCDXXI
MMMCCCLXXVII
MDCL
MMDCCXLVI
MMDCCCLXXXIII
DCLXXXIX
2194
MMMCMLVIII
MMDCCCXXII
1083
2874
MDCLXXXVIII
2345
MMXCI
MCDXXI
155
MMCMXVI
MMMCCCXI
CMLV
MMCCXLI
2337
3649
2662
MMDCXCIX
MMDCCXCVII
XL
2314
3024
CCLXXV
MMMDCVI
MCMXXI
MMDCCXLIX
MMDCXLVI
2504
MCCCXCVIII
MMMCCCXLVII
MMCXCVIII
2589
MMCDLXIII
635
519
3364
CCLXXXV
3379
MMMDCCIII
CMXLVI
MMMCLV
1343
CCIII
MXX
3204
1008
3965
1453
553
MMDCLXX
CDLXXXVIII
MMDCCCXXI
DCCCII
MMMCCLVI
MMXXIV
2920
CCCLXXXVII
2072
3170
81
9
MMDLVI
MMLXXXII
2293
2653
998
MMMCCI
2581
1291
2912
2299
CDLXXV
2675
3537
CDLXXXIII
MMMDCCLXVII
2758
MMLXXVI
MDCCCLXIX
2059
3577
447
3001
MLIV
308
CCXC
MMCDXXXIII
MMMDCLVI
MMDXXXVIII
LXXV
2072
2634
3396
MCXCI
1602
MMMDL
MMDCCCXI
DCCLV
MMXLII
963
782
3133
3750
109
76
1597
113
CCLIX
DLXIV
2605
MCXVI
MMMDLXX
MMMLXII
MMMCCCXXXI
CXCIII
2877
2032
1120
CDLXXIII
119
3393
MMMCDXCIII
2409
1453
MMDLVI
MMMX
990
363
3642
MMMCMLIX
DCCVI
699
2906
523
1598
MMMDCCXL
630
197
XCVI
MMMCCXCIV
DCCCXCIX
3510
CXXIX
XCI
3301
3945
CMXCVIII
MCCLXXXIV
MMCDIII
668
3007
DLI
506
1927
MCCLII
MCMV
2970
MMDCCLXXXIV
DCLV
1429
MMDLXXX
3147
CD
1112
MCCCLXXV
3906
MMCMXXXVI
MCMLXX
1459
MMMDCXXXVI
2353
MMVIII
3715
2667
DXCVI
MMDLXVI
CXVII
704
MDCI
38
MMCCLXXX
3376
MXX
2162
3292
654
MDLXXV
MMCDXLVII
MMMCDXXXVIII
MMDCLVII
CCXXXI
DCCLXXIV
MMCDLIX
2328
CCLXV
898
1959
66
1796
MMCXXII
219
MCDXLVI
DCXIV
399
2026
3567
MMCXXXII
CMVIII
3266
MMDCCCIX
MDXX
2028
526
3187
MMDCCCLXXV
1250
3150
MMMDCCXII
MMMCCXV
MMMDCX
179
MMCCCII
MMDLXXXVI
2591
MDCCCXVIII
MMCLV
3275
2340
1286
MMCXVIII
3900
3647
IX
MMCMLXXII
1930
2329
CDXXXVII
MMDCCCLXXIX
MMDLXXXV
2166
1812
MDLXVIII
799
MCCCXI
1657
1046
1856
MMMDCLVII
MMMXX
3886
3931
CCLX
DXLVIII
517
1041
1378
CIV
3789
547
MMMDLXII
MCXLVIII
MMMDCCLIV
2289
1653
3559
MDCXLIV
MDCCCXII
521
MMDCI
MCDII
CCLXVI
3023
MCXLVII
2218
MMMCLXIX
MCDXVIII
MMCXXIII
420
36
1810
MMDXLVI
3405
MMMDXLVIII
3304
3324
3835
MCMLXXVIII
1023
MMMCMLXXX
3366
1584
3584
DLIV
DCCCXXIX
34
1946
810
3204
MDCCXL
DVIII
3697
2799
3891
2812
MCXXXIV
3687
2873
2649
MMDCCLXXXVII
MMMCML
MMMDCLXXIV
MCC
MMMDCCXLV
MMMCMLVI
227
1542
MXXXVII
2487
3604
1966
CCLXXIV
MDCCCXXV
MMMCMXCII
MMDCCCLVII
582
MMMCDXC
CCCLXXXIV
MMCDXCVII
MMMCLXXXVI
2349
MMDCIX
1946
819
MMDLXV
DCLXXI
MMDXLIX
1211
CDXIX
CCXXXII
MCDXXIII
3144
1813
566
DCCVIII
2171
XIX
MDCXXVI
MMCCXXIV
210
3676
730
1925
3380
MMV
MMDXXXIII
MMDCCIII
MMMDCCLIV
DCCLXX
MCCXLI
CCCXLII
MDCCXL
3598
852
903
3201
MMDCLXXII
MMDLXXV
1852
MCDXXIV
CMXXIV
793
791
CDXCIV
1868
MMMCDLXXXV
3227
MMXXIV
MCCLIX
493
MMMLXXIII
MDCCXCIII
2565
MMMDXXIX
MDCCIX
279
2421
MMMDCCCXCVIII
MMMCCCLXI
2312
1851
1226
MDCXXIX
MDCCXCV
CCCLVIII
2848
MCDLXXII
MMMCCCLXXVII
LIII
83
MMCXCI
CCLXIX
835
MLXIII
MCMX
1636
1270
MCCXXI
3248
2591
MDLXIII
3616
1431
MCDLXVIII
MDCCXXV
2619
MMCDLXXXIII
1635
MMMCLXXXVI
MCL
CCLXX
634
CMXCVIII
MMCCXCIX
MMMDCCCLXXXII
MMCDLXIII
180
CMXXIX
1089
1512
3117
892
MMDLVIII
MCMLXXIV
MMXLI
3742
1780
564
MMMDCCCI
3581
MMDCCCLXXIV
MCDI
2060
88
MMCMVIII
1417
904
MMCMXCVII
250
342
MCVI
MMMCDXIX
3016
MCLXXXIII
715
MMMCXVI
MMCCXXXVIII
MMCDLXXII
2699
68
MMDCLXV
MMMCCCXCV
1991
MMMDCCXCIII
MMCMLXXXVIII
MMDXLVIII
MMMDCCCXXII
DCCCLIV
293
981
2435
MMCMLXX
MMCXVIII
718
3100
MCLXIII
MMDCLXXX
2768
MMMDLV
3670
MMMCCCXV
MMMCDXLVII
MMMDXXXIII
CMXXI
3838
XXII
MMMCLXXXIX
MCCLXXX
271
MMDCXCI
MMDCCLXXVIII
MMCMLXXXII
MMMCDXCII
2157
863
2388
MMMDLXI
2929
2419
1947
LI
DCCCLXVII
MDCXCVI
MMMCCLIV
MCCCLXXXVII
1012
101
2158
MMDCCCLXXVII
DLXIX
MCDXL
2319
LXX
1674
MMMCMXVI
MMCMLXXXIV
945
MCCXXIX
MMDCCLXXXVIII
DCCCLXV
MMMCCCLVII
MCDLXXIII
2965
914
DCCLXXIII
MCLVII
MMMCCCLXXI
MMCCCLIV
MMMCMXXI
1700
1618
MMIX
974
MMDLXXI
MMMDCCI
MLIII
173
2109
MMMCCLIX
3931
3629
535
1532
MMMXCVIII
2148
MMDCCCVII
MCMII
2615
958
CMVI
3940
MMDLXIV
1286
1179
MCCXXIX
MMCXCIX
MMMCCLXXVII
MDCCXXV
MMMCDLX
215
MCCLXX
MCCLI
CLXV
3617
MCXXXIII
MMMDCCCLXIII
MMMCXI
228
XXV
MMMCCLXIII
MMDCCLXXXVI
MCCCXX
MDCLVIII
MDXLVIII
MMCCXVIII
MMCCCLXI
202
CDLXXXVIII
3965
CMXLVII
3793
MMDCXXVII
3748
2771
DC
3101
MMDCCXLVII
1240
1444
MDCCXVII
2700
1258
CMXCIII
CCCXXII
3090
1847
MDCCCL
2418
MMDXXVI
MMDCXLII
CCXXIV
2059
MMCCCXCIII
1292
2753
MCLXXXI
DCCCLXXIII
CXXXII
1432
1106
CCXII
1858
MCCLXXXIX
1596
3097
1263
MMMXXXVIII
MMDCCXII
MDCXXIII
CCXXXIV
3768
3672
CDXXII
884
MMCCCLVI
3079
1354
MMDCCCXXI
2762
MCCIX
MMMDCXXVII
2662
1429
2099
1257
MDCLXXXIV
2785
LXXVIII
899
MDCLXXI
MCCXLIV
MMMCDXV
931
MMCXXIV
3664
MMMDCCCXXXII
MMMDCCCXL
3038
2806
2873
MMDCCLVII
2954
MDCCCLXXXVI
MMCLI
283
CXLIX
34
MMLIX
DCXL
MCMLXXXVIII
230
MMMCMXV
MDCXVII
2119
177
MCLXXXII
1143
MM
CD
MMXXXIV
1151
MMDCCIX
MMCMLIII
MMCC
MMMCCLVII
3476
534
DCCXLIX
MMDXLVI
MDCI
3065
2739
2825
MCCXCII
787
DCCCIX
2402
MMLXXIX
CLXXXVIII
2453
DCCCXVII
865
MCXCII
MMMCCLXII
3733
2393
MCI
3518
1676
3280
MMMCDXII
1794
2056
CDXXXV
1201
3983
MMMCMLIV
3880
MMII
2359
1876
MMMCLIII
MMDCLXV
MMMCCCXLVI
MMMCCCLXXVI
CCCLXXXII
MMCII
MMCMXXIX
1662
3568
MMMDXII
290
CDXIII
2760
MMMDCCXXX
509
2903
MMCLIII
846
MMLIX
CDXCIII
MMCCCXXXI
1219
2285
MMMXLVII
MDCLXVIII
571
DLXIX
MML
MMMCMXIX
MCCCXCIV
1526
3016
CDLXVIII
MDCXXI
160
3757
669
MDCCXXII
MCCXXX
MMDI
MMMCC
MCDLXXXVII
2845
324
3621
MMMCCCLXXXIV
MMMIX
DCCLXXXVIII
DCCIII
1236
MCXXXV
679
MDLXXIII
3872
CMXCIV
3654
3866
MDCXLV
MMCMXCV
2605
DCCCLV
3187
1595
319
MMDCLXII
DLXXVI
MMMCCCXLVIII
3993
MDCCCLXIV
3232
CVI
20
MDCCCLIII
3006
557
MMMDCCCLXXI
MMCCLXI
DCCXCIII
MMDXXVII
845
1916
1244
MCXXXII
767
2712
1681
1421
MMDXXI
3024
MMDXIX
1368
2135
MMDCCXLIII
MCLXXXVII
105
3233
MMCCCXCVIII
MMMDCCCXXVII
MMMCDLXXXV
MDXXXII
MMX
MMXXXII
1258
2407
3754
MMDCCXCVI
MMMCXXXIX
2946
1379
1546
258
3876
2217
MMDI
483
DLXXXV
CCCLXVIII
CLXV
DCCCLXIII
2140
1021
2856
56
3647
MMMXXIV
1426
3357
MVII
MDCCI
XCV
1006
1138
1668
MCMXLIV
1760
677
2554
3891
3994
932
MMDCXXXIV
778
MCDXLIV
MCMXCVI
MMCDXCI
2373
3371
DCXXX
1950
131
909
908
MMCCCXC
624
1799
MMMDCCIII
2060
MMDCXCVII
MMMCCCLVI
10
CLXXXVI
MMMCDXXIII
MMCCIX
1904
1601
1935
CDXXX
3980
CLXXXI
CXL
MMDCLXVII
CMIII
586
MMMDLV
2564
441
149
CXXXV
MXCIII
MCCLXXXV
DCCCLXXVI
DCCCLII
MDCCCXV
3668
684
1540
434
MMLXXV
205
MMMCCLXXIV
579
1459
MCCXL
XXXV
MMMDCXXI
93
MCCXLVIII
3013
1728
MMCCLXVI
MDXLV
CLXVII
2594
CXXXI
3171
1456
1292
1611
CCCXXVIII
210
MMMDCCXXXVI
CDXXVI
MMCMLXXVIII
MDXXXVII
MCCCXCIV
MMDXLIX
3868
76
2626
CCLV
3517
931
3872
MCCLXVIII
MMDCCXX
1467
MDCLXVI
CLXXXVI
3123
2206
1864
953
145
MDLXVIII
2032
MMMCDLVII
MMMCMIII
MMDCCCXCVII
538
MMCCXXXVI
3707
CCCX
1970
MMCCCLXXXII
MMLXXXVIII
MMMDCXVII
MMDCX
386
2239
3578
MDCCLXX
1597
MCCXXI
MMMXXXVII
64
MMDCXXXVI
DCXLI
3428
MMMDXXVII
MMDCCLII
MCLXXVII
817
1249
MMDCCCXXVII
MMMXCIII
DCCCVI
MMMCLV
MDCCCXXXVIII
MMCDLVII
DCLXXVI
377
XXXIII
MDCCCXCI
MMDCXXXVIII
2931
3747
3513
1089
MMXCIV
MMMCDVII
2956
495
2887
MMCDLXXXVI
1851
CDLXII
2805
1117
1280
1098
735
3279
MCLXII
1659
242
1506
MCCCLIX
MMMDXLIV
984
2613
262
3881
MMMDXCIV
2123
1895
2526
CDLXXXVI
1389
3148
460
MMMIV
2910
1378
MMMDCCLX
MMMDCCCLX
3827
965
XXX
MMDXXII
DLXXXIX
LIV
MCMXII
DCCLXI
2009
655
3565
3281
MMMLXXII
318
MDCCXLIII
1727
2689
3520
1905
421
MMDCCCXII
MDCCCL
2806
MDLXIX
2712
3160
2644
MMDCXLI
DCCXLIX
1765
948
MCCCLIX
3660
3962
MMMDCCXXIV
MDLXX
MCVII
MMDCCLXIV
271
MMMDCCLXVI
2196
3292
2412
MDCCCXXVII
MMDCCLXXXIV
745
MMCCXCII
XXXVI
MMMDCCCLV
2037
3450
2096
1278
MCCCLXXVII
3604
DCCXCVIII
387
561
IX
1645
CCLXXIX
2463
3759
MMCXXI
3081
MMMDCLXVII
3433
3737
2005
1977
MMDCCCXCIII
3651
488
2028
2841
3697
2029
MCCXCVIII
1336
1865
MCCCLXI
1867
823
MCLXXXVIII
MMMCMV
MDXXV
984
1305
MCMXLII
MMCCLXXV
3648
3168
CCXX
MMDCCCXLI
1273
2618
MMCCXLIII
MMCM
MMMCDXXVIII
CXXXVIII
MMMCXCIX
VI
3418
124
816
MMMDCCXXIX
66
MMMLXXXVII
3760
2776
506
MMDCCCXXXVIII
329
924
1281
MCDXCVI
1162
1369
MDLVIII
360
VIII
2363
3202
MMMCDLXXXVIII
MCXCIX
CCLVI
680
MMMDCCVIII
MMMDCCCXXXI
1258
MMMCCXCIV
MMCDLXX
574
DCI
MMDCLXXXVII
CMXCIII
1166
2868
2443
MMMCCXXVIII
MMMDCCCXCVIII
1693
1891
464
1864
2698
MMCXLI
CMXC
MDCCCLXXVI
MMCDX
3391
311
MDCCCLIII
MCDXXVI
2815
MDCCXIII
1677
CDXCVII
2574
CCLXV
MMDCCLVIII
3517
MMMCMXXIII
2984
304
1487
36
2563
MMCXCIX
MMDVII
2931
1116
2330
1415
MDCCCI
MCXXXVI
MMCIX
MMDCIX
3338
961
MDCLXXIII
MMDCCLXXXIV
722
MMMCCV
MDCCLXXIX
2486
MMCMVI
2350
MMDCXXXVI
MMCMLXXVI
DCCLXXXVII
MMMCMVII
MMDCCCXXX
DXX
387
MMMLXXXII
MMMDCLXXXVI
CCXC
2536
2134
DCCCXV
1295
MMMDCCCLXVIII
2277
MCXXXII
MCDXX
653
2978
MMMDCXVII
442
MMLXXXVII
MMMDCII
804
1491
3700
MMDXXVII
DLIII
818
407
MDCVII
427
MCXXI
331
833
DCCCXXXII
MMMDXCIV
930
MMMCDLIII
886
1521
580
MMMCDXXI
MMMDCCXLIV
MCMLXXXVII
3762
MMLXII
DCCCLXXXII
MDCCCIII
MDCCCVI
570
MMMDCXLI
669
CDIX
MMMCXXXV
MMMDCXLVII
MMCMLXXXVII
3287
3357
548
MMCMXXXII
1263
1326
MMMXII
MMMCMVI
MMMCCXXX
234
659
2756
2910
2350
2103
MMDCCV
MMMCCCXXX
CDLX
3204
CM
MMDCCCXXXIII
MMCXX
1304
154
MMDCLXXXIII
MMCDXXXI
2980
DCLXXXVIII
MMDL
MXVI
MMMCXLIV
MMDCLXXIII
2630
MMDCCCLXXIV
517
MMMCXCVII
1549
3197
CCCIX
MMMCCIII
3329
DXLVII
MDI
MMMLXXVII
CMLXVIII
MMDCXIV
CMLXXXI
1590
DCCXXV
926
MCCXVI
CDLI
975
LXXXVIII
MMCCL
MMMCLVI
MDXXIII
249
1864
2351
2494
CIV
290
2821
790
1809
1972
MMDCLXXVI
MMCMXCVII
206
1034
1266
3511
CDLII
MMCMLXVIII
1656
CIX
450
MMMDCCCLXIX
CDLII
287
MCDLXX
DCXXIX
2713
MMMDL
714
MMDCCXXV
471
MMCXXXI
743
MMMDCCCLXXIII
1791
650
MMCMXII
2571
2141
3440
CCCLXXIII
2837
146
MMMXCVII
MCDXLVIII
3625
3446
CCXLV
1860
3317
MMMDCCCXXVIII
MMMCMXVI
2426
MMDCL
MMCIV
MMDCLXIII
MMCDVII
2279
MMDCCCXXXIX
1322
MMDCXCV
MMCMLXXVI
MMMDCXL
772
MMCIV
MMCMLXXX
665
234
MMMDXL
3250
2609
3858
MMDCXCI
MMDCVII
MMXLIII
MMDCCCXXXVI
MDCCCXLIX
1701
MMDCCLXVII
MMMDXCI
3895
MMMCMXXXV
1923
3916
1579
DL
288
MCCLXXXVII
1407
1992
649
MCDLXXIII
MMCDLXII
DCX
MMDCCCLXVIII
2117
CXIV
145
925
MCMLXXXVII
3045
MMCCCXII
1986
439
448
2960
1688
910
CXCVIII
MDCCII
1501
2032
1395
1317
MCCCXXXVII
691
2120
1724
1898
1864
MCCCLXXIX
938
MMMCDVII
914
MMMDCLII
3268
MMCCI
MMMCCCXXIV
CCXXV
MMCCCVIII
MMMDCXXXVI
3777
396
MMMDCCCXI
835
CII
648
676
MMMCMXXI
MMCLI
MMCCCLXXXI
3083
3343
3766
2977
861
CCLXVI
1069
DCCLXXXII
MCC
MMMCCXLV
DLXIV
MMMCCXXIII
MMCCLXXIX
MMCLIX
3529
2587
3148
MMCCCXVIII
MMMDCCCXVI
MMCCCXLVII
MMMDCCLXXXV
595
MMMDCXLI
MMMCMXCVI
MMDCCCLXVIII
1726
CDLVII
879
3143
MMXLIX
151
MCMLXXI
MMCDXC
MMMCCCXLVIII
2557
2491
MDCXLIX
MMCCCVIII
2590
CCCLI
2577
MMMCMXCV
MMMDVII
2341
CMXI
MDCCCXCIV
MMDCLXXIX
MMMCXCVII
MMMLXXVIII
1386
MMMXLIX
MCDXXI
MMMDCCLXIX
MMDCV
2196
MMMIII
MMDCCCXCIII
3981
MMCDLXXII
MMDLIV
1583
MDCCXLV
47
MCLXXIII
MCMLXIII
CCLII
3667
DXLIX
MCLV
MMMXVIII
MMCCCXXIV
DXII
655
818
3070
247
3247
2524
CXCVIII
3948
2071
MMXCII
3860
2302
3614
2192
CCCXLVII
720
612
2184
1997
1255
MMCCCLVII
1205
2209
3739
1869
MMDCCCLXI
3554
CLXXXIX
MDCCCLXXXVIII
2392
2429
DCCCXCVI
2131
3018
MLXXII
CMLIX
MDCCCVII
MMDCLV
1340
MDCCCXXVI
1642
2429
3993
MMDCCCXXXIII
1064
3277
2851
1230
MMMDCCXLIV
3051
3122
3753
3409
1495
MMMCMLX
CCL
DCCCXVI
39
MCDLXXII
DCCCLXII
3194
2049
MCCCLXXXIV
3631
MMDCLVI
LXXI
461
442
2756
3643
MMMCDV
MMMCLXIII
2596
682
MMCDLXXXVII
MCCCXCV
1415
MCCLXXXVII
1500
3699
MMMDCCXLII
2127
DLXXXV
MMDCCCXXXIX
2431
3644
MMDCCCXCIV
MDCXIV
998
1955
MMMCXIX
MCCCLXXXIX
MMCCCXXVII
MCII
MMDCCLXXIV
MMMCXLIV
230
MMMCCCXCVIII
2368
1304
2929
CMXXX
3467
MMMCDL
3532
1776
1207
1718
MMDCCXLVIII
245
2572
MMDCCCLXXVII
MDCCXVII
1809
1538
1459
MDLXXXIX
CXXXVII
3372
2921
MMMLXXXV
1284
3702
MMMXVIII
1558
457
MDLXXVI
MMDCCXXXI
3702
2471
DCCXLIX
1064
MDCXC
1847
CMXXII
MMMCCCXL
MMCDXLIII
MMLXXXI
CDLXXXVI
MMDCCLX
CMLXXVIII
MDCXVI
MMMDCCV
MMLXVI
MDLXI
329
MDCLXXXVII
2725
MMDCCCXCIV
3612
MMCMLIV
MCCCXIV
2417
MCMV
MCCLXXIII
1681
2069
DCCCXXXIV
395
1522
CDXXV
2605
MMDCCCLIV
MMCMXCIV
1810
1120
MCCXL
DCCCLVII
2132
418
MMMDCXIX
MMDCCCXLIX
DCCL
DXLVIII
MMMCMII
2296
1555
MDCCCL
MMDLI
3164
3677
DCXXXV
MCDXIV
2612
3552
2519
CMXCIII
237
MDCCCXXXII
MMMCXXXIX
625
407
1757
3345
2286
3488
2840
744
2849
DCLXV
DCCLXXV
3262
3085
MCCVII
MMMDCCCXLII
MCXXVIII
MD
DCCLXI
2360
1603
MDCCCVIII
3356
MMLXXII
MCCCXCIII
2853
3041
3460
MMCLXV
855
2499
MMCMLXI
MMMCDXCII
390
CDLIV
MMCXIII
1788
3733
855
MMDCCCI
MMMCMXV
DXXI
MMDCCLXXXVI
MCCII
MMMCCCXXIV
MMCCCLXXXII
MMCCCXCVIII
MDCCXLVIII
MDCCXXV
707
880
2873
1447
1666
MDCXVIII
CCCIX
MMMDLXXVI
451
1362
3598
2467
67
2582
MMCCLXXXVIII
1693
MMMDCCCLXVI
860
MMMCLXXIV
1935
MCXXXVIII
1046
3136
1169
22
3733
MMMDCXXXIII
DCLXXX
1133
1114
1663
1282
MDCCCLXVI
MMCMLIV
2423
3679
MMMDCCIII
2366
6
CMXLI
3077
MMDXLI
MMCXXIV
3651
3503
594
2433
DCCCXXVI
DLXI
615
2054
805
MMMLXVI
3905
2819
1392
MMMCDLXXI
925
MMDCCCLXXVI
MMMCDXXI
1067
1068
965
IV
2078
2132
DLVI
2731
MCDLXX
MMMDCLXXXVII
1771
MMMCMLXXIV
MMCCVIII
1755
1225
709
MMMCDLXX
3266
3074
CCCLXI
CCCXVIII
MCMLIV
MMMDCCCLXX
MMMDXXIX
DXLIII
CI
201
MDCXXXII
MMMCCXLI
MMCCCXLI
903
2090
2505
MMMDCCLXXXV
MMCCVI
141
MMCDII
MMMDXII
MMDCCXCI
2539
1646
1405
997
675
1057
MMMCCCXXVI
MMDCCXC
2971
MMMCXCIII
2828
MMMDCXXXIX
CCXLVI
MCCXCV
MDXCIX
MMLXX
855
2756
MMMDLXXXVIII
702
MMMLXVIII
MMCMXCIV
168
MMMCCLXXIII
MMMLXXXII
1367
1588
MCCCLXXXII
MMMDCXLI
3602
MMMDCCXXVI
MMMDXXXIV
MMDCI
63
MMMCXXVI
1713
3081
MDXXXVIII
849
MMMCMXIII
1370
MCLXXII
3663
1596
MLXXXVII
DCCLI
1842
MMMCDIII
MXLVI
DCCXXXVI
MMCMXXXIX
48
1076
CMII
2134
2715
MCDXLVI
2786
1050
1426
2157
MLXXXIV
MMCMLIV
MDX
MMMDCCXC
MMDCCCXXV
3837
MMCCCXCII
1977
289
MCCIV
MMDCX
2215
MMDCXXIV
3589
MMCDLXXI
MMDXXXI
CLIII
59
1673
222
745
MMMDXCIV
MDCCXCIII
CMXCIV
MCMX
MMDCCXXXIX
2526
DCCLXXIV
CLXVI
1657
3943
3164
3952
MMMDCCCXV
1785
MCMLXXIV
CCXLVII
2842
CCCXIX
3041
3471
CLXXXVII
2801
MCDLXXI
2800
CCXLIX
1049
MMMCMXVIII
MMCMVI
MMDIX
834
2310
1021
1961
974
MMMCXXVI
MCCXXVI
399
MMCDXXVI
MMCDXLIV
2227
CMXXVII
558
2014
MCCXLVII
686
3293
317
3678
1171
3820
MDCCXCIV
MMDCCXCII
MMCMLXIV
MMMCDVIII
339
482
2240
MCXLI
MDCXVI
287
MMDCCLIX
MMMCMXC
2251
1287
MDXXXIX
1383
MDCXXXV
XIV
MMMDCCIV
MXXXII
3416
CCCXII
131
2186
CMLXXXVII
2169
MMMXLIII
CCCL
MXLI
MMDCCCIX
1414
MMMCCXXII
3858
1528
2474
2073
MMDXXVII
3869
2092
2650
3553
311
3896
MMMCCVIII
MMCCLXXXVI
CCC
MMCLXXXVI
3624
CCXII
MDCCCXVIII
3142
2036
MMMDCCLXXVIII
2811
MMMCCCXXIII
MMCXV
MMMLXII
MMXLVII
1674
3790
1218
1776
MMMDXXIX
3046
MMDCCCXLVII
3154
CCCLII
1289
CDXXII
512
2085
3627
CMXVII
MMDCLXVI
42
1663
3343
MMMDCXXXVII
MMMCLVIII
1264
MMMDCCCLXXVI
MMMDXIV
DCXVII
1023
MMXLV
2343
1220
MMMCCLXXXVI
78
1363
DCCCXXII
2479
MCXII
MCDXIV
MMMCCCXCVII
MMCDLXXXI
MMMDCLV
MMMCCCLXIII
3565
MMCMXCII
1947
DCCXCIX
3753
MMMDCCXLIII
MMCXCI
2816
MDCIV
CDXXXIII
MMMDCCVIII
VII
1286
2823
MMCCCXIV
MCMLV
1367
3039
MMCLXIII
CLXVII
1037
XIII
MLXVI
MCLXXVIII
MLXXV
CMLXXXVI
MMDCLXXI
MMDCCXLIX
XCI
MMII
MDCCLII
2742
384
MMMDCXXX
109
2380
3080
3255
MCMXC
256
3776
3558
1814
1612
548
MMDCCCXCVI
MMDLV
MCMXXXIV
665
MDCCLXXXIII
2717
1952
2065
3646
MMMXXIV
DLXVI
1816
1728
2919
MMMLIX
MDXC
MDCCLI
MMMCCCLXXXI
MMMDLXXIX
1133
2606
MMMCMXXIII
1555
MMDLXXXIX
1751
MCMXVI
2775
CDXLI
2784
3959
1780
1515
2202
2715
DCCLXXXVI
2498
2427
MMMDCCXCV
MMXVI
375
2770
MMMCLII
XXXVI
3848
MMDCCCXCV
MMCMLXXX
CMXLVI
CLIX
1743
3053
1200
DCCCLVIII
DCCXLIX
1064
739
MMMCLXI
CMXCIV
MMMCMXL
1126
MCLXV
MMDCCX
3768
3450
MMLVI
2830
3233
MMMDXLIX
584
2219
1118
1534
3390
1650
MDCCLXXVIII
MMMXIX
MCCCLXXII
MMMCCIII
MMMCVI
619
DCCCXIV
DCLXXVII
2805
MMCMXLIV
3744
MMMDCCCXLIV
MMCMVIII
2594
3987
MMDCXL
MMCMXLII
MCDXL
XX
MMMXXVIII
3802
MDCCCLI
3482
2049
MMCCXXXI
MDLIII
XXVI
MCDXXIX
2777
CMLXXXIV
2267
MMLXIV
MMMCDL
MMCXII
2985
769
MMCCXXII
2668
1673
CDXC
2369
MDCXLIX
MMCMI
MMMDXI
DCLXIX
MMCMLXXIX
546
404
553
MMMDCLXXX
3760
1175
MMCXCI
390
MMDCLXXXVIII
3001
600
MCLXIII
MMMXLI
DCCXXXVII
MMDCCXXVIII
3923
MMMCC
MMMCVII
CDXXVII
MDCLXXIX
MMDCCCLXVI
1242
691
MMMCCXXXIII
MDCCXC
MCDXL
3348
MMMDLXXX
MMCCCIII
LXIII
951
763
CCCXXXVI
314
946
MMMCIV
MCCCLVII
3619
1994
3510
MMCCLVII
MMMCDII
MMMCCCXCIX
2749
6
MMMCMXXXIX
MMMCDXCIX
933
MCCCXLVI
CLXXXII
MLXXIII
843
MMDCLIII
MMMCCXII
MXCVI
MMMDCCCLXXXIX
MMDCXXXI
MMDXCIX
3087
MCDXCVI
2182
MCMXX
MMDCLXXXVII
MMMCCCXLV
MMCMLXVII
MCDXXVIII
MDCCXXVI
2629
2299
3070
2951
36
3039
CMVI
717
166
1271
3001
MMDCCCXCIV
MMCCCXXXI
1489
MMDCCCLXXXVI
MMMCMXXXV
2572
MDCCLXXV
3205
2382
3342
3014
2974
MMCCLXIV
MMMXLVIII
1308
2099
280
1285
DCCLXIV
2567
3370
MMCXXVII
1244
MCMXLIX
MDCCCLXXXVII
1470
MMMCCXXX
755
3713
MMMXXIV
992
MMCCXXXIX
2149
1209
2561
1474
MMDXXV
MCCXLIX
3732
MMMCCCIII
MCDVIII
MDCCLVII
2073
356
MMMDCLXXI
3554
XXXII
CLXXXII
MMMCDXXX
MMCCXXVIII
1614
MMMDCXCIII
3351
MMMDCCCLVIII
MCDLXXXI
2849
674
1123
1124
MCLXXXII
MDCLXXXII
DCII
MMMDCCLXX
2566
3674
1134
14
MCDLV
MMCCLXXVI
MMXXXVIII
1697
MMMCMXXXIV
MCMXVI
941
1089
1306
MDCCCXXXVIII
DCCCXXXII
MMMCCCLXXIV
MMMDCLXXIII
MLIII
CDVI
356
MMMCLVI
MMCMXXXV
1958
CCCXLIII
1194
MXVII
MMDCCXVIII
MMCMLXXXIII
MMMDCCCLXXIX
2578
MMMCMXLIV
3490
MMDXLII
MMMCMXXVII
MMMLXXIX
MMCMXCIV
3504
MMCDXLIV
2271
3010
3807
LXXVIII
253
3006
68
1374
181
MMMDCCCLXX
800
1332
575
MMMCMXC
DCXCV
DLXXXIII
523
1281
MMMCMVI
3408
1390
1964
MDCII
1245
MCCCXXIII
3913
MMXCIX
409
2709
MMCDLXXVIII
MCCCXVII
XXVII
MMDCIV
MCCLXXXVIII
2639
2026
DCCXCII
1147
MCXLII
2293
2032
2752
MMMCDLXIII
1952
CDX
1381
1998
MMMDCCXCIX
3210
MCMI
3837
3759
MMMCCCXXIX
MMMCLXXXVII
3359
3574
1133
MMMDCLXVI
MMMXXI
MDCCLXVII
2728
518
CCI
1302
2353
DCCLII
1170
1258
3833
DCCXLVI
2525
CCX
3850
MMCL
CXL
MMDCLVI
3870
1499
MCV
1471
943
MDLXII
2585
3692
1788
1335
268
949
626
MMCDXXVIII
MMMCCCLX
MMMCDLXVIII
2620
2346
1711
MMDCCLXV
XLVII
MMDCCXC
MMMDCCXVI
2871
MMMCCCVI
MMCM
MCMXLII
MCCCLXXX
MMXXIX
839
3814
MMCCXXXV
MMCMLXXXVIII
3239
2471
CMXCII
1031
MCCLIV
2301
MMMD
3902
MMXVIII
MCCCLXXXIV
MMDCXIII
2337
2715
339
MMMCCXC
MMDCXXXV
XXIV
1935
3192
1047
MMMDCCCXIII
DXIV
3626
MMMCDLXXIX
45
778
2722
MMDCXXX
MMCCCXLIX
1479
CDLXXXVI
2756
1323
2466
MCCLXVI
MCXCV
3485
MMMCCXII
3637
CCXIV
MMMXXXIV
MCCLXXII
2672
1038
DXXXV
CCLXVII
MMMDCCXLV
3803
2323
DCCCLIII
MMMCLXVII
MMMCDLXXV
915
1208
3462
3830
3044
298
MDCCXCII
1821
MMCCXXIII
2972
14
MCMXIV
MCCXLIX
DCXL
3980
665
73
2428
MCLXXXVI
2982
665
1221
MMMDCLXIII
612
MCXC
MCXLIII
3699
DCCXLVI
628
1430
260
926
MMMCDXXXVI
MCDXXXVI
913
DCCVIII
4
3235
MMMCDXLVII
MMMCCCLXXV
2651
MMMCMXCI
MMMCLXXVIII
357
3788
MMCMLXXVII
1091
799
DXCVII
2489
1252
1113
CMXII
MMMCMXXII
640
MCCXCVI
MMMLXIV
3997
2471
3296
1833
1354
1204
MLXXXI
MDLXXVIII
622
3459
3674
3122
MDCCI
509
MCMVII
CMLXXXII
2226
2419
3251
1813
2653
DCCCLXXXII
1374
652
DCLXIX
2212
DLXV
700
1910
3007
2945
MMMDXLIV
DLXII
MMCXIX
3741
285
MCCXLIX
MMMCCXLI
2979
MMMVI
MMV
DCLXXVII
MMMDL
2309
MMMCMXX
MMCCLIII
CMIV
MMMCCLIV
2968
MMCMLXXXI
MMCDLXXIV
CMXX
2713
MCMLXXIII
MMMXII
MMMXLII
525
MCCCLXXIX
3025
1343
1318
MMMDCCLXX
MMDCXLVII
52
1142
2407
MMDXCV
MMMCDXXX
2422
MCCCXCVIII
MMDCLXXIV
MMMXXIII
DCLXXXIV
MMMCCCXXIX
MMXXXIII
MCCCXXXVII
MCDLXXIV
3544
592
MMCCCLII
2298
MMMCCLXXIII
3255
MDCCCXCV
3932
3236
2674
MMMCCCLXXXII
DCCXCVIII
292
3265
678
MDXXXV
1634
MMMDCCCXXI
DCCCLVII
1558
DCXXI
2502
1469
2067
772
630
MMMDCCCXC
3533
CMLIV
MMCLIII
MMCLVII
MCCCII
MMMLXII
CXIX
3104
1317
CCCLXIV
MMMDCLXXI
2816
1895
MMDCXXXVII
MMCMLXVI
3370
MMMXCV
2290
MMCCLXVIII
2429
MCDXXVIII
MMMCLXIV
MCMXLII
2271
936
693
CXXX
2692
456
MMMCCLXXXIV
121
CCXXI
MMMCDLX
3792
MMCMLXXV
614
MMMCXXIII
1765
3522
2428
MDCXLVII
137
MMMCMLXXXIII
MDCCCLVII
MMCLIV
1222
448
2925
MMDCCLIV
2069
MDCXLIII
3032
1650
MMDCCXXXVIII
185
MCCI
33
2412
1989
3177
3301
MMMDCCXXVI
1881
MMMCV
MMDX
MMXXXVII
MMMCXLIX
1480
3552
MMDCLXXXVIII
1949
CCCXXVI
2781
DCCCXXXIII
MCMV
DCLXII
DCCCXLVIII
493
675
CCCLXXVI
MDCCCVI
MCDVIII
2086
1378
3534
MCXCVII
301
2052
MMMCCCLI
MMMDCCCVI
3073
MDCXXXVIII
1140
LXXXI
3151
146
235
MMDCXVII
737
3649
1801
MMCCLV
MCXXXVII
3
2480
1890
MDCCCLVII
MDCXLVIII
MCCCXVI
MDCL
3970
MMDL
613
1282
720
MMCCCIII
2130
MDCXII
1697
MMVII
879
1255
1754
XCIX
MMMCXCII
749
982
3725
1037
925
1977
MDCCCXXXIX
2146
1103
CCXCVI
MMMCCCXIV
1876
3661
DCCLXIII
MMMCXVIII
3941
MCLIX
MDLXIII
3219
MDCCCLXXXVII
2711
608
MMMDCCXXIX
MCMI
2576
MMMCMXC
2903
1952
MLXIV
2465
MMDCCV
1264
1953
3068
3425
1344
MLXXV
3532
MMCCCXIX
9
CCX
43
2022
1345
MCCLXXIV
CMXV
1391
CCXXXVIII
2541
CMLXXIX
CMXL
484
DCCLXXXV
3666
DCIX
MMLXVII
3302
3146
MMMCCXXI
915
MLXXXV
2596
MDCCXXIX
2057
864
2285
1300
501
MDCCCLXXI
MMDCCII
MMCCCLXXXVI
DCCXLVII
3712
MMCCCVI
CCCLV
MMCMLXXI
1299
1707
CXCI
MMMCMLXXV
CCLXVI
MMMCLXIV
1013
2168
MMMCLXXIII
DCXI
545
854
MDCLXXVIII
257
1188
2185
CCXLIX
MMDCCCLXXIII
675
3586
328
MMMVI
CVII
MCMLVI
2433
CDVII
MMMDXVIII
3174
3454
2010
1847
3596
1186
MMMDCXXIV
MDXI
MDCXXXIII
2560
557
2617
MMMCMXXX
2793
2239
1998
MDCLI
MCCCXLV
MMMCCCLXVIII
MMCXXXI
3547
MDCCXX
MCCCIII
1832
MMXXIV
360
MXIV
1939
3311
MCCCLXXIII
MCCCXIV
90
MMMDCCCXIV
1845
1747
1876
MMMDCCXLIII
MCCXXXIX
1690
3223
MMCDLXXXV
MMMCMLXI
978
3921
MDCCCXVI
MCMLXXXVI
2667
3314
MMMXCIII
MMCCCLXXXIV
1663
CMXXV
3638
344
MDCXXXI
MDCCLXXXV
65
1874
1834
284
3149
MMMCCXLV
1238
3013
1553
3064
1086
1022
2332
3936
1307
MMCXCIX
472
MMMDCCV
2207
905
MMCMII
CCC
MMCCCXLVIII
2961
MMDLXXXIV
MDCCCLVI
1672
MMCDLVI
MMCDXIX
MMCXXIII
MMMDCCCXCVIII
970
MMDCLXXV
3097
CCXXXIII
1963
MCCLXXX
3487
MMMCV
MMMCMLIII
3075
CCCXXII
3422
3068
2012
19
3701
MMDLXXIII
2692
MDCVI
MMLVIII
3564
319
960
768
1234
998
3685
MMMDCCXXVIII
2021
2274
MMMDLXXVI
2009
DCCCLIII
1889
MCCXLV
MMDXV
MMMDCCCXLV
819
2594
MDCCCXLIX
2481
MMDCXCII
DCXCI
MCDLXXI
MDCXLVI
ML
MMCCCXCVII
1890
1598
MMMCCCXL
1378
385
2568
MMMDCLXXII
MMMCXLII
3621
2164
MMMDCXVIII
MMMDCCLIX
MDCXLVIII
MMMDCCXXI
1239
1671
1383
3749
3639
542
MDLIII
991
1265
670
LXVIII
3500
MXLII
MMMXLIX
1632
1860
MMMCMLXXXIX
MDXXX
MMDCCCIX
351
CCLXXXIX
MMMCMLI
MMMCLXX
DCCCLXIII
2284
3547
MMDCCCXLI
MLXVIII
2970
MCMLXXIV
1042
MMMDCXXXIX
DXXIV
1489
3299
DCXLIX
MDCXXI
2691
2672
MMCDLI
MDCCIV
3182
CMLIX
MMMDCCXV
2537
3722
2771
MMCCXV
1451
852
2774
701
1832
DC
845
MMMDCLXXIV
MMCCCXCIV
DCCCXXXI
2217
727
MMMCMVI
464
MMMDCCXI
2559
3330
MMMDCXII
1391
2408
MMMDCCLXIX
MMMCDXXXIII
2615
3966
3260
119
3675
2456
MMDCVIII
2684
3284
2404
993
1683
298
926
3636
MMDCLXXVI
MCDLXVII
2400
22
MDCCCXCIII
MMCCIII
443
MCCCXXI
DXLII
MMCDXVII
MXCVI
3978
DCCLXXXIV
MMCDLVI
MMCCCXLII
CMLXX
MMMCDXLIII
MMCXLIV
1295
MMMDVIII
1636
CMXCII
2174
XL
MMXXXV
CCCLXXVIII
MMDCCXVII
MCLI
MDCXLI
1892
1031
CMXLIV
183
3547
MDCCCXVI
2849
MMDXLVII
3957
MMMDCXXXIX
2113
3753
MCXCVII
MMMDCCCXLII
MMDCCCLXXXV
MMMCDVIII
2901
3145
2928
493
1086
MMMCXXVII
DLXXVIII
MMMCCLX
774
MCCXVI
343
1688
2447
504
1035
692
1760
CXCIX
MMMCDXVI
2815
MMLX
MCMXCV
MCMVIII
2975
2001
MMDLXXI
3576
413
1407
1064
MMMDCCCXXV
968
2607
1197
MMDIII
1929
1424
2546
2359
MMMCMLXXIII
MMDCCLXVIII
MMMDCLXXXII
2043
3976
MMDCCLXXXI
1358
MMMCCCLXXXIX
CMLIV
2148
1427
MCMXXVI
CLXV
1827
MCCIX
489
MCMXC
1388
3163
326
2146
MMDCXIII
MMMCDXCI
DCCIII
CMLXVI
721
3738
429
575
1012
2666
DXXXIX
MDCCCI
1913
1820
MMCXXV
MMDCXVII
3409
MMCMXXIV
2783
MMDCCLXIV
DCCCXLVII
3082
MMCCCXCV
1249
2162
146
2684
CMIX
MMDCCCXXVII
139
MMMCMXLVIII
3081
MMMDCLXXII
MDCCXXII
475
877
MMMCCCXCIV
DCCCXXIX
1746
MLII
CCCXXXV
405
DCCCLI
3171
2553
1647
MDCCXLII
CDXXVI
MMCMXXXVII
2696
MMCCXXVII
MMMDCLI
DCI
DCCCLXXVI
MMMCCXCIV
MMXLIV
3714
DCCXIII
3741
997
MDCCVI
427
3772
2829
MCMLXVI
2254
2407
3751
2555
1616
MI
2898
MMMDCCLI
66
MLXIII
MCCCLXIV
2940
MDXXXV
CCL
MMMCXVII
MCCCXVII
2395
3417
1866
2300
MXXXVIII
3640
MMMDCVII
195
MMMDCCCXXXIII
MMDCCLXXXIV
70
705
MMCCXCVI
2523
2655
464
MMDCCLXXXIV
1712
MCCLXXX
MMMLIV
3321
3568
2465
2961
2176
MMCCLIII
417
MMMCLII
MMCLXVII
938
CLX
MMMDCCLXII
MMCDXLI
MMDCLXXXVI
CDLXXXV
2702
MMMCCL
3267
3937
2176
333
MMMCDLXXXVI
1789
MMMXVII
2573
1629
DCCXCVI
DCLXV
CDXIV
CMXCIV
1612
MMXCII
289
CDXXXVI
255
1342
MMMDCLI
DCCXCVI
MXXX
MMMDCCLXXXVIII
113
1083
MMLXVI
1147
MMCMXXVI
3493
MCDXXVIII
2580
MDCXXXI
1504
MMMCDLXXXIV
MCCLVIII
MCCIV
MCDLXXX
2655
MMLXXXV
2298
42
2259
222
2598
DCV
2959
CXI
MCCCXLV
MMXXXVIII
DCIII
XXII
CMLIX
1739
1102
2134
MX
2480
MDCCCXLIX
MMDCCCLXXVII
1080
CMXIV
MMDCCCLI
1676
MDCCCXLVI
598
MD
837
669
DCCXLVI
3752
3809
DCLXIV
CMLXVI
MMCMXX
1175
2449
2293
1815
3537
2351
2778
2549
MDCXII
MCLIII
438
MMDCCCLXIV
391
CCCXXXIII
3229
MMMCCCXLIX
MDCCCLXV
2513
MMMCDLXIII
3565
1547
168
2905
MMD
270
MCCCLXXVIII
DCCXCVII
CCCLXXXIV
MMDCCXCVIII
2305
CMXX
MMMCCCXXXII
MXXXVI
MMDCCCXCIX
1942
MMMXXIV
531
70
MCCCLXXXVII
MCDXLV
1093
LXXXV
MMCV
MMMCCXVII
MMDCXXXIV
568
LXVI
MMCMXXXIX
MMMCXIX
2747
3431
DCCCXXVIII
3260
2557
MMMCCCLIII
834
MMMXXVIII
MDCCXCVII
550
DCCCXLVIII
969
3040
MMMCMXXXII
CLXXII
994
676
155
3167
1772
673
MMCDXXXVII
MMDCLV
CCCX
1516
CMLXIII
3880
3647
MMMCMXCI
1781
120
MMMCCCLIV
CXX
2818
2412
3175
1320
MMMCDLXI
2480
DCII
MMMCMXXXVI
2820
2875
2315
962
MMCMXXXVII
1415
3842
CDXXIX
MMMDCCXCVI
2599
MMDLXXI
MDCX
MMMCCCXLIV
MMMCMLVI
3304
MMMDCCX
1692
3625
3656
1070
MMMDCXV
MDCLXVIII
1003
3713
DCCXXXIII
DCXII
2946
2462
MMMCMLXXVIII
MMMCCCLXXIV
DCXCV
MMMDCCLXXIV
2551
MMMDCCLVIII
MMCCLVIII
MMMDVI
1632
CCXIII
3526
MMCCCLXII
3870
1957
CMLXIX
MMMCXXX
MMCCCXXIX
851
3590
830
1187
MMCXL
1130
1285
2560
53
763
2826
2506
DCCLX
MMDCCCLXXII
2760
1139
MMCDII
MMMDCXV
2094
MMMCXCII
3565
1303
MMMXXX
DCCCLXXX
MMCCIII
MDCLVII
2032
3447
1452
MMMCMLXVIII
MMDCII
1539
MMDCCCVI
2825
MMDCCXXVII
MMMCXIII
154
MCXIII
1154
3040
2672
DCCXXV
MMDXCV
103
787
2875
310
MMMCCCXVIII
MMMCXXXIX
MCCCLXXV
MMCCLXIX
CDXL
3683
CMLXXXVIII
2857
2907
311
DCXI
341
1713
DCCLXXVI
1574
652
CXXXV
MCCCVIII
MDCVIII
793
MCMIX
2324
1442
MMDXVII
MMDCCLXXV
2047
CCXXXI
MMMDLXXXVIII
DXXIX
XLI
MCCCXXIV
2784
CLI
3189
3483
1535
754
CMXLVIII
3233
MMMCMXX
3472
CCLXXXIII
DLXXXVIII
MMMCCXCVII
MCCCXXIII
DCCLI
901
MDLXVI
2160
MMCMXIII
CDXLV
MMDXC
LXXXIII
3071
DCLVI
3911
1915
MMMDCCLXXXVI
453
MMCIX
3582
MCCIV
3740
DCCI
MMDCCXXV
MMMCCXCII
2376
MMDCCXIII
MMCDXXV
MDCCCLVI
800
700
3266
MMMCLXXXII
MMXXIX
MCLXVIII
MMDCXVII
MMMDCCXXXIV
MMMCDXX
MMMCCCLXXXI
3095
1747
1998
2771
MMMCXVI
325
MMMCCCXVIII
MMMCCCII
DCCLXXVIII
MCCXVIII
2524
CMLXIX
MMCI
MCDXVIII
1305
2448
MMDCCCXXXVII
2344
2018
MMMCXLVI
3097
3059
935
CLXV
2796
500
CCXXXVI
134
265
3030
517
MMCMLXIV
1050
3605
MDCCIX
2042
MCLXXXVII
1413
2362
MDCCXXXVIII
DCXXXVIII
MMDLII
MMMXVIII
1906
2022
1767
CXXXVI
320
MDCCXC
MDCCCLXXV
CMLXXIII
1810
MMMCCCLXXXVII
3865
MCCCXLII
3266
3836
2757
MMMDLII
1498
MCMXLII
174
MMXXVI
3612
2905
MMCLV
1922
1599
CLXXIII
MMMCMLVIII
782
3337
DCCX
3042
1770
MDCCLIX
2650
MCDXVIII
774
1984
MMDLVII
989
MMDXXXII
1357
2028
2863
CC
3425
DCCXXI
1282
3699
MCVIII
MMCDLXXIV
3460
DCCCXXVII
2815
3552
MMCCXVIII
MMMDCCCXV
1824
MLXXX
MMCCXIII
2997
3168
984
3669
3694
1734
1794
2623
MCMLVII
1801
CCXXI
216
MMMDCCLXVI
2016
MLI
LXI
MCDXLVII
514
3444
2066
3777
MMLXX
1673
683
1909
1348
1642
2888
389
DCCII
MMLXXI
MMDCCXXXIV
1285
2471
301
1622
DIII
MCCCLXI
CMXCVI
1031
MMMCCXVIII
MMDCXCIX
MDCCCXCIII
MMMCDXXXI
VI
MMMDCLXIX
3147
MMDII
320
MMMCMXXIII
MMMCXXXIV
MCCLX
MDCCXLVIII
MCCCXXXIX
3094
MCCCVIII
DLXXXI
MMMDCLXXXI
3739
3153
3975
1141
DCLXIX
352
MCCXXX
MMDXCVIII
2403
577
MMCM
MMDCCXXVII
MDCXXII
MMDCXLV
2073
MDCXLVII
MMCLXXXII
MMMCDLXVII
2055
2874
MCL
1488
MMMCCCLXXXIX
MMCCLXIX
MMMDXXVI
MMCCXVI
DCCCLXXXVI
MMCI
3091
MMCCXXIV
1796
3560
8
MMCMXXXVIII
MCCCXC
MDV
MLXXIII
2319
2053
3709
DCXIX
895
MCMIX
2402
958
MMCCLIV
433
560
MMMDCLXXXIV
MMDCCLXXXVII
3504
1781
1643
CCXIX
3837
DCXCVIII
MMDLIX
MMCCCXVI
DCLIX
276
1484
MMMCMXIV
1485
DCCCIV
590
1500
1138
MMMDCCXXXVII
MCLXXXVIII
3674
240
1623
MMCDXVII
MMMCMXLVII
965
2684
435
1350
CCLXX
MCCXLVIII
MMCCXXXVIII
2400
MCMXV
MMCDXCVII
3199
MCCCLXV
MMMLXXIV
485
534
1790
MCDLI
MDLXXX
MMMCCXXVII
MDCXXIX
MMMCCLXXII
MCCXCVIII
MMCDXXIV
1005
3651
MCLXXXI
3344
CCCXVII
3782
MDCCCLV
DCXLVI
MDCCCXXIII
168
CDXVI
130
3677
2944
3565
MMMDCCCLXVII
1353
275
MMMDCXCV
717
XX
3291
62
CCXIII
334
1116
1862
MMCCCLXXXII
MMMCMLXXXIV
DXIX
MMCMLXXVI
850
3831
678
1937
MDI
1278
MCCCLXXXII
3816
3440
210
1023
3056
2291
1069
1017
102
2854
2868
2786
MMDCII
1895
MCMLXXXI
2797
257
3130
764
CMXCIX
MDCCXLIX
2806
MMMDCXXXVIII
DCCIII
MMMCDXX
626
126
MDCCLXXXIX
MMCMLXXVIII
MMMDCCCLXXVII
535
MDCLII
1972
804
3620
MMCCXXXI
1947
362
3598
MDCCCIX
DCCLXXVII
490
XLIII
476
MMMCLVII
MMMXLIX
3173
MMCCLIII
MMCCCLII
3222
MMMDCLXXVI
7
361
1484
3676
3811
1229
1789
572
CCXLV
DCIV
MCCXCVI
MCMV
2053
1463
MDCCCLXXII
DCLXVII
2346
MMMDCLII
3082
MDCCLVII
MMCDLXXIII
MCXXXVI
1884
MMMCMLXIX
CMLXXXVIII
MMMDCCI
MMDCCCXXXVII
3615
MMMCCXV
MMMDXLIV
3214
MDCLXXXIX
2458
MMMCCXXXVIII
DCCXLIX
MCLXX
MCCLXVIII
MMMDCCLXXXIII
MMMDCCCXCVI
816
583
1444
3646
DXII
MMCXVII
1706
2529
870
2844
MMCCCXCVIII
MMDCCCLXXXIII
942
868
MMCDIII
233
MMMDCX
2313
CDXXX
MMCCXXXIV
MCCXC
63
3226
MXVII
MMMCDII
MCCXVIII
MMDCLIII
341
MMCCXXII
2695
MMMCMLIV
MCMXII
MMCDXXII
2633
1182
1391
MDLXXIX
778
191
3104
MMMCCLXXV
3074
MCCCXCII
1334
MDXXV
2897
885
1181
899
MDCCLXXXI
MDCXLIII
2964
XXXIX
MMMCMXLVII
MMMCLXXXII
952
MMMDCLXXXVI
MMCCLXII
DXLI
MMMCLXXXVIII
CDXLVII
1054
1018
MMMDCCCXLIX
2948
762
MMMDCCCLXXIV
XVIII
1958
MMMDCCII
2070
MCCXII
443
MMMDLXXXVI
MCCLIII
MMCXCV
1307
CLII
MDIX
3372
MMMCCCXXXV
2212
3034
MDCLV
MDCCXII
2991
2255
2377
MLXIX
MMMDXXXVIII
MMMVI
3648
CCCLXXI
1463
3874
MDCXX
1158
333
3401
2402
MMCLXXXII
MCMLI
3791
3823
MDCCCLXVII
MDCCXXXIX
MCCXLVII
3262
MMDCL
CCCXLIV
MDCCLXXVIII
1644
MMDLXXIII
MMMCCCXXVII
1360
2927
3963
270
868
MCDXLIX
3745
MMDLIX
1198
MMMCMLXXXI
MCDLXXV
169
3057
2762
2157
840
560
2132
DCCLXXIII
MMCLI
MMDCXLIV
2791
MMMCDLXXXVIII
DCCCLXIV
CCL
1969
194
1453
3443
MMMDCCCLXVI
255
MMCCCLXXXI
CLXXXIV
MMDCXXXIV
3699
DCLXXXVI
CCCLXVI
MMDCCXCVII
MDCCLXXX
DCXXX
MMMCCX
MMMLXIII
331
MMDCCCXXXIX
662
351
MMCDXI
DCLVII
MMLXXXIV
2451
499
MMDCCXCII
MMMDCCIV
751
885
3503
CCCXIII
MCDXLIV
3566
CCLV
MMMCCCXXXIV
752
3420
2535
MMDCXXIX
3245
1712
DXXXVIII
1186
1761
1274
MMCCCLXIX
MMDCCCLXVI
MDCCXCVI
1801
786
MDCCXXXV
MCCCVIII
MX
1315
MDCCCVII
3910
2363
978
1411
CCLXXXIV
MMMCCLXXVI
MMDL
1470
MMMCMXXXII
2342
2282
1238
DLV
MMMDCCX
2291
CDLXIII
XXVI
MDCCI
94
DCCLXXXVIII
CDVIII
MMMDCCXXIV
MMMDLXXIV
2558
CCLXXIII
CDLXIII
3368
1526
DCLXXX
MMMCMLXX
MDCCCXVIII
568
MDCCLXV
934
1430
CMXXI
2896
1960
3299
MMMCCCLXXXVII
2547
MDCCLIX
2460
MCCLXXVI
DI
DCCLIV
3949
320
CDXXV
3086
2537
MMCMXII
2263
MMCMXXXVI
MDCCCXLVI
1054
1974
MMLVI
2654
835
MCMXXX
MMCDXXXIII
842
MXXIX
16
3955
172
3127
DCCCVI
MMMCMXXVI
MMDCXXIV
3372
513
2297
CMLXXVII
MXII
CCCLXI
MMMDCCXLIII
837
MMMCCXXIII
257
1539
167
3356
933
101
2215
2304
1428
CMLXXXIII
MMDXCVIII
2293
3815
DCCLXII
MMMDCLXXXVIII
2719
MMLXXIV
607
MMMLXXII
MMMCXCII
366
660
3326
MDCCXXIX
MMMDXLVII
91
MDCCCXIII
MCCLXXV
MDCCLXVI
MMCDXXII
413
3010
MMMDXCII
MCLXVII
MDCCCLXIX
CDXIX
735
MCCC
MMMCCCXLIX
3403
MMDCLXX
XLI
2725
MMMCCCXXXV
MMCCXXV
1063
MMDCCXVIII
3525
3223
3726
3399
DCCLXVII
MMCCCXLV
3170
MMCMXCVIII
3186
MMDCCLII
2492
2144
MMCVI
552
1019
1184
227
MMCCCLXXVII
CCCLXIII
2549
CXV
1935
2944
2987
MMCDXCVIII
185
MDLXXXIV
MXVIII
MMXXXIII
3065
MXIX
448
3724
3070
MLXXXI
CMXXXV
CMII
CCCL
CDLXXVIII
MDLVII
MMCCXXXVII
MMDCLII
MMMCCCLXXXVII
966
3148
CLXXXIX
3286
MXXX
MMMXCVIII
888
MMCDLXXI
MMXLVII
MCCCLXXXVII
MMMDCCLIII
2981
MCCXCIV
MMDXII
865
894
MMCMXVIII
1834
MLXIV
286
2560
3062
MCCCXXXIII
MDXVI
2010
119
MCDXC
MMCXCIX
MDCXLIV
MMMDCCCXII
561
CXX
2034
MMMCCCXXXIX
3368
MMDCLXXXI
MCDXLIX
451
1628
MMCCXCVI
1444
487
MDCCCLXXV
2820
MMCCCXXXVIII
527
771
MMCDVI
2142
MMMDCCCLXVII
3770
3644
3976
MMCDXCIV
MDCCCX
MCCCXLI
3320
MCCLXXV
DCCCLXXXI
MDCCXXXVI
3139
2428
2360
MMCCVIII
MMCDVIII
3754
3938
XVIII
MIV
MMVI
313
2891
3483
MCCCLIV
MCDXLI
1023
MCCCLXXIV
1610
142
2013
CCCXXXII
CXC
276
DCCCVII
2574
1261
1189
MMCMXXXIII
DCXCVII
1224
2996
1926
1576
2076
1693
1798
XXIX
2533
2463
MMCCCXII
3773
MMMCCLXVII
3625
443
2815
412
2571
3185
509
1564
2364
MMMCDXLII
2006
3362
LXVIII
MMMDCCXV
3092
2256
XVIII
1430
MMCMLIV
1055
3474
MMMXC
1791
MMDCLVIII
CXXVIII
1215
2046
MCDLXXIII
2734
1078
MMLXXIX
MCCCXII
2534
638
MMXVIII
MDCXCVII
MDCXXXVI
2193
2650
MMCMXCI
945
MMDCCXXXV
MMDLXI
1629
1661
897
3521
DCXLIX
2038
MMCCCXLVIII
3257
1904
3117
MMDCCLXIV
MCXLIX
3105
MDLII
3064
MMDCVII
DXXIV
MMMCMXL
1881
1667
2379
1739
736
505
MCMLXXXV
69
691
1880
1380
MCCLXX
431
MMCCXXXII
MMCDXXXVII
3641
1555
2146
DCCCXLIX
MMCMLXXX
MMMCCCLXII
MMDCCLXI
3267
799
164
1532
3890
MCDLXXIX
2656
XVII
MMMCXXXVI
MMDCCXXVIII
2041
XCVII
DCXCV
MCCLXXX
331
2738
CDLXX
2621
MMXVII
319
MLXXXVII
MMMDCXXIX
1192
2409
2356
MDLXIX
MMMCCLI
MMMDVI
MMXX
MDCCLIX
2590
MMCMLXVII
MMCCCLXVII
1021
280
1721
DCXXIV
904
3818
MMDXCI
MMCDLIX
MMMDV
CCLXIV
MCMVII
2368
MMCDXLIII
MMCMXCII
2295
2474
MMMDCXXII
2673
MMLV
1999
2539
MMMLXXIX
MMMDCCXLII
MMDCCCLXXVI
DCCCXCIII
3912
1693
MMCCLII
299
MMDCCXXXVII
2706
3037
CMLXXV
1482
MMMDCCCLXVIII
MMMXCII
CMLV
1758
MMCDI
MMMDXXXVII
DLXIV
3981
MMMLXXV
MMDCCLV
1205
2343
1863
MCXXIV
DCCCXXXVII
3367
624
2397
3108
2568
3326
1189
2076
CMXXI
1448
1568
3417
614
MCDVIII
872
MMCMLII
CDXCI
2358
MCMXXXVI
1270
MDCXX
3231
582
2288
2023
2083
CMXXIV
MCCLXXIV
CLXVII
MMCMXCI
943
MMCCCXXXV
MCDXCVII
MDCCCXCIV
MCDVII
1699
MMMCMXXIV
1699
824
3034
MMMCMXCVII
2293
MMMXI
473
MMCCCXXXV
MMDVII
MDCCLV
MMMCCCXX
CXV
MMMDLXVIII
2830
2563
MMCCXXIV
CDXXIV
1124
1507
MDCCCIV
2501
2218
MXXXIV
MMCDLXIX
3437
MMMDLXXXVI
2768
3233
MMMCDXVIII
MDCXXI
CDXXIII
1546
MDCXLVIII
MCDXLIII
1224
MCCXCII
CCCVIII
MCCCLXXIX
2282
3014
2810
CC
1265
LI
DCCCLXXII
MMMCMXVII
MMCDII
3679
3203
MMMCMXIII
3108
1597
MMMCCCLXXIII
CDVII
3342
2538
MMCMXXXV
XXVI
1964
LXXVII
MMMDCCXVI
DCCCLXXX
MMCCXXXIX
MMMDCLI
MMMC
3013
3617
MCXVII
MMDCCXVIII
MDCCCLXXXII
3961
CMXLIII
161
2272
MMCLIX
2276
MMMCDXVIII
756
2364
MDLII
660
MMVIII
MMMDCCXXXI
3096
2189
3764
3739
1207
2866
MDCLXVIII
MDCCCXII
2021
MMMDCLX
3977
MMCMVIII
2279
2056
CXLI
MMCMLXXXIV
MMDI
1064
3873
XXXIV
1342
CLXVI
3948
794
MXXXVIII
264
2586
CCCXLIII
MDX
2284
271
MMMDCCCLXII
DVI
MMMCLII
3774
CCXXXVII
994
1386
MMMDCI
MCCCXLII
CMXXXI
MMCCCXIV
1450
2868
CCX
3910
1456
MMMXCIV
CDXCII
MMDCLXXXIII
CMXLII
MMMCDLXV
MCCXXXII
3344
363
MMMCCXLIII
2160
MDXCI
1804
2516
287
MMMDCCCLII
MMMCDXLIII
1740
2846
3493
MMMCCCXLVI
DCCCLXXX
CDXXXVIII
MMMCMXI
MMCDLXXXVI
MCXII
CCXCVI
MMMCDLXVIII
MMMCCXVII
2693
1088
MMDCCLXXXIX
MMMCDXLIII
MMCXCV
MDCCLXXVIII
MCCLXX
273
3775
535
3432
1935
2170
3945
MMVI
3697
2445
MMCMXXII
3435
MCCLXXXVI
MMDCCCXL
2004
XXV
543
DCCLXXIV
3944
MCLXXXVIII
MMMCDXIV
MMCXXXIII
MCXXXIII
MCLXXVIII
1124
CDXXVIII
MCCCLXXXIV
CCLIV
3685
2199
3049
922
MCCCXXXIII
543
484
205
MMDCCXVII
MCXXIII
534
MMMCXXI
89
1373
3641
MXX
2316
27
366
MMMDLXXX
MMDCCXCII
MMMCMLXXI
1859
DCCLXXVII
MCCCXLIV
1609
3954
3119
3890
1911
3574
3620
MMDVI
MMLII
379
1604
CXXXIV
2152
2308
3921
2982
2043
MMCLXXXV
1494
463
MDXXV
3433
1671
MMMDCCCLX
MMMDCCXC
667
2488
3932
233
2588
1572
286
3537
2579
2128
1335
CCCXXXVII
793
3431
MDCXLVI
DVIII
3530
DLXIII
MMCDLXXVI
674
MMCMXXIV
MMCMXVII
738
MMMCDLXXVIII
414
CCXXXIV
1792
3628
2603
MMCXIX
2234
MDCCLXXII
1988
MDLV
MMCCCXCVI
MMMDXCIV
844
MCCXVII
MMCDXXIV
CCLXXIII
MMMDCCXV
3110
871
MMDCCLXVI
3303
2565
CCCXLI
2550
2598
725
CXLII
MMMDXXXIII
888
2377
1089
1803
MMDCCCLXXIV
CMLXVIII
3404
2879
CD
2977
MMMDCXIX
1900
MMXCIX
MMCCLXXXVI
MMCMLXVII
CDIV
182
DVI
CCLXIV
MMDXXXII
MMCDXLIX
3078
CDLXXXIV
MMMDX
1543
VII
3439
2759
MMCCCXCVIII
1771
2008
MXXVIII
203
1635
712
DCIV
435
DXXIX
2576
1059
MDCCCXIV
MMMCVII
2371
DCXCIII
MMCCCLXV
CLXXVI
CDLXXXIX
MMCCCXXXIX
3123
MMMDLII
2150
2759
MMMCCCLXXXV
3208
1349
1701
MMCDXLIII
2865
MCCLXXXVIII
3246
3363
MMCCVI
MMMCMLXVII
3247
DCCXLV
3328
MDCXV
3605
MMDCXXXVII
CMXLVII
1210
MCMXCVII
MCCXCVI
2829
3648
3725
3239
3480
3093
MDCXXV
117
418
MMCCXLIV
3570
357
2362
646
MMCCCXXIX
2662
MXLVII
CDXXXII
MMCCCXXII
2156
16
MMMCMLVI
MMMDCCCXXII
DXIV
MCCLXXXII
830
399
1871
CXIX
1193
CDXCII
DCCX
MMDCXCVII
MMCCCXXXVII
2628
MCCCII
1651
2096
MMMCDXCVII
MDCCXVII
3167
MDCCCXXVII
CXLVIII
605
1922
MMMCCCX
1868
3711
MMMCDLXXVIII
MMMCMXXI
1572
1324
2948
XXIX
1764
MMMCCCXLVII
3213
MMCCCXXV
DCCXXVII
MXVIII
MCMXXXII
614
MMDCCCXC
MMMCCCLXXXV
DCCCLXVIII
DLV
1523
MCXCVII
1331
1842
3621
2904
MMCXXXV
MMDCXLIX
MMCCLXXII
MMMCMX
677
MMMDCCLXVIII
2158
MMMDLVII
2340
3164
2209
943
DCCCXC
MMDCLXX
MCDLXVIII
CMLXXVIII
MMCXVI
MMMCLXXIII
XCI
MMXX
DCCCLXXV
3711
MMCDXI
MMMDCCCLXXIII
MMDCCLXXXIV
2249
MDCCLXXXVIII
MMMCXLII
2172
MMCDXIV
MMMDCCCLXXXVII
CDLXXXIV
MMMDCCXC
MMMCMXXI
MCCCXXX
1318
MDCCCXLV
MMDCCCXXIX
MCCXCI
DCCXCVIII
3323
1442
MMDCXLIX
3810
3704
3881
3858
845
1130
704
157
MCMIV
361
3053
619
2340
534
MMDLV
MCCXXV
2451
3896
MDXXXIII
MDLXIII
791
DCCXXXI
DXCIV
MMCCXXXVII
2216
MMMDCCCXXXV
3259
DCLXXXVII
MMMLXXXIII
3520
MLXXXV
634
MMXCVI
MCMXLII
1885
DCCCXLII
MCCCXL
514
1303
983
3711
MCMLIII
872
DCXXXVII
MMCLXXIII
DCCCLXXXI
MLVIII
918
MDCXIV
MMCDXLVII
MMMCCCLXXXIX
2049
MDCCXIX
2154
815
MMDCCCLXXX
3513
1020
MMDLXXXIV
MMDXXXV
3948
MMMDCXXX
DCCLXXXIII
MMMCCCXXX
MCCLXXXIII
MDLXXVI
MMCMLXXVIII
MMDCXCII
DCXXIX
MMCCCXXIX
272
CMXLI
MDCCCLXIII
CMIX
MDLXXI
MCCCXLV
3228
2288
MMMCCCVI
MMMCLXXX
2679
206
MMCCCI
2575
156
MDCXVI
1381
MMMDX
251
MMMDCCCXXIX
MMCMLXXIX
1472
MMMDCCXIV
MMMDCXXXVI
MMMDCXLVIII
2095
1506
749
MCCLXXXVIII
MMDXXX
1327
DCCCXXI
1966
2101
680
MMDXXXII
1350
20
3619
MMMDCVI
CCLIX
61
752
2715
3617
CLXXVII
3942
661
MMMDCCXLVII
CCCLIII
1309
1561
MCXVI
3364
CDLXIV
1242
MCDXXVIII
MDCCXXVII
MMMCCCVI
CMXLVI
DCXCIX
2515
3651
MDLIV
511
MDCCXXIII
3428
MMMDXIII
1259
359
CCXXVII
MCDLXXXIX
MCDLXXVIII
MMCMLIII
490
MCDLI
1638
MDCCXCIX
2242
MMMLI
MMCCCVIII
MMMDCV
3300
MCCLII
CCXCVI
MMMCLXII
CXXV
MMMDCCLVII
3666
3870
921
MCDXLII
1910
MCMXCVIII
712
MMXXII
3556
3922
143
2878
MMMLVIII
2458
MMMDCXXIII
MMXXII
MMDCCCLXXII
MMCLXXXII
MCXXIV
MMCDXCVII
917
DIV
DLXXX
2119
CLXVII
1428
MMMLIV
1558
MMMDCCX
3841
173
XXIII
1681
3505
MMCCCXVI
3975
3118
459
MCMXXXVIII
121
3802
895
MMCCXLIX
MMMDCLXI
1680
3992
50
2338
MMMDCCLXXXII
MMCMVII
MMMCXXIII
MMDCCXIX
MCDLXXIV
1106
MCMLXXXVIII
DCCXCVI
CCLXXII
MCCCXLIX
1598
MMMXXIX
1003
MCCVIII
MLXXIII
MDXL
MDXV
3084
2565
CCCXXXI
MCMXLI
1471
2394
MCIX
MCCCVI
3542
2399
DII
MMMDCXL
CCCXII
1656
3901
MMCMXXV
MMCDXLIII
237
MCDLXXXVII
MMXXXIX
CMLXXVII
970
2285
MDLXXII
431
MMMCMLXXI
MMMCCCXCI
619
1603
MMCMLXVII
MMCCXV
CCCXCV
126
CCLXXII
3059
MMMCDLI
2487
1350
MDXXXV
MMDCCLXXXIV
570
MMMDCLXVII
CXXVIII
1817
3290
68
710
MMMDCLXXXIV
1707
2905
MMMDXL
MMMCCCLXII
449
DCCVIII
886
3371
3506
MMMCMXL
106
2514
1315
3117
MCCXLIV
MMCCXIX
894
3417
MMLXXIX
1405
2534
3427
3812
32
2868
722
MMCDLI
CMXXXIX
1159
CDLXXII
MXCII
MXII
MMMDCLIII
1198
2925
MDCLIV
MMMDCXCIV
533
MMMDCCXXXIII
640
602
2807
1319
2901
2422
1975
MMDCXIX
MMDCX
1355
MMXXXIX
1725
DX
MMMCCXXXVII
MMMCCXCVII
1442
3966
3711
1745
MMCMLXV
MMCCXLVII
DLVII
MCMLXXIII
2845
3631
1679
2252
3293
472
DCCCLXXXV
3750
3579
CDXLI
MDCCCXLI
MMDXXX
550
MMMCCLXX
2804
593
3158
963
1399
MCMLXXVII
3781
1599
1869
MMXXV
MVI
MMMCCCLIX
3628
974
3574
1215
MMCMLXXII
935
DCCXCVI
MMMCMLIV
868
72
MMLXXXII
198
MMMDLIII
MMMDLXVII
MMDXCVI
2149
3518
MCCCXLV
LVII
3745
MDCCLIII
MMCDVIII
MMMCDLXX
1598
3414
DXV
CXX
CMIII
MMMDCCCXXXIV
MMDCCCXXIX
3574
3325
2890
MMMCMLXXXV
MMCLII
MMMDCCLXXXVII
3477
MMCXLIV
MDCCXXXVII
MMMDCCCLXXXVII
CCLXXIII
MDXXIX
743
2653
1433
DCCCLXI
617
MMDCXI
MMDCXXX
MMDCCXXVIII
CDIV
MMMCCCLXXXIV
1371
1284
MMMDCCXXII
1182
1956
MMMCDLXV
MMDXXXIV
MMDCCCXXXIV
MMMCCLVIII
MXXXVIII
2739
385
CMLXVI
MMCCCXLVII
2475
1766
1688
MMDCCCXCI
CDLXVIII
MMCDLIX
DCCIX
2674
CMXCV
MDCCCLXIV
2991
MMMDCCXXI
2985
2978
MMMCMLXXVIII
1055
3088
XL
MMMDLII
2847
1211
2047
V
MMMCCV
231
CLVI
MMMDCLI
2791
MMMDCCLII
3808
848
CCLXXII
MDCXXXIX
1317
MMMCXXIII
1762
MMMCLVI
3725
2953
3009
MMDCCXXXVI
DCLXXVIII
3918
MMCCCLXXI
2531
1965
MMMDCCXXXVI
MMCLVII
MDLXXIX
MMMCXCII
MMMDCCXCIV
DCXLI
MDXXXVII
2300
MCCCLXXXII
2656
3291
3859
MDCCXLIII
3888
MMDCCIII
2332
3275
3972
MMMCCXX
MCCXXX
1355
131
MMDCCCLXVIII
3880
785
3472
MCLI
MMCLXXXIX
1645
973
CCCLXXIX
MMCCIV
214
446
CMXXXI
2703
CDXXXVIII
664
XLV
1967
2943
1554
3436
MDCXCIV
MMDXIV
MMMCCCVI
1417
MMMCLXXV
196
3114
2369
3394
2082
154
1459
DXXXIX
1292
852
MMMCMXIV
1053
MMMCXXXVI
3573
DCCCLXIX
MMMDL
3994
3714
DCCCXCIV
MMMCMXIII
2802
MMDCCCLXI
1745
2946
2442
3148
3457
MMDCXVII
934
DLXXVI
MMCDXXIII
2153
MMCCXXXII
XXIII
CDX
XLVI
CDXXV
1204
MMDCXCIX
483
2414
3302
MDCCCXXX
MDXC
CCCLXVI
MMMCXC
992
530
3305
MCXV
2224
3601
3496
1271
MDCCCLXXVII
MMCCCLVIII
MMMDCCCL
2139
DCCCXCIX
460
2529
MMDCLV
MMMDCCLXVI
MCMLXXVIII
1129
2648
MXXXV
3065
459
MMMLXXVI
3172
DCCCXLVIII
MMCLIV
1244
1423
MMCCCXXVIII
3689
1424
2365
2887
MMCMLXXI
MMMCMXCIV
2762
MMCCXLVI
1182
MDCCCVI
MMDCCLIV
2680
CDXXXVIII
168
MMMCCCVIII
3689
3581
2201
MMCD
MMDCCCXV
1483
3321
MMMDCCLXXXI
2567
336
MDCLVI
361
MDCCLIV
CCC
2269
MCCCXCIII
MMMDCCCLXXXIII
XCII
DCXVI
MMDCXVI
MCDXXXVII
2119
2349
2372
MDCCCLXXVIII
MMCDLXXXVII
MMMDCCLXIV
1393
MMMDXXV
3986
2548
3187
2515
1458
CCCV
2731
3331
MCXXV
MMXIX
2788
1707
932
CMXXVIII
886
MCXV
522
1550
3867
1784
MMDCXXII
1818
MMMCLIII
2896
MDCCXXVIII
3353
MDCLXXXIX
LII
1640
MCDXXIII
1643
MDCCVI
3254
CCCXXXIII
MMMDCCXLIV
CMXXVIII
3830
MMMCLVIII
MMCXLVII
MMMCMLXXXV
MMMCLXXVI
MMCDXXXVI
376
2038
MCDI
1007
402
366
2377
CCCXVI
CMLXXI
MCLXXX
MMMCXI
2751
MDCCCXXVI
DCCCLXXXIX
MCDLVIII
2300
557
2539
3914
761
MMMCDXXX
MII
MCMXXV
LXXXVII
2691
1137
CLXXXII
MMDLXXVI
2645
MCCLXXIX
490
651
MDXCIX
949
MMCMXCIV
3891
CCCXLVI
2956
MMMDCCXXV
MMMCCCXLVIII
MMDCCCXII
1754
1101
2938
MMMDLXXXIX
MCXCVII
MCMXCIV
1346
MDCLXXXI
3061
1294
DCCLII
381
2663
DCCLXXII
2231
3803
MMMDCCV
MCCCLXIX
372
MMCDXIII
1043
208
1406
MCLXVI
539
MXIII
MMCDLXXVI
MMCMXXXVII
2011
80
1914
3618
2358
MDCCXXXIX
2496
MDCLXXXVII
202
951
MCCCLI
MCCLXXV
DL
MMMDCCCLXXIX
2820
2322
MMMXXI
857
3523
2292
MCXIV
MMDLV
MCXIX
1863
MMCCCXXX
MMDCXCVI
MMMDLXXII
3536
1152
3262
2353
MMDCCCXCVII
MMDCCCLXXXI
3025
MCCCXXXI
CCXXIII
DCCCXCIII
MMDCCCIX
CDXCV
MCCCXXXIX
1073
2940
MXII
MMMCLXXX
1095
MCDLXXX
1209
MMMCCLXXI
MCCXXXVI
1619
1150
2238
3214
MMMDCCCLXII
863
3516
CLXIV
MMMDCCLV
MXXV
CXCI
83
MMCCCLIV
1992
3325
MCCLVI
3900
3654
MMDCCCLXXXV
MMMCCXCI
2730
3293
MMCDXL
3761
1802
MCXLVI
1339
3930
MMMCCCXLI
989
DCLXXXIV
MCLXXIV
MMMDCCCLXXXVIII
552
2257
1041
MMCDXXV
98
MMXLI
2279
MDLXXXIV
CXVII
1145
MMCMLXVII
MDCCLXII
3366
2035
MMXXX
2704
DXI
MMDI
1561
MMMDCX
MMMDCCXXVI
MMMXIV
264
CCCXLV
MMMCDXXXV
MCXLVI
DCXXVIII
MMV
MDCXXVII
MDCCCLXXXV
1326
3769
2316
CMLXX
MCCCIX
439
3496
MDCCCLII
CCCLXXXVI
1229
MMCM
DLX
1546
464
1851
XIX
206
MMMDCCLXXXIII
1223
3150
3578
MMDCCLIX
3663
2257
3545
1114
2219
2037
2677
2368
MMCCCLVIII
2236
461
XXI
1547
MMCCCXXVII
MMMCCCXLVII
MMDCCCXXXV
372
2263
MMCXXVI
MDCCCIII
MMMCCCXII
3502
DCXI
714
2560
2849
MDLXXXVIII
CMXV
MCDXXXII
MCCCXL
CCCXC
MMCLVII
MCDLXXIII
265
316
2970
MMMDLXIII
MMMDCCCXCIX
3748
LXVI
MMCDXXXI
2237
MMCCXXVIII
759
DCCCLXX
MMCCCLXXX
2846
MDCXL
MMCDXXIV
CDXCV
2730
CC
MXI
MCCCXLII
1809
MMMCCCLXXXI
MMMDLXXIX
MMCMLXIX
3826
MDXCIV
1620
MMCCCVI
1064
3946
MMMDCLXXXI
3749
CCXXXV
MMMCCXXXIX
3425
MMMDLXXVII
MCML
1167
322
2705
1175
DXXII
432
443
1119
DCCXCI
MMCII
1199
MCCCLXXXIX
2546
MMMDCCCXXXIII
3726
MCCLVI
MCDLXXVII
MMCCII
CIV
CCXVIII
3754
1613
1816
2885
MMMXXV
MMMLXXVII
1623
CCLXVII
MCMXXIII
MMDCXLIV
MDXLIV
XXXIV
MCMLV
3679
MMXIX
XLII
3568
817
MIII
107
CCCVII
3139
379
MDCCCXVII
3822
1566
16
MMCDXC
104
MCMXXX
3920
CCXXIII
MMMCMXXXVIII
MMXCVII
CCXVIII
47
2679
3455
CDXIII
MMV
3919
603
MMMDLIX
DLXXIII
MCXV
1165
XXIV
MCDXIV
2028
MCDXII
DXXXVII
MMDCXC
MMCLV
MMMCMVIII
MLXXX
MCMXC
2512
2598
2072
744
MMCDLVII
3030
177
135
MMMCMXXXII
2511
MMCMII
MDCII
MMMCCXLIV
MCMIV
402
2636
CCXXXII
3560
120
MMCCCXXVIII
2460
MMCLXX
1250
2926
3843
MMCCLXXXV
1473
MMDCCCXLIX
MMMDCCCIV
MMCMIX
1893
746
MMDCIII
21
MDCCIX
DCXI
MMCLXXII
1105
MDCIV
3830
MMMDCXCII
535
67
MCXCIX
MLVI
557
1808
3590
1227
MMMXLIX
MMCCXIII
MCCCXI
137
MMDCCCLXXXV
3423
419
2445
1340
1064
MMDCCCXIV
CCCXXXI
829
3799
LXVI
3815
821
DCXLVII
452
MMMLXIX
CMXIII
MDCCLXXIII
MCCCXLI
MMMCDXLVI
45
3522
MMMLXVIII
1808
MMXCVII
3438
2363
2651
MMMCCLXXIV
MMMXXII
MDCCCLXVII
2224
1776
MDXXXIII
3967
MCMXXI
MCMXXXII
MMMDCCXXVI
CMLVIII
MMCCCXXXI
MCCLIX
MMMCMXXXVI
2760
2988
MMMCXIII
MDCCCXLIII
MMDCCCIX
MMMDCCLIV
MMMDCCCXLIII
MXXIII
444
3127
1776
MCCXL
MMMCCLVII
484
CDXVI
985
MMMDXLIII
1860
MCCLXI
3402
3763
MMLXXIII
MMMCCLXVII
MCCLVI
MMDCC
MCMXXX
1721
751
MMMDCXIV
CCCXII
DCCCXXVI
2310
MCDLXXI
3379
475
MMMCXCVIII
MMLXIV
2191
2250
2125
738
MDCCCXXXIII
2513
2139
2210
2308
XIII
DXXXV
3072
2069
MCLVI
2454
MMCXII
2494
215
1073
2987
MMCMXCVII
3054
2012
CDLXXXIII
DXXIX
MDXXIX
MMMDCCLXIX
MCCVIII
1592
3901
262
MMMCDLXXX
591
2064
2773
1818
1358
3627
3136
MMCMXCI
1835
2351
1669
MMCDX
1065
MMMCXXXIX
3050
MMDXLIII
2436
MCDLXXX
1655
378
2409
2795
3498
MMCCCXXVI
MMDCCCXLI
970
DCCXXXI
DCXLII
MXIV
3468
2050
XXIII
3277
711
MMLXXVIII
2977
535
1532
MML
2042
934
2873
MMII
DCCXXXVIII
1194
MCCCXCI
MDCCLVII
MMCDLXXX
DCCLXV
3894
2362
1731
MMCCLXXII
MMMCCLV
MMMCLXIX
MMMDXXI
542
DLXV
3061
MMMDCLI
3064
3994
MMDCXXII
CVI
1876
MMMCMXVII
1907
1519
1498
MMMDCCLXII
MDCCCVII
1941
2203
1220
MMCMXXXIX
518
1237
912
2854
MDCCCLXXX
644
737
708
1692
3363
CCLXXXIII
MCMV
MMCMLXXVIII
MCCLXV
3027
MDCCCXLVI
MDLXVII
CMXLV
MMDCXVII
2046
3639
MMCCCLXXXI
89
3031
1368
3339
MMCMXCVII
893
3090
MCXCIX
MMMDCCCLXXXVIII
MMCXLIX
MMMCDLXVII
MMCMLXXXIV
CXXI
MMMCDXXXVI
DXV
MCCCXCVIII
MCCXLIV
MMMXV
2832
MMDCXVII
MMMLXXVIII
838
MDCXLII
MMDCCCLXVIII
2202
MMMCCCLXXXVI
1621
2950
2007
3208
CCCXLI
MMMCXLV
1255
MMMDLXXXVII
MMMDCCXXVIII
2370
436
1112
MXCVII
927
CDVII
MMMCCXXXVIII
421
1823
579
MCCXL
CDXLVIII
MMCCCXCV
CCLXI
1036
MMCDXXIII
1787
MMCMLXXVI
MMMCDIV
MDCCXLV
234
2927
MMMCCII
VI
3426
1942
2860
604
MCDLXV
1303
82
MCCXCI
1692
MMMDCCXCII
MMMDLXXI
2614
3129
1915
452
322
2655
MMDCCCLXXI
MMDCCLXXXIX
MMMCCCXXIX
MXLVIII
CMXXXIX
2726
2628
MMMDXCIII
MMCCXLI
3357
CCXXVII
1099
2864
MDXVII
MMMCLIX
DLVI
3270
MCXLI
MMCMXIX
MMCCCXI
MMDCCCXXVII
2095
MXVIII
103
752
MDV
3427
3212
MMCMXXVIII
1558
738
1128
3718
MMCCXCIX
866
322
MMMDLXXIII
MMDCCCXXXIX
427
2290
MMDCCLXXXVII
225
1397
2268
MCMXCI
MDCLV
1393
3042
1600
727
2274
MMCMXXIX
1485
MMMDLXX
1865
3192
MMMCCLII
MMMCMLXXX
CCLXIX
180
MCXLVIII
3285
2215
671
3590
MMCMLXXXIV
XXVI
3830
592
MMMDXIX
1599
MMDCCXLIV
2154
2227
2837
3422
268
MDCCLVIII
MDXLIV
MMCCVIII
2553
2347
IV
2114
52
1342
MMMDCXXXIII
1683
3685
656
MCCLXXXVII
CCLII
2507
MMCMLXIII
1352
MMMDCCXXIV
3502
2840
DCCXCIX
MMXXXIII
MMMDCCXVIII
310
1716
MMMDCCLVII
MMMCLXII
MMMCMXLI
3590
MMMDCCLVII
MMMDCCCXLVIII
MDCCXCIV
MDLXXVI
MMMCDLXXXVII
XCI
MMMCXIV
1779
2618
1700
DCCCVIII
1121
MMCLXVIII
MMMCDLXXXIX
MMCCCXII
2845
1019
MDCXIII
MMDCCCXI
2944
513
3314
MDCCCLXIV
MMMCDXXXIV
CXVII
1485
MMCCLXXXII
1238
1048
MDLXXXIV
3013
MMCCCXLVI
1282
DCLXXXVIII
MMMCMXXX
1309
CMIV
3854
MDCXVII
MMXCVI
3838
MMDXVI
1507
MMDXXXI
3461
2572
2069
DCCCI
MDCCLXIV
1721
MMDCCXXV
1925
2756
216
953
MMDCCLX
DCCLXXXIX
1283
3620
MMDCCCXXXIV
MCMLXVI
MMCMXLVIII
390
556
MMDCCLVII
1572
MCCXLIII
1989
MMMDCCLIX
MMCCCLXXII
MMCCCXCII
3086
MCDLXXXIX
1843
CXCVII
MCDLXXXVII
MDLXXXVII
3917
MMMCXXVIII
1989
2065
MCMLVI
3061
796
3386
CMLXXXV
3971
MDCCCXXXIX
56
3270
MMMCIX
MMCLXXIII
2402
3557
MMCM
3686
1600
2815
783
928
MMMCXCIV
CDLXXIII
MMMDCCCLXXI
893
MMDCCXI
2520
1692
382
MMMLXII
1939
3933
CLXVIII
MMMCDI
2493
MMCCCLXI
2855
3616
MCXXV
3237
1705
2833
3379
MMMCLXXXV
MDCCCLXXXIV
MMDVII
527
2252
MCCVII
CLXXXIX
MMMDCCLXXVII
2108
MMXXVII
MMMCCIX
MMMCCCXIII
MMCMLII
3630
MMCMXXII
1191
764
693
MMCLXXXVII
2357
DCCLVII
MMDCCXIV
910
43
1990
CCCXIII
DCCCXXVI
1694
1441
CLV
3136
CCXXXII
MMLXXXII
398
1828
MDCCCXLIII
MMMCCCLXXXI
CMXXXV
MMDCCI
3582
MCDLIV
1399
476
MMDCCLXV
202
DCLVI
2907
3824
3927
3456
MDCCXXI
CXIX
934
MMMDCLXXV
VIII
3653
2979
MMMXXXIII
MMMCMXXV
1748
3408
953
MMMCDXXIX
MMMCCXXXIX
3251
MMMXXVIII
1680
1528
MMMDXXXI
MXIX
MMXXVIII
1916
MMCCXXI
2422
3476
MMCLXXXVII
MCXXXVI
3548
DCCLXXXVIII
MMMC
3511
3006
MMCLXX
3617
DCVII
MMMDXV
MCCCLXXX
778
215
MMMCDXI
MMMCXVI
3301
CCLV
MMMXXIX
MMMDCCCXXIV
MCDX
1737
DCCLIII
MMMDLIII
MCMLXXXV
MMDCLXVI
CMLXXI
MMXXXVI
MMMDCLI
978
905
MMDCCCXVII
246
MMLVIII
MD
MCDXXXIV
CMLVI
2445
MDCLXXVI
MMCCCLX
3547
MMDCCLXXVIII
2655
MMMCXCVI
MMMXXXVIII
401
LIII
MMCDLXXXIII
3763
405
CLXXII
2608
2236
1174
68
164
1424
MMMCXI
DCCXCVII
1030
MMDXCI
MDCLXIV
MMMDCXVI
MMMCMIII
1703
MMXXXVIII
CMXXXIX
MMDXXIII
MMMDCCCXXXVI
MMCDXVI
MMDCXLVIII
MDCCLXXVII
3551
3770
1897
XXI
547
CXCII
1190
DCXVI
3170
2412
MMMVIII
3208
3003
1269
MMMDCV
LXXVIII
MMDCCXXXVI
DCXI
133
MMMDXXI
3578
MMDCCCLXXX
3105
MMMCCCXXIV
3536
MDLXVI
2043
MMMCCVI
2996
DCCCXXXVII
1988
MCDLXXXIX
1580
MDCLXXVIII
DCCCXXVI
MCCCXC
3271
3588
3957
963
MCMXXIX
MMMDCCCVI
MMCXCI
399
MMDCXVII
DCCCXCII
DXCII
MMMLXXXI
MMCIII
1242
1621
MMDCXVI
MCDXXIII
3327
3702
407
MCCXCVIII
1781
MXCVII
1491
MMCMLXXXIII
1989
CCC
MMMCCXCII
DCCLXIX
MMCDLXXXIV
MMMDCCCLXIX
3912
MCCCLV
DXXI
1660
CLXVI
MMMDXXXI
1197
MCCCLVIII
MMCCCXX
1291
MCI
3964
2994
2793
MCMLXIII
2031
3357
MDCCCLXXXVI
MMMDCLXVIII
3280
DCXV
MMMCDXLIV
2546
MMDCCCXXXI
MMCMXLIV
MMMCVII
2706
MMXLVIII
3496
2426
47
MMMDCCCXXVII
2880
MCCCLXXXVII
2091
3261
3210
MMCDXLII
LXIII
CCXXXVI
MMMCMX
MCXLI
MMMCCCXVII
919
MMMDXXIII
389
CCCLX
1989
MMVI
DCCCLVIII
2954
MDXCII
CMIII
2421
959
MMCDLIII
1822
3218
1638
876
MMMCMLXXII
2479
D
72
MDCXXIII
1412
2704
MMDCCCXLII
MCCIV
3992
1455
638
3012
607
2490
1760
MMCDLXXII
MMMCDLXI
1239
3103
3789
MMMDCCLXXXV
1638
901
522
MMCCXXIV
2153
DCCLXII
DCCXC
2897
DXVII
3812
MMX
2702
2517
2200
3102
MDCCCLVIII
MMMDCXII
MMMDCXXIV
MCCCLVII
2860
MMDXXXV
1003
CLXXVIII
1012
2325
1335
MMCMV
1311
DLXII
MMMDCLXII
2137
3343
MMDCL
2494
CCLXIV
MMMCXCV
1786
1128
MMXXVIII
MXCIX
3152
776
3956
790
93
3755
CVI
MMXC
1027
CLVI
MCDXIX
350
2284
2400
MMMLXXXII
2534
MMDCCCXCII
MMDCCCLXXVIII
DCLV
2364
MCCXLII
MDCLXVI
1743
998
MMMDCXXXI
1133
3521
3824
MCXLIII
2015
MDXXX
1725
2995
MMMCLXXIV
2528
3114
3803
1631
896
CCXXIX
432
MCMII
3485
3545
MMCXVI
3588
DXCIII
MMMCLXVI
1209
15
2303
XLVI
1404
DCCCXXXIX
1734
MCXXXVI
DXXIV
2843
MMDCCCIV
2011
MMDXII
MMCMXXIV
DCLVIII
MMCDLXIX
MMMCMXCIV
402
3787
MMDCCLXII
976
MMMDCCXXXI
748
1091
MMCCCLXIV
MMMDCCLXVII
MMCLXXXIII
1023
1417
MMMDCLXXXIII
1376
DCCCXVII
MMMDCL
1010
MCVI
CCCXXIII
1411
MMMDCCCLXIII
2298
1962
3699
MMCCCXIV
2845
MCCLXXX
MMMXLVII
1817
1306
3774
CCCLXXXIV
MMDCII
MMDCCCLXXVII
MMMCMXXXIII
MMCCCXIV
MMCCCXXIV
CCCLXVI
1998
1772
CXXII
CLXXXVIII
MCCCXXII
2164
MMDCCXXXV
MMMCDLXXX
1260
2812
2537
MMCLXIII
3498
77
MCCCXXV
3867
MMMLXXV
2407
3520
MMDLX
CMLXVIII
DLI
481
MMCCCXXXIV
3640
MLI
MMDCI
2064
2061
1576
1998
3312
3025
MMMCMVII
3698
CCCXCIV
CCIV
CCLXXIV
MCMLXXXI
MMDCCXXIX
22
3931
2069
3176
MMCDXLVI
465
2229
3964
MMMDCCXXXV
MMMCMLXIV
3587
3878
MDCCCXVII
747
MMCDLXXIII
1632
246
2854
1779
MDCCXCVI
1325
MDCCXXXIV
MMMCCXLII
1221
CCCLX
661
3705
3826
CMXXXIV
1781
MCLXXXIII
MMDCCCIX
LXXII
MMLXIV
3276
2234
2857
991
MMCLXXI
2736
CCXXVI
2848
MMMCCLXXXVII
1432
CCCLXXII
2044
MMDCCXXX
MMMCXCV
3072
MMMCCLXXXVI
MMMCCCXCVIII
3592
MMDLXXXII
MMMDCCCXLI
MMMLIV
1487
2
MMMDIV
3150
MMDCCXLVI
1144
CMLXXVII
MMMDCCCXXIX
745
1936
3262
MMCCLXXXV
MMLXXXV
XLIX
2087
DLXXV
2326
1508
3943
3759
MCCV
3130
3097
MCCCXIX
MMLXXIV
MMCMXVIII
MMDXCVI
391
MDCCXLV
2930
773
CCLXXIII
MMLXIII
3277
238
CDXXX
MMXCVIII
3332
278
MDLV
DCCVII
230
DCCCIV
MDXC
3951
MMCCCLXXXII
3308
MDCCXLIV
2991
1036
DXLIV
MMMDCCCLXIV
981
MMMCMLXI
MMLXXVII
MMDX
MDLXXXI
63
2129
799
DCCCIX
MMCDLVIII
DCXXIX
MMMCCXXX
2325
MMMCCCXCI
2167
259
1937
2334
3359
CCCLX
MMCMI
2787
MMDCXCIX
2657
MMCCV
1155
3085
3213
DCCCLXXIV
80
CMI
1955
3941
1834
3252
2179
CMLXXX
1715
MMMCCCLXXXIV
112
2625
3485
MMMCCLIX
3683
258
MMCCLXXXVII
1086
1353
3527
CCLXIV
CDXI
3756
MMMDLXVII
3531
MMCMXLV
MMMCDXXV
MMCLXXIV
MMMDCXVIII
3010
1719
MMMLXXXIII
MMCCCXCVIII
XLIII
1438
2313
MMCCCXXII
3717
1428
MXVIII
1662
1195
MMCCXXVIII
3521
CII
MXXXVIII
2127
MMDLXIX
2976
1813
3385
LXXIV
1854
619
2578
2029
DCCLXXIV
MDVI
2492
MDCXXXII
665
1591
MMMCCLXVI
MMCCXXXIII
3217
3272
MDCCCXCII
MMDCCCXLIX
3430
3349
MMMCCLXXXVIII
MDCCXXIII
1758
302
3600
MMMCMXCI
2791
MMMCCXXXV
MMMXV
MMCLXXVI
MMMDLXVI
MCDLXXXVI
MMCCXLV
959
MDXXXIV
MMMCDXXXIII
3068
MLXVII
MMMDCCCLXXI
DCCCXX
MDCCCLVIII
CMXCIII
1261
MCMLXXIV
MMLXXXIII
MMCCLXXXI
MMMCCCXLVII
MCCCLXX
3407
530
1760
MMMDCLXXXII
MMMDLXVII
DCCCXCVI
533
1300
1301
MMMCCCXCV
MMDCL
2349
2329
2489
MMDCCCIX
CXV
MCXXI
140
MMCMII
977
2478
1781
285
3722
218
MMIV
1148
MCCCLXXII
3424
1228
CMXLII
3246
CCCLIX
DCCCLIX
MCMVIII
3179
789
3036
1957
MMMCDLXXII
2521
997
DCCLXVIII
MMMDCXLI
MMCCXLVIII
MDCXCVI
MMMV
201
2069
MMMDCLXXXIX
133
MMMDCCXVIII
MMMCCXLIII
3165
3666
3307
MMMCMLIV
2021
3333
3234
CXC
797
MMMIX
2864
MMCMXCVI
MMMDCCLXXXIII
MMCMXV
3301
793
3435
3837
2731
MCMV
MMMDXCVIII
1150
MMDCCCXXVII
MCDIII
MMMDCXVI
1807
DCCXLI
3527
MMMCCCLXIV
MMCXXXV
MCCCLIII
3511
3475
MMMCCXC
MMMCMXCIV
2816
128
MCCCXI
MMMCDLXXVI
MCMLX
MMMDCCXL
DCCCLXXVI
3873
3849
3517
1195
MMMLXXXVIII
DCCXIX
445
MMDCLXXVIII
MMMDCCCVIII
MMDCXXXII
MMMDCCCIII
MMMXII
MDCCCXCVII
MMMCDXXXVIII
1100
320
MMMDCCCXLII
MMMDLXXXIX
MMMDCCCLXXI
MMLXXIII
DCCXI
2634
1883
2650
MDCV
1149
MMCCCLXIX
2674
MMCCCLXXVII
3498
2818
3406
MCXCIV
3098
MMMCDXXXVII
286
CLXXVIII
1661
2284
MCMLX
224
MMMDXLI
CDXIX
DCLXI
CCLVIII
MMCCCLXIII
193
1386
MMMCX
1600
MMCM
CCLXXXVII
1734
897
1152
3748
MMMCLXXIV
3559
MMMCMXLV
472
306
MDCCCLXXVI
DCXXIV
823
3060
MDCCCLIX
3516
2976
DXCV
1145
MMCMXXV
1945
3005
CDXXVII
3748
584
MCMLXIX
MDCCCXCVIII
MMCCCXL
1328
DLXV
MMDCCL
CDV
3118
MLXXX
43
CCCLXX
3029
MDCCXXXVIII
661
CCCLXXIII
MCMXVIII
418
3093
3603
3599
2577
2062
MMCCLXIII
2462
3436
3896
3679
MMCMXCV
MCXIX
2189
3834
1191
2257
3166
MMMIII
MDCXXI
MDLXXVIII
1554
2786
MCCXCIX
801
936
MMCXLIX
916
MDXXX
1819
MMMCXXXV
MMMDLVI
2040
650
1564
MMDCCXXIV
3557
3976
1466
MMMDCCXII
3239
1308
MCXIV
2925
3932
MMCCXVIII
CCL
CDLVII
3676
1616
1426
1541
CCIII
MMCCCXLIX
MMMCMLXV
3642
MDCLXXIII
3221
MDCLXXXI
3484
MCMXCII
2650
2276
DXX
MMDCCCLXXXVIII
LXXVII
MDXLVIII
2528
159
3634
MMCDLI
152
MMMDCCLXXXIII
3026
3726
CCCLVII
CMXLIII
497
MDXXI
MMMCCLXXXII
537
MMCMI
MMMCCLXXVI
MMLXXXVII
MMCCCLXVI
3717
1554
3836
2337
MMMDLXIX
CLXXXVIII
CMXCIX
538
MMMCCCLXX
MMDCCXXXVII
CCCIX
3139
646
2642
CCCLVII
1581
DII
254
637
DCLX
672
MCDXXI
202
MMDCCCXC
229
MCDLXXV
CCCXXXVI
3871
CCCLXXI
714
2934
CCCLXXIV
3494
MMMDCCLXIX
1856
MMDCCCXC
2261
73
2741
1868
3138
MMMCMLX
40
DCCCXXXIV
688
MMMDCVII
MMMCCCLXIV
MDLXIV
740
CCXIII
2555
MMMCMLIX
MDCCCLVIII
MCMXVIII
3045
1025
1568
MX
MMCCVI
MMMDCCXVI
3136
358
3357
905
MDCCCLXIX
1248
MMMCCXLIV
49
2872
616
MVIII
3793
MMCMLXXXVII
MMDCLII
1072
1140
2837
MMMCMLI
2975
MMMDCLXXVI
MMCLXIV
MMDCCXXII
38
301
1121
3083
MMMCLXXXIV
MMCLXVI
2136
2950
2658
1791
MCCVIII
MDCCLXX
1022
2589
MXCIII
2156
MMDXLI
MDCLXXVI
MCCCLXXXIII
DI
2807
1406
MMDCCCXIII
1351
MMCMLXX
DCLXXXI
CLXXXVI
982
2661
2287
1030
MMDCCCXCVII
335
624
248
2887
404
3983
CCXLI
CXXXIV
DLXXII
2578
1505
1661
3818
2859
MMMDCXXXVI
2726
DCCCLXXXVII
1560
MMCDLXXXVI
1868
DCCCXXXVI
CCCXXXIV
MMMDCIII
1034
3784
MMDCCCXLVII
MMDCCXXIV
MCCI
MMMDLXV
2784
2412
MCCCXXX
MDXXXII
MDCCLXXXVIII
MMMCCLXXVII
MMCXXXIV
MMCDXXXI
MMD
MMMCDLV
2705
2913
3669
LXXVII
CMLI
2219
638
MLXV
MMMDCCCXXI
MMCCCXCI
2386
541
MMCCXVIII
29
MMMDCCXVIII
1245
MMCCCXXII
1802
MMDLXXX
2940
1928
MMCMLVI
2141
MMMCXLI
3808
1161
3499
2398
MCCCLXXV
3343
1222
2814
1909
3050
MMMDCCLXXIII
2280
3485
MCCXXII
MCCCXXVIII
987
MMMCMLIII
MCMXXII
3079
1504
MCCCLXXXIV
2317
2138
1486
2257
133
DCCXIII
3982
2434
MMMCCCXCI
1181
3479
3324
MMMDCXV
CMXCIV
CMLXXVII
MMCDVII
3705
DCCCLV
MCDV
MMMVIII
3669
2462
3278
MDLXVII
DCCCXLIX
3789
MCCCLIII
641
MMMCCLV
MMMLXVIII
MMCCXXII
1663
1781
1811
2427
3856
1569
1345
3538
3706
MMCCLVI
2145
MMCCLVII
CCCXXXIX
CDLXXXII
1737
MCDXXXI
CMXL
MMMCLIX
MCMXXXI
953
MMMLXVII
MDCLXXV
MDLXXVII
MMMDCLXXXVIII
1248
532
MMMVII
1967
CDVII
DCV
2767
1164
MCCCXV
MDCLVIII
330
1488
MMCXCVI
MMMDLXXIV
MMCCXLIII
CCCLXXVIII
MMMCL
MCCXXXV
66
MCCXXVI
MIII
2957
MMDLXXXII
1622
76
MCLXI
1273
MMMDCXXIV
458
3757
1316
CMLIX
MMCMLXX
MCMLVI
1550
MMCCCXXXIII
CD
1384
3023
DCCCLXXVI
MCCXCVIII
MCDLXXXV
CMXLVII
2815
MMDCXXXIV
1335
2864
2513
MMDCCCXLIX
3643
MMDCLIII
673
3
MMMDCCCXXXVII
3082
MCDXLIII
CXLVI
160
2745
DXXXVI
MMDCLXX
2092
30
2521
40
MMMCCXXV
3212
1701
3521
723
MMMDCCLXIV
1966
129
MMMLXXVIII
MCCCXLIX
DCCCLXXV
MMCDLXXIV
MMDCCCXCIV
MDCLXXVIII
MDCCCXCVIII
2221
27
2360
3067
MCDXLI
138
DCLXIV
3760
916
2611
DCCCXLIV
282
MCMLX
CMXXIII
3058
261
MMMCMXLV
CCXLV
213
MMDCVII
MMCCCLXIX
389
MXXII
2854
CLXXXVI
3545
1101
2367
939
3493
2544
MDCCCXXI
2455
MMMCCCLIII
MDCCLIX
1741
CCXCII
CCIV
2423
MMDCCCXLIII
MMDCCCXLIII
3086
1613
558
MMCCCXVI
3196
722
MMCDLIX
3226
1307
MCDXC
DCCI
MMMCLXXXVI
MMCCCLXXIV
CXLVIII
3241
3331
2892
2549
1257
3617
MDCCXLV
2254
MDCCLXXVI
MXXXVIII
1007
MMCLVII
MMXX
XXXIX
3412
MMMCLXXXV
MMCLXXXI
MDCXXXIV
MMMCDXXVII
MCCCLXIII
DCXCIX
MDCLXVII
1098
281
MMMCCCXXIX
54
1390
3212
3617
DCCCLXXXVII
MCCCLXXIII
MMMCMXLVIII
CCXXXIV
1502
1446
MMMCDXXV
MMMDCCCLXXII
MMCDXXX
DCCCLXXVII
DCCLI
1932
1094
MMDCLXXII
87
3542
447
3341
582
2808
3899
MCCLXXVI
3016
CMXXXV
466
CXVII
CMXVII
MMCCCXCIV
XXIX
DCLXXX
CDXXII
MMCDIV
516
631
3995
2882
3595
1556
1178
MDLXVIII
3145
MMCMXX
MCMLXVI
MCMLXXVI
MCMX
3477
MMDXXVI
MMDCXXI
1042
1092
1202
DCCLXIX
3444
MMMCLXIV
MMCMLVII
MDCCXXXIV
CCIII
MCXL
846
1951
2434
MDCCCXV
1957
719
MMCDIX
MCMLXXIX
3385
DLXXXIX
3480
1683
2747
MMMDCCCXXVI
CCCLXXVII
2793
DCXXXV
2902
LXXXI
MMMCCVII
171
MMCDXXVI
MCMXI
3352
DCXXXIV
DCLXVIII
MMCCCLXXIII
CCXXIII
MDCXCI
MMDCCCXV
3699
110
DCCLXXXVIII
671
2266
1959
3391
2205
3359
1919
DL
1407
MMCCCXLIX
3078
MCXVIII
3770
2693
2553
2656
MMMCDXXVII
1640
CMXLII
3780
1705
304
1612
3628
2173
MCCCLIV
MMMDCXLVI
1583
MMMDCCCXLVI
182
1244
MMCCCXXXII
MCCCXXVI
MCMLXXVIII
3362
MXCVIII
MMCDI
462
3448
DCCXXIX
MMMCMXXI
3535
3660
MMMDCLII
MMCMLXXIV
MMDXXIX
3184
2053
3340
2691
CDXLI
MMCMLXXI
94
2183
MCMXLIII
1374
MXXVIII
3831
MMMCDLXV
MMMCCCXXXVIII
749
MMCDXLI
VII
MMDLXXIV
419
MMMCCII
1395
1441
MXCII
MDCXXXIX
2284
3784
505
2923
3332
MMDCXXXVIII
DCXIII
3907
1485
MMMCMLXXIV
417
1822
1788
920
3446
2316
3920
MMDCLXXX
MMMCCXXXIV
3438
MCCXLI
MMMCCCXXVI
1468
MDCCLXXXVII
671
2101
1336
MDCLXXI
MMMCCXVIII
DCCCXLVIII
3117
1878
506
CCCXXV
3388
1870
MMDCLXXXV
178
MMMLXXVIII
1890
MCCLXXXIV
MMMDCCXXX
MCCCLXXXVII
MDCCCLXXI
MMIX
MMCMLXXXVI
1149
MDCCCXXVIII
MMMCXXIV
MMMCLV
MMCCLIX
3210
MMMXX
CDLXXIX
138
2033
1553
MMCCCXCIV
MMDCLVII
MMMCCCLI
3756
327
MDCLXXXVII
MMMCCCLXXII
CMXCVII
1211
MMMDCCLII
2195
MMM
72
MMMDLXXIX
2153
DCXCVII
MCXC
685
1933
MCMLXX
MMMCCCXCV
145
MMMCCCXCII
CMXCVIII
MMDCCLXIII
1395
MMMXCII
MMMCMXI
1880
CDLXXIX
MMDLXXXVI
CCCXXI
MMMDCCCLXVIII
MMCDLXXI
MCMXCVI
462
3465
3729
MMMCDLXXVII
1830
MMMDLIX
MMMCCCLXXXV
MMDCXCIV
CMLXXIII
3817
1775
950
1077
3305
MMCCLI
2433
DLX
2428
1171
3791
3114
3893
MMCLXXIX
DCCXLVIII
MDXXIII
MMDLXV
686
MMMDCCCXIII
3588
MMCCXXXIV
MCMLXIII
DCCCLXXIV
MMDCCCXIII
457
2923
CMXIII
CMXXVIII
MMMCMXCVI
1868
3378
2767
MMLXXII
708
CDXLIX
MMCXIII
CDLVII
MMDCXXXI
2701
CMIX
2746
3182
3896
3992
MDCCCXXI
MDCXXXIV
1545
2045
CCXCIV
108
1878
MMMCLXXV
MMCDXCVIII
CCCXXXV
DCCLXXVI
2282
CXCVI
MMMLXXVIII
MMMCCCXLIII
3826
MDXXVIII
3491
MMDLXXIX
2387
3226
314
MDCCCXXI
MMCLIV
1605
41
3702
2608
87
MCCXC
1844
3874
MMDCCXLIII
1412
MCMXXIX
MCCXV
LI
MDCCLXXIV
615
MIX
1140
3767
MDCCCXCVI
MV
CCXI
1599
3566
MMMCDLXVI
MMMDCCCXCIX
MMDXXXV
2750
3336
DCCCLXII
1562
MMDCCCX
MMMCCXLVI
1797
MMMCDXCII
CCXCVII
MCCCXXX
MMMXCVI
3845
CCXII
MMMCCCXV
LV
3599
DCCXXVII
1588
MMLX
DXXVIII
2249
DCCII
536
722
173
MMLXXXV
1077
MMMCCCLXVII
MMMDCXXXV
MCCXII
MMCDLXXXIII
MMMDII
1165
MCLXV
MMMCML
CMLVIII
1311
241
3482
MMMXXVIII
MMMDXXVII
3337
1297
MCCLIII
2283
340
477
MMML
85
MCCXII
3807
CMXXXIX
MMCCCLXII
1003
2583
DCCCXXIV
DCCLXXIV
765
CDXCIV
1908
MMMDCCCXXXIX
1412
774
1122
DCCCXCIV
2680
MMMDCCCI
3455
2542
VII
MMLV
MMCLXXII
MDCCCXX
1209
MMMDCCCXXVI
2329
1076
1695
1971
2545
2487
DCXXIX
284
3365
306
2527
43
2029
MMMCCCXXVI
2038
CCXXV
2691
1514
282
2862
1706
MCDXXXVIII
MCCCXXXIV
DCXXIV
MDXCVIII
MDCCXXXVI
DCCLVIII
MMCLXIX
DCCLI
DCCCXCIV
3643
1757
2235
577
2390
MMM
2768
2983
2288
MXIV
209
MCDXLI
1878
MDCLXII
1581
MMCDLXXV
3693
MDCLX
MMCXXIX
MMMLXXVIII
DCLVII
MMMCDXLIX
3622
2617
MMCCIV
192
3632
3918
MDCCCLXXV
1852
MCDLXXXIV
MDCLXXVI
MMCDLXXIV
3237
MMMCMXVI
847
253
202
DCCCLI
MMMDCCCXXI
CDVIII
MMMCDXLV
1354
MCDXXXII
3426
MMDCXCII
MDCCLXXV
MDXLI
MMMLXXVII
MMMCCXLV
77
2699
228
1843
3767
MMDCLXXVII
1059
MMDCCCXXIV
280
1586
MCCXCI
MMMDCLIII
3625
3552
DCCCLXXXIII
MMDCCCIV
2553
MDCCLIX
3214
MMMDCLIV
1599
CMIII
3272
1179
MDLXI
69
MMCCXL
149
MMCMXCV
DCCCXIII
2804
138
3818
1278
2628
1927
MMMCDLXXXVIII
MMMDCXXXIV
1058
3267
MMMDCXXIV
DCXXIV
MMMCMXCVI
189
MMMCCVI
MDCCXLVI
MMMCCXXI
MMMXIX
2538
3777
MDCCCLXXIV
538
CLXXX
1885
MCDXLIII
DXLI
1251
205
MMDCCCLXIV
MMMDXCVII
637
238
MCCLXII
1382
DXIV
942
484
MVI
CCCLXXX
542
542
3236
MMMCCCLXXIX
3794
3784
MMIX
1670
MMMCDXXXVIII
2277
MCCCLXXIII
2937
DCXIV
MCLIV
MMDXII
2353
MMDCCCLXXVII
MDCXII
MDCCXXIV
MCCLXX
MMMDCLXXVI
MMCLXXII
MCCXXIV
MMCCCXLIII
500
MDCCCLXXXIII
47
MMDCCXXVI
CDXIII
1776
MCMXXXIII
1239
282
1628
MMMCLXXXVI
CMLXXXVI
1792
CDLXXVI
3544
3593
CMLXXXIV
3956
MCDXXXII
3006
MCXXXII
3457
1270
MMCCLXXI
1944
DCCXXIX
MMMDCCXL
1360
MMMXL
872
3074
MCXLIX
CLIII
MMMCCLVI
MCCCXIX
1032
1026
MMMCCCXXIX
3067
275
DCCLXXIII
MMMCCXXVIII
DCXX
MMMCLX
920
MMCDXLIX
DCLXXVII
MMMCLVII
CDIX
MMDCCLXVIII
MMMDCCLXXI
1340
MDCCCXCI
MMCMXXVIII
MCXXXI
2630
2831
3407
X
3982
CCCXCIX
CCLXXXIV
2354
1821
DIII
MMMCXXXVII
MMCDLII
1001
DCCLXXVIII
MCCCXII
3519
3504
DXXVII
CCCXXIV
MMMCMLXXVI
3118
MMMDCXIX
MMDCCIX
CDLXXIV
MCCCXXVIII
MMMCDLXXXIX
374
3254
MMXC
3076
2419
3511
MDCXXX
431
MDLXIX
381
3234
457
2440
2201
1618
2123
3420
1485
MMCLVI
1188
3782
MMMCMXLIX
2690
MMMCCCLXXVII
3380
MMMCCXVIII
CDLXXXIII
MXCVI
MMCCXV
2536
CII
751
1461
DLXXIII
MMMCCXXII
MMDCX
1606
1677
1336
548
2627
MMMDCCCXCI
DCXCII
1988
2362
MMMDCCCLXXIX
1871
DCCCII
CCLXXIV
MMCMXXXV
MMDLXXXIX
MMMDCCCXXXVII
3804
MMDCCCLIX
1268
1686
MMMDXX
430
659
MMMDCCCXVII
1458
676
1988
2057
CDXXX
MMDCXLI
3117
DCCLXXIII
693
MMMCMLVI
MMMXX
3463
1747
MMCMXXX
MMCXIII
170
MMCCLVI
MCDLXXXII
3251
3967
CCLXXII
963
3302
832
MMMLXIX
1385
CXLVIII
XXXVII
360
MDLXXVIII
MMDCCLXXIX
MCMLXXXIV
DLXXV
720
MDCII
CCCXXX
508
DLXXXIX
2076
3813
MMMDCLXXXIX
3135
1935
DCLXVIII
2657
755
MMDVIII
CXXXIII
2569
119
MMII
MDLXXXIII
2486
3045
MMMDCCLXIV
1694
249
MMDCCLVI
CCCLXIX
MMMDCCLXIV
MMMDCXCVII
2670
742
CDXIX
1849
3786
3444
MMDCLXXXVII
183
MMMCMLXXXI
2739
1542
2735
MMMCLXXXI
DXIV
2397
MDCCLXXXVIII
3412
1453
DCL
359
MMDCCXCVI
1428
3125
3936
MCCXVI
1336
MMDCCC
2668
1656
MCXXII
CCCXII
MMLIV
MDCCLXXIX
MCXLVIII
CDX
MMMDXXV
1951
MMCCCXX
MMMCMLI
2042
MMMCMXCVIII
2174
MMMCCCLXXXV
MCMLXXIV
MVIII
MMDCXXVII
MXXX
MMMCCCLXXVI
MMMCDLXXVII
CCLXXVIII
MMDCCCLXXII
XXXIV
359
3725
MDCCCXXII
CCCXXIII
MCCCXI
MMDCCCXC
847
MCCCXXXIV
3329
2042
MMDCCVIII
3086
2322
CMXXXII
MCCXLV
1826
LXIV
122
173
MML
302
MCCVIII
MMMCDLXXXVIII
1386
DCLXXII
986
2166
2779
654
260
2247
835
1655
3105
199
3830
2030
3837
3633
342
3123
1858
1982
3243
MCDV
70
MMMCDLXXIV
DLVIII
MMCMLXXII
2894
MCMXXXVI
MMMCDXVII
2822
1943
559
1915
967
858
MMMXXXII
MMMDLXXXIV
MMCCXXVII
XCVI
MMDCCXXIV
1477
2356
3903
2748
2771
MCDXX
MDLV
584
2542
MMCCLI
MXCVIII
1133
MDLI
MMMDCCCXI
CCCXVI
2707
2145
MMCMXIX
MMDCXLV
MMMDXLVII
86
MMCCLXIV
669
1604
3524
3101
1739
DCCCXX
MMMDCLXXIII
3886
3954
MCXV
MMCXII
MMMCLXXXI
MMMCCCIX
MMCXXXVI
214
3253
3497
1288
MMDCCXXII
MMMDCXIII
1460
MMMDCCIV
2607
MMMDCCLXI
3916
553
DCXLIII
MMCXIII
1774
CCCLXV
MMCCCLXXXIII
2073
MMDCCCLI
MMCDLXXIX
MMMCCLXXVI
418
MMDLXI
MMMCXCVI
1286
464
MI
DCVI
CCCXL
CII
219
MMCLVIII
2432
MMMCCCLX
1556
MMLIV
3981
LIV
CLXXXVI
MMCXCIV
MDCCCLX
MMMDCCCXXII
1229
3704
MCDXCV
1706
MMLXII
3783
DXVI
2348
2434
MMMDCVI
1951
MMMDCCXCV
MCDXCV
147
MMCCXI
MMDCCXXXI
2797
1502
MMMDCCCXCV
604
MMMDCCXXVIII
2515
MMMCDLXXVI
MMLV
1424
MMMCCXXX
207
1157
CCCXVI
2971
1506
MMMDXCI
3083
MMMCLVI
3223
MMCDLXXVI
DLII
MMMCMV
207
2402
MMDCLXXXIII
1006
MMCXXXVIII
DXIV
1015
301
MMMCCXXXVIII
1800
MMDXXII
3931
401
MDCX
MMDCCXLIV
MDCLXII
MMMDCCCXCVI
DXX
392
MCCVII
1224
2572
459
MMMLVII
2069
3087
MDCLXXVII
933
MMCDXXXVII
MCMXLII
791
CCCXLVII
1090
255
MLXXXIX
570
2922
2553
CXC
MCLIII
3345
1210
1025
618
MCLXXVI
MMMXXIII
3458
MMMCCCXCI
2557
2890
1661
MMXXXIII
MMCCXXIX
3864
MMMCCLXXXI
DCCCLVIII
600
146
545
MMMCCCLXXX
CLXXVII
MMMCCLXXXI
3335
DCCLVIII
MMMDCXXXV
DCXXX
MCCC
DV
1508
1658
718
MMMCCXXIII
MMMCCCX
1081
1234
783
MCCLV
MMDCCXXXIV
DCCCLVII
CMLVII
3363
1815
1565
2840
2251
239
3354
3843
MMCMXLIX
1888
MMCCLXXXII
3463
MMCDXXXIV
MMDLXVI
3948
2770
MMMDCCCLXXXVI
362
CXXX
3609
2434
3789
CXXIV
3086
MMMDCCCI
1193
CCXV
MCMXXII
MDXXXVI
1665
MMMCCCLXXIV
MMMDCXLV
589
MMCDLVI
MDCCXXXIII
MMCDXXXI
CXXX
3354
MDCCXXIV
MMMCCCXIV
1600
2439
DCCCXCV
CMLXVII
MMDCXIV
2454
1452
3232
MCDXLVII
MMMDCCCLXXVII
3941
MDCLXXVII
152
3473
3590
981
IV
DCCCLXXXIV
1156
MDCIII
8
MMMCCXC
1648
CCXVII
2213
MMDCLXXXVIII
1724
MMCLXXI
CCLVI
1449
DXXXVII
2724
MMMLXXX
3798
2626
MMDCXVI
1647
1117
MMDCIX
1736
296
MMMCLXXIV
MDCXXIV
MMDCCCXLVIII
MMCCCLXI
793
1775
266
CCXXVII
2699
2433
MMDCCCXLV
2654
106
CMXLI
MMMCCCLXXXVI
2960
3988
MMMDCCLIX
492
3314
MCCXLVI
456
MDCLXXVII
1868
3436
1276
MXIII
3223
MMDCXXXVIII
MMMDXXI
MMCMVII
2505
MMMDCLXXX
CMXLVIII
MMMDCCLXI
MVII
MMMDCXCI
1980
MMDXXVI
MMMCMXVI
MXXIV
3890
1514
CLXIX
3880
477
MMCDLXIII
VI
1167
MMMDCI
1469
MMDCLXVIII
DCCXLVI
2944
1631
MMDCLXVI
274
682
2871
CC
MDCCCLXIV
2996
MDCCCXLI
MMXXVI
2830
1773
3788
2513
1497
3760
MMMDCXI
MMMDCCCLVII
360
708
MMDCCCXXXVIII
DCCXCVII
MMMCDXXVII
279
2925
3084
44
145
MMDCCLXXXVII
454
1141
CMXXV
1367
908
3624
MCMLXXIII
1489
3757
MMMDCCLII
2944
560
CCCXCVII
MMMCCLXXIII
2067
XCII
1484
MCMLXXII
2806
MMDCCXXXII
3063
1216
639
MDCLXX
64
MMCCXLVI
MMMCDLXI
MMDCCXCI
3638
3808
869
CCCXXVIII
2905
3977
MCXLVI
MMMCDLI
3551
896
MMDCCCXXVIII
MMMCCLX
265
2327
DCCLXXVII
616
MMMDCLXII
1963
MLIV
2458
MXXIX
MCMLVI
1679
MDCCXVIII
1678
MMMDCCCXXXVIII
MMMCCCLXXXIII
1185
1338
1806
1411
474
3885
MCDXXXVII
MCCXXXII
MMDCXXVI
1146
1651
MMMCCLXXXVI
2804
MMCCCXXIII
MMMCCCXXIV
MMMCDIX
MDCCCVI
500
208
2459
MXXII
MMMDCV
245
225
2306
3885
MMMDXCVII
MMCMXXXIX
MCXLV
2602
701
CXLIX
1461
119
2062
MCCCXCVIII
MMMDCXVI
DCCCLXXX
1385
MMCCXLI
874
2863
3668
MMLXIX
2160
1413
3257
MCXIV
1515
3451
3522
1294
CCLXXIX
MDCCXIV
1730
2787
1141
DXXXII
MMMDCCCLXXXIX
1841
2259
1726
1785
695
DXXII
DCCIV
MMMCMXLIX
MMCCXLII
CCCXIX
M
2957
2856
282
MMCMLXXI
483
MMCC
MMMLXIV
MMMDCXXXI
153
1594
827
440
MMMCCCXVII
CCCLXXVI
DCLVI
2156
DCCXXVI
MMDCXCVII
3653
MCXXI
1238
1615
MCCXXXIV
MMMCCCXLIII
1860
MMMDX
3276
1499
986
2888
MMMDCCCXIX
MMMCCLI
MMMCCCLXI
MCCXXVI
MMMCCCXLV
MMMDCXXXVIII
3737
MDCCCLXX
2914
CCLX
2661
1161
1799
29
2676
MCCXLVIII
MMMCCCLVI
MMCCCLIII
206
1627
MDXLII
1906
3742
MMMCCXXXII
MCCLXII
2116
MCLXXIV
1938
MCDLXXXII
CCLXXIX
968
MMCDXCVII
1700
3667
MCMXXI
MMMDCXCIII
732
MCCCXCIII
2763
3994
3252
MDCXLIII
DCCIX
CCLV
1070
1966
MDCLVI
3824
2542
3640
1214
MMCMXCIII
3255
XXXV
MMCXXXIII
3644
913
XCVIII
1130
MMMCCCXXVII
DCCLXIX
MCDLXXI
MMCDI
MMMDCLXXIX
547
1480
MCCXII
MMMDCCCLXXXI
MMI
2810
3392
1109
2754
MMMDCCLVII
MMMXLV
2040
3741
MMMLXXI
MMMDCCCLXXIII
DVII
1479
MMMCCCLXII
DCCCLV
290
MCCCXIX
3646
MCLXXV
3008
MMDCII
MMMDCCCXXXV
MMMCMXXXV
1035
MMDCCCXXXVII
MMMDXLVIII
3133
MCLXXXIX
2448
3325
MDCV
MMDXLV
991
1109
3019
3039
XXI
MMMCDLXXXVIII
2217
MMMDCXCII
LXI
MCCXXXVI
2414
1984
548
2815
CCCLXVII
2398
1702
MCXCVII
2673
MMCCVII
MMCCCXLIV
135
2769
236
180
MMCDLIV
580
MMCCXXII
MMMCCXXIX
679
1171
3470
MCCLXVIII
1002
1270
CCCXXXVII
1533
1704
141
3669
1376
1858
1862
DCXXII
700
CXCIX
DCLXV
2914
MMMCCC
MMXCI
MMMLXXIX
MMMDCCCLXVII
CCLV
3264
MCCLVIII
2004
3464
2559
850
3554
CXCVI
1824
791
1763
2979
2850
MMCMX
XXXV
MMCMXXXVII
1940
LXXXVI
DXLII
MMCDLXXXI
MMMCMLXXXIII
616
MCCCLXI
2248
MMDCCCXVIII
3400
MMDCXCVI
CMLXI
DCXXXV
CMXCIV
965
DCLVI
MDCCXXXI
MMMCDXIX
1067
DCCLXI
MMMXCIX
1729
2042
MMCCXCII
1493
CCXXIX
2962
MMCCXXV
3887
2436
DCCCXCV
1370
1750
MMDCCCLXXVIII
MMCXXXV
3118
MMCCCLXIX
MMDCVII
598
MMDI
954
1417
MMMCMLXI
MMCCCLXIX
CXXV
1371
LXVII
MMMCMXLVII
872
MMCXLVIII
MMMCDXCIX
MCCXXIX
MXIV
537
487
3791
2126
1174
3788
118
2061
MMMCCXIX
MDCLXXVI
MMDCCXLIV
2550
CDXXIII
DV
2320
MDCXXII
MMMDCCIII
238
1789
2778
XXVII
1125
MMMDXCIV
DLXXI
DCCCLXXXVIII
363
3986
2216
CCCXXVII
MCXIII
1556
3775
588
CXCVI
DLXIX
MMCDXXXVI
DCXXVI
XC
DCLXVIII
MMDI
881
CXXVII
2227
DLXV
3376
MMCDLXXIV
2548
3766
MMDCLXII
MMCDII
MMMCCCIII
172
1143
DCLII
MCCLIX
MCCCII
MDCXCIX
MDCXXXI
MMXXIV
2729
MCCLXXXVI
CCLXXXIV
CCCXCI
987
DCCXCVI
2933
3769
3501
MMCCLXIII
3557
DLXXXVIII
DCCCXXIV
2644
775
2766
1458
MMCCCLXVI
2173
2558
1358
MCCLX
MCDXCV
1503
1908
171
MDCXCVII
MMDVI
MDLXXVI
1418
1736
2553
616
3945
MMMDCCCXVII
1134
454
1832
MCCVIII
MCMXCVIII
2134
MMMCCCLII
3348
1736
3235
MMCCCL
3045
MMMDCCLVI
CMXXXVIII
MCDXXXVIII
MCMLVI
MMCDXXIV
MMCMXXXVII
3276
495
MMDCCLXXXV
1071
1917
1187
978
MMMCCCLXXIX
MCXCII
406
MMCCCXLI
3796
MCMXC
2467
CDI
CDVIII
MDCXVI
1064
1842
2437
3946
1758
613
DCCCLXVI
MMMCDXXXVIII
558
1385
CLXVIII
MCLVIII
LXXXII
MMMCCXLII
283
MMMXX
1322
CMLXX
235
18
709
735
DCCLXXVIII
MCCXIV
MMMXLII
2673
MMMCDXLIII
1564
CCCLXI
MMCCCXLVII
MCCCLXXVI
MMXLIV
1551
1128
784
2650
MCCXCVIII
MDCCCLXXXVI
MDCCCIII
3443
MMMLXVIII
1217
3783
MMDCCXV
190
MMMDCCCXXV
MMMCXXIX
651
2092
3622
3286
3795
2588
MMMDCCCXC
MCMLXXXVIII
3773
1591
MMDCVIII
MMMCDXV
MMMCXXIV
MMMCCCXVI
MDCCCXV
3835
3648
846
1899
2949
CMLXXXVIII
3166
3343
MMDCLXV
2193
3034
MCLXXXII
MMMCLXXXIX
MMMCCVI
517
MDCCLXXV
3890
3345
MMCCCLXXII
2417
3889
860
LIX
DCCCXIV
421
MMMDCLXVIII
MMMLIX
MMCCCXVI
570
3070
344
MCDLIII
DCCCLXXXVII
MMMDCCLXII
3968
2847
2890
MMMCLXVIII
93
MMMCMVII
3811
2786
3188
MMCDXCV
1312
1799
MCXLIX
3112
1226
2848
3275
1779
3831
MCXV
MMMDCCLX
3
MMCL
MMMCDLXXIII
3016
MCMLXVI
2951
2932
MMDLXVII
MMMCDII
137
MCCCLXXVI
377
3923
625
1017
1594
1280
MMDCXXXIV
CMLXI
MMCXXX
DCLXIII
MMMDCLXXXIII
3619
DCCLXXXVIII
2152
DCXLII
1151
1875
1815
LXXXV
MMDCXXI
MMCDXXXV
2968
CCVI
3004
128
1913
MXXXIII
2017
XLVI
1637
DCCCLXXX
MMDCLXIX
MMCMLXXII
1671
MCMXXII
2985
CMXXI
2571
MMCCCXLI
MDCCCXLV
MXLI
MMDCCCLVIII
1041
317
583
MMMCDXXXVI
MMMCDLXXXIII
MMCCXCVI
DCCCLXXXVIII
2148
MDCXXV
876
229
3993
MMDLXXVIII
MMCCCLXX
2222
MMMCDLXIV
MMMCCCXXVIII
MDCXXXII
MCLXI
MMDCCXIV
3733
3624
DCCLXXXIX
3552
553
3596
3976
MCCCLIV
1815
1437
MMMDXLVIII
DCCCXXVII
DCXIV
MDLXXX
MCLXVIII
1393
3457
3544
MMCLXI
3399
CCVIII
MDCXXXI
3356
1999
104
2396
MMDCL
895
MMCXXI
571
2540
MMMDCCXCI
3504
1375
MMDCCCXLVIII
MMMCMXLV
MMCDXLVII
MMMCCLXVI
2404
MMCCXIV
2670
MMCDLVIII
CXLIX
MMDCCXCIX
3400
3872
MMMDCCCXCI
MXCIX
1602
MMMCMLXV
MMCCLXXIV
MMCCCXCIII
MMMCCXCIX
DCXCIII
2711
714
714
MDCLXXXIX
MCCXXIV
MMDXLIII
3435
MMDCCXCIII
MMMCMXCVI
DCCLXXXIV
CMXCI
3616
MMMDXCII
CDLXXVII
LI
MMCXCIV
3751
MMMCDXXXVIII
3638
1459
3963
MMMCMLIII
CCCLII
3300
1450
802
1123
3984
3210
2420
CCXV
MCMXXXII
CCCXXIII
DCCXV
MMMDCCCXIII
1153
3480
1170
3968
1342
2021
CXVIII
MDXLIV
CMLXXV
MMMDVI
3389
MMMCCCLXV
3099
3941
1459
MMMCMLII
1222
3569
3139
1470
CCXXXIX
1584
263
MMMCXXXVII
CCCVII
MMMCCCLV
DCCCXLV
1686
MMCCCLXXXIX
1771
2648
508
MMDCCCXCV
2653
MMCCXXXVIII
3704
MCCCL
2672
MMCCCXLIII
3431
3282
MMMCLIII
1171
139
624
2793
1566
MMMCDLXII
3975
MMDCLXII
2355
3033
698
CCLVII
2050
3783
2414
1041
MMDXXV
397
3118
297
3588
MMMCXII
MMMLXXXVI
MDCLXIV
2132
1277
MMCCCXLVI
MDCCLII
164
MMMDXCIX
581
3862
3975
MMMCMXVI
3103
MMMCCCXLIV
1740
MDLXXXIX
2738
MMDVI
MDCXCVIII
1054
MMMDXI
392
MMCLXXX
2535
MMCCCXCII
2485
2561
3004
3047
MMMDCCVIII
XLV
3607
CXVIII
MDCCCXV
2540
DCCCXXIV
MMCCCXCII
2397
MCCCXCVI
MMMDXXVII
MXXI
MMMVIII
DCCXXXVII
MDCLXXIV
3618
2296
347
CXLI
2189
MDCCLXIII
336
590
3696
MMDCCCLXXVIII
1063
1651
3020
MMCMXX
1452
2009
MCCCXXVIII
1294
MMCMXL
MMMDCLXXIV
DXLV
2875
1929
970
MLXV
3828
MCCLIX
MMMCLXVI
MMMCDXXIV
MCCXCI
3839
2871
MMCDLII
16
374
MMMCMXIX
3899
MCCCLI
1109
2158
1579
953
1838
484
MMMDCCCLXII
645
MDCCCXXXVI
3826
1499
MMMDCCCVI
2808
1856
545
3612
CCCLIV
CMXXVIII
319
MMCCCIX
MMMDCCCXCV
2622
544
3531
2387
3790
2710
MCDXXXVI
MDCCLVII
MMMDCCLXXXIII
MLVIII
MMMCMLXVII
MMCMXVI
357
351
2903
167
MCMXXXVIII
2767
2618
3708
101
MCCXCI
DCCCXXV
MMCMVII
1883
3358
287
3919
MMMDCCCIII
2268
CLIII
2110
CCCLXXX
2690
DCCLVII
2740
1015
1342
MDCCXXIX
2452
MMDCLXXVII
MDCVII
CCLVI
MMCLXXXII
3914
757
MMMDCCCI
1336
CCLXXXIX
2855
2687
MCCLXXIV
DLX
625
2162
MMVI
1612
3137
1518
1292
2209
MMMCCLXVI
XXIX
MCCLXXXV
CLXXIV
481
MMCXVI
MXLVII
MCLXXXIV
161
MCMXI
MCXXIII
34
2132
3286
3296
MMMDCXCVIII
MDCCLXXII
3364
DLXII
MDCXXXVII
MMDCCLII
3847
CMLXII
1756
694
MCCLII
3262
805
MMCCXXII
2116
1452
MMXXVI
1139
638
2219
CMLXVI
MMMLXVIII
MMDCXI
MMMDCCCLXXXIII
3432
520
2835
711
3675
3390
MMCMII
1836
MDCCCXXX
MXIII
MMMCXXIX
2716
2662
410
3572
DCCCLXXXIII
XXVII
3311
MCMIII
MMDCCX
MMMDLXXXI
MCCXXVII
3504
DCLI
1014
802
CDXXXVI
MDCCCXLVI
MMC
MMMCDXV
3687
3565
MMMCCCXCIX
MCCCXXIX
MMCXCVII
488
571
166
MDCCLVII
1829
1266
427
2194
2381
3998
LIX
3874
2316
3868
MMCCXXVI
MMDXXV
309
3134
CDXCIII
2992
409
MMCXXXIX
MMCCLIX
12
1542
2263
DXIX
476
3364
MCXII
1708
MMMDCCCXLVI
CCXXXI
MMMDXXX
CCCLXXVII
MLXXV
2466
869
MCCIX
MMDCCLXXXI
1993
3822
210
MCLXXV
2396
563
351
3098
1069
MMMDCCLIII
2005
2537
724
3522
MMMLXVII
CCXV
MMMDCCLXXI
DCCLVII
1759
2283
MMCMXCV
1711
1373
3401
MMCDXCII
2921
MCXVI
3247
MMMXCVI
MMMDCCXXIV
MMMLVI
CDXCVI
3976
785
3032
MMMCXXXIX
MMMDCCCLXVII
382
MDLX
3789
MMMDLIV
2089
330
698
2248
DCXXV
201
CLIII
CLXVII
MMCCLXVI
3835
1454
MMDLIX
MMMCDXCV
MCCCLXXXI
2718
3994
3886
1152
MMMDCCCLIII
MMCCXIX
1761
CMXXIV
MMCDXCII
MDIV
2728
MDCCXV
3895
3341
3220
2565
MMCCXXX
MMDCLXVIII
MMMCCLXXXVI
1944
MMMCDLXXXII
MMDCCVI
MMXXVII
CVIII
MMMDCCXCI
3480
MCMXI
1087
21
1937
MDCCCLXII
1467
1240
DXIII
2973
CCXXI
2218
MMMDCC
854
MMCMLII
MLVII
MDLXXX
MMMDCCCLXXVII
MDXCIII
MMMXCVI
MMCMLII
DXVIII
3087
DXCVI
MCDLXXII
MMMDCCXXXVII
3625
MMCDXXXVIII
LXXI
746
1690
3346
163
3929
1143
3751
3501
CCCXVII
MDCCXI
200
MDCCXV
MMMCMLXVI
CLXIV
1429
MMMCMXII
2832
1986
1672
CXXI
3324
1238
2181
DLXXXVII
818
3905
MMCDXXXII
XXXVII
MCXLIII
CXXXI
3512
349
2995
90
2472
1976
MDCI
MMDCCCIII
3626
MCLXXXV
2405
MDCC
DCCCLVIII
1539
MDCCCXXXIII
MMMDLXXXVIII
MDCXXII
MMDCCLXX
MMMDXXXVII
989
510
2150
CLXVIII
MMCCXLIV
MDCCCXLVI
MCCCXXXVIII
MMCCCLXXXVI
MCMXLI
3070
MMLII
3647
DCCLXIII
MDCCLXIV
MMCCXL
1596
MMCCCLXVIII
MMMCD
MMDCCLXXIII
2507
1039
2320
MCCCXXXII
DCCV
DCXLVII
MMMDCCCLVI
2534
MMCXII
12
CMXCIV
2739
3128
MCDLXXVIII
418
89
3320
3634
CCCXCII
1946
DCCLXXVIII
XV
635
759
3420
1618
2311
2476
1291
MMLXVIII
1659
MMMCCCXCIX
MMCCCXXXVIII
675
DCCLIX
1852
MXCV
2291
595
2030
3022
1261
MCMVIII
MCDXXXIX
MMDCCCLIX
3089
MCMII
MMDCCXLIV
2140
3047
DCXCVII
MMMDCII
2208
MMLXXXIII
2139
1595
MMXI
MMMLIII
2199
2007
2984
2293
700
2731
1780
965
MMCXIX
1273
2844
1084
MDXCV
MCCCXCIX
MMMDCCCLXXXI
MMMCMLXVII
2703
3810
MMCMXXXVII
CXXXIV
3266
MMMDCCLXXXIX
MMCCCXLI
MMMLIX
MMCCLXXIII
MDCLI
1190
795
227
MDLXXXVII
2137
MDLXXXV
CML
DXXXIV
DCCCV
451
2401
MCCCXCV
3120
1880
735
MDLVIII
2188
MMMDCCXX
MMDCCLXXV
1657
MMMCXXXVIII
419
MMLVII
MCXXII
2249
274
2070
MMDCCXLV
1
1253
1585
MMMDCXXXIX
128
MMCDXCIV
3219
1036
MMCLXI
628
1846
MMMCCCVI
746
3316
1548
3897
356
2842
169
MMMDCCCXLII
MMDCLXXXIX
MXLIII
3531
3482
MMCXXXVII
CCLXIII
3547
1059
2601
MMMDCCCI
467
MMDCCCXXII
2276
1605
CDLXXV
2319
582
751
3417
1429
MCCCXXIV
289
CVIII
2983
MDCCCXX
1900
437
2557
3726
MMMCCXCIX
776
339
3531
CLXVII
MMXXVII
2751
2387
2935
MMMXCIV
MMCDXXXVIII
2420
1932
3068
MMMCCLXXXIV
2875
MCDLXXXVI
1511
MDCVII
MMMCMXCII
1296
MDLIV
1000
2676
MMMDCLVI
MXCVIII
CDXCIX
85
MMMCCCXLVI
2697
MMDIII
561
MMMDCLV
MMMCMXXIII
MMXXVIII
1907
708
MDCXXI
697
3082
2403
3192
1074
576
1232
3733
DLXXXVI
2175
MMMCDXLIII
3852
CCCXVIII
MMDLXXX
1283
1014
MMMCCLXXIV
670
3123
XCVIII
3633
MCMIV
3707
3382
CDXXXVIII
MMCCXIX
327
2516
MMMLXXXVII
DCCLXV
312
575
MMDLXXV
MMDCCVI
MMMDCCLXIII
CCCXXII
2785
3560
2720
3444
LXXXIV
560
3729
DCLXXXIII
3200
MMMDXVI
MCCCLXXXII
MMCDXCVIII
MDCCLXXXVI
MCMXVIII
3563
628
1043
MMDCLIX
238
DCCCLVII
2599
MMMCCCXX
MMMDLXVI
MMCDXIV
MMDCCXIV
1123
1821
1260
MMDCLXIX
2509
637
MMDLXXXIII
MMMDCCCLXXXIX
1267
707
MMCXLI
MDXXX
474
MDCXIII
1307
2631
2145
1279
DCCLXXI
MMDXIX
DCCXLVIII
2212
2839
2353
MMCCXXXVI
MMCDXI
2736
MMMCCCXIX
1173
MMDLXXVII
MMCDX
3899
MMVIII
MMMCCCIV
DXXXVII
3660
MCCCXXIII
2688
MMMDCCCLXXXIV
MLXVIII
CDLIX
DCCCLXII
MMMDCLXX
2189
MCCCI
1973
1691
3309
MMMCCCXIX
1010
MMMCLXX
513
MMDCVIII
3464
MLIV
MMMDCXIX
MMMCDLXXIV
MCCCLXV
MMMCCLXXXIII
563
2101
3236
I
DIII
MMCMXCVII
MMMDCCCLIV
3891
65
3025
2928
1425
MMMDLXXX
766
1063
MMMCCCXLV
MCMXIX
1264
2479
CCXXIV
MCDLXXXIX
717
CCLXVII
DCCXIV
DCCCXIV
3914
1092
2509
CXCIII
MMDCCCLXII
CXVI
2773
2442
1042
2909
37
MMCDXXXII
638
2182
3597
134
MMCDXXXVI
MXXIX
2819
MMXXXV
DCCCXC
MDCCCXXVI
MDCLXXI
1161
MMCCLX
3205
2418
MMCMLVI
CCX
CMLVI
CCXVIII
DCCCLXXIII
MMCMLXVIII
MXXVIII
MMDXXXVII
3694
MMMCMLXXIX
CDXCVIII
CXCIII
DCCLXXVI
2681
MCLIX
MMCMVI
MDXXVI
1838
MMMDCLIII
MMMCCCXLVIII
1584
370
3495
3185
DCXXVII
2119
MCLXXXI
MMCVII
2897
XXX
MMMCMLXXXII
2194
1588
CXLI
748
MMMCCCLII
3188
MMMCDLXIII
3014
DCX
MMCMLXXX
MDXV
MMMCDLXXVIII
MMDXC
200
708
1514
MMCDXXXI
MMCMLXI
MMDCCCXXXII
3370
MMMDCLXXVI
MCDLXXXVI
MMCDXXXVIII
MMCMXIV
MMMCMLVII
3935
43
2659
MDCCIX
2286
MMCXXXII
MDCLX
MCLXIV
2118
DCCV
852
DCCXIII
658
MMMXXII
836
996
573
MMDCCXXVI
MMDCXIV
3561
MC
MMMDCCCXXVI
MDCCCLXXIII
3634
MDCCLIII
470
MDCCCXIV
CXXXVI
CDXCV
DXCI
MMMDCCXXXVIII
MMCCLXXVI
2104
176
MMMCMLIV
3637
448
2719
MMMDCCCXV
MCLXVIII
MMCCCLXXVII
3052
746
MDCCCLXXXVII
2255
1706
616
1814
3816
CMXCVIII
MMDCXVI
MDCXIV
CVI
2839
533
MCXXXVII
MMMDCCXXII
909
MMDLXXXIX
CMI
3996
3391
1308
1470
940
MMMIII
MMMCMVI
MMDCCCVI
2844
3190
MLXV
3241
1979
2196
DLXXXVIII
1897
2067
1889
372
DXXVIII
MDCLXXXIX
1890
MMDCCCLXXXV
CML
1694
CII
773
MMMDCCCVIII
2464
MDCCCLXIII
1679
DXII
770
2943
1899
1657
3420
3254
1987
MMMDXLIX
MMMLXVII
MCCCLXXXVII
MCCCLVIII
MMMCDXXXVIII
CMLV
MCDLXXXIX
MDCCIX
MMMDCCCXLV
MMMCCCXXVIII
VII
2198
DCCLXVI
2033
1410
MDCXLV
MMDCI
1117
626
3130
DLIII
MMCC
3725
771
MMCDLXI
1044
LXIV
MDCIII
3929
3133
2728
3787
2950
1274
CMLXVI
1702
1490
77
2578
CCCXCVIII
352
1335
1298
1942
DCCCLXXVIII
CMXXV
2280
2410
2964
CCXVII
3890
2544
VI
3640
806
1298
MMDCXCIII
MMDCCCXLVIII
2886
1546
MMCDVIII
CCCXXX
971
MDCCVI
462
1939
2150
MMMDCCXXXIX
2904
MMMCDXI
MMCCXCIII
293
DCCCLXXXIV
MDCLXXXVI
1871
MMDCXXIV
MMMDXXXV
3234
2540
3580
MMCCCLXXVII
MMMCMLXXXVI
DCXLIX
1593
MMMC
83
CCCXLVIII
3516
1970
MMDCCXXXVI
1670
3571
MDCCXCIX
993
MMDXLVI
MCCLV
3746
3365
413
3799
MMCCLVII
590
1306
1967
995
LIX
MMDCCXCVIII
MLXVI
MMDCCXLIX
MMCXXXVII
CDXXXV
MCDXI
CDLXVIII
1947
682
MMMDCCCXXXI
MMMDCLXXVII
3266
MMMDCCLXXXIX
MMDCCLXXXVII
MMCMLVIII
XVI
2836
MCDXXIX
MMMCXCIV
373
MMMCCLIX
3795
DCCLXXXIX
220
MMDCCCXLVIII
MXXXII
MMMDCCCLXXIX
MMDCCXV
XXII
CCXLIII
DLIX
2701
2651
MCDXLVI
MDCCXLVI
495
1712
MMMLXXXV
DCCCXIII
XXXI
2108
DCCCLXXII
MCDVI
MCCLXXXVII
DCLXX
243
2125
DLIX
3389
1599
506
1156
237
MCCCXXXIX
537
DCLXXXVIII
MMMCCCLXII
MMMCCCXXVI
MMMCXCVI
MCMLXVII
DCCCLX
MMMLXI
MDLVIII
MDCCCLXII
MMMCDXCIX
MMDLXXXIX
CDLXXIV
MMMDLXXVI
DCCXIII
MCXC
21
3288
1897
16
CCLXXXIX
MDLXV
635
3795
2356
MDCCCLIV
3393
DLXIX
MDXCI
DCCCXXIV
3499
MCDLXXXIII
MMMDCCIX
1
9
1315
CML
CDLXVI
MMCMXCIII
LXXXVIII
2114
1156
1066
2964
3886
MMMCMXI
2812
2789
1222
1388
MMCCLXXV
3522
1503
3970
419
713
1178
2271
MMCDLXVIII
550
1377
587
14
2032
MMCCCXXXIV
MMMCMLVII
312
MMMCMXIII
MMMDLXXXIX
MMVI
1766
CCCXLIX
MMMCCXXVI
1806
607
MMDCCCXL
2535
DCCLII
CCLXXVI
78
1457
MMDCCCXXIII
MDCCCXCVIII
898
MMMCXCIII
1708
1865
MMMDLXVII
CXC
1264
3950
374
MMDCCXXX
2845
3362
1295
2756
MMCXIX
MMCCXCVI
1128
DXXXVIII
MCXCVIII
DCXIII
MMCXXXIX
MMMDXCIX
1241
109
MMMCDXXXVIII
MMMCCX
3676
3674
DLXXXIV
MCCXCVI
MMMDCCCLXXXVII
DCLXIII
MMMDLXXVIII
CCCXXI
1260
34
1990
MMMCCLVIII
2218
MDCCXVI
3428
MCCLXXXIX
2819
DXVIII
2072
DCCL
MCCXCVI
XC
MDXXXV
584
2555
364
DCCCXCV
DCCLXXVIII
2346
MMDCCCXXXVII
2699
2164
MMCMLXXII
508
2125
2011
MMMCMLIX
MMMDCCCLXIII
DCCXXXIX
3368
1454
3171
3688
2488
MMCMXCVII
3095
MMCCLXXXI
DCCLXXXI
2595
MDCCCXII
MCLXXIX
2959
1272
MMMCMXXXIV
558
MMMDCCXXXVIII
3476
691
3305
DXCV
2468
MMMDXC
534
MMDCCCLXXVI
MDCV
2171
1122
MDCCCVIII
3417
MMMCCCXCVIII
699
MMMCMLXXVII
2682
CMXLVI
3358
MMCLIV
3939
MMCDX
1787
MMMCXC
DLXX
MMCLXXIII
MMMCDXII
3116
MMMLIII
MMCMLXXXVI
MMMDCXLIII
DCCIX
MDII
2308
2675
394
3477
MMLXI
MMMDCCCLXVI
MDCCCLXII
385
2906
MMCCCXXXVIII
MMDI
MCDXXXVIII
528
CCCLXXI
417
MMMDCCCVI
3560
3173
MMMCDXXXVII
MMMDCXXIV
CMLXII
2505
MMCCXLIV
MMCMXXXI
CDLXXVII
2862
MLXXXV
MCMXCII
XXXVII
MMMCLXXI
1181
1921
3651
CMLXXVIII
MDCCCLXI
3992
MMLI
MMCCCXCIV
MMMCDXXXVII
3786
MMDCCCLXXXVII
3670
DCXC
MMCDLXXXIV
CCCXVIII
1735
2144
449
2518
1274
MCDVII
3267
MCCXLVI
1169
CCCLXI
DCXLVI
MDCCCLXV
CCCLXXVIII
206
MMCMLXVI
1356
MCDXL
CMXLVII
LXXXIX
MMMCCCXXVI
MMCDLXXXVI
405
3235
3742
2322
2490
CMLIV
MMDCXXV
2624
MMMDCCCXCVII
MMDCCCLXXII
2701
2340
MCCXVI
3811
1364
519
1159
691
DCIII
MDCCXII
MMDCCXCIX
MMMDCLXXXI
3443
MCMXCVIII
2256
883
75
1745
1675
DCCLXXXV
MMCD
3274
3890
252
MMCLXXV
CCLXXXVII
34
CMLXXII
1773
841
MDXII
MMMDCCCXL
DCCXII
MDCCXCIV
MMMCDXC
147
MMDCCCLXXIV
3861
2991
MMCMVI
2175
175
1593
MMCCLXVII
MCMXIV
MMCXXIX
414
566
LIII
3393
3097
1118
3370
MMMCMXCI
CXLIII
648
676
MDCCCXXV
DCCCXLII
CCCLXVII
967
2821
257
MCLXXVI
1095
672
MMMCDI
MMMCCLXX
MMMDCIV
2850
MMDLXIV
MMMCDLXIX
2159
CCLXVIII
MMMDCCXIX
MMXCI
CCVII
MDLXIV
1590
3906
1694
248
MMMCCLXXVIII
MMCLII
CLIV
2986
MMMCCXV
3153
366
2710
1539
2812
MMMDCCCVI
3725
MMMLXXII
3427
MMDCXLVIII
830
113
MMDCCCXC
1910
MMMCMI
LXX
3304
2110
2363
3008
MDCLXXXVI
MCMLXXIX
MMCDLXXIII
3035
3588
497
142
MMDCCCXCVII
2994
403
MDCCCLXX
2499
3978
190
CCLXI
4
3743
1213
1581
MDCXCVII
MMMCDVI
2396
1333
CMLXXVI
3923
CDIV
DXL
MDCXXXIV
VI
2775
MMMDCXXXIX
MCLXXXII
DCXLIII
CLXXX
1970
1942
547
MDCLXXX
MMMCMLXII
2440
3807
2794
410
2672
DXXIII
3240
3181
3933
3940
2025
MMML
MCDIII
3569
102
3026
MDCLXVI
MCCCXCVIII
MMMDCXXXIII
MLXXXII
942
3771
MMMDCCCLXVI
879
MMCCLXX
MMDCCLXIII
85
1585
3916
MLXXVI
MMDLXXVIII
CMXVII
1069
566
MDCCLXXXV
2375
1050
815
MMMCMXCIV
DXI
1209
3552
MCMLXXXVIII
3548
2924
MLXXII
2150
3014
345
198
83
387
CMXCV
1606
MCMII
3053
2176
CLXXI
DCCCXVIII
MMDLXXXVII
3494
3644
MMCCXVI
MMCCCLXVIII
MCDLXXVIII
3635
1708
664
MMCCCXXV
2032
400
MMMCCCLXXXV
3510
2446
MDCCCVIII
MMCCCLIX
1040
DCCXC
1605
MCX
1952
2503
MMMCMXCV
XXX
DCLXIII
3665
DLIII
MMLXXXVI
1635
894
3138
MCCXLVI
1927
MMMCCCLXXIX
MMMDCCLXXXVIII
2652
1968
2300
783
1612
MMCCCXLI
1063
2166
639
3381
1002
2939
3163
2243
2432
MDCCXLIX
MDCXII
3950
1773
3481
MMCDLXX
MMCLIII
2997
1788
DCCXCIX
MMDCLXXVII
MMDCCXLVI
2625
CMXXXVII
MMCLXIII
CXIII
MCMXI
CXIII
MCDXCV
1356
MMMCCXXXVIII
MMCCXXX
MDCCCLXXIV
3818
3763
3685
3067
427
3953
MMMCDLXVIII
2443
MDCVII
MCDXXXIV
26
MMDCCCLI
MMV
2535
2078
2318
MDCLXXXIV
MMDCCLXXIV
MMCCCLV
MDCXX
847
MCMXCII
2923
3645
DCCXCVII
MMMXCIII
2838
MDCCLX
MMDCCLIV
MCCCLXXVII
3117
472
1741
1592
598
MMMDCCXX
1448
800
DCLXXXIX
MDLVII
CLXXIV
DCIII
MMMCLXVIII
MMCCLXI
3280
MCDXXIX
1958
1671
433
3090
617
1593
MMMVIII
1877
1591
MDCXXX
MMCCCXC
CCCXXVII
1148
MMLXXVI
MLVII
2866
109
2394
2373
CCXXX
DCLII
DCCCIII
CCC
MMMDXXXVIII
3700
999
712
3228
MDXIII
2046
2592
CLXXIX
270
MCXCIII
MMDCCVI
MMLV
2612
MMCDL
1745
396
1803
MMDCLXXXVIII
183
DCCLXV
MMCXCVII
2212
1456
2711
743
3947
2337
1308
552
1940
244
3427
MMMCMXXXVI
2520
MMMCXCVI
738
3459
CDLXIX
1754
MCDLVI
1573
3236
3115
MCMXXXV
MDCCXXXIII
MDXXV
MCDLXXX
987
MMCCCXXIV
MMCLXX
1440
2658
1429
3476
MXXV
MMDLXXV
2036
219
MLVIII
195
831
DCCCLXXXI
3458
MDCLXXVI
MCDLXXVI
MMCDLXXXVIII
2526
1118
MMDCCCLXI
1772
387
1825
3297
1564
1738
MMCXXXIV
2515
MMMDCCCV
1343
MMXXII
MMMCDXXXVII
3668
1686
CCCLXXXII
2095
2646
1860
MCDXXVI
CCCXI
MMMCCCXIII
MCMXXXIII
MXXI
1033
MMMCCCLXXXIV
2110
3852
452
MMMCCXCV
MMDCCXLII
MDCCXVIII
3462
2102
MCDXXXVI
2276
3779
MMMCCCXXVIII
3302
MCDLXXXVI
3610
357
3947
199
36
2816
2246
1005
MMDXCVIII
MMMCLIV
DCCCXXIX
1145
1701
MMMCMXXI
MCLXX
599
MMXLII
1904
MCXXI
929
MMCCLIV
MMMDCCCXXV
MCLXXXVIII
2116
3284
2380
MMDCCXCV
CDI
87
2599
495
154
2466
354
2605
MMMDCCLXV
CLII
3474
MDLII
235
DCCCLXXVI
DCCXLIII
MMMCCXCV
MCCLXXIV
3669
MDCCC
1249
MCCLVIII
CCXCIX
MMMCCXXII
DXCVI
MMMDCLXXI
MMMCDXLIV
CDXC
1200
MMMDCXLII
610
1608
MMMLXXX
2316
1225
1604
1157
1438
CLXXVII
2964
1387
MMCCCXLIII
MCCXLVI
MMCDL
MMCCCXXXV
MMDCXX
MMMCLXXXI
205
MLXXVIII
MMCCLI
MMMXXIII
1645
MMDCCCXXXIII
MLIV
65
MMCDLX
DCCCXVIII
3073
1344
MMMDCCCXXIV
2415
587
198
1661
2638
2205
DCCLV
MMCCXIII
2137
MMMCCCXLIII
MMXXXIII
1691
2232
507
MMMCCXXVII
2473
3732
MMDLVII
MDCLXI
CXI
MMXXXV
MMMCMLXI
MMCCCLXVI
MMMDXLVIII
1913
DCCCXLV
CMLXXVIII
MCCXXV
MMCMXXI
MCDLXIV
CCCXXIV
DXXXIII
3697
621
1800
171
1570
1284
MDCCX
MMMDCXXVIII
MCMLXXIX
135
MCCLXXXIV
3711
709
CCX
2894
MCMLXVI
353
2813
1380
MMDCCLV
MMCCXIV
1553
1226
3845
DCCCLXXXIX
3477
1236
2049
MMCCCXXXV
946
3304
DCCLVIII
229
CCLXXIX
MMDCCCLXV
3077
MLII
2852
248
CCCLXV
3518
MDIV
3427
MMCDXXXVIII
945
MMMCCII
2940
3992
MMMDCXCIX
MMDCCCLXXVII
MMMCCLXV
DLVII
DCCXXIX
MMXXXVII
CDXV
MMCMIII
MDCCCLXIX
MDCCCLXXXIV
550
2550
MMMDCCLXV
MMCCXXXII
MMCDLXXXVI
MMDCLXVI
3062
MMMDCXLIX
MMMCCVI
1325
837
3542
MMMLXX
2024
1914
1671
1167
1408
3910
477
3274
3981
2937
MMMXII
1607
1546
1606
1367
MCMLXXXII
545
MDCCCLXIV
1954
MMCDL
CXII
3311
2613
3015
1366
1255
3800
MMDCLXIX
709
MDCCIII
3247
2024
MMMCXXVI
2195
3434
MDCCXXXIX
CDLXIII
MMCCCLI
2669
1598
CMLXXXVII
MMCCLXXIV
MMCCLXXII
2065
1598
1219
2885
MDCLXXXIV
1616
1746
DXV
DCLXXXV
MMCDXLVI
MCCCLXXXIX
MMDCXCVII
620
MMCMXV
MDXVII
1962
MCCCI
DCXVIII
699
142
MMMCMLXIX
3536
CDLIII
MDCXXXI
1523
2072
MMMCCCXVIII
MMMDCCCLXX
3098
MCCXXIV
MMMDCCCLIV
59
MDI
MMMCXCII
MCCCLXXIX
831
2560
1962
1634
MCXCI
2822
LVII
MMCLVIII
MCXXXIV
MMXXVII
3413
DCCXXIV
394
CDXCIV
MMCCCLXXXVII
MMMDCCCLXXXVIII
MMMDCLXXXIII
208
3068
3399
DCCXI
MDXXXII
2714
MMMXV
MXCI
2543
MMMDCLXXXIII
CMXIX
CCXIII
2520
MMMXXVII
1860
MMMCDXLV
1401
3185
3763
DXXX
1720
MDCCCXIII
MMCCCLXXII
MMMCLIII
CCCXI
3825
MMLXXXVI
437
MMLXXIX
1949
1995
1766
MDCXCIX
MMCCCLXXXIV
MMMDCXCVII
MMMDCCIII
3526
MDXCV
MMCCCXXVI
3078
MDCCCLXIV
XXXIV
CMXLIV
268
MMMLXXV
DXXXIX
MMMCMLXVIII
CCCVII
MMMXXVII
LXXXVIII
CDXXI
3049
2013
2524
764
CDXLVI
CDXCVIII
2373
1162
MMMCDLXXXIV
3083
MCCCXXII
MMDLXI
443
3388
993
MDCLXXV
2342
3157
3994
3913
MMMDLV
2450
MDXCIX
1312
MCV
2609
879
MMMCCXXV
149
2307
1154
3301
MMMCCCXCVII
MMMDCIX
526
MMCMLXX
MDCXLIII
1822
CCLXXV
1034
MLXXVII
MCCCXII
454
MMMCDLXXV
CLXXIX
2297
MDCCCIX
2932
1713
DCCCIII
MMDCCCLIX
1744
3926
3069
MMCXXXVII
MMMDCXVIII
MMDLIII
3018
CCCLXXII
791
MMMXLVIII
3847
MMLXXIV
143
MMCDXXXV
MV
CCXXI
MMCCII
MMMDCCCXIX
MDCCCIX
MCXVI
MMMDC
MDCCCXIX
2728
2669
DCCCLXXVI
MMDCLXX
3785
1434
MMMCCCXCIV
1858
MMCDLXVIII
3911
1464
3971
2153
DCCXCIII
2804
MMMDCCCLXXVII
3086
1357
1078
MMCDXXXII
3570
99
2673
1875
MMCDXXVIII
MMXVII
MDCCLXXXIX
MDXLIV
MMCCXXVIII
MDCCXXIX
1035
MMMDCCCXIII
DCCCXXII
2199
2985
DXXIII
CDX
MDCXXIX
MMMCCIII
1421
395
1811
MMCMI
1431
MCLXXXIII
MMCDLXI
MMMCCCLXXIV
3269
2809
1697
CCLXXX
498
1967
1669
MMV
2286
CCCXLIX
1681
815
CCCXXXII
2346
MMCCLXVIII
DXX
2295
MMCMLXXXVII
1725
MCXXVII
2702
CCCXXXIII
2290
MDCXXVII
MDCCLXXII
1368
2528
DCCLXV
CCXLVI
MMMDCCLXXXI
2033
493
CLXXX
MMDLXXXI
CMXVII
669
3189
3891
1069
1045
1108
2890
2465
210
1770
3787
3991
3763
58
615
MMMDCLXVIII
MMM
MMCCCXII
1523
1824
3391
3451
MMMCDLXI
MXCVII
DCVIII
1337
3256
3667
MCCXXXIII
1732
3211
MMDCCVIII
1439
1500
2046
CLXXII
MMCCCXXI
3707
3639
CMXIX
MDCCLXXIV
MCCCLXXV
MMCMLXXI
CCVI
MDCCCLXXXVI
MMDCCXXXV
MMCMLXIV
CDXXXVIII
MMCCXXXIII
3248
MCLXXII
1374
MMMCCXXXI
CDV
1844
MMMXXI
3614
MDCCXL
3396
1983
1434
3485
MMDXCII
1517
2671
DCLXV
398
2782
MCCLII
MCCIII
CCCLVII
LXXXVIII
MMDCLVI
MMMDCCLXXXVI
MDXXXVIII
MMLXX
3040
3960
230
MDXVII
MMMDCCCXLIII
570
MCDXXXVI
2644
2291
MCCCLXXXI
3922
MMMCCCLXXXIII
1469
1489
2443
MMMDLX
2797
3066
MMXVI
272
3319
498
3909
1559
899
MDCCLXXIV
MMMDCXXVIII
MDXCVII
510
3710
2944
3412
1168
2045
3582
16
969
CCXLII
DXXX
MMMDLX
MMMCLXI
MMCDXXXVII
2722
MXII
3389
MMCCLXVIII
MDCCLXXXV
CXXIII
MCCLXXIX
2007
1203
2952
1079
3226
2346
1068
MMMDLXXII
45
1322
MMMCLXXXVII
MMMXXXVII
2234
814
3613
2913
DXLIV
DXXXVII
3234
2352
1832
MMCLXXXI
680
MMCCXXXVI
MMDLXVII
412
MMMDCCCXVI
MMDCI
1437
MMMCCXLIX
3107
490
CDXXXVII
2626
1065
2845
280
2985
3364
CMLVIII
1931
MMMCCLI
3526
2072
2302
2551
1117
LXXIX
2547
2002
3396
2413
CCCXCVIII
MMLXXXV
3059
1017
MCCXXIV
MMDXXVII
DXCIV
MMCCCXIX
MMDCCCLXXXI
355
MDCCLXXXIV
3689
3777
MCDLXXXIV
3335
2747
2468
228
MDVII
MMCDLIII
3487
297
3875
786
MMDXLVI
2131
MMCCCXXVIII
2287
MMMDCCXXIII
2679
920
3105
DXXIV
MMCCXXV
3329
466
2897
2230
MMDLXV
1249
1975
1107
3738
2348
1023
3412
CXXIV
DCLXXVI
2994
2787
CMXXXVII
2493
MMMCXXXII
99
1908
CDXLII
523
DLXXIX
494
1646
934
1922
MMMCCLXXXVI
1157
CMLXXVI
637
MMCCCXI
1983
MMMDLXVI
1859
1406
2116
3680
IV
MMMXVI
MMMCDLXXXV
MMDLXXIV
577
MMMXLIII
2135
MCCCII
1083
MCXXI
MMCCLXVIII
1822
DCCLXXIII
42
3105
CL
3619
690
MLXXIII
MMMCDXCIV
CCCLXXXV
MDLIX
730
2195
2937
MDVII
MMMDCCLXXX
283
2806
1259
3870
DCCCXXX
593
MMDCCCXLIX
MMMCXVIII
2015
MCDXXXI
654
2280
DXXVI
2001
655
MMMCCCLXI
MMMXCV
1018
CLIII
1742
1716
MDCCCXL
DCCXCVIII
CCXXII
2997
MMMDXVIII
2948
1559
2902
MCII
2784
2066
3955
MCCXCVIII
MMMCMVIII
MCDXCVII
MMDCCI
3127
2261
2557
2873
MMMCCVI
994
3764
MMMCCCV
3130
MMCCCIX
MMMDCCXV
DCXCIII
566
DXIV
606
MDCCCLXVIII
2187
MCDLXXXVIII
MDCCCXLIII
3731
75
2407
2565
MDCXXIX
1034
CDLIV
CXL
443
MCMIV
MCMLIV
MMDCCXLIX
MMDCCXI
MMCLXXXIV
2638
1972
DCCLXXXIV
MMCDLI
MDCLXII
MMMCCCXII
MMMDCCCXXXVI
MMMDI
3107
MMDXLVI
3094
MDCCCLXXVII
1532
14
1172
3416
3594
MMCMIV
MDCXXXVIII
MMDLXXVIII
MMMDCXXII
2014
2722
DCCCXXXVI
MMXCVII
3782
MXL
DCCCXI
MMCLIX
MMMDCV
2451
DCCCLVIII
CCCLXXX
2679
MMMDCCCIII
2874
3225
CCCX
2820
2094
MMMCXIII
MMCDXI
MMMDXCV
1450
2978
MMMCDXXXIX
LXVIII
1915
3635
MMMCDXCIII
MDCCCXXVIII
MDCCLXXX
MMCMV
2598
MMMDCCXXIII
2044
CMXVIII
2238
116
2894
MMXV
MMDCCCL
DLXXIX
CMXXXVIII
CCCLXXVIII
3676
1175
3086
1168
3589
1683
MMDCCCXII
2026
3430
MMMDCCCLXXXIX
454
3620
CCXCIV
MMMDCCLXXV
486
MLV
MMDCCCLIII
3204
2899
MMMCLXXXIV
3233
CCCXV
976
3053
DLIII
CLXXI
MMMDCCCXIV
1409
3183
MMCCXXII
MMMCCXXXVI
MCCXLIII
MMMCCCLIX
1420
MMMDCCCXLVIII
MXCVI
MDXXXVI
2877
1416
3915
CDLIX
MMCDXIX
3261
2263
MMCDXXIV
2184
MMCCCXXVII
1289
405
2202
MMDCXIX
1151
XIV
LXXXVIII
2085
MCXLVIII
MCDXX
3185
3531
DCCXCVII
1118
MCMXCIII
MMDCLXI
1864
MMMCLX
799
MCLXV
538
MDXLIII
1005
3827
MMD
120
3913
MMCMLXVII
MMMDIX
2358
MDCCCLXXXI
MMCCCLVII
3481
1261
3266
2885
437
MMMCMXXIX
MMMCMV
3588
1546
CCCLIV
MMDCCLIII
MMXLI
804
2863
3901
3338
1526
MMMDCCCLII
934
MMMDCCCLXVII
MMMCCLXXIX
2699
1159
2232
MMCCLXXIV
MCCL
CMLVI
MCCLXXI
DCCXLIII
2623
1014
MMCDXXXII
2627
1945
3228
DLIV
3957
834
2373
2315
2951
2037
MMMDCCCXVI
3133
450
MMCMLXI
MDCLXIII
3316
MMCCLXXXIII
2100
2151
MDCCCLXXXI
MMMCLXXIV
741
2388
LXXXIX
MDCCCLXXXVIII
2322
MLXV
1306
2544
CLIX
DCCVIII
MDCCVII
MCMLXXX
330
CMLXXXV
44
3483
MMMDCCCLXXIII
1348
MMMDCLXVII
1173
MMMDCCXI
812
3550
83
2054
605
MMMDXLVIII
MMMCCCIX
1622
474
DCXXIX
2773
1986
MCCV
CXLV
MMMCMXIX
MMMCCXXIV
1397
MMCDLXXXII
MMMXIX
2654
DCXCVIII
MDCVI
2866
MDCCCXXV
1822
CMXLV
162
DCLXI
MMMCMXXXV
2351
DCCXIII
3340
1113
1177
MDCCCI
MMMCDXLIII
2680
1635
2939
DCCL
MCCLXXXV
MMCMXXIV
MMMCI
MMMCMXLIV
1098
2794
CCCLXXVI
CCXXXIV
1680
561
MMCDXXV
1710
MCLXXXI
3358
MMDCCXCII
999
CDLXXXIV
1651
DCXCIX
1069
MMMDCXIII
1265
3962
1143
3234
1993
MMMDXXIII
657
MMMCXCVI
1751
2962
MMCDXXXVIII
2363
3761
998
1176
MCMXCIV
MDCCCLV
3432
1427
MCDXIV
MMMCLII
3398
3622
292
3846
MCCCIII
480
MDCCCXCIV
635
MMCLV
DCCCLVII
DCCXXX
DCCXXXVI
MMMCDLVIII
2671
MMMCCCXCVII
61
CMXC
DCCXXV
1532
1300
MCDLXVII
CMLXXVI
887
3030
2717
MMCDXXIV
MMCCCXCVI
523
CIX
1881
MMMCDLXXXVIII
2066
2854
DCCCXVIII
CCXLI
MCCCII
3606
CCLXXIV
3083
3058
MXLI
MMMCCCV
CCLXXVI
3843
MDCXXXV
MMMCCCXVI
MMCCCXLIII
932
MDCCLXXIV
MMMDCLXXXIX
MCDLXXXVI
3689
1104
3152
MCCLXXXIII
3565
716
2993
3681
MCCCXCIX
2637
2226
MMLXXXIX
MMDLXVIII
3370
742
2004
1042
MMDLXII
2245
3720
398
MMCCCXXXIII
MLV
DCCCLXVIII
MCDLXXXVII
1470
3847
MCMXII
3751
33
MMMCDVI
1807
1186
MMDCXXXII
3111
3701
MMMCCCLXXII
MCCLXXXIV
MDCCCLIX
2670
3778
MMMCDXXXI
MMMCXXVI
2346
1041
1740
MMMCCCLXXXIV
435
MMCCCXXIV
MMCCCLXXXI
MCCCLXXV
DCCXLIII
2013
CCCXLII
927
MMMCDXCIX
MMMDCCXLV
CMLII
DXLVI
MCCCXCVIII
2134
MMCDLXXV
1005
1678
MDLXXVII
2429
MMMCCXCI
1114
1022
CCCLXXXV
422
2100
MMDCCCVIII
1484
2760
CMLI
MCMXCVIII
2868
3566
3385
MMCCCLIX
MMMCCXXXII
MMDCCCLXXXIX
797
MMMDXXIX
3750
MMMDCXXXIX
2193
1313
DCLII
791
MMLXVIII
2683
MMDCCXIV
514
MMMCMXCII
DCLXXXIII
DCCXLIV
CCCLXXI
3564
3685
MMDCCCLXIII
MMCDLXXVIII
MDCLXVII
1731
801
2844
3713
1923
1027
CLXXI
2660
MMCMLXXV
MMCCCLXXXV
MCCCLXXXIII
MMMCXXV
MCDXCIX
MMMDLXXXIII
MMCMXIII
2817
743
MMCMLXXX
1733
3207
MCCCLXXX
MMDCCLV
3552
MCLXIII
MMMCCXLIII
MMCCXCIII
MMDCCLXXXVIII
MMMCDXCIV
231
85
MMMCMLV
MMMCDIII
MMMCMXI
3256
438
2727
MCMXXXI
935
DCCCXXXIX
MMCMXXIX
MMDCCLVIII
1682
3047
53
309
1391
2205
MMCCXIII
1589
DXLVII
1209
316
MMMCMLXVII
MMMDCCXVIII
CCCXXIII
2695
MMMDCCLXXXIX
MMMCDXXXII
MCMLXIII
DCIV
MMMDCVI
2463
1893
MCCXXXV
1941
MMCLIV
2561
CCXCIX
3731
MMMCDLXVI
2180
MMMCXCVIII
1419
2177
3269
1819
MDCCXVI
166
CLXXIX
488
CCCXXVI
2506
MMDLXV
192
374
MMMCMXV
2644
1723
175
MMCDLXXIV
MDLXXVIII
MMCDLVIII
548
DLXXXV
MMCXXXV
MMCMLXXI
MCMLVIII
771
MMMDXXVIII
3267
MDCCCXXXVIII
3421
MMC
1178
MMCDLXXXIII
MMCXXXIII
1675
1697
MMCDXI
1862
1324
MMCCCXXX
2194
MDCXCVI
2847
1334
2195
3509
MMMCDXXVII
MMDCCV
MMMXLVII
744
MMCLXIII
165
3551
MDCCCLXXXI
MCLXXXVII
MCCCXLIII
DCCCLXXXIX
DCCCLX
42
2891
MMMDCLIX
1992
2151
1318
MMDCCXCIV
MCDLVII
CCCXIX
3593
2957
MDCCXIX
567
2727
1280
MMDCXLII
MMMLXXXIV
853
1672
CI
1709
MMMCXLIV
3675
MMMLXX
MCCCXLVI
MDXXXIX
MMMDCCCL
2909
3932
MCDXII
69
254
1794
3143
1716
MDCCXXX
MCDXLII
MMMDCCXLVII
619
MMCDLXII
184
2381
MCXCVIII
162
DXCIII
DCXLIII
2027
MDLXXIX
DXII
1778
1430
1922
MMMCCXLV
MMCLVIII
3016
3097
MCCXI
MCCLXX
MMMDCCCXIV
836
MDCCLI
563
1363
CCLXIII
DCCXVII
CDXXV
MCDLXXV
1054
641
3020
MCDXCIX
391
CCCLIX
MDCCCLXXVI
MMMDCLXXII
MMCXIV
MCCCXXXVII
2687
MMMDLXXI
MMMCCLXVI
MMCDLXV
803
2479
MMMCMLXXXII
2566
MMDCCCLX
MMDCCXVI
DCXCVII
MMMCCLXXV
CCCIV
MCCXXXIX
CCCXXIII
311
1021
1381
MCCXCI
MMCCCI
CDLIII
3827
MCMII
2948
CXLVII
2006
1086
MMMCLI
MMMCMXXI
DLXXXI
MMDXLV
MMMXXI
MCMXXVIII
1426
3531
3037
MDCLXXI
CLXXIII
828
MXCVI
MMMCLII
MMCCCXL
1283
3055
MMMDCCLXXXVIII
2030
MMCCCXCII
MMDCCCXXXV
MMMCXLVII
1107
MMMDCXXXVI
2388
MMMCLXXXI
434
MMXLV
CDXCIV
MMCDLXXIX
848
3125
MDCXVI
MCMLXV
MMMDCCCXX
MMMDCCCXXXVII
497
1996
DXXII
1604
DLXXXVI
194
MMCMXXV
1790
CMXLIII
2002
MCCCLIV
544
3911
2123
868
MDLXII
DCCCLXXXVI
2226
976
2397
MCCCXXXVIII
286
MDVI
3617
DLV
MMMDCX
MMCMXCIX
2444
2596
MDCCLXVI
3832
MCXXXVII
219
MMDCXIII
260
2908
2491
2193
3913
MDCCXC
1460
MMMCMXIII
2334
634
3710
844
CLXV
2489
2544
IX
3047
3164
2335
2306
MCMIV
2844
659
MDCXVIII
CXIII
MMMDCCXVIII
1094
MMDCXXVIII
3183
DCCXXVI
455
MCCL
1496
1359
MMMDCCCLXXV
DXVI
1514
342
MCMXXXIX
MMCCCLXIII
MMMCCCXCIX
MMMCDXXXVII
MDCXXVIII
MMLXXIII
MMMCCXXXIX
1023
MCMXLIX
2454
700
MMMDCCLXVIII
435
278
2907
1117
MMCDIII
1220
3965
CXX
CML
1912
MDCCXL
1738
MMMCCLXVI
MMMXV
MMCMLXI
275
MMMCMXXIX
2399
MCCXCVII
MMDCCCIV
MMMDCII
DCCCLXXVII
MDCLXXXV
MMCMLXXXVII
2704
822
MDCCLVII
MMCCCXLIII
MMCCLIX
MMDCCCLVI
196
MDCCLXXXIII
3508
DLI
2322
3969
MMMDCLXX
3117
1251
MCMXXVIII
LXXII
MMCCXXXVIII
1176
DXCVII
MCDXIV
3531
MMDCCCXLVIII
459
1046
MCDXIV
2295
1276
2065
2698
2889
MMCDXLII
1575
3056
MMDCCLXVIII
CCCXLI
2323
MMDCCCXXXVIII
831
1106
MXXXIV
MMMDXIX
1296
1565
2344
MMMCCLXXXI
1897
817
MMCCL
MMMCCCLVIII
CCXCI
MXCI
1826
3580
2123
150
MMCCCX
796
2377
252
20
248
MMMDXLVIII
CLXVII
910
3000
CCLVI
1225
245
2608
3442
662
MMCCCXCVIII
MDCCV
MMLIV
3771
MMDCCLXXVIII
MMMCDX
MDI
636
1686
2940
2559
CLXXXV
3377
706
MDIII
MXIII
MCMLXIX
883
1498
2824
MDCLXVIII
1753
MDCCIII
1327
1937
MMLXVII
MXXXI
CMLX
1970
2295
MMMDLXXII
MDCXX
DCXI
CMVIII
2107
1592
1761
MDCCLXXXVIII
3691
1783
MMMDLXXIX
MMCCCXCVIII
MMCCXCVI
MCCCLXVIII
MMMCMX
745
MMXLIII
MCMLXV
1730
1070
3066
MMCDXLIV
1242
3628
MMMCMXIII
MDXXVII
MMMCXXXVIII
518
3476
MDCCX
MMDCCLXII
3337
223
1085
CMXXXVI
MCMXXVII
1785
MMMDCLXXVII
MCMLVII
2474
1353
MMX
2310
2318
3554
MDCCXXXVI
676
2483
3595
3134
1359
2933
CMXXXVI
XCVIII
2997
2200
MMMDIV
3122
2404
2876
2272
MDXLVI
MDCXXXI
DC
MMDLXIII
MMMDCCCXXXII
3133
629
MMCMXLIX
106
3426
3315
MCDXXXIX
2484
2703
562
2525
MMMDCCLVII
MCDXCVIII
MMMLXIX
MMCMLXXXIX
MCCCXXXVIII
2913
MXLIV
3153
MMCMLXI
1130
CMXXI
DCXCII
3737
3923
1132
MMMCLXXVII
3398
3986
DCXCVI
XX
CCXXXIII
636
881
MMMCCCXXIV
DCCXXX
492
MLXXV
1558
493
2592
3922
MMMDCCCXX
MMMDCCX
MDCCLIV
DCXXIV
CCXLIX
2024
3431
DCCCLI
3008
MMMDCCXLII
520
3225
MMMDCCCLXXI
CCXXIX
2120
181
MCIX
MDLIX
812
CCXXXIX
MMMCCCLXXIII
MMMDLXXX
MCCLIII
MCDLXXIV
3413
MMCCCLXXX
3582
3010
1125
433
MXVII
3893
2325
MDCLXXVII
MCCCXCVIII
2065
1341
3874
2213
MDCXXXVI
MMLXIII
2624
MMMCDXII
2251
339
3145
3521
3054
1121
CDLXXII
DCXL
1923
1108
CDXXI
MLXVII
MMCXXVI
MMMDCXL
3121
299
MMMDCXCIX
DXLVI
MMMDCCCLVI
1844
3666
3586
995
MMDCCLIII
3698
MMMDCCCXXXI
MMCCLXXVIII
MMCCLXVIII
MMMDCCCXIV
1632
MMMDCCCLVI
2660
MMCCXXI
654
860
MCDLXXIII
MDCCXIV
MCXXXVIII
MMMDCCXCIX
951
71
2800
MMLXXV
2293
2873
MXXI
MMMDCCXXV
1351
3223
1973
760
546
182
MMCCCLII
2865
1926
CDXIII
935
3974
MCDXXVIII
3130
404
MMMDCCXCIII
MDCCCIII
2684
2874
MMMCDXLVI
860
MCDLXIV
1132
DCCXXVII
MMCMXC
743
3319
CXIII
MCDLII
2430
MMMDCCXLIV
MMMDCCIV
MMCCLXXIII
3632
1147
DCLXV
2873
CCCXXXVI
CMXCVI
3917
MMCCVII
MMMCDXIII
DLXII
489
3963
MMDCCCLXIII
MMMCMXCII
MCII
2110
MCCLVII
MMCLXXX
MDCCCLXXV
3458
MMCCCXLVII
712
DCCXXXI
MDCCLXXIII
1760
2226
2961
CDXXV
MMMV
MMCMLV
MXXXV
MMMDLXV
1267
MMMLXXXI
2290
MMMCDLXVI
2322
3802
MMMCCLXXVIII
MDCCLXXX
MCDLXXVIII
3514
MMMCLXXXVIII
MMDCCLXXX
814
DLXXVII
1070
949
MLII
MMMCCCXXXVI
DCCXVII
CCCXXXI
2820
MMMCCCIV
1333
MMMDXLVI
DCCCXCV
465
1444
MCCLXXVI
3587
3032
MMMDCCLII
MMMDCCCXCIV
735
1619
DLVII
429
2555
DCCXII
MMCDXIV
1490
CMLV
DXXXI
3647
MMDIV
1042
MDXXII
MMCCLXXXIII
DCCCLXXVI
LIX
MCCXI
334
MDCCCXCI
MMMCXXVII
865
2830
MMCCCLXXI
MDCCCLXII
MDCCIX
MCMLXXV
554
1565
1243
MDCXCIX
1422
MMCDXCV
1502
3712
MMDCCCXCI
CMLXXXII
MMCMXXXIII
2980
MMCMXIX
3643
1938
1674
2551
MMDCCLII
MMDLXXXIV
MMMCCXXVIII
MMDLXIV
3998
MCMXIX
CMXVIII
2770
2131
MCDXLIII
MMCMLV
3163
382
MMCDIX
3850
MDLXXII
3410
MMCCXXX
1614
3521
3036
2995
3617
1678
2063
MDCCXXII
3135
60
1124
3071
MMDCCXIII
MCCLXXXV
2501
MMDVIII
MDCXLI
789
3661
2286
MMCMXCIII
1481
486
MDCCCXXXIV
MMDCLXXVII
2114
423
3063
MCCCXLV
MMCLVII
MCDLXXXII
DCCLXXXVIII
3375
469
MMMCMLXXXIV
MMMDCXCIII
MMMCCCXXVI
2931
MMMDCCXLVI
3189
MDXCVIII
703
MMCXLIX
293
MMMCMLXXXV
MDCCLXXVIII
CDLXXXI
CMLXIX
MMCDLIX
MMMDXXIII
2291
MMXLV
3384
3931
MMMCCCVII
MMXCIII
3023
516
471
MCMI
DCCCLXXXIII
500
857
3663
MMCDXLI
MLXVIII
MMDCCXLIX
3992
MDCCCLXXV
108
3425
MMMDLV
505
3492
MMMCCXLVI
DCCCXI
862
MMCDXLVI
794
DCCCXVIII
2712
XIX
MMMCCCXVII
3511
MDCXCIV
DCCCXXXV
459
MXCIX
MMMCCCXXIV
2734
1320
814
MDCCCLXI
DCCCLXVI
MMDCCLXXXIX
MCCI
2661
3540
3752
MMMCDXXIX
1161
671
MDCCLXIX
MMMXXVII
1636
2398
MDXXXV
1945
2558
MMCCCLXI
MMMDCCXXII
2544
DXCV
135
3106
228
1719
CCLXXIX
347
MMDCC
MMMDCCCXXXVI
3620
DCCCXXIII
1797
3846
3193
2865
955
MMMDXIII
56
3080
MCLXII
754
MXIX
CCXXV
3072
MMMCXXXV
MCDXCVI
2035
3460
3478
202
MCCXIII
351
3420
2527
2928
3610
LXXX
MMMDCCCIV
MCVIII
3076
1749
MMMDLIV
MMDCCCXIX
MMMCMLXXV
3102
CCXCIII
MMMCDIX
MDCCCXXIV
LXXXI
MMMCDXXXIII
841
3462
DCCCLXXII
MMMDCCCLXXV
1685
MCCXVII
3661
1435
2201
476
MMDCCXCVIII
MMMDCCCXCVI
MMMCLIV
586
848
MCDXXXV
MMCCCXXIX
2776
MMMDCXCV
753
529
665
MMDCLXXXVIII
1783
MMMCDXCII
117
3829
2964
MMDXXIII
774
2698
1707
DCXXIII
MMCII
3529
MMDXCVIII
MMMCX
23
1588
1510
1489
874
MMCCXXIX
3143
2523
MMLXXXV
3489
18
2761
MMCMLXV
CMXVIII
CCCLXV
450
3708
326
MXXII
MMMDCII
563
MDCXXIII
MMMDCCCXXX
9
CMXLVIII
2733
MMMCDXLI
2367
867
MMMDXCVI
CCLXVII
MMDCCXXV
340
3543
3574
CCLIII
3139
2525
MMCXXI
2083
MMCCCLVI
1230
DCXCI
MLXIV
1041
2931
2209
X
3031
MDLVIII
MDCCXLVI
1122
462
MMMCCXC
1889
MMMXV
2063
2810
561
2115
MDCL
3958
MMDLX
MCMXCVII
2803
MMXXXV
MMCMLXIX
MXLVIII
2483
3501
MMCCCLIII
MDCCCLXIV
DCCCLI
319
MDCXI
3283
MMMCCXXIV
MMCCCLIII
MMCCLXIV
3735
3788
MDCCCVIII
624
MMDCLIV
MMCD
MCDXIX
MMXCIII
834
MMDCXLII
1038
MMMCCCXX
960
MDCCXCVII
3824
1695
MMCCXXX
1476
MMMCDXI
1031
3561
1977
MMMDCCCLXXII
CDXLVIII
MXLV
3745
2923
2392
MMCLVII
MMDCCXXVIII
1577
3851
608
MMCCXXI
2699
MCDXVIII
1400
MMCDLXVI
2702
784
3013
564
DCCCLXXXV
MMCDLXXXVI
2380
2980
3410
3744
3417
3620
CMLVIII
MMCLXVI
MMDCCCXV
MMCCCXXII
MCCLVIII
321
MMDXIX
2257
718
MMMCCCLXXXIX
77
286
MDL
MCDLXXVII
1220
2976
XCI
128
MMCCCLXXXIX
1011
MMMCMLIV
3663
MMCCCLXV
3151
MCMLXXV
2875
963
MCMI
1331
126
440
MMMCDLXXI
3921
XC
191
895
1851
MCCCLXVII
1427
2206
3370
MMMCCCV
2607
MCCCXLVII
2336
MDXCII
MMCCLXIV
3436
MMCCXLII
MMMCCCLXIII
MMMCCCLIV
3458
MMCDXLVIII
MCCLXII
712
MMDCCLXIX
MMCCXXI
798
3944
2529
MMDCCXCIX
3074
MDCCLXXXII
MDCCIX
MMMCCCX
MMMDCLXXXIX
CIV
1965
166
MMDCLXXXII
MMDLXXX
DCXLVI
MMDCCCLXVI
3702
3444
MMCCXXIX
MMMCCXXXI
1097
3370
2476
2410
CDXLVI
1408
1829
992
DCXL
3706
MCCLXXX
DCXXXII
1381
MMMCDXXXII
MMCCCXCIV
MDCXV
MMCMXCV
64
2874
2988
95
767
1533
CXXXVI
2020
MMCDXXX
MMDCCCLXXIII
MMMCCCLII
MCMLXXII
824
2035
CCXXVIII
74
MMMCMLXXVII
MMCDXXXIV
3233
MMDXXX
58
22
MMDCCXXVI
2221
MCDXXXV
1728
1908
1813
35
MCDXII
MMDCCLXXIV
2771
MMCDXCVII
506
MMMDCCCXVI
CVIII
786
1612
MMCDXXXVIII
555
MDCCCLIV
DI
MCCCXCV
MMCCCXL
2732
3402
MMMDCCCLXXXV
MMMCCCLIV
2470
MDCLXIII
MMM
MMDCXLIV
3955
1798
MMMDCCCLXIX
170
2371
358
MCCI
MMDCCLXXXII
MMMCDXI
CMLIV
1184
1929
MXV
3216
3967
MMMCCCXXII
993
2973
3954
2798
1839
3239
DLXIII
898
MDII
MCCCXXXIII
MMDCCCLXXXVIII
2634
MMDXXXVII
CCCXXXIV
MCDLVII
MMMCMLV
MCDX
CMLXII
3680
3093
3853
664
MDXXXIX
CMIX
MMMCCCLXVIII
1246
3162
140
725
3971
2137
955
2442
3782
MMMCDLII
MMMDVIII
627
MDCCXXIV
MMMCDXVIII
MMCCLXXIII
MCCCXXXV
CLVII
3684
MMMCLXXIV
2791
MDCII
2198
MDCCCXLIV
MMCCLXXXV
MCCI
1549
2741
MMML
3907
CMLXIX
1960
2635
872
MDCCCXI
MDXX
MMMCXCIV
MMCCCVI
2231
MI
MCCLXII
MMMDCCCXV
2768
2971
3209
3949
DCCLXVII
2491
3870
3523
MLXVII
MMMDCCCLXXVIII
MMDXXX
3002
3544
MMMCCLXXX
2787
2445
CDXXIII
MMDCXX
MCMXII
3775
MMCMXXXVI
MMDCCCXXXIII
MCLXX
1851
2255
1102
MCMLI
MCCI
2934
2972
DCCXIX
3333
MCMXXXII
MMMDCXV
3794
MLXIII
1225
2595
MCDXII
3566
MMDCCCL
989
MMCDXXXIV
2901
MMDCCXXVII
668
2903
3227
1852
2489
MXXVII
2021
LXXXVIII
881
MCCCXXII
58
317
MMCDXII
MMMCCCLXXXVI
47
3644
MMMDLXXXIX
MMCCCXXIX
MMMCMXLV
MCXXVI
MMMCCXV
MMMCXLIV
DLXVII
MMMCXLVI
DCCLXI
219
CXL
2154
1541
CCLV
176
2206
3567
741
1513
MMDCXX
CMVII
DXCIX
1277
965
MCLXIV
CCVI
MMDCCCLI
1770
MMMCCCLXXII
2452
MMMDLXXXII
3308
MXXXV
MMMCMLXII
MMMDCCXL
1748
3430
3394
MMDCCCII
CCCXVII
MDXXIV
3394
1328
MMMCLXI
MMCMXLVII
2704
MMMDCCCLXXI
CCCXLV
DCCXLIV
MMMDCXXIV
MMCCXIII
CMXLVII
118
MDVIII
CMXLI
1532
3615
814
MMMDCCVIII
MMMCMXLIII
CCCXV
MDCXLIII
1008
603
MMMCCXV
2635
2983
2111
662
948
MMMCXIII
MCDLXI
981
1658
MMMDCCLXXI
3007
MMMDCCCXLI
MMCCCLXXXII
MMMDCCCXLI
1101
2076
MMMCDXCIV
MMMDXVI
MMCXXI
1653
MMDLXX
MMMCMLXIV
90
MDLXVI
1856
1151
CCCLXIX
LXXXII
2816
2880
CCCXI
355
MDXCIX
3045
DCCCV
3936
MMDXXXIV
2828
136
944
3637
MDVIII
910
1373
2614
MCCCXCVI
MMCMXXVIII
2480
861
DCCCLVI
MCLIX
MDCCLXVIII
2231
MMMCLXXXII
2673
MDCCCXVI
2431
CXXXV
MMCDXXVII
1162
MMMDCLXXI
624
MMMCDXLIV
1153
MDCLVI
3403
1424
MDCCCX
226
2817
2023
MCXCIV
1560
3047
MCDXXXIV
MMMCDIV
MCCCVI
3945
1394
1783
2062
CDLXXVIII
3666
2199
MDCCXXIX
CX
MMMCMLIII
MMMDCCCXXXVII
MMMDCCCLXXXIII
MMDCCXXI
368
MCXL
MMMDCXXIV
XVII
3640
MDCXCVII
MCDXXIX
2773
1954
365
2993
CCCVII
MMMDCCCLXI
MMMDCLXI
2466
3926
780
MCDXI
3075
MMCMIII
MCDXIII
CXCIV
2183
3556
2748
MMDCLIII
2563
1738
MMMCCXXXIV
CDXV
CCCXIX
1289
MCDXCV
3121
1310
CMLV
MMCDLXXXIV
MMDCCCLXXXIII
3037
CDLV
1557
682
MMMDCCCXXXIX
3033
1271
MMDCCCLXIV
MMCCLX
MDCCCL
1343
3984
MMMDCCCLIV
MMMDCCCLXVIII
MMMXCI
3423
MMMDXC
3875
1665
2612
MMMCCCXLII
CCCLXX
DCXXXV
1454
MDL
CMLXXII
CC
2936
MCMLXIV
3881
3392
3648
259
396
MCXXXIII
1360
3209
CMLXXVIII
3603
3574
3168
1555
MMDCCCLXXIX
2101
3142
3861
2697
148
MMMCDLXXXVIII
427
MMMCDXLVI
MMCCXLIII
MMDCLXXIII
2381
MMMCCXLVII
MDLXXIX
MMMCCLV
2245
500
1768
DCCXXI
CCLXX
1798
839
MMCXCI
3376
MMMDLXXX
3378
MMMDXCIV
MMMDXIII
2097
MMDCCLXXXIV
3754
434
3357
MMDCCCLVIII
MCMVI
467
MMMDCCCXXXI
428
1198
71
MMCMLIV
MCCLXXXVIII
794
MMCDLXXI
809
634
1303
MDCCXLV
MCCXV
2351
1211
795
MMDCCLXXIII
MMMDXXXIII
CCCLXIX
MMMDCLXV
1643
MMDCCCLXXXVIII
755
CCCL
3939
MMMDCXLV
3128
MMMDLXIX
3354
CM
MMCMLXXVI
1388
XVIII
2417
MMCDXLV
1442
3175
MCCCVIII
MMCMXXII
DCCCXLII
MDCLXXIV
297
1513
MCXXI
CXI
3365
MDCCCLXVII
DCCCXIV
1871
1207
MDCCLXXXII
MMDLXXIII
3239
MMDCCCIV
25
DCCCLXI
2742
CDLIX
MMDCCCXLII
MXVIII
122
1064
3134
1944
2059
2002
3699
1276
697
MCDI
CDII
MMMCCCLXVI
MMMCDXCIX
3952
DCCXII
MMDXCIII
MDLXXI
1912
3718
1823
1584
1153
1618
MMCMLXXXV
MMMCXVII
566
MMMDCCXLV
CXXIX
MMMDCCXLIII
1822
3863
MCCCXXVI
1777
3968
232
338
1502
3732
MMCCCXCVIII
MMMDCCVII
2700
826
MMMCMXIII
DCCXCV
MMMCCXI
398
1251
MXIX
MMDCCLXXVIII
1154
821
1670
DCCCXXI
1419
MMMCDXLVI
1581
CCCXCI
203
MMMDCCII
3500
MMMCCXIII
496
2051
MDLXIX
MMCDIX
MMCCCLIX
MMMCML
MCMXLV
3613
MMCCCLIII
24
MCCCLVIII
MMMCMXLVIII
1341
DCCXCVIII
1578
74
MMMCXCII
2111
311
MDCCXXXVII
MMMCMXCVII
MMCMXXX
822
MMXXXVII
1913
MMMDLXXXV
1215
1409
2965
CCCLIII
MDCLXIV
MDCIX
DCXCVI
841
MMMDCCCLXXVI
MMMCMLV
1373
DCXLIX
1074
1879
DLVIII
3745
3499
MMCCXCVII
3134
CCCXV
2923
MMCLXXXVIII
3771
MMMLXXXVIII
MMCCXXIII
171
CDLXXXVI
1504
MCXXIV
1523
2115
MMMCIX
872
CCCLXI
MDCCXVIII
MCXX
2824
CCCIII
MMMCCXXIII
MMMCMVII
1085
3122
MCMXV
42
1860
IV
MMMCMXIV
MDCXXVII
3788
2506
3112
3460
MMDCCCLXXX
1107
1284
MMDCCCXXV
MCCLIX
1789
3613
MCDLXXII
3192
1114
MMCCXC
CCXC
MMDCCCXXX
1642
2735
3754
1057
DCCXXIII
MMMDCCCLVI
MCXLVI
3875
MMMDXXIX
551
131
MDCXVII
MMMCCLXXII
MMMCLI
2989
3510
MMMDCLXXVI
1079
3396
3394
2525
1625
MCCXCV
2775
3448
DXCII
1716
1271
2856
2577
1456
MMLI
MCXXX
3052
MCMLXIII
MCLXXXVIII
2781
MCMVII
3090
MDCCCXXXVI
MMMDCXCIII
3376
MMMXXI
3982
1527
CCXVI
26
MMMCCCXXVIII
MMMDCCXLIV
DCCCLXXVIII
1394
MMDXCII
1962
1145
2249
1760
DCLIII
MMMCDLXV
114
MCDLXXXVI
494
MMCMXXXIV
2545
CMXCIV
1292
MMDXCII
MCCLXX
3902
MCMII
3855
1429
780
3423
DCXXIX
CLXXX
3564
MDCCCXXXII
2510
2344
1425
1477
MMDCXCI
MDCCXXXII
MDLXXXIX
MMX
MMDCCCLXXXV
DCCXXII
2547
374
MMCCCLXXV
2917
MCCCIX
683
CDLXIV
1648
2475
MMDCCLVII
1459
413
MMMXCII
MMDCXCVIII
2192
759
2857
MMMCCXXXIX
1141
1031
141
MDCCCLXXXVI
1647
CMLXV
253
1884
3936
MDCLXXXIV
2215
D
1932
3724
MMMCCXVII
MXCIX
MMMDCCIX
2186
269
3983
3624
CD
MMMDXXXII
CDLIX
1060
DCXI
2661
DCLVII
3431
1712
980
3497
149
MMDXXV
MMCCCLXXXVI
2820
3340
36
CCLXXVII
3874
MMDCCLXXXIX
1944
MMCXXI
2649
MMDCLXXXV
3683
3104
MDXCVII
MMLXVIII
3994
972
3963
CMXI
MMDCCLXXVI
CLXXXI
DCLXXVIII
1919
CMLXXVI
XVII
DVIII
MLXXXI
97
957
MMDCCXVII
2165
CCCLXXVI
581
MMMCCXCIV
MMDCCXLVIII
MMCMLII
MMMCLX
1748
2395
1720
CMLXXXIII
275
578
3450
2348
MCMXXXII
MDCCLV
2783
CCXXVIII
830
1515
1464
744
MMMDCLXII
1894
3378
1600
CXLI
MMMCMXCV
DXXVI
3700
1585
3866
MDCCCLIX
3543
MMMDCCCXXII
2882
3565
877
MMXCV
3984
2282
301
MDCLXIV
CMXXXV
3485
MCMXLV
946
795
1302
MMCXXVII
3338
MMMDCCCXLVII
MMCDX
2428
MDCCXCIV
MDCXC
2978
611
MMMCMXLIV
966
2747
2340
1350
DCCCXCII
MMDCCCXCII
MMMCCXI
MMCDLXXXII
2916
MMDCLXVI
MCCCXCV
1943
1303
XLII
MMDLIII
MMMXXVI
1124
MMMCCXLV
DCLXXVII
MMMCDLXXX
MMMDCLXVI
MMMCXXIII
MMDLVI
3477
MXVI
DCCLXXII
843
3344
17
DCCVI
2313
2093
DCCXXXIV
1116
3116
CCCXCII
CLXVII
MMMCCCVIII
3492
MMMDCXXIV
MMDXXXII
2907
MMMDCCLXXXVI
MDCCLXXXV
540
1413
CLIII
CXCVI
DCCCLXX
1104
CMXXXV
MCDXLVI
163
DCLIX
MMMXCIII
MMDCCCLV
877
DLXXXII
789
MMMCCCXXXVIII
3089
1041
1800
MCCCLIV
MMMDCXCVI
MCDLXXXVII
MMDXXX
715
1912
DCXV
DCCXCVI
MMMCCCXXIX
MDCLXVIII
MMMDCCCLXXX
1726
2802
2453
3710
3468
X
2647
CCCXI
CMLXXXVII
MCCLXXXVII
1800
1576
MMDCCLXIV
1754
MMMCMXLIX
3930
1763
MCMXLII
MMMDCXCV
MMMCCCXXIX
MCXXXV
ML
1018
CV
MDCCCLXXVII
3111
3306
DCCCXXXVII
MMDCCCVII
3170
1273
2356
522
MMXXI
3118
XIV
696
3002
MMLXXVI
1864
2965
922
MDCCCLVIII
MMDCCLXXV
539
1023
3290
916
CCXXV
MCDLXXXIII
CMXII
MMMLXXXVI
1487
2807
MMDCCCLXVIII
MMMCDLV
3251
MMMCCCLXII
MCCCXXXIV
DCLXXXI
MMCLXIX
3763
CMXXXIII
MMDCCCXCV
206
2700
2691
MCDLXXIX
MMMDXVIII
DCCLXV
2969
MMLXXVII
3096
MCCCVII
MMMCCXXIX
MMCCVI
MMMDCLXXXV
MMMCCCLIX
MMMCCCXXXIV
MMDCCLV
MMMDCCLXXXI
453
1554
MDCCLXVIII
423
1442
MCDXVIII
MMMCCCLV
3337
DXXXVI
MMCMLXXVII
2909
MMMCDLXVIII
2213
MXXIII
MMMLXXXV
1617
733
2850
2070
MMDCIII
MCLIV
MMMDLXXIII
1916
MMCDXXXIX
3422
LXXX
2554
CMLVI
218
MMMCCV
111
2688
CCXXXVII
MDLXXXIII
MLXXV
MCCCXLVI
MMMLXV
1099
MCMLXVII
CCCXXIX
562
MMDXCI
3557
1234
1886
XXXIX
92
194
3820
MMCDLXXX
CDLXVI
2992
CCXXXVI
548
MMCDXI
MDXL
MCCCXXV
MLII
1032
DI
MDCCCI
MXCI
2783
1878
295
1289
DCLIII
2915
3632
MMMCCLXXX
1554
2498
MMDCLXIII
MMDCCCLXXXVIII
492
1115
CL
MMMCLXVII
MMCDV
2889
630
MMDCCCLXXXII
1166
1917
MCCCXVIII
2058
MDCXCIX
DCCCXCVII
2994
1409
MMMDCCLXXII
MMMDCCCLVI
2856
2188
2148
2371
MDCCCVI
CLIII
922
MCMLXVIII
MMDXLIV
52
1274
3171
MDCCXLIX
3752
3067
CMLXXVIII
1604
2564
LIX
MMMCCCXXIII
3023
MMMXX
307
MMCDVII
MMDCCLXIX
2362
2609
DLXXXVI
2245
387
CXXXVI
1456
1435
2578
3523
2267
MCDLIII
3805
428
3773
1025
2485
MMCVI
1746
MDCCCXL
CLIII
DCLXXXVI
2057
3206
282
1048
MCMXXX
2215
MCCLXXXIII
CMLXXI
2770
MCLXXIV
990
MMMDCCXVII
2568
MMMCCCXIX
MMMCCXLIV
3813
1965
MDCCCLXXV
3791
2326
2599
1869
CDIV
3042
2981
MMCCCXVIII
2456
MCCLXXXIII
MCCCLII
1048
MCCXCII
MMDLXXI
731
3919
1088
3024
MMMXXVIII
MMMCMXIII
MCCCVI
MMCCCLXXXVI
DCCCXLV
MMMDCCCXCV
MMMCCCXLIV
MMMCMLXIII
1672
CMLXIV
3944
1837
MMCMLVIII
MCDXLV
MMLXXIV
1260
960
MDCCCLXXII
DCCCXXXVII
3515
1504
2008
MCDXLV
MMCCCXV
MMDIII
3309
DII
MCMLXVI
852
MMDCCLXIV
MDXCIX
1051
2947
MMDCLVI
936
3027
MLXXXII
1695
MCMLVI
MMMCCXVII
MMMCDXLV
3408
1534
XVI
MMMCCCLXV
MMMCDLXV
DXXXIX
468
3671
MMMCCXIV
1616
2274
2575
1864
MMCMI
1637
DLXI
XXXII
1725
MCDLVI
MDCCCLII
MMDCXLVI
1729
MDCCCLXXX
DCLVII
1902
CLVII
2506
MMDCCCLXXI
MMMDCCCLXIX
3072
292
1112
1737
2817
1761
DCLXII
3402
MMMCCCXV
2106
1167
MMMCCCXXXIV
MCMXCV
3322
2938
3775
1273
MMMCMLIV
2606
CCCXXXVIII
CCCLXV
2930
2694
3169
3105
2840
2980
3863
1783
3616
1811
2519
DLXII
3950
MDCCCIII
CCCII
3331
CCXCV
446
436
DCLXVIII
MMMDCCXIV
MCD
1691
1841
453
3047
2382
2968
MMMCDLIV
DLX
MMCXXXIV
3244
797
CCXCI
MMDCLXII
2188
652
XIII
2976
MDCCCXXXV
MMCCXCVII
1815
CCCXCV
CMLXXXVIII
2145
DCXCII
MMMCDLVIII
804
3948
MDXXVI
2935
LXXV
3572
504
MCMLXVIII
MCCCLXXXIII
I
2333
MMCMX
CDXCIV
1311
MMMCDLII
1763
MCXII
3049
3235
177
1119
MMCCLXXXVII
MMMDCCCIII
1781
3187
2311
833
2223
857
1561
CMLX
MMMXLIX
2355
3258
3760
DCCXI
CCCXXXIII
1791
838
MCMLIV
1699
MMMDCCCXX
1570
1779
390
MMMDCCCXIII
3828
MCCCXXXII
MMMCDXLVI
MMCDLXXXV
2518
MMCCCLVI
MMMCLXXVII
1067
DCXLIV
1633
2568
MMDCLXXVIII
893
MMMCMLXII
MDCLIV
MCDLII
MMDLXXVI
CCLXX
MMMDCCCXLV
MMDLXIV
3186
MMXCVII
331
DCCXXXIX
2017
1350
MCCLXXVII
MMCDXXXIII
1095
MMCDLXVII
MMMCCXI
1693
MMCMXXXII
MMMCLXXXV
CCL
MMMCDL
3852
2565
DCCCXXXVII
1039
3499
697
DCCCLXXX
2872
2729
MCMXLIII
1456
XXV
3349
MMDLXXXII
2480
2411
1844
MMMCDLVI
2563
MCCXXXIX
MMMLXXVIII
2297
1089
2433
1359
MMMCMXIV
MCDXXIX
1412
1003
MDXCIII
MMMCCCLXXIX
3760
MCCLXVI
2187
MMMDXVII
MMCCXIV
3147
261
MCCCXXXIII
MMCLXXXII
MMCCXLIV
MMMCMLXXXVII
MMCMII
MMCCIX
MDCCCXXVI
MMMCCCLXXI
2444
1212
MCXCVIII
3180
1627
3885
2191
3201
127
MMMCCCLXXXV
MMCLXX
3801
468
MMMDCCCXLII
DXCVI
MCCXLIII
CMLV
3033
3698
3881
2512
3514
265
DCCCLXXX
3408
MMCDXCVI
MMDCXXXIX
3898
MCDXCII
2166
1164
MCXXX
790
XI
3143
2811
3639
2861
1439
915
1595
2272
DCXXXV
MCCCXXXVIII
576
CLXXXI
CXXXIV
MMMCDXXVIII
3538
MMMCDXCII
2526
MDCCCIX
MDLXXIV
MMCDXXXIX
3014
40
1795
CCLXV
3963
MMMDLXXXIII
305
2711
MMCCLXXXII
MMCMLXXIII
710
MMCDLX
DCCCXLVI
1179
3297
DCCXXXIX
2596
2123
MLI
MMCCLXXXIII
MMMCCCLXXII
224
2096
2314
MMMCCLXIX
MMMCCLXVIII
158
MMMDCCCIX
MMMLXXVII
356
2686
1511
1650
DCXCI
120
MMMDVII
2006
DCCCLXXX
MDCCXXXVI
3277
628
3392
DCXCI
MCCVIII
2285
CMXXXVI
1750
MCCCXXXIX
2991
1724
MDCCXXIII
3565
3079
1617
1890
1459
2517
35
MMDXXXV
3158
177
2876
2767
505
CCXIX
MMDCCXXVIII
1012
3174
2193
MMDCCXCVII
DIII
DCXII
DCXXIII
3828
2335
683
MCCCLXXXVI
MMMCMLI
CMLXI
MMDCCVIII
3626
2908
3728
CDLXXVIII
582
MMMDCCLIV
MMMCMXXV
MCDXLVII
MDCXXXII
MMCMXLIV
DCCCXL
2187
510
MMMCI
CMX
1451
2601
3901
2058
MDCLXX
1549
3784
3994
681
1246
2824
2493
MCCXXVIII
2479
MMCMXCV
3216
MMCMXIX
CDLXXXVI
3908
2261
3571
3754
MMMDCLXXXI
1995
337
MMMDCXII
3591
2814
2403
960
CCLXIV
DCCXXXIV
MMCMLXIX
DXC
MCMLXX
MMMCXCVII
CXXV
CCCLXXXV
MMMCXLVI
MMCCII
MDLIV
284
2584
930
3933
MMCCLXXIII
CMX
MCCLXXII
1783
3045
MMDXLVII
1720
MMDCCXLVII
MDXXV
2689
MCDXV
1675
MMMCDXCVI
861
1714
MMLXXXII
CIV
3415
1610
2066
MMMDV
163
3249
152
MMCCLVIII
MMCCLXIV
1446
1329
MMDCCVIII
MMMDLXI
MMMCMLXXIII
72
3938
MMCCCXXXI
MMMCCXXXVI
2587
248
187
2555
MMCDXCV
MMCCXCVIII
3282
MMDXXVI
338
669
CCLXI
1696
1678
MMMDCCCLXXXVIII
1211
MMDLVI
MMCDXXVIII
MMMCCXXXIII
335
MMCMXXII
MXXV
2166
3435
MDCXXX
MMCDXLII
355
3097
3531
2213
498
CMXLIX
2451
MMMIV
2146
MCDXCI
DCCXLI
MMMDCCXXVIII
MMMDXCII
664
120
MMLXXXIX
830
2110
MMMDCCLXXIX
CCLXI
818
397
MXCVII
2369
1752
2066
MDCCII
MMDCXC
2053
CCCLXXXVI
MMMDCXI
1511
1656
2792
406
DCCXCV
3592
MMMCDLXXXIX
1942
2825
1236
2214
3993
CMXII
DCLXVI
MMCCCXII
3948
798
CMIV
3046
MMMCMI
MMDLXXXIV
581
CCCXL
2279
CXXXIV
1265
MMMCCXXIII
MMMCDXCIII
MMCCLXII
MCXVII
3717
MMDCCCLXXII
2488
MMMCDXXXIV
MMMDCC
DCXCV
3130
2255
MMDCCCLXXXIX
MMCCCXXXVI
CMXCVI
MMDLXXII
2861
3412
3200
CCCLXV
MCCCXXIII
1840
829
CDLV
X
1934
MDCLXIII
CDXLV
832
704
MMMDCCCVII
MDXLIV
2365
CLXVII
1273
3015
CCXI
1394
244
MMMDXCII
MDLXXVI
MMCDLI
LXXXI
1584
1229
3418
CCCXLVII
DCLXIX
3937
MCDXXII
3453
3534
MMMDCCCLXXXV
2478
MMMDIX
MCCCXCIX
1026
MDCLIX
1350
2739
3322
2546
1777
1739
MDCXI
722
2309
CXLVI
MMMDCCLXIII
CMXXXV
MCCXXIV
MMMCMLXIX
1263
3210
MMMDLXVIII
2385
1737
MCCXXXI
2445
1003
826
DCCCLXI
MDLXXXV
595
CDVI
713
3158
MDCCCLXXXVII
MMMDCXLIX
2270
2655
1968
3338
1556
MCV
CCCXIX
DCCCL
DCCLXXXII
CLXXXVI
MCMLIV
DCXI
500
MMCIX
1480
2791
849
MMXXXVIII
2313
MMDCCLXXXVIII
2098
3487
431
754
1579
742
MDCCLXXVIII
MCCCLIX
MDCCXI
CMLXXXV
188
MDCXLVII
MCCXXVIII
CCXXXVII
MMMCDLXXXVII
3978
2008
MMDCIII
3586
CCCXLII
MMMCMXCVIII
MMMCDLXX
1135
2332
653
3344
MCDLXXV
MMMDCCCLXVI
DXIII
CXXIII
3468
3200
2069
3736
MMMDCLXXVI
MCLXXXIV
MMMDXLII
MMMDCCXC
CMLVIII
MMMCDLXXXV
CCCXXXVII
3615
MMMDCXXXIV
MMLXII
2507
3926
1739
2164
2827
MCMI
3889
1037
2059
MMMDCCCXCV
DCLXXXVIII
MCMLXXVI
3734
MCMLIX
MMMCXCVII
2748
MMDCCCXXXVIII
1223
MMDCXXXIII
MMDCCCLXXII
MCCCLXXXI
MMDCVIII
MMDCXCII
CMLXVII
471
649
MMCCLXXV
CDLI
1878
MMLXIV
1162
3209
MMCCCXXII
MMDCCXLVIII
3227
MMCLXIV
1807
MDLXII
2933
870
175
MMMCCXCVII
940
1312
855
128
MCCXXXIII
52
331
556
MMMDCCCLXVIII
MMMDCCXV
2432
CLIV
1963
1660
3736
MLXXII
574
1246
MDCVII
1172
MCCLXII
MCCCXXXVIII
3425
MCCCXXXVI
1491
MMDCCCXXII
1315
2138
2405
1630
CCXXXII
MMCDXCIV
MDXX
2888
MMDCXC
MMCDLXXII
1685
3488
2442
MMMDCCCXCIX
3357
3160
574
3061
MCCCXVI
MMCDXLV
CMLXVII
2909
1099
833
3079
3119
MMMDCLXVI
797
MDCCXXVII
MMMCCXLII
MMMCCCLXXXVIII
MMCLXI
CMLXXIII
MCCIX
3844
LIX
3090
1320
983
MMCCCLXXXV
836
DLXXXV
MCMLXXXIII
457
1440
LXXVIII
1547
DXXVI
MMCMLXII
DCCVII
2277
2072
3419
CXVI
MDXLV
MXCIX
MMMDCCCLXIV
MMXXXI
MMMCCXIV
211
2782
100
1977
MMMXCVI
DCCCXL
257
3188
1649
CXLIX
MMCDLXXXVI
MMMCDLXXXV
MMCCCLII
MMCMVI
3458
MMDCCXCIII
CCCXV
2531
MIV
MDCCLXXV
MVII
3798
3838
2567
MMMCCXCVI
MCDXVII
2909
1167
MMCDLXXIV
2315
2299
1542
MLXXIII
MMMDCCXXXV
DCCLXXXVI
MCLXXV
2957
944
LXXIV
MMMCLXXX
MMDCCCXXX
1303
1787
2050
MMMCLXXIII
1500
MMDLXXVII
CCXC
DCXCI
1567
MMDCXCVI
907
3897
MMCDLXXXI
MCIV
MMMCXXIII
450
CXVII
319
MCCLXXVIII
MMCDIV
2977
MMDCCCLXXXIV
601
1534
515
MMMCMXXX
183
MDCCXXXII
DCCCLXXI
MMCCCXXXIV
MMMCXLVI
MMCCCLXXII
MMCC
1994
3436
3143
3925
CCLII
MDCCLXXXVII
MMMCMXXXIX
610
CMLI
MMMCMLXXII
MCXXV
MCDXXXIII
758
MMDXCIV
MMCMLXXXI
238
MMCLXXVIII
1108
CDXXI
MDCCLXXII
581
MMMCMXCV
MMXCVII
MDCXL
1738
745
3354
2874
MMMCXXXIV
415
2674
973
3109
3015
1235
3817
DXXXVI
3832
1274
12
2629
43
1004
CCCLXVI
MDCLXXI
MMMDVIII
3915
3704
527
2803
2369
3959
MMDLXXVIII
1715
3138
CMXV
CDLXXXIV
2800
1705
380
744
MCCXI
786
3359
DXIX
3746
3365
228
MMCCII
MMCCCXXII
CCCLXXVI
27
MMCDLVII
1002
1801
CCXLVIII
3107
CMXXXIV
3626
MMCCCXXXIII
447
2436
MDCCCXCII
MCDLXVI
1027
2097
MMDCXX
MMCXXXVII
2355
643
MDCCXL
3176
MMDCCXLV
2673
388
3737
3223
MXXVI
MMDCCCXXII
2991
2863
2414
1115
2788
CXX
MMMCCLXVII
1333
MMCMLIX
1830
MMLX
MMMCDLXXVIII
1777
MMMLXIV
1817
MMMXXXI
DXCI
158
2535
210
2600
CMXLIX
MMDCCLXXXI
1560
MMMCCCXL
3952
MCCXLVI
DCCXXXII
274
MMDLXVIII
3051
MDCLIX
MCCCXLVII
2231
CCLXVII
MMMCMLXXXVI
MMMDCLIII
3129
228
LXIV
3774
1566
3461
3756
MMMDCCCXXII
415
MLXXII
MMXCV
2960
2444
3403
MCIII
MCCLI
MCCCXVII
2261
534
1741
3098
917
2550
MMMCLIV
DCV
MMMCMLXXVIII
MLXV
DCCXXXI
1664
1307
MDCCCXX
1235
MDV
2489
651
MMCCLXXXVII
831
1353
2347
CCXCV
MMCCCX
2805
3245
MMMDXI
3511
284
978
41
1525
2162
2130
1818
MDCXL
390
1487
DCCLXXXVIII
2810
1114
2096
1638
772
679
MMMCMXIV
MMMDXXI
MMCXV
MMMCCLXXXV
3941
MDCCXXXVI
2021
296
190
MMMCDXCV
1450
MMCDLXXXIV
MMCMLXXVII
1932
754
3130
MMDLXVIII
846
487
391
DCVIII
MMDXCIX
MMMDCCCXLII
MMCCLXXX
518
MMDCCXXXI
DCLVII
MXXVI
1142
1716
1987
3061
2651
1595
1061
3733
MCDIII
MMDIV
CCLXXXI
1035
1895
DCCLXXIV
1318
2648
DCXXIV
3607
1287
MMMCMLXXX
854
MLXXIX
DCXCV
1683
1756
MXLVIII
3332
DCIV
MCCCVI
2453
2699
3454
CLXXVII
MCCCXCV
82
165
DCCCXVII
3950
2775
MMMDCXV
827
MMMCCCXIII
MMMDCXLI
188
1109
MMMCDLXXVIII
MLXXVI
2037
3141
3764
640
MMIII
3819
MMMCLXXII
MMDCXXXI
CCCLIV
MMLXXXIV
2792
MMMDCCXVII
DLXXXIII
DCCCLXXIII
3400
MDCCCLXXVI
367
2923
MMDCCCXXXII
1220
3162
CCXVIII
CCCII
MMMDCCCIV
DCCCLXXVI
3594
MCDXXXII
2218
1036
3538
MMMDCCXV
552
MMCCXCIX
MMMDCCLVI
2988
MMMCDXCV
MMMDCLXXXI
501
2765
MMMCDXCVII
CCCVI
3755
MCCCLII
MMDCCCXCVIII
681
2736
1115
MMDXLV
2219
MMDCXCII
2132
2376
MMDLXXXVI
MDLXVI
83
CDXXII
1551
MLXX
MMXCV
MCDXCVII
3368
996
CCXCV
MMDCXVII
MMMCDLXVIII
CDLXXXII
CDXLVII
3875
MMMDXLVII
3563
MMDLXXII
1830
2761
2499
584
MMMDCXXXV
MMMDXXXIX
MMMCCLI
2422
CMXLII
MMCCCXVII
MDCCLXXII
965
3990
3234
MMMDCCXCVII
MDCCLXXX
MMDCCLXVII
CDLXVI
MMMCMXLVII
3405
MMDCCCLXXXVIII
503
3368
2370
3477
MMMCCCLXIII
1651
CXIV
MMDXCVII
MMMCCXI
MDCCLXVIII
MXLVIII
MMMLXVII
MMMDCXVIII
3070
CCXXI
MMDXLVI
1444
MMCCXIII
359
CCLXIX
3188
MMMDCCCLXIV
3199
MCLXXXIII
MMDCCCLXXI
847
3200
DLXXX
DXCIV
MDCCX
MXLII
C
MMMCCXXXII
2742
MCLII
1784
2915
2748
1619
MCXXIII
918
CCCXXVI
MMCCCXC
MMMCMLXIV
1351
MMDXCIV
109
MMMXCIV
1592
705
3904
MMMCCXLVII
MMCCII
DLXI
MMMDCCCIV
DCCIX
MMDCCCXXII
3461
MMCMXXIV
MMMDXCIX
3040
MMDCLXIII
MMMCLXIII
689
2174
1596
1812
2101
3797
379
MMDLXXIII
1701
MDXLV
2734
MMDCI
3860
MCMI
93
MMMLXXXIII
MCCXXXIX
MDXCVII
DXLIV
3806
3512
3523
1370
2293
1215
135
3415
2435
745
935
MMMXC
MMCMXL
MMDCCCLXXXVIII
3685
969
DCCCXXVI
DCCXXIX
3967
CCCLXXXVI
MMMDCCXXXIII
MMMCCCXCII
MDCCCLXXIX
MMDCCXXXII
935
3232
3294
1213
MMMDXXXV
2815
43
CCCXCI
2820
MMCMXIII
MCCXLIX
DL
CCCXXVII
1299
109
3171
MMDCXLIX
XIII
768
118
MMCCXXXVII
840
1339
MMMDCCXLIII
MMMDLI
CDXXIV
302
2662
MMMDCCCXXXIX
MMCCXXXIX
1090
MMDLXV
3867
MMMCDXCVIII
1244
768
MMXLII
CCCVI
CDLXV
1934
MMMCCCXXIV
185
MMMDCCXLVII
3937
MMDCCCXCVI
MMMCXLVIII
MMMCCCLXXV
MXI
3780
DCLXXX
1016
MCCXCVII
CMLVIII
CCLXII
294
MDCCLXII
MDCCCXIV
914
MCMLXXVI
655
MCCIII
1794
1316
1451
MMMDCCLXXXIX
1198
56
2109
610
3622
MMMCMLXXXVII
MMMDCCCLVII
127
XXV
3708
MMCXCVI
2270
MMDCC
181
2119
3551
1422
DCLXXXIII
MMCDLIV
3058
2009
MMDCXIV
MMDCLXXIX
312
MMDCCCXI
MCCCXIV
3025
CCLXIV
3461
MMXXVI
DVI
MMCCCLXX
3769
3265
89
3485
MMMDCCCXLV
MMMDCCCXC
1999
3199
DLVIII
MDCCCLVI
MDCLIII
3018
3282
MMCMXXVI
MMCCLVII
3106
MMDCLI
1568
MDCXXV
3934
MMDCCCXCVII
DLII
MMMXL
3548
2033
CDXXXVII
1567
497
MMMCCCXX
2911
2396
2141
MDCCCXXIII
3660
2164
MMCCXLIV
1177
3995
1019
MCDV
MCMLXIII
DXCI
MCDXLI
3844
MMCDXXX
3461
2109
1701
MMMCXLVI
MMLXXIX
MMCMXIX
MDCCCXLVII
10
3884
1293
140
CCCLXXXIV
MMXXXV
3023
MMCMXXXV
CLI
2691
MMXV
MMDLX
MMMDLXXXVIII
MCCXIV
1134
MMMCMLV
1794
MMMDCLXXXI
MCXLVI
MCCXXX
3376
MMMCMXXIII
335
2399
MMMCDLX
MMCCLXXXVI
3326
MCCVI
MMMDV
2756
DCLVII
314
2076
1906
CXIX
1381
429
CCCXXXVI
MDCII
CLV
3031
MMMLXXIV
470
CLVIII
931
MMDCCVI
MMMCCCXLIII
CCCXVII
1183
1494
1074
2884
MMCCXXXII
MMCDLX
MCDXXX
1800
2612
3927
MCCCXLVIII
2880
MDCX
889
MMDCCCLVII
CMX
2584
CMLXXXVII
MMMCLXI
728
MCDXVIII
CCCLX
416
1470
1082
MCXLIV
3777
2551
MDCCCLXI
703
2331
MMMDII
3710
1046
1794
MMDCLXVII
348
1667
MMMDLXXIII
MMMCCCLXXXIX
MMMCCVI
MCMLXV
MMDCCXIV
LXXXVIII
CCXXXIV
MMXIV
761
MMDCCXXX
MMCCCLXII
2977
1128
2385
1732
MMMCLI
3023
1808
MMMCMXXXIII
MXLI
2374
2117
MDXVII
CXLV
DCLXII
498
2518
MMXXVIII
MMLXXXIII
MMMCCLXXXIII
MMCXII
2897
3110
1065
MMMCCXXVIII
1096
1602
1299
MMMDCXXXVI
MMMCMXXV
1318
MMCMXC
MCMXI
MMMCCXXII
MCCXCI
877
3817
1721
2382
1195
MMMDLI
2504
234
MMXV
1134
1957
MMCLIX
MMMCCCLXXI
1663
2281
DXLII
1022
249
MCCCXVII
MMCCCXII
2487
1869
2960
231
CMLXVI
1361
3774
1467
DCCLX
MMMCCLV
3409
CMLXVIII
2621
508
MMDCCXXXII
1837
MDXCVIII
MMMCMLXXX
MMDXX
MMMDXXI
715
1880
MMMDCXLII
3670
MMCLVIII
2237
3639
MMMDCCCXXXIV
157
MMDCCCXXXIV
MMDCCXCV
2400
2277
MMMDCXCIV
MMMCCCXC
DXIV
MMMCCCXX
1222
114
MMCLXXX
2327
3702
MMMXLIX
MCCLXIII
2346
3004
1529
MMMLIV
1493
1481
2825
3290
LXXIX
2888
544
3015
MMMDCXXXIV
381
MDCCCXCVI
3020
2906
DLXXIX
2554
MMMCXXII
3967
311
MCDIII
3393
CCXXI
MMCDXCVII
1853
2704
3065
2953
MMMDXLIX
CMXCII
MCCCXXII
3390
DCCL
MMCCCLXXXI
147
MMMCDXX
DCCCVII
MMDCCCXXXIX
MDCCXXXIV
3237
2385
MCLXIV
MMCCCL
MDXXVII
3098
854
2159
CDXXIX
MMMDCCCXVIII
MMCDXXIII
2834
MMMDCCCXCVII
1353
DCI
2305
1082
1077
LXI
2231
3758
MMCLXVI
CCCXCVII
M
MDLXII
MCLXXIX
DCCXXI
1608
1372
MMDCCCLXXX
479
MMDCCXXXIX
847
601
DL
2549
MMXXX
729
MDCCLXXXIX
MMMCXCVI
3896
MMDCCII
792
1657
MMMDXCIII
3691
MXCII
MMCCCLXXI
MLXXVII
1176
53
MMCXXVIII
MMXCIX
MDCCCXXXV
MCMXI
1272
1371
CCXVI
3043
MMMCCCLXXVII
3615
3851
MDXLV
MMMCCLXI
MMCMXXXI
1375
MMDCXXXVIII
3327
MMMDCCLXVIII
MMDCCIV
3852
MMCCCLXXXI
2830
3796
MMCCXLIX
MCCCLX
2032
CCXIV
MMMDCCXCVII
288
3292
MMDCCXLII
MDCCXLVII
3711
MCDXXIII
MMCMXLII
143
1863
3626
MMMCCLXXX
306
MMCCCXXXV
MMDCCC
3417
MMMXC
284
DLVII
167
560
MMCCXXV
2993
MCVII
MDIII
MCMLXIV
3291
3189
MCDXLIII
MXLIX
403
378
374
245
MDCCLXVI
MMMDCCXXXIV
MMCMXXXII
2922
2071
MCMLXXVII
946
MMCCLXXXI
MMMCCXLVII
3916
707
3762
MDLXXII
336
MMMCMX
MCMLXXXIV
MMCXXXV
21
563
MMMDCCCLXXXIII
958
1819
MMCCLXXXVI
DVI
MCDXCIII
MMCCCXIII
2243
CCCXXVII
1446
1585
3535
2168
3513
2149
CLII
1556
1372
MMMCMXII
2373
DCLXXI
2715
3165
2665
1366
2843
1425
MMCMLXXXV
275
2790
MMCCXCV
MCDXXV
MDCXVIII
1695
3173
MMMDCCCLXXIX
3740
MMDXXXVII
1907
MMCVII
MMDCLXXII
CXXIV
MMMD
MXCI
240
2089
MMMCCCX
MMCCLXXXIV
MMMDCLVIII
DCII
1081
MMMDCCCXIV
MMCDVIII
MMMDXLVII
MDCCLXV
MMDCCCLIX
3857
CCCIII
MCMXCIV
MMCCX
MMMCDLXXI
MMCCCXXVI
2776
CDLXXXVII
MCXIII
2016
MMDXXIV
MCMLXXIV
218
MMDCXXXVI
198
723
MMCCLXX
MMMDCCCXXXVII
1960
CCCXCVI
MMCDI
MCXXVI
1901
3520
3398
3087
CCXI
MMMDCXLIII
3023
III
MMCDLXXXVII
1429
750
3521
3031
3162
MMMCMXCIV
3056
CDXCIII
MMDCCXLVIII
CDXXXV
MMMCMV
730
3942
1056
DCCCLXIII
510
1389
1183
2786
1033
3118
1115
MCCCXLV
MDCXX
2105
701
MMDCCCXCI
MMII
2731
2596
MMCDXXV
MMMCDXLVIII
1259
CCXVIII
DCXVI
3124
566
2900
1999
1181
MMCDXC
CCCLIV
612
3685
MMDLXXVII
MMCDLXXIV
DCCCLXXVIII
2018
MDLXXXII
DLXVIII
590
3203
MMCXXXI
661
1516
DCCXLIV
CCC
MCLXXXII
2736
2321
MMMDCCXXXVI
MMCDIII
3025
MMMCCCXXXVI
3455
MLXII
CMLXXX
3945
MDCCCXIII
MCCCLX
MMCCXXXI
3459
MMMCCCXVIII
347
MMMDCL
MMDCXL
257
3077
2211
MMCDXCVI
3912
MMMDCCXCIV
MMMDCLXXIV
MMCCCXC
MMMDCV
MMCXXXVII
3934
317
MCCCXLII
MMCXLVII
1071
MMDCXCIII
MMMDLXXIV
1967
MMDCCXXVIII
MMCCLIII
DCCCXCVIII
MDCCCXXXVI
817
MMXVIII
2560
CLXXXIII
MMDCCXLVIII
MMMCC
MMMCMXXII
438
1591
3783
MCLXXXV
MMMDCCCXXXVI
MMCXIII
171
CDXVI
CCII
2205
3117
2691
MMCCCLVI
1014
CMXLVII
CDL
MMMCDLXXIII
MMMDCCXCI
MCCXXII
1841
3215
MMMCXXXVII
1538
757
MDCLXIV
MDLXXI
DIV
MMMLXXXVIII
DCXXVI
DCCCXXXIII
737
CDXIII
1977
3453
MMMCXI
1175
CCLXXI
1511
2200
MMMCLXXIV
MMDLVII
204
2449
CCCIX
MDLXXXIV
MMDXI
2674
MCMXXX
1247
3405
MCDLXXXIII
3339
MLXXX
3799
2123
MML
2806
MCCCLXXXIX
3479
DCCXVII
2235
1453
125
MMCCCLII
3223
210
MCLIX
2942
898
3863
MMXCVIII
MDCCCXCIII
225
3785
MCCXXIX
DCLXVII
CD
461
3074
CCCXLVII
3012
MMDCCVIII
2868
MMCCIII
1326
MMDXXII
MCXCVIII
MCMXCV
839
MMMCLII
112
1190
MMCCXIV
1037
MMMDCXVI
3510
MDCLXIX
2189
MMXLIII
2981
CMXLIII
MMDCCCLXVIII
MMMCMIV
MCCCLXXIV
1923
MMMCMXXII
2331
CMXXIX
MMDCCXC
232
MDCCLXXVII
811
MCXCVIII
2383
MMMCMLXVII
MMMXXXIV
MMDCCCXXXIX
DCCIX
MMCLXXXII
1997
933
3249
301
2695
2148
MDLIV
CCXXXI
CMXCVII
MMDCCCXX
2981
MMCCCLXXXIX
1930
DCCCLXXXIX
MMMCCCVII
966
MMMCMXI
CLXVII
2283
972
CDIX
MMCCCLX
MDCCXXVIII
MMMCLXXV
2030
3264
3569
MMMDCLV
MMCXXVIII
MMCXC
2717
MMMCMLXXX
MCIII
MMMCCCXLI
3565
CMXXXI
3290
CCXC
2968
MMCLXXVII
920
CDXXVII
3466
2275
MDCCCXLI
1100
2097
3986
MCDXXIII
863
2037
2556
634
3872
3496
1007
794
2982
DXL
2700
1590
3115
672
1674
2712
2847
2677
MMMCDLXIII
MMDCCCLV
1828
MMMCDXCVI
693
MMDCXCVI
2142
2780
CCCXIII
1555
2824
1460
MMXXVI
2145
2077
3258
MMMCCXLIX
MMMDCCXXXIII
MMMCCCXLVII
3284
MMMDXIII
3419
MMMDCCLXXVIII
DCLXIII
CCXXV
43
1470
1211
3538
MMCMLXII
MCDXLVIII
1869
2650
MMMDXCI
1785
MMMCDXXXI
530
338
2388
DCXXXV
2903
446
CDLXXVIII
MMCCCLXXXIX
3043
1128
MDXIV
910
MMCDXCV
MLXXVIII
3697
XXXIV
863
3000
CDXXXIX
MMCMXLVI
611
732
3460
1565
2556
MMCXI
3664
MMLXXXIII
MMDXXIII
605
MMCCLVII
MMMDI
3097
MDCXXVI
MDCLV
MMCCLXVI
MCCCVI
MCCXV
LXXXVII
1385
MMCCCVI
1371
3128
MMMCCLXVII
2069
MMMCMXCIV
MMDXLVI
2111
1556
MMMCCCXXXVIII
2369
MMDCLII
MMDXLV
MMMCCLXIX
1260
257
760
MMMDCCXXIX
2169
591
756
MMCCV
MMMDXV
2906
MMMDLIV
MMDCCCLXX
MMCCCIX
MCMLI
1278
MMMDCCXLII
MDCCLXXXVII
2979
715
1470
3995
546
2611
MMCDXLVIII
MCDXLVI
MMCLXXXVI
3671
MMMDCLIII
2757
MMDCCXXIV
MMCDXCIII
MCCXLIX
153
3032
1375
914
MMMDCCCXXV
MMMCDXCV
MMLVI
2022
2143
113
MMLIII
MMCXXVIII
MMMXXXIV
MMMCMLXIII
864
3275
3720
57
XLVII
CCLXX
CCXCIX
MMCDLXXV
2627
MCCLIII
3763
MCCXLV
1266
2073
1501
MMMDCXXII
1916
3689
MMDCCCXLIX
3623
XIII
DXLII
MDCLXXXVIII
MMCCLXXXVIII
MMMDCCCLXXXVII
2482
MMMCXLIV
3094
1970
MMCDXXXIII
1476
713
3318
325
DCCXCII
DCCVI
CDXXXV
1465
1677
MCMLXXXIII
DCXLV
3667
MMMCCXXX
135
1023
2439
CDXCV
2642
423
MMMDCCXVIII
CMXXXIII
MMDCCCXXV
MMMCMXXV
DCCLXIV
1016
CCCLXXV
DIII
MMMDCCX
MC
1948
2375
MMMCDXXVIII
CCXLIV
2809
2368
MMDCCCXXIX
2081
3400
MDCCCLXXX
CDLXXXIV
CCCI
1950
CMV
MDCCLXI
3229
MMCMXCII
MMMCCVIII
MMDLXXI
MCCV
2969
MMMCCCXCVIII
2082
MCXXXI
MMDL
3500
MDCLXXXI
864
1735
LXXXVII
316
3687
MMDCCXXI
MCLXXXIII
DXCVII
MDCCXVI
MMCMXC
399
1914
2776
MMDCCCLXXXIII
1774
MDXII
MMDLXXXIX
MCCCLXXIX
2420
MDCCXXXIX
MCDXLVI
1354
3192
MDX
MDCXXII
3012
MDCXXIII
3384
401
354
MDCCCLXXI
MCXXX
1697
3987
DCLV
MCCCXCV
1371
3583
MMMCDVI
MMMCXXXI
DCLVIII
CCLXXX
MMMDIV
3049
3353
3499
144
2180
MMCXXXIX
1319
MMMDCVII
2561
MMMDXCIV
1509
MMCDLXXXV
2909
CMXCVII
76
1177
538
MMCVIII
2469
MMMCMXXXI
MMDCLXIV
1073
MMXXVII
MMMCM
MMMCDLXIII
MDCCCLXXVII
MMCLXV
MMMDCCCLXXXII
2402
DCCLXXIX
2198
MCDXCVI
10
3017
DCCXIX
MCCCI
2057
MCDXXXIV
MMMDV
3305
MDCCLVIII
3740
MMCMLXXXVII
728
MMMLXXXVI
MMMLIII
687
1161
CVI
2449
2264
MMVII
MCCXCIX
3793
MMCCXCIII
1029
3144
MCDXLV
MMMDCCCLXIV
MDCCIV
CCCLXXI
MMCCCXXXII
1993
2394
1315
3850
MMCDLXXV
2045
MMMCCXXII
MDLV
2909
2271
914
MDLXX
DCCLXXXVIII
MXLIX
1526
MMDXX
3213
MMCCCLXXVI
MMDCCLXIV
MMMDCCCXL
MMDLXVII
1266
MMDXXIX
MMMDLXXIV
MMDCLXXXIX
MCCCLI
MMMDLXVI
771
996
2275
3932
MCMXLVIII
3092
3637
1954
2396
MCCXCVIII
13
MMCDXLI
3748
MCMLVI
976
MCLII
289
CCCXXVIII
MMMXI
DCCCXLVII
MDCCLXXXVII
MMMDCCCLXXXIX
3006
550
MMMCCLXVI
3708
3179
MMCCXLVII
1527
630
1881
MCDXV
3149
883
3841
MMCCXII
1429
1755
MMMLXXXII
3420
MMMDCCL
3941
MMMCMXXXI
571
1370
MMMCCXLVIII
CCXLV
MMDCCL
1824
1625
MMDCXLVI
3490
CXII
MMLXXIV
1082
2039
CMLXVI
2233
1490
MXLV
MMCDLIX
1815
2932
MMCCLXXIV
1041
1375
DCCCXVIII
2727
MCCLXIX
2958
1525
MMCCXVIII
3863
278
717
MXVIII
MDCCLXXXV
1646
2351
CDXXVIII
CLIV
2681
297
MDCCII
2150
MCCCXXXVIII
MMMCDXLI
319
MMMDX
1931
MMMDCCLII
DCLXXXIV
CMXLIV
3068
2411
DXXXII
557
2718
2847
2512
MMDCCLIV
CLXXVI
959
1288
826
946
MDCCCXCIII
MCCXCVIII
754
CCCX
1981
MCDLXXXVII
1918
1803
2278
MMXVI
MMDCCCXXXVII
MDCCCXIII
2097
MMCCXXIII
MDCXLV
MMDII
MMMVII
1941
MMMCCCXCVIII
3462
3589
CCCIV
MMMCCCXXXVII
2250
DCCCIII
MMMDCCCXXXIX
MMMDCCCLXXVII
MCDXLVII
46
3092
3677
MMMCCCVII
2627
500
MMDCCCLXXXVIII
1978
MMMCXXX
2249
MLXII
MMMDCLVI
MMDCCCLII
MDCXCVII
MMDCCCLXV
MCMXXII
2625
MMMCCCXXIII
MMCLXII
443
682
2442
2297
3212
MMMCCCLIX
3341
1548
1702
MMCDIX
2236
230
MCMXI
2776
MMDCXXX
11
1537
530
MCMXVII
CDLXIV
1977
MMDCCCXXX
2012
DCCCXXIX
MMDCIV
3342
1539
434
DCCC
MMMCMXXXIII
MMMCMXLVIII
MMMCCXCIV
DXCIII
MMLXXXII
DCCCXCI
41
792
CDXXXVIII
MMMCCIV
CDLII
415
DLXXXVI
580
1364
3620
223
DCCCXVIII
3931
MMMCCXVII
MDCCCXCVI
DCCCXXVII
MMMCMLV
MMCMXXXIII
1281
265
MDCCCLXIX
MCDXXI
1521
1992
9
MDCCLXXVIII
MMMXVIII
MMMDCCLXVII
1744
1408
DLXXX
1844
MMDCLIII
MMCMLXXXV
1527
MMMDCCXCVI
2840
MMMCLXXV
3469
MCCCXLVII
MCMXC
MMCMLIV
MMCXVI
DCLXXVIII
MMMCCCXCVI
MMMDCCLX
MMMX
1774
2518
2655
MMMCCXLVII
MMCCLXXIX
3340
1238
1588
MCMLXXX
CCCLXVIII
695
1803
MMCXVI
MMCX
49
3958
MCDLXXII
MMMDLXXVI
CCCXXI
3242
1176
MDCLX
DCCIV
MDCLXI
1129
MCCCLXVII
246
DCCXCI
3050
1992
474
MCDVI
268
3201
1358
MMCCXXIV
MMDCCXIV
MMMDCCLXXI
3466
1596
CXIV
MMMCCCXC
MMCCCXVII
MMDCXCIX
MMCDXXIX
2499
MLIV
MMMDCCCLXXIV
MMMDCCLXXIX
MMCCXCVII
2255
2824
MMCCCXXI
MMDLXIX
2622
3493
MMMCCCXVII
MCDXCVI
MMMDCXLIV
XCIX
MDXXXI
MMMCMLXVIII
794
1650
DCCLXIX
MMCMLX
MMCDXXXV
2178
1862
DCCXVII
3770
731
1455
2810
MMDCCCXLIX
MMMXXXIII
426
MMCMXLIII
MCCCVI
1940
3461
MMMLIX
DXXVIII
2647
817
3956
3701
3009
2040
DCCIX
3786
2363
3055
MMMDCCCXXIII
2445
90
2199
MDCLII
DCCCLXXXIX
MDCCLXXXI
MCCXXXVI
MMMCMXIII
DXL
MMMCXCIV
2895
2206
1094
2298
1344
693
MMDCCCLXII
1546
MMCCXCVII
2812
DLXII
1813
MCMXIX
3154
MMDCCCX
3717
3459
3960
MCLXXV
3771
MD
3164
2855
MMMDCLXI
MMCXCV
VIII
3780
1130
692
MXL
2342
MDCCLXXXIV
3953
MMMDCLXXII
2646
3352
MMDXVII
3440
MCMXXXI
646
CCLXXXVII
DX
MMMXVII
DLXXVI
3929
MLVIII
3684
679
3207
1442
1024
XLV
3494
1806
2510
1674
MMMDCII
DCCLVI
1222
1843
CDLXV
215
2279
MMDCCLXXIII
LXXVI
2650
3100
216
MMDCXXV
365
751
MMCCCLVIII
CCXXX
MMDCCXLV
DCXCVII
2736
2978
3717
3290
225
MMMCXIII
MDCLXXX
MMDLXIX
71
3465
CCCLXXVII
CCCXCIX
MCLXXXVIII
3244
MDCCCXXIX
1193
MMLXXVIII
DCCLXXIV
MLIV
2971
MXCIII
2093
521
MMMLXXXIV
MMDLXV
MDLXXVIII
2479
408
414
2891
CCXXVIII
421
1956
MLVII
3462
CXLIII
1101
DCCCXLVI
638
2254
1622
MLXXXV
2333
1455
DCCCLXXII
581
MMDCCCLIV
MMMXXXIX
MMMCLXXVII
DLXXVII
MLXXIX
MMCX
2172
1434
DCXXXV
XXIII
3594
MMMDCCCXVIII
3396
MMMCXLI
3152
2468
MMDCLIII
MMMDCCXXVI
886
MDCCLXXXIX
MMXCIII
MMCMLII
369
766
MMCMXXXVII
DCXXXVII
MMCCCLXXXIX
MDCCXXXI
MMMDXXVII
MMCDXCIX
2401
3393
MMCDXCIV
MMMCMXCVIII
3654
2226
727
2394
MMMCMLI
MLXXXI
200
MMDCCCX
MMMDCVI
2776
MMMDCCXLII
LXXI
DCCXXIII
3990
CCCXCI
802
MMDXLIV
MMMDCCXXVIII
MMMXVI
MDCCCXCV
3158
2759
CDXXVII
592
2370
3117
CCXXXVIII
3196
3390
2208
MMDCCCXXXII
MMCLXXXIV
2295
MMLII
102
MMCMLXXXV
MCCCXCIV
MCLIX
MMDCXXXII
188
2140
MDCCXXXIII
2885
3731
3539
MMCCCLV
CMXLV
MDCCLXXIV
1574
MMMDLI
MDCL
MMDCCXXXII
MMMCLXIII
MMMXXIX
2719
3156
2215
1908
1177
MMMCMXLV
3936
2389
3390
MMCCCXXXIX
MCDXXXVI
MDCCXXIII
780
179
MMMCCCLXXXIV
MMMCCXCIX
MMMDXXXIII
MCXIV
MMMDCCXIII
667
MMCDXC
2984
1388
MDCCIII
CCVIII
LXXVIII
2902
653
MMCDLXXIV
2212
2997
CMXCIX
1047
MMMXXXVII
170
150
MMMCLXI
MMCCXXIV
IV
1198
2853
2236
MMMDCCXXIII
140
853
CMXCIV
MMMCCCLIV
2321
2237
MMX
2825
1916
CCCXLIV
MMMDXXIII
2733
2790
MMCMLXXX
1884
3467
MCCCXXVII
3978
MDCCLXXIX
2270
MCCLXXXI
DCCII
MMMDCCXLII
3267
2230
MMXXX
MMMLXVIII
382
436
MCXI
3398
495
2391
2697
MMMCMXXXVIII
472
MD
MDCLXI
1867
3473
298
MMDCCCXCVII
MMMDCCCXXXII
MDCCCXLVI
MMDCLVI
MMCCI
MMMDCCXXXIX
MMMCL
MMMDCCCLXXXI
481
MMDCCLXIV
3720
2579
CXXV
MMCCLIII
994
1897
1181
2831
2168
MMDCXCVIII
3616
2045
MMMCCCLXXXVII
MMCXLVII
2172
MMMDCCCXLVI
2543
2128
LXIII
3886
1081
3744
MMMDCLII
MDXXI
1369
MMMDCLXII
MMMDCLIX
2429
DCXXVIII
CCLXV
CDLXXXVI
MCCCV
3648
MCCI
DCC
583
967
MDCIII
MMCLXXXV
XXXIV
DCCXCIV
571
CMLXX
102
2119
MDCLXVIII
MMMDCCCXXXVI
DVII
MDCCCXIX
LXXXIII
1676
3344
MCCCXV
MMMCCCXCVIII
3766
MDL
MMCCCXIV
DCXVII
1288
3461
2750
3990
2156
DCCXC
MDCCLI
MDLXXXIII
CDXVII
1173
1590
DXXX
MCCXXX
CXIX
2674
3335
3094
455
MMCCLX
MMMCCCXXVIII
DCCLXXX
1831
MMMDCCCLIV
MMCMLXXV
2232
XXXII
MCLXVII
2576
3053
DCCCXXXII
MCXVI
2924
2992
MMDVIII
2422
MCCC
MMDI
711
2994
1236
MDCCXC
MCCLXI
1275
553
DCCCLIII
1800
1950
3716
3109
3741
MMDCCCLII
MMDCLXVIII
XCIV
1569
335
94
MMMCDLXXIV
3217
MMMDCCXLV
MCDXCIX
MCLXXXII
2355
1127
DCXLIII
1444
2808
MMMDCCCXC
DLXXVIII
2469
592
3462
3878
460
3049
3934
MMMDCLXX
3793
MCCLI
MDXXX
2105
2401
1842
2814
3039
1435
DCCLVI
CMLI
MMMDCXXX
MCDLXXIV
2570
1934
LII
2443
XLIV
1763
MMMCCIX
3265
MCCIV
DCCCXXXIV
3701
MDCCCXII
2374
639
MMMCMLXVII
DCCCXXII
593
1933
2814
MMMCCCXXXII
1643
162
2128
1294
MCXXVII
CCCLXIX
MMXL
MMDCCCLXXXVIII
3881
3836
696
CMLV
MMMCCCXXI
CMLXXXVIII
MMDCCXC
3567
1722
1585
704
3639
1915
809
MMCMXXXIX
MCXXXV
MXVIII
MMMDLVII
MMDCCCXXXIV
1061
CCCIV
CCLXXXVII
156
1582
MMCLXXX
MMDLXXI
MXLI
186
792
MMXLVIII
MMXCVIII
3009
CI
MMMCMLII
3543
MCMLXXXVI
CLXXIV
2411
3213
2453
MMCCCLVI
MCCXXXIII
MMMDLXXXII
CCXCVIII
MMDXXXII
1838
2516
MMMLXXVII
1891
MCDV
DCCCXLVIII
MMMCDXL
1069
MMMCXXXVII
MMCCIII
551
XLI
1036
3897
3326
1761
2113
3690
MMMXCIII
MMCCXLVII
2363
2537
3489
1905
170
2199
MDCCCLXXII
1645
1115
1628
CCLXIV
CCCLXXXIV
2581
3040
MMCLXX
MCMLXI
MMCCCXXX
1316
2675
2364
3834
492
434
CMXIV
MMCLXIX
DCCXC
DCCLIII
MMMDCXXX
MMDCCXLVI
LVI
MMCCCLVIII
MMCCIX
CXXVII
MMCMXIX
XXXV
3815
2686
MDCCLXXXI
MMMCCLXX
MMMCMXLVI
61
DCXLVIII
CCCXXXI
MMMXLII
668
2804
3804
2177
2140
1654
MMMDCCXXX
MMMCXL
MDCXLII
MMMCDLXXXIV
MMDCCCXCIV
3766
CDLXXIV
3176
353
3261
CLXXXIII
3899
2505
DXX
1703
3828
3923
MMDXXII
DCXXXIV
MLXXXIV
3686
3909
MMMCLXIV
CXCVIII
DXXXII
MMMDCLXIX
CCLXXXV
MDCCLXXIII
MCDXII
MMCCLXXX
MMCXXVI
812
3917
407
MMMCCXCVIII
CCCLXXII
3038
MLXXII
XXXIII
MMMDCCXCIX
DXXII
584
MDCCCLXXXV
2621
MMMDCCCXL
3778
DXXXVIII
916
MMMLXXIX
MMMDCCC
MMMCCCLXXVIII
MLXIV
1224
1526
DCCLVIII
269
1003
1931
2185
550
1505
679
MCLXIV
MCCXXXIX
526
1318
573
MMMDCCCLXVII
2752
1187
DCXVII
DCCCXCII
3950
1062
1217
2478
1968
MCV
3025
MMMCCLXXXVII
MCCCXX
2771
3543
2833
MMMDCXXX
MCXXXIV
MMCXXVIII
361
DCCXCVIII
MMCCCL
MDCCCLXXVI
MMMLXXXV
MMMDCCCXI
1811
3540
3337
2180
CMXXXV
MMMCCLXXVI
DCCLXXXI
3124
MCMXXXVI
2381
MMMCXXXV
MMMCLXXXVIII
3986
IX
MMMDCLXXXVI
MDCCCXX
XXIII
2288
MDCXIII
706
833
537
1261
2606
2195
MCCXVI
MMMCIX
MCXCIII
MMMDCCCLXXXVII
1748
2173
MMXXI
3832
MMCCLXXV
DCXXII
2301
MCCCLXXXIX
3462
MMMCMXXII
1685
1017
725
MDCCCXVI
DCXXXIV
830
2564
1057
MMMDCXXXV
2346
1066
1964
1881
MMCDLXXII
3801
MMMDCCCXIX
MCLXXI
MMCCCLXXIV
MMDCLXX
MMXXXV
MMMCCCIX
MMDCXCIX
CLVI
MMMCCCV
CCLXXIV
MMMCCI
2491
MMMDCCCLXVIII
2165
CXX
2428
DCCCLXXXIV
MCXXVIII
CCXIX
MMDCCCLXV
3320
2
CCCXCV
MMMCCXXXI
3616
MMMCCXVI
3769
MMDCCCLXXXVI
MMMDCLII
DCCVIII
274
3310
MCCLXXIX
MMMCCCL
920
MMDCCLVIII
1341
1233
14
MMMDCXXXI
MMDCXCVII
3255
2566
2686
2197
1645
738
2735
3686
MMCDLXXXVII
MXVII
1172
2929
MLXII
2207
MMCXC
3919
1923
MVII
449
MMXLVII
MMMDCXCVI
DLXX
CXCVII
CCXXXIV
MMMCCLXVII
1544
740
MCCLXXIX
CXCII
CDXL
359
3637
3198
MDCCLXXI
406
668
MMMDCXCV
2381
MCMXXV
MDCCIII
3873
CCXXIII
IX
787
CMLXXVII
MMCLXIX
2326
MMCLXXXIII
MMMDXLVII
MCMLVI
1033
MCDLVII
1104
1637
45
MMMCDXXIX
MCDXLII
CCCXIX
MDXCII
MDII
MIX
MMXXV
MMMDCXLVIII
MMCXCI
MLXXVII
777
MCMI
MMMLXXIV
MMDXLV
2874
MMMCCCXXV
MMMDVII
79
MCMXCIX
581
MMCCCL
MMMCCLXII
MMCCXXX
2043
MMMCCLV
MDCCXCVIII
MCXLVI
CLXII
MDCXXI
MMMDCXLI
MMMDCCCLXXXII
1565
MMMCLXXVI
MCMXLIX
MMXXVII
MCLXVIII
DCC
MMMCCV
MMCMXXIX
MMDXCVII
MMCDXLI
MDCCLXXXIII
2414
138
3135
3086
253
CCCLXIII
1201
MMDCCXX
571
MDCCCXL
MMMCCCLXXXIX
XXIX
MMCCLXXIX
MMDCXXV
MDCX
479
MMCCCXL
3837
2676
MCDXIX
2092
MMDCCXIV
MMMDCLXV
2374
1554
MMCCVII
1320
MMCCXII
3993
MMMDCCXIII
MMMDCCXCIII
3268
1540
MCCCXVI
MMMDCXCV
2270
1920
1820
MMMDCCCXI
3395
MMMCCCXXXVI
2943
MMMDCCLXXIV
3999
MMDCCXII
1963
MCCXCVIII
2580
1981
MMDCCCLXXXIX
MCCCXXXII
MMMDCVII
DXLIII
2455
MMMDCCXXXIII
MMMDCCCLX
CDII
3112
MMMDCCXXVI
DCCCXCVI
2577
DCXXIII
3905
MMDCCLVIII
841
MDCCLXXVII
2223
7
MCCCVI
1288
2260
2898
2382
MMCMXLVI
3793
886
1466
MMCCCLXIV
708
3102
MMMDXXVI
CLXXIX
3699
CCXCVI
2705
MMMCCCLII
1334
327
MMDCXVII
MMDCCXXVIII
3214
MMLIX
MMDXLV
2337
MMDCCCXX
DCCXLIX
3488
LXXIX
MMMXC
199
1810
MDCXII
MDLVIII
999
2173
CLXXVII
2579
MDX
MMMCDL
MCCCVII
MCMXI
MDCCLXXVIII
97
1313
3968
2207
MMLXXIII
3115
1433
3009
2775
1274
1499
MDCXX
MMMLXXIII
96
MCIII
1853
3730
300
MDCLVIII
CLXX
MMMCCC
3847
3577
MMMDCCCXIX
1742
DCCXXXII
3403
501
MMCMXCII
MMMCXIII
MMDCCCXXII
2645
2400
MMXLIII
1711
MDCCXXXII
345
MDCLVI
MMDXXIV
MCDLI
MMMCMLV
1822
MDCCCXLIV
MDCXLI
CDXIV
CCCXCIV
MCDXCVII
MVIII
CMXCVII
MLIII
MDCCCII
1236
MCCCXXIX
976
3197
574
3203
387
MMDCCLXXVIII
1450
MMDCCIV
2335
2389
3883
CCXCI
165
MMMCCCLV
MMMCDVI
2160
2837
1892
1539
MMMDXVI
3651
CDXV
2282
MMCCCXI
MMCLVIII
3584
MCCII
1609
MCMX
MMDCCXVI
1836
MMCCCXXVIII
MMMCMLVII
MMMCMXI
MCLXXVI
MCXCIII
1593
MMMCLXX
2914
MMMCCCXLI
3229
1010
MXV
2683
MMDCCLXIII
MMDCLXXIV
DCXCIII
DCLVIII
347
MCXI
1109
852
MXXXII
CX
MMCCCLIV
MDCCCL
840
715
MDCCLXXIV
2809
MMCDIII
1505
MLIX
1711
MMMDCXXVIII
1445
MMMDCC
MCCCLIV
MMCXCVI
MMMDCXC
1628
MCMXXVII
MDCXXVII
3730
MMMDCCVI
1882
2894
MMMCXVI
MCDLXXV
MMDXI
1845
1897
613
DLII
MMMDLVIII
1076
MDCCCLXXIII
CMLXXXI
2832
1734
MLXXIV
MCDII
3378
MMDCCLXVII
MMMDCCXCIV
897
MMMCDIX
MMDCCCXX
3560
MMCCCXXXII
1218
LXXVI
528
2257
2007
716
3636
760
2137
MMMIV
858
688
1987
DCCXXXIV
3562
CDXXVI
2227
DCLXXI
2683
MMMCMXI
2271
DCXII
192
165
3694
MMDCCXX
1864
1173
758
2414
MMCXX
MMMXLVII
268
2748
3678
2753
MMMDCLV
3163
MDCCIV
1150
356
3773
MMMDCXCII
2821
MMMCDXII
1494
3838
MDCCCLIV
MMMCDLXXXIV
1124
2127
CLI
471
MDCCXIV
MDCCCLI
2038
MMMXCIX
2592
MMMCCXCII
2331
MMMCMLXXX
1694
MCCXIV
999
MCDIV
229
MMMDCCIX
3540
745
DCCLXXVI
CCLXXXVI
3821
MMDCCCXXXII
570
1449
MMMDXLI
1541
2350
2261
3395
MDXLVIII
65
DCCCLXXXIII
803
3652
CCLXXIV
MCXLI
MDLXXXVIII
1870
MMDCLV
MMMCCCI
1887
2710
MMMXLIX
1739
2569
MDCCXCV
973
MCCCXII
3218
CDXXII
228
2437
3641
MMDCCXLVIII
2587
3220
MMMCMXXXV
2679
MMCCCLXXXII
MMMDCCXXXII
560
DCCLVI
1147
CMLXXXIX
CCXXXIV
3291
2057
MMMCMIV
3180
MMMCMXXXV
CDXXIII
3584
1165
2477
MCDXXXVI
MCCVI
1814
CLXXXVII
1325
1761
MMMCCCLXXXVIII
MMDCCXLVII
MMCCCXXXVIII
326
MCMVII
MMMCMLXXXV
DLXVIII
1446
3786
MMMCMXXIX
MCCXC
3882
MMDLXXXIV
2476
901
MMMDCCCXIII
XXXVIII
MMCMLV
CDLXXXIII
CCCXX
MMCCCLXIX
MMMCCXCIX
561
3930
MMMDCLXIX
2819
XLVI
MMCDLXXXIV
3857
1398
1356
MDCCCXXI
MMDLXXIX
1933
389
2224
2269
MMMDCCLV
1503
2309
2767
CCLXXII
2345
MMMDCCCLXI
128
3222
2258
MMMIV
2304
MMCCXX
2080
1945
1910
1475
MX
MMMCLXXVIII
MMMXXIV
3215
MMMXLVI
MMCMXCI
MCCCXII
MMMDCCXLI
1870
CCLIII
1815
2592
1464
861
MMDLXXX
MDCCCLXXXIX
MMMDCCCLIII
705
817
MMDCCCLXXIII
DCCLXXXIII
3981
MDCXXXVIII
MMMCCLXX
MMCC
MMMCLXIX
MMMDCCLXXXIX
CCCLXXXV
MDXXX
MMCXIII
2583
1577
MMMCCLXVI
DLXXXII
MMDCCCXXXVI
1897
MMMDCCLXXXVI
3568
MDCLV
1320
MCMLXX
MMCDLXIII
MLXXXV
MCCLV
1713
3390
MCCX
918
DCCXLVII
MMDCCCLIII
MCCXV
1251
2437
MCCLXI
2848
2904
MMMDXVIII
MMXV
MCCCLXXIX
2859
1763
843
437
1739
MDCLXII
XXVII
95
2395
3050
MMMCCV
CCCVIII
3030
1277
MCCXXIX
CLXXVIII
DXCV
MMCMXXII
2016
CCCXLIX
657
2139
DCL
MMMCMXXXVIII
DCCL
1078
MMCXCII
2867
MMMCDLXXXIX
3122
3949
1505
XLV
80
806
1376
MMMCCXLIX
MMCCCXV
1630
DXCIX
3225
684
MCDXLVIII
MMDXLV
MCCCXCIII
C
1531
MMMDCCXIII
1177
2398
CXCII
MCCXXXVI
909
2633
CDXCIV
3123
MMMDCCXXXII
DCCXVIII
2106
MMMDCLXIII
2663
MCCCLI
MDCCLXXII
MCCXXX
626
MDLXXX
3079
1530
3875
782
3644
3591
MMLXXVIII
3652
MMMCMLXXXVIII
385
MDCLXIII
3467
MCMXXIII
CCCLVI
MCMLXXIII
DCXX
MMMCCXCIV
MMMDCCLXXIV
3474
3969
218
892
MMMDCXXVIII
MMMCCXVII
MMLXXXVI
MCDXLI
2195
CDLXV
2815
MMLXXII
3827
3334
3529
745
2594
MMCCXXXVIII
DLVIII
2593
3929
1884
1821
897
CMXCI
466
1724
MMMDCCXLI
DCCCXXX
1550
MMCCCLXVI
3585
DCCXVI
MLXXVII
MDCCCLXI
1240
958
MMMCCXC
MDCCCLXIX
MMDLXXXVII
MDXLVIII
1651
MMMCVIII
3305
MMDLXII
2884
3965
2424
3154
3511
MMCCXCII
1492
MMMCLVI
3583
MMMCMVI
MLXI
1926
MMMCCIII
MMDCCCXVI
630
3816
MMMLXXXVIII
CCCXII
MCCLXXVIII
870
1350
MDCLXXII
2916
MMCDXXXI
MMMDIII
MCLXXIII
151
3193
MMCCCXXXIII
MMCMLIX
MMDCCC
MMMLXV
MMMCMXXXVIII
2855
MMMCCCLXXVI
235
3730
MD
DCCVIII
916
2478
CMXCVII
MMMCCCXII
CDLIII
MMMCMXCI
185
2699
299
558
MDCCCXLI
1880
MMMCCLXI
MDCCXCI
MMDCLXX
XLVI
MMDCLI
3949
MCCCXXXIII
823
291
MDCCLXXXV
MMCCCLVIII
1719
3718
MMMCXLIV
XXX
MMDCCCLXIV
MMCCCLXXIII
1053
3428
MMDXLVIII
MMCCLXVIII
969
MMMDCCCLXXXII
95
CDXLIX
3026
CLXXXI
MMMCLXXXVII
DCCCXXXIV
MMDCX
MMCMXXXVIII
MXXXVIII
3042
2490
2033
2531
1961
1423
CIX
2554
MMMCCXCIV
MMMLXXXVIII
3618
MMMCXV
141
MCMXXV
2072
2446
MMCML
2192
1568
CMV
MMDCCCLIV
MMDCCCLXXXII
3404
230
MMDCCXCII
2522
3469
1650
3499
MMMDCCCXLVI
1921
1180
DCXXV
MMMCCCXLIII
3740
2510
3605
3891
1777
3860
1124
122
2528
MMDXCV
MMDCCCLXXXIII
MDCCLXXIV
1755
922
CCL
2100
726
MMMCMXXX
MDCLXXVIII
1920
3689
165
MMMDCCXLV
776
MMMCMXXXVII
DXXXV
1217
2268
1424
702
MDLXXV
884
394
3478
MDXXXVIII
XXXVI
DCCLXX
MMCCCLXXXVII
MCCCX
MMMDLII
MMMCXV
1463
MMMDCCCXLVIII
CCLXXVIII
MMXXI
2804
165
MDCCLXXXII
MMMCMLXIX
559
MDCLXXVIII
720
CCXCV
2182
2113
246
3670
MDXC
MMDCLVII
2483
1272
542
3124
MCMXC
MCDXLV
MDCCLI
CCLXXXII
1799
3851
CDXXXVII
MXXXII
MMMCCCXLVI
MCCLXII
MMCCXII
3774
400
MMMCCCXCIV
CCLXXIII
MMMDXCVI
438
2525
CDLXXIX
MMCCCLXXXIX
MMDCCCXXIII
DCCCLII
MMMLXXXII
MMCDXXXIV
DCLIII
2762
1618
3561
893
MCXLII
1101
MMCMLVI
1946
2097
3314
MCCCXXXI
MMCDLXVII
MMDCCXXII
881
1864
1628
MMDCCCVI
1409
929
3600
MMCLXXXII
2382
MCCXXXI
824
1298
MMCCCII
MCMLI
210
MDCCCLXXXVII
2486
MDCXIV
MMMCCVI
3771
3662
2150
3752
1819
149
722
MCMXXVII
CMLIX
1660
MDCLIV
2581
1876
2462
3
3756
MCCCLXI
2663
3013
MMCXLVIII
3505
MMDCCXCVIII
3128
3748
3572
340
MCMXI
MMMCMXXXV
1274
DCCCLXXXIII
MMMCCXXXIV
MDCXXXIX
478
1792
3716
1455
DCCCLVIII
CCCXCIX
3488
2349
MMMCCXXVII
1525
MMCCLXXXVIII
DLXIII
CCCLXXIII
3173
2081
MMDCLXXXII
3121
MMMDCCXXXVIII
DXLVIII
1589
MDCCCXLVIII
1000
3294
1251
MMMCMVI
MMDCCLVI
MMLXXXI
MMMDLXXXII
MMMLXXXVIII
2039
DCXCIV
700
360
442
1860
MMMCMXXXVIII
DLXIII
CCCXX
MMMDCCLV
2830
1543
2333
1996
MMDCCCXXIII
2781
762
896
2840
3310
MMCDXCII
555
MMMCXII
MDCCXLIV
503
3430
CXVI
3008
MCCCXC
2889
MMMCCXCVI
CMLXXIV
1958
MCCXIII
1047
2821
1931
MMMCXL
MCCCXCIV
471
CCCLII
MMMDLI
777
3814
DCXXVI
MMMCCCXXXIII
MMDCCXXI
1500
9
3532
184
MDCCCLXX
MDXL
3623
MMDCIX
DXCVII
1084
MMCLXXX
3692
1630
MMCCXXXIX
MMCCCLIV
3906
CLXX
1089
3544
MMDCXCVIII
MMMDCXXX
DCXXXIV
1496
MCDXXX
573
1885
1971
997
DCCCLXXVIII
3256
MMMCCCXXII
MCMLXVII
1823
719
MMDCXXXI
MMDCCLXIV
CCCXLIX
1732
MCCCXIII
MMCLVIII
MCCXXIV
MCXVII
CCCLXX
3360
2838
MDLVII
2866
DCCCXVIII
MMCXL
2202
XLVI
MMCI
2663
VII
DCVIII
DCCXCII
558
1649
886
MMMCMLXXI
MMCCXII
MMMCMXX
1941
MMMCLVI
DCXCI
MDCCCXXXVI
MDCCCLXXII
MCXXXV
1090
MCCCXCV
MMMCXIX
871
550
2671
DCCLXXXVI
902
MCMLXVI
CMXI
MMDCCCXLVIII
MMCDXXXV
1692
MMMDCCC
2959
MMMDCCCXX
MMMCCCLXVII
2226
3368
ML
MDCXXV
CLI
1448
MCDXLIII
1825
MMCLVII
MMMDCXXXVI
2421
MDCCXCI
3594
667
MDXL
CCCXXXI
MMMDCCCXCI
2515
MMCDLXXIII
678
CDLVII
3432
1859
185
1533
609
MMCMXXXV
1152
MLXIII
3389
MMMCCCLXV
2146
CMIV
MCCXXIX
1075
CLXXXVI
MMDLXXXVII
MMDCCCLII
MDLXIV
795
948
3403
MDCCL
MDCCXCVIII
1208
MMMDCCXCI
MDXXXIX
MMMLXXVII
MMMLXXXVIII
MMMDCCXIV
MDLXVI
MMDCCCXXXV
CMLXXXIX
MCCCXCVI
1779
475
1995
MMCDVI
MMMCCCLXXXVI
2140
2248
939
CCCXCVIII
2898
MMDCCCXXXI
MMDCCVIII
MMCLXXXIV
MMCCCIX
696
2745
MMDCCCXCIV
MDCLXXII
3963
1415
1813
MMCDLXXVI
DCCLXXIII
MDCCCII
MMCDXLVII
1268
CCLI
MMDCCLVI
2623
MMMCCCXVII
MMMCMXXV
2625
MDLXVII
2014
1018
836
1587
MMMDCVI
1516
189
MCDVIII
366
785
1546
MMCCCXC
3598
1917
MMDXXX
447
1290
CMLXXVIII
MDCCCLI
CDLXXXIII
XXVI
MMCCCVI
MMMDXCVII
1063
444
MDCLXXXIII
445
MDCCLXXXI
3057
MLIII
3855
MDCCCXCVIII
1100
566
MMCCCXVIII
3321
3835
MMDCXXXVII
MXCI
2893
2622
DLI
907
3068
699
DCCCV
MMMCMII
MCXLVI
3117
2094
II
3952
3354
MMMDL
2204
MMDCCXXXIII
2463
592
MMMDCCCXXIX
2003
MMMCDLXXVIII
2004
1217
MMMCDXXVIII
DCCCLXXXIX
MCCCLXXII
2810
1343
1757
MMMCLXXXIX
3229
1910
2646
3572
1628
1818
1456
1890
2002
MCXCI
1138
3631
959
MMMCDIII
MMMDCXXIV
107
MMDCLXXXVIII
2551
CCCXXV
DCCXXIX
2916
MMMCDXXXIII
CXXVII
MMMCMLXXXIII
2859
MMCCXVI
MLXXVI
2456
MCCXLVI
MCDXXVII
MMCCCXVIII
CCCLXII
MCMXCVIII
2826
MMMLXXVIII
MMCCCLXXXIX
3202
MDCCCLIII
MCCCXCV
MCMXCIX
902
2216
MCCCXXVIII
MMDLXXX
MMCDLXXI
CCXV
MCCIV
MMCCCVII
3104
13
2754
1436
968
32
MDCCCLXXXII
MMMDIX
1886
MMCXX
1985
527
734
1399
MMCCCLV
MCCIX
MMCCCXXIII
89
CCCLVIII
2870
2516
CCIX
3928
MDCXII
MMCMLXXXV
600
3634
DCXIX
1146
2410
MCCCL
1508
MMMXXIX
789
1849
2705
DXL
MMMCXCVI
MMDCCLXXXIII
318
300
MMMDCCCLIII
3330
2119
MMMCDXIV
MCMLXXXI
MMMLXXV
MMMLII
MMMDCCCXII
MDCCCIX
2333
MDCCCXXXVII
MCXCIV
3812
CCXCI
MMCMLXXVIII
3769
368
MMMVI
938
3882
2010
MMCXCVIII
CXXVI
3365
2105
66
68
224
2892
2016
3007
555
MMCMXXVII
470
MCDLXXVIII
710
MMDCXXIV
MMDCXCVI
MDCCCX
2009
1369
XLV
2149
3909
MMDVI
MCCLXI
MMCCCXXIII
MDCLII
3387
LXXXVI
MMMDCCCXLIII
CCLXIV
2438
MCXXXIX
MMCCCLII
3914
CMVII
3268
CMXXXVII
1138
MMCDXLVI
1214
DCCCI
CCCLIV
MMDCCLV
MMMCXIV
MMMDCCCLXXIII
1265
DCCXCI
MCDV
1601
MMDCCCXXXV
1869
226
1439
CCCXI
MMMDCLXIV
MMMCCCXCV
3628
3718
MDCLXXXVIII
MMDLXXV
DCLXXIII
MCDXCIV
MMCCXLV
2175
MMCCCLXVIII
CLXXV
1350
MCIV
MCXLIV
MMCCIX
MMMDCCLXXIV
3476
1888
MDLXXXVII
1817
MMDLII
2949
CMLXII
550
85
2346
1628
3677
2081
MDCCCXCIX
MCCCLXVI
1135
411
MDXXV
378
1718
19
1634
MMMCMXXIV
894
MDCLXX
3909
MMMDCCCLXXII
2191
MCLXV
3537
MMMCLXXII
MMMCLXI
3652
MMMDXLI
1769
2597
DCXCI
1149
DCCCLXXXVII
MMMDCCXCVIII
MDXII
359
MMCXV
CMI
3046
1240
2572
MDCCCXXIX
3752
MMDCXIII
355
606
519
MCMXCVIII
MMMCLXVII
3682
1251
1436
1939
MMLXXXII
1061
MMMDLXX
895
242
MMDCCCXIII
CDXLVIII
3805
2015
MMDCCLXXXIX
2721
CXL
MMDCCXCII
DCXLIV
MMCDLXXVIII
MLXXX
MCCCLXXIII
CCLXI
240
3985
2625
1725
DCCCLXV
MDCCCX
1355
2052
DLXVIII
MMMCDI
MMLXXI
MMMDCCCXXI
1021
CCXVIII
CLXXII
CV
852
MMDCXXIII
2635
MMMXIII
3837
1138
2758
MDLXXXV
MCDXIV
35
3374
101
MMMCCXVIII
816
375
MMMCCCXL
MMCCXXXIX
MMMLIV
1393
MXLIV
MCCXC
3762
XXXVI
1064
3509
2074
1641
MMCCXIV
666
MMML
MXIX
MCIV
1856
2911
433
3948
MCDXII
2487
MMMCDXLIV
MMDLXV
769
2910
1990
3045
1563
MMMCVI
484
198
69
DCCXXXV
MMMCXXVIII
184
MMMCMXXXIV
263
2685
1115
1225
CCXXXVIII
MDCCCVII
DCCLXX
585
2256
CCCLXVIII
CLIII
2721
CDXC
568
MMCCIX
MMMDCCXXIV
MMMDCCCLIX
MMMDCCCXLIII
463
1585
DLXXXI
DCXXI
MMMCXCVIII
2881
MDCXXX
105
MMLXII
383
MMMDCXVII
1437
MCMXXVIII
MMDXXVIII
3049
MMMDCCCVI
MCMXLIV
964
3486
MMCCLX
374
MMCCCLVII
1010
DCCLV
MDCCLXVI
CDLIII
CCCLXIV
2429
MMDLXVIII
2162
MMDLI
2758
MMCCCLVI
CXXXIV
MDXLIV
3065
CMI
MDCCLXXI
MMMDCLXIV
MMCDLXVI
MDXXXV
3456
MMDXLIV
685
MMDCCCXCVII
1356
271
MMDCXCVIII
935
2646
DCLXXII
MXXI
MMCLXXI
423
3592
3240
616
CCCXXVIII
MMMCMLXXVIII
MMMDCCCLXXVII
CCCII
MMCCLXIII
MMDCCCLXXV
605
1955
MMDCCXLVIII
2418
MCCXX
330
2902
CMV
3906
1790
MMMDCCCXXV
MCDXXV
1692
MMMDLXXVI
MMMCCCVIII
MMMDXLVIII
MMCDXCVIII
MMMCCCXL
3137
2905
MMMCLXXXIX
1040
26
2214
MMDCC
MDCCCI
2801
1921
MMMLIV
206
1895
MCCXLVII
MMCDXCIII
3332
MCXL
MMMDCXVII
1552
MDXC
MMMDCCCXXVII
MMCCXXIV
MMCCXXX
322
386
1244
MCCLVI
2488
1989
MMDCCCXCV
1734
DXVIII
2025
1789
DCXXIV
3834
3633
CDXVII
1555
MMCCCXXXI
2086
3215
2733
MMDCLXXXVIII
MMDC
MMMDCX
MDLIX
2394
MCMXLVII
3070
MMMDCCXVIII
2033
DXXX
2004
CDLI
461
1328
MMDCII
MMMDCXV
MDCCX
DXVII
MDCXXXII
2801
3223
3435
MCDLXXXIX
CCCXXVII
DCCCII
III
1448
3587
2668
363
MMCDX
857
2196
3385
MMMCDXV
MMCDXLIX
MCXXIX
2875
123
854
DLXVI
1077
MCCLXXXIX
CDX
2222
MMMDLXXV
2244
935
3515
MMCMLIII
MCLXXVIII
MMCMLXXVI
MCDXXXVII
MMCMXCII
MMDCCXLIII
1488
MCMLVI
MMCCCLIII
MDCCL
MMMDXXXIV
MMCCCXLIX
DXLI
MMCCL
2380
DXV
MMLXV
MMMDCCCL
MMDLIII
2586
1291
2512
1686
2610
2166
MCDXXIX
MMMDXLIV
MCCCXXXV
MMMCCCLXXIII
MMCCCLXII
MCMVIII
MXLII
3403
130
MCDXXIII
402
CDXVII
MMDCCCLXVI
3187
2727
2810
1063
2687
MDCLXXVIII
3514
MMLXXXI
447
1363
MMMCMXXIV
603
MMMCDXLVIII
552
MXVII
2576
MMCXXV
MMCCXXXIV
MMXIV
204
MDCXXII
3286
3514
2711
1630
1467
619
MMDLXXIII
DCCCXII
MDCLXVII
375
DCXLVII
MMMDCCCXCIX
1987
1080
MMMCCCXLIV
MDCLXXX
MMCMXLIV
3800
MMCCCLXVIII
3628
DCCCXXI
MDCCLXXXII
DLXXVIII
MMMCXXXII
DCCCXVI
2615
1091
309
937
MCMXXII
MMCXXIII
MCXCIV
49
3163
2178
DXXXI
MMMDCCCXXVI
389
2811
1623
637
MMDXCV
1694
CMXXXIII
MMDCCLX
976
3447
LXXVII
553
CMXCVIII
574
MMMCCLXIII
406
269
373
2256
MMMDXCI
3841
26
637
2755
MMCCXXIII
CCLVIII
MDXC
864
2848
1769
CDXXX
MDCCXLII
3594
MLXXXII
MMMDCLXVII
MCDLXXVI
1649
MCCLXXXI
MMDCLXV
1868
CDXXXI
2714
MMMDCLXIV
460
MMLXXXVII
1399
539
MMMDCLXV
MMDCI
3106
3717
CDLXX
MMLXXXVI
MMMCCL
MCCCLXI
3000
1060
MMCCCXXXV
MMMDCCXLI
1923
754
CDXVII
2832
2035
1811
CLXXVII
MMMCCXI
MCMLX
MCCXXXVI
MMCCCXXX
MCDXCIX
MMDCXXV
MMMDCXXVIII
1105
1490
2726
3320
MCDLXVI
1614
2275
DCCXXVII
1450
1779
LXX
CDXCVI
1161
1818
MMCMXCII
CDXVI
3474
CCXXIII
517
MMDCCCXI
1613
133
MMMDXLVIII
116
MMCCXXV
3999
908
1823
2894
MMMDCXXI
MMLXXVI
2682
MCCCLVIII
226
1251
2529
3533
MCCCXLI
3308
CMXCIV
MCDXXVI
MDCLXXIII
MMCMXCVIII
2413
1840
CXIV
112
514
2848
943
MMDXXIV
1348
MDCCLVII
2063
745
2981
3753
MMCCCXV
MMMCDXCV
MCCCLXXX
1337
MMCCCL
MMCDLXXXVI
MMMDXXXII
MDLXXXIII
3868
1964
CLIX
MMCXVIII
DCCX
2166
MCMXXVI
889
MMDXXX
2532
1929
MMCLXXXII
128
1277
MCCCXXIX
MMDCXCVIII
MMCXVII
1424
351
MMDCCCXXV
3637
2528
1589
2597
MMDXCIX
MMDCCLVIII
375
2213
MMCDLXXIV
MDXLI
MDCCCLXXVII
2748
271
2624
3484
MMMDCXCIX
2108
2823
MMDCCXLVIII
1358
17
MMDLXI
1802
CCCLXXXIX
MMMDCI
MCLIV
1045
615
DCCCIV
2196
MCDXXIX
MMLXII
723
DCCCLXII
MDCCLXIX
MCCCXXXVIII
MXXXVII
3339
MMDCCCLI
3439
1232
MMDXXXVII
MMLXXX
MMMDLII
931
1699
115
CCXLVIII
1556
126
36
2881
292
DXLV
424
MMCDXLVI
1912
CDIII
2578
MMDCCLXXXVII
3135
2265
DXXIX
MMLXXIX
CDXLIV
1659
2381
1147
MMDCXXXIII
MMMCMV
MMCDXCII
3947
2666
MMDXXXIV
3055
2276
MDXXIX
MDCCCXI
2274
2626
1147
MMMCCCL
1588
MMCCCLII
1729
2058
2859
MDCXXIX
1538
162
MMCCXXI
CLXX
MMCDLXVIII
307
MDCCCLXIV
47
3518
CCCXLI
1332
MCDXLIV
MMDCXC
CCLXXXIX
MCLXXXVI
801
853
2437
DCCCIV
1764
827
MMMDCCCLXVII
2395
3280
2895
MDCCCLII
680
1606
MDIX
2603
DLXXXI
DCXCIX
MMMCMLXVIII
MMCCLXXVI
3466
3803
DCCCXLV
MMDXLII
715
426
2847
MCCCII
1463
MMCCCLIV
CCCXXI
MMMXXXIV
CDLXXVII
2977
971
3773
3242
1778
MMCDLV
3211
MMCI
1227
MMCMXVII
3302
1858
2606
3019
MMMCMLXIV
MMMDCXXIV
MMMDXCVII
MCCCLXXIII
1360
3166
2284
2557
298
CCXXX
MMMXXVIII
MDCXIII
CXXXVIII
243
MMMDCCCXLIII
2206
3928
1196
2111
1742
1466
MMMDXXIII
MMCCXXXIX
MMDCCCLXXXVIII
1384
MCCCXXXIV
3406
1953
MDCCCXXXVI
MMCCXXXIV
2229
MMCXXXII
3279
MMMCLXXX
MMDCXL
3572
2199
1329
1538
3890
356
MMCCCXCIX
1648
2138
MMCDLXXXVI
1952
1008
1389
MMMCMXXIV
1051
2113
3335
2399
MMLXXXI
2396
DXCVII
816
3970
MCCCXCIII
1325
2532
3428
1332
895
MMLX
2720
MMMCXLVIII
905
2023
MMMCCXXIX
3853
3058
1789
3013
MMXLVIII
3174
2945
1476
737
3732
MMMCXXIII
MMCCLV
2246
2456
MMDCXCI
MMMDCXCVI
218
3210
921
MCCXXXIII
MDCLXIX
MMMXXIII
CCCLXXVIII
MMDXX
2154
3578
466
DCXV
2168
3503
MMMCDLXVII
MMMCIV
1825
862
1455
MMMCDLXXVI
2406
MCCLVIII
MMCDLVII
MDCCCXVII
MMMCCXXXIX
910
2904
985
XCV
207
806
MCMXCIV
706
1625
MCLXXXVIII
736
3378
MMDXXXII
309
1992
104
DCCXXVIII
MMIX
MMCLXXXIV
3156
MDCII
MMDCLXXXVIII
DX
MMVII
636
DCX
DCLXXXIX
MMMCMLVII
MMXLV
MMMCCLXXX
2396
276
125
MDCCCLXXXVII
1741
2783
MMDCC
1581
MMMDCCCXCVI
342
1647
3098
1238
1730
3819
MDCCCLVI
MMDCCCLXXXIV
1547
3869
318
MMMDCCLIV
87
1572
MMCDXII
562
3833
484
2761
639
1665
3575
2145
1855
2712
2692
3580
3623
2555
MMCDXVI
2265
3168
2906
1358
1588
MMMCCCLXVIII
MVIII
MDCCCLXXIX
MMML
MMMDCCXVII
1785
307
MMMCMX
2246
2839
CXC
DCXXV
515
1292
1819
MMMLIX
307
MMMDCCCLV
MMDCCCLXXX
2043
3139
3347
MCDXLIX
MMDCCVI
3144
57
3459
MCDLXVI
2915
3573
MDCCXLVII
3170
2590
215
MCDIII
2471
MCCLXXXIX
CMXLVIII
3920
2052
DCCCXXXI
2576
MCCCXI
MMMXCIX
2469
2898
3868
641
MMDCCCXXXIV
DCCCLXXVI
969
267
CCCLXIII
CCCXL
MMCCXXVII
MMMDX
MMMXXXIV
1176
MMDCCXIII
2043
893
MMMCDXXXVI
MMCCCLI
2129
3826
MMMDCCLXV
MXLVIII
MMMCXCVIII
946
MDCVII
MCDLXXIII
MCDLXXXVI
MMMDCLXV
MCMXCVI
313
MMDCLXXIX
MMMLXIV
MDCCCXCII
MDCCCXLI
1019
MMMDCCCXVIII
2915
2355
1691
465
271
CDIV
2641
MDXCVII
MMMDCCIX
MMMDXI
3505
3276
388
MMMDCCCLXIV
MMMCMXXII
3994
2077
MMMCXCIII
DCCXXI
1499
MDXX
3847
CMXXII
1906
452
2246
DCCLXVII
CCCLI
2218
MMMCMLXXII
2236
CLXVII
MMCDLXXXIX
685
MMCDIII
MMMXXVIII
538
XXXI
MMCMXCVI
MMCMLXXXVI
903
MCMLX
CCCXXXVI
MMMDLXXXVIII
1137
1524
CMXCVII
3083
3667
1642
382
143
386
MMMXXVII
DCCLVIII
MMMDCCCXIX
DCXLI
CCCXXXIII
2692
MMCCXXIX
MMMCCCXXXVII
MMCXIX
826
888
993
MMCCXIX
MXII
3302
MMDCCXXI
1563
2614
2712
1051
IX
2537
2528
MCCCXXXIV
261
1010
545
MCCXLVII
MMCXLII
MMCDXIII
CLXX
3912
2765
3198
MMMCDXLII
229
3420
MXCVII
3454
MCXXXIX
409
3048
2922
425
476
1993
CCXLII
2575
MMMCDXVI
1206
DLXXV
CCCXCIII
MDCCCXI
2407
61
837
2550
1322
MMMCDXXXI
MMLIV
MMMDXXXV
MMMDXLI
MMMCCCXCIX
MMDCCCLII
381
3068
3395
MMMDXXV
979
661
MDCCLI
3148
MMCCLXVI
MDCCXLVII
MMDCCCIII
1262
MCCII
1590
MMMCMXXI
MCDLV
2198
DCII
CMXCIII
2746
1781
2647
MDXC
2648
3503
350
MMCCXCVI
906
3284
3787
1721
978
MMMXI
CCLV
MMCMLXXXVII
MMCXCV
314
3331
MDCCXXVI
3629
3482
3047
CII
MMMCCCLXVI
3578
873
MMDXLV
467
MMDCCIX
MCDLXXXIV
709
MMDCCLXV
MMCCLIX
CCCXXIX
MMCDXCVI
MCMV
2459
3194
CCXV
2874
MMMDCCLXXXIII
292
244
482
DCCXLVIII
MMMCCLVI
MMMDCXCIII
486
677
1173
MMCDLIX
1393
2143
MMCLIV
3944
182
297
2949
CLXXXIII
DCCCLXXXVI
CCCXV
MMMCCCXIV
3919
MDCIII
MMMCCCLXVI
MDCCCLXXXVIII
MMMCCCLXXXVIII
1562
858
MMCCCLXIV
DCCLXXII
DCCXLVIII
261
3573
MMDCLIX
MCLXXIII
MMMDCCCXXXVII
2694
MCCLXVII
2002
3275
2767
3065
2156
1102
MMMDCCCIX
2148
MMXCV
2280
3978
MMDCCLXI
VII
2967
217
DCCCLIII
MDCLXV
MMCML
3603
3107
2843
10
458
818
3176
3111
MMVIII
MMMDCLXXIII
MCII
3193
1394
MMDCCLXXIX
44
2632
1144
290
MMDCCCX
MMMDCLII
3856
MDXLI
3352
2792
MMDCCXLV
MMMCLXXVIII
CCCXXIV
MMMDCCXXV
759
2209
MDCCCLXXX
MMDII
MMMDCCLXII
3693
MMMCCXVIII
MMMCMXXIII
1091
MMCMLXVIII
1776
MMMCMLIII
MXCII
3403
648
MCVIII
MDCCXLI
MMCCIV
2791
83
CDLV
MMCM
2144
3012
785
1082
1899
DXXXIV
2602
MMMCCXCVIII
MDCLIII
1347
XXXV
MDCXVIII
2141
MMMDCCCLIV
MCMLXXIII
MMDCLXXX
MMDC
MMMDCCXXIII
CMXXXIII
MDCCCLI
MMCCCX
CCLXXVI
1250
MMMCDLXXXIV
1054
2805
MMMCMLXXXVI
CMXXVI
MMCCCLXVII
3844
207
MMMCCXVII
527
MMLVII
706
3077
66
1295
MCCCXIX
MDLXVI
MMMCXXI
MMMCCLXXXII
DCCXCVIII
CXCV
138
MLXXXVII
3179
2243
2770
DCCCLXXIX
MMCLIII
MCXX
MMMVI
MMCCXIX
MDCLXVIII
MCDXL
MMMCCLII
LXXXVII
1472
3644
MMMDCXLVIII
MCDXXIX
497
2781
MMCCCXXXVIII
MMCCCXL
583
1503
1647
3125
MMDCXVII
211
3331
MMMCMII
2812
3827
863
2224
MMDCCL
1726
MXXVII
MMMCCLXXXVI
CDXVI
3951
CDLXXVIII
2468
1684
MCMXXVI
MDCCLXXXVI
MMCDXXXII
368
DCCXXII
1279
MMMCDXCVII
1345
365
MDCXXXI
3757
1753
1368
MDLXXXVI
DCXXXIX
2197
MDCCXLVII
2667
337
MMCLIX
MMMCLIV
MCCCLXXXI
2074
2243
MCDXXXVII
1269
CDXIII
2643
MMCDXXX
1589
MMCLXXXIV
2625
3971
751
DCCCXII
3481
2099
MMDXVI
MDCCCXLIV
MMDLXXVI
3471
DCCCLXXXIV
2074
CMI
MMDCCCLVIII
MCCLXXII
451
CMXLIII
MMMCCXV
954
MMMCCCLXIX
MDCCCXIX
2005
3912
2563
2545
MMDXXXIV
2211
MMCIV
MMMDCCLXXXIX
MCMXXIX
MMDCVI
MCMXLVII
CLXXI
2774
MMMDXXIII
1205
3140
MXXXVII
3747
MMDXXXIII
3731
MMDCCCXXV
1280
1262
CCCLXII
MLV
1997
DVIII
768
1685
MDCI
DXCIII
CMXXXIII
MMDCCCXLI
MMDXXIII
2088
3523
MMMXCIII
MCCXXVI
CXC
965
MLXXIII
DXC
MDCCXVII
3976
DI
3824
1163
MMMDCLXXXII
334
104
3977
295
MMCMXLIV
1304
MMMCMXXXIII
CMXC
CXVI
MCMXXXI
MMDCXC
2331
1044
MMMCCLIII
3726
MCXX
MMCDXXXVII
1620
3878
3001
203
MDCCCLXXVI
1232
CLVIII
MMMDCCCXLI
96
MMMDCCCLXXIX
MDCXLIX
MMCLXXI
CCCXI
760
3579
DCCXLI
MMMCDIX
2880
1845
MMCMXCIV
3096
LXXXV
MMCCXX
MMMCCCXXIII
746
3219
MMMCML
3435
MMMCCLIII
3636
MCCCXXIII
1253
2631
2065
2478
2597
3550
2702
XLII
151
MMCCCLXX
MCCCXXVII
2084
CCCLXVI
MMMDCLXXXVII
MDCCCLXXXV
MDCCCXXI
MCCCXLIII
MMMCVI
CCXLVII
3234
3265
CDLVIII
MXXI
MMCCCXXXII
MMDXIV
MCMXC
3739
MMMCLXVI
MDCCLXII
MMMDCXV
MMMDC
3294
811
MXVI
2944
MMMCDXLVI
MMCMXXXVIII
MMDCCCLXII
862
3908
XII
3342
MDCCXI
MLV
1371
DLIV
3999
1209
3848
MMMDCCLXII
3174
MXVIII
1380
2953
3568
MMCXLIV
1961
MCCCLV
1168
1848
984
1036
291
MDCCLXV
MMXVII
1339
MMDXL
MMMCCCLVI
MMCMXVI
DCCCXXVII
391
MMDCCXXX
939
MLXVIII
MMDXLIV
MXIX
2059
3128
1786
MMDCCLXXXIV
346
1276
DLXXVI
2838
2773
DCCCLXXXV
DCVI
1061
MCCCXLV
52
DLXXIX
1256
486
309
DLXXVI
MCLXIII
1408
655
MMMCDLXIX
MCDXCVI
730
780
MMMCMLXXXVIII
MDCLXXVIII
3533
DCCXLI
CDXXII
MMMDCLXXXV
MMMDCCLXXXIX
MDCLXXXVI
2052
MDCCCL
3513
420
MMMCDLXXXVI
1387
1606
MMMCDLXXXIII
1470
MMCMXCVI
MDCCCLI
MMCDXLVIII
CCCIII
MMDLXXXIX
652
2042
CDXCVI
MMDCXXI
CIX
MCCXLVII
700
248
3981
2147
2214
MMMLV
3276
MCCCXCVIII
3272
3859
1446
835
3772
999
MMMCMXXIX
DCCLXXXIX
3796
MMMDCCCLVIII
3311
1525
2999
3131
3399
1602
MMMCCLXXVI
1196
MDXXXII
2378
MDCCCXCVI
MMCDXXXIV
2905
MMMCDLXXXII
DCV
MMMCCCXXXVII
3862
CXXX
2075
CLXXVII
3096
2639
MCLXI
1929
1333
1153
MMMCXXXIV
MMDCLXVIII
MMDCCLXXII
3618
MCMXXXII
MMMCLXXVIII
CIV
2968
MML
2521
1993
MCMXLII
2655
MMMCLXXXVI
DCXXXII
MMMCMXLVIII
MCCLXXX
XLI
MDCXCII
MMCCCXIX
CCCLXXXVIII
CVI
176
3013
MMMCMXX
3101
593
3247
1654
3431
MDCCCXXI
728
CXXXII
MMMDCCLII
DCXXVIII
DLXV
MDCXXVIII
2297
MMCCCLXII
CDLXXVII
MDCCCLXXIV
2623
MCXXIV
480
MMMDCCCXXIX
3691
482
3438
750
CXLV
MCMLXVII
MLXXII
2106
239
455
MMMDLXI
1194
DLXIV
MCXIX
LXXXVII
MMMCCXIV
2624
2707
MMMDCXXI
2726
MMCCLXXVIII
MCCXI
XXXV
MMMCCCXXIV
MDCCCXXX
MMCCLXXXIX
MMMDCCCLXII
1291
2913
MCCCXIII
MCDXIX
3864
1548
MMMCXLVII
MMDCCCIII
MMCCCXCI
MMMCCCLXXXI
1366
1892
MMLXXVIII
1224
MMDCCLXXVIII
828
MCDLXXXIX
CCLXX
1623
1640
MMDVII
2164
663
1019
1368
MMXXI
3369
2730
3224
2611
CCXXXI
1449
CDLVIII
2731
3776
XXIII
MMMCMLXVI
XLIII
CCCLXXXI
MMMCLXXXIII
353
1890
941
164
1608
868
704
MMDCCCLXXXI
DCCCXXXI
1162
MMMCLXIV
MXCII
CCLXV
MMCCCXXXII
3946
MCLXV
2438
2048
MCLXXXII
MMCDXV
MMMCDXXI
1006
3626
470
CCXV
3088
MMMDCCXXXIII
2147
MDCIX
2038
MDCXXXIV
3758
2788
1490
MCMXLIX
MCDLXXXIV
1994
1548
2895
1215
730
CMXCVI
MDIV
2236
MMLIV
MMMDCCXXX
MMCCI
MDLI
2041
MMDCCIV
CCXCVIII
1424
189
MMDCCCXCVI
3137
661
MDXIII
2812
DCXLVIII
2955
CLXX
3641
2844
MMMDCXCIX
DCLXXXIV
2474
MMCDLXXIV
2505
MMMCMVI
1996
MCXLIX
MMDCXLV
CCCXXV
2513
823
MDCLXXVIII
1118
2633
1129
2070
MDCCXC
2195
309
1769
1431
MDCLXXXIX
MMCCCXCVI
MCMLIX
3806
MCLXXX
3642
2273
MMCLIII
DCCLVII
1222
703
2714
MMCCCXI
CDXXXIV
189
3594
2412
MMMCCXVI
MMCMXVI
MMMCCXCVIII
2199
MMDCCCLIX
MCCXXI
3314
2936
1089
251
DCXLVI
CCCII
MLXI
3933
CCCXXIII
134
DCLI
910
2658
MMDCLIX
MMDCXXIX
XXXIV
495
430
CCLI
MMMCMXCII
MCDXLIII
MMMCDXXXIX
MMMCXXXVI
2260
MMMLXXV
228
MMDXIX
MMDCCCLXXXVI
960
MCLVII
69
3638
255
DCCCLXXIII
MMMCCCXL
MDCCCLXVII
2077
CDLIV
795
2043
2628
1027
MMMCDXII
MMMCMLVIII
MCLXIII
1974
1391
DXLIII
MMMCDLXXXVI
MMMDCCCXXIV
MMCDLXV
MMMDXC
MMMDCLXXXVI
MMCCCXV
2511
1145
921
2034
2769
MCXCVII
623
424
2037
383
MMCCCLXVII
CXXVI
3589
377
MMDCCCXCVI
2350
MCCLXXVI
MMCMLXXII
2249
MMMXIX
MMMCMLVII
DCCCXXXVI
1942
MMMDXXXIV
MMDCCLXXI
2308
MMMDCXXXV
MMMXIX
CDLXXXII
CCCXX
2004
2444
MMMXXVIII
2509
MMMCCLX
MMCDXXXIX
2582
2629
24
1708
MCMLIII
2364
2532
2302
DCCCXXXIX
MMMCCLXX
DCCCXCIV
2129
2511
MMCCXCV
3033
MMCMXXIX
MMCLXXII
2175
DXLVIII
MMCXLV
1007
1511
3041
2846
1188
731
CXCIV
MMCCCXXXIX
181
1480
MCCXLVII
687
858
1829
2600
MMMLXV
2902
CDL
MMMCMXXV
335
1028
MMMCXCIII
MMCMXIV
2212
380
MMMCMLI
3645
MMDCX
MCMXV
2145
3619
MCMXLVII
MCDLX
3297
MMMVI
DCLXXI
MMMDCCCXI
3381
MMCCCLVIII
MMCXCII
MMMDCCXLVII
DCLX
1056
MMMCDLXIX
1981
584
1559
3310
2676
DCCCLVI
1794
796
130
2222
MMIII
MMMDCCXLVII
2030
1809
959
425
132
135
MMXCIV
MCCLXVIII
3928
MMCMXVII
3890
MXXXIX
MMCLXI
194
DCCCIV
1019
163
MMMLXXVI
MCDXLVI
CLVII
3229
2735
3667
MMMDCCCLII
DCCXXVII
CDLVII
577
2258
1278
MDCCXXXV
MMMDCXLVII
CCLXXVIII
MCLVII
3929
MMC
MDCCCXCVII
CDXLIII
647
MMDXCI
MDCXX
3614
3881
2557
MMMCDLX
3955
MDCXLVII
MMMCCLXXIII
MXX
2482
MMDCCLVI
MCMXIX
234
MCXLVII
CMLXXXIV
3405
CVI
1390
MCCXXXVI
MMMCMIX
1337
MCCLXXIII
2036
1049
MMDLXXV
CCLIV
3447
CCXLVIII
MCDXXIX
130
593
MMMDCCXLV
MMMCDXX
2578
CLXVII
1569
MCCCLXXXIX
3902
MMCMXXII
MMDCCCXLVII
MMMCMXXX
872
MMMCMXX
3316
MCCCXLVIII
1930
3687
MDCCCLXXXVI
3706
MMMCXCIII
488
1480
3163
2823
MMMDLV
MDVIII
MMMLXXI
26
DLXXIV
104
3628
3128
1320
MCLXXXII
MCCCLXXXVI
3924
MMDCCXCV
2334
146
3710
2104
MMCCCLIII
3083
3630
1980
MMDCCCLXXXII
1513
2671
2
2804
873
2737
1853
2636
DCXXV
MMCDXXXIII
3792
1469
MMCCLXXXIX
2205
2838
3207
CMXX
495
1082
CCCLXXIV
CCCLXXXVII
DCCCXXXII
2103
222
1267
CCCXXXIV
3245
1692
2224
3445
471
3735
3321
MCMLIX
132
407
965
528
CDLXXX
MDCCCXL
2482
2543
1379
CMXXV
MCCXLI
MMMDL
176
MMMDCCCLXIV
MMMCCLI
MCXXX
MMMDXLVII
3894
1582
XCV
MCCCLIII
MMDCCLXXVIII
MMMCLXXIII
2250
DCXXXIII
DCCCVI
MDCCLXXXVIII
CMLXXXV
MMCCLXVI
2435
MMMLXIV
MMCXIV
1846
866
1579
832
1285
2866
1135
MMMCDLIV
CLXVII
MMI
MMDLXXXIII
MXXVIII
1007
MMDCLXV
MMDCCXLVI
MCDLXXX
MDLXV
898
844
3255
MMCMLXXXV
3222
1346
3271
3117
MDCCLXVIII
1773
DXVIII
3315
799
3765
MMMDCCCLIII
3327
698
MCDXLV
1836
3943
DCCCL
3555
3991
MMMDCCXLVI
MMMCMXXXIX
1318
MMCLXXI
307
1548
MCMXLV
MCMLXXIX
439
3829
MMDCCCXXXIV
MMMCCLI
MMDLXXX
CII
CMLXXIX
3347
7
MMMCDLXXXV
3268
2507
MMMCCXXV
MDLI
DCXXXI
958
3188
2883
3345
MMMCMXCVI
MMMCXXVII
163
92
797
2683
2420
3627
1180
2322
425
MMCDXXVI
3838
65
3290
1119
256
1843
MCDXCI
2909
MDCLXX
488
2170
MMDCLXVIII
MMMDLXXIV
3546
MMMCDLIV
2297
3214
3868
MDCCCLXXI
1850
2864
XCVII
3107
MMCLXII
2152
3043
700
CXXX
3375
MDCCCII
LVII
2952
708
MMMCDLXI
137
MMCMXLV
MDLIII
MMCCCXLIII
1097
MMMCDI
MMDCLII
MMDCCLXXIII
MMMVII
3890
505
MMMDCCLXXXIII
MCCCLXVII
MMLXXIV
1912
MDCLXII
MMMCMXIII
MXXVIII
2839
DCCXCVII
LXXXIX
MMMCCCVII
MMCXXVIII
MMMDCCXCII
MMDCCCXXV
CLXXX
MCCCXXIII
MMMCLXVI
MMDLXXXIV
MCMIV
3219
1253
MCCCXCIII
MMMDCCV
3627
LXXVII
3315
2656
MDXCI
CDXVII
1234
MMMCMLIII
3053
MMMDLXXI
MMCDII
1296
3032
MXIX
3228
2886
2390
2482
3789
CLXII
MCCXL
3609
1882
2618
1094
MMDCXCVIII
XXIX
MMCDLXXXIV
MMDCCCLXXVI
MDCCLXXXV
MLXXII
404
51
547
692
MMMCMLVIII
3087
3532
MCCXI
MMMCM
2800
XCVIII
MMMCMLVII
DCLXXIV
DCCCLXXXV
DLXXI
CDIV
3888
CMLIV
1235
MDCCLXXXIII
XCII
MDCCXCIX
DLV
MMMDCCCXXX
LVIII
1311
CDXLIX
1633
MDCLXI
MDCCLXXIX
2230
MCLXXXIX
MMMDLXXIII
1790
2069
2641
1398
CLX
MMMCDII
3595
MMMDCCLV
915
MMMDCCXVI
DCCCXIII
MMCXCV
MMDCCCXXXVI
1551
MMDLXXXVIII
669
MMCDXXIV
3611
MMCXII
MMMCDLXXXVIII
CV
MCLI
3428
MMDLVIII
3590
1568
2317
929
MMMDCCCXCVI
MMMCMLXVI
MDCCXXV
MMMCCXVI
3047
2137
MMMCDX
MDCCXXVII
MMMDCXXXVI
CCLVIII
1646
2970
387
MMDCCCLVI
1612
CMLXXXII
MMMCXX
260
LXXXVIII
3135
MMMDCCCXXVIII
MDCCLXXXVIII
1468
MMDCCCI
MMMCMXLVII
MMDCCX
3551
2982
1332
MMMDCCCXL
3484
442
CCVII
2392
2902
549
1380
MCMLXXI
2612
MMCLXXI
MMMCDXXIV
MMLXXXV
3217
2073
3726
MMMCCXXXIV
1616
DCLXXXVII
DCCCVIII
845
1143
ML
3090
MLXVI
23
CMLXXII
481
2652
2909
313
3860
1107
2003
MDCCXIV
MMMCXCVIII
338
104
642
MMMCCCXC
CDXLII
1434
MDCLXII
MMCDLIV
12
1132
289
3234
321
MCDLXXI
DCCLXVIII
1872
MCCCXXXVII
MMDCXII
2744
572
MMMCCXXVIII
3880
2138
2553
DCIX
1516
2683
CXXXII
DCCCXXXII
2955
MMMDCCCXXVIII
1251
MCVI
3580
2785
CDXV
2762
MDCCLII
MMMDCXC
DXXI
MMCCII
DCCXXV
CCCXII
MMCMXXVIII
MMCLXXXVII
MX
MMMDCLXIV
MMMDXCVI
MCCXLII
DXCVII
1580
MMMCL
DCXXXIV
3101
2384
562
MMMCD
CDLXXXIX
MCDXXI
CCCVIII
2830
MMDII
DCCXLVIII
MMCXLIV
MMMCDXXXIV
MMDCXXIII
1504
MMMDLV
DCCLXX
MXLII
MDXXIV
MMDCCCLXXIII
MMDCCLXXIX
MDXLVIII
MMMDCCCV
2453
MLV
128
CMXX
869
2010
MDLXXXII
MMMCCCLVII
MMMCMXCIX
1800
MMMCXXXV
3970
III
3279
MMCLXX
CCXXXIV
1163
3222
MMDCCLX
CDXCVII
2847
MMMLIX
MDCCXCVIII
716
3011
648
1370
1775
MMCCLIII
MCDXLII
CCXLI
MMMDCXCVII
259
CCLVI
2421
MMMXLVII
1571
MMMLXXVII
MDCLXXXIV
MMDLXXV
3808
DCCCLXII
3440
MMCXXVII
66
MMDCCLXXIII
2619
MM
3556
53
2530
3094
CCLVII
1326
CCCXLII
3169
2023
1780
1565
DLXXVI
CXXX
MCCCII
MDCCXLIV
MMCMV
1843
DXV
1883
2970
DLXIII
3526
MMCLXXIX
1845
3681
CL
MMCMXXVI
MMLXXXVIII
950
MMMCXXXV
CMVII
MDCCVIII
688
2523
2437
MMCDXXXVI
3820
MMMCXXXIV
XLIII
MCLXXIII
2475
CCCXLIV
1552
MMCCCXCV
MDCCXXVI
1647
3567
3781
2716
2890
MMCLXXVI
MMCCLXXV
MCLXXVIII
2337
MMMDXXXIV
MDCCCXII
MMMCXXIV
MDCXVII
MMCMXCI
MMDCCIV
3806
MDCCLXXXVI
1172
1
CLVI
3822
138
MMCXXVI
DLXIII
MDCCLXXXVI
1019
2571
MMCMLXIX
467
769
2044
MLXIX
DCCLXVI
DCCC
1989
2527
MMMCCXLII
2515
CLXIV
896
MMMCCCVII
365
1937
1522
2160
279
MMMDCCCXVI
MMMIV
1930
2212
3987
1774
MMDCLXX
819
MMMDCL
MMMDCCL
MMCLVII
MMMDCXLVII
660
CDLXXV
2126
2414
3791
MDLXXXVI
1274
MCLXXX
DCCCVII
MMCCXXXVII
MCCLXXXIII
MMMCXVII
MDCXXX
MMMCMLVIII
951
MCLXXVII
3861
2603
112
MMCCLXXXIII
MMMDCXLVI
991
1274
3260
1436
2008
MCCXXX
MDCXLIV
MMMCDXLV
MMDCXIX
MMMDCCCXCIV
CMLXVII
1191
573
MMDCXVII
1319
2946
2233
318
158
MCLXXXVII
MMMDCCXXX
MDCCCXCIV
14
2596
3414
MMDCCCXCVIII
CCCXI
408
3431
2735
1045
169
444
CXXIV
2976
CCCLV
MDCCLXXI
841
MCCCLXV
MCCCXCIX
841
MMMDCCX
MMMCCCXLIX
30
MMMCMXCV
MDXXXVI
MCLXIII
2106
2715
XL
MMMDXXXIX
3134
MMDLXI
1432
29
3052
3835
MMMCMXL
MCDLIII
MMDCCCXXXI
MMMCDLVI
182
MDLXVIII
1235
150
1692
MMMCCXC
MMDCCXCVII
MMMCCCII
3941
3882
624
MMMDLXXVIII
1475
1863
1178
MMCCLXXIX
MMMDCCCII
MXCI
MMMDCCCLII
245
DCCXXXVII
2685
MCCXIV
665
2093
MMMDCLVII
1204
3567
1172
MDCCCXLV
3430
MCCLXVI
3067
MMCCCXXV
CDXC
MMMDCCCLXXIX
MCVI
3189
1434
271
48
MVI
MCMLXXX
970
974
MDCLXXIII
2019
CLXXV
DCCLXXVIII
MDCLXII
2367
2090
3910
MMMDCCLXVI
3906
2782
3259
1368
3052
MMDXCIII
140
MMMXVI
MMDCCCXLII
MMCCCLXXV
DCCCLXXVIII
2839
3084
3740
1788
1387
MDCCLXXI
1147
DCXXIV
MMMLXIV
MMDCCCLXXVII
MCDLXVI
197
MMCMXXIII
3176
2218
40
1565
DCLXXIX
2051
1759
MMMDCCCXCI
506
1923
1668
116
MDCCCXXVI
1817
MMCCCXVIII
CCLXXIII
818
577
2750
3402
MCCCLIV
1626
MDLXXXIII
MMMCDLVIII
3464
704
733
3766
2332
MXXXIII
MMMDLXXV
942
2715
MMMDCCXXX
MCCCXCVI
DCXVI
MMDCXXXIX
CCLVIII
MMMCCCLXIII
1381
MCCLII
MMMCCCLXI
MMMXL
207
XIX
2167
MMMCXLV
2150
2921
3429
MDLIX
126
1441
MMCDXCV
859
MMXXVI
2026
2954
MMMCXXVI
MMDXIV
MMMCCCXL
MLXXXVII
MDCCCLVIII
57
388
MMXXV
1644
MMMDXIV
MMMCCLXI
MDCCLIX
MMCXXIV
344
MMCMXXXI
926
772
1308
MX
CMLXXX
MDCCCLXI
3132
MMCMXXXVI
3258
1877
MMCMXVIII
CCLXVI
MCLXXVII
1418
2572
CCCLXXXI
1477
1379
MDCCLXXXIII
MMCLXVIII
620
2443
2704
MDXXIV
MDCCXCVIII
1264
MCDXC
3971
MMMCXLI
1614
MMDCLXX
646
MMCMXC
3483
3767
DCCCXLVI
MCDXLIII
1419
1349
MCMLXX
711
2198
MMDCCXLV
2247
LXX
941
3926
3802
839
3054
MMMCXVIII
1086
3373
3133
MCCLXXXIII
MMCDLXXIV
2858
1849
MCMXXXIV
MDCCXVIII
MMDCCLXVIII
MDLXX
1238
CDLXXVII
3583
MMMCCXVI
2155
1929
MMMLXVI
MCDXXI
MMMCDLVII
2770
1642
MCCCLVI
578
DXCV
2820
2022
MDCLII
MMMDCCCLXXV
DCCXCIX
2812
2542
1835
MMCDXXXIX
2839
3385
1650
MMMCDLX
2793
2508
MDCCCLXII
2273
131
MMCDLI
MDLXXVII
3674
MMDCCCLXXXVII
MMCMIX
MCCLXXXVI
3503
160
DXXX
MLXXXVII
1407
MMCMLXXIII
484
2458
MMDLXXVII
3822
3388
1699
467
MMCMIX
2890
14
2777
629
CMXLV
MMMDCXCIX
3283
MMCLXXI
2299
606
2966
170
660
1862
2072
MCDLXXXIX
XXVIII
MMMCCCXLVIII
3772
MMLI
MMMLXV
CMXXX
1121
CCCLXXXVI
3194
MCCCIII
CDLXVII
2458
166
1434
MDCXCVIII
MMCXXVII
1083
318
1283
2962
2685
2782
DCCCXXXII
2356
1406
MMCDLXXV
1456
440
2773
MMCCI
861
1069
3144
383
3338
MDCXXXIII
CDLVII
3881
813
MCCCXXVI
MDCCCLXXXVI
MMCXX
3813
1131
1145
560
CCLIV
MMMDCLXXXVII
1793
CMLXXIV
MMCCCXXXII
MMDCCCXLVIII
384
1441
MMDCXIII
CMXII
1442
1505
1767
3125
713
3179
MMMDCVIII
2372
3471
MDCCLXVII
665
1633
3377
3122
MCMLXXXIX
2385
1790
DCCLXVI
MDCCLXII
2494
2824
3300
DCLXXIX
3064
3044
CCCLXXXV
1602
MDCXXIV
3041
DCCCXXX
MMMLXXXII
1022
3734
MMMDCCCL
3152
MMCMXIV
MMCXXXI
3991
1219
DCXXXVI
477
1717
3824
MMDLXVII
MCCLII
2593
MMMCXXXII
1995
MDCXLVI
3666
1272
1067
2910
3595
2842
2221
736
1367
MDCCXX
MMMDCCLXVII
3645
MMCCLXXII
1387
DCCLXV
MMMDCXLV
MDXXXIX
MMMDCCCLXVII
DCLXVI
2164
MMDLIX
MMCCXIV
2268
MMCMXXXI
2897
1938
1459
MMMXCVI
2487
MMLXXI
MMDIII
MMCXXII
228
422
3668
3606
1117
3599
DLXXIII
MCMLXII
2753
3509
MMMDCCCXCV
973
2223
MMMDLII
1813
1480
1656
MMDCCCLVI
MCXLII
MMCXXII
MMMDXCIII
DXCII
MMMCCCXL
MMCCXVI
356
2972
MMDL
961
1111
MMMDCXX
MMMCCLXI
DLIV
MMMDCCX
2655
MDCCXXXVI
2588
MMMLXIII
MCXXX
CMXLIX
XXXVII
MMDXXXIII
MCLXX
MCCXXIV
294
MMMCDXXVII
MMDCCXXX
3703
MMV
MMDLXI
1609
295
MCCCLXXVI
MMMCXIX
1508
201
2250
1487
1109
283
MMMCDXIX
CCLX
2653
DLXI
MMMCLVI
MMDCCXXXVI
1659
MDCCCXXVII
MMDCCXCI
DCCLIX
MMMCXCV
MMMDCCLXXXII
3263
CDLXXX
3814
484
3859
2935
MMMCCCLXXXVI
2880
885
2523
MMMCXLIV
CDXXIX
1777
1497
MCCCXV
1161
1847
3868
616
1512
MDXL
3741
2648
DCCXXIV
MCDXL
1118
406
MDCXLI
CDLXIX
1943
MMMCLI
MMLXXXVI
MCCCLXXXIV
MMCCCLXXVII
MMDCCCLXIII
1343
MDCCCXXII
3437
MMMDCCCXL
2481
CCCXXVI
CDXXXII
1366
MMMLXXIX
2847
3489
480
2008
MCXIII
MMCCLXXXI
2636
CCLIII
MDIX
MMCDLXXIX
CCCLXXIII
2097
2482
1496
MMCCXCIV
1500
MMLXVII
3017
MXCV
CCCXI
1706
3620
MMCMXVII
2210
MMMCLIII
921
3553
1930
3655
DCCCLXI
1415
2009
1941
633
937
MMMCXXXVIII
MMMCLXXVIII
DCXCII
MMCCXIV
MMCDXIII
3994
884
3936
1495
1551
CCXIII
1296
MMCLXXXVI
MMCII
CCCLXIV
643
713
MMDCCCLXVI
MMMCCCLV
3803
MCCXCI
MMCMXCVI
MMMCDXXXVIII
CCVIII
1272
CCVII
MMDCCXXXVII
2038
MMMCCCLXXII
MDCCCVII
MMDXCI
MCDXXVIII
MMLXXII
2448
MMMDCCCXXXVI
3814
3587
1909
DCCL
3889
1692
MCCXXII
2289
MMDCLXXII
3906
MCCCXLVII
MMCCCVII
CCCXXVII
CCCLIV
2784
1372
MMCDXXVIII
1101
MCMIII
2801
2045
2605
DXXVI
DXXX
MMMDCCXCVI
MCCCLX
CDXXVIII
1865
MMXLV
378
3313
2071
3977
MMCML
3362
1690
38
2564
MCMLXXXVII
MCLXX
289
CXXXIV
MMCCXLIII
3047
422
3292
DCCXLVI
CCCLXX
MDVII
3985
3357
MMMDCXXXIX
MXII
MDCCIX
2886
3751
DCCLVI
2563
429
MMMCCLXIX
MMCCIII
1140
1940
2140
1011
69
MMLXX
MCCIX
XLI
1905
MDCCXIV
3831
MMCDLXVII
CCCXXXI
1314
MMCXLIV
CCLVI
2570
1849
DLXXVI
1456
MMCLXVII
3737
364
742
MDXI
MMCXIV
3162
DCLXV
2311
94
DCCLXX
1711
MDCCCXXXIV
MCCLIII
1489
CDLXXXIV
1415
538
MCCLII
MMCCXXXI
XCVI
CCXXXII
1569
CCXLVII
XC
MMCXLIX
1639
MMMCLXVII
1085
MMMCXXII
DCCLXXXVI
3814
3393
2464
MCCCXIV
118
MMCXVIII
DCCLXXVII
2419
633
1257
59
MMDCCLXXXV
3223
MMMDCCCXVII
CCVII
MMMCXV
CMXXVII
3595
DCLVII
CCCLXII
MMMCCLXV
MDLXXXVII
CDXXIII
MCCXCIII
2334
MXXI
MMCCCXXVI
1978
CCXXV
MMMCDI
2904
MLXXVII
MCCLXII
2385
3310
MMD
MMCXII
MDXIX
2204
MCCLXXII
3264
MMMCCXII
MMXCI
MMXXVII
MCDLXXV
CXXI
MMXXI
MDCCCXXVI
109
1006
MMCXVI
MCLIX
504
MCDXXIX
764
DXCIX
CMXXIV
683
2540
MMXIX
646
1342
3736
MMMCCCLXXXIX
3461
MMMLV
MMMDCCCXLVII
1648
2459
MMCCCXIX
1460
MMMCLIX
1469
MMMDXLIII
2666
CDLV
MMDCCCXLIX
CCXCII
2157
1915
MMDCVII
1427
MDCCXI
180
MMDCCXXXIV
2906
DCLXXIX
CCCXCIV
MDXLV
XXVII
MDCIII
2745
MCCXI
MMMCMLXIX
MMDCCVII
MMMDCCXLV
2053
MMMDXCV
317
MMCCCLXX
3752
MMMCCXXX
3866
3025
MMMCCCI
3327
MCCCLXXXII
MCMXC
MMMDCXX
575
97
1828
2426
MMDCCCXLVI
1092
MMDCCCXXXI
MMCCCLIII
MMMDCC
2424
MLII
MDLXXV
MXCVI
MMMCDXII
MMCDLIII
2725
109
CDXCIV
48
1674
MMMXCII
MMDCCCXXV
2929
3951
611
128
MMMDLXII
MCDXVIII
2555
CCCLXXXVII
MDCCCXXIV
2917
1687
1176
3902
1053
650
MMCCXXIV
CCLXIII
292
MMCDXLVIII
CMLXV
3005
1173
2044
MCDXV
3554
1018
MXXXII
2723
636
2607
845
335
MMMCDXLV
MDCIV
CMXLII
797
509
2177
2166
1739
MMMCCLXX
2965
3543
974
LXXXVII
MCCXCI
MMMCXLIV
289
1389
MMMDCCLXXXIX
3896
3745
MMCCLIII
885
831
472
MMMDXL
MCDXXXVII
3899
MMMCMLXIX
MMDCXCIX
3264
1829
3087
1691
DLXXVII
1281
195
2065
CXLIII
DCCLXXIV
CLVI
3703
1946
1256
MMMDCLXXVII
CCCLVI
MMMCMLXIX
2923
MMMCCLXI
MDCCCXLVI
MMCMIX
MCDLXXV
MDCLXIII
1682
961
416
2825
3873
MXXXIV
MCCXIII
MMDLXXX
527
MCCCLXXVI
2593
1833
CLXXXVI
MCCLXVII
MMMCCCXLVII
1328
MMVII
MMDXXXVI
CXXXII
MMLXVI
CCCLVII
2573
3743
1284
DXXVIII
2725
1288
MCCLXXXIII
MMDCXLVIII
2986
527
MDLXXXVII
1763
CDLXXXIV
3560
1878
CMXCII
CCLXXIX
3423
1934
3956
MMMDVIII
MCDL
MDCXC
1136
815
2351
1561
200
MMCCLXIV
MMDIV
3949
1854
2416
MMMDCLV
MMMCCCLXXIV
MMCCXCVII
MCCCIV
MCMLXIV
CMXIX
3111
MMMCDXIV
183
MMMLII
MMMDLXX
MMDCCXLIV
3495
3900
MMDXCIX
1269
3257
MDLIV
3333
645
3479
CCCXCIX
MCCCXXX
452
MMMDXXXI
MCCCXXVII
3091
MLXXX
CCCXV
2841
1434
1393
DXLVI
MMMCCLXXXVIII
1492
MMMCDLXVI
MMDCCCLXXX
2209
MMDXXXVIII
3727
MMXCVIII
CCLXXXVIII
3122
DCIII
MCDLXXIII
3407
MMCCXV
MDCCLVIII
MDLXII
124
1781
3812
DLIV
1771
2537
MMMDVII
2506
MCCCXCVI
66
MMCXCVIII
980
MMMCMLXXX
MMCCCLXXVI
MCCCXIII
MMMDLI
MMCMXXXVI
DCCCLXII
1878
3244
982
248
MMMDCCXXIII
3418
113
MMCCLXII
1425
491
538
MCLXIV
MMCMLIII
927
MMMDCLXI
609
3154
3871
1512
MCCCXCVII
DCCCXCII
3656
MMCXXXIII
2220
2063
2822
MDCCVI
1721
441
XCVI
1652
MMMDCCCXCI
900
3357
MMDXCVII
677
MMLXXV
2892
MMMC
MDVII
DCLXXX
3031
2808
1481
MMCCLVIII
MMMXLIX
1452
MMMCCLXIV
DCVI
MMCCCXXXI
2061
MMMCMXLVI
1559
3913
MCCCXC
1073
456
1571
MDLXXXVI
488
476
2481
741
MMMCMXCVI
1930
1803
3452
2458
1753
DCCCXXXIII
MMCDXC
1095
CDLXXXVI
DCCCLV
CDLXXIV
226
1889
MMMCMII
1924
610
CXCV
MXXXIV
MMMCXCIV
MMDXC
1857
3236
MMMDXLV
530
3649
2598
1464
991
270
1379
726
MMCMLXXVIII
MMDIX
3775
3674
MMCMXLV
CDIII
MMDCCCI
MCMXCVIII
2208
MMDCLXXV
MMCDXIV
3252
MMMCXX
1299
3871
MMCCXVII
MMMCCXXIV
MMDLIV
1829
MMXXVI
MCMI
MCCCLXXVII
1365
681
DCVIII
3481
MMDCCCVI
1374
MMXCIV
MXLIX
1379
MMDCCXIII
CCCLXXV
MCCXXIX
CXXXVII
496
MMCCCLXVI
846
2361
860
268
MMCXLI
1039
274
DCXXII
1211
607
MMMCDXXVII
MDCCXLVIII
DCCCX
2196
1667
MXC
1557
3054
3811
2929
MCMXVI
MMMCCCLXXXI
1640
2105
MDCLII
2334
MMCCXCIV
1760
2620
MCDI
2130
MDCXIV
DCCCLXXXVII
1228
MMMCDIX
CCCLXXV
MDCCCXXX
DXI
1459
MMCDXLVI
1538
2093
MDXLIII
258
MMMCXCIV
MMMCMXLI
3679
MLII
3149
MMDXLII
1590
MDXVI
824
3363
MCCCXI
MMDCCXLIV
443
MCLXX
3364
MMDCCLXXXIX
MMDII
1004
MMCCCLVIII
DCLVI
MCCCLXXI
MDCCCXXIX
MDCCLXXXI
MMMCXLVIII
3033
MMDCCLXII
MMCLXXVI
1652
370
MMDCLVII
MMCXCIX
DCCCLIX
MMCCXLIV
MDCXVIII
MMDCCCLVI
560
CCCLXXXII
MMMXXV
MMMDLXII
80
2644
MDLXXXVIII
3265
80
MCLII
2253
CL
3405
1516
XLI
2824
2816
1746
1807
1009
DLIII
CXXXV
MDCCIV
MMMDCCCVIII
MMMDLXXVI
MMDCCLXIV
MMMCXCVI
2430
444
226
1338
DCCCXXXIX
MMCDXLVIII
479
3852
CDLXXXIII
MMCCCLIII
262
1033
MCCLXI
DXX
MCCXLIII
1131
260
3425
MDCXXXIV
1722
MMMDLX
1900
1285
MMMDXI
MMDCCLXXVIII
MMMCLXXXI
DLXIII
2559
MMMCDIX
MMMLXVI
3498
290
1603
LXIII
MMMDCLXXXVIII
MMMDCLXIV
MMDCCCIX
645
MMDCCLXXVIII
MMMXXVI
491
227
MCCCLXXXII
MMMCXIV
MMMDCCCLXXVIII
279
1548
873
3364
2853
MCCLV
2955
1104
2055
MCLXXXVIII
MMCCCXXVIII
3099
3412
2601
1338
MMMLXVIII
2465
3877
3673
MCMXXI
CXXV
MMMDLXXX
1464
156
659
1595
2401
MCCCLXII
379
MMMDCCXXI
MMDLXXXVIII
346
MMCIV
999
MMMDCCXVII
2165
1218
MDCCCXXXVII
2084
2425
350
1573
2602
MDCCCLXXVII
MCCLXVI
3563
MMCMLXII
2779
432
3174
MMMCLVII
2606
MMDCCCLXXXIX
1064
MMMDCCLXXXVIII
DCCXCVIII
MMDCCLXXXIV
MMMLXXIII
CCCXCVIII
2983
2626
MDCCXVII
2500
26
1162
3616
3678
DCCIV
MDXLV
1908
3651
MMMDCCCLII
1345
775
CDXXXIX
CMVII
1698
MMCCLXXXV
1613
163
2155
661
MMMCDLXIV
2107
1789
MMMDCIII
MDLXVII
2797
MMCXCVII
2011
MMMCDXLVIII
1044
MXCIII
DCCCV
DLXXIV
MMMDCXC
MMCDIV
760
MMMCDIX
DCCCXXXII
LXXXII
MMMCCLXXII
MMMDCCXLVI
MMCCCLXIII
2426
MMXXI
MCLXXXI
MCCLXIV
2365
MMMDXVIII
MMCCCXCIII
1885
2338
1763
963
2143
510
MMDCLVII
MCCCLXXV
1705
MMMCDXCI
MMDCCCLXVIII
MMMCMXIV
2637
MCMLXXI
2137
MMMCCLIX
DCXLII
2429
MCXLIII
3633
3600
3717
1620
MDCLVII
MMCLXXXII
241
MCCCLII
881
681
MLXXI
CCLXIX
2010
MCCCXCVI
MMMCCCLIII
944
CXXIII
MMMDCCXCVI
MXCI
506
MMMDCCCLXVI
297
MMCCLXXVI
MMMDCCCXLVIII
3861
MDLXXXIX
855
MCCCLXXXI
3313
2685
MMMCMXLV
666
MCDLI
2869
2981
3534
MDCCX
MCCCXLIV
MMCLX
MMMCXC
MMDXCIX
102
795
DCCC
DLXXI
1202
1578
444
1829
XXVIII
MMMCCCLXXX
192
MMMDXXXV
1473
CDXC
MMCCCXLIX
2817
MMCDXLIII
CDXIV
MLIX
MMMCXXXII
MMCLXXXV
2740
MMMCMI
2045
MLXXXVII
831
MCXXXVI
997
2103
818
1522
780
MMMDCCCXIV
1383
887
MCCXV
MCCXXVIII
2706
3287
CCCLXXX
2197
MMMDCCCXXXVII
3706
MMCCXLVI
1690
MMCCLIII
3709
MMDCCLXXIV
CCCXCV
MMMCXLVII
1244
242
149
MMMDCLXXIII
127
DCCXLVII
CLXXIV
DCCLXXVIII
734
CCXXIX
2276
MDCCCXXXIII
DCCCLXX
MMCMXIX
MMLXIII
208
3677
2835
MMMCCXLVII
MMMCLXXXIII
1544
581
MMDLXV
MMMCXIX
1482
2708
827
3606
3403
1382
MMCMXIV
3318
3529
MMDCXCIV
232
MMCMLIX
CCCLIV
MMDCCCXCVII
CMX
2196
1807
MMMCCCLXXXV
MMMCCXXX
2795
MMMDCCCXCIII
MMDCCLXXXV
3274
MMMDLI
3595
MMCMLXXX
MDLXI
MMDCLXIX
MMCCXII
MMCDVI
MMDCVIII
51
MLX
787
MMCCCLXXVI
MMDLXXIII
CCLXXIII
DCCI
172
MMXXX
3602
2439
MCCCLXXIII
1796
CDI
DCLXV
1066
2785
MDCCXVI
MXXXVIII
3009
3319
2642
1578
306
CCXIV
1304
3888
3190
235
MMMDCCCLXXI
DXLVII
CLXXII
3684
1737
1686
CCCXXXIII
MDCLXIV
963
2338
2205
612
MMDCCIV
357
3430
3116
3284
529
2118
1736
1185
3666
3342
3480
DCCCXLVIII
MMMDCCCI
448
837
MCCI
CCLXIII
MMCCLVIII
MCCCXC
861
MMMLXXVI
MMMCCC
MMDCCCXL
MDCLXXXI
3614
MCCCXXX
MCCLXXI
MDLVI
1563
XCVI
MMMCCLXXII
353
2889
131
MMCMXIV
1278
2607
1115
1184
2765
1910
2801
1230
460
MMMCCCLXXXVII
510
1725
3952
DCCCXXIX
14
MMVIII
1699
MMCDLXII
2472
DCLXV
MCCLXXIV
1824
1209
MMDXCVI
MMDCCLXV
2992
3471
124
MMDCCCIII
MMMCXVI
MDCLXXVIII
MCMLVII
3974
441
1694
2843
1764
1667
CCCXLI
MMDCCCXXXIV
1124
MMMCD
MMDCCCXXI
1540
CDXXXVII
1883
387
CLXXV
2756
DCCLXXXII
3992
2968
MMCDXVIII
MDCCX
1794
MMDLXXI
MMMDCCCII
651
MMCCCXLV
MMMDCXCII
2293
2228
444
MMMLXXV
1152
2107
651
3738
MMDCLXIV
MDCXXXII
3592
3807
2896
1591
MMMDXLI
292
MDIX
2435
MDCCCVIII
MXXXIX
1104
MMMDCCCLXXI
2942
3984
3891
278
MMMDCCCLI
2665
MCCCLIII
DCCLXIII
1907
DLXXXII
CDXXI
817
CXIV
2116
MMMDCCX
MMMCCLXII
MMXCV
MMDCXCVI
CMI
3475
MMDCCCXCII
MMCXCIII
MCCXLI
2018
DCCCLXXIX
1613
MMCCLV
CXLIV
MDCCCLXXXVI
3425
MMMCCCLXXXI
MMMCCXXVI
MCMLXXXI
863
2135
CCCLV
MCLXXVI
565
3702
1528
MMCCCXCIX
MVII
2934
2633
MDCCLXV
MMMXXXIV
MMCCXV
3285
CDXXI
DCCCLXXXVI
MCXC
635
3021
CMLXX
3236
MMMDCXVII
3186
MCCXLIX
MMMDCLXXVI
MMMCCXVII
2488
3500
3506
MDCCXVII
MDCCCLXXVIII
MDCLXXXI
2470
2743
CXVII
MMCCCLXIX
CLIII
MMCXI
2457
2090
MMDLXXVI
DXIV
2158
MVIII
3599
MMMCCCLXXIX
2034
681
3425
MMMDCLXXXIX
3939
2667
DCCCLXXXIX
1465
2615
3458
XXIV
3455
1469
1670
MMCMLVIII
CDLXXI
3785
3361
727
2305
CCXCIX
943
1490
MMCCLIX
681
DCCXXXII
MMMCCI
MCXCVI
1983
MMMDLVIII
MMDIV
3381
2715
2455
MDLXXXVIII
MDCCXIII
DCCXIX
961
3658
480
3451
621
MMMCDLXV
1594
2570
498
952
1866
MCCCXVII
2924
DCCCLV
MMMCXLVII
MMDXLIX
MMMCCX
MCCLXII
494
1304
825
CDL
MMMDLXXVI
MMMCDXIII
344
DCCXXII
MMCLXXV
1564
1477
MMMDCXXX
562
1825
MMCCXXIV
XXXIII
3138
2772
MMMXLVIII
MMMLXXXV
MMCMXIV
MMDLXV
344
MMMCMXLVII
3491
1891
900
MMCCXXXI
628
601
MDCCLIII
MCXLVII
MMDCXV
1365
MMCMVIII
1143
1598
2740
2711
MMCMLXXV
8
3786
DCLXIX
2107
1147
2044
MMCLXXXV
MCXLI
1056
MDXVIII
MCCLVI
MCCXXX
2721
1465
MXXIII
132
CCLIX
MCLXVIII
3362
CMXCVIII
2194
1044
3603
MMMDCCCLXXV
MMMCCLXXII
MCDXXX
290
688
MCCV
MMMDCCCIX
DCXVII
MCCXXIII
MMDXLV
3764
31
CLXIII
MMCCCXVIII
MCCXCIII
1428
MMDCCCLXXIII
1768
MDCLXI
MMDCXXI
1925
667
MMCVIII
MMMXCIV
MMMDCCXLII
2474
CDL
196
1859
1798
844
877
MMDCXXVIII
2458
759
MDCCCXXXVII
556
MMDCCLXXXV
MCCCLXXII
1515
MMMCMLXII
MDCCXXXII
3125
MMMCXVIII
MMMDCXLVIII
DCCXXVIII
MCCX
MMMDCXII
3486
771
CMLXXV
MMMDIV
484
2432
CLXXXIV
MDCCXIX
1628
MMCCLXI
MDCLXXXVII
MMMDCC
1635
860
MMMCLXXXII
DCCLXXVI
137
CMLXIX
2578
1374
MMMDCX
MCCV
2876
DI
1282
947
MMDCCCLXXV
1218
1218
1994
1769
2776
MCMXXIII
861
562
999
3667
MMMDCCI
MXLIV
MMDCLXVIII
CMLXVII
MCMLXXIX
MMMDCCCLXIV
MDCCLXXXII
MMDCCXXIV
MCCCXLV
3186
2356
1478
MMDCCXXIII
2958
DCCXLIII
2455
MMMCDXXVII
MCDXCI
MMMCMXXIV
580
MMMDCXXXIII
1786
MMLXIV
3636
751
MMDCXXXV
MCDXLIX
MMDCCCI
MMCMLXI
CCCXL
3521
MCC
506
MMDCCCLXXXV
MMXLIX
CCXCIX
994
2230
485
3522
MMMCDXXIX
MMMDCCCLXXVIII
MMMCMLXXIV
3521
MCCXLVIII
3670
2631
CDXXXIV
3328
1032
2258
LVI
2669
MMMCCCLXX
2736
3579
MCDVI
MMMDLXXXIII
2763
MMMCDXXVII
2383
MCLXXXII
1611
DCCCLI
376
643
1356
3117
MMDCCCLXXX
DCCXXX
1256
1696
MXXIV
MMMCCCLXVII
1559
1658
3027
935
2105
CCVII
3314
2679
1039
MMDLXXIII
3286
MDCCC
DCXVIII
3633
MDCCCXCVI
MMMCDLXXI
MLXXII
MCLIX
3807
1298
2254
1196
MMMDCLVII
238
CDLX
MMMCLI
2826
3809
853
607
1081
2604
LXXXIII
2867
2081
2409
3622
MMMDCCXCII
CLXXXVII
1089
MXXXIV
CCCLXXXII
2219
904
2995
MCDXLIII
MMCCCLXXIV
2718
MDCCCLXXIV
MMDCLXXXI
2185
MMCLXVI
MCIII
MMMDLVII
2450
1074
MDCCLXVI
MMMDCCCLXII
2092
2039
3856
2472
MDCCCXXIX
1257
MMDXXXVI
1747
3128
474
2495
DCCXVII
1702
1515
CXCII
MMMCCXLVI
DXII
2452
CDXLIV
MCDXXVIII
MMMLXVII
3636
MMDCCCXXXV
MMCMIV
3144
MMMCDXCI
MMCCCXLI
MMCCCIX
2110
2982
MMMDCCXLVI
DCXVI
2942
589
MMXXXVIII
CDIX
2329
MDCCLXXIII
DLXXXVIII
356
1849
1674
2993
MMMCCXXV
424
1227
916
MMMDCX
MXCVIII
2573
MMMCMLXXXIII
CCCXLVII
3658
3082
2357
MMCMVIII
MCCLXXXVIII
653
1875
2395
2166
MMDCXXX
MMMDCCCXXXIII
MDCXXVIII
3536
MMDVIII
923
562
1586
MMDCCLXV
MXXX
3519
1610
3231
3079
1840
MCMLXXXV
CCXXXIII
MDXXXIV
2724
MMMXCIX
1898
CCCV
3003
2294
MMCDLIII
MMCDLXXXVIII
1471
MMCDVI
MCDXXXI
2844
MMDCCXII
176
829
MMMDCCCXXVIII
MMCCCLVII
CMXXXV
877
MMLXXVII
DCCCI
MXLVII
135
MMMCCXC
DCCLXXIX
MMCMXLIII
MMDCCCXXIX
1557
MMDLVII
MMMDXXX
MMMCDLVIII
2654
1730
135
743
MMMCDIV
DCXIX
3400
MMMCXCIV
MXIV
XXI
3398
MMMCXII
MMDCCLXXX
DCCCLXV
MCDLXXVI
3770
325
DCXI
MMCCCLXXXVI
MDCCCLXIV
1124
114
DCCXXXIII
MMCCCLIII
2449
MMMCCLXXVI
MCMLXIV
MMMDCCXLV
MCLXXXIII
MMCDLXXXIII
1062
MCCCX
1939
MDCCXXVIII
CCCXCVII
MMMCDLVII
1090
3489
1740
CCVIII
MMCLXII
3390
CDL
DCLX
2264
2653
2130
1478
3902
1523
MDXXVII
MCCLXXXI
360
511
CDXXXIII
2196
MCMXXXIX
MMMDXXVII
549
1874
3624
CCCXCV
3087
MDCXVIII
2093
CDLI
MDLXV
3738
MMMCCLXXXII
1025
MCCXVI
MCCLXVI
MMMCDLXIV
135
CCXXI
3143
DCCCXV
MMMCMVI
3735
2715
2812
MMCDXX
1657
DCLXXVII
2190
235
1186
3665
MMMLVII
3156
3075
DCLXIX
MLXXVI
MCLI
3466
CMXL
3766
MLVIII
1381
MDCXLVIII
DCLXXV
2063
MCX
1308
MCCIX
3922
2098
DCCXCIV
CDXXXII
1357
MMMDXXV
1576
MMXLI
CMXXXI
482
511
MCCXIV
MMMCCCL
MMMDCLI
MMCCLXXXII
MCDXXVII
MMDCCCXC
MMMDCCCXXV
1654
MMMCDLXI
1992
530
MCXVI
MMMDXVIII
1179
MXIX
252
DCIX
1318
1618
DLXVI
DCCLIII
3271
3814
MMMCMLV
CMXX
391
MMMDCCLXXXIX
DCLXXIX
2997
1665
491
MMDXXIX
1469
MDCXI
MMXVIII
CCCXCV
MMMCDVIII
91
CXCIV
MMMCCLXXXV
MXVII
MCLII
MMMCMXVIII
MMMCDLI
1261
MCDLIX
MMMDLXXVII
2344
MMMXXXIX
1568
MMDCCLXII
MMCCCLXXXVII
2866
MMMDCCCXLIV
MCMI
MCCCXVI
MMCLXXX
MMMCCCV
444
MMMCMLXXVIII
324
2653
696
MDCCCLVIII
XXXVII
MMDCCCXXXVII
2108
3465
3589
MMDCLI
MMMDCCX
XLVIII
MDCXCIII
MDCLXVIII
3773
2918
MCMLXIII
1872
3170
3157
1090
DI
3504
209
MMMDCCXCIX
3279
68
MMMCDXXXI
CMVI
MDCLI
MMMDCCCLXV
MMCVI
3894
MDCLII
3771
1598
2682
MMMDCCCXCVIII
MMDL
CXCIX
DCCXXVIII
DCCXIV
2795
CXXV
2427
561
DI
MMMDXXIX
1593
CXX
2207
3006
1477
MCCLXXII
DLXXVI
DCCC
3286
MMCMLXXI
3363
611
DCCXXI
3471
120
2549
3829
1326
2993
MMCMXCIX
3068
2697
MMCMXXXIX
MMMDCX
3932
1183
2936
MMMDCCLIX
DCCCXCVII
2541
MMXLVI
MDCCCXLIX
1885
MXXII
DLXXIX
3401
MMMCCCXXXII
DCCCLXXXIX
3334
504
1620
2553
3083
3935
CMLXIX
3512
3460
1754
DCCLXIX
3408
DCLXII
CLXXVII
MMDC
MDXXVIII
3036
1236
MMMCCCXC
MMCDXXVIII
2594
MMCCXXIII
MCCCXXX
DCLV
388
MMMDCLXIV
CDXIII
378
MMMCXLVI
MCCCIV
323
3302
CMXLI
MLIV
3138
MMMDLXXXIV
3276
2641
935
3873
DLXXII
27
MCCCXLIX
LXXVII
2101
414
MMCDLXII
1465
647
DCCCXXIII
584
1924
1600
MCMLIV
CCLV
2444
3293
3609
MMCMXCV
MLXXII
MXXXI
2130
DXXXIII
MMDXXXIX
2174
MMMXXXIII
CCCXVI
613
1227
1468
1568
MCCCLXXIII
CLXXV
3732
MCMII
MMMCCXLII
MMDCCCVIII
MMCDXLIX
2647
3644
425
MMDCCLXVII
MMDCCCL
MDCCXLVII
MMCMLXXVI
3126
MMDCVIII
1675
MCDXCV
3079
583
MCCLXXV
2224
1946
MMDCCIII
DCCI
MMCDXIII
3169
148
MMMDLVII
517
799
2354
3273
MMDCCXCVIII
2559
MMDCCCIV
MMCDXXXVIII
MMMCXIX
MMMDCCLXXXIII
CMVI
2583
1316
2532
MCCCLXXXII
3107
3693
2548
1290
MMMCDXCV
CMLXXVII
MMMCDLIII
3419
MCDXXXIX
1124
MMMCCCXXXV
2031
1228
678
MMCMLXXV
87
2279
CCXXIX
MMCCCLXXIV
MMMDCCXXXII
1833
3094
1587
MCCLXXI
2165
1163
MDCCCLX
2395
1041
2061
830
MMMCCCII
CMXLIV
999
1123
2328
1996
CDLXXVIII
66
3853
3360
3673
MMCCXVII
1988
3214
2214
2910
MCCXXIX
MCCCLXXXIX
MMCDXXXIII
1986
3563
1657
CVIII
MDCCCXXV
MMDXXVI
MMMCDLXVII
2208
1459
MMMDCCLXXXVII
MDCCLXXXIV
MMMDCCCLVIII
3132
CMLXI
3286
2458
MMDCCCXIV
CLVII
MDCCCXLIII
MDCXCVI
2458
MMCMVIII
3212
2892
MDCCCLVIII
CCCXXVI
3655
MDCLXXX
2093
3573
CDXX
MMCXLIX
MMMDCXCIV
MCDXCI
MDCCXI
MMDCXLVI
MMCXIX
MMMCDLXXXVII
MMDCCXXIV
MCCCXCIV
MMCCLII
165
MDCXXXVIII
MMDCCX
MMDLXXVIII
MMDLVIII
3598
1456
CMLXV
3692
MMLVIII
MMMDCCCI
MCXX
3626
MMDXXII
1520
3764
3370
MMDCCLXXXIII
1113
MDCCXXXVII
3824
347
2005
3743
MMCLVI
MMCMXCII
2870
3962
MDCCCXI
MMMXV
1667
CCXLVIII
MMMDXXX
1404
1296
790
314
MDCCXXI
2863
2469
1980
612
3794
MCCCLXXXV
1973
MMDCCCXXX
2794
MCDLXIV
MCMLXV
297
289
MMMDCCVIII
DCCCLXXXIII
MMMCCCLXXVI
MMMDCXCIII
MDCCCXXVIII
CLVII
957
MMMCCLXXXVI
441
2226
2266
87
2141
372
XLVII
2312
2497
2677
1171
2064
1840
MMLXXXVIII
MMCXI
MMDXLVI
MCCXVIII
2824
MMDCCCXXIII
1237
392
MMMDCLXXXIII
MMMXXVII
754
1407
769
2855
MDCCCLXVII
MMCCLXXI
MMCCCXLII
MMMCMLXIV
MMMDXL
2704
2073
MCMXXVIII
MDCCCLVII
MMLVI
2231
XC
MMCMXXI
1420
MMDLXVI
MDCCLXXXII
3535
558
MMMDCXLIII
DCCIII
2895
3059
3035
MMDCCLIII
3673
3556
2355
CCLX
MDCCX
DCCVIII
3741
MMCMLVII
1827
988
2672
MMMDCXXXVIII
MMMXVIII
MCXXIII
1091
DCCCVI
MMMDCXCII
MMMDCLVII
MMCDLXXXVIII
1002
3845
MCIX
MCCCXX
2946
1650
1002
329
2383
MMCDXXXII
1288
554
MMCLV
MDCXCV
2704
324
MMMDCCCII
2109
MCDXXVIII
MMDCVI
CLXIX
CCCLXXXVI
1521
MCCLXV
MMDCCCXXIV
MMMCCL
MMMCMXCV
3575
MMMDCCLXVIII
MCLXXIX
3149
2590
DCCCVIII
MCC
989
3865
MDCCCLXXIII
41
MMDCCCXIX
CDXXV
MDCCCXIII
DLXXVIII
DVIII
MDCCCXXXIX
MMMCXIX
1344
2914
29
866
2453
XLI
3771
2048
MMLII
MDXCI
MMDCVI
3616
MXLVIII
824
2610
MMCCCXL
2054
MMDXLI
MMMXXXII
MCMXXX
DCLXXIII
1255
MDCCXLI
3992
3118
3735
MCMI
CCXCV
753
319
927
MMCDXVI
1376
871
2300
DCCCXIII
MMMCCCLXXXIII
3618
716
438
2035
XII
3798
MMCMXI
978
3098
3349
1827
MXCIX
DCCLXIII
DCCCLXIX
MMCCLXI
3419
MMDCXVII
581
550
MMCCXXXIV
MMCMI
DLXXXVI
MMMCDLXXV
MMCMXXXIV
MMDCCXLI
978
MCLXXXVI
2180
1412
MDXXXV
2041
DCXCVIII
738
1523
3860
1175
DCCCIX
MMMCMLXVIII
MMDCCXLVII
MMCCCXXX
526
755
2388
3996
1224
MMCLXX
MMCMXXIX
970
2823
MMDCXLIV
CDXXVI
2783
879
MMCCXV
CDLXXX
MDCCCIII
CCCX
194
1101
3162
1715
1502
1464
CDXXI
MDCCXCVII
MCMXXVII
439
CMXCVIII
1681
3413
2208
2794
CLXIV
MMCDLXXII
3049
2529
3535
2865
MMMCCLII
2929
MDLIII
3988
MDCCLXX
2225
3345
374
CMXXXV
MMMCDXCV
MMCDXXXIV
3653
3881
MCIII
1968
CDLXI
2469
MMMCLXVIII
456
MMMDCCXXXIX
3208
1094
MMCMLXVIII
3071
MMMDCCLXXVII
3749
3996
CMX
CMLXXXIII
3727
399
CCLXXVI
MMXXIII
MV
MCDLII
MDCCCXVIII
3585
556
322
MMDCXIII
MDCCCXXVI
MMMLXXVI
MCDLX
914
2350
DCCCLXXXIX
MCCCXLV
MMMDCCCLXX
1986
MMMVIII
MCMXXXVI
MCCLXXVIII
1081
2841
DCCCLXIX
LXXVII
DCCCLV
MMDCCCXXXVII
1315
1430
2164
MDXXXIII
2373
MXXXVIII
MMMDV
MMCDLI
1849
XCVIII
1181
MMCXXI
MMCCXCI
2309
2278
1538
MMDCXVI
205
895
MDCCCXXVII
2945
MMMDXXX
MMCDXXXIV
1974
1419
MCCCXXV
MMMDLXXXV
MDCCCXXXIII
43
1814
MMCXXXVIII
MDCLXXXIV
2198
MLXXXII
CCCXXXIV
3311
MDCCLII
3117
MMCLXVII
1973
XC
3694
MMMDCCXIX
2989
MCLXXII
MMDCCCLXXVII
MMDCCCVIII
MMMDCCX
MMCDLXXXVIII
CDLI
2335
MCII
DCCLXXVII
1561
MMCCCLXX
MMMIV
MMMIII
3355
1625
CCCXXVI
MDXL
2624
MMMDLVII
2117
1445
MMCDXLV
2158
242
751
2518
MMMDCCCXXXVI
3240
1974
2411
3042
1574
MMMCCXXV
1586
MMCCVII
DCCCXXVI
MMCCCLIV
729
2595
131
2824
CMLXXXIII
DXLII
1379
2195
2843
MMDCXLVII
MMMCCXLVI
3230
272
MMCDLXVII
MMMCDXXXIX
3947
3435
3721
1089
MCCCLXIII
MMMXVIII
3273
2184
1413
3321
2363
2223
1109
MMDCCCXCVI
MCCXV
791
MMMDCCVIII
3972
MMMDCCXXIII
MMMCIV
MDCLXXXIV
MMCXCI
464
MLXXVII
123
42
MMMIII
MCDXL
MMDCCCXCIX
MMMDCCLXXXII
MCXIII
3207
MMCMVI
MMCDLXXXIII
1987
431
3152
1913
MMLVIII
1002
1233
MMMDCCXXXI
2221
MMMCMIX
CMIV
MMCMXLV
CMXXVI
MMDCCLXXXIII
429
MMCCXLVIII
3571
2774
MMDCXCIX
1614
MMDCCCLXXXIII
62
MMMCLXIV
MMMCLXVII
MMCMLII
MCMLXXXII
709
MCDLXXVII
CCLXXXIX
MMCCXXIII
1826
1143
CCCXXXIV
3361
CXLVII
CDXXXIII
1771
MCCXXXV
MDCXLII
3331
3602
1678
2657
817
MCDXXXVI
MDXCVIII
2320
MMCLXXXVIII
MMDLXXXI
319
MCCXXXI
MMMDXCIV
MCDXCIV
1533
MMCLXXXIV
1590
MCCCV
CLIX
3474
92
MII
2604
MMMLIII
MDXXXVIII
MMDCCCLXXXII
3865
2706
796
3424
2097
MMMCDLII
3617
583
CCCLXXXVIII
MMMCDLXXXVI
MMMCCCLXIV
1296
747
MMCCXXIII
CCXXXII
20
CCCXIV
MCCCLXVI
486
1709
3646
1440
3849
MMMCMXXXVII
1501
1442
MMCCCLXXIV
MMMDCCLXXI
3294
2133
616
CCLXVIII
3843
CMXXXI
MMMDXII
MMCMLVII
MMMDLXXII
MCXXXIII
2193
MCXXI
MDCXLII
3401
2475
MMMCCVIII
MMCCXXXII
2591
MMDCLXXVI
1744
DXXXII
191
1935
MMMCCCLXXIX
MMMDCCLXXX
2541
MMDCCLXII
MCCI
1539
2607
615
1345
2532
399
1554
3629
MMMDCCCXVIII
621
DCCIV
908
536
808
2137
XV
1233
3193
3548
306
MMDXXVIII
MDCCCLXIX
MDCCLVIII
1391
136
MDLIX
DCLI
MMCMXVIII
1051
2180
2552
XXXII
205
3597
1427
2211
305
1353
759
2690
MCMXIII
3743
1965
MMMDXLVI
MCCLXXXIII
2326
MDCLXII
DLXVI
3322
MMCDXCIX
MCCLXI
952
1176
3671
CMLVI
DCCLXXXIII
1862
1987
DCCXXIII
MDLXXXIX
MMMCLXXXVIII
MMLVII
3031
MMMCDLXXXVII
MMMDCXC
1854
MDCLIII
3273
2078
MMMDCCCLXXVII
MMDCCCI
MMCMVI
MMLXIV
2743
2550
3459
CCCXC
MDCCCXLIV
1320
MCCXCVI
1050
MCDXIX
DXVI
MMCCXXXVII
MCMLXXXIV
MMMCCCXXI
MMDC
MMDCCLXXXIV
MDCLXXXIX
MCLXXXVIII
DXCI
1700
3461
2673
3567
2447
MMCDLXXXVI
MMCCCXX
MMCCXV
3025
2069
MMMCMVII
1765
CDLXV
2088
MMMDCLXXXIV
3813
3600
MMMCDXC
3435
3766
MMMCIV
XCIX
MCMLII
MDXC
MMXXVIII
MMMCXLVIII
3026
3323
CMI
1555
1137
1839
XXXVI
MMDCXXXVII
DCCXL
263
373
XXI
3347
MDCCVI
3665
CCLXVII
3609
MMMCMLXXXII
MCCCLXXXIII
MMCXLVI
544
56
MDCCVI
3996
870
MMMDCCXCI
321
1146
2285
MMMLXXXIX
3814
MDCCCLXXXIV
2884
214
1064
MDCCCLXII
CDLXXXVIII
MMDIX
3277
DXIV
MMDLXXXIII
MMDXIII
MMMDLXXVIII
311
CCCII
XXXII
MMMCCV
MCDLXXV
MCCXI
MMDCIV
975
DII
MMMCMXXX
MMDCCLIV
2412
3624
412
3323
MMDCII
288
MMCCCXXXI
293
MMDCCIX
MCMXXV
CCXLVIII
MDCCCXXVI
2588
3826
2349
MMCDXXI
2812
1341
CXVII
MMDCCXVII
MDCLXXXVIII
2147
MMMDCCCXV
3476
MCLXXI
3529
MMMCCXI
2636
MMDCCXXXV
DCCLXI
1237
DCXCI
MCMXLVI
CCCXCIII
DCXCIX
MMDCXXX
CCLV
MMVI
329
829
MDVII
3136
MMMDXIV
DCLXI
MMDCXXVII
MCCCXCV
3787
3617
MMDCCCLXXXVIII
MMDCXI
1277
MCMXCVII
973
MMMXXXI
MCXL
MMMDCCCXLII
MMMDXXVII
MDCXXXIX
3387
MDCCCLX
1994
1979
DCXXXIII
3993
MMMCCXXII
DCCXXXI
MMDCC
MCCCXCI
3904
MCDXC
MMDCCLXIII
MMMCDXCVIII
MMMDCLXI
397
43
2159
DCCXLIX
3445
4
MMDCCCLXXI
2954
IV
LII
1302
1782
225
2712
950
CCCXXVII
3063
MMDLIX
1333
MXXII
MDCCXXX
999
3712
1827
220
DCLXXX
MMCLXIV
2434
DX
MDCCCXXXI
1593
350
MDXII
MMCDLXXXIV
DCCXI
3155
MMMDCCCXCIII
1718
MCMXXXIX
3809
3546
2338
MMMCDLXXXV
2274
930
2959
302
MDXLVIII
3673
MDCCCXXX
3552
1866
MMMCDLXXII
MMDXV
1038
1155
2773
1585
CCCXX
MMMDCCCXXXVII
3384
1696
973
3103
MMMDCCCXII
MMMCDIII
2511
3461
MMDCXLVIII
3411
2561
MMCCI
MMMLX
CCVIII
166
MMCDXXXII
477
MCDLXXVI
2483
115
1841
MDCCCXLIX
MCCCXXXVI
3884
MCCXXXI
DCLXVI
2269
MMCMXXII
149
LXXXIII
MMCCCXXI
DXXIV
MMCMXXXIV
231
MCXII
3644
2988
MMMDLXXXVII
868
1759
1919
MMMXCVII
2360
891
678
MMDCXXXVIII
MMLXXV
MMMDCXCI
MDXXXVI
MMMDCVIII
MMCXLIII
3455
MDXLV
MMCCXV
MMMDLIII
CDXCIII
CMXVII
MMCLXXXIX
MMDCCCLXXXI
538
MMCDV
DCCXCIV
MMMDLXIII
2387
MMCCCXXII
CDXXVII
2190
3800
2805
2759
2732
2990
1950
3726
MMCLXXXIV
700
2401
1293
3610
MMCCLIII
MMCCCLXXI
576
MMDXXIII
2321
3402
1890
3026
3030
MDCLXI
MCMLXXVII
2409
CCI
279
MMMCMII
2963
CXC
MDCCCXLV
MDCCCLXXIX
MMCCCX
3370
MCLII
MMMDCCXCIII
LVII
905
MMMDCCL
MCCCXXIII
581
143
1353
957
DCCCLXXII
CMXLIX
2513
2516
CLVI
2064
1437
MMDCCLXXX
CCI
MCMLXXVIII
MMMCCCXXXV
MCDLXXXI
1829
878
383
1417
MMMCCLII
CMXXXV
MMMCCCXXV
MCMLXXIV
1009
DCCCXLIV
CCCXXIV
MXCIII
MCML
DCCLXXXVII
3748
145
2605
MMMDXLI
CDXCII
MMCMXLIX
2296
227
MMDCCCXXVIII
3856
MMCMXCII
54
234
2307
3171
3520
2124
3057
MMCCCXLVII
MCCIX
MMMCCCLXXXI
143
3795
MMCMLXXXI
MMCLXXV
1443
MMMCCCXXXII
MXXXII
918
MCCLXXI
MMMCLXXX
1478
2938
676
3049
MMCDLXIX
MIX
3288
618
MDLIV
925
2381
3898
CLXXXV
3232
1732
2639
3830
MMMCDLXXIII
XXXV
MCDXCIV
3204
3600
2285
MMMDCCCLXIII
1316
MCDXXVIII
CCXXXI
3351
2876
495
2313
1300
3635
2258
1691
3568
CDLVIII
MMXI
MMMCDLXXVII
2474
MMMCCLXXIII
CDX
MMMCCCXLVIII
3114
MCCLXVI
3036
MMMCMXIV
2047
MCMXXXIII
3513
CCCLXXVI
1926
3338
1605
MMMDXVII
MCDLXXVIII
MMMCCCII
MMMCMIX
MDCCLXXIX
2972
DLXXXII
100
MMCXXI
MCDXXXVI
2015
MDCLXXXIV
768
2020
3621
2898
1728
DCCXII
MMMDCCXLIX
3632
2368
1520
DCCCXX
25
XLI
MMMCCCXXXVII
MMCCLXIV
CCXXXIII
74
MMDCCIII
MCDVIII
1549
2725
CLXXVII
MMMCCCLXXIX
1792
MDCCCXLVI
2618
3305
1399
XCVI
1221
MMXXXIII
2145
MMDV
3651
2975
MMMCLXXXIII
MCXXXVII
MMDCCLIV
MMLXXXIV
1344
953
1069
MMMDXLIX
MMMDCCXII
1541
112
MMMCCCXLI
65
1834
MMMCLXII
MDCCCXXXIX
MDCXII
MMDCCIII
3928
1312
432
MMMCDXIX
MMDCCXV
1321
MCCIV
3746
MMLXXV
DCCLXVI
758
MMCCLXXXII
MMMCMLXII
MMDXXXVIII
MDCCCLXXIX
1334
743
MMDCXXIII
3161
3716
MMCXLVII
1163
DCCXCII
2737
MCXCV
2813
DCCCXXXVI
CDII
MCXXI
MDCCLVII
MMMCCCLIII
MMMXXXIV
3736
MMMCDXIV
MMDCCVII
2699
2074
3134
3736
3319
MMMXCIV
2287
1452
3246
1836
CCXXXVII
LXXVIII
MCI
3535
2362
MMCCXLIX
MMMDI
MMCXLIV
3353
2106
MMCCXXXVII
571
MMMCCXXXVII
MMMCDXI
2541
MCMXXXVII
2312
MMMCXVII
2899
402
3166
MMMCMXV
1192
285
3693
3247
MMLXXI
MMMDCXLIX
CXXIV
MMMCCXXXI
2499
3768
MMDCCLXXXIII
MMMDLXXVIII
MCXI
DCLXII
82
117
MMXLV
MCXLVII
2249
MMMCCLXXXV
1526
1612
800
1784
DCCC
MDCCLI
88
3729
2686
MMMDCCLXIV
1708
437
1126
MMDCCCLVII
872
1938
3557
MMMCCLXXVII
735
3719
1627
DCXXXVIII
3231
3816
MMCMLXXVIII
1940
MMCDVIII
MCDLXXXV
2359
3490
1322
MMCV
DCCCXXXVII
2290
MDCCCLXI
3802
XCVI
668
2792
MDLXXII
1268
474
MMCXXXV
1649
3284
586
MMXCVII
MMMCCCVIII
617
1656
1009
MMMCDL
3442
CMIX
875
MCCVI
MMDCCXVII
1166
MDCLXXI
2708
2231
343
CMLXXXVI
2782
CMXXVII
MMCMLXXV
3252
DCCCLIII
463
2204
15
MMDCCCXCVII
1981
1613
MCCCXCII
3159
2916
3246
CCCXCVIII
MMDCCLXXXIV
MDCCCXII
CCCXLVIII
DCXVII
882
MDCCXCI
2605
3816
MMDLIX
3812
3204
DXCVII
812
3881
370
MMCCCIX
2061
1785
MMCDLXXXIV
1842
MMMDXII
MMMCDLVIII
1968
MMCDXXXVI
872
143
537
MMCCXXVII
2518
2029
2496
MMDCCLXXXIV
238
775
519
161
CMXCIX
MMXC
2829
790
1701
MXIV
MDLXI
MMMDXXVI
DLIX
MMCMXXVII
1601
1755
CCCLXXXIII
3136
2184
MXLIX
861
1397
810
MDCCCLXXIV
1488
2474
653
2918
MDCC
MMCDXI
347
MMXCVI
MMCDVI
959
1740
MDCLXI
MCCCLXXVIII
DCCCXXXIV
MMMDCCXXXVI
305
CDXLVI
MMMDCLXXX
MMCXII
MMDCCLII
MCCLV
MMMCCCLXVIII
1973
MMCMXCVIII
3902
MMMCXXII
933
526
1142
3141
2886
MMMCX
2258
CLXVIII
553
MMMDCCXXXI
MCCCIX
3320
1661
117
228
3095
1871
MDCXII
3128
3456
1631
DXXXIV
2683
3880
1760
1166
1723
676
MMMDXXI
1609
MMCCCXXXIII
2279
3818
MMMCMXXVI
MMMLXXIX
1670
MMMCLXXX
CMLXXIX
1939
3743
DXCIII
1267
3932
3153
MMMCCCXVIII
CCLXX
DCXIV
1207
MCIX
MMMCMXCVIII
MMMDCCCXXXVI
1046
MMMCCCL
3735
91
2715
616
1524
MMCCLXXXII
LVI
MMCCXXIX
MMMCD
1129
XXXV
3984
2151
CCCXCIX
225
MMMCDVI
CDLXXXIII
3195
42
MMMCLXV
MCCXCII
3005
MMCDXXVI
MDCCXC
977
DCCXLV
MDCCXI
CDLXXXV
3640
MCCCXCI
MMMCXLII
MMCCCIV
MMMCMLXXX
MMMDCCXVIII
3177
2754
MMLVI
2442
1700
1821
MCLXXII
1193
MMDCCLVII
2420
1767
DCL
1644
2356
MMMCLIX
1827
1173
MDCXVII
MDCLXIV
MMMDCLXXV
MMMCCCXCV
CCCXCVII
DCCCXL
59
MMMDIX
833
2495
917
DCXCV
MMDCCCXXIV
MMMXCVI
MMMDCCCL
3663
MMMCLXII
400
CCCLXXXIII
MMCMXXVI
DCCCXLIV
487
783
827
MMCCXLIII
MMMDCCCLV
MMMLXXIII
1199
1539
2488
445
MMMCMXLV
1435
MMDCCCXII
MMCMLXX
MMDCCLXXXIX
240
3888
MCCXVI
CCCXXXI
MMDCLVI
185
1403
CDXV
MMMCCCLXXVII
MMDCXLVIII
MMMCDXCVII
MMMDCCXXVI
47
212
MDLX
1100
MMMDXLIX
3051
2182
CMXCVII
DCCCXII
647
1670
CDXXI
MMMDCLXI
2066
DCCCLXIX
774
1514
822
MMCCXXXIV
MMMXLIX
MCMXII
3477
3452
2928
MMCXCIX
2917
MMCCCIII
CCIII
MCCCLXXX
2780
I
556
MMDLX
3231
2174
MMCMLXIX
114
1597
1025
2078
1020
734
MMDLIII
1513
3079
MMMCCLXVII
2807
MMMXLIX
3783
MMMLVI
MCMI
MMCDXLIII
2583
MMMCMXXVI
MDCCCXLVIII
MMDCXIV
CCXXXIX
CDXXXIV
641
MMMDCCLII
MCCLXXV
MMMCMLVII
3677
XCVII
DLXXXIV
MLXVI
MMDXCVIII
MCCCXLIII
MMMCDLXXXVII
DCCCLXXVI
1150
MDCCXCV
DLXVII
MMMD
2634
MMMLXXXVIII
DCXXXVI
145
MMMXCVIII
DCLXV
MMMCMIX
110
CCCXVI
CXIII
MMMCCCVI
CCXCVIII
MDCXLII
MMMDCXI
MMCLXXXVII
CCLIV
MMDCCCXCVI
663
LXXXIII
CDVIII
MMCCLXXI
1468
DCCLXXIV
MMMDLXXXIX
1296
2815
222
XLVI
MMCCCXLII
2027
1912
MCCLXXXII
3216
1291
CXXX
CDVI
MMCDXC
MMMXXV
2212
MDCCII
522
838
MMMDCCLXV
MMMCCCLIII
MDLXXXV
3886
1777
2819
2148
MCLXXVI
MCCXCIV
DCCXVII
MCXLI
2583
1185
MMCDXCVII
XCV
3132
961
1977
MMCMLI
1922
MMMDCCC
MMMDLX
2800
1423
MMMCMXIV
3684
MMLXXXVIII
DLVII
MMMCCLIX
1236
2717
1826
XCV
3374
3952
DCCXLIII
422
1839
1203
69
MMMCCXLVII
MCMXLVIII
1920
MDCCC
531
CCCLXXX
MDCLXXXVI
MMMCCXX
DCCCXLV
MLII
2205
1103
3283
DXV
990
2878
2330
MMDXCIII
CCCXXXVI
MMCDXXIV
MMDCCXVII
MDCCCXXVI
MMMDCCLXXIX
MDCCCXXXII
MCCLXXIV
LXXI
1497
312
DLXXXV
1043
3214
MMMCCXX
930
3681
DCCXLII
406
3639
DCCXXVIII
DLXXXV
DCCLXXVII
3276
MMMCCXXXVII
CMXCIII
298
2958
2979
MMCCXLVII
MDCCCXXXI
3788
759
624
3789
MMCMXCVIII
2949
394
3634
756
166
226
MMMDCXXXV
972
3298
MMDCCLXXXVII
3776
25
MMDCCCLXIX
MDXV
126
815
3320
MMDXIV
MMCI
2579
3338
MMDCCCVII
CDXXXVIII
XXXV
MMMCCLX
1244
MMDCXXXIV
MCCLXXVI
1204
MMCCCXL
1891
1885
1771
2651
MMMXXXII
2000
2412
1680
3776
CDI
CCCLXXXIX
1329
3516
CCCXCIII
MDCCCLXXX
MMCDLVIII
1816
791
2278
71
1916
MCDXCI
3247
437
MMDLXVII
DCXI
MDCCXLIX
MXCVI
3293
DCCCXLVIII
MDCLXIX
2684
3322
MCLXII
1928
503
MMCCCLII
2721
CCCXCVIII
DCLXXIII
1440
3782
209
MMMXCIII
MMMXV
MXIII
MMMCDLXXXV
CCCIV
633
MMDX
MMMCCXIX
1076
2376
MCMLVI
2815
MCDIX
MM
MDCCCLXI
224
2229
1796
MCCXLII
3201
MMMCCXCII
3046
1077
2913
MCCCXIV
CMXLVII
1589
CCCXLV
MDCCCXL
CMXCVI
2734
816
MMMCDLXXXVII
3727
1796
3850
MMMXVI
MMMCLXXXV
MMCXCV
3696
MMMDCLV
MMMLXXXIX
1639
MMCDLXXII
3838
2919
CCCXLV
MMCCXVII
DXXXVIII
646
MMCMXCI
CXCIV
3407
3860
MMDCCV
2258
3763
MMMCMXLVI
970
1169
MMCCIII
85
MMMCLIII
3114
2599
532
243
MCMLXXIV
3794
MMDCXVII
MMMDCCCXIII
3286
MMDCCCXLVII
1890
2124
DCCXIII
LXXXIX
1746
MMDCCCLXXXI
MCCCLXXVII
CCLXIII
3909
DCCXX
DXIX
1936
MMMDCCCXVIII
CCCXCVI
2057
MMMDCCXCV
CCLV
3452
549
CXCIII
3561
2250
957
MMMDCCCXXXIV
3037
1689
3540
MMMCMLXXXI
3762
CML
1987
MMCMXXVII
MMMCXII
MMMXXIX
3160
2075
1272
DCLXI
MMCDXL
1242
MMMDCXVII
3461
MMMLXXVIII
1026
CCCLV
313
MMV
400
MCCCLVI
3114
3773
DCCCLIX
3712
MDCCLXII
MMCLXXXIV
2685
1273
CCCXXX
MMMCCLII
3633
MMMDCCLXXXIII
MCCLXXV
MMDXLI
3945
MMMDCCCXCIX
3913
MMXCIV
2999
376
MMMDLXXXIV
LXIX
3810
1240
454
CMXXXVII
MV
3314
962
MMMCCCXLVI
1778
2466
139
MMCMLVII
1178
3414
1628
MMMDCLXXVII
2124
MDI
MMMCCCXLV
MDCCCXLVIII
CDLIX
MXCVI
MMCMLXXIX
1331
MDCCXXIV
3858
MMMDCCCXCVII
3035
3503
2751
DLXXIII
MMLX
648
MMMCLXXX
MMXLIV
1618
MMMXX
3241
1120
CDLXXVIII
MMCCCXCV
3717
3699
1047
266
1793
794
862
MMDIV
MMMCLXXVIII
CXXIII
MDCLXVII
2739
MMDCCVI
1514
DCCIV
MMMDCCCXXXV
MMCDXXVI
2778
1583
1812
MMMCCCLVIII
1328
193
1609
147
257
DXV
891
584
MMDCCCXXVII
3697
CCCLXXXV
3251
849
LVI
MDCCXXXII
MMCMXXVII
342
3452
1474
MMMXLIX
2251
1766
3785
MMLIX
MMCDL
3759
MMLXXII
MCMXXX
MMMCDXX
695
DCCXLI
MMCXIV
MMMDCXC
MMMCCCXCIX
MMDCXIII
2476
766
MCDXVII
MMDCCCXV
MMLXXXVII
MDCXXXVI
3558
MMMDCLVIII
2600
1016
MMDCCLXXIX
2254
1626
762
1018
MMCMLIX
1433
DCCCL
CMXCVII
585
1743
3091
2604
MMMCDVII
2488
2531
2731
1883
DLXXXVIII
MMMDCCXIII
1803
3749
MMCXXVII
3306
3054
MMCCCXXXIX
3281
297
CCXXXIV
DCXIII
3715
CDXLVII
2384
MDCCXXIV
1445
3877
3741
196
3993
MMMDCXLIV
MMMDCXX
MMMCMXXVII
MMMDCCCXVI
MDCCCLXXVIII
MMDCIII
1809
MMMDCCXLIV
633
DXIV
3411
MMMDCX
MMCCCLXX
3694
1330
DCCXVIII
1081
DCCCXVII
1392
2579
2160
CXXXVI
478
459
3271
2492
341
MMMDCIX
MMMCCCLXXXII
DCXIII
848
CXXVI
MMMCDLXXXVIII
MCDLXI
MMDCCLXVI
MMCXCII
DXLVIII
3743
MMDCLXV
444
MMCCXXVI
295
3988
302
MMLXXXIX
350
DXXII
1808
MCXCI
3799
3936
202
1497
MMMCCCXXIV
MCDXII
2956
2973
2839
2662
MMDXXIX
3884
1976
MMMCCCLXXV
MMMCDXCII
2205
MMMDCCCL
3564
MDCCLXVI
LXIX
DCCXVIII
MMCMXXXI
CMV
MMDCCXLVII
2582
856
MMMCDXV
MDCCCLXXVII
CCXXXV
3704
535
MVI
1137
1038
3621
DCCCXXXVII
CDX
MDCCCLXX
MMDCCCXCV
1875
2375
MDLXXIV
CCLVIII
3586
DC
DXVI
2385
MCDXXXII
3251
1451
MCLXXXV
MMCCCXCIX
MMMCMLXIV
MMMCCCXVII
18
2472
3766
268
3062
2227
3228
1531
2641
703
MCCV
1543
DXCII
MCMLXII
MMMCCCLXXVI
3329
2205
CDXLVIII
3035
1753
3801
MCMXVI
XXVI
MMMCCCXVII
1700
1258
2132
2140
CCCL
DCXLI
MMCCCLXII
778
3022
MMMDCCL
595
MMMDCCCXCI
MMDCCIX
96
CDXI
MCDLXXXI
3001
935
2383
II
100
2975
1392
MMCDXXI
1789
MMCDXCV
2405
1446
MMMCLXXXVI
3643
MMLXXV
1699
2335
1915
1939
163
MMCCCXXXVII
MMDCCXCII
MCMXXXIII
1924
DCIV
MMDXLIX
2253
MMMCCCLXXXVIII
CCXCV
MMMCDLXXVIII
1732
MDCCXXXVIII
MMCCCXXXV
811
751
MCMXXXIII
MMMDXCIX
2326
2959
CDXXV
2028
2711
MDLXXII
CMXIV
LXIII
1926
MCXCIV
1783
MMCDLXXXVIII
3142
2762
1198
984
3740
MMCDLXXXIX
3552
2651
MMCCCLXXXIX
MCLXIV
1087
DCCXXXVI
MMCLXIV
CMXXI
MMMDCCCXCIX
MMMCCXIV
3387
1222
1855
3274
3284
3853
DCLIII
MCMLXXIII
2247
MMCDLXXXVI
MMMCCCLXV
988
294
MLVI
3431
MMMXL
43
2250
DXVIII
3591
2944
MDX
CCCXXV
3533
1701
DCCLI
2300
2143
3298
CDXIV
2061
562
LXXV
MMCMXXX
1417
MCMLVII
MCMLXIII
MMMCDL
2515
MMDCCXLVI
MDCCXLV
MMDLVII
CMXXV
1272
CCCLXXVIII
703
3690
2982
324
MMMCCLXXXIII
3571
3208
CMLV
1318
MMDCCCXCIX
MMMCXIV
2242
CCXVII
3458
1859
MMMXLVI
MMDCIII
3521
1885
1120
MDCCCXCIII
3368
1596
2290
DCCCLXIX
MMMLX
MDCCLII
MLI
3262
2358
MMCDXLIII
DCCXXXIX
XXI
1452
MCCLXVII
MCMXL
2979
3131
MMMCMXIII
MMDCCCII
MDCCCLXI
MDCC
1126
MMMDCCLXXXVI
MCCCLXXXII
220
CCLXXXIII
ML
MDCCXXXVII
MCCCXXXIV
MMMCCLIV
1055
206
MMCMXCV
494
2732
MLXXIII
DVIII
MMDXCIII
2321
1114
689
2896
521
CCXXXI
108
MMMDCCCLXXIV
MCCCIX
MMCXXVII
MCVII
2821
1874
849
1951
MMMCVII
2268
2005
MMCXC
MMCCCXXIV
2589
XLVII
MCCCLXXVIII
849
MMMXXVII
3913
1529
MCDXXIV
MMMCMXLIX
3543
3161
MMCCCXXXIX
MMDCCLXXI
DCCCXCVI
MMDCCXXVI
44
1034
MMMDCI
2042
MMMDCII
DCCV
3574
MMMCMLXXI
MMMCCLXVI
CCCXCII
1183
MMMCMXC
LXI
MMDCCLXXXI
MMMCMXLVI
MMDXXVII
MMMCMLXXIX
537
VIII
LXI
3899
727
66
3983
98
863
272
804
MCCXLI
MMMCDXXXII
CDLVIII
540
MCMLXIII
MMMDCCLXXXIV
1089
2625
CCXV
2060
MDCXCIX
1282
MMCXCVI
CCLXXIII
3053
3514
MMCMLXIV
1989
2628
MDLXIX
120
MMDCXCIII
2172
MMDCCXCV
193
MDXLVIII
3132
3967
1904
CCLXXVI
MMCCLXXVII
MMMXXXVIII
DLXXVII
1979
3267
CCXXIX
MCCCLXXXI
MMMXVI
CIII
1035
1778
MMMDCLXXV
MMCCCLXXXVI
MMMCDVIII
3407
CCXXXVIII
1287
3183
1807
3261
MMMDCCVII
819
DCXXXIII
3852
DXVIII
MMDXX
398
3488
DXCIX
MMMLXXXII
MDCCLXI
DXLV
1976
MMCLXXIX
2659
MCXCVII
MMDCCCIV
MMMCDLXXXIV
2424
MMMCMVIII
MDCLXXIV
1053
MMMLXXXVIII
MMMCCCXXXVI
MMCCCLI
MMMDCLXXIX
371
MMMDCLIX
MMDCXIII
2132
CDLXXXVII
MMMCXCVII
704
DCXI
MMDCCCLIX
215
MMMCXLIV
DCCLII
MMXVII
CXXXIII
MDLXVIII
DCCLXXVI
970
MMMCDLIX
MMCCCLXIX
DCCCLXXII
MMMCMXLIX
MMDLVIII
3944
DLIV
2701
461
MMDCCXVII
MMMDXC
2572
MMDCCCLXVIII
CLIII
MMCDXXXIX
3642
2382
MMCMXLIV
298
MMMCCCXXX
523
MCXXXII
1842
2493
DCCCLXXIII
2922
1455
3433
MMMCCLXV
MMMCCLXV
DCCCV
MMCCXXXIV
MMDLXV
544
MMMDCCLXXIX
1704
862
MMXCVIII
3737
XL
1249
2744
MMMCCLXII
MMDCCXCII
1163
MMCXX
3324
3364
908
1880
MDCCXXXVIII
1835
MDCLXII
3379
669
1015
3130
MMMDCLXXIII
356
MMLXXIV
CDLXXXIX
1841
MMMXLVII
2909
2598
MMCDXCI
DCCLXVII
2639
MMCXI
2410
MMCCCIX
3332
2392
MCCCXXI
971
MLXXXV
356
819
2338
1569
578
DCCCXIII
CDXIII
1968
MDCLXXVI
MMCCCXC
MMDCCIX
3813
3020
MMMDCLXXXI
MMCMXXXIX
CCCXXXVII
1085
MMCDX
CCXXIV
DCCCXXI
MMMCCCXCV
3358
2461
DCXXV
1741
CMXLV
2119
693
CDLXX
2895
3963
3207
3287
596
3019
MMCCCXVIII
CMXXXIV
3541
2144
MMDLXXXI
MMCCXLIX
MDXCIII
2306
MMMCCCLXXXII
963
1494
1764
MMMCCXCIV
1374
2618
MMMCCLXXIX
2318
MMCMLXXXIII
3160
CCXXXVIII
1056
930
MDLXXXVII
MCCXV
MMMDCCCLXXXIX
3764
MMCDXCIX
MMMCCCLXXIX
DCCC
MCDLXXVII
MMCI
1727
CDL
MMMCCLVI
2020
2461
3772
MCCCLXXII
851
MMMCXLII
CMXXIV
1234
MMMCDIII
2072
2844
MCCCIII
1374
2153
CDXXVII
MMMCCCXVIII
3348
36
3048
2477
1294
3972
3847
90
MMMDCCI
CMLXXIII
2444
1132
LI
MMMDCCXXXI
1579
3278
500
1742
MCLI
1343
128
MCXCVI
MDXII
255
2559
MMMDCCLIII
CXXXI
LXXXIX
MMCDXXXVII
3821
MMMCDXXX
2293
372
DCCXV
MMDCCCLXXXIV
DCVI
MMMCCLXXXVI
MMMCLXXIII
DCCCLIII
3925
1536
2244
2889
2536
DCCLXXVI
1191
3363
3777
MMMCDLX
3111
MMCX
3869
MMIX
1491
MMMDXLIX
XV
960
MDCCCLXIX
2608
245
1229
1808
3599
835
2419
DCCCXXXVIII
626
MMDCCXXXIV
2511
3002
1229
CCLXXXIX
3652
MMMDCLXIII
CCLXV
2534
MCMLXXXV
MMMDCCXXXIII
2403
CDXXX
1578
3654
MMMDLI
3369
MMDCCCL
MMXV
1265
MMCXXXIV
MMDCLXXXV
2158
757
2377
3506
123
MMCDXXXVII
3708
417
2469
477
CCCXXX
MDCXVI
947
MMLXXXI
2345
MMMCMLXXIV
MCCXLII
MMMCCCLVI
MLI
DCCCIX
MMMDCCCXXX
1641
DCCXC
MMMCCLXXXII
MMMLIV
MDCVII
2308
1188
1621
2525
MMCCXLVI
1249
MMMDCCXXXIII
DCVI
1788
1594
MDCLI
396
2089
MXIV
3253
3936
MCCCIV
MMDCCCLVII
MDCLXXXIII
2560
MMMDXII
159
2244
436
MMCLXXIII
1124
MDCXC
3961
672
MMMDCXXVI
MMCXXXIV
2196
MMMCDXLIV
MMDLXVI
1321
3000
MMMCMLVII
DCXXXI
3832
1840
XIX
MMMCCI
2146
CM
MCCVII
858
XC
459
MDIV
DXXXIII
MMMDCCCXXV
1325
CMXXXII
MMDCCCIII
MCDXXVIII
MMMDCCLXI
1018
DLXVII
MCCLXXXII
3274
MMDCLXIII
2100
856
MMMDCCCLXXXII
CXVIII
1952
1197
MCCXXV
3710
MCCCXL
442
MMDCIII
CCLXV
1569
2548
1646
MMDCCCII
3818
653
583
MMMCDLXXXII
MMDXCI
MMDXXIII
CCCLI
3047
MCCLI
1024
MMDCCLXXV
MMDCCL
MMDIV
2710
3993
235
647
402
3936
685
MMMCMIII
2871
3304
MMCLIX
2756
2843
MMCCXLIV
MMMCLXXVII
MMMCMLXXI
2380
MMMCCLVIII
MCMXLIII
2126
1865
MMMCMXXVI
2355
MMCDLV
MMMDLXXIV
MMMCDXLVIII
2646
572
MDCCXLV
3899
206
MMMCDXXXV
1542
MMCXV
MMMDLV
2350
MCCXII
193
MMMDCCCII
MCCCLIII
MMMCLXXX
538
MMMDCCCLXXV
3089
608
2312
500
MMCDLXXXVI
3099
MLXXXVI
1925
MDCCCLII
MMDXXXV
MMDCLIX
888
MCCCLV
3276
MMDCLIII
1140
3066
1817
MLXXVI
1425
LXVII
MCCCXXXVII
2542
DXXV
MMMCCLXXXVII
MMMDXXXVIII
3272
MCMXXIX
DCCLXIV
MMDCLXXXIX
MCMXXXIX
3137
394
MMCCCXCIX
MMMCDLIV
MMMCCCLXIII
3497
2736
DXCII
MMDCCLXXVI
872
3068
MMDCLXXXVI
2466
1928
MMCCCLXXXIX
854
1338
709
MMDCCVII
3210
2674
MDCLXXXVIII
CCCXVI
MMMCDLXXIV
MMMCCCLXXXVII
908
MCXII
DXLVI
MMDXV
1662
675
MCLXXXII
MCMVIII
CLV
3645
2994
1449
1397
DCXCV
MCVI
2507
MMCCCXCI
DCCCXC
MMMDXLIII
483
584
MDCCCXLI
3301
MMCMXXVII
MDCCCXII
CMXXIII
MMMCXLIII
3219
331
LXIX
MMMDCCLXIX
3166
MCCCLX
MCDLXIX
2678
887
2067
1436
2176
2113
CLXVII
342
2308
DCCCLXXIV
MMMDCXVIII
1152
MMMDCLXXX
3758
MDCCLXX
MMMLIV
2621
1854
MMCXIV
1534
MMDCXXIV
MMDCCXXXIV
2499
MMMDCLXVII
1289
MMMCXXVIII
1625
MMMCCCLXXXI
3662
CDXXXII
MMCXXX
MCCCLXXV
MMDCLIII
CCXLII
1734
MMCCLI
737
3232
3876
MLXXXIV
3448
1646
1884
MMMDCCCXXVI
MDCCCXXXII
1051
170
MMDCXLVII
MXCVIII
548
793
MMMCCXXII
2829
72
MMDCLXXXVII
DCCCXX
MMCCXIII
1881
1745
2108
MCDLXI
MCIX
1836
XXXI
1485
MMCCXXIV
MDLXXIX
999
935
MXLVII
2373
MCMLXXXIX
2786
455
18
3598
MMMCCXXXII
MMCXLIX
MMCCXIV
MDCCXCVII
MMDCCLXXXVI
MMCMLIV
3790
MCDXX
1019
722
1780
1820
3552
816
669
CCXIV
MCCX
818
MMMCCXCIII
MDXXIX
3946
MDLVI
CCCVIII
1911
MMDCLXXXVII
MDCCIII
MMCLIX
3043
3127
3048
DCXXIII
MMDCLXXXV
MMDCXCVI
MMMDLXXIV
410
MDCXLVIII
3978
2433
CCLXXII
MXXX
1759
MMCCXXV
3975
3845
63
XIX
MLXXIX
3099
CCLXXVII
MMMCCCXLI
MMMDCXII
MMMDCXI
1171
MMMCLXXIII
1887
2198
MMMDCCCLXXXIX
DLXVIII
MCMXXVI
1107
3445
MMLXXXIV
DCCLXXIX
1200
3464
1225
3886
1559
2089
2875
3124
3669
MMMCDXLIX
1847
MMMDCCCXIII
DCCCXII
DCLIX
XV
MMDCCXXV
CCXXVIII
DLXXXVII
CXCIII
2268
1997
DCLI
DCCCXXXVI
3915
MMMDCXXXV
1482
231
770
3565
2768
MCCXLVIII
DCCLXII
3610
1746
MCMIX
DCCXXIX
CMXXXIII
MMMCCLXXXIV
2538
CCCLXXIV
355
1236
275
MMMDCCCLXIII
1475
2002
3515
MMMCDXCIV
3363
6
MMCCLXXXVII
MMCCCXXXIV
3551
212
1720
MDCCCXX
MMCCXXXIII
2148
2881
MMMDCCLXV
MDCLVIII
DCCXXXII
1175
MCLIX
1448
1476
MCCXXVI
DXLVII
MMMDXLVI
MMMCMXCIII
CMLXXIX
DCCCLV
490
DCXIX
MMDCCXCVIII
152
MMDCCLXXXIII
MCCXXII
DXLIII
CCC
DCCCXXI
3570
MMMDCCXCIV
MMMDCCLXXXVII
3511
XXIV
MVII
MDXXXVI
423
1777
CCCXCIV
555
C
MMMXX
3853
MMDXL
1307
1738
MMMDCCLVIII
MMCDLXXXV
MMMDCCXLI
684
2121
MDCIV
3163
3017
MMMCCII
DCCLV
33
545
MDCCLXXI
3098
3549
3495
1556
1706
2871
1664
2425
2354
MDXL
CDXVIII
2826
3519
2947
2190
CMLXXVIII
MMMCCCVIII
760
2597
DXIII
1692
604
2374
MMCXVII
965
2934
1089
312
2437
MMDCCCXCIV
DCCCXLV
1036
MMMDXXVII
MMMDCIV
MMDCCCXXXIX
2084
3939
2171
3303
XXXIX
MMMCMXCVI
DIII
873
MMDCCLXX
650
MMCCCLXIII
MMMDCXCII
MMMDCXCV
MMMCMLXXIX
1716
DIII
MDLXXXI
62
MMMCCCXXXIX
MCCCX
MMDCCCLV
1328
2045
3198
CCCXXVI
MMDCXCV
2232
MDCLXXII
MMMDXLII
1508
289
MMMCXXXI
DCCLXXVII
187
MDIX
MMLXXX
787
MMMDLXVIII
MMMCXXXIX
1960
DXXXVI
MMCDLXXII
CCCXCVI
1804
3612
MMDCCLXXIII
2991
2903
1954
1640
1951
MMDCCXXIII
12
3513
DCCXXIX
2454
2389
MDCCCXCIX
2193
MMCCXLIII
MMDCCCLXXXVII
MMMDCCCIV
700
MMMCDLXXXV
MMCDLXI
MCCVI
2178
MXIX
MMMDCII
985
MDCCCLXVII
2242
2171
568
1966
MMMDXX
MMMLXVII
1864
830
1199
MCCCX
2077
MMMCCCXLVI
2278
237
MMMCDLXXXVI
MMMXIX
DCXV
937
1043
MMXLVII
1060
369
CCLXXXIX
2047
MMMDCLXXXIV
MCDLXV
MMCMLIV
2344
429
1687
MMCXCVII
1597
3689
MMMCMVIII
MCCLXX
1433
MCCCXLVII
MMCLXI
3470
1833
3199
MMCCCXXX
MMDCLXXXVI
274
2992
340
2063
MMDCCLXVII
MMDLVI
MMDCLXXXII
MMMCDXCIV
MXIII
MMMDCCCXXVI
2870
MDCCXXIV
163
MMMCCXVII
CDIII
MMMCCCLXXVIII
3737
428
MMDCCCLVI
CCXXVII
DXXXI
CMLXX
3928
2812
2364
3190
DCCCLIX
MDCCXIII
X
MMCXLI
3411
3922
DXXVII
2989
CCV
MMDLII
MMXLVIII
3388
1354
2698
MXXVI
1382
1457
MMDCCCLXII
MMMDCCLXI
MMMCCLII
MMMCXXXVI
MMLXXI
3246
3663
2363
3759
2810
CII
3978
1034
MMMDCCCLXXVIII
1042
MMMCCCXCIV
MDCCLXXVIII
MMDCCCLXIX
2216
1867
2667
1603
MMDLXXV
MMCCLVIII
889
3598
3344
2000
3941
3826
MMMDCCVIII
1798
3699
MMMCCCLXXX
2038
MMMCLXXXVI
654
CMLXI
MMCMLXXXV
MMLXXVII
886
2902
3541
MMMCMXIX
2403
2023
MMCCCIX
1312
1294
MMMCMLXXXIX
MCCXXX
CMXLV
2810
77
MMMCDV
786
MDCCCLXXIII
MMCDL
1291
CCCXLIX
DCLI
1657
3513
3564
986
MMMCLXIX
MMCDXLIV
794
556
560
716
MMDCXCV
MDXCVII
2433
3502
MMMCCLXXXVII
3769
MMDXXVIII
3288
MMMCCCLXXVII
MMCCCLVII
MMDCCIV
CXCIX
503
MMMDCCXVI
1948
MMDCLVII
MMMDCCXXVI
3020
CMLXIII
MDCCXXXIX
MMDCCCLVI
53
3836
MMCDXCVIII
2658
1495
DLXXVI
832
2163
1329
1899
MMCDVII
76
MMMDCCCXLI
2662
MMMCCCLXXXIX
2933
825
232
MMDIX
3967
2603
CLXXXV
MMCMXXI
1565
2372
1570
MDCCCLXIII
2526
3530
DCCXCIII
2365
MMMDCCXLIX
2419
196
DCLXII
2945
1342
DXXXII
2116
1005
120
3410
300
MMCMXC
2968
1248
CCCLII
DCLXII
1719
3024
1204
1860
1135
CXCI
2707
1105
MDCXXIII
DLXIII
MDCCLXXXII
MDCXLIX
MCCXIII
MMMCDXXVIII
MMCLXXII
130
1575
MDCCVIII
2787
MMDCCCLXXXIII
MMMCDXCVII
MCDXCIV
MMCCLXXIX
1893
3035
MMCMXLI
MCLXXXVII
MCXCIII
MMMDCXXIX
CMXCIII
1022
1008
MDCCXXIV
MDCLVII
MMMCDXXXIV
DCCXI
MMCXXXV
2915
1768
837
MDCXCIX
1539
3750
MCDVI
CMXLVI
1717
CXIX
651
MMMCDLIV
2321
1679
2610
1813
2580
MMCV
19
1132
3334
MLXIV
1453
2249
453
1534
3015
134
2150
2891
MMDLXIX
137
537
362
MMMDXLIX
2339
284
3740
2904
MMDCCCLXXII
467
1964
3599
CCXCV
168
2077
580
CCCIX
487
1644
3358
DCCLXXXII
1484
2956
2281
MMMDCIV
XCIV
MMMCMXXIV
MMDCCLXXVII
3771
3676
3387
MCCXXIV
796
3796
MDCXI
621
241
MMMCIII
MMCDXCVI
830
MDCCXVIII
3103
MMDXXV
1679
2057
3092
MMMCCCXLIX
3227
2052
2131
3669
MCDXXXIII
MMDCXLVI
MDCCCLXXXV
3243
2825
456
1510
3746
1622
MLII
2641
MMDCCXXIX
MCLXXV
MMCMLVI
LXXXVIII
MMMCC
1806
1915
CXXXVIII
2030
MCMI
MDCLXXIII
MCXXIV
2143
3711
MMMCCCXVI
MMCMXII
2042
MMCCCXCII
MMMCDXLVII
MMMDLXXXVII
918
MMDCCXIV
MMMDCCCLXIV
MMDCLXV
1962
CMXXXIII
MMMDLXXXI
MCCXI
MMMCXVIII
3182
3395
3127
185
3794
MMMDCCXIII
MMCDLIV
3111
CXCIX
1579
384
CMLX
629
1962
MMCMXXVI
305
MMMCD
1174
3775
MCMXLII
1100
3511
3187
MCDLXXXII
3616
1488
869
MMDCCLXXXIII
279
1834
MMCCCLV
MCCCXIII
MMCMXXI
MMMDLVII
MMMDCCXXVIII
MCMLXVIII
3760
2591
1703
348
2844
2469
MCLIV
MMXLII
3806
MMDCV
MMMCCCXCV
MCCCLXXXII
II
CMXLVII
MMMCDXCI
MMMCXXIII
MMMDLX
1671
MMMDCLIII
MMMDLXX
CMV
3905
MDCCCXCIV
959
1116
765
2870
MMMXXIX
DCCXLIII
MCCCLXXI
3408
MMMDCXV
CMXVII
3055
MMMCMXXXIII
CXCI
2361
3440
MDCCVI
1867
MMCCXVII
3481
53
1396
445
MMMCML
MMMCDXXVIII
883
212
3106
MCDXCII
MMMCDXXXVIII
2274
2687
3054
1642
3757
MMMDCXXXVII
3422
DCLXIII
CDXLI
MMMCCCXCII
3064
1850
2849
1751
3852
MMCCV
MDXIII
MCCIX
728
1591
3598
946
1383
441
MMCXXIII
MCCCXII
MXXXVIII
3118
3320
1466
1866
MMMDCCXCIV
1192
1295
1868
MMMDXXI
MMMDLIX
MCLVI
1205
CL
MDCCCXXII
MMMDCL
MMDCXXXVIII
MMMCX
MDCCCIV
MMDCXXVIII
MCD
792
552
MMMDCXVII
3755
1811
MDCCXL
316
MMMDLXXXIX
244
2712
3151
1889
MDCLI
3220
1628
1517
MXXXIX
3209
MMMDCXCV
3837
1522
451
MMMDLXXII
1827
MMDCCCLXII
MDCCCXL
3711
2010
3074
DCCXX
MMIV
3399
MCDXXX
3386
3696
DCCXLVIII
2408
1682
MMDCXXXIX
MMMCCXXXV
2242
CXXXIII
CMLV
CCXXVI
3558
1136
3735
MMMDLXXXIX
MMXIII
MMMDCCCLXXXVII
3110
403
MCCCLXIII
MMCXCV
1307
3512
MMMCXXIX
MMDLXXX
3373
MMMDCCCXLIV
3325
2485
96
2128
MMMDCCCLXXI
2105
MMMCCXCIII
3546
MMMDCCXII
3087
MMDXXXVI
2583
618
3647
MMMDCCXXXVII
MMMCCLXIII
CMXIII
1340
1666
2257
MMMCCXXIX
2577
594
XXVII
362
2930
MCXCVIII
MDXCVII
MMMCCXCI
CCXL
DCCLXXXVII
MDCCCXIX
1491
3905
381
524
3085
DCLXV
409
MDXVIII
MMMDCC
143
MMCCLXIII
MCDXXXII
MMMCMLXIV
3399
3970
XVIII
3817
MMMCDXII
MDCLIX
3711
D
2864
MDCCCVII
3703
MXCVI
2643
423
1872
MMMDCCCXII
151
MMMCCCLXXX
DCCCLXXVI
MMCMXLIII
MCCCII
2351
MCDXXIX
2889
3728
3721
MMCCCXXXIX
DCCLXXVII
3198
2336
3929
1437
MCDLVIII
MMDCCI
MCDXXIX
MMMDCCLX
3815
MMCMLXXX
2575
1216
2834
823
2836
1925
MCCLXXVII
MDCCXV
1803
2308
MMMCDLXXXIV
CCXLIII
3233
DCCIII
751
89
406
MCLXVI
XVI
2683
MDCCCLVII
1149
CXCV
1277
1605
822
MCIII
44
MCCCLXIII
MCDXLII
3815
MMMCMXIX
MMDCCL
3673
DLXX
996
MMMCLXXVI
446
MCDLXXXII
543
MMCXXVIII
3435
MDCCLXXXIX
MMCXXXIII
MMI
MCCCXXXIV
792
1296
MMMCCXLIV
MMDCCCLXVII
2066
2045
LXXIII
CLX
3538
1439
105
DCXXI
MCCXCII
MMDCCLXXVI
2688
2966
MCCCXXVI
1184
MMDCXLVI
1143
CMXCVIII
3125
3651
LXXVIII
1175
MDCCXXXIII
1953
1311
MCMXCIV
2891
789
1376
MMMDCLXXX
MMCCCLV
1514
MMCMV
MDCLV
747
MMMCMXCVI
MMMD
3846
MMDXXVI
3529
3709
MMDCCXCI
1173
MMDCCXXXIII
2869
MDCCCLXXXIII
1640
MDCVII
1938
701
MMMCCCVII
MMMDLXIII
CMXIV
26
MMCDXCIII
DCCXXIX
1131
173
2109
261
MMCCXLIII
MMCCLXXXVIII
1215
3601
2982
CCCXCIX
3205
MMMCMLXX
841
1772
1481
MMMXXI
3293
MMMCVI
MMMCCXXXII
MCDXXVII
2193
MDXCV
MMDCCLXVI
MCMXLIX
3547
MMLXXXVII
MMXXVII
2382
DCCCXXXIX
1864
MMMCMIV
2351
MMMCXXXVI
CCCXCVII
MMMCCCIX
CXXXIII
DCCCVII
2440
3376
320
CDLXXXV
2777
MDCCCLXXXIII
1356
2298
MMDCXVI
CLVI
CXXXIV
MMMCXXIV
LXXV
MCCXLVI
3997
381
3392
177
MMMDCCCVIII
832
MMCCLXXX
DCCLVI
1299
3733
600
MMMCCCXCIX
CML
465
MMMCCCXLIV
3010
MMMDXCVI
MDXLVII
CCCLXXXVII
MDCCLXXVIII
2193
MCXCVIII
1787
1644
MMMDCCLXXXIII
MCMLXI
MCDXIV
2361
MMCDVII
123
MDCCII
CDXVI
496
MXXIII
1620
9
DCCV
MMDCCCXI
1349
CCCXCVIII
MMMCDLXIX
432
DCCCXCVII
2898
3750
2216
2375
2172
3011
3782
MMCLXI
DCXLI
3264
3790
MMMDCXLVIII
MMMDCCCXVIII
MCCLXXIX
MMMDLXVI
3227
3995
862
1216
1191
2475
MMDCCXXIII
MMMXCVIII
MDCXXV
2493
2789
MCDLXXIX
DLXIV
MMMCCLXXXIV
C
MMDCCCXXXVI
MMMCMVI
3364
2366
769
3963
MMLXXXII
3035
1436
2028
3850
491
2827
MDCCXXIV
CMLXI
2865
MCMXL
670
DCCCXIX
DCCCXVII
1564
3547
MMCCXCI
972
2802
MMCCCLVI
2366
DCX
2588
MCDX
MMCCCXLV
MMCXLV
MMCV
CMLXXXVI
599
1286
MMMDXCV
476
1720
3078
1445
MMMDCCCLXXXIII
1605
MCCCLV
MMMDCCCXXIV
1936
578
MDCCCLII
MCMXCIII
MMDCLI
MMCML
MMCCCXLIV
MXCVIII
3255
1101
DCXCIX
1768
2244
2246
1171
823
585
3063
2566
DXLIII
1961
3095
CDXIX
MCLXXVI
1727
MCDLXXII
2354
1695
303
1216
3758
CCXVI
MMCXLVI
MCCCXCIX
1010
2996
MMMCCCLXXV
3787
MCCCXCVII
3407
MMMDCLXXXVII
XXVIII
989
MMCVII
MMMDCCCXCVI
DCCXX
MMCCLXXV
MMDCXXXIII
MMMCXCII
283
2207
3604
CCCIX
MMCDLXXII
MMCLXVI
DCCCXII
3511
3018
MDCCCLXXX
1672
3371
1622
MCDVIII
MDCXLIII
787
1723
MMCDLXIX
1866
3427
MCIX
DCLXXII
MMMDIII
747
MMDCCCVII
2867
MMMDCCXXIV
3082
MDCCLXV
2785
254
MMCLXXIV
263
3287
3778
MMXXXIX
MMDLXXIX
MDCCCXCVI
MMCLVIII
634
MCMLIX
1739
MMCDXLVIII
MMMDCCXCIII
920
2542
MMDCCLVII
3608
CCCLXXXII
MMDLXXXIII
MMCCXXXV
2313
682
3463
MMCMLXXXV
MVI
MCCCXVII
MLXXXVIII
1027
1788
1916
MMCCCXXIX
709
DCCXXIX
MDCCLXVIII
MMCMLX
MMCMVIII
3655
MDCCXLV
MCLXI
MCCCXCI
MXVIII
MCMLXXXIV
1437
636
MMCCCXLII
1027
CMXCIV
1642
DCCLI
2390
XI
MMCMXCVI
500
MMCCCXCIV
664
302
3528
1393
1961
MMCCXV
MDCCLXXXVIII
128
1600
1768
1438
1562
MCXI
1656
22
CMLXXVI
MDCLXXI
480
MMII
DCXXXII
MMLX
MMMDCCLXI
CLXXXIII
MCCCVII
726
MMMDCCCLXIX
3848
1380
MMCDXCVII
MMMLVII
3190
MMDCCCXL
MMDXXXVIII
MMCLXII
1788
3336
CXCVII
MMMCDLXXXIII
2545
876
1254
3055
MMXLIX
3558
2713
MDCXCIII
2482
MMMDXCI
491
3278
MMMDLXXXII
1555
2043
MMMCCLX
CCXXX
MMMDCCC
MMMDCCCXLVIII
1199
279
MCDXLVII
CCLIV
MMDLXVII
598
2298
3372
MMMXCV
MMMDCCLXXXIX
1904
CMLXXXIX
2179
3799
1973
2433
1316
2571
MMCMXXXIX
MMDCCLXVII
1816
137
MDCCCXLVII
1341
MMCDXXXIX
2723
MMCCCLXV
MCCXLII
2939
MMMCIV
LVIII
3177
MMDCCXXVI
MMMCMLIX
MMMCLXXXIII
CCCLXXVI
3720
2958
CMXLIII
1888
MMCLXXIX
3819
3112
CDXIV
CDXXV
2096
535
MMCMLX
MMMDLXXVI
MMMDCXXXIII
616
574
470
MMCLXXXVII
2397
2598
MXLII
MDXVI
1507
1063
2113
MMCMX
2659
MMCDLVIII
CDXIII
MMMXCVII
1616
2672
1282
MMMCMXCVI
CCCLXXIV
MMDCCCXLVII
3925
DLXII
3708
MCCLXXVII
3106
MMMCCCXCVIII
3704
1019
200
MMDCXXV
MMCDXLIX
1811
3264
1880
CCXC
CMVII
MMMDXCI
MMDCCXLII
1943
1601
2467
1882
MMXXXVII
MMCCLXXXIX
MCXIII
2452
MCXCVIII
1490
2888
MCLXXXIV
XXIV
3584
MMMCCCXCVI
MXVIII
3316
2610
MCXIV
1558
MCCLXXXIII
MMDCCCLXXIII
MCMXL
3872
DLX
MCMXCIII
1170
611
1336
DCCLXXXIX
113
DCCXVI
1496
887
207
MMDCXXI
340
MMMCCCLI
MMMDCCCXXXIX
MMCLXX
3911
DXXXIII
MDCLXIII
MMMCXXXVI
1242
709
1604
3729
1316
MDCCXL
DLIX
122
MMMDXCIV
2076
1385
MMCMLXIV
3665
MMMCCXCII
MCCLXV
1520
CCLVI
MXXXVII
CMXXX
MMCMXCIII
3016
2393
MDCCCVII
MMCMLXVIII
3789
2759
MDCCXXII
1077
MMDCXXXV
3033
MMMDCCCXXXIII
2119
1650
MMMDIX
MMCCLIV
1850
MDXXXIII
3042
1328
1288
MMDCCCXXXV
3289
MMMDCCCXLV
2196
3653
DCCXCVI
2021
MMMDCXXXI
MMMCLVI
1356
2108
2668
3169
MMDCXXIII
MMDCCLXXV
2687
XVIII
1607
2947
MCCCXXVII
590
1841
CXXXVI
CDLXXIII
1020
3429
2584
DLVI
40
3589
CCXXX
MMMCCCLVIII
1182
1928
CX
CCCVI
3623
602
CMXXXVIII
1925
1307
1254
DXXXVII
2264
3206
3969
509
807
525
MMMCCLXII
MMMLXIV
MMCLXXI
3499
MMDXCII
2964
MMCCCXXV
3296
MMMDVIII
1773
MDCLVI
2441
CCXCVIII
3544
MMMCLXXXIV
MMCXXXIV
266
DCCCLXI
2251
2361
MMDCVI
3336
MMMDLV
659
MMMDCCCVIII
CCXCII
MMCCCXV
MMCCCXC
CCCXXXV
MMMCCCXXXIV
MMMCCCXCIV
MMDXV
399
MMMDCCXC
CDXXIX
MMDCCCLXXIV
MMDCCCVII
CDL
1116
MMCCCXCIV
2387
1478
931
MDCCCLXXVIII
507
3657
1438
315
MMMCDXCIX
MCCCXLV
3774
MMMCXIII
MMCMXXXV
95
MMCMXLVI
MDCCLXIV
MDCXC
3400
MCLXIII
MMDCCCLXXXVI
1121
1154
3895
3024
3308
MMMCMXXIV
MMDCCCX
449
2258
124
3286
MMDXII
1008
2673
MMCMXXIII
605
2316
MCDLII
1689
MMMCX
MCCCXC
862
MMMDLXIV
3261
1674
MMDCCCLXXXVIII
954
2370
MMMVII
1909
2936
1736
CMLXIII
3403
MMCCCXCVI
MCLXXIV
367
3452
3744
MMMCCCLXXXI
DCCLXXXIV
DCCXXIII
1264
MDCXC
991
3118
CMLXXXV
DCCXXI
2590
MMDCCLXX
428
MIX
MMDLXXXII
MMMCMXLV
MCCCLXXI
3357
2650
1270
1219
2973
2642
DXCIX
3661
MCMLXXXIX
121
MMMDCXVI
3174
MLXXIII
3883
MDLXXXIII
CDXCIV
2991
MMMDLXIV
MMCCCXXXIII
XXIV
2984
MMCCIX
MDCCCLXVI
MCCCXXV
MMCCLX
141
312
DCCCXXXIV
3743
MDCCXXV
MMDCCCXLVI
DCCCXCIII
MMCCCLXXXII
DCXLVII
MCLI
363
774
MMXCV
MMMDCCXXVI
3147
MMCDXVI
MCMLXIV
329
XX
MCCXXVIII
2642
2197
MMDCLXXVIII
3879
2298
3065
DCXXXVII
994
MMDCCCLIX
1446
CCXLVIII
1948
DCCCLV
2591
MMDCCLXII
MMDCCCXXXVII
3630
922
MMXXXVI
3150
MMMCMXCVIII
1642
MMMDLIV
MMMDXXX
3537
2474
CXLII
2304
MMMCCCL
2354
MCXCV
MMMDXXIV
MCXLIV
XXXIX
MMDLIX
1978
1310
MMDCCCXXXVI
2593
908
909
255
MMMVI
MMDCCC
MMMCDXIII
1874
1381
1236
MCCCXLV
2892
126
MCDXCII
3444
MCCCXXXVI
MMMDCCXXXVI
MMMCDLXXIV
2407
MMCCCLXVI
368
1253
3296
2224
MCCXI
974
CCCLX
3149
MMCMXXI
245
2881
987
1569
3964
1122
1789
3518
MCDXLVI
MMCCCLXXXV
CCLIII
1585
MMDCCLXXIV
MMMDXLIII
1425
3195
MMMCLVII
LXXVIII
MMCDXV
2524
1068
MMMDCCCIX
3655
3510
3745
611
MMMCCCXXXIV
486
MDCCCXXV
CCCXLVI
3178
MCDVI
3863
MDCCCXCIV
1648
3779
MMCCCLII
2361
MLIX
MMMXXIX
CXCV
1797
MXCIV
MMDCXXVI
MMMDXXI
14
3544
2676
MMMDXXVI
CCLXXIII
MDCCCXCI
1391
257
973
MMCXLIV
MCLXXXI
DCCCXII
985
2648
MCDLXXXIX
1272
MMDCLX
3750
758
MCMXLV
735
1315
1432
249
2446
174
3508
MMDLXXI
CMLXV
3270
MDX
3549
2026
770
MMMCCCIX
2827
MDXXXV
1895
MMMCCXXXV
CCCXXIV
3963
MDCCXIV
MMMCMLXXXIII
3023
MMMCCXXXVIII
DCCLXXXIII
MMMCCXI
LIX
MDCCVII
1752
3547
185
CMLXIV
2905
315
2307
MMMDLXXIV
MCMLXXX
3376
DCCLXXIX
MDCCCLXXXIII
27
MMDCCCXXXVIII
MMDCCLV
2343
330
1355
MMCDLXIII
MMDXVII
3848
MDXI
MMDCCCXLIX
MMLXVIII
2449
680
MCLXII
MDXCVII
MMCCCXLIV
2836
MMCCLXXXII
CCXVI
1788
2409
2517
226
MMDCLXXXIX
CMXXX
MMDCCLXI
2600
CCCLXXV
1871
1352
MMCVII
3151
MMMCCCLXXII
MDCXLV
1032
468
MMMDCCLXXXVIII
MMMDCCXLI
MMDCCCLX
3391
2458
LXXXIII
2040
CMLXII
MMDCCCXXXIII
MCCCXXX
3719
1232
2173
2770
2231
3113
MMDCCLI
MMDCXCVIII
MMLXXXVII
3193
MMMDCXXVII
1044
518
33
3783
3565
DCCCXCI
MMMCDXLVIII
MMMCDLXXVI
3805
3909
CMLIX
1486
MCLI
2381
1616
CCCLXXV
2183
MMDCIII
255
3571
MMMCMVI
MMMDCCCIV
3770
MMMCLVIII
1892
2590
3646
3078
MMMCLXXV
488
2394
MCCCLXXVIII
3436
1970
530
703
2391
MMMCCCXXXIX
1843
2043
CMIII
MMMDCCCLX
1284
MMCLXVIII
MMMDXCII
1073
MMMCX
MCCCXCIX
324
2794
DCCLXI
669
MMCXIII
2447
53
MMMCCCXI
MMMXXII
DCCCLXII
MDCCXI
2469
893
MMMCMVIII
MMDCCIII
1604
LXXXIX
CCII
MMDCCLXXIII
176
MMMCCXVIII
719
2535
MMMCCCLXI
2827
1465
2217
MMMCLV
MMDCCXII
MCDXVI
MMDXCVIII
1660
MMMCCCXLVIII
MLXXXVIII
MMMCMXII
MMCCCXCIII
3037
CCLXX
3725
959
MMDLXV
2645
MDLVIII
CCCLXVI
MMCCCXVII
CDLXXXVI
837
MMMCMXC
MMMCXXXVI
3794
1963
1130
CCLXXXIV
MMMCDLXV
MXXII
XCVIII
1387
2809
MMDCCLXXVIII
DCCXI
MMDCCLXVII
MMMDCCLXVI
1901
856
3154
2467
MCMLXVI
CMLXXXI
3143
DLVIII
XII
862
42
3225
CDXCV
482
MCDXCIX
MDXXIX
MXXIII
CXXXIX
3234
MMMLXXVI
XVIII
3677
2839
MCCCIX
MMDLXXXII
MMCCCLXXXIII
1168
MDCCXVIII
MMCMVI
1829
MMDXXXII
3767
DCXI
1304
2587
964
MCXLIII
765
2690
135
MCCCXXXII
MMDCCXXXIII
MDCCCXCVI
MMMXXIX
1623
MCLXXXVI
3653
CMXCIX
480
3791
1567
MMCCCXCIII
MCMXXXI
3125
595
1769
MMCDXXXIX
MCMXI
317
MMDXXI
1791
773
MMCDLXXX
3533
2444
3670
1382
MMMDCXXI
CDLXXII
MMMCCLVI
MDCL
MMCDLVIII
MMCCXII
CDLXI
DCCCIII
MMDCCCLXXX
2045
677
MMMCCXXXIII
MMDLXXXV
696
MMCCLXXIV
3275
CCXLV
658
MMCCLXXII
2751
1269
1209
3674
466
MDXXVIII
MMDXL
1256
3022
1981
2713
MMCDLII
DCCCXXXVII
2476
1477
383
2807
MCCCIV
MCLXXXIV
DCCCLXXX
CMXLIII
MMCLXVI
1096
555
1978
2852
DCCCXXVIII
680
1434
MCXLI
1463
2531
1159
3478
CCXXXV
3591
MMMCLXXX
2403
1680
2098
MMDCLVII
3957
844
1737
MMMDCXCVI
2919
MMMDCCCII
1590
1643
DCCLXII
MMMCMXXIII
3291
MCCXCI
3845
638
DCCLXXVI
MMCLV
1012
2827
1525
451
MMMCCXVI
2189
282
1458
1975
3939
MMDCXXI
MMMCCXLIII
1683
LXIII
1360
XC
2768
MDCCCLXV
1612
2281
MCCCIII
2320
MMDLVI
3232
3700
CCXXIV
2350
MMDCCCLVI
1828
2284
MCCCXXXII
442
3637
3670
CMXVIII
MMCCXLIV
3554
MDXXI
2318
850
2244
MCVI
VII
MMMDCXCII
MDXLV
MMCMXIV
LXXXIV
2333
3
DV
3303
1488
1633
MCLIX
3437
MMMDCCXLVI
DCCXLIX
MCCCXXXVII
MMMCCXXXVIII
1701
2704
2104
CXXV
MMCXLVI
CMX
3846
761
892
381
CCI
3083
1463
3290
DXXX
134
546
980
MMMCCCXL
MMDCCCXXXII
MDCXXXVIII
1823
3736
3748
MMCCCXXXVII
MMMXLIV
2540
878
MCCCXLIV
3912
1619
CCIX
MCMXXXII
3037
638
761
2045
362
1987
175
3137
218
DCCCLXXXVIII
MDCXL
MMDCCLXXIV
MMCDXV
MMMDCCCXXXV
MDXLVII
MMC
MCCCIX
3807
MDCCXCI
MMMDCXC
MDCCCLXXXIII
DLIII
1364
1126
MMCDXXIII
1719
3523
DCCCLXI
579
MCCII
CMVIII
MCDLXXXI
1540
DCCLXIV
MCLXXII
MMMCMLXXXI
2714
MCLXVII
354
1065
CLXXXIV
1595
1800
3889
MMDLXX
MMMCDXXV
511
MCCCLXII
MDCCCLIX
173
CV
236
742
MMMCMXXXV
CCCXV
3722
MMMCCCVII
2710
2665
839
1366
1112
MCMXIV
MMDCCCXLIV
1874
3904
XXXI
1502
MMMDCCLVI
MDCCL
3327
3026
3304
MMMCCCXII
3589
MCMXLVI
MMMCMLXXVIII
2710
XII
MCXCVII
MDCCXCIII
MCXVI
2306
MMDCCXLIX
2690
MMMCLI
395
2622
3267
MMCMXXXVIII
8
3993
3786
MMMCMXV
999
2933
237
MMDCCCXXIX
MCMLVII
MLXXXVII
479
MCDXVII
MCLXXI
1569
586
748
1486
225
2828
2046
MDXVII
1225
797
CMLVI
MDCXXXVII
MCCCXVIII
MMCCCXXXII
MMDXLVI
3910
2146
384
MMMXLIV
703
3955
1061
MMMCCCXLVIII
3563
1840
262
MMDCXXIX
1312
3399
MCMXXVII
2905
987
MCMLXX
450
MCMXXXII
375
DCLVII
1890
MMMCXXXVII
3349
CMXXIV
3784
829
MMMCCIX
MMMDCCCXLVIII
1238
1855
3295
495
MMMCDLXIX
MMCCII
DCCXVII
MMDCCCLXXXVIII
CCCXXXVII
1944
XX
1524
MMLXII
2279
3821
1618
644
2832
3847
MMCCXCIV
MMDCXVI
2056
MMMCCLXXVI
746
MMMCXLIII
MCCCVI
MLXI
MMCDXLVI
3331
2708
DXLII
1948
700
3608
MMDLXXX
544
3177
MMDCLXXI
2556
890
MDCCXX
2096
MMCCCLII
437
MCMVII
246
161
3269
MMCCLXXVII
2202
MMMDVII
MCCCLXXXIV
MMCCLXXX
DCLXIX
2780
3174
214
3433
MMDCCCVII
3849
1609
MCIX
CD
MDCCCXVIII
MMMDLXXXIX
1275
MMMDCCCLXXII
590
MDCLXXII
CDXXXI
MMCDIV
MCDLXXII
MMMCCIII
MMMCXLI
MMMLXXVI
3723
MMCCCXLIII
227
1164
317
MCXLVII
3319
MMMCV
595
MMDCXLIX
CDXCVI
MXCVIII
1730
795
1915
MMDCCCXXVI
725
569
DCCCLXXXII
1160
2156
DCCIII
MMMDCCXVI
DCCLXXII
MCCCXXXIV
MMCCLXX
3045
MMMCCXXI
3986
466
112
MMDLXI
3377
MCDLXXXIII
3979
DCCCLXXXVII
696
3815
MCCCXCIV
2532
MMDCCXCIX
MMMCXCIX
MMMDCCXVI
3884
1220
MMDCCCLXIV
611
MDCCCXCV
MMDCXXXIV
2709
2935
MMDCXLI
2188
3279
MMCMLXXXIII
184
2002
MMDCCCLIX
MMDCLXXXIV
3154
3739
MMII
MMMLXXXI
2758
1173
MMDIX
MMDCCXC
687
3407
3935
3429
CCXXVI
MDCCXXV
768
MDLXI
MMCMXVII
580
MMMDCXCI
MMDCCCLXXIV
CCCLXXIX
3017
DXCI
MMDCCCLXXXII
CMXCVI
CVIII
MMCMLIV
MMCII
MDCCCLXXXIV
DCXXVIII
2894
106
CLXXX
929
3559
2712
MDCCLVII
2509
808
3210
MMMCLXVII
MMCCXXVIII
MMMCDXCIX
1652
MMCCCLV
1132
1836
2102
3549
408
MMCDLVIII
MDLXXIII
MMM
MMMCCXCIX
MCDXLVII
DCCXXXII
MCCCXII
MMCDXXIX
1897
MLXII
21
3511
1155
MDCCCXXVIII
MMDCLII
CXXXIX
1408
MCCLVII
LXXV
1158
808
3726
3224
MDCXXIII
MDCLXXXIX
DXXVI
590
MMMCMXV
1391
CMLXXII
DXXIII
708
2727
MMDIII
MMMDCCCXLIII
I
MMMCCCXXV
1405
CCCLXXX
3643
CDLIV
3167
1457
2667
3801
3105
MDCCXLV
1728
MMDCCCLXXXIII
LXXIX
CDVII
651
1135
DLVIII
1984
MMMCMXX
CMXL
MMCDLXXXIII
3576
96
MMMDXX
140
MDLXXVI
1043
MMXIX
MCDXCV
2198
DXCVII
1464
2261
MCCLXVIII
2479
3730
CMLXXXIII
MMMCDLXVIII
3253
MMMXXXII
MMDCCCLXIII
2785
DCCXXX
MMCDXLV
3435
3950
3088
309
1154
997
DCCCLXXI
MMMDCCLXXXVIII
MDCCCLXXVIII
315
3080
MMDCCCXCI
VII
2065
MCXCVIII
MMCXL
367
2402
MMCXCVII
MCDXXXIX
1344
3621
835
CLII
DCXCII
2998
2310
2428
3891
284
3943
MLXVIII
DLXVII
MMMCCLXXXVIII
MMMXLIII
1312
745
471
DCCCII
1175
2900
DCCXXXV
MCMXXXIV
MMMIV
DCXXIX
MCXI
3555
MDCXCV
1351
3989
3824
2425
MMCLXXXIX
3688
CMLXXXVIII
MMCCLIV
430
MMMCCCXLVII
MMDCXCV
2577
1852
MMCLXXXV
MMMDCLXXXI
DLVI
MCCCLI
DLXXXVII
CCVI
342
3962
2498
3549
1459
MMMCCCLVI
4
3823
DCLXXXIII
3680
DCLXXIX
DCXLIX
568
MMMDCXLVIII
MMMCCI
CCXLV
821
3747
MMCMXLII
MMMDCCVII
176
1277
MXXXII
MDCCCLXIX
DCCCXCVI
1223
1732
DCCCXXV
MMMDCCCXCIII
2238
DCXCVIII
CCCLXXI
3043
MDCXCVI
MMMCDLXI
MMDCCLXXV
387
2854
MCMXVI
MDCLXXIII
289
MLIII
2922
MMMDCXV
MCDXXII
MMMCDXCVI
MCCXCI
2699
MMCXIX
DCCCXXII
MCCCXLI
1894
95
MMDCLXXIII
480
MMDCCCXXXIX
MMMDXX
MMMCDLXXVIII
1863
895
MD
CCXXIX
MMDCCXXXIII
CLXIII
2312
1405
1964
2684
2075
MMCCXLVI
MCCLVI
1470
149
MMCLXXXV
MMMDXXIX
MMCDXVIII
CDLXXXIX
2582
1560
3168
246
2475
MCCLXIX
2289
1408
992
MDCLXXVIII
MMLXVII
3736
3279
MMCMIV
CCXXII
3844
MCDLI
MMMCCXIX
MCMLXXXV
MDCCLXXI
MDCII
MDCCCXXXIX
MCCXXXVI
MCMLXXVI
3875
MCLXXX
3279
1264
MDXCII
MMMDCCCLXXXV
2175
1846
2581
MMMDCCCLXXIII
1509
DCCIX
3353
MMMCDLXXIX
MCCCXCIII
CCLXXXIV
102
MMCCVIII
1802
1559
1058
1675
2043
MMDCLII
MCMLXXII
MMDXXX
MMXCVII
DCCCLXXXV
MCCCXXXVIII
MMDXLVI
MMDXXXVI
2413
2531
3476
MMCMIV
MMMDCCXVIII
2093
MXII
3166
MMDCCXVIII
MMCCCXXIII
MCCXCIII
843
CDLXXXVI
MMCMXXVII
381
102
2320
941
MCDVI
MMCDXLVIII
MMCXLI
2205
3782
II
3431
3588
3419
1119
2335
2693
809
3396
2183
MMCDLXXX
3984
2302
MDLXXXIII
MMMCCCLXIX
XXXII
630
XIII
MMXVIII
2981
DCLXVII
1579
MMCCXLVIII
3154
2854
MMMDC
510
CLXXVII
2067
MMMCCXXXVI
408
614
3436
1502
3299
20
MDCX
1737
MDCCLXXXVIII
DCCCXII
MCCCLVII
896
MMMDCCCXCVI
MMDCCXVI
MMDCCLXXXII
MMCDXCVIII
MMMCDLXXVIII
MMDLXXXV
3025
286
2987
2133
2435
60
MCDV
MMCMXLII
MMCCCXCIV
XXXVI
MMMDCCCLXXXVI
759
MXI
3030
517
MCCCVI
843
MMCLXXVI
DLXVIII
3571
3183
447
1913
595
2718
MMDCXII
1240
3976
455
MMCCLXXV
MMLXXIX
3517
3845
1204
925
CDXXIX
MMCXXIII
MMDCCCLXII
969
MMMLXVI
MDCLV
1654
MMCLXXVI
1630
1459
CC
2925
145
747
CCLXXXIX
MMCMXLI
MDCLXVII
3987
794
982
3029
2094
3750
303
925
MMMDCCLXXV
MMMDCXLI
1433
DCCLXVIII
2650
944
939
MCVI
MMDCCCLXXVIII
3947
MCLXVI
MCCXXVI
MMMCDXXII
2444
MMCDXCII
DCCLXIV
3767
XXV
MMDCCCXCVII
440
570
DXXII
3305
MMXX
918
3335
MMMDCCXLVI
2296
MMDCCLXXI
1488
3615
1081
MCDLXXXIII
CCLXXII
917
MDCCCXLIX
MMMDCLXX
MMMCXLIX
1579
MDXXXV
3484
MDCCIX
MMCCLVII
400
3886
431
1398
CCIV
MMCCCX
MXLVI
MMCCLXXIII
MDCXCVI
CDLI
MMMLXIII
MMIII
MMMCDLXXXV
MMLXXIX
770
1311
2551
987
CCCXXXVII
2725
MMDCLXXXIII
MMCMIX
MCMLIII
3465
3791
1125
MMMDXXVIII
2573
MMMDLXXII
1205
DCCLXIII
3919
316
MMDCCXL
368
3230
2388
3536
2706
MDLXXXVII
1815
MMMCCVIII
3806
CCC
MMDCCCXXXVII
MCDXLII
146
249
MMCDXLIV
630
824
MMCCCXCIX
1455
MCDXXXII
368
1739
1312
1967
2366
MMDCCXCVIII
654
DLXXX
XXVIII
3439
MCDLXXI
MMDCCCXXIX
9
MCXLII
MDCCCLXIII
2330
MMXLVIII
MMDCCCLXXXVII
CXCIII
3815
1736
MCLV
209
2710
MMMCLXIX
1451
1330
2929
MDCCCXLIII
MCXCIX
1252
2944
2140
2501
2686
MMMCMII
MCCXC
MMMCDXCVIII
1549
2544
MMMLXXXI
MXCVII
MMMDCLIX
MMMDLVII
LVI
DIX
1701
953
374
MMDCCCXCIV
2977
MMCXLI
2418
1930
MMDCCCVII
613
MMCMXLIX
MMXIV
MMCCXCV
MMCDLXXXIII
MMMCMXL
2065
2652
1163
MMDLXXXIV
1724
MMCCCVI
MCMLI
CXLVI
1535
1186
MMCMXIV
CCCXXIX
2075
1932
MMMCCLXVIII
3479
CDXVI
1003
1513
MMCCIII
3039
1571
MDCCLXXXVII
MCDLXIII
2542
MXXXI
MMMCDXXXVII
DCCXXXVII
2193
3515
238
2838
2574
892
CCCXLVII
2247
MMDCCCLVI
MMMDLXXXVII
2709
3382
704
1035
MMCXCIX
3807
CMLXXVI
2991
MCCLIX
2089
CIII
2624
908
MMMCCXXXIX
MMDLXXXVII
MMDCX
MCDXLVI
MMMDLXXIII
1851
MDL
MMCMXXV
1512
MMMDCCVII
DCIX
MMMCCXXXIII
MMMCDLXII
261
MMCXLVII
MMMCMXCIX
550
CCXXIX
CMXC
MMDCCLXXIII
MDIV
MDXLIX
1508
MMMCCXVIII
MXLVIII
938
2572
512
MMDCCCLXXXVIII
MMMCCCLXXV
3135
1969
1620
48
MDXII
498
3779
3476
MMMDCLV
795
1001
669
MMMCLIX
CCCXVI
2754
2753
3308
XIII
MMCMLV
326
1040
511
1737
3917
MMMCDVIII
1416
1276
MMMDCCLV
2258
3504
MCMLXXVII
MMDCCI
2869
2009
11
DCLXXXV
2195
2182
MXXXVII
CCLXIV
MCDXXXIV
MMMCCCXLVII
MCCCXLV
DCLXXXIV
MMMDCCVII
920
1769
MMMDCXCIV
3676
DCLXIX
MMCDLXVI
870
2665
CDLX
MMMCCX
MCML
265
459
CXXXVII
1424
MMMDCCLXXXVI
DLXI
1357
2851
MMMCCCLXXXIX
3770
MMMDXXXVIII
MMDCXIV
2558
MMDCC
MCXL
MMMCLVII
2192
3585
CDXXXIII
2008
3185
2648
MMMLXXIV
3458
MCCLXXXIX
793
2065
1577
1636
MMMLXXXIV
3695
1927
DCCLXXXIV
3590
597
MCXLIV
412
MMMDXXVIII
2363
MCLXXX
1732
2289
2457
339
2850
MMMCCXXI
1322
DCLV
3081
MDCCCXL
MMCMLV
1376
2177
687
MMCDLXXIX
MMCCXX
1405
3197
132
CCL
DCCCLVIII
CCXCII
MMMDCCCXLV
MMCCLXXI
MMMCDIX
MDCCXVIII
2217
MMMDCCLXXX
MCCVIII
1395
3567
MCCXLI
394
MMDCCCXVIII
MMMDCCXCVI
MMDCCCXXVII
MMCCLXXX
MDCXXX
MMMCDLXIV
238
MCCXII
2608
3134
464
MMMCCCLVIII
3463
1934
MCDXLI
MMDIV
2744
750
1398
MDCCLXVIII
MMMDCVII
MMMCMXCVI
XXIX
1908
2059
DXV
1113
DXXXIII
2556
MCDV
1818
MMCXVI
2901
MMDCCCXXXIX
MMDCCLXIII
MMDCCXCIX
2677
1642
2829
2571
20
MMCCCXLV
1834
1521
210
166
MMCCLXXIII
CMXLVII
1747
3229
MDLXVIII
MMMCDLXXVI
MMCVI
MMCXCIII
CCCXCVIII
225
MMXLIV
1036
446
2678
3055
MMMDCCXXXVII
MCDXLVIII
297
MMMDCXI
MMCCCLVIII
1383
3475
451
3712
MMCMXXXVI
775
1274
1540
MMCMXXIV
2347
132
DCCXVII
3866
3864
1385
175
MMDXXIII
854
MMCDLXXI
CMLXIII
MMMDCCXX
1787
3895
MMXXVI
MCII
2649
DCCLX
MDCCLXVII
MMMDXXVII
MCDXXXIV
MMMCCLXXXIII
2190
MCMLXVII
MMMDCLX
1613
MMDCCLXXIX
3118
MMMCCCXXIV
DCL
CCXXIX
1934
MMDCCXLVI
1385
MDVI
MMMDLXXIX
2430
MCDLXXXV
MMMDCXXXI
1270
93
MCCCXIX
DCCCXXXVIII
MMMCDXIII
803
2837
MCXCVI
3041
MCDXXIV
MMMDCXIII
MMMVI
MMCMLXII
MMCDLXIX
MMCCXLIV
2072
CCLXXV
1366
MCMXXXII
CDLXXIX
XXXVI
395
MMMCCCXCVI
1755
531
DCVII
MMCCLXIV
MMDXCVIII
DCCCXXXIV
3063
1513
MMDCCLXVII
1229
MMMDCXLVIII
931
MMCCXXXVIII
MLXI
2336
2842
1437
1896
941
861
2575
MMCCCXC
MCDXXXVIII
DCCCXXII
26
MMMCDLXXII
MMVI
MMMDLXXXIII
MXX
MCCLXXIX
1875
CCCXXVIII
MDCCCXLVI
2556
760
2809
1860
2016
2612
MMMCLIII
2608
2315
MDCXXIV
3910
CDXLI
480
2471
MDXXVI
MCMLXXV
1344
2336
2255
DCCXXXVI
3842
2017
2815
1266
3343
2946
MDC
2555
MCMLXXXV
MDCXIV
1884
3769
MMMDCCLXXXII
3755
759
CCIII
3185
1208
3731
3777
495
MCLXXIV
2472
MCCCXXXII
624
MMDXV
MMDCCCXCI
972
3647
MMDCIX
MCCCXVIII
MCMX
1324
3602
MDLIV
3456
MMDCCVII
MDCCXXVI
929
3035
MCCLIII
DCXCIII
2195
MMCXCVII
2995
MMMCIV
DCCV
MMDXII
840
2030
MMMCMLXXX
CCIV
DCLV
DCLXIV
MDCCXLIX
1108
2612
DI
MLXXVIII
1622
CCCXLIII
MMMDCXVI
2545
1324
118
MDXXXVII
2430
MDCI
MDCCCLXV
MDCCCIV
MMMDXCIX
3976
CDLXXIV
MCMLI
308
DLVI
160
593
DCLXXII
MMMCCXLVI
2
MMMDCLXXXIII
1356
CCLXI
2547
MMDCCXLI
DLXXXVIII
3833
2485
3506
DCXC
MDCCCLXXIV
CDXIV
DIII
CMXVI
1919
918
436
MMMCCXLIII
MMDCCXLVI
65
3380
MMMDCCLVII
DCLV
278
MMDLXXXIX
MMCVII
1047
MMDCLXX
1155
MDXLIX
3046
490
CCCLXXX
963
86
MCII
MMMCMLXXIII
446
MCCCI
MDXV
1422
MMMCCCXCVII
1139
MMCMXXIX
MDCXCV
3579
90
3419
MMDCCLXXIX
1411
2957
MCCLXXXVIII
999
647
MDCXXXI
1089
820
453
2295
1980
CXCI
3842
318
MXXXV
392
3125
2775
MMMCCLXVII
MCCV
MMMDCLXXXIII
MMMCDLXXXII
MCXCI
MMCCXXIV
391
2706
3108
DLXXIV
3204
3916
2414
MMCLXXXIX
3413
3991
CMIX
MDCCXCVIII
CDXXXVI
MDLVIII
3541
316
3393
MMDCXCIX
MDCLXXII
629
MCDXXXIX
CMXXIII
MCXCVII
1453
MMCDXLVI
3241
MDCVIII
CD
MMMCCCXIV
1596
1027
MMMDCXXXIX
2868
3293
CLXXXV
2066
MMCLXXXVIII
MMMCCCXXI
MDCLXXVII
MDXLVII
3128
XXXII
MMCDX
LIII
2479
2595
674
3399
MMMDCXV
MMMDCVIII
MMMXCII
2328
3884
517
229
MMMDLXXXIV
MDCCCXXXIX
1413
MMMXLII
1211
CLVI
MMDCCCLXXIV
1955
846
648
CDXXXIII
DCLXXV
1693
MMMDXVII
MMMCCXXXIX
712
468
DCCCLI
2357
DIX
1420
1472
MMCCCXLIX
MMCMXXXVIII
MMDCCCL
866
MCCLV
MMDCCLXXXV
281
DCCCXII
MMMDXLIV
1473
DCCXLVII
2588
25
556
MMMLVIII
MCCLXXXIX
242
1086
3491
248
3231
MMMCMIV
MCCXCIV
1233
2179
1982
3891
207
MMCCLXXIII
DLXIX
CXCII
1927
CXXXVII
959
2555
MDCCCXXVIII
MMMCXXIX
CCLXXXVIII
1851
MMDCCCLXV
MCXLV
779
3738
MDCCVII
MMMCMLXXXVIII
CCXLIII
675
2684
MMMCLXXV
3910
MMCXI
3707
3459
MMCMXXIX
1397
MCMXXXIII
MMCCXII
2410
1721
CXVII
MMMXCIX
2347
3191
MMMDCCCXVII
2048
MXXIX
MMMCMLXXI
MMMDCCXXII
959
2028
1184
CCCLIX
CCCXLI
779
1878
MMDCCCLXXXVIII
DXXV
MMMCDIV
DCCCXI
774
CDXII
MDCCCXXV
MMDCCCXLIV
MDCCCLXII
76
DLXXVI
90
3535
MCMLXXII
DCCCXXXIII
MMMCCCXCIII
1979
CL
3885
MMCCLXXXV
MDCCCXXXVIII
MMLXXIV
MMDCCLXVI
1236
MMMDCCXIII
3148
2040
MMMDCLXXVII
1383
DCXXXVIII
2996
MCXXXIII
MDLXX
MMLXVI
1283
1063
VI
362
MMMCMLIII
MMMCCCXII
MDCXXXIII
3753
MMLXXX
3394
MMCDVII
282
844
XIII
MDCCLXXVIII
MMCLVIII
MMDCCCXXV
2683
DCCXXII
1365
MCLXI
214
MMMCLXX
1659
MMMLXXIX
758
DCCCXVI
MCMLXXXIV
MMCLXXXV
2900
1032
151
DLV
22
3746
1243
MMMLI
3726
MMXXVIII
MCMLXVI
3163
MCCLXXXI
457
MMCDLX
MMDCCCLXXVI
MVI
MCDLXXXI
MMCMLXV
1399
MMVII
782
MMCMXCVI
2763
MMCV
MMMCCCXXIII
DCCLXV
2658
MMML
3722
2144
MMXIX
78
MCLXI
MMMDCCLXIII
CDIV
MCDLXVI
1308
102
1902
CCCLXXVI
1417
MMMCMXXXVIII
366
3304
MMCCCXCI
1431
MCDLXXXVII
1641
MMDCCLXV
MMCCCLXXXV
MDCCLXVI
2530
XLI
305
MMMCCCLXIX
3070
MMMCMXXII
CCXII
MMDCCCLXX
1253
MMMCXIV
2538
2425
DCIII
1392
MCCCVII
3992
3357
MCCXCV
3883
MCV
CCCLX
MMDCCLIX
3114
MMLXV
DCCCXI
1570
804
MDCLIV
3539
MMMDLXXXI
3606
474
1204
MMMCCLXX
895
1609
2883
MMMCCLXII
538
MMMCMLXVII
DXIII
MMMDCCXXXVII
CDXXXV
1389
CCCXXVII
LXXI
XCVI
MMMDLXXXV
461
2874
3051
MMMDCCCXXXV
1819
DV
MMMXXX
1473
2599
762
3571
MMCLXXXII
CCVI
545
MXVII
3956
382
1717
807
1411
1724
MMMCCLXVI
MDCCLV
255
MMMDCCXXXII
1699
MMXXV
MDCCXXXV
269
MMMDCXLII
MMCCXL
DCCCXCII
MMDXXXVIII
MDCCCXXIX
2305
722
3074
3218
8
MMCDLXXVII
282
1747
MMMCCXLVII
MMMXIII
2663
MDCI
MDCLXVII
376
LIII
MMCCLVI
571
MDCCLII
1559
3598
DCLXXIX
MCCCXVIII
CMXLVIII
DCCCXXI
MMMDCCXXXVI
3005
1871
435
3809
MMCLXXXVI
MDCCCLXXV
MMMLIX
CDLXIII
1770
MMCCCLXXXVII
MMDCCLX
MMMCCCLXV
2477
MXXXVIII
MMDLXXXIII
MCX
DCXXII
MCXXV
1175
2962
1510
MMMCDXLI
987
3598
830
CXLII
2815
2587
3247
1546
29
CMLII
MMCMLIV
MMMDCCLXXVIII
CDXXXIX
3975
CMLXX
125
127
2857
2087
MCDLXXX
MDCCLXV
CDXII
MMMCCCLXXIII
MMMDCCVII
975
MDCXVIII
CXXXVI
MMMLXXXII
3936
MCXXVIII
1726
DCCCLV
DCCXXXIX
MMCMII
CMLIV
MMMDCCLXXX
2933
MMMCCCXX
MDCCCXXXV
MMMCMV
MMMCDL
2747
907
1417
3119
MCMXC
MMMDCLXXIV
1412
MCMXXII
939
MMMCMV
1463
XCI
MMCDIX
2673
MMCCCIV
809
MMDCCXXXIX
3784
1530
2874
MCCXI
MMMCDXLIV
3173
2471
MMMDCCLXII
1833
MMDVI
3738
DCCLXXXIX
MMDXC
790
130
645
MMMCDLIV
3978
887
580
MDCXXIX
LVII
DCLV
2858
MDCCCXVIII
1663
MMCCCXLII
MMMCCXI
2728
627
MMCMLXII
2332
1261
3519
658
MDXVII
3788
MMCDXLI
CMLXI
1268
3901
684
MMMDXXXVIII
MMMCXLII
MCCCXXXVI
CX
3544
MMMDXXVI
1743
MLXX
MCCLXXXVII
756
MCCCXXIII
2146
MLXXXIV
MMV
MCCIV
MMCMLVIII
MCCCLXXXVIII
2028
3572
MMMCMXLV
39
MMMCXXV
1358
MCLXXII
3862
197
MMMDLXVII
MMMCDXLII
MMMCCXXIII
CMLVIII
CDLVII
MCCLXXXIV
3402
2603
MMMDCLVI
3486
3501
3052
399
MLIII
462
MMMCCLXXXV
CMXIV
MMDCCCXLVI
1354
DCCCLXII
185
2575
CLIII
477
3814
3743
2894
1110
MMMCXLIX
MDCCCLXXXI
MXXII
1439
CDLXXXV
MMDCXI
MMDCLXV
MMCCCVIII
MMCCLXXIII
DLXI
MMCLXIV
CCCLXVIII
MMXCV
316
MDXXV
2710
LXXXII
3175
3742
288
MMMDXXXV
218
MMMDCCLXXVI
2379
MMMDCCLXXXVII
MMCCXLVIII
MCCXXI
354
CMLXXVI
CDXXVII
MMMDCCCLXXXV
MMMCMLII
MMCMII
2721
CCXCII
2424
MMMDCCCXIX
DCCXXXIII
MCXVI
MDCCCIX
MMMCCCLXX
DCXXVIII
MCCC
1514
1708
MMMXXXVII
MMDCCLXXX
MCMVIII
3698
3543
MDCVIII
MCXXV
1302
DCCXXII
2114
CCXV
CCL
1726
MMMCCXXV
787
MMMDCCCXXXIII
2824
MCMXXII
MXV
MCMXLIX
161
MDCCXXXV
3503
DCCXXIV
MLXXXI
CMLXXVII
998
1631
DXV
2378
MMCCCII
MXIX
1471
3948
CDXXXVI
DCLXVII
3437
MDCCXXVI
MCCCXIII
MCLXIII
335
MMCCXCIX
MMMCMXIV
2350
76
MDLXXXVII
3075
MCMXXXIX
3063
MMLXIV
1295
3095
3892
3708
MMMDCCCIV
DCCXXV
MDXXX
544
3762
DCXXIII
2609
MMDCCXXIV
MXLVI
1187
MMMDCV
MMCXXXI
MCII
1879
MCDXXV
MDCLXXVII
MCDLIV
3145
2435
3301
834
DCLXXVIII
MMMDXCIX
496
MMMCCV
CXCV
173
394
3881
1997
CCXXXV
1327
MMCLXXVII
MDCI
3422
MMCLXXXIX
MMCCCL
84
2724
MMCDLXXX
MIII
MMMDCCCXXXIII
MMMDLXXIX
2445
MMMCML
MMDLXXIX
172
1999
572
1575
MMMCDXLIII
1730
MMDCCCXXXVI
676
MMCDXIV
MMMCXCI
3780
MMMCCCLXXX
MMXXXIV
MDCCXLI
MCCXVII
CCCIII
MMDCCXC
MMCCXXXV
2723
3523
MMCCLXIX
MMDCLXXVI
971
MMCDXXIX
CMLXXXVIII
2858
DLXXVI
746
787
3649
MMMCCCXIV
MCXXI
2863
2963
1280
1663
CCCXLVII
2686
98
2580
MMMCDXXVII
MCMXXVIII
2649
MMMCDLI
XXXI
MMCCCXLVIII
MMDCCCXXIV
MMDCCXCII
835
CMLXXXIX
MCDV
CDXLI
2992
2446
MMCLXXVIII
MMDCXCIX
3670
2864
985
3080
MMCDL
MMMCCCLXV
3501
MMMCCLXXXII
MDCXXVI
CMXVI
MMMCCXCI
171
1047
1643
1035
DXXIX
1189
CLXXXIV
MMCIV
1654
3843
MMMCDXLVII
MDLVII
MMMCXCVII
1924
MMMDCLXXIV
298
568
MMCMXLIII
MMMCMXXIV
446
1483
MMMCCXLVIII
MMMCXIV
MCXXVIII
MCMLXXX
MMMD
3435
496
1216
1813
MMMDLXXXII
MCLI
MMMCMXLVIII
1879
CXXV
2455
3253
978
CXXXIX
MMDCLXXXV
CMXLIX
151
921
177
MMDCCXXXIII
DCCCLXXI
MCDII
MMMDCCCXL
MMMXXXIV
DCCXCIII
VII
3989
1568
3129
1391
2227
355
MMCMXCVI
CDLVIII
2436
MMMDCCXCV
XCIII
1434
MCLXXI
119
MDCCCXLII
MMCLXXII
MDCCVIII
1479
MMMDCCLXIV
MCCLXIII
MLII
999
MCCCLXXIV
MMDCCXV
DCCXXXIII
1345
MCCCXXXIX
3106
359
2456
3522
1266
472
1887
DCLXXXVII
CCCLXXVIII
MCDX
MMMCCCLXXXIII
MDLXXXV
CMLX
1423
532
MDCLX
CMXXXV
MMCMLX
MCDXLIV
MMMDCCLVI
MMXCVII
3988
841
MDCXXXI
2421
3260
CCCXLV
DXCII
3456
1088
DLXXXVIII
2638
2021
2112
MDCCCLXXXV
MMXXXI
1469
MCCCLXXXIX
CCXIV
MCDXXXII
416
CCLXII
2683
2095
MCCCXCVI
XXVIII
2414
MMMCMLXXIX
768
MXXIII
MMMVIII
2867
776
MMMCDLVI
3393
2117
MMMCXLI
MMMDCLVIII
MMCLXXXII
623
MDLXXXIV
2582
141
3801
1789
2908
3797
3294
MCCXXXIV
1928
398
882
1197
2283
MDCLXXXVII
DCCLVIII
651
CDXCIII
MCDLXIII
MMMDCLXXIX
CMIII
DCCCXVII
787
824
2109
DXXI
878
MMCCCXV
8
MMCCCXL
2107
MMCCCL
301
2180
CMLX
MDCCCXLIX
80
CMIV
DCCCXCIV
MMDCCLVIII
3085
MMMLXVIII
2989
615
1355
1788
CCCLXXXVIII
1886
1268
2483
DCXLIII
3135
DLXIII
2614
824
MMMDI
MCXLVIII
MMDCCCXLIII
3037
2384
3955
2593
983
1481
2986
MMDCI
398
1295
MCLXXXIII
MDCCCLXVIII
CDLXX
MMMCCCXLIV
MMDCCXXIII
1966
MMMCCCXXII
MMCMXXXV
2536
MCCCXCI
MDCCLXXIII
MDCCCV
259
MMMDXXII
1677
MDLVII
1545
MCCXVIII
3663
2778
MMDCCLXXXII
DCCCXCIII
1513
MDCCII
1919
449
DCCVII
3738
DCCCLXIV
956
1822
2900
2650
LXXXIX
3124
DCLXXV
3375
2208
160
MMCDLX
XV
MDCLXXX
MMMCDXIV
MMCMXCI
2695
1503
MMDCCXLVI
XI
3527
1308
MMMDLIV
M
2891
MMCCCXXVI
3752
MMDCLVIII
3630
1010
3481
MMCMLI
196
MMMDCCLII
975
2407
2714
810
1471
883
333
MMMCMLXXXIII
993
157
2974
713
MMCDLVII
CCCLVI
1562
2824
3605
DCCLXIX
MMCCCLXXXIV
MMMCMLXXXV
MCCCII
MMDLXI
2801
XIX
MMMCCCXII
MMMLVI
CCLXXI
MMMDCCCXL
MMMDXXIV
MMMCCCXIII
2941
MMMXXXV
MCCI
318
MMMDCCC
MMMCCCLIX
LXX
1225
274
1093
1605
MMDCCCXXVI
MMDXCVII
MDCCLI
1894
MDX
MMMCCXIII
3911
MMMCCCXXXI
CCCL
MMCDXCII
1499
MCCLXI
CDIII
3493
MDLVI
756
DCCCXLVIII
CCXXIII
MMMDVII
2922
1440
MCMLXIV
188
3238
2053
MMDCCLVII
MMCCVI
MML
CMIII
MMMLXX
MMMCMXLIX
MMCMVI
1051
3735
MMMDCLXXII
MMCDLXII
CCCXLII
3462
1344
2045
724
264
MDCCLXXVI
MCMXVIII
1435
3661
MCMLXVII
1291
2448
XIII
MX
856
1998
2703
CDXIV
CMXXI
MDLXXXII
2883
1004
CCCXXXIV
787
CDXLIX
513
DCCCXXV
MDCLXXXIV
2207
MDCCCXXXII
DCLXXV
256
MMMCCLXIX
411
25
5
2664
MCCXCIII
193
CCXC
2433
1423
1425
602
3228
MMCLXXIX
2796
3904
3387
MDCXXXII
2261
MMDV
MDCCCLXXXI
3453
MMCDLIX
MDCC
2036
MMCCLIV
506
MDCCXCVII
MMDCCCLIX
2193
3384
DCXII
1352
278
2320
MMMCCXCI
MVIII
2451
2413
MMDCLI
852
1219
CCLXXIV
628
3199
DCXVIII
3785
2886
MMMCCCXXX
MMCCXCV
MMMCLXIV
2274
2290
2650
714
3654
3895
MDCCLXXXIII
DLXI
2674
105
MMMCCLXVI
MMMCVI
295
2875
CDLXI
MCCCLIV
MCCCLXIX
MDLXXXIII
1235
3586
3875
DLXIX
2326
MMMDCCXXVII
MMCDLXXIII
1133
2039
MMMCCCLI
1134
1800
1419
MMCL
MMMDLXIX
2252
MCLXXIX
MMMDCCCVII
2862
MMMDXXIV
MMMCDXLVIII
DCCCLXV
MDCCL
MMMCCCLXXVI
XV
MMMDLXVIII
735
MMXCIII
3285
DCXCI
MCXIV
MDXVII
1198
239
III
3157
MMMDCCI
135
MMMDXCII
1319
1779
MMCL
3327
CXVII
1911
DLXXXIX
2519
CMXCVIII
CCXI
3825
3003
CDLIV
CMXXIV
CIII
MMMLI
3560
3582
MMMXXIII
DCCCXLV
3587
MDCCXVI
MCDV
MMCMXLVIII
MMCCCLXXIV
2333
CMLVII
MCLIII
LI
3087
720
MMMDCCCLXVIII
364
MMMLXXXIX
MCCCXCIX
MMCDLXXVI
MCCCXCII
2327
986
MCDXX
3309
1371
2427
MMCMXLVIII
MI
600
1445
3899
DCCLXVI
MMDCCXCIII
807
DCCLXXXIX
565
3177
MMMDCCCXLIX
2767
3625
643
1190
3388
3323
MMDXLVII
MMMCCLXIII
1546
1979
MCMXIX
416
1641
MCLXXXVIII
3206
MMMCLV
2497
3026
MMCCCII
3063
MMMDXXV
CCXXVI
MMCCXXIII
MMCCVIII
3162
MMMDCCCXXII
2113
DCLXVIII
MMMDCCCXXVI
MMMCMLIX
2328
1780
714
3400
MMMDXXX
866
2208
DCV
2309
2309
380
MMDCLXX
1540
2243
3595
3234
3324
2307
3734
MMMDCXI
MLXXXIV
2781
3969
3227
1295
396
982
MMXXXIX
XXX
538
1835
MMCMXCI
3991
1740
2367
VI
MMMCDXLIV
1105
3505
MMMDCCCLXXX
MDCCXXXV
662
2695
2985
MCMXV
2222
MMDCCVI
1549
MMMCCCXVI
892
MDLXX
3902
361
LIV
3252
3080
374
781
MDCCXCV
1761
CMLXXXIX
MCCCXVII
3285
3197
67
2910
MCDXLVI
MCCCLXXXVIII
219
981
1402
MMMCDLXII
DCCXI
MCDXXIII
MMMCCCLXVII
MMCCXIII
MMCDXII
3419
1075
1956
1364
3781
CDXXVIII
3249
1973
MCXLIV
3448
180
MMMDCCXV
CCCXIX
MMMCCCXXVIII
3706
2719
MCCXXXVIII
2733
3894
903
MDXLVI
MMMCDXI
MMCCCLXIV
MMCXLVII
MCCLVI
3976
MMMDCCCLXXXI
2388
MMCDLVI
2322
CXVI
MDCCCLXXXIII
1247
3883
CLXXXVIII
MMMLII
MCCCI
MMMLXII
3291
MCCXXVII
MMDCCLXXV
DCXXXIV
2675
2341
MMMCCXIX
DCCLXXXI
XXXIII
2712
3328
3606
3220
2261
MMCCCLXXXIII
3530
2611
MMDLXVI
3095
MMDCLXXI
MMDCCCXVII
MMDCCXXXIV
MMMCLVI
MMMDXCVII
MMMDCCLXXV
MLXXXV
1728
2314
767
1040
MDCCXI
175
1240
MDCCIV
3358
2282
632
767
MDCCXXXIII
3703
3604
37
CMXLVII
2407
MMMCMIX
CCCXCI
MCCCXXIX
MXXI
MMCCCLXXXIX
3159
MDLXXXVIII
MMDLXXXV
3297
2186
MMIII
CMLXXXV
3545
CCLXXXVII
3990
2255
28
CMXXXV
MDCLVIII
MDCLXXXIV
2062
2697
1457
3995
MMCCCXXI
1147
221
3110
2712
MMDCCCLXXVIII
MMMCDV
2026
MDLVI
MMMDCCCXVII
2967
113
MMDCCLXXXVIII
1577
MCDXXXIV
MDCCCLXV
2906
3035
2417
1707
1921
MMMLXVII
DCCCLXXVIII
MMMCDXXVIII
MDCCCXXXIII
CCXXVI
CCCLXXXIX
MMDXXVII
MMCCCXI
1512
MMMDLXIX
MMLVI
613
MMDCLXXII
211
MMMDXXXV
957
1068
53
689
CCCLXXXV
MMMDCLXVIII
MDCCLXXX
3212
MMCMX
MMMLXXII
557
1319
430
3020
CLXXIX
3809
3325
MMCCLXXXVIII
709
24
240
CDXCII
2310
MMMCXXXI
MMDCXXIV
1394
1294
1771
2306
715
3603
2390
2645
MMMCXXXI
3530
2093
3428
1347
336
1209
3159
3172
MMMXXXVIII
MMCLVII
1439
MMCMVI
MCLXXXVI
3424
MMMCCVI
649
2393
2009
MMMDCV
MMMCXLII
DXVII
MDXXXIV
3827
MMMLXXXIV
3506
718
2070
3748
MMCML
MCXCV
MMCDXXXVI
